[2024/01/07 06:16:26]  [S]----------------------------------------------
[2024/01/07 06:16:26]  Sun Jan 7 06:16:12 EST 2024
[2024/01/07 06:16:26]  [S]----------------------------------------------
[2024/01/07 06:16:26]  /bin/bash: /home/dafoamuser/dafoam/packages/miniconda3/lib/libtinfo.so.6: no version information available (required by /bin/bash)
[2024/01/07 06:16:26]  Delete everything and resume to the default setup (y/n)?Cleaning...
[2024/01/07 06:16:26]  /bin/bash: /home/dafoamuser/dafoam/packages/miniconda3/lib/libtinfo.so.6: no version information available (required by /bin/bash)
[2024/01/07 06:16:26]  /*---------------------------------------------------------------------------*\
[2024/01/07 06:16:26]  | =========                 |                                                 |
[2024/01/07 06:16:26]  | \\      /  F ield         | OpenFOAM: The Open Source CFD Toolbox           |
[2024/01/07 06:16:26]  |  \\    /   O peration     | Version:  v1812                                 |
[2024/01/07 06:16:26]  |   \\  /    A nd           | Web:      www.OpenFOAM.com                      |
[2024/01/07 06:16:26]  |    \\/     M anipulation  |                                                 |
[2024/01/07 06:16:26]  \*---------------------------------------------------------------------------*/
[2024/01/07 06:16:26]  Build  : v1812 OPENFOAM=1812
[2024/01/07 06:16:26]  Arch   : "LSB;label=32;scalar=64"
[2024/01/07 06:16:26]  Exec   : blockMesh
[2024/01/07 06:16:26]  Date   : Jan 07 2024
[2024/01/07 06:16:26]  Time   : 06:16:24
[2024/01/07 06:16:26]  Host   : 960ad460c7df
[2024/01/07 06:16:26]  PID    : 1035
[2024/01/07 06:16:26]  I/O    : uncollated
[2024/01/07 06:16:26]  Case   : /home/dafoamuser/mount
[2024/01/07 06:16:26]  nProcs : 1
[2024/01/07 06:16:26]  trapFpe: Floating point exception trapping enabled (FOAM_SIGFPE).
[2024/01/07 06:16:26]  fileModificationChecking : Monitoring run-time modified files using timeStampMaster (fileModificationSkew 10)
[2024/01/07 06:16:26]  allowSystemOperations : Allowing user-supplied system call operations
[2024/01/07 06:16:26]  
[2024/01/07 06:16:26]  // * * * * * * * * * * * * * * * * * * * * * * * * * * * * * * * * * * * * * //
[2024/01/07 06:16:26]  Create time
[2024/01/07 06:16:26]  
[2024/01/07 06:16:26]  Overriding DebugSwitches according to controlDict
[2024/01/07 06:16:26]      SolverPerformance 0;
[2024/01/07 06:16:26]  
[2024/01/07 06:16:26]  Creating block mesh from
[2024/01/07 06:16:26]      "/home/dafoamuser/mount/system/blockMeshDict"
[2024/01/07 06:16:26]  Creating block edges
[2024/01/07 06:16:26]  No non-planar block faces defined
[2024/01/07 06:16:26]  Creating topology blocks
[2024/01/07 06:16:26]  Creating topology patches
[2024/01/07 06:16:26]  
[2024/01/07 06:16:26]  Creating block mesh topology
[2024/01/07 06:16:26]  
[2024/01/07 06:16:26]  Check topology
[2024/01/07 06:16:26]  
[2024/01/07 06:16:26]  	Basic statistics
[2024/01/07 06:16:26]  		Number of internal faces : 1
[2024/01/07 06:16:26]  		Number of boundary faces : 10
[2024/01/07 06:16:26]  		Number of defined boundary faces : 10
[2024/01/07 06:16:26]  		Number of undefined boundary faces : 0
[2024/01/07 06:16:26]  	Checking patch -> block consistency
[2024/01/07 06:16:26]  
[2024/01/07 06:16:26]  Creating block offsets
[2024/01/07 06:16:26]  Creating merge list .
[2024/01/07 06:16:26]  
[2024/01/07 06:16:26]  Creating polyMesh from blockMesh
[2024/01/07 06:16:26]  Creating patches
[2024/01/07 06:16:26]  Creating cells
[2024/01/07 06:16:26]  Creating points with scale 0.001
[2024/01/07 06:16:26]      Block 0 cell size :
[2024/01/07 06:16:26]          i : 0.0003 .. 0.0003000000000000007
[2024/01/07 06:16:26]          j : 0.0005 .. 0.0005
[2024/01/07 06:16:26]          k : 0.001 .. 0.001
[2024/01/07 06:16:26]  
[2024/01/07 06:16:26]      Block 1 cell size :
[2024/01/07 06:16:26]          i : 0.0003 .. 0.0003000000000000007
[2024/01/07 06:16:26]          j : 0.0005 .. 0.0005
[2024/01/07 06:16:26]          k : 0.001 .. 0.001
[2024/01/07 06:16:26]  
[2024/01/07 06:16:26]  
[2024/01/07 06:16:26]  There are no merge patch pairs
[2024/01/07 06:16:26]  
[2024/01/07 06:16:26]  Writing polyMesh with 0 cellZones
[2024/01/07 06:16:26]  ----------------
[2024/01/07 06:16:26]  Mesh Information
[2024/01/07 06:16:26]  ----------------
[2024/01/07 06:16:26]    boundingBox: (0 0 0) (0.03 0.015 0.001)
[2024/01/07 06:16:26]    nPoints: 6262
[2024/01/07 06:16:26]    nCells: 3000
[2024/01/07 06:16:26]    nFaces: 12130
[2024/01/07 06:16:26]    nInternalFaces: 5870
[2024/01/07 06:16:26]  ----------------
[2024/01/07 06:16:26]  Patches
[2024/01/07 06:16:26]  ----------------
[2024/01/07 06:16:26]    patch 0 (start: 5870 size: 30) name: inlet
[2024/01/07 06:16:26]    patch 1 (start: 5900 size: 10) name: outlet
[2024/01/07 06:16:26]    patch 2 (start: 5910 size: 120) name: wallBoundary
[2024/01/07 06:16:26]    patch 3 (start: 6030 size: 100) name: symmetricBoundary
[2024/01/07 06:16:26]    patch 4 (start: 6130 size: 6000) name: frontAndBack
[2024/01/07 06:16:26]  
[2024/01/07 06:16:26]  End
[2024/01/07 06:16:26]  
[2024/01/07 06:16:26]  2024-01-07 06:16:26.460231: I tensorflow/core/platform/cpu_feature_guard.cc:182] This TensorFlow binary is optimized to use available CPU instructions in performance-critical operations.
[2024/01/07 06:16:26]  To enable the following instructions: AVX2 FMA, in other operations, rebuild TensorFlow with the appropriate compiler flags.
[2024/01/07 06:16:26]  2024-01-07 06:16:26.471357: I tensorflow/core/platform/cpu_feature_guard.cc:182] This TensorFlow binary is optimized to use available CPU instructions in performance-critical operations.
[2024/01/07 06:16:26]  To enable the following instructions: AVX2 FMA, in other operations, rebuild TensorFlow with the appropriate compiler flags.
[2024/01/07 06:16:26]  2024-01-07 06:16:26.478624: I tensorflow/core/platform/cpu_feature_guard.cc:182] This TensorFlow binary is optimized to use available CPU instructions in performance-critical operations.
[2024/01/07 06:16:26]  To enable the following instructions: AVX2 FMA, in other operations, rebuild TensorFlow with the appropriate compiler flags.
[2024/01/07 06:16:30]  2024-01-07 06:16:26.488847: I tensorflow/core/platform/cpu_feature_guard.cc:182] This TensorFlow binary is optimized to use available CPU instructions in performance-critical operations.
[2024/01/07 06:16:30]  To enable the following instructions: AVX2 FMA, in other operations, rebuild TensorFlow with the appropriate compiler flags.
[2024/01/07 06:16:30]  2024-01-07 06:16:26.532682: I tensorflow/core/platform/cpu_feature_guard.cc:182] This TensorFlow binary is optimized to use available CPU instructions in performance-critical operations.
[2024/01/07 06:16:30]  To enable the following instructions: AVX2 FMA, in other operations, rebuild TensorFlow with the appropriate compiler flags.
[2024/01/07 06:16:30]  2024-01-07 06:16:26.548608: I tensorflow/core/platform/cpu_feature_guard.cc:182] This TensorFlow binary is optimized to use available CPU instructions in performance-critical operations.
[2024/01/07 06:16:30]  To enable the following instructions: AVX2 FMA, in other operations, rebuild TensorFlow with the appropriate compiler flags.
[2024/01/07 06:16:30]   
[2024/01/07 06:16:30]  -------------------------------------------------------------------------------
[2024/01/07 06:16:30]  |                               DAFoam v3.0.7                                 |
[2024/01/07 06:16:30]  -------------------------------------------------------------------------------
[2024/01/07 06:16:30]   
[2024/01/07 06:16:30]  /*---------------------------------------------------------------------------*\
[2024/01/07 06:16:30]  | =========                 |                                                 |
[2024/01/07 06:16:30]  | \\      /  F ield         | OpenFOAM: The Open Source CFD Toolbox           |
[2024/01/07 06:16:30]  |  \\    /   O peration     | Version:  v1812                                 |
[2024/01/07 06:16:30]  |   \\  /    A nd           | Web:      www.OpenFOAM.com                      |
[2024/01/07 06:16:30]  |    \\/     M anipulation  |                                                 |
[2024/01/07 06:16:30]  \*---------------------------------------------------------------------------*/
[2024/01/07 06:16:30]  Build  : v1812 OPENFOAM=1812
[2024/01/07 06:16:30]  Arch   : "LSB;label=32;scalar=64"
[2024/01/07 06:16:30]  Exec   : decomposePar
[2024/01/07 06:16:30]  Date   : Jan 07 2024
[2024/01/07 06:16:30]  Time   : 06:16:28
[2024/01/07 06:16:30]  Host   : 960ad460c7df
[2024/01/07 06:16:30]  PID    : 1198
[2024/01/07 06:16:30]  I/O    : uncollated
[2024/01/07 06:16:30]  Case   : /home/dafoamuser/mount
[2024/01/07 06:16:30]  nProcs : 1
[2024/01/07 06:16:30]  trapFpe: Floating point exception trapping enabled (FOAM_SIGFPE).
[2024/01/07 06:16:30]  fileModificationChecking : Monitoring run-time modified files using timeStampMaster (fileModificationSkew 10)
[2024/01/07 06:16:30]  allowSystemOperations : Allowing user-supplied system call operations
[2024/01/07 06:16:30]  
[2024/01/07 06:16:30]  // * * * * * * * * * * * * * * * * * * * * * * * * * * * * * * * * * * * * * //
[2024/01/07 06:16:30]  Create time
[2024/01/07 06:16:30]  
[2024/01/07 06:16:30]  Overriding DebugSwitches according to controlDict
[2024/01/07 06:16:30]      SolverPerformance 0;
[2024/01/07 06:16:30]  
[2024/01/07 06:16:30]  
[2024/01/07 06:16:30]  
[2024/01/07 06:16:30]  Decomposing mesh region0
[2024/01/07 06:16:30]  
[2024/01/07 06:16:30]  Create mesh
[2024/01/07 06:16:30]  
[2024/01/07 06:16:30]  Calculating distribution of cells
[2024/01/07 06:16:30]  Selecting decompositionMethod scotch [6]
[2024/01/07 06:16:30]  
[2024/01/07 06:16:30]  Finished decomposition in 0 s
[2024/01/07 06:16:30]  
[2024/01/07 06:16:30]  Calculating original mesh data
[2024/01/07 06:16:30]  
[2024/01/07 06:16:30]  Distributing cells to processors
[2024/01/07 06:16:30]  
[2024/01/07 06:16:30]  Distributing faces to processors
[2024/01/07 06:16:30]  
[2024/01/07 06:16:30]  Distributing points to processors
[2024/01/07 06:16:30]  
[2024/01/07 06:16:30]  Constructing processor meshes
[2024/01/07 06:16:30]  Overriding DebugSwitches according to controlDict
[2024/01/07 06:16:30]      SolverPerformance 0;
[2024/01/07 06:16:30]  
[2024/01/07 06:16:30]  
[2024/01/07 06:16:30]  Processor 0
[2024/01/07 06:16:30]      Number of cells = 500
[2024/01/07 06:16:30]      Number of faces shared with processor 1 = 31
[2024/01/07 06:16:30]      Number of faces shared with processor 4 = 30
[2024/01/07 06:16:30]      Number of processor patches = 2
[2024/01/07 06:16:30]      Number of processor faces = 61
[2024/01/07 06:16:30]      Number of boundary faces = 1033
[2024/01/07 06:16:30]  Overriding DebugSwitches according to controlDict
[2024/01/07 06:16:30]      SolverPerformance 0;
[2024/01/07 06:16:30]  
[2024/01/07 06:16:30]  
[2024/01/07 06:16:30]  Processor 1
[2024/01/07 06:16:30]      Number of cells = 500
[2024/01/07 06:16:30]      Number of faces shared with processor 0 = 31
[2024/01/07 06:16:30]      Number of faces shared with processor 2 = 31
[2024/01/07 06:16:30]      Number of processor patches = 2
[2024/01/07 06:16:30]      Number of processor faces = 62
[2024/01/07 06:16:30]      Number of boundary faces = 1034
[2024/01/07 06:16:30]  Overriding DebugSwitches according to controlDict
[2024/01/07 06:16:30]      SolverPerformance 0;
[2024/01/07 06:16:30]  
[2024/01/07 06:16:30]  
[2024/01/07 06:16:30]  Processor 2
[2024/01/07 06:16:30]      Number of cells = 500
[2024/01/07 06:16:30]      Number of faces shared with processor 1 = 31
[2024/01/07 06:16:30]      Number of processor patches = 1
[2024/01/07 06:16:30]      Number of processor faces = 31
[2024/01/07 06:16:30]      Number of boundary faces = 1063
[2024/01/07 06:16:30]  Overriding DebugSwitches according to controlDict
[2024/01/07 06:16:30]      SolverPerformance 0;
[2024/01/07 06:16:30]  
[2024/01/07 06:16:30]  
[2024/01/07 06:16:30]  Processor 3
[2024/01/07 06:16:30]      Number of cells = 498
[2024/01/07 06:16:30]      Number of faces shared with processor 5 = 32
[2024/01/07 06:16:30]      Number of processor patches = 1
[2024/01/07 06:16:30]      Number of processor faces = 32
[2024/01/07 06:16:30]      Number of boundary faces = 1058
[2024/01/07 06:16:30]  Overriding DebugSwitches according to controlDict
[2024/01/07 06:16:30]      SolverPerformance 0;
[2024/01/07 06:16:30]  
[2024/01/07 06:16:30]  
[2024/01/07 06:16:30]  Processor 4
[2024/01/07 06:16:30]      Number of cells = 501
[2024/01/07 06:16:30]      Number of faces shared with processor 0 = 30
[2024/01/07 06:16:30]      Number of faces shared with processor 5 = 31
[2024/01/07 06:16:36]      Number of processor patches = 2
[2024/01/07 06:16:36]      Number of processor faces = 61
[2024/01/07 06:16:36]      Number of boundary faces = 1035
[2024/01/07 06:16:36]  Overriding DebugSwitches according to controlDict
[2024/01/07 06:16:36]      SolverPerformance 0;
[2024/01/07 06:16:36]  
[2024/01/07 06:16:36]  
[2024/01/07 06:16:36]  Processor 5
[2024/01/07 06:16:36]      Number of cells = 501
[2024/01/07 06:16:36]      Number of faces shared with processor 3 = 32
[2024/01/07 06:16:36]      Number of faces shared with processor 4 = 31
[2024/01/07 06:16:36]      Number of processor patches = 2
[2024/01/07 06:16:36]      Number of processor faces = 63
[2024/01/07 06:16:36]      Number of boundary faces = 1037
[2024/01/07 06:16:36]  
[2024/01/07 06:16:36]  Number of processor faces = 155
[2024/01/07 06:16:36]  Max number of cells = 501 (0.2% above average 500)
[2024/01/07 06:16:36]  Max number of processor patches = 2 (20% above average 1.666666666666667)
[2024/01/07 06:16:36]  Max number of faces between processors = 63 (21.93548387096775% above average 51.66666666666666)
[2024/01/07 06:16:36]  
[2024/01/07 06:16:36]  Time = 0
[2024/01/07 06:16:36]  
[2024/01/07 06:16:36]  Processor 0: field transfer
[2024/01/07 06:16:36]  Overriding DebugSwitches according to controlDict
[2024/01/07 06:16:36]      SolverPerformance 0;
[2024/01/07 06:16:36]  
[2024/01/07 06:16:36]  Processor 1: field transfer
[2024/01/07 06:16:36]  Overriding DebugSwitches according to controlDict
[2024/01/07 06:16:36]      SolverPerformance 0;
[2024/01/07 06:16:36]  
[2024/01/07 06:16:36]  Processor 2: field transfer
[2024/01/07 06:16:36]  Overriding DebugSwitches according to controlDict
[2024/01/07 06:16:36]      SolverPerformance 0;
[2024/01/07 06:16:36]  
[2024/01/07 06:16:36]  Processor 3: field transfer
[2024/01/07 06:16:36]  Overriding DebugSwitches according to controlDict
[2024/01/07 06:16:36]      SolverPerformance 0;
[2024/01/07 06:16:36]  
[2024/01/07 06:16:36]  Processor 4: field transfer
[2024/01/07 06:16:36]  Overriding DebugSwitches according to controlDict
[2024/01/07 06:16:36]      SolverPerformance 0;
[2024/01/07 06:16:36]  
[2024/01/07 06:16:36]  Processor 5: field transfer
[2024/01/07 06:16:36]  Overriding DebugSwitches according to controlDict
[2024/01/07 06:16:36]      SolverPerformance 0;
[2024/01/07 06:16:36]  
[2024/01/07 06:16:36]  
[2024/01/07 06:16:36]  End
[2024/01/07 06:16:36]  
[2024/01/07 06:16:36]  I/O    : uncollated
[2024/01/07 06:16:36]  Case   : /home/dafoamuser/mount
[2024/01/07 06:16:36]  nProcs : 6
[2024/01/07 06:16:36]  Hosts  :
[2024/01/07 06:16:36]  (
[2024/01/07 06:16:36]      (960ad460c7df 6)
[2024/01/07 06:16:36]  )
[2024/01/07 06:16:36]  Pstream initialized with:
[2024/01/07 06:16:36]      floatTransfer      : 0
[2024/01/07 06:16:36]      nProcsSimpleSum    : 0
[2024/01/07 06:16:36]      commsType          : nonBlocking
[2024/01/07 06:16:36]      polling iterations : 0
[2024/01/07 06:16:36]  Create time
[2024/01/07 06:16:36]  
[2024/01/07 06:16:36]  Overriding DebugSwitches according to controlDict
[2024/01/07 06:16:36]      SolverPerformance 0;
[2024/01/07 06:16:36]  
[2024/01/07 06:16:36]  Create mesh for time = 0
[2024/01/07 06:16:36]  Initializing mesh and runtime for DASolver
[2024/01/07 06:16:36]  DAOpton initialized 
[2024/01/07 06:16:36]  I/O    : uncollated
[2024/01/07 06:16:36]  Case   : /home/dafoamuser/mount
[2024/01/07 06:16:36]  nProcs : 6
[2024/01/07 06:16:36]  Hosts  :
[2024/01/07 06:16:36]  (
[2024/01/07 06:16:36]      (960ad460c7df 6)
[2024/01/07 06:16:36]  )
[2024/01/07 06:16:36]  Pstream initialized with:
[2024/01/07 06:16:36]      floatTransfer      : 0
[2024/01/07 06:16:36]      nProcsSimpleSum    : 0
[2024/01/07 06:16:36]      commsType          : nonBlocking
[2024/01/07 06:16:36]      polling iterations : 0
[2024/01/07 06:16:36]  Create time
[2024/01/07 06:16:36]  
[2024/01/07 06:16:36]  Overriding DebugSwitches according to controlDict
[2024/01/07 06:16:36]      SolverPerformance 0;
[2024/01/07 06:16:36]  
[2024/01/07 06:16:36]  Create mesh for time = 0
[2024/01/07 06:16:36]  Initializing mesh and runtime for DASolver
[2024/01/07 06:16:36]  DAOpton initialized 
[2024/01/07 06:16:36]  Initializing fields for DASimpleFoam
[2024/01/07 06:16:36]  Create simpleControl.
[2024/01/07 06:16:36]  
[2024/01/07 06:16:36]  SIMPLE: no convergence criteria found. Calculations will run for 3000 steps.
[2024/01/07 06:16:36]  
[2024/01/07 06:16:36]  Reading field p
[2024/01/07 06:16:36]  
[2024/01/07 06:16:36]  Reading field U
[2024/01/07 06:16:36]  
[2024/01/07 06:16:36]  Reading/calculating face flux field phi
[2024/01/07 06:16:36]  
[2024/01/07 06:16:36]  Creating source term. 
[2024/01/07 06:16:36]  Selecting incompressible transport model Newtonian
[2024/01/07 06:16:36]  Selecting turbulence model type RAS
[2024/01/07 06:16:36]  Selecting RAS turbulence model dummy
[2024/01/07 06:16:36]  No MRF models present
[2024/01/07 06:16:36]  
[2024/01/07 06:16:36]  Adjoint States: 
[2024/01/07 06:16:36]  3
[2024/01/07 06:16:36]  (
[2024/01/07 06:16:36]  U volVectorState
[2024/01/07 06:16:36]  phi surfaceScalarState
[2024/01/07 06:16:36]  p volScalarState
[2024/01/07 06:16:36]  )
[2024/01/07 06:16:36]  Global Cells: 3000
[2024/01/07 06:16:36]  Global Faces: 12285
[2024/01/07 06:16:36]  Global Xv: 19746
[2024/01/07 06:16:36]  Undecomposed points: 6262
[2024/01/07 06:16:36]  Global Adjoint States: 24285
[2024/01/07 06:16:36]  
[2024/01/07 06:16:36]  SIMPLE: no convergence criteria found. Calculations will run for 3000 steps.
[2024/01/07 06:16:36]  
[2024/01/07 06:16:36]  DACheckMesh Thresholds: 
[2024/01/07 06:16:36]  maxNonOrth: 70
[2024/01/07 06:16:36]  maxSkewness: 4
[2024/01/07 06:16:36]  maxAspectRatio: 1000
[2024/01/07 06:16:36]  maxIncorrectlyOrientedFaces: 0
[2024/01/07 06:16:36]      Adding all faces of patches 1(inlet) ...
[2024/01/07 06:16:36]      Found matching patch inlet with 0 faces.
[2024/01/07 06:16:36]      Adding all faces of patches 1(outlet) ...
[2024/01/07 06:16:36]      Found matching patch outlet with 0 faces.
[2024/01/07 06:16:36]      Adding cells with centre within boxes 1((-50 -50 -50) (50 50 50))
[2024/01/07 06:16:36]  Initializing fields for DASimpleFoam
[2024/01/07 06:16:36]  Create simpleControl.
[2024/01/07 06:16:36]  
[2024/01/07 06:16:36]  SIMPLE: no convergence criteria found. Calculations will run for 3000 steps.
[2024/01/07 06:16:36]  
[2024/01/07 06:16:36]  Reading field p
[2024/01/07 06:16:36]  
[2024/01/07 06:16:36]  Reading field U
[2024/01/07 06:16:36]  
[2024/01/07 06:16:36]  Reading/calculating face flux field phi
[2024/01/07 06:16:36]  
[2024/01/07 06:16:36]  Creating source term. 
[2024/01/07 06:16:36]  Selecting incompressible transport model Newtonian
[2024/01/07 06:16:36]  Selecting turbulence model type RAS
[2024/01/07 06:16:36]  Selecting RAS turbulence model dummy
[2024/01/07 06:16:36]  No MRF models present
[2024/01/07 06:16:36]  
[2024/01/07 06:16:36]  Adjoint States: 
[2024/01/07 06:16:36]  3
[2024/01/07 06:16:36]  (
[2024/01/07 06:16:36]  U volVectorState
[2024/01/07 06:16:36]  phi surfaceScalarState
[2024/01/07 06:16:36]  p volScalarState
[2024/01/07 06:16:36]  )
[2024/01/07 06:16:36]  Global Cells: 3000
[2024/01/07 06:16:36]  Global Faces: 12285
[2024/01/07 06:16:36]  Global Xv: 19746
[2024/01/07 06:16:36]  Undecomposed points: 6262
[2024/01/07 06:16:36]  Global Adjoint States: 24285
[2024/01/07 06:16:36]  
[2024/01/07 06:16:36]  SIMPLE: no convergence criteria found. Calculations will run for 3000 steps.
[2024/01/07 06:16:36]  
[2024/01/07 06:16:36]  DACheckMesh Thresholds: 
[2024/01/07 06:16:36]  maxNonOrth: 70
[2024/01/07 06:16:36]  maxSkewness: 4
[2024/01/07 06:16:36]  maxAspectRatio: 1000
[2024/01/07 06:16:36]  maxIncorrectlyOrientedFaces: 0
[2024/01/07 06:16:36]      Adding all faces of patches 1(inlet) ...
[2024/01/07 06:16:36]      Found matching patch inlet with 0 faces.
[2024/01/07 06:16:36]      Adding all faces of patches 1(outlet) ...
[2024/01/07 06:16:36]      Found matching patch outlet with 0 faces.
[2024/01/07 06:16:36]      Adding cells with centre within boxes 1((-50 -50 -50) (50 50 50))
[2024/01/07 06:16:36]  DAFoam option dictionary: 
[2024/01/07 06:16:36]  {
[2024/01/07 06:16:36]      solverName      DASimpleFoam;
[2024/01/07 06:16:36]      primalMinResTol 1e-06;
[2024/01/07 06:16:36]      primalBC
[2024/01/07 06:16:36]      {
[2024/01/07 06:16:36]          U0
[2024/01/07 06:16:36]          {
[2024/01/07 06:16:36]              variable        U;
[2024/01/07 06:16:36]              patches         1 ( inlet );
[2024/01/07 06:16:36]              value           3 ( 0.1 0 0 );
[2024/01/07 06:16:36]          }
[2024/01/07 06:16:36]          p0
[2024/01/07 06:16:36]          {
[2024/01/07 06:16:36]              variable        p;
[2024/01/07 06:16:36]              patches         1 ( outlet );
[2024/01/07 06:16:36]              value           1 ( 0 );
[2024/01/07 06:16:36]          }
[2024/01/07 06:16:36]          nuTilda0
[2024/01/07 06:16:36]          {
[2024/01/07 06:16:36]              variable        nuTilda;
[2024/01/07 06:16:36]              patches         1 ( inlet );
[2024/01/07 06:16:36]              value           1 ( 0.0001 );
[2024/01/07 06:16:36]          }
[2024/01/07 06:16:36]          useWallFunction 1;
[2024/01/07 06:16:36]      }
[2024/01/07 06:16:36]      normalizeStates
[2024/01/07 06:16:36]      {
[2024/01/07 06:16:36]          U               0.1;
[2024/01/07 06:16:36]          p               0.005000000000000001;
[2024/01/07 06:16:36]          nut             0.001;
[2024/01/07 06:16:36]          phi             1;
[2024/01/07 06:16:36]      }
[2024/01/07 06:16:36]      objFunc
[2024/01/07 06:16:36]      {
[2024/01/07 06:16:36]          PL
[2024/01/07 06:16:36]          {
[2024/01/07 06:16:36]              part1
[2024/01/07 06:16:36]              {
[2024/01/07 06:16:36]                  type            totalPressure;
[2024/01/07 06:16:36]                  source          patchToFace;
[2024/01/07 06:16:36]                  patches         1 ( inlet );
[2024/01/07 06:16:36]                  scale           200;
[2024/01/07 06:16:36]                  addToAdjoint    1;
[2024/01/07 06:16:36]              }
[2024/01/07 06:16:36]              part2
[2024/01/07 06:16:36]              {
[2024/01/07 06:16:36]                  type            totalPressure;
[2024/01/07 06:16:36]                  source          patchToFace;
[2024/01/07 06:16:36]                  patches         1 ( outlet );
[2024/01/07 06:16:36]                  scale           -200;
[2024/01/07 06:16:36]                  addToAdjoint    1;
[2024/01/07 06:16:36]              }
[2024/01/07 06:16:36]          }
[2024/01/07 06:16:36]          VOLUME
[2024/01/07 06:16:36]          {
[2024/01/07 06:16:36]              part1
[2024/01/07 06:16:36]              {
[2024/01/07 06:16:36]                  type            variableVolSum;
[2024/01/07 06:16:36]                  source          boxToCell;
[2024/01/07 06:16:36]                  min             3 { -50 };
[2024/01/07 06:16:36]                  max             3 { 50 };
[2024/01/07 06:16:36]                  varName         alphaPorosity;
[2024/01/07 06:16:36]                  varType         scalar;
[2024/01/07 06:16:36]                  component       0;
[2024/01/07 06:16:36]                  isSquare        0;
[2024/01/07 06:16:36]                  scale           1;
[2024/01/07 06:16:36]                  addToAdjoint    1;
[2024/01/07 06:16:36]                  divByTotalVol   1;
[2024/01/07 06:16:36]              }
[2024/01/07 06:16:36]          }
[2024/01/07 06:16:36]      }
[2024/01/07 06:16:36]      designVar
[2024/01/07 06:16:36]      {
[2024/01/07 06:16:36]          alphaPorosity
[2024/01/07 06:16:36]          {
[2024/01/07 06:16:36]              designVarType   Field;
[2024/01/07 06:16:36]              fieldName       alphaPorosity;
[2024/01/07 06:16:36]              fieldType       scalar;
[2024/01/07 06:16:36]          }
[2024/01/07 06:16:36]      }
[2024/01/07 06:16:36]      designSurfaces  1 ( wallBoundary );
[2024/01/07 06:16:36]      couplingInfo
[2024/01/07 06:16:36]      {
[2024/01/07 06:16:36]          aerostructural
[2024/01/07 06:16:36]          {
[2024/01/07 06:16:36]              active          0;
[2024/01/07 06:16:36]              pRef            0;
[2024/01/07 06:16:36]              propMovement    0;
[2024/01/07 06:16:36]              couplingSurfaceGroups
[2024/01/07 06:16:36]              {
[2024/01/07 06:16:36]                  wingGroup       2 ( wing wing_te );
[2024/01/07 06:16:36]              }
[2024/01/07 06:16:36]          }
[2024/01/07 06:16:36]          aerothermal
[2024/01/07 06:16:36]          {
[2024/01/07 06:16:36]              active          0;
[2024/01/07 06:16:36]              couplingSurfaceGroups
[2024/01/07 06:16:36]              {
[2024/01/07 06:16:36]                  wallGroup       1 ( fin_wall );
[2024/01/07 06:16:36]              }
[2024/01/07 06:16:36]          }
[2024/01/07 06:16:36]          aeroacoustic
[2024/01/07 06:16:36]          {
[2024/01/07 06:16:36]              active          0;
[2024/01/07 06:16:36]              pRef            0;
[2024/01/07 06:16:36]              couplingSurfaceGroups
[2024/01/07 06:16:36]              {
[2024/01/07 06:16:36]                  blade1Group     2 ( blade1_ps blade1_ss );
[2024/01/07 06:16:36]                  blade2Group     1 ( blade2 );
[2024/01/07 06:16:36]              }
[2024/01/07 06:16:36]          }
[2024/01/07 06:16:36]      }
[2024/01/07 06:16:36]      aeroPropulsive
[2024/01/07 06:16:36]      {
[2024/01/07 06:16:36]      }
[2024/01/07 06:16:36]      primalOnly      0;
[2024/01/07 06:16:36]      fvSource
[2024/01/07 06:16:36]      {
[2024/01/07 06:16:36]      }
[2024/01/07 06:16:36]      adjEqnSolMethod Krylov;
[2024/01/07 06:16:36]      primalVarBounds
[2024/01/07 06:16:36]      {
[2024/01/07 06:16:36]          UMax            1000;
[2024/01/07 06:16:36]          UMin            -1000;
[2024/01/07 06:16:36]          pMax            500000;
[2024/01/07 06:16:36]          pMin            20000;
[2024/01/07 06:16:36]          p_rghMax        500000;
[2024/01/07 06:16:36]          p_rghMin        20000;
[2024/01/07 06:16:36]          eMax            500000;
[2024/01/07 06:16:36]          eMin            100000;
[2024/01/07 06:16:36]          TMax            1000;
[2024/01/07 06:16:36]          TMin            100;
[2024/01/07 06:16:36]          hMax            500000;
[2024/01/07 06:16:36]          hMin            100000;
[2024/01/07 06:16:36]          DMax            1e+16;
[2024/01/07 06:16:36]          DMin            -1e+16;
[2024/01/07 06:16:36]          rhoMax          5;
[2024/01/07 06:16:36]          rhoMin          0.2;
[2024/01/07 06:16:36]          nuTildaMax      1e+16;
[2024/01/07 06:16:36]          nuTildaMin      1e-16;
[2024/01/07 06:16:36]          kMax            1e+16;
[2024/01/07 06:16:36]          kMin            1e-16;
[2024/01/07 06:16:36]          omegaMax        1e+16;
[2024/01/07 06:16:36]          omegaMin        1e-16;
[2024/01/07 06:16:36]          epsilonMax      1e+16;
[2024/01/07 06:16:36]          epsilonMin      1e-16;
[2024/01/07 06:16:36]          ReThetatMax     1e+16;
[2024/01/07 06:16:36]          ReThetatMin     1e-16;
[2024/01/07 06:16:36]          gammaIntMax     1e+16;
[2024/01/07 06:16:36]          gammaIntMin     1e-16;
[2024/01/07 06:16:36]      }
[2024/01/07 06:16:36]      discipline      aero;
[2024/01/07 06:16:36]      multiPoint      0;
[2024/01/07 06:16:36]      nMultiPoints    1;
[2024/01/07 06:16:36]      adjPartDerivFDStep
[2024/01/07 06:16:36]      {
[2024/01/07 06:16:36]          State           1e-06;
[2024/01/07 06:16:36]          FFD             0.001;
[2024/01/07 06:16:36]          BC              0.01;
[2024/01/07 06:16:36]          AOA             0.001;
[2024/01/07 06:16:36]          ACTP            0.01;
[2024/01/07 06:16:36]          ACTD            0.01;
[2024/01/07 06:16:36]          ACTL            0.01;
[2024/01/07 06:16:36]      }
[2024/01/07 06:16:36]      transonicPCOption -1;
[2024/01/07 06:16:36]      unsteadyAdjoint
[2024/01/07 06:16:36]      {
[2024/01/07 06:16:36]          mode            None;
[2024/01/07 06:16:36]          nTimeInstances  -1;
[2024/01/07 06:16:36]          periodicity     -1;
[2024/01/07 06:16:36]      }
[2024/01/07 06:16:36]      objFuncAvgStart 1;
[2024/01/07 06:16:36]      adjPCLag        5;
[2024/01/07 06:16:36]      useAD
[2024/01/07 06:16:36]      {
[2024/01/07 06:16:36]          mode            reverse;
[2024/01/07 06:16:36]          dvName          None;
[2024/01/07 06:16:36]          seedIndex       -9999;
[2024/01/07 06:16:36]      }
[2024/01/07 06:16:36]      rigidBodyMotion
[2024/01/07 06:16:36]      {
[2024/01/07 06:16:36]          mode            dummy;
[2024/01/07 06:16:36]      }
[2024/01/07 06:16:36]      hasIterativeBC  0;
[2024/01/07 06:16:36]      runStatus       None;
[2024/01/07 06:16:36]      printPYDAFOAMOptions 0;
[2024/01/07 06:16:36]      printDAOptions  1;
[2024/01/07 06:16:36]      debug           0;
[2024/01/07 06:16:36]      writeJacobians  1 ( None );
[2024/01/07 06:16:36]      printInterval   100;
[2024/01/07 06:16:36]      printIntervalUnsteady 500;
[2024/01/07 06:16:36]      primalMinResTolDiff 10000;
[2024/01/07 06:16:36]      adjUseColoring  1;
[2024/01/07 06:16:36]      adjEqnOption
[2024/01/07 06:16:36]      {
[2024/01/07 06:16:36]          globalPCIters   0;
[2024/01/07 06:16:36]          asmOverlap      1;
[2024/01/07 06:16:36]          localPCIters    1;
[2024/01/07 06:16:36]          jacMatReOrdering rcm;
[2024/01/07 06:16:36]          pcFillLevel     1;
[2024/01/07 06:16:36]          gmresMaxIters   2000;
[2024/01/07 06:16:36]          gmresRestart    2000;
[2024/01/07 06:16:36]          gmresRelTol     1e-06;
[2024/01/07 06:16:36]          gmresAbsTol     1e-14;
[2024/01/07 06:16:36]          gmresTolDiff    100;
[2024/01/07 06:16:36]          useNonZeroInitGuess 0;
[2024/01/07 06:16:36]          useMGSO         0;
[2024/01/07 06:16:36]          printInfo       1;
[2024/01/07 06:16:36]          fpMaxIters      1000;
[2024/01/07 06:16:36]          fpRelTol        1e-06;
[2024/01/07 06:16:36]          fpMinResTolDiff 100;
[2024/01/07 06:16:36]          fpPCUpwind      0;
[2024/01/07 06:16:36]          dynAdjustTol    1;
[2024/01/07 06:16:36]      }
[2024/01/07 06:16:36]      normalizeResiduals 10 ( URes pRes p_rghRes nuTildaRes phiRes TRes DRes kRes omegaRes epsilonRes );
[2024/01/07 06:16:36]      maxResConLv4JacPCMat
[2024/01/07 06:16:36]      {
[2024/01/07 06:16:36]          pRes            2;
[2024/01/07 06:16:36]          phiRes          1;
[2024/01/07 06:16:36]          URes            2;
[2024/01/07 06:16:36]          TRes            2;
[2024/01/07 06:16:36]          nuTildaRes      2;
[2024/01/07 06:16:36]          kRes            2;
[2024/01/07 06:16:36]          epsilonRes      2;
[2024/01/07 06:16:36]          omegaRes        2;
[2024/01/07 06:16:36]          p_rghRes        2;
[2024/01/07 06:16:36]          DRes            2;
[2024/01/07 06:16:36]      }
[2024/01/07 06:16:36]      jacLowerBounds
[2024/01/07 06:16:36]      {
[2024/01/07 06:16:36]          dRdW            1e-30;
[2024/01/07 06:16:36]          dRdWPC          1e-30;
[2024/01/07 06:16:36]      }
[2024/01/07 06:16:36]      maxTractionBCIters 100;
[2024/01/07 06:16:36]      decomposeParDict
[2024/01/07 06:16:36]      {
[2024/01/07 06:16:36]          method          scotch;
[2024/01/07 06:16:36]          simpleCoeffs
[2024/01/07 06:16:36]          {
[2024/01/07 06:16:36]              n               3 ( 2 2 1 );
[2024/01/07 06:16:36]              delta           0.001;
[2024/01/07 06:16:36]          }
[2024/01/07 06:16:36]          preservePatches 1 ( None );
[2024/01/07 06:16:36]          singleProcessorFaceSets 1 ( None );
[2024/01/07 06:16:36]      }
[2024/01/07 06:16:36]      adjStateOrdering state;
[2024/01/07 06:16:36]      meshSurfaceFamily None;
[2024/01/07 06:16:36]      checkMeshThreshold
[2024/01/07 06:16:36]      {
[2024/01/07 06:16:36]          maxAspectRatio  1000;
[2024/01/07 06:16:36]          maxNonOrth      70;
[2024/01/07 06:16:36]          maxSkewness     4;
[2024/01/07 06:16:36]          maxIncorrectlyOrientedFaces 0;
[2024/01/07 06:16:36]      }
[2024/01/07 06:16:36]      writeSensMap    1 ( betaSA, alphaPorosity );
[2024/01/07 06:16:36]      writeDeformedFFDs 0;
[2024/01/07 06:16:36]      maxCorrectBCCalls 10;
[2024/01/07 06:16:36]      writeMinorIterations 0;
[2024/01/07 06:16:36]      runLowOrderPrimal4PC
[2024/01/07 06:16:36]      {
[2024/01/07 06:16:36]          active          0;
[2024/01/07 06:16:36]      }
[2024/01/07 06:16:36]      wingProp
[2024/01/07 06:16:36]      {
[2024/01/07 06:16:36]          test_propeller_default
[2024/01/07 06:16:36]          {
[2024/01/07 06:16:36]              active          0;
[2024/01/07 06:16:36]              nForceSections  10;
[2024/01/07 06:16:36]              axis            3 ( 1 0 0 );
[2024/01/07 06:16:36]              rotationCenter  3 { 0 };
[2024/01/07 06:16:36]              actEps          0.02;
[2024/01/07 06:16:36]              rotDir          right;
[2024/01/07 06:16:36]              interpScheme    Poly4Gauss;
[2024/01/07 06:16:36]              bladeName       blade;
[2024/01/07 06:16:36]          }
[2024/01/07 06:16:36]      }
[2024/01/07 06:16:36]      primalMinIters  -1;
[2024/01/07 06:16:36]      tensorflow
[2024/01/07 06:16:36]      {
[2024/01/07 06:16:36]          active          0;
[2024/01/07 06:16:36]          modelName       model;
[2024/01/07 06:16:36]          nInputs         1;
[2024/01/07 06:16:36]          nOutputs        1;
[2024/01/07 06:16:36]          batchSize       1000;
[2024/01/07 06:16:36]      }
[2024/01/07 06:16:36]  }
[2024/01/07 06:16:36]  
[2024/01/07 06:16:36]  Reading OpenFOAM mesh information...
[2024/01/07 06:16:36]  I/O    : uncollated
[2024/01/07 06:16:36]  Case   : /home/dafoamuser/mount
[2024/01/07 06:16:36]  nProcs : 6
[2024/01/07 06:16:36]  Hosts  :
[2024/01/07 06:16:36]  (
[2024/01/07 06:16:36]      (960ad460c7df 6)
[2024/01/07 06:16:36]  )
[2024/01/07 06:16:36]  Pstream initialized with:
[2024/01/07 06:16:36]      floatTransfer      : 0
[2024/01/07 06:16:36]      nProcsSimpleSum    : 0
[2024/01/07 06:16:36]      commsType          : nonBlocking
[2024/01/07 06:16:36]      polling iterations : 0
[2024/01/07 06:16:36]  Reading the OpenFOAM mesh..
[2024/01/07 06:16:36]  Overriding DebugSwitches according to controlDict
[2024/01/07 06:16:36]      SolverPerformance 0;
[2024/01/07 06:16:36]  
[2024/01/07 06:16:36]  Finalising parallel run
[2024/01/07 06:16:36]  Checking if we need to compress the mesh files
[2024/01/07 06:16:36]  Checking if we need to compress the mesh files
[2024/01/07 06:16:36]  I/O    : uncollated
[2024/01/07 06:16:36]  000000000000000000000000000000000000000000000000000000000000000000000000000000000000000000000000000
[2024/01/07 06:16:36]  111111111111111111111111111111111111111111111111111111111111111111111111111111111111111111111111111
[2024/01/07 06:16:36]  000000000000000000000000000000000000000000000000000000000000000000000000000000000000000000000000000
[2024/01/07 06:16:36]  000000000000000000000000000000000000000000000000000000000000000000000000000000000000000000000000000
[2024/01/07 06:16:37]  111111111111111111111111111111111111111111111111111111111111111111111111111111111111111111111111111
[2024/01/07 06:16:37]  pyDAFoam initialization done!
[2024/01/07 06:16:37]  000000000000000000000000000000000000000000000000000000000000000000000000000000000000000000000000000
[2024/01/07 06:16:37]  111111111111111111111111111111111111111111111111111111111111111111111111111111111111111111111111111
[2024/01/07 06:16:37]  000000000000000000000000000000000000000000000000000000000000000000000000000000000000000000000000000
[2024/01/07 06:16:37]  111111111111111111111111111111111111111111111111111111111111111111111111111111111111111111111111111
[2024/01/07 06:16:37]  000000000000000000000000000000000000000000000000000000000000000000000000000000000000000000000000000
[2024/01/07 06:16:37]  111111111111111111111111111111111111111111111111111111111111111111111111111111111111111111111111111
[2024/01/07 06:16:37]  111111111111111111111111111111111111111111111111111111111111111111111111111111111111111111111111111
[2024/01/07 06:16:37]  +----------------------------------------+
[2024/01/07 06:16:37]  |          All IDWarp Options:           |
[2024/01/07 06:16:37]  +----------------------------------------+
[2024/01/07 06:16:37]  {'LdefFact': 1.0,
[2024/01/07 06:16:37]   'aExp': 3.0,
[2024/01/07 06:16:37]   'alpha': 0.25,
[2024/01/07 06:16:37]   'bExp': 5.0,
[2024/01/07 06:16:37]   'bucketSize': 8,
[2024/01/07 06:16:37]   'cornerAngle': 30.0,
[2024/01/07 06:16:37]   'errTol': 0.0005,
[2024/01/07 06:16:37]   'evalMode': 'fast',
[2024/01/07 06:16:37]   'fileType': 'OpenFOAM',
[2024/01/07 06:16:37]   'gridFile': '/home/dafoamuser/mount',
[2024/01/07 06:16:37]   'restartFile': None,
[2024/01/07 06:16:37]   'specifiedSurfaces': None,
[2024/01/07 06:16:37]   'symmTol': 1e-06,
[2024/01/07 06:16:37]   'symmetryPlanes': [[[0.0, 0.0, -0.0005], [0.0, 0.0, 1.0]],
[2024/01/07 06:16:37]                      [[0.0, 0.0, 0.0005], [0.0, 0.0, 1.0]]],
[2024/01/07 06:16:37]   'symmetrySurfaces': None,
[2024/01/07 06:16:37]   'useRotations': True,
[2024/01/07 06:16:37]   'zeroCornerRotations': True}
[2024/01/07 06:16:37]  I/O    : uncollated
[2024/01/07 06:16:37]  Case   : /home/dafoamuser/mount
[2024/01/07 06:16:37]  nProcs : 6
[2024/01/07 06:16:37]  Hosts  :
[2024/01/07 06:16:37]  (
[2024/01/07 06:16:37]      (960ad460c7df 6)
[2024/01/07 06:16:37]  )
[2024/01/07 06:16:37]  Pstream initialized with:
[2024/01/07 06:16:37]      floatTransfer      : 0
[2024/01/07 06:16:37]      nProcsSimpleSum    : 0
[2024/01/07 06:16:37]      commsType          : nonBlocking
[2024/01/07 06:16:37]      polling iterations : 0
[2024/01/07 06:16:37]  Reading the OpenFOAM mesh..
[2024/01/07 06:16:37]  Overriding DebugSwitches according to controlDict
[2024/01/07 06:16:37]      SolverPerformance 0;
[2024/01/07 06:16:37]  
[2024/01/07 06:16:37]  Finalising parallel run
[2024/01/07 06:16:37]  Checking if we need to compress the mesh files
[2024/01/07 06:16:37]  Checking if we need to compress the mesh files
[2024/01/07 06:16:37]  #------------------------------#
[2024/01/07 06:16:37]   Total Volume Nodes :      6582 
[2024/01/07 06:16:37]  #------------------------------#
[2024/01/07 06:16:37]  I/O    : uncollated
[2024/01/07 06:16:37]  222222222222222222222222222222222222222222222222222222222222222222222222222222222222222222222222222222
[2024/01/07 06:16:37]  222222222222222222222222222222222222222222222222222222222222222222222222222222222222222222222222222222
[2024/01/07 06:16:37]  222222222222222222222222222222222222222222222222222222222222222222222222222222222222222222222222222222
[2024/01/07 06:16:37]  222222222222222222222222222222222222222222222222222222222222222222222222222222222222222222222222222222
[2024/01/07 06:16:37]  222222222222222222222222222222222222222222222222222222222222222222222222222222222222222222222222222222
[2024/01/07 06:16:37]  222222222222222222222222222222222222222222222222222222222222222222222222222222222222222222222222222222
[2024/01/07 06:16:37]  OrderedDict([('frontAndBack', [0]), ('inlet', [1]), ('outlet', [2]), ('procBoundary0to1', [3]), ('procBoundary0to4', [4]), ('symmetricBoundary', [5]), ('wallBoundary', [6]), ('allSurfaces', [0, 1, 2, 3, 4, 5, 6]), ('allWalls', [6]), ('designSurfaces', [6])])
[2024/01/07 06:16:37]  3333333333333333333333333333333333333333333333333333333333333333333333333333333333333333333333333333333333333333
[2024/01/07 06:16:37]  3333333333333333333333333333333333333333333333333333333333333333333333333333333333333333333333333333333333333333
[2024/01/07 06:16:37]  3333333333333333333333333333333333333333333333333333333333333333333333333333333333333333333333333333333333333333
[2024/01/07 06:16:37]  3333333333333333333333333333333333333333333333333333333333333333333333333333333333333333333333333333333333333333
[2024/01/07 06:16:37]  3333333333333333333333333333333333333333333333333333333333333333333333333333333333333333333333333333333333333333
[2024/01/07 06:16:37]  3333333333333333333333333333333333333333333333333333333333333333333333333333333333333333333333333333333333333333
[2024/01/07 06:16:37]  +-------------------- Symmetry Planes -------------------+
[2024/01/07 06:16:37]  |           Point                        Normal          |
[2024/01/07 06:16:37]  | (  0.000   0.000  -0.001)    (  0.000   0.000   1.000) |
[2024/01/07 06:16:37]  | (  0.000   0.000   0.001)    (  0.000   0.000   1.000) |
[2024/01/07 06:16:37]  +--------------------------------------------------------+
[2024/01/07 06:16:37]  #--------------------------------#
[2024/01/07 06:16:37]   Unique Surface Nodes :       242 
[2024/01/07 06:16:37]  #--------------------------------#
[2024/01/07 06:16:37]   Computing Denomenator Estimate...
[2024/01/07 06:16:37]   Load Balancing...
[2024/01/07 06:16:37]  444444444444444444444444444444444444444444444444444444444444444444444444444444444444444444444444444444444444444444
[2024/01/07 06:16:37]  444444444444444444444444444444444444444444444444444444444444444444444444444444444444444444444444444444444444444444
[2024/01/07 06:16:37]  444444444444444444444444444444444444444444444444444444444444444444444444444444444444444444444444444444444444444444
[2024/01/07 06:16:37]  444444444444444444444444444444444444444444444444444444444444444444444444444444444444444444444444444444444444444444
[2024/01/07 06:16:37]  444444444444444444444444444444444444444444444444444444444444444444444444444444444444444444444444444444444444444444
[2024/01/07 06:16:37]   Finished Mesh Initialization.
[2024/01/07 06:16:37]  55555555555555555555555555555555555555555555555555555555555555555555555555555555555555555555555555555555555555555555
[2024/01/07 06:16:37]  55555555555555555555555555555555555555555555555555555555555555555555555555555555555555555555555555555555555555555555
[2024/01/07 06:16:37]  55555555555555555555555555555555555555555555555555555555555555555555555555555555555555555555555555555555555555555555
[2024/01/07 06:16:37]  55555555555555555555555555555555555555555555555555555555555555555555555555555555555555555555555555555555555555555555
[2024/01/07 06:16:37]  55555555555555555555555555555555555555555555555555555555555555555555555555555555555555555555555555555555555555555555
[2024/01/07 06:16:37]  444444444444444444444444444444444444444444444444444444444444444444444444444444444444444444444444444444444444444444
[2024/01/07 06:16:37]  55555555555555555555555555555555555555555555555555555555555555555555555555555555555555555555555555555555555555555555
[2024/01/07 06:16:37]  
[2024/01/07 06:16:37]  
[2024/01/07 06:16:37]  Optimization Problem -- opt
[2024/01/07 06:16:37]  ================================================================================
[2024/01/07 06:16:37]      Objective Function: calcObjFuncValues
[2024/01/07 06:16:37]  
[2024/01/07 06:16:37]  
[2024/01/07 06:16:37]     Objectives
[2024/01/07 06:16:37]        Index  Name            Value
[2024/01/07 06:16:37]            0  PL     0.000000E+00
[2024/01/07 06:16:37]  
[2024/01/07 06:16:37]     Variables (c - continuous, i - integer, d - discrete)
[2024/01/07 06:16:37]        Index  Name                 Type      Lower Bound            Value      Upper Bound     Status
[2024/01/07 06:16:37]            0  alphaPorosity_0         c     0.000000E+00   0.000000E+00+0.000000E+00j     1.000000E+00          l
[2024/01/07 06:16:37]            1  alphaPorosity_1         c     0.000000E+00   0.000000E+00+0.000000E+00j     1.000000E+00          l
[2024/01/07 06:16:37]            2  alphaPorosity_2         c     0.000000E+00   0.000000E+00+0.000000E+00j     1.000000E+00          l
[2024/01/07 06:16:37]            3  alphaPorosity_3         c     0.000000E+00   0.000000E+00+0.000000E+00j     1.000000E+00          l
[2024/01/07 06:16:37]            4  alphaPorosity_4         c     0.000000E+00   0.000000E+00+0.000000E+00j     1.000000E+00          l
[2024/01/07 06:16:37]            5  alphaPorosity_5         c     0.000000E+00   0.000000E+00+0.000000E+00j     1.000000E+00          l
[2024/01/07 06:16:37]            6  alphaPorosity_6         c     0.000000E+00   0.000000E+00+0.000000E+00j     1.000000E+00          l
[2024/01/07 06:16:37]            7  alphaPorosity_7         c     0.000000E+00   0.000000E+00+0.000000E+00j     1.000000E+00          l
[2024/01/07 06:16:37]            8  alphaPorosity_8         c     0.000000E+00   0.000000E+00+0.000000E+00j     1.000000E+00          l
[2024/01/07 06:16:37]            9  alphaPorosity_9         c     0.000000E+00   0.000000E+00+0.000000E+00j     1.000000E+00          l
[2024/01/07 06:16:37]           10  alphaPorosity_10        c     0.000000E+00   0.000000E+00+0.000000E+00j     1.000000E+00          l
[2024/01/07 06:16:37]           11  alphaPorosity_11        c     0.000000E+00   0.000000E+00+0.000000E+00j     1.000000E+00          l
[2024/01/07 06:16:37]           12  alphaPorosity_12        c     0.000000E+00   0.000000E+00+0.000000E+00j     1.000000E+00          l
[2024/01/07 06:16:37]           13  alphaPorosity_13        c     0.000000E+00   0.000000E+00+0.000000E+00j     1.000000E+00          l
[2024/01/07 06:16:37]           14  alphaPorosity_14        c     0.000000E+00   0.000000E+00+0.000000E+00j     1.000000E+00          l
[2024/01/07 06:16:37]           15  alphaPorosity_15        c     0.000000E+00   0.000000E+00+0.000000E+00j     1.000000E+00          l
[2024/01/07 06:16:37]           16  alphaPorosity_16        c     0.000000E+00   0.000000E+00+0.000000E+00j     1.000000E+00          l
[2024/01/07 06:16:37]           17  alphaPorosity_17        c     0.000000E+00   0.000000E+00+0.000000E+00j     1.000000E+00          l
[2024/01/07 06:16:37]           18  alphaPorosity_18        c     0.000000E+00   0.000000E+00+0.000000E+00j     1.000000E+00          l
[2024/01/07 06:16:37]           19  alphaPorosity_19        c     0.000000E+00   0.000000E+00+0.000000E+00j     1.000000E+00          l
[2024/01/07 06:16:37]           20  alphaPorosity_20        c     0.000000E+00   0.000000E+00+0.000000E+00j     1.000000E+00          l
[2024/01/07 06:16:37]           21  alphaPorosity_21        c     0.000000E+00   0.000000E+00+0.000000E+00j     1.000000E+00          l
[2024/01/07 06:16:37]           22  alphaPorosity_22        c     0.000000E+00   0.000000E+00+0.000000E+00j     1.000000E+00          l
[2024/01/07 06:16:37]           23  alphaPorosity_23        c     0.000000E+00   0.000000E+00+0.000000E+00j     1.000000E+00          l
[2024/01/07 06:16:37]           24  alphaPorosity_24        c     0.000000E+00   0.000000E+00+0.000000E+00j     1.000000E+00          l
[2024/01/07 06:16:37]           25  alphaPorosity_25        c     0.000000E+00   0.000000E+00+0.000000E+00j     1.000000E+00          l
[2024/01/07 06:16:37]           26  alphaPorosity_26        c     0.000000E+00   0.000000E+00+0.000000E+00j     1.000000E+00          l
[2024/01/07 06:16:37]           27  alphaPorosity_27        c     0.000000E+00   0.000000E+00+0.000000E+00j     1.000000E+00          l
[2024/01/07 06:16:37]           28  alphaPorosity_28        c     0.000000E+00   0.000000E+00+0.000000E+00j     1.000000E+00          l
[2024/01/07 06:16:37]           29  alphaPorosity_29        c     0.000000E+00   0.000000E+00+0.000000E+00j     1.000000E+00          l
[2024/01/07 06:16:37]           30  alphaPorosity_30        c     0.000000E+00   0.000000E+00+0.000000E+00j     1.000000E+00          l
[2024/01/07 06:16:37]           31  alphaPorosity_31        c     0.000000E+00   0.000000E+00+0.000000E+00j     1.000000E+00          l
[2024/01/07 06:16:37]           32  alphaPorosity_32        c     0.000000E+00   0.000000E+00+0.000000E+00j     1.000000E+00          l
[2024/01/07 06:16:37]           33  alphaPorosity_33        c     0.000000E+00   0.000000E+00+0.000000E+00j     1.000000E+00          l
[2024/01/07 06:16:37]           34  alphaPorosity_34        c     0.000000E+00   0.000000E+00+0.000000E+00j     1.000000E+00          l
[2024/01/07 06:16:37]           35  alphaPorosity_35        c     0.000000E+00   0.000000E+00+0.000000E+00j     1.000000E+00          l
[2024/01/07 06:16:37]           36  alphaPorosity_36        c     0.000000E+00   0.000000E+00+0.000000E+00j     1.000000E+00          l
[2024/01/07 06:16:37]           37  alphaPorosity_37        c     0.000000E+00   0.000000E+00+0.000000E+00j     1.000000E+00          l
[2024/01/07 06:16:37]           38  alphaPorosity_38        c     0.000000E+00   0.000000E+00+0.000000E+00j     1.000000E+00          l
[2024/01/07 06:16:37]           39  alphaPorosity_39        c     0.000000E+00   0.000000E+00+0.000000E+00j     1.000000E+00          l
[2024/01/07 06:16:37]           40  alphaPorosity_40        c     0.000000E+00   0.000000E+00+0.000000E+00j     1.000000E+00          l
[2024/01/07 06:16:37]           41  alphaPorosity_41        c     0.000000E+00   0.000000E+00+0.000000E+00j     1.000000E+00          l
[2024/01/07 06:16:37]           42  alphaPorosity_42        c     0.000000E+00   0.000000E+00+0.000000E+00j     1.000000E+00          l
[2024/01/07 06:16:37]           43  alphaPorosity_43        c     0.000000E+00   0.000000E+00+0.000000E+00j     1.000000E+00          l
[2024/01/07 06:16:37]           44  alphaPorosity_44        c     0.000000E+00   0.000000E+00+0.000000E+00j     1.000000E+00          l
[2024/01/07 06:16:37]           45  alphaPorosity_45        c     0.000000E+00   0.000000E+00+0.000000E+00j     1.000000E+00          l
[2024/01/07 06:16:37]           46  alphaPorosity_46        c     0.000000E+00   0.000000E+00+0.000000E+00j     1.000000E+00          l
[2024/01/07 06:16:37]           47  alphaPorosity_47        c     0.000000E+00   0.000000E+00+0.000000E+00j     1.000000E+00          l
[2024/01/07 06:16:37]           48  alphaPorosity_48        c     0.000000E+00   0.000000E+00+0.000000E+00j     1.000000E+00          l
[2024/01/07 06:16:37]           49  alphaPorosity_49        c     0.000000E+00   0.000000E+00+0.000000E+00j     1.000000E+00          l
[2024/01/07 06:16:37]           50  alphaPorosity_50        c     0.000000E+00   0.000000E+00+0.000000E+00j     1.000000E+00          l
[2024/01/07 06:16:37]           51  alphaPorosity_51        c     0.000000E+00   0.000000E+00+0.000000E+00j     1.000000E+00          l
[2024/01/07 06:16:37]           52  alphaPorosity_52        c     0.000000E+00   0.000000E+00+0.000000E+00j     1.000000E+00          l
[2024/01/07 06:16:37]           53  alphaPorosity_53        c     0.000000E+00   0.000000E+00+0.000000E+00j     1.000000E+00          l
[2024/01/07 06:16:37]           54  alphaPorosity_54        c     0.000000E+00   0.000000E+00+0.000000E+00j     1.000000E+00          l
[2024/01/07 06:16:37]           55  alphaPorosity_55        c     0.000000E+00   0.000000E+00+0.000000E+00j     1.000000E+00          l
[2024/01/07 06:16:37]           56  alphaPorosity_56        c     0.000000E+00   0.000000E+00+0.000000E+00j     1.000000E+00          l
[2024/01/07 06:16:37]           57  alphaPorosity_57        c     0.000000E+00   0.000000E+00+0.000000E+00j     1.000000E+00          l
[2024/01/07 06:16:37]           58  alphaPorosity_58        c     0.000000E+00   0.000000E+00+0.000000E+00j     1.000000E+00          l
[2024/01/07 06:16:37]           59  alphaPorosity_59        c     0.000000E+00   0.000000E+00+0.000000E+00j     1.000000E+00          l
[2024/01/07 06:16:37]           60  alphaPorosity_60        c     0.000000E+00   0.000000E+00+0.000000E+00j     1.000000E+00          l
[2024/01/07 06:16:37]           61  alphaPorosity_61        c     0.000000E+00   0.000000E+00+0.000000E+00j     1.000000E+00          l
[2024/01/07 06:16:37]           62  alphaPorosity_62        c     0.000000E+00   0.000000E+00+0.000000E+00j     1.000000E+00          l
[2024/01/07 06:16:37]           63  alphaPorosity_63        c     0.000000E+00   0.000000E+00+0.000000E+00j     1.000000E+00          l
[2024/01/07 06:16:37]           64  alphaPorosity_64        c     0.000000E+00   0.000000E+00+0.000000E+00j     1.000000E+00          l
[2024/01/07 06:16:37]           65  alphaPorosity_65        c     0.000000E+00   0.000000E+00+0.000000E+00j     1.000000E+00          l
[2024/01/07 06:16:37]           66  alphaPorosity_66        c     0.000000E+00   0.000000E+00+0.000000E+00j     1.000000E+00          l
[2024/01/07 06:16:37]           67  alphaPorosity_67        c     0.000000E+00   0.000000E+00+0.000000E+00j     1.000000E+00          l
[2024/01/07 06:16:37]           68  alphaPorosity_68        c     0.000000E+00   0.000000E+00+0.000000E+00j     1.000000E+00          l
[2024/01/07 06:16:37]           69  alphaPorosity_69        c     0.000000E+00   0.000000E+00+0.000000E+00j     1.000000E+00          l
[2024/01/07 06:16:37]           70  alphaPorosity_70        c     0.000000E+00   0.000000E+00+0.000000E+00j     1.000000E+00          l
[2024/01/07 06:16:37]           71  alphaPorosity_71        c     0.000000E+00   0.000000E+00+0.000000E+00j     1.000000E+00          l
[2024/01/07 06:16:37]           72  alphaPorosity_72        c     0.000000E+00   0.000000E+00+0.000000E+00j     1.000000E+00          l
[2024/01/07 06:16:37]           73  alphaPorosity_73        c     0.000000E+00   0.000000E+00+0.000000E+00j     1.000000E+00          l
[2024/01/07 06:16:37]           74  alphaPorosity_74        c     0.000000E+00   0.000000E+00+0.000000E+00j     1.000000E+00          l
[2024/01/07 06:16:37]           75  alphaPorosity_75        c     0.000000E+00   0.000000E+00+0.000000E+00j     1.000000E+00          l
[2024/01/07 06:16:37]           76  alphaPorosity_76        c     0.000000E+00   0.000000E+00+0.000000E+00j     1.000000E+00          l
[2024/01/07 06:16:37]           77  alphaPorosity_77        c     0.000000E+00   0.000000E+00+0.000000E+00j     1.000000E+00          l
[2024/01/07 06:16:37]           78  alphaPorosity_78        c     0.000000E+00   0.000000E+00+0.000000E+00j     1.000000E+00          l
[2024/01/07 06:16:37]           79  alphaPorosity_79        c     0.000000E+00   0.000000E+00+0.000000E+00j     1.000000E+00          l
[2024/01/07 06:16:37]           80  alphaPorosity_80        c     0.000000E+00   0.000000E+00+0.000000E+00j     1.000000E+00          l
[2024/01/07 06:16:37]           81  alphaPorosity_81        c     0.000000E+00   0.000000E+00+0.000000E+00j     1.000000E+00          l
[2024/01/07 06:16:37]           82  alphaPorosity_82        c     0.000000E+00   0.000000E+00+0.000000E+00j     1.000000E+00          l
[2024/01/07 06:16:37]           83  alphaPorosity_83        c     0.000000E+00   0.000000E+00+0.000000E+00j     1.000000E+00          l
[2024/01/07 06:16:37]           84  alphaPorosity_84        c     0.000000E+00   0.000000E+00+0.000000E+00j     1.000000E+00          l
[2024/01/07 06:16:37]           85  alphaPorosity_85        c     0.000000E+00   0.000000E+00+0.000000E+00j     1.000000E+00          l
[2024/01/07 06:16:37]           86  alphaPorosity_86        c     0.000000E+00   0.000000E+00+0.000000E+00j     1.000000E+00          l
[2024/01/07 06:16:37]           87  alphaPorosity_87        c     0.000000E+00   0.000000E+00+0.000000E+00j     1.000000E+00          l
[2024/01/07 06:16:37]           88  alphaPorosity_88        c     0.000000E+00   0.000000E+00+0.000000E+00j     1.000000E+00          l
[2024/01/07 06:16:37]           89  alphaPorosity_89        c     0.000000E+00   0.000000E+00+0.000000E+00j     1.000000E+00          l
[2024/01/07 06:16:37]           90  alphaPorosity_90        c     0.000000E+00   0.000000E+00+0.000000E+00j     1.000000E+00          l
[2024/01/07 06:16:37]           91  alphaPorosity_91        c     0.000000E+00   0.000000E+00+0.000000E+00j     1.000000E+00          l
[2024/01/07 06:16:37]           92  alphaPorosity_92        c     0.000000E+00   0.000000E+00+0.000000E+00j     1.000000E+00          l
[2024/01/07 06:16:37]           93  alphaPorosity_93        c     0.000000E+00   0.000000E+00+0.000000E+00j     1.000000E+00          l
[2024/01/07 06:16:37]           94  alphaPorosity_94        c     0.000000E+00   0.000000E+00+0.000000E+00j     1.000000E+00          l
[2024/01/07 06:16:37]           95  alphaPorosity_95        c     0.000000E+00   0.000000E+00+0.000000E+00j     1.000000E+00          l
[2024/01/07 06:16:37]           96  alphaPorosity_96        c     0.000000E+00   0.000000E+00+0.000000E+00j     1.000000E+00          l
[2024/01/07 06:16:37]           97  alphaPorosity_97        c     0.000000E+00   0.000000E+00+0.000000E+00j     1.000000E+00          l
[2024/01/07 06:16:37]           98  alphaPorosity_98        c     0.000000E+00   0.000000E+00+0.000000E+00j     1.000000E+00          l
[2024/01/07 06:16:37]           99  alphaPorosity_99        c     0.000000E+00   0.000000E+00+0.000000E+00j     1.000000E+00          l
[2024/01/07 06:16:37]          100  alphaPorosity_100       c     0.000000E+00   0.000000E+00+0.000000E+00j     1.000000E+00          l
[2024/01/07 06:16:37]          101  alphaPorosity_101       c     0.000000E+00   0.000000E+00+0.000000E+00j     1.000000E+00          l
[2024/01/07 06:16:37]          102  alphaPorosity_102       c     0.000000E+00   0.000000E+00+0.000000E+00j     1.000000E+00          l
[2024/01/07 06:16:37]          103  alphaPorosity_103       c     0.000000E+00   0.000000E+00+0.000000E+00j     1.000000E+00          l
[2024/01/07 06:16:37]          104  alphaPorosity_104       c     0.000000E+00   0.000000E+00+0.000000E+00j     1.000000E+00          l
[2024/01/07 06:16:37]          105  alphaPorosity_105       c     0.000000E+00   0.000000E+00+0.000000E+00j     1.000000E+00          l
[2024/01/07 06:16:37]          106  alphaPorosity_106       c     0.000000E+00   0.000000E+00+0.000000E+00j     1.000000E+00          l
[2024/01/07 06:16:37]          107  alphaPorosity_107       c     0.000000E+00   0.000000E+00+0.000000E+00j     1.000000E+00          l
[2024/01/07 06:16:37]          108  alphaPorosity_108       c     0.000000E+00   0.000000E+00+0.000000E+00j     1.000000E+00          l
[2024/01/07 06:16:37]          109  alphaPorosity_109       c     0.000000E+00   0.000000E+00+0.000000E+00j     1.000000E+00          l
[2024/01/07 06:16:37]          110  alphaPorosity_110       c     0.000000E+00   0.000000E+00+0.000000E+00j     1.000000E+00          l
[2024/01/07 06:16:37]          111  alphaPorosity_111       c     0.000000E+00   0.000000E+00+0.000000E+00j     1.000000E+00          l
[2024/01/07 06:16:37]          112  alphaPorosity_112       c     0.000000E+00   0.000000E+00+0.000000E+00j     1.000000E+00          l
[2024/01/07 06:16:37]          113  alphaPorosity_113       c     0.000000E+00   0.000000E+00+0.000000E+00j     1.000000E+00          l
[2024/01/07 06:16:37]          114  alphaPorosity_114       c     0.000000E+00   0.000000E+00+0.000000E+00j     1.000000E+00          l
[2024/01/07 06:16:37]          115  alphaPorosity_115       c     0.000000E+00   0.000000E+00+0.000000E+00j     1.000000E+00          l
[2024/01/07 06:16:37]          116  alphaPorosity_116       c     0.000000E+00   0.000000E+00+0.000000E+00j     1.000000E+00          l
[2024/01/07 06:16:37]          117  alphaPorosity_117       c     0.000000E+00   0.000000E+00+0.000000E+00j     1.000000E+00          l
[2024/01/07 06:16:37]          118  alphaPorosity_118       c     0.000000E+00   0.000000E+00+0.000000E+00j     1.000000E+00          l
[2024/01/07 06:16:37]          119  alphaPorosity_119       c     0.000000E+00   0.000000E+00+0.000000E+00j     1.000000E+00          l
[2024/01/07 06:16:37]          120  alphaPorosity_120       c     0.000000E+00   0.000000E+00+0.000000E+00j     1.000000E+00          l
[2024/01/07 06:16:37]          121  alphaPorosity_121       c     0.000000E+00   0.000000E+00+0.000000E+00j     1.000000E+00          l
[2024/01/07 06:16:37]          122  alphaPorosity_122       c     0.000000E+00   0.000000E+00+0.000000E+00j     1.000000E+00          l
[2024/01/07 06:16:37]          123  alphaPorosity_123       c     0.000000E+00   0.000000E+00+0.000000E+00j     1.000000E+00          l
[2024/01/07 06:16:37]          124  alphaPorosity_124       c     0.000000E+00   0.000000E+00+0.000000E+00j     1.000000E+00          l
[2024/01/07 06:16:37]          125  alphaPorosity_125       c     0.000000E+00   0.000000E+00+0.000000E+00j     1.000000E+00          l
[2024/01/07 06:16:37]          126  alphaPorosity_126       c     0.000000E+00   0.000000E+00+0.000000E+00j     1.000000E+00          l
[2024/01/07 06:16:37]          127  alphaPorosity_127       c     0.000000E+00   0.000000E+00+0.000000E+00j     1.000000E+00          l
[2024/01/07 06:16:37]          128  alphaPorosity_128       c     0.000000E+00   0.000000E+00+0.000000E+00j     1.000000E+00          l
[2024/01/07 06:16:37]          129  alphaPorosity_129       c     0.000000E+00   0.000000E+00+0.000000E+00j     1.000000E+00          l
[2024/01/07 06:16:37]          130  alphaPorosity_130       c     0.000000E+00   0.000000E+00+0.000000E+00j     1.000000E+00          l
[2024/01/07 06:16:37]          131  alphaPorosity_131       c     0.000000E+00   0.000000E+00+0.000000E+00j     1.000000E+00          l
[2024/01/07 06:16:37]          132  alphaPorosity_132       c     0.000000E+00   0.000000E+00+0.000000E+00j     1.000000E+00          l
[2024/01/07 06:16:37]          133  alphaPorosity_133       c     0.000000E+00   0.000000E+00+0.000000E+00j     1.000000E+00          l
[2024/01/07 06:16:37]          134  alphaPorosity_134       c     0.000000E+00   0.000000E+00+0.000000E+00j     1.000000E+00          l
[2024/01/07 06:16:37]          135  alphaPorosity_135       c     0.000000E+00   0.000000E+00+0.000000E+00j     1.000000E+00          l
[2024/01/07 06:16:37]          136  alphaPorosity_136       c     0.000000E+00   0.000000E+00+0.000000E+00j     1.000000E+00          l
[2024/01/07 06:16:37]          137  alphaPorosity_137       c     0.000000E+00   0.000000E+00+0.000000E+00j     1.000000E+00          l
[2024/01/07 06:16:37]          138  alphaPorosity_138       c     0.000000E+00   0.000000E+00+0.000000E+00j     1.000000E+00          l
[2024/01/07 06:16:37]          139  alphaPorosity_139       c     0.000000E+00   0.000000E+00+0.000000E+00j     1.000000E+00          l
[2024/01/07 06:16:37]          140  alphaPorosity_140       c     0.000000E+00   0.000000E+00+0.000000E+00j     1.000000E+00          l
[2024/01/07 06:16:37]          141  alphaPorosity_141       c     0.000000E+00   0.000000E+00+0.000000E+00j     1.000000E+00          l
[2024/01/07 06:16:37]          142  alphaPorosity_142       c     0.000000E+00   0.000000E+00+0.000000E+00j     1.000000E+00          l
[2024/01/07 06:16:37]          143  alphaPorosity_143       c     0.000000E+00   0.000000E+00+0.000000E+00j     1.000000E+00          l
[2024/01/07 06:16:37]          144  alphaPorosity_144       c     0.000000E+00   0.000000E+00+0.000000E+00j     1.000000E+00          l
[2024/01/07 06:16:37]          145  alphaPorosity_145       c     0.000000E+00   0.000000E+00+0.000000E+00j     1.000000E+00          l
[2024/01/07 06:16:37]          146  alphaPorosity_146       c     0.000000E+00   0.000000E+00+0.000000E+00j     1.000000E+00          l
[2024/01/07 06:16:37]          147  alphaPorosity_147       c     0.000000E+00   0.000000E+00+0.000000E+00j     1.000000E+00          l
[2024/01/07 06:16:37]          148  alphaPorosity_148       c     0.000000E+00   0.000000E+00+0.000000E+00j     1.000000E+00          l
[2024/01/07 06:16:37]          149  alphaPorosity_149       c     0.000000E+00   0.000000E+00+0.000000E+00j     1.000000E+00          l
[2024/01/07 06:16:37]          150  alphaPorosity_150       c     0.000000E+00   0.000000E+00+0.000000E+00j     1.000000E+00          l
[2024/01/07 06:16:37]          151  alphaPorosity_151       c     0.000000E+00   0.000000E+00+0.000000E+00j     1.000000E+00          l
[2024/01/07 06:16:37]          152  alphaPorosity_152       c     0.000000E+00   0.000000E+00+0.000000E+00j     1.000000E+00          l
[2024/01/07 06:16:37]          153  alphaPorosity_153       c     0.000000E+00   0.000000E+00+0.000000E+00j     1.000000E+00          l
[2024/01/07 06:16:37]          154  alphaPorosity_154       c     0.000000E+00   0.000000E+00+0.000000E+00j     1.000000E+00          l
[2024/01/07 06:16:37]          155  alphaPorosity_155       c     0.000000E+00   0.000000E+00+0.000000E+00j     1.000000E+00          l
[2024/01/07 06:16:37]          156  alphaPorosity_156       c     0.000000E+00   0.000000E+00+0.000000E+00j     1.000000E+00          l
[2024/01/07 06:16:37]          157  alphaPorosity_157       c     0.000000E+00   0.000000E+00+0.000000E+00j     1.000000E+00          l
[2024/01/07 06:16:37]          158  alphaPorosity_158       c     0.000000E+00   0.000000E+00+0.000000E+00j     1.000000E+00          l
[2024/01/07 06:16:37]          159  alphaPorosity_159       c     0.000000E+00   0.000000E+00+0.000000E+00j     1.000000E+00          l
[2024/01/07 06:16:37]          160  alphaPorosity_160       c     0.000000E+00   0.000000E+00+0.000000E+00j     1.000000E+00          l
[2024/01/07 06:16:37]          161  alphaPorosity_161       c     0.000000E+00   0.000000E+00+0.000000E+00j     1.000000E+00          l
[2024/01/07 06:16:37]          162  alphaPorosity_162       c     0.000000E+00   0.000000E+00+0.000000E+00j     1.000000E+00          l
[2024/01/07 06:16:37]          163  alphaPorosity_163       c     0.000000E+00   0.000000E+00+0.000000E+00j     1.000000E+00          l
[2024/01/07 06:16:37]          164  alphaPorosity_164       c     0.000000E+00   0.000000E+00+0.000000E+00j     1.000000E+00          l
[2024/01/07 06:16:37]          165  alphaPorosity_165       c     0.000000E+00   0.000000E+00+0.000000E+00j     1.000000E+00          l
[2024/01/07 06:16:37]          166  alphaPorosity_166       c     0.000000E+00   0.000000E+00+0.000000E+00j     1.000000E+00          l
[2024/01/07 06:16:37]          167  alphaPorosity_167       c     0.000000E+00   0.000000E+00+0.000000E+00j     1.000000E+00          l
[2024/01/07 06:16:37]          168  alphaPorosity_168       c     0.000000E+00   0.000000E+00+0.000000E+00j     1.000000E+00          l
[2024/01/07 06:16:37]          169  alphaPorosity_169       c     0.000000E+00   0.000000E+00+0.000000E+00j     1.000000E+00          l
[2024/01/07 06:16:37]          170  alphaPorosity_170       c     0.000000E+00   0.000000E+00+0.000000E+00j     1.000000E+00          l
[2024/01/07 06:16:37]          171  alphaPorosity_171       c     0.000000E+00   0.000000E+00+0.000000E+00j     1.000000E+00          l
[2024/01/07 06:16:37]          172  alphaPorosity_172       c     0.000000E+00   0.000000E+00+0.000000E+00j     1.000000E+00          l
[2024/01/07 06:16:37]          173  alphaPorosity_173       c     0.000000E+00   0.000000E+00+0.000000E+00j     1.000000E+00          l
[2024/01/07 06:16:37]          174  alphaPorosity_174       c     0.000000E+00   0.000000E+00+0.000000E+00j     1.000000E+00          l
[2024/01/07 06:16:37]          175  alphaPorosity_175       c     0.000000E+00   0.000000E+00+0.000000E+00j     1.000000E+00          l
[2024/01/07 06:16:37]          176  alphaPorosity_176       c     0.000000E+00   0.000000E+00+0.000000E+00j     1.000000E+00          l
[2024/01/07 06:16:37]          177  alphaPorosity_177       c     0.000000E+00   0.000000E+00+0.000000E+00j     1.000000E+00          l
[2024/01/07 06:16:37]          178  alphaPorosity_178       c     0.000000E+00   0.000000E+00+0.000000E+00j     1.000000E+00          l
[2024/01/07 06:16:37]          179  alphaPorosity_179       c     0.000000E+00   0.000000E+00+0.000000E+00j     1.000000E+00          l
[2024/01/07 06:16:37]          180  alphaPorosity_180       c     0.000000E+00   0.000000E+00+0.000000E+00j     1.000000E+00          l
[2024/01/07 06:16:37]          181  alphaPorosity_181       c     0.000000E+00   0.000000E+00+0.000000E+00j     1.000000E+00          l
[2024/01/07 06:16:37]          182  alphaPorosity_182       c     0.000000E+00   0.000000E+00+0.000000E+00j     1.000000E+00          l
[2024/01/07 06:16:37]          183  alphaPorosity_183       c     0.000000E+00   0.000000E+00+0.000000E+00j     1.000000E+00          l
[2024/01/07 06:16:37]          184  alphaPorosity_184       c     0.000000E+00   0.000000E+00+0.000000E+00j     1.000000E+00          l
[2024/01/07 06:16:37]          185  alphaPorosity_185       c     0.000000E+00   0.000000E+00+0.000000E+00j     1.000000E+00          l
[2024/01/07 06:16:37]          186  alphaPorosity_186       c     0.000000E+00   0.000000E+00+0.000000E+00j     1.000000E+00          l
[2024/01/07 06:16:37]          187  alphaPorosity_187       c     0.000000E+00   0.000000E+00+0.000000E+00j     1.000000E+00          l
[2024/01/07 06:16:37]          188  alphaPorosity_188       c     0.000000E+00   0.000000E+00+0.000000E+00j     1.000000E+00          l
[2024/01/07 06:16:37]          189  alphaPorosity_189       c     0.000000E+00   0.000000E+00+0.000000E+00j     1.000000E+00          l
[2024/01/07 06:16:37]          190  alphaPorosity_190       c     0.000000E+00   0.000000E+00+0.000000E+00j     1.000000E+00          l
[2024/01/07 06:16:37]          191  alphaPorosity_191       c     0.000000E+00   0.000000E+00+0.000000E+00j     1.000000E+00          l
[2024/01/07 06:16:37]          192  alphaPorosity_192       c     0.000000E+00   0.000000E+00+0.000000E+00j     1.000000E+00          l
[2024/01/07 06:16:37]          193  alphaPorosity_193       c     0.000000E+00   0.000000E+00+0.000000E+00j     1.000000E+00          l
[2024/01/07 06:16:37]          194  alphaPorosity_194       c     0.000000E+00   0.000000E+00+0.000000E+00j     1.000000E+00          l
[2024/01/07 06:16:37]          195  alphaPorosity_195       c     0.000000E+00   0.000000E+00+0.000000E+00j     1.000000E+00          l
[2024/01/07 06:16:37]          196  alphaPorosity_196       c     0.000000E+00   0.000000E+00+0.000000E+00j     1.000000E+00          l
[2024/01/07 06:16:37]          197  alphaPorosity_197       c     0.000000E+00   0.000000E+00+0.000000E+00j     1.000000E+00          l
[2024/01/07 06:16:37]          198  alphaPorosity_198       c     0.000000E+00   0.000000E+00+0.000000E+00j     1.000000E+00          l
[2024/01/07 06:16:37]          199  alphaPorosity_199       c     0.000000E+00   0.000000E+00+0.000000E+00j     1.000000E+00          l
[2024/01/07 06:16:37]          200  alphaPorosity_200       c     0.000000E+00   0.000000E+00+0.000000E+00j     1.000000E+00          l
[2024/01/07 06:16:37]          201  alphaPorosity_201       c     0.000000E+00   0.000000E+00+0.000000E+00j     1.000000E+00          l
[2024/01/07 06:16:37]          202  alphaPorosity_202       c     0.000000E+00   0.000000E+00+0.000000E+00j     1.000000E+00          l
[2024/01/07 06:16:37]          203  alphaPorosity_203       c     0.000000E+00   0.000000E+00+0.000000E+00j     1.000000E+00          l
[2024/01/07 06:16:37]          204  alphaPorosity_204       c     0.000000E+00   0.000000E+00+0.000000E+00j     1.000000E+00          l
[2024/01/07 06:16:37]          205  alphaPorosity_205       c     0.000000E+00   0.000000E+00+0.000000E+00j     1.000000E+00          l
[2024/01/07 06:16:37]          206  alphaPorosity_206       c     0.000000E+00   0.000000E+00+0.000000E+00j     1.000000E+00          l
[2024/01/07 06:16:37]          207  alphaPorosity_207       c     0.000000E+00   0.000000E+00+0.000000E+00j     1.000000E+00          l
[2024/01/07 06:16:37]          208  alphaPorosity_208       c     0.000000E+00   0.000000E+00+0.000000E+00j     1.000000E+00          l
[2024/01/07 06:16:37]          209  alphaPorosity_209       c     0.000000E+00   0.000000E+00+0.000000E+00j     1.000000E+00          l
[2024/01/07 06:16:37]          210  alphaPorosity_210       c     0.000000E+00   0.000000E+00+0.000000E+00j     1.000000E+00          l
[2024/01/07 06:16:37]          211  alphaPorosity_211       c     0.000000E+00   0.000000E+00+0.000000E+00j     1.000000E+00          l
[2024/01/07 06:16:37]          212  alphaPorosity_212       c     0.000000E+00   0.000000E+00+0.000000E+00j     1.000000E+00          l
[2024/01/07 06:16:37]          213  alphaPorosity_213       c     0.000000E+00   0.000000E+00+0.000000E+00j     1.000000E+00          l
[2024/01/07 06:16:37]          214  alphaPorosity_214       c     0.000000E+00   0.000000E+00+0.000000E+00j     1.000000E+00          l
[2024/01/07 06:16:37]          215  alphaPorosity_215       c     0.000000E+00   0.000000E+00+0.000000E+00j     1.000000E+00          l
[2024/01/07 06:16:37]          216  alphaPorosity_216       c     0.000000E+00   0.000000E+00+0.000000E+00j     1.000000E+00          l
[2024/01/07 06:16:37]          217  alphaPorosity_217       c     0.000000E+00   0.000000E+00+0.000000E+00j     1.000000E+00          l
[2024/01/07 06:16:37]          218  alphaPorosity_218       c     0.000000E+00   0.000000E+00+0.000000E+00j     1.000000E+00          l
[2024/01/07 06:16:37]          219  alphaPorosity_219       c     0.000000E+00   0.000000E+00+0.000000E+00j     1.000000E+00          l
[2024/01/07 06:16:37]          220  alphaPorosity_220       c     0.000000E+00   0.000000E+00+0.000000E+00j     1.000000E+00          l
[2024/01/07 06:16:37]          221  alphaPorosity_221       c     0.000000E+00   0.000000E+00+0.000000E+00j     1.000000E+00          l
[2024/01/07 06:16:37]          222  alphaPorosity_222       c     0.000000E+00   0.000000E+00+0.000000E+00j     1.000000E+00          l
[2024/01/07 06:16:37]          223  alphaPorosity_223       c     0.000000E+00   0.000000E+00+0.000000E+00j     1.000000E+00          l
[2024/01/07 06:16:37]          224  alphaPorosity_224       c     0.000000E+00   0.000000E+00+0.000000E+00j     1.000000E+00          l
[2024/01/07 06:16:37]          225  alphaPorosity_225       c     0.000000E+00   0.000000E+00+0.000000E+00j     1.000000E+00          l
[2024/01/07 06:16:37]          226  alphaPorosity_226       c     0.000000E+00   0.000000E+00+0.000000E+00j     1.000000E+00          l
[2024/01/07 06:16:37]          227  alphaPorosity_227       c     0.000000E+00   0.000000E+00+0.000000E+00j     1.000000E+00          l
[2024/01/07 06:16:37]          228  alphaPorosity_228       c     0.000000E+00   0.000000E+00+0.000000E+00j     1.000000E+00          l
[2024/01/07 06:16:37]          229  alphaPorosity_229       c     0.000000E+00   0.000000E+00+0.000000E+00j     1.000000E+00          l
[2024/01/07 06:16:37]          230  alphaPorosity_230       c     0.000000E+00   0.000000E+00+0.000000E+00j     1.000000E+00          l
[2024/01/07 06:16:37]          231  alphaPorosity_231       c     0.000000E+00   0.000000E+00+0.000000E+00j     1.000000E+00          l
[2024/01/07 06:16:37]          232  alphaPorosity_232       c     0.000000E+00   0.000000E+00+0.000000E+00j     1.000000E+00          l
[2024/01/07 06:16:37]          233  alphaPorosity_233       c     0.000000E+00   0.000000E+00+0.000000E+00j     1.000000E+00          l
[2024/01/07 06:16:37]          234  alphaPorosity_234       c     0.000000E+00   0.000000E+00+0.000000E+00j     1.000000E+00          l
[2024/01/07 06:16:37]          235  alphaPorosity_235       c     0.000000E+00   0.000000E+00+0.000000E+00j     1.000000E+00          l
[2024/01/07 06:16:37]          236  alphaPorosity_236       c     0.000000E+00   0.000000E+00+0.000000E+00j     1.000000E+00          l
[2024/01/07 06:16:37]          237  alphaPorosity_237       c     0.000000E+00   0.000000E+00+0.000000E+00j     1.000000E+00          l
[2024/01/07 06:16:37]          238  alphaPorosity_238       c     0.000000E+00   0.000000E+00+0.000000E+00j     1.000000E+00          l
[2024/01/07 06:16:37]          239  alphaPorosity_239       c     0.000000E+00   0.000000E+00+0.000000E+00j     1.000000E+00          l
[2024/01/07 06:16:37]          240  alphaPorosity_240       c     0.000000E+00   0.000000E+00+0.000000E+00j     1.000000E+00          l
[2024/01/07 06:16:37]          241  alphaPorosity_241       c     0.000000E+00   0.000000E+00+0.000000E+00j     1.000000E+00          l
[2024/01/07 06:16:37]          242  alphaPorosity_242       c     0.000000E+00   0.000000E+00+0.000000E+00j     1.000000E+00          l
[2024/01/07 06:16:37]          243  alphaPorosity_243       c     0.000000E+00   0.000000E+00+0.000000E+00j     1.000000E+00          l
[2024/01/07 06:16:37]          244  alphaPorosity_244       c     0.000000E+00   0.000000E+00+0.000000E+00j     1.000000E+00          l
[2024/01/07 06:16:37]          245  alphaPorosity_245       c     0.000000E+00   0.000000E+00+0.000000E+00j     1.000000E+00          l
[2024/01/07 06:16:37]          246  alphaPorosity_246       c     0.000000E+00   0.000000E+00+0.000000E+00j     1.000000E+00          l
[2024/01/07 06:16:37]          247  alphaPorosity_247       c     0.000000E+00   0.000000E+00+0.000000E+00j     1.000000E+00          l
[2024/01/07 06:16:37]          248  alphaPorosity_248       c     0.000000E+00   0.000000E+00+0.000000E+00j     1.000000E+00          l
[2024/01/07 06:16:37]          249  alphaPorosity_249       c     0.000000E+00   0.000000E+00+0.000000E+00j     1.000000E+00          l
[2024/01/07 06:16:37]          250  alphaPorosity_250       c     0.000000E+00   0.000000E+00+0.000000E+00j     1.000000E+00          l
[2024/01/07 06:16:37]          251  alphaPorosity_251       c     0.000000E+00   0.000000E+00+0.000000E+00j     1.000000E+00          l
[2024/01/07 06:16:37]          252  alphaPorosity_252       c     0.000000E+00   0.000000E+00+0.000000E+00j     1.000000E+00          l
[2024/01/07 06:16:37]          253  alphaPorosity_253       c     0.000000E+00   0.000000E+00+0.000000E+00j     1.000000E+00          l
[2024/01/07 06:16:37]          254  alphaPorosity_254       c     0.000000E+00   0.000000E+00+0.000000E+00j     1.000000E+00          l
[2024/01/07 06:16:37]          255  alphaPorosity_255       c     0.000000E+00   0.000000E+00+0.000000E+00j     1.000000E+00          l
[2024/01/07 06:16:37]          256  alphaPorosity_256       c     0.000000E+00   0.000000E+00+0.000000E+00j     1.000000E+00          l
[2024/01/07 06:16:37]          257  alphaPorosity_257       c     0.000000E+00   0.000000E+00+0.000000E+00j     1.000000E+00          l
[2024/01/07 06:16:37]          258  alphaPorosity_258       c     0.000000E+00   0.000000E+00+0.000000E+00j     1.000000E+00          l
[2024/01/07 06:16:37]          259  alphaPorosity_259       c     0.000000E+00   0.000000E+00+0.000000E+00j     1.000000E+00          l
[2024/01/07 06:16:37]          260  alphaPorosity_260       c     0.000000E+00   0.000000E+00+0.000000E+00j     1.000000E+00          l
[2024/01/07 06:16:37]          261  alphaPorosity_261       c     0.000000E+00   0.000000E+00+0.000000E+00j     1.000000E+00          l
[2024/01/07 06:16:37]          262  alphaPorosity_262       c     0.000000E+00   0.000000E+00+0.000000E+00j     1.000000E+00          l
[2024/01/07 06:16:37]          263  alphaPorosity_263       c     0.000000E+00   0.000000E+00+0.000000E+00j     1.000000E+00          l
[2024/01/07 06:16:37]          264  alphaPorosity_264       c     0.000000E+00   0.000000E+00+0.000000E+00j     1.000000E+00          l
[2024/01/07 06:16:37]          265  alphaPorosity_265       c     0.000000E+00   0.000000E+00+0.000000E+00j     1.000000E+00          l
[2024/01/07 06:16:37]          266  alphaPorosity_266       c     0.000000E+00   0.000000E+00+0.000000E+00j     1.000000E+00          l
[2024/01/07 06:16:37]          267  alphaPorosity_267       c     0.000000E+00   0.000000E+00+0.000000E+00j     1.000000E+00          l
[2024/01/07 06:16:37]          268  alphaPorosity_268       c     0.000000E+00   0.000000E+00+0.000000E+00j     1.000000E+00          l
[2024/01/07 06:16:37]          269  alphaPorosity_269       c     0.000000E+00   0.000000E+00+0.000000E+00j     1.000000E+00          l
[2024/01/07 06:16:37]          270  alphaPorosity_270       c     0.000000E+00   0.000000E+00+0.000000E+00j     1.000000E+00          l
[2024/01/07 06:16:37]          271  alphaPorosity_271       c     0.000000E+00   0.000000E+00+0.000000E+00j     1.000000E+00          l
[2024/01/07 06:16:37]          272  alphaPorosity_272       c     0.000000E+00   0.000000E+00+0.000000E+00j     1.000000E+00          l
[2024/01/07 06:16:37]          273  alphaPorosity_273       c     0.000000E+00   0.000000E+00+0.000000E+00j     1.000000E+00          l
[2024/01/07 06:16:37]          274  alphaPorosity_274       c     0.000000E+00   0.000000E+00+0.000000E+00j     1.000000E+00          l
[2024/01/07 06:16:37]          275  alphaPorosity_275       c     0.000000E+00   0.000000E+00+0.000000E+00j     1.000000E+00          l
[2024/01/07 06:16:37]          276  alphaPorosity_276       c     0.000000E+00   0.000000E+00+0.000000E+00j     1.000000E+00          l
[2024/01/07 06:16:37]          277  alphaPorosity_277       c     0.000000E+00   0.000000E+00+0.000000E+00j     1.000000E+00          l
[2024/01/07 06:16:37]          278  alphaPorosity_278       c     0.000000E+00   0.000000E+00+0.000000E+00j     1.000000E+00          l
[2024/01/07 06:16:37]          279  alphaPorosity_279       c     0.000000E+00   0.000000E+00+0.000000E+00j     1.000000E+00          l
[2024/01/07 06:16:37]          280  alphaPorosity_280       c     0.000000E+00   0.000000E+00+0.000000E+00j     1.000000E+00          l
[2024/01/07 06:16:37]          281  alphaPorosity_281       c     0.000000E+00   0.000000E+00+0.000000E+00j     1.000000E+00          l
[2024/01/07 06:16:37]          282  alphaPorosity_282       c     0.000000E+00   0.000000E+00+0.000000E+00j     1.000000E+00          l
[2024/01/07 06:16:37]          283  alphaPorosity_283       c     0.000000E+00   0.000000E+00+0.000000E+00j     1.000000E+00          l
[2024/01/07 06:16:37]          284  alphaPorosity_284       c     0.000000E+00   0.000000E+00+0.000000E+00j     1.000000E+00          l
[2024/01/07 06:16:37]          285  alphaPorosity_285       c     0.000000E+00   0.000000E+00+0.000000E+00j     1.000000E+00          l
[2024/01/07 06:16:37]          286  alphaPorosity_286       c     0.000000E+00   0.000000E+00+0.000000E+00j     1.000000E+00          l
[2024/01/07 06:16:37]          287  alphaPorosity_287       c     0.000000E+00   0.000000E+00+0.000000E+00j     1.000000E+00          l
[2024/01/07 06:16:37]          288  alphaPorosity_288       c     0.000000E+00   0.000000E+00+0.000000E+00j     1.000000E+00          l
[2024/01/07 06:16:37]          289  alphaPorosity_289       c     0.000000E+00   0.000000E+00+0.000000E+00j     1.000000E+00          l
[2024/01/07 06:16:37]          290  alphaPorosity_290       c     0.000000E+00   0.000000E+00+0.000000E+00j     1.000000E+00          l
[2024/01/07 06:16:37]          291  alphaPorosity_291       c     0.000000E+00   0.000000E+00+0.000000E+00j     1.000000E+00          l
[2024/01/07 06:16:37]          292  alphaPorosity_292       c     0.000000E+00   0.000000E+00+0.000000E+00j     1.000000E+00          l
[2024/01/07 06:16:37]          293  alphaPorosity_293       c     0.000000E+00   0.000000E+00+0.000000E+00j     1.000000E+00          l
[2024/01/07 06:16:37]          294  alphaPorosity_294       c     0.000000E+00   0.000000E+00+0.000000E+00j     1.000000E+00          l
[2024/01/07 06:16:37]          295  alphaPorosity_295       c     0.000000E+00   0.000000E+00+0.000000E+00j     1.000000E+00          l
[2024/01/07 06:16:37]          296  alphaPorosity_296       c     0.000000E+00   0.000000E+00+0.000000E+00j     1.000000E+00          l
[2024/01/07 06:16:37]          297  alphaPorosity_297       c     0.000000E+00   0.000000E+00+0.000000E+00j     1.000000E+00          l
[2024/01/07 06:16:37]          298  alphaPorosity_298       c     0.000000E+00   0.000000E+00+0.000000E+00j     1.000000E+00          l
[2024/01/07 06:16:37]          299  alphaPorosity_299       c     0.000000E+00   0.000000E+00+0.000000E+00j     1.000000E+00          l
[2024/01/07 06:16:37]          300  alphaPorosity_300       c     0.000000E+00   0.000000E+00+0.000000E+00j     1.000000E+00          l
[2024/01/07 06:16:37]          301  alphaPorosity_301       c     0.000000E+00   0.000000E+00+0.000000E+00j     1.000000E+00          l
[2024/01/07 06:16:37]          302  alphaPorosity_302       c     0.000000E+00   0.000000E+00+0.000000E+00j     1.000000E+00          l
[2024/01/07 06:16:37]          303  alphaPorosity_303       c     0.000000E+00   0.000000E+00+0.000000E+00j     1.000000E+00          l
[2024/01/07 06:16:37]          304  alphaPorosity_304       c     0.000000E+00   0.000000E+00+0.000000E+00j     1.000000E+00          l
[2024/01/07 06:16:37]          305  alphaPorosity_305       c     0.000000E+00   0.000000E+00+0.000000E+00j     1.000000E+00          l
[2024/01/07 06:16:37]          306  alphaPorosity_306       c     0.000000E+00   0.000000E+00+0.000000E+00j     1.000000E+00          l
[2024/01/07 06:16:37]          307  alphaPorosity_307       c     0.000000E+00   0.000000E+00+0.000000E+00j     1.000000E+00          l
[2024/01/07 06:16:37]          308  alphaPorosity_308       c     0.000000E+00   0.000000E+00+0.000000E+00j     1.000000E+00          l
[2024/01/07 06:16:37]          309  alphaPorosity_309       c     0.000000E+00   0.000000E+00+0.000000E+00j     1.000000E+00          l
[2024/01/07 06:16:37]          310  alphaPorosity_310       c     0.000000E+00   0.000000E+00+0.000000E+00j     1.000000E+00          l
[2024/01/07 06:16:37]          311  alphaPorosity_311       c     0.000000E+00   0.000000E+00+0.000000E+00j     1.000000E+00          l
[2024/01/07 06:16:37]          312  alphaPorosity_312       c     0.000000E+00   0.000000E+00+0.000000E+00j     1.000000E+00          l
[2024/01/07 06:16:37]          313  alphaPorosity_313       c     0.000000E+00   0.000000E+00+0.000000E+00j     1.000000E+00          l
[2024/01/07 06:16:37]          314  alphaPorosity_314       c     0.000000E+00   0.000000E+00+0.000000E+00j     1.000000E+00          l
[2024/01/07 06:16:37]          315  alphaPorosity_315       c     0.000000E+00   0.000000E+00+0.000000E+00j     1.000000E+00          l
[2024/01/07 06:16:37]          316  alphaPorosity_316       c     0.000000E+00   0.000000E+00+0.000000E+00j     1.000000E+00          l
[2024/01/07 06:16:37]          317  alphaPorosity_317       c     0.000000E+00   0.000000E+00+0.000000E+00j     1.000000E+00          l
[2024/01/07 06:16:37]          318  alphaPorosity_318       c     0.000000E+00   0.000000E+00+0.000000E+00j     1.000000E+00          l
[2024/01/07 06:16:37]          319  alphaPorosity_319       c     0.000000E+00   0.000000E+00+0.000000E+00j     1.000000E+00          l
[2024/01/07 06:16:37]          320  alphaPorosity_320       c     0.000000E+00   0.000000E+00+0.000000E+00j     1.000000E+00          l
[2024/01/07 06:16:37]          321  alphaPorosity_321       c     0.000000E+00   0.000000E+00+0.000000E+00j     1.000000E+00          l
[2024/01/07 06:16:37]          322  alphaPorosity_322       c     0.000000E+00   0.000000E+00+0.000000E+00j     1.000000E+00          l
[2024/01/07 06:16:37]          323  alphaPorosity_323       c     0.000000E+00   0.000000E+00+0.000000E+00j     1.000000E+00          l
[2024/01/07 06:16:37]          324  alphaPorosity_324       c     0.000000E+00   0.000000E+00+0.000000E+00j     1.000000E+00          l
[2024/01/07 06:16:37]          325  alphaPorosity_325       c     0.000000E+00   0.000000E+00+0.000000E+00j     1.000000E+00          l
[2024/01/07 06:16:37]          326  alphaPorosity_326       c     0.000000E+00   0.000000E+00+0.000000E+00j     1.000000E+00          l
[2024/01/07 06:16:37]          327  alphaPorosity_327       c     0.000000E+00   0.000000E+00+0.000000E+00j     1.000000E+00          l
[2024/01/07 06:16:37]          328  alphaPorosity_328       c     0.000000E+00   0.000000E+00+0.000000E+00j     1.000000E+00          l
[2024/01/07 06:16:37]          329  alphaPorosity_329       c     0.000000E+00   0.000000E+00+0.000000E+00j     1.000000E+00          l
[2024/01/07 06:16:37]          330  alphaPorosity_330       c     0.000000E+00   0.000000E+00+0.000000E+00j     1.000000E+00          l
[2024/01/07 06:16:37]          331  alphaPorosity_331       c     0.000000E+00   0.000000E+00+0.000000E+00j     1.000000E+00          l
[2024/01/07 06:16:37]          332  alphaPorosity_332       c     0.000000E+00   0.000000E+00+0.000000E+00j     1.000000E+00          l
[2024/01/07 06:16:37]          333  alphaPorosity_333       c     0.000000E+00   0.000000E+00+0.000000E+00j     1.000000E+00          l
[2024/01/07 06:16:37]          334  alphaPorosity_334       c     0.000000E+00   0.000000E+00+0.000000E+00j     1.000000E+00          l
[2024/01/07 06:16:37]          335  alphaPorosity_335       c     0.000000E+00   0.000000E+00+0.000000E+00j     1.000000E+00          l
[2024/01/07 06:16:37]          336  alphaPorosity_336       c     0.000000E+00   0.000000E+00+0.000000E+00j     1.000000E+00          l
[2024/01/07 06:16:37]          337  alphaPorosity_337       c     0.000000E+00   0.000000E+00+0.000000E+00j     1.000000E+00          l
[2024/01/07 06:16:37]          338  alphaPorosity_338       c     0.000000E+00   0.000000E+00+0.000000E+00j     1.000000E+00          l
[2024/01/07 06:16:37]          339  alphaPorosity_339       c     0.000000E+00   0.000000E+00+0.000000E+00j     1.000000E+00          l
[2024/01/07 06:16:37]          340  alphaPorosity_340       c     0.000000E+00   0.000000E+00+0.000000E+00j     1.000000E+00          l
[2024/01/07 06:16:37]          341  alphaPorosity_341       c     0.000000E+00   0.000000E+00+0.000000E+00j     1.000000E+00          l
[2024/01/07 06:16:37]          342  alphaPorosity_342       c     0.000000E+00   0.000000E+00+0.000000E+00j     1.000000E+00          l
[2024/01/07 06:16:37]          343  alphaPorosity_343       c     0.000000E+00   0.000000E+00+0.000000E+00j     1.000000E+00          l
[2024/01/07 06:16:37]          344  alphaPorosity_344       c     0.000000E+00   0.000000E+00+0.000000E+00j     1.000000E+00          l
[2024/01/07 06:16:37]          345  alphaPorosity_345       c     0.000000E+00   0.000000E+00+0.000000E+00j     1.000000E+00          l
[2024/01/07 06:16:37]          346  alphaPorosity_346       c     0.000000E+00   0.000000E+00+0.000000E+00j     1.000000E+00          l
[2024/01/07 06:16:37]          347  alphaPorosity_347       c     0.000000E+00   0.000000E+00+0.000000E+00j     1.000000E+00          l
[2024/01/07 06:16:37]          348  alphaPorosity_348       c     0.000000E+00   0.000000E+00+0.000000E+00j     1.000000E+00          l
[2024/01/07 06:16:37]          349  alphaPorosity_349       c     0.000000E+00   0.000000E+00+0.000000E+00j     1.000000E+00          l
[2024/01/07 06:16:37]          350  alphaPorosity_350       c     0.000000E+00   0.000000E+00+0.000000E+00j     1.000000E+00          l
[2024/01/07 06:16:37]          351  alphaPorosity_351       c     0.000000E+00   0.000000E+00+0.000000E+00j     1.000000E+00          l
[2024/01/07 06:16:37]          352  alphaPorosity_352       c     0.000000E+00   0.000000E+00+0.000000E+00j     1.000000E+00          l
[2024/01/07 06:16:37]          353  alphaPorosity_353       c     0.000000E+00   0.000000E+00+0.000000E+00j     1.000000E+00          l
[2024/01/07 06:16:37]          354  alphaPorosity_354       c     0.000000E+00   0.000000E+00+0.000000E+00j     1.000000E+00          l
[2024/01/07 06:16:37]          355  alphaPorosity_355       c     0.000000E+00   0.000000E+00+0.000000E+00j     1.000000E+00          l
[2024/01/07 06:16:37]          356  alphaPorosity_356       c     0.000000E+00   0.000000E+00+0.000000E+00j     1.000000E+00          l
[2024/01/07 06:16:37]          357  alphaPorosity_357       c     0.000000E+00   0.000000E+00+0.000000E+00j     1.000000E+00          l
[2024/01/07 06:16:37]          358  alphaPorosity_358       c     0.000000E+00   0.000000E+00+0.000000E+00j     1.000000E+00          l
[2024/01/07 06:16:37]          359  alphaPorosity_359       c     0.000000E+00   0.000000E+00+0.000000E+00j     1.000000E+00          l
[2024/01/07 06:16:37]          360  alphaPorosity_360       c     0.000000E+00   0.000000E+00+0.000000E+00j     1.000000E+00          l
[2024/01/07 06:16:37]          361  alphaPorosity_361       c     0.000000E+00   0.000000E+00+0.000000E+00j     1.000000E+00          l
[2024/01/07 06:16:37]          362  alphaPorosity_362       c     0.000000E+00   0.000000E+00+0.000000E+00j     1.000000E+00          l
[2024/01/07 06:16:37]          363  alphaPorosity_363       c     0.000000E+00   0.000000E+00+0.000000E+00j     1.000000E+00          l
[2024/01/07 06:16:37]          364  alphaPorosity_364       c     0.000000E+00   0.000000E+00+0.000000E+00j     1.000000E+00          l
[2024/01/07 06:16:37]          365  alphaPorosity_365       c     0.000000E+00   0.000000E+00+0.000000E+00j     1.000000E+00          l
[2024/01/07 06:16:37]          366  alphaPorosity_366       c     0.000000E+00   0.000000E+00+0.000000E+00j     1.000000E+00          l
[2024/01/07 06:16:37]          367  alphaPorosity_367       c     0.000000E+00   0.000000E+00+0.000000E+00j     1.000000E+00          l
[2024/01/07 06:16:37]          368  alphaPorosity_368       c     0.000000E+00   0.000000E+00+0.000000E+00j     1.000000E+00          l
[2024/01/07 06:16:37]          369  alphaPorosity_369       c     0.000000E+00   0.000000E+00+0.000000E+00j     1.000000E+00          l
[2024/01/07 06:16:37]          370  alphaPorosity_370       c     0.000000E+00   0.000000E+00+0.000000E+00j     1.000000E+00          l
[2024/01/07 06:16:37]          371  alphaPorosity_371       c     0.000000E+00   0.000000E+00+0.000000E+00j     1.000000E+00          l
[2024/01/07 06:16:37]          372  alphaPorosity_372       c     0.000000E+00   0.000000E+00+0.000000E+00j     1.000000E+00          l
[2024/01/07 06:16:37]          373  alphaPorosity_373       c     0.000000E+00   0.000000E+00+0.000000E+00j     1.000000E+00          l
[2024/01/07 06:16:37]          374  alphaPorosity_374       c     0.000000E+00   0.000000E+00+0.000000E+00j     1.000000E+00          l
[2024/01/07 06:16:37]          375  alphaPorosity_375       c     0.000000E+00   0.000000E+00+0.000000E+00j     1.000000E+00          l
[2024/01/07 06:16:37]          376  alphaPorosity_376       c     0.000000E+00   0.000000E+00+0.000000E+00j     1.000000E+00          l
[2024/01/07 06:16:37]          377  alphaPorosity_377       c     0.000000E+00   0.000000E+00+0.000000E+00j     1.000000E+00          l
[2024/01/07 06:16:37]          378  alphaPorosity_378       c     0.000000E+00   0.000000E+00+0.000000E+00j     1.000000E+00          l
[2024/01/07 06:16:37]          379  alphaPorosity_379       c     0.000000E+00   0.000000E+00+0.000000E+00j     1.000000E+00          l
[2024/01/07 06:16:37]          380  alphaPorosity_380       c     0.000000E+00   0.000000E+00+0.000000E+00j     1.000000E+00          l
[2024/01/07 06:16:37]          381  alphaPorosity_381       c     0.000000E+00   0.000000E+00+0.000000E+00j     1.000000E+00          l
[2024/01/07 06:16:37]          382  alphaPorosity_382       c     0.000000E+00   0.000000E+00+0.000000E+00j     1.000000E+00          l
[2024/01/07 06:16:37]          383  alphaPorosity_383       c     0.000000E+00   0.000000E+00+0.000000E+00j     1.000000E+00          l
[2024/01/07 06:16:37]          384  alphaPorosity_384       c     0.000000E+00   0.000000E+00+0.000000E+00j     1.000000E+00          l
[2024/01/07 06:16:37]          385  alphaPorosity_385       c     0.000000E+00   0.000000E+00+0.000000E+00j     1.000000E+00          l
[2024/01/07 06:16:37]          386  alphaPorosity_386       c     0.000000E+00   0.000000E+00+0.000000E+00j     1.000000E+00          l
[2024/01/07 06:16:37]          387  alphaPorosity_387       c     0.000000E+00   0.000000E+00+0.000000E+00j     1.000000E+00          l
[2024/01/07 06:16:37]          388  alphaPorosity_388       c     0.000000E+00   0.000000E+00+0.000000E+00j     1.000000E+00          l
[2024/01/07 06:16:37]          389  alphaPorosity_389       c     0.000000E+00   0.000000E+00+0.000000E+00j     1.000000E+00          l
[2024/01/07 06:16:37]          390  alphaPorosity_390       c     0.000000E+00   0.000000E+00+0.000000E+00j     1.000000E+00          l
[2024/01/07 06:16:37]          391  alphaPorosity_391       c     0.000000E+00   0.000000E+00+0.000000E+00j     1.000000E+00          l
[2024/01/07 06:16:37]          392  alphaPorosity_392       c     0.000000E+00   0.000000E+00+0.000000E+00j     1.000000E+00          l
[2024/01/07 06:16:37]          393  alphaPorosity_393       c     0.000000E+00   0.000000E+00+0.000000E+00j     1.000000E+00          l
[2024/01/07 06:16:37]          394  alphaPorosity_394       c     0.000000E+00   0.000000E+00+0.000000E+00j     1.000000E+00          l
[2024/01/07 06:16:37]          395  alphaPorosity_395       c     0.000000E+00   0.000000E+00+0.000000E+00j     1.000000E+00          l
[2024/01/07 06:16:37]          396  alphaPorosity_396       c     0.000000E+00   0.000000E+00+0.000000E+00j     1.000000E+00          l
[2024/01/07 06:16:37]          397  alphaPorosity_397       c     0.000000E+00   0.000000E+00+0.000000E+00j     1.000000E+00          l
[2024/01/07 06:16:37]          398  alphaPorosity_398       c     0.000000E+00   0.000000E+00+0.000000E+00j     1.000000E+00          l
[2024/01/07 06:16:37]          399  alphaPorosity_399       c     0.000000E+00   0.000000E+00+0.000000E+00j     1.000000E+00          l
[2024/01/07 06:16:37]          400  alphaPorosity_400       c     0.000000E+00   0.000000E+00+0.000000E+00j     1.000000E+00          l
[2024/01/07 06:16:37]          401  alphaPorosity_401       c     0.000000E+00   0.000000E+00+0.000000E+00j     1.000000E+00          l
[2024/01/07 06:16:37]          402  alphaPorosity_402       c     0.000000E+00   0.000000E+00+0.000000E+00j     1.000000E+00          l
[2024/01/07 06:16:37]          403  alphaPorosity_403       c     0.000000E+00   0.000000E+00+0.000000E+00j     1.000000E+00          l
[2024/01/07 06:16:37]          404  alphaPorosity_404       c     0.000000E+00   0.000000E+00+0.000000E+00j     1.000000E+00          l
[2024/01/07 06:16:37]          405  alphaPorosity_405       c     0.000000E+00   0.000000E+00+0.000000E+00j     1.000000E+00          l
[2024/01/07 06:16:37]          406  alphaPorosity_406       c     0.000000E+00   0.000000E+00+0.000000E+00j     1.000000E+00          l
[2024/01/07 06:16:37]          407  alphaPorosity_407       c     0.000000E+00   0.000000E+00+0.000000E+00j     1.000000E+00          l
[2024/01/07 06:16:37]          408  alphaPorosity_408       c     0.000000E+00   0.000000E+00+0.000000E+00j     1.000000E+00          l
[2024/01/07 06:16:37]          409  alphaPorosity_409       c     0.000000E+00   0.000000E+00+0.000000E+00j     1.000000E+00          l
[2024/01/07 06:16:37]          410  alphaPorosity_410       c     0.000000E+00   0.000000E+00+0.000000E+00j     1.000000E+00          l
[2024/01/07 06:16:37]          411  alphaPorosity_411       c     0.000000E+00   0.000000E+00+0.000000E+00j     1.000000E+00          l
[2024/01/07 06:16:37]          412  alphaPorosity_412       c     0.000000E+00   0.000000E+00+0.000000E+00j     1.000000E+00          l
[2024/01/07 06:16:37]          413  alphaPorosity_413       c     0.000000E+00   0.000000E+00+0.000000E+00j     1.000000E+00          l
[2024/01/07 06:16:37]          414  alphaPorosity_414       c     0.000000E+00   0.000000E+00+0.000000E+00j     1.000000E+00          l
[2024/01/07 06:16:37]          415  alphaPorosity_415       c     0.000000E+00   0.000000E+00+0.000000E+00j     1.000000E+00          l
[2024/01/07 06:16:37]          416  alphaPorosity_416       c     0.000000E+00   0.000000E+00+0.000000E+00j     1.000000E+00          l
[2024/01/07 06:16:37]          417  alphaPorosity_417       c     0.000000E+00   0.000000E+00+0.000000E+00j     1.000000E+00          l
[2024/01/07 06:16:37]          418  alphaPorosity_418       c     0.000000E+00   0.000000E+00+0.000000E+00j     1.000000E+00          l
[2024/01/07 06:16:37]          419  alphaPorosity_419       c     0.000000E+00   0.000000E+00+0.000000E+00j     1.000000E+00          l
[2024/01/07 06:16:37]          420  alphaPorosity_420       c     0.000000E+00   0.000000E+00+0.000000E+00j     1.000000E+00          l
[2024/01/07 06:16:37]          421  alphaPorosity_421       c     0.000000E+00   0.000000E+00+0.000000E+00j     1.000000E+00          l
[2024/01/07 06:16:37]          422  alphaPorosity_422       c     0.000000E+00   0.000000E+00+0.000000E+00j     1.000000E+00          l
[2024/01/07 06:16:37]          423  alphaPorosity_423       c     0.000000E+00   0.000000E+00+0.000000E+00j     1.000000E+00          l
[2024/01/07 06:16:37]          424  alphaPorosity_424       c     0.000000E+00   0.000000E+00+0.000000E+00j     1.000000E+00          l
[2024/01/07 06:16:37]          425  alphaPorosity_425       c     0.000000E+00   0.000000E+00+0.000000E+00j     1.000000E+00          l
[2024/01/07 06:16:37]          426  alphaPorosity_426       c     0.000000E+00   0.000000E+00+0.000000E+00j     1.000000E+00          l
[2024/01/07 06:16:37]          427  alphaPorosity_427       c     0.000000E+00   0.000000E+00+0.000000E+00j     1.000000E+00          l
[2024/01/07 06:16:37]          428  alphaPorosity_428       c     0.000000E+00   0.000000E+00+0.000000E+00j     1.000000E+00          l
[2024/01/07 06:16:37]          429  alphaPorosity_429       c     0.000000E+00   0.000000E+00+0.000000E+00j     1.000000E+00          l
[2024/01/07 06:16:37]          430  alphaPorosity_430       c     0.000000E+00   0.000000E+00+0.000000E+00j     1.000000E+00          l
[2024/01/07 06:16:37]          431  alphaPorosity_431       c     0.000000E+00   0.000000E+00+0.000000E+00j     1.000000E+00          l
[2024/01/07 06:16:37]          432  alphaPorosity_432       c     0.000000E+00   0.000000E+00+0.000000E+00j     1.000000E+00          l
[2024/01/07 06:16:37]          433  alphaPorosity_433       c     0.000000E+00   0.000000E+00+0.000000E+00j     1.000000E+00          l
[2024/01/07 06:16:37]          434  alphaPorosity_434       c     0.000000E+00   0.000000E+00+0.000000E+00j     1.000000E+00          l
[2024/01/07 06:16:37]          435  alphaPorosity_435       c     0.000000E+00   0.000000E+00+0.000000E+00j     1.000000E+00          l
[2024/01/07 06:16:37]          436  alphaPorosity_436       c     0.000000E+00   0.000000E+00+0.000000E+00j     1.000000E+00          l
[2024/01/07 06:16:37]          437  alphaPorosity_437       c     0.000000E+00   0.000000E+00+0.000000E+00j     1.000000E+00          l
[2024/01/07 06:16:37]          438  alphaPorosity_438       c     0.000000E+00   0.000000E+00+0.000000E+00j     1.000000E+00          l
[2024/01/07 06:16:37]          439  alphaPorosity_439       c     0.000000E+00   0.000000E+00+0.000000E+00j     1.000000E+00          l
[2024/01/07 06:16:37]          440  alphaPorosity_440       c     0.000000E+00   0.000000E+00+0.000000E+00j     1.000000E+00          l
[2024/01/07 06:16:37]          441  alphaPorosity_441       c     0.000000E+00   0.000000E+00+0.000000E+00j     1.000000E+00          l
[2024/01/07 06:16:37]          442  alphaPorosity_442       c     0.000000E+00   0.000000E+00+0.000000E+00j     1.000000E+00          l
[2024/01/07 06:16:37]          443  alphaPorosity_443       c     0.000000E+00   0.000000E+00+0.000000E+00j     1.000000E+00          l
[2024/01/07 06:16:37]          444  alphaPorosity_444       c     0.000000E+00   0.000000E+00+0.000000E+00j     1.000000E+00          l
[2024/01/07 06:16:37]          445  alphaPorosity_445       c     0.000000E+00   0.000000E+00+0.000000E+00j     1.000000E+00          l
[2024/01/07 06:16:37]          446  alphaPorosity_446       c     0.000000E+00   0.000000E+00+0.000000E+00j     1.000000E+00          l
[2024/01/07 06:16:37]          447  alphaPorosity_447       c     0.000000E+00   0.000000E+00+0.000000E+00j     1.000000E+00          l
[2024/01/07 06:16:37]          448  alphaPorosity_448       c     0.000000E+00   0.000000E+00+0.000000E+00j     1.000000E+00          l
[2024/01/07 06:16:37]          449  alphaPorosity_449       c     0.000000E+00   0.000000E+00+0.000000E+00j     1.000000E+00          l
[2024/01/07 06:16:37]          450  alphaPorosity_450       c     0.000000E+00   0.000000E+00+0.000000E+00j     1.000000E+00          l
[2024/01/07 06:16:37]          451  alphaPorosity_451       c     0.000000E+00   0.000000E+00+0.000000E+00j     1.000000E+00          l
[2024/01/07 06:16:37]          452  alphaPorosity_452       c     0.000000E+00   0.000000E+00+0.000000E+00j     1.000000E+00          l
[2024/01/07 06:16:37]          453  alphaPorosity_453       c     0.000000E+00   0.000000E+00+0.000000E+00j     1.000000E+00          l
[2024/01/07 06:16:37]          454  alphaPorosity_454       c     0.000000E+00   0.000000E+00+0.000000E+00j     1.000000E+00          l
[2024/01/07 06:16:37]          455  alphaPorosity_455       c     0.000000E+00   0.000000E+00+0.000000E+00j     1.000000E+00          l
[2024/01/07 06:16:37]          456  alphaPorosity_456       c     0.000000E+00   0.000000E+00+0.000000E+00j     1.000000E+00          l
[2024/01/07 06:16:37]          457  alphaPorosity_457       c     0.000000E+00   0.000000E+00+0.000000E+00j     1.000000E+00          l
[2024/01/07 06:16:37]          458  alphaPorosity_458       c     0.000000E+00   0.000000E+00+0.000000E+00j     1.000000E+00          l
[2024/01/07 06:16:37]          459  alphaPorosity_459       c     0.000000E+00   0.000000E+00+0.000000E+00j     1.000000E+00          l
[2024/01/07 06:16:37]          460  alphaPorosity_460       c     0.000000E+00   0.000000E+00+0.000000E+00j     1.000000E+00          l
[2024/01/07 06:16:37]          461  alphaPorosity_461       c     0.000000E+00   0.000000E+00+0.000000E+00j     1.000000E+00          l
[2024/01/07 06:16:37]          462  alphaPorosity_462       c     0.000000E+00   0.000000E+00+0.000000E+00j     1.000000E+00          l
[2024/01/07 06:16:37]          463  alphaPorosity_463       c     0.000000E+00   0.000000E+00+0.000000E+00j     1.000000E+00          l
[2024/01/07 06:16:37]          464  alphaPorosity_464       c     0.000000E+00   0.000000E+00+0.000000E+00j     1.000000E+00          l
[2024/01/07 06:16:37]          465  alphaPorosity_465       c     0.000000E+00   0.000000E+00+0.000000E+00j     1.000000E+00          l
[2024/01/07 06:16:37]          466  alphaPorosity_466       c     0.000000E+00   0.000000E+00+0.000000E+00j     1.000000E+00          l
[2024/01/07 06:16:37]          467  alphaPorosity_467       c     0.000000E+00   0.000000E+00+0.000000E+00j     1.000000E+00          l
[2024/01/07 06:16:37]          468  alphaPorosity_468       c     0.000000E+00   0.000000E+00+0.000000E+00j     1.000000E+00          l
[2024/01/07 06:16:37]          469  alphaPorosity_469       c     0.000000E+00   0.000000E+00+0.000000E+00j     1.000000E+00          l
[2024/01/07 06:16:37]          470  alphaPorosity_470       c     0.000000E+00   0.000000E+00+0.000000E+00j     1.000000E+00          l
[2024/01/07 06:16:37]          471  alphaPorosity_471       c     0.000000E+00   0.000000E+00+0.000000E+00j     1.000000E+00          l
[2024/01/07 06:16:37]          472  alphaPorosity_472       c     0.000000E+00   0.000000E+00+0.000000E+00j     1.000000E+00          l
[2024/01/07 06:16:37]          473  alphaPorosity_473       c     0.000000E+00   0.000000E+00+0.000000E+00j     1.000000E+00          l
[2024/01/07 06:16:37]          474  alphaPorosity_474       c     0.000000E+00   0.000000E+00+0.000000E+00j     1.000000E+00          l
[2024/01/07 06:16:37]          475  alphaPorosity_475       c     0.000000E+00   0.000000E+00+0.000000E+00j     1.000000E+00          l
[2024/01/07 06:16:37]          476  alphaPorosity_476       c     0.000000E+00   0.000000E+00+0.000000E+00j     1.000000E+00          l
[2024/01/07 06:16:37]          477  alphaPorosity_477       c     0.000000E+00   0.000000E+00+0.000000E+00j     1.000000E+00          l
[2024/01/07 06:16:37]          478  alphaPorosity_478       c     0.000000E+00   0.000000E+00+0.000000E+00j     1.000000E+00          l
[2024/01/07 06:16:37]          479  alphaPorosity_479       c     0.000000E+00   0.000000E+00+0.000000E+00j     1.000000E+00          l
[2024/01/07 06:16:37]          480  alphaPorosity_480       c     0.000000E+00   0.000000E+00+0.000000E+00j     1.000000E+00          l
[2024/01/07 06:16:37]          481  alphaPorosity_481       c     0.000000E+00   0.000000E+00+0.000000E+00j     1.000000E+00          l
[2024/01/07 06:16:37]          482  alphaPorosity_482       c     0.000000E+00   0.000000E+00+0.000000E+00j     1.000000E+00          l
[2024/01/07 06:16:37]          483  alphaPorosity_483       c     0.000000E+00   0.000000E+00+0.000000E+00j     1.000000E+00          l
[2024/01/07 06:16:37]          484  alphaPorosity_484       c     0.000000E+00   0.000000E+00+0.000000E+00j     1.000000E+00          l
[2024/01/07 06:16:37]          485  alphaPorosity_485       c     0.000000E+00   0.000000E+00+0.000000E+00j     1.000000E+00          l
[2024/01/07 06:16:37]          486  alphaPorosity_486       c     0.000000E+00   0.000000E+00+0.000000E+00j     1.000000E+00          l
[2024/01/07 06:16:37]          487  alphaPorosity_487       c     0.000000E+00   0.000000E+00+0.000000E+00j     1.000000E+00          l
[2024/01/07 06:16:37]          488  alphaPorosity_488       c     0.000000E+00   0.000000E+00+0.000000E+00j     1.000000E+00          l
[2024/01/07 06:16:37]          489  alphaPorosity_489       c     0.000000E+00   0.000000E+00+0.000000E+00j     1.000000E+00          l
[2024/01/07 06:16:37]          490  alphaPorosity_490       c     0.000000E+00   0.000000E+00+0.000000E+00j     1.000000E+00          l
[2024/01/07 06:16:37]          491  alphaPorosity_491       c     0.000000E+00   0.000000E+00+0.000000E+00j     1.000000E+00          l
[2024/01/07 06:16:37]          492  alphaPorosity_492       c     0.000000E+00   0.000000E+00+0.000000E+00j     1.000000E+00          l
[2024/01/07 06:16:37]          493  alphaPorosity_493       c     0.000000E+00   0.000000E+00+0.000000E+00j     1.000000E+00          l
[2024/01/07 06:16:37]          494  alphaPorosity_494       c     0.000000E+00   0.000000E+00+0.000000E+00j     1.000000E+00          l
[2024/01/07 06:16:37]          495  alphaPorosity_495       c     0.000000E+00   0.000000E+00+0.000000E+00j     1.000000E+00          l
[2024/01/07 06:16:37]          496  alphaPorosity_496       c     0.000000E+00   0.000000E+00+0.000000E+00j     1.000000E+00          l
[2024/01/07 06:16:37]          497  alphaPorosity_497       c     0.000000E+00   0.000000E+00+0.000000E+00j     1.000000E+00          l
[2024/01/07 06:16:37]          498  alphaPorosity_498       c     0.000000E+00   0.000000E+00+0.000000E+00j     1.000000E+00          l
[2024/01/07 06:16:37]          499  alphaPorosity_499       c     0.000000E+00   0.000000E+00+0.000000E+00j     1.000000E+00          l
[2024/01/07 06:16:37]          500  alphaPorosity_500       c     0.000000E+00   0.000000E+00+0.000000E+00j     1.000000E+00          l
[2024/01/07 06:16:37]          501  alphaPorosity_501       c     0.000000E+00   0.000000E+00+0.000000E+00j     1.000000E+00          l
[2024/01/07 06:16:37]          502  alphaPorosity_502       c     0.000000E+00   0.000000E+00+0.000000E+00j     1.000000E+00          l
[2024/01/07 06:16:37]          503  alphaPorosity_503       c     0.000000E+00   0.000000E+00+0.000000E+00j     1.000000E+00          l
[2024/01/07 06:16:37]          504  alphaPorosity_504       c     0.000000E+00   0.000000E+00+0.000000E+00j     1.000000E+00          l
[2024/01/07 06:16:37]          505  alphaPorosity_505       c     0.000000E+00   0.000000E+00+0.000000E+00j     1.000000E+00          l
[2024/01/07 06:16:37]          506  alphaPorosity_506       c     0.000000E+00   0.000000E+00+0.000000E+00j     1.000000E+00          l
[2024/01/07 06:16:37]          507  alphaPorosity_507       c     0.000000E+00   0.000000E+00+0.000000E+00j     1.000000E+00          l
[2024/01/07 06:16:37]          508  alphaPorosity_508       c     0.000000E+00   0.000000E+00+0.000000E+00j     1.000000E+00          l
[2024/01/07 06:16:37]          509  alphaPorosity_509       c     0.000000E+00   0.000000E+00+0.000000E+00j     1.000000E+00          l
[2024/01/07 06:16:37]          510  alphaPorosity_510       c     0.000000E+00   0.000000E+00+0.000000E+00j     1.000000E+00          l
[2024/01/07 06:16:37]          511  alphaPorosity_511       c     0.000000E+00   0.000000E+00+0.000000E+00j     1.000000E+00          l
[2024/01/07 06:16:37]          512  alphaPorosity_512       c     0.000000E+00   0.000000E+00+0.000000E+00j     1.000000E+00          l
[2024/01/07 06:16:37]          513  alphaPorosity_513       c     0.000000E+00   0.000000E+00+0.000000E+00j     1.000000E+00          l
[2024/01/07 06:16:37]          514  alphaPorosity_514       c     0.000000E+00   0.000000E+00+0.000000E+00j     1.000000E+00          l
[2024/01/07 06:16:37]          515  alphaPorosity_515       c     0.000000E+00   0.000000E+00+0.000000E+00j     1.000000E+00          l
[2024/01/07 06:16:37]          516  alphaPorosity_516       c     0.000000E+00   0.000000E+00+0.000000E+00j     1.000000E+00          l
[2024/01/07 06:16:37]          517  alphaPorosity_517       c     0.000000E+00   0.000000E+00+0.000000E+00j     1.000000E+00          l
[2024/01/07 06:16:37]          518  alphaPorosity_518       c     0.000000E+00   0.000000E+00+0.000000E+00j     1.000000E+00          l
[2024/01/07 06:16:37]          519  alphaPorosity_519       c     0.000000E+00   0.000000E+00+0.000000E+00j     1.000000E+00          l
[2024/01/07 06:16:37]          520  alphaPorosity_520       c     0.000000E+00   0.000000E+00+0.000000E+00j     1.000000E+00          l
[2024/01/07 06:16:37]          521  alphaPorosity_521       c     0.000000E+00   0.000000E+00+0.000000E+00j     1.000000E+00          l
[2024/01/07 06:16:37]          522  alphaPorosity_522       c     0.000000E+00   0.000000E+00+0.000000E+00j     1.000000E+00          l
[2024/01/07 06:16:37]          523  alphaPorosity_523       c     0.000000E+00   0.000000E+00+0.000000E+00j     1.000000E+00          l
[2024/01/07 06:16:37]          524  alphaPorosity_524       c     0.000000E+00   0.000000E+00+0.000000E+00j     1.000000E+00          l
[2024/01/07 06:16:37]          525  alphaPorosity_525       c     0.000000E+00   0.000000E+00+0.000000E+00j     1.000000E+00          l
[2024/01/07 06:16:37]          526  alphaPorosity_526       c     0.000000E+00   0.000000E+00+0.000000E+00j     1.000000E+00          l
[2024/01/07 06:16:37]          527  alphaPorosity_527       c     0.000000E+00   0.000000E+00+0.000000E+00j     1.000000E+00          l
[2024/01/07 06:16:37]          528  alphaPorosity_528       c     0.000000E+00   0.000000E+00+0.000000E+00j     1.000000E+00          l
[2024/01/07 06:16:37]          529  alphaPorosity_529       c     0.000000E+00   0.000000E+00+0.000000E+00j     1.000000E+00          l
[2024/01/07 06:16:37]          530  alphaPorosity_530       c     0.000000E+00   0.000000E+00+0.000000E+00j     1.000000E+00          l
[2024/01/07 06:16:37]          531  alphaPorosity_531       c     0.000000E+00   0.000000E+00+0.000000E+00j     1.000000E+00          l
[2024/01/07 06:16:37]          532  alphaPorosity_532       c     0.000000E+00   0.000000E+00+0.000000E+00j     1.000000E+00          l
[2024/01/07 06:16:37]          533  alphaPorosity_533       c     0.000000E+00   0.000000E+00+0.000000E+00j     1.000000E+00          l
[2024/01/07 06:16:37]          534  alphaPorosity_534       c     0.000000E+00   0.000000E+00+0.000000E+00j     1.000000E+00          l
[2024/01/07 06:16:37]          535  alphaPorosity_535       c     0.000000E+00   0.000000E+00+0.000000E+00j     1.000000E+00          l
[2024/01/07 06:16:37]          536  alphaPorosity_536       c     0.000000E+00   0.000000E+00+0.000000E+00j     1.000000E+00          l
[2024/01/07 06:16:37]          537  alphaPorosity_537       c     0.000000E+00   0.000000E+00+0.000000E+00j     1.000000E+00          l
[2024/01/07 06:16:37]          538  alphaPorosity_538       c     0.000000E+00   0.000000E+00+0.000000E+00j     1.000000E+00          l
[2024/01/07 06:16:37]          539  alphaPorosity_539       c     0.000000E+00   0.000000E+00+0.000000E+00j     1.000000E+00          l
[2024/01/07 06:16:37]          540  alphaPorosity_540       c     0.000000E+00   0.000000E+00+0.000000E+00j     1.000000E+00          l
[2024/01/07 06:16:37]          541  alphaPorosity_541       c     0.000000E+00   0.000000E+00+0.000000E+00j     1.000000E+00          l
[2024/01/07 06:16:37]          542  alphaPorosity_542       c     0.000000E+00   0.000000E+00+0.000000E+00j     1.000000E+00          l
[2024/01/07 06:16:37]          543  alphaPorosity_543       c     0.000000E+00   0.000000E+00+0.000000E+00j     1.000000E+00          l
[2024/01/07 06:16:37]          544  alphaPorosity_544       c     0.000000E+00   0.000000E+00+0.000000E+00j     1.000000E+00          l
[2024/01/07 06:16:37]          545  alphaPorosity_545       c     0.000000E+00   0.000000E+00+0.000000E+00j     1.000000E+00          l
[2024/01/07 06:16:37]          546  alphaPorosity_546       c     0.000000E+00   0.000000E+00+0.000000E+00j     1.000000E+00          l
[2024/01/07 06:16:37]          547  alphaPorosity_547       c     0.000000E+00   0.000000E+00+0.000000E+00j     1.000000E+00          l
[2024/01/07 06:16:37]          548  alphaPorosity_548       c     0.000000E+00   0.000000E+00+0.000000E+00j     1.000000E+00          l
[2024/01/07 06:16:37]          549  alphaPorosity_549       c     0.000000E+00   0.000000E+00+0.000000E+00j     1.000000E+00          l
[2024/01/07 06:16:37]          550  alphaPorosity_550       c     0.000000E+00   0.000000E+00+0.000000E+00j     1.000000E+00          l
[2024/01/07 06:16:37]          551  alphaPorosity_551       c     0.000000E+00   0.000000E+00+0.000000E+00j     1.000000E+00          l
[2024/01/07 06:16:37]          552  alphaPorosity_552       c     0.000000E+00   0.000000E+00+0.000000E+00j     1.000000E+00          l
[2024/01/07 06:16:37]          553  alphaPorosity_553       c     0.000000E+00   0.000000E+00+0.000000E+00j     1.000000E+00          l
[2024/01/07 06:16:37]          554  alphaPorosity_554       c     0.000000E+00   0.000000E+00+0.000000E+00j     1.000000E+00          l
[2024/01/07 06:16:37]          555  alphaPorosity_555       c     0.000000E+00   0.000000E+00+0.000000E+00j     1.000000E+00          l
[2024/01/07 06:16:37]          556  alphaPorosity_556       c     0.000000E+00   0.000000E+00+0.000000E+00j     1.000000E+00          l
[2024/01/07 06:16:37]          557  alphaPorosity_557       c     0.000000E+00   0.000000E+00+0.000000E+00j     1.000000E+00          l
[2024/01/07 06:16:37]          558  alphaPorosity_558       c     0.000000E+00   0.000000E+00+0.000000E+00j     1.000000E+00          l
[2024/01/07 06:16:37]          559  alphaPorosity_559       c     0.000000E+00   0.000000E+00+0.000000E+00j     1.000000E+00          l
[2024/01/07 06:16:37]          560  alphaPorosity_560       c     0.000000E+00   0.000000E+00+0.000000E+00j     1.000000E+00          l
[2024/01/07 06:16:37]          561  alphaPorosity_561       c     0.000000E+00   0.000000E+00+0.000000E+00j     1.000000E+00          l
[2024/01/07 06:16:37]          562  alphaPorosity_562       c     0.000000E+00   0.000000E+00+0.000000E+00j     1.000000E+00          l
[2024/01/07 06:16:37]          563  alphaPorosity_563       c     0.000000E+00   0.000000E+00+0.000000E+00j     1.000000E+00          l
[2024/01/07 06:16:37]          564  alphaPorosity_564       c     0.000000E+00   0.000000E+00+0.000000E+00j     1.000000E+00          l
[2024/01/07 06:16:37]          565  alphaPorosity_565       c     0.000000E+00   0.000000E+00+0.000000E+00j     1.000000E+00          l
[2024/01/07 06:16:37]          566  alphaPorosity_566       c     0.000000E+00   0.000000E+00+0.000000E+00j     1.000000E+00          l
[2024/01/07 06:16:37]          567  alphaPorosity_567       c     0.000000E+00   0.000000E+00+0.000000E+00j     1.000000E+00          l
[2024/01/07 06:16:37]          568  alphaPorosity_568       c     0.000000E+00   0.000000E+00+0.000000E+00j     1.000000E+00          l
[2024/01/07 06:16:37]          569  alphaPorosity_569       c     0.000000E+00   0.000000E+00+0.000000E+00j     1.000000E+00          l
[2024/01/07 06:16:37]          570  alphaPorosity_570       c     0.000000E+00   0.000000E+00+0.000000E+00j     1.000000E+00          l
[2024/01/07 06:16:37]          571  alphaPorosity_571       c     0.000000E+00   0.000000E+00+0.000000E+00j     1.000000E+00          l
[2024/01/07 06:16:37]          572  alphaPorosity_572       c     0.000000E+00   0.000000E+00+0.000000E+00j     1.000000E+00          l
[2024/01/07 06:16:37]          573  alphaPorosity_573       c     0.000000E+00   0.000000E+00+0.000000E+00j     1.000000E+00          l
[2024/01/07 06:16:37]          574  alphaPorosity_574       c     0.000000E+00   0.000000E+00+0.000000E+00j     1.000000E+00          l
[2024/01/07 06:16:37]          575  alphaPorosity_575       c     0.000000E+00   0.000000E+00+0.000000E+00j     1.000000E+00          l
[2024/01/07 06:16:37]          576  alphaPorosity_576       c     0.000000E+00   0.000000E+00+0.000000E+00j     1.000000E+00          l
[2024/01/07 06:16:37]          577  alphaPorosity_577       c     0.000000E+00   0.000000E+00+0.000000E+00j     1.000000E+00          l
[2024/01/07 06:16:37]          578  alphaPorosity_578       c     0.000000E+00   0.000000E+00+0.000000E+00j     1.000000E+00          l
[2024/01/07 06:16:37]          579  alphaPorosity_579       c     0.000000E+00   0.000000E+00+0.000000E+00j     1.000000E+00          l
[2024/01/07 06:16:37]          580  alphaPorosity_580       c     0.000000E+00   0.000000E+00+0.000000E+00j     1.000000E+00          l
[2024/01/07 06:16:37]          581  alphaPorosity_581       c     0.000000E+00   0.000000E+00+0.000000E+00j     1.000000E+00          l
[2024/01/07 06:16:37]          582  alphaPorosity_582       c     0.000000E+00   0.000000E+00+0.000000E+00j     1.000000E+00          l
[2024/01/07 06:16:37]          583  alphaPorosity_583       c     0.000000E+00   0.000000E+00+0.000000E+00j     1.000000E+00          l
[2024/01/07 06:16:37]          584  alphaPorosity_584       c     0.000000E+00   0.000000E+00+0.000000E+00j     1.000000E+00          l
[2024/01/07 06:16:37]          585  alphaPorosity_585       c     0.000000E+00   0.000000E+00+0.000000E+00j     1.000000E+00          l
[2024/01/07 06:16:37]          586  alphaPorosity_586       c     0.000000E+00   0.000000E+00+0.000000E+00j     1.000000E+00          l
[2024/01/07 06:16:37]          587  alphaPorosity_587       c     0.000000E+00   0.000000E+00+0.000000E+00j     1.000000E+00          l
[2024/01/07 06:16:37]          588  alphaPorosity_588       c     0.000000E+00   0.000000E+00+0.000000E+00j     1.000000E+00          l
[2024/01/07 06:16:37]          589  alphaPorosity_589       c     0.000000E+00   0.000000E+00+0.000000E+00j     1.000000E+00          l
[2024/01/07 06:16:37]          590  alphaPorosity_590       c     0.000000E+00   0.000000E+00+0.000000E+00j     1.000000E+00          l
[2024/01/07 06:16:37]          591  alphaPorosity_591       c     0.000000E+00   0.000000E+00+0.000000E+00j     1.000000E+00          l
[2024/01/07 06:16:37]          592  alphaPorosity_592       c     0.000000E+00   0.000000E+00+0.000000E+00j     1.000000E+00          l
[2024/01/07 06:16:37]          593  alphaPorosity_593       c     0.000000E+00   0.000000E+00+0.000000E+00j     1.000000E+00          l
[2024/01/07 06:16:37]          594  alphaPorosity_594       c     0.000000E+00   0.000000E+00+0.000000E+00j     1.000000E+00          l
[2024/01/07 06:16:37]          595  alphaPorosity_595       c     0.000000E+00   0.000000E+00+0.000000E+00j     1.000000E+00          l
[2024/01/07 06:16:37]          596  alphaPorosity_596       c     0.000000E+00   0.000000E+00+0.000000E+00j     1.000000E+00          l
[2024/01/07 06:16:37]          597  alphaPorosity_597       c     0.000000E+00   0.000000E+00+0.000000E+00j     1.000000E+00          l
[2024/01/07 06:16:37]          598  alphaPorosity_598       c     0.000000E+00   0.000000E+00+0.000000E+00j     1.000000E+00          l
[2024/01/07 06:16:37]          599  alphaPorosity_599       c     0.000000E+00   0.000000E+00+0.000000E+00j     1.000000E+00          l
[2024/01/07 06:16:37]          600  alphaPorosity_600       c     0.000000E+00   0.000000E+00+0.000000E+00j     1.000000E+00          l
[2024/01/07 06:16:37]          601  alphaPorosity_601       c     0.000000E+00   0.000000E+00+0.000000E+00j     1.000000E+00          l
[2024/01/07 06:16:37]          602  alphaPorosity_602       c     0.000000E+00   0.000000E+00+0.000000E+00j     1.000000E+00          l
[2024/01/07 06:16:37]          603  alphaPorosity_603       c     0.000000E+00   0.000000E+00+0.000000E+00j     1.000000E+00          l
[2024/01/07 06:16:37]          604  alphaPorosity_604       c     0.000000E+00   0.000000E+00+0.000000E+00j     1.000000E+00          l
[2024/01/07 06:16:37]          605  alphaPorosity_605       c     0.000000E+00   0.000000E+00+0.000000E+00j     1.000000E+00          l
[2024/01/07 06:16:37]          606  alphaPorosity_606       c     0.000000E+00   0.000000E+00+0.000000E+00j     1.000000E+00          l
[2024/01/07 06:16:37]          607  alphaPorosity_607       c     0.000000E+00   0.000000E+00+0.000000E+00j     1.000000E+00          l
[2024/01/07 06:16:37]          608  alphaPorosity_608       c     0.000000E+00   0.000000E+00+0.000000E+00j     1.000000E+00          l
[2024/01/07 06:16:37]          609  alphaPorosity_609       c     0.000000E+00   0.000000E+00+0.000000E+00j     1.000000E+00          l
[2024/01/07 06:16:37]          610  alphaPorosity_610       c     0.000000E+00   0.000000E+00+0.000000E+00j     1.000000E+00          l
[2024/01/07 06:16:37]          611  alphaPorosity_611       c     0.000000E+00   0.000000E+00+0.000000E+00j     1.000000E+00          l
[2024/01/07 06:16:37]          612  alphaPorosity_612       c     0.000000E+00   0.000000E+00+0.000000E+00j     1.000000E+00          l
[2024/01/07 06:16:37]          613  alphaPorosity_613       c     0.000000E+00   0.000000E+00+0.000000E+00j     1.000000E+00          l
[2024/01/07 06:16:37]          614  alphaPorosity_614       c     0.000000E+00   0.000000E+00+0.000000E+00j     1.000000E+00          l
[2024/01/07 06:16:37]          615  alphaPorosity_615       c     0.000000E+00   0.000000E+00+0.000000E+00j     1.000000E+00          l
[2024/01/07 06:16:37]          616  alphaPorosity_616       c     0.000000E+00   0.000000E+00+0.000000E+00j     1.000000E+00          l
[2024/01/07 06:16:37]          617  alphaPorosity_617       c     0.000000E+00   0.000000E+00+0.000000E+00j     1.000000E+00          l
[2024/01/07 06:16:37]          618  alphaPorosity_618       c     0.000000E+00   0.000000E+00+0.000000E+00j     1.000000E+00          l
[2024/01/07 06:16:37]          619  alphaPorosity_619       c     0.000000E+00   0.000000E+00+0.000000E+00j     1.000000E+00          l
[2024/01/07 06:16:37]          620  alphaPorosity_620       c     0.000000E+00   0.000000E+00+0.000000E+00j     1.000000E+00          l
[2024/01/07 06:16:37]          621  alphaPorosity_621       c     0.000000E+00   0.000000E+00+0.000000E+00j     1.000000E+00          l
[2024/01/07 06:16:37]          622  alphaPorosity_622       c     0.000000E+00   0.000000E+00+0.000000E+00j     1.000000E+00          l
[2024/01/07 06:16:37]          623  alphaPorosity_623       c     0.000000E+00   0.000000E+00+0.000000E+00j     1.000000E+00          l
[2024/01/07 06:16:37]          624  alphaPorosity_624       c     0.000000E+00   0.000000E+00+0.000000E+00j     1.000000E+00          l
[2024/01/07 06:16:37]          625  alphaPorosity_625       c     0.000000E+00   0.000000E+00+0.000000E+00j     1.000000E+00          l
[2024/01/07 06:16:37]          626  alphaPorosity_626       c     0.000000E+00   0.000000E+00+0.000000E+00j     1.000000E+00          l
[2024/01/07 06:16:37]          627  alphaPorosity_627       c     0.000000E+00   0.000000E+00+0.000000E+00j     1.000000E+00          l
[2024/01/07 06:16:37]          628  alphaPorosity_628       c     0.000000E+00   0.000000E+00+0.000000E+00j     1.000000E+00          l
[2024/01/07 06:16:37]          629  alphaPorosity_629       c     0.000000E+00   0.000000E+00+0.000000E+00j     1.000000E+00          l
[2024/01/07 06:16:37]          630  alphaPorosity_630       c     0.000000E+00   0.000000E+00+0.000000E+00j     1.000000E+00          l
[2024/01/07 06:16:37]          631  alphaPorosity_631       c     0.000000E+00   0.000000E+00+0.000000E+00j     1.000000E+00          l
[2024/01/07 06:16:37]          632  alphaPorosity_632       c     0.000000E+00   0.000000E+00+0.000000E+00j     1.000000E+00          l
[2024/01/07 06:16:37]          633  alphaPorosity_633       c     0.000000E+00   0.000000E+00+0.000000E+00j     1.000000E+00          l
[2024/01/07 06:16:37]          634  alphaPorosity_634       c     0.000000E+00   0.000000E+00+0.000000E+00j     1.000000E+00          l
[2024/01/07 06:16:37]          635  alphaPorosity_635       c     0.000000E+00   0.000000E+00+0.000000E+00j     1.000000E+00          l
[2024/01/07 06:16:37]          636  alphaPorosity_636       c     0.000000E+00   0.000000E+00+0.000000E+00j     1.000000E+00          l
[2024/01/07 06:16:37]          637  alphaPorosity_637       c     0.000000E+00   0.000000E+00+0.000000E+00j     1.000000E+00          l
[2024/01/07 06:16:37]          638  alphaPorosity_638       c     0.000000E+00   0.000000E+00+0.000000E+00j     1.000000E+00          l
[2024/01/07 06:16:37]          639  alphaPorosity_639       c     0.000000E+00   0.000000E+00+0.000000E+00j     1.000000E+00          l
[2024/01/07 06:16:37]          640  alphaPorosity_640       c     0.000000E+00   0.000000E+00+0.000000E+00j     1.000000E+00          l
[2024/01/07 06:16:37]          641  alphaPorosity_641       c     0.000000E+00   0.000000E+00+0.000000E+00j     1.000000E+00          l
[2024/01/07 06:16:37]          642  alphaPorosity_642       c     0.000000E+00   0.000000E+00+0.000000E+00j     1.000000E+00          l
[2024/01/07 06:16:37]          643  alphaPorosity_643       c     0.000000E+00   0.000000E+00+0.000000E+00j     1.000000E+00          l
[2024/01/07 06:16:37]          644  alphaPorosity_644       c     0.000000E+00   0.000000E+00+0.000000E+00j     1.000000E+00          l
[2024/01/07 06:16:37]          645  alphaPorosity_645       c     0.000000E+00   0.000000E+00+0.000000E+00j     1.000000E+00          l
[2024/01/07 06:16:37]          646  alphaPorosity_646       c     0.000000E+00   0.000000E+00+0.000000E+00j     1.000000E+00          l
[2024/01/07 06:16:37]          647  alphaPorosity_647       c     0.000000E+00   0.000000E+00+0.000000E+00j     1.000000E+00          l
[2024/01/07 06:16:37]          648  alphaPorosity_648       c     0.000000E+00   0.000000E+00+0.000000E+00j     1.000000E+00          l
[2024/01/07 06:16:37]          649  alphaPorosity_649       c     0.000000E+00   0.000000E+00+0.000000E+00j     1.000000E+00          l
[2024/01/07 06:16:37]          650  alphaPorosity_650       c     0.000000E+00   0.000000E+00+0.000000E+00j     1.000000E+00          l
[2024/01/07 06:16:37]          651  alphaPorosity_651       c     0.000000E+00   0.000000E+00+0.000000E+00j     1.000000E+00          l
[2024/01/07 06:16:37]          652  alphaPorosity_652       c     0.000000E+00   0.000000E+00+0.000000E+00j     1.000000E+00          l
[2024/01/07 06:16:37]          653  alphaPorosity_653       c     0.000000E+00   0.000000E+00+0.000000E+00j     1.000000E+00          l
[2024/01/07 06:16:37]          654  alphaPorosity_654       c     0.000000E+00   0.000000E+00+0.000000E+00j     1.000000E+00          l
[2024/01/07 06:16:37]          655  alphaPorosity_655       c     0.000000E+00   0.000000E+00+0.000000E+00j     1.000000E+00          l
[2024/01/07 06:16:37]          656  alphaPorosity_656       c     0.000000E+00   0.000000E+00+0.000000E+00j     1.000000E+00          l
[2024/01/07 06:16:37]          657  alphaPorosity_657       c     0.000000E+00   0.000000E+00+0.000000E+00j     1.000000E+00          l
[2024/01/07 06:16:37]          658  alphaPorosity_658       c     0.000000E+00   0.000000E+00+0.000000E+00j     1.000000E+00          l
[2024/01/07 06:16:37]          659  alphaPorosity_659       c     0.000000E+00   0.000000E+00+0.000000E+00j     1.000000E+00          l
[2024/01/07 06:16:37]          660  alphaPorosity_660       c     0.000000E+00   0.000000E+00+0.000000E+00j     1.000000E+00          l
[2024/01/07 06:16:37]          661  alphaPorosity_661       c     0.000000E+00   0.000000E+00+0.000000E+00j     1.000000E+00          l
[2024/01/07 06:16:37]          662  alphaPorosity_662       c     0.000000E+00   0.000000E+00+0.000000E+00j     1.000000E+00          l
[2024/01/07 06:16:37]          663  alphaPorosity_663       c     0.000000E+00   0.000000E+00+0.000000E+00j     1.000000E+00          l
[2024/01/07 06:16:37]          664  alphaPorosity_664       c     0.000000E+00   0.000000E+00+0.000000E+00j     1.000000E+00          l
[2024/01/07 06:16:37]          665  alphaPorosity_665       c     0.000000E+00   0.000000E+00+0.000000E+00j     1.000000E+00          l
[2024/01/07 06:16:37]          666  alphaPorosity_666       c     0.000000E+00   0.000000E+00+0.000000E+00j     1.000000E+00          l
[2024/01/07 06:16:37]          667  alphaPorosity_667       c     0.000000E+00   0.000000E+00+0.000000E+00j     1.000000E+00          l
[2024/01/07 06:16:37]          668  alphaPorosity_668       c     0.000000E+00   0.000000E+00+0.000000E+00j     1.000000E+00          l
[2024/01/07 06:16:37]          669  alphaPorosity_669       c     0.000000E+00   0.000000E+00+0.000000E+00j     1.000000E+00          l
[2024/01/07 06:16:37]          670  alphaPorosity_670       c     0.000000E+00   0.000000E+00+0.000000E+00j     1.000000E+00          l
[2024/01/07 06:16:37]          671  alphaPorosity_671       c     0.000000E+00   0.000000E+00+0.000000E+00j     1.000000E+00          l
[2024/01/07 06:16:37]          672  alphaPorosity_672       c     0.000000E+00   0.000000E+00+0.000000E+00j     1.000000E+00          l
[2024/01/07 06:16:37]          673  alphaPorosity_673       c     0.000000E+00   0.000000E+00+0.000000E+00j     1.000000E+00          l
[2024/01/07 06:16:37]          674  alphaPorosity_674       c     0.000000E+00   0.000000E+00+0.000000E+00j     1.000000E+00          l
[2024/01/07 06:16:37]          675  alphaPorosity_675       c     0.000000E+00   0.000000E+00+0.000000E+00j     1.000000E+00          l
[2024/01/07 06:16:37]          676  alphaPorosity_676       c     0.000000E+00   0.000000E+00+0.000000E+00j     1.000000E+00          l
[2024/01/07 06:16:37]          677  alphaPorosity_677       c     0.000000E+00   0.000000E+00+0.000000E+00j     1.000000E+00          l
[2024/01/07 06:16:37]          678  alphaPorosity_678       c     0.000000E+00   0.000000E+00+0.000000E+00j     1.000000E+00          l
[2024/01/07 06:16:37]          679  alphaPorosity_679       c     0.000000E+00   0.000000E+00+0.000000E+00j     1.000000E+00          l
[2024/01/07 06:16:37]          680  alphaPorosity_680       c     0.000000E+00   0.000000E+00+0.000000E+00j     1.000000E+00          l
[2024/01/07 06:16:37]          681  alphaPorosity_681       c     0.000000E+00   0.000000E+00+0.000000E+00j     1.000000E+00          l
[2024/01/07 06:16:37]          682  alphaPorosity_682       c     0.000000E+00   0.000000E+00+0.000000E+00j     1.000000E+00          l
[2024/01/07 06:16:37]          683  alphaPorosity_683       c     0.000000E+00   0.000000E+00+0.000000E+00j     1.000000E+00          l
[2024/01/07 06:16:37]          684  alphaPorosity_684       c     0.000000E+00   0.000000E+00+0.000000E+00j     1.000000E+00          l
[2024/01/07 06:16:37]          685  alphaPorosity_685       c     0.000000E+00   0.000000E+00+0.000000E+00j     1.000000E+00          l
[2024/01/07 06:16:37]          686  alphaPorosity_686       c     0.000000E+00   0.000000E+00+0.000000E+00j     1.000000E+00          l
[2024/01/07 06:16:37]          687  alphaPorosity_687       c     0.000000E+00   0.000000E+00+0.000000E+00j     1.000000E+00          l
[2024/01/07 06:16:37]          688  alphaPorosity_688       c     0.000000E+00   0.000000E+00+0.000000E+00j     1.000000E+00          l
[2024/01/07 06:16:37]          689  alphaPorosity_689       c     0.000000E+00   0.000000E+00+0.000000E+00j     1.000000E+00          l
[2024/01/07 06:16:37]          690  alphaPorosity_690       c     0.000000E+00   0.000000E+00+0.000000E+00j     1.000000E+00          l
[2024/01/07 06:16:37]          691  alphaPorosity_691       c     0.000000E+00   0.000000E+00+0.000000E+00j     1.000000E+00          l
[2024/01/07 06:16:37]          692  alphaPorosity_692       c     0.000000E+00   0.000000E+00+0.000000E+00j     1.000000E+00          l
[2024/01/07 06:16:37]          693  alphaPorosity_693       c     0.000000E+00   0.000000E+00+0.000000E+00j     1.000000E+00          l
[2024/01/07 06:16:37]          694  alphaPorosity_694       c     0.000000E+00   0.000000E+00+0.000000E+00j     1.000000E+00          l
[2024/01/07 06:16:37]          695  alphaPorosity_695       c     0.000000E+00   0.000000E+00+0.000000E+00j     1.000000E+00          l
[2024/01/07 06:16:37]          696  alphaPorosity_696       c     0.000000E+00   0.000000E+00+0.000000E+00j     1.000000E+00          l
[2024/01/07 06:16:37]          697  alphaPorosity_697       c     0.000000E+00   0.000000E+00+0.000000E+00j     1.000000E+00          l
[2024/01/07 06:16:37]          698  alphaPorosity_698       c     0.000000E+00   0.000000E+00+0.000000E+00j     1.000000E+00          l
[2024/01/07 06:16:37]          699  alphaPorosity_699       c     0.000000E+00   0.000000E+00+0.000000E+00j     1.000000E+00          l
[2024/01/07 06:16:37]          700  alphaPorosity_700       c     0.000000E+00   0.000000E+00+0.000000E+00j     1.000000E+00          l
[2024/01/07 06:16:37]          701  alphaPorosity_701       c     0.000000E+00   0.000000E+00+0.000000E+00j     1.000000E+00          l
[2024/01/07 06:16:37]          702  alphaPorosity_702       c     0.000000E+00   0.000000E+00+0.000000E+00j     1.000000E+00          l
[2024/01/07 06:16:37]          703  alphaPorosity_703       c     0.000000E+00   0.000000E+00+0.000000E+00j     1.000000E+00          l
[2024/01/07 06:16:37]          704  alphaPorosity_704       c     0.000000E+00   0.000000E+00+0.000000E+00j     1.000000E+00          l
[2024/01/07 06:16:37]          705  alphaPorosity_705       c     0.000000E+00   0.000000E+00+0.000000E+00j     1.000000E+00          l
[2024/01/07 06:16:37]          706  alphaPorosity_706       c     0.000000E+00   0.000000E+00+0.000000E+00j     1.000000E+00          l
[2024/01/07 06:16:37]          707  alphaPorosity_707       c     0.000000E+00   0.000000E+00+0.000000E+00j     1.000000E+00          l
[2024/01/07 06:16:37]          708  alphaPorosity_708       c     0.000000E+00   0.000000E+00+0.000000E+00j     1.000000E+00          l
[2024/01/07 06:16:37]          709  alphaPorosity_709       c     0.000000E+00   0.000000E+00+0.000000E+00j     1.000000E+00          l
[2024/01/07 06:16:37]          710  alphaPorosity_710       c     0.000000E+00   0.000000E+00+0.000000E+00j     1.000000E+00          l
[2024/01/07 06:16:37]          711  alphaPorosity_711       c     0.000000E+00   0.000000E+00+0.000000E+00j     1.000000E+00          l
[2024/01/07 06:16:37]          712  alphaPorosity_712       c     0.000000E+00   0.000000E+00+0.000000E+00j     1.000000E+00          l
[2024/01/07 06:16:37]          713  alphaPorosity_713       c     0.000000E+00   0.000000E+00+0.000000E+00j     1.000000E+00          l
[2024/01/07 06:16:37]          714  alphaPorosity_714       c     0.000000E+00   0.000000E+00+0.000000E+00j     1.000000E+00          l
[2024/01/07 06:16:37]          715  alphaPorosity_715       c     0.000000E+00   0.000000E+00+0.000000E+00j     1.000000E+00          l
[2024/01/07 06:16:37]          716  alphaPorosity_716       c     0.000000E+00   0.000000E+00+0.000000E+00j     1.000000E+00          l
[2024/01/07 06:16:37]          717  alphaPorosity_717       c     0.000000E+00   0.000000E+00+0.000000E+00j     1.000000E+00          l
[2024/01/07 06:16:37]          718  alphaPorosity_718       c     0.000000E+00   0.000000E+00+0.000000E+00j     1.000000E+00          l
[2024/01/07 06:16:37]          719  alphaPorosity_719       c     0.000000E+00   0.000000E+00+0.000000E+00j     1.000000E+00          l
[2024/01/07 06:16:37]          720  alphaPorosity_720       c     0.000000E+00   0.000000E+00+0.000000E+00j     1.000000E+00          l
[2024/01/07 06:16:37]          721  alphaPorosity_721       c     0.000000E+00   0.000000E+00+0.000000E+00j     1.000000E+00          l
[2024/01/07 06:16:37]          722  alphaPorosity_722       c     0.000000E+00   0.000000E+00+0.000000E+00j     1.000000E+00          l
[2024/01/07 06:16:37]          723  alphaPorosity_723       c     0.000000E+00   0.000000E+00+0.000000E+00j     1.000000E+00          l
[2024/01/07 06:16:37]          724  alphaPorosity_724       c     0.000000E+00   0.000000E+00+0.000000E+00j     1.000000E+00          l
[2024/01/07 06:16:37]          725  alphaPorosity_725       c     0.000000E+00   0.000000E+00+0.000000E+00j     1.000000E+00          l
[2024/01/07 06:16:37]          726  alphaPorosity_726       c     0.000000E+00   0.000000E+00+0.000000E+00j     1.000000E+00          l
[2024/01/07 06:16:37]          727  alphaPorosity_727       c     0.000000E+00   0.000000E+00+0.000000E+00j     1.000000E+00          l
[2024/01/07 06:16:37]          728  alphaPorosity_728       c     0.000000E+00   0.000000E+00+0.000000E+00j     1.000000E+00          l
[2024/01/07 06:16:37]          729  alphaPorosity_729       c     0.000000E+00   0.000000E+00+0.000000E+00j     1.000000E+00          l
[2024/01/07 06:16:37]          730  alphaPorosity_730       c     0.000000E+00   0.000000E+00+0.000000E+00j     1.000000E+00          l
[2024/01/07 06:16:37]          731  alphaPorosity_731       c     0.000000E+00   0.000000E+00+0.000000E+00j     1.000000E+00          l
[2024/01/07 06:16:37]          732  alphaPorosity_732       c     0.000000E+00   0.000000E+00+0.000000E+00j     1.000000E+00          l
[2024/01/07 06:16:37]          733  alphaPorosity_733       c     0.000000E+00   0.000000E+00+0.000000E+00j     1.000000E+00          l
[2024/01/07 06:16:37]          734  alphaPorosity_734       c     0.000000E+00   0.000000E+00+0.000000E+00j     1.000000E+00          l
[2024/01/07 06:16:37]          735  alphaPorosity_735       c     0.000000E+00   0.000000E+00+0.000000E+00j     1.000000E+00          l
[2024/01/07 06:16:37]          736  alphaPorosity_736       c     0.000000E+00   0.000000E+00+0.000000E+00j     1.000000E+00          l
[2024/01/07 06:16:37]          737  alphaPorosity_737       c     0.000000E+00   0.000000E+00+0.000000E+00j     1.000000E+00          l
[2024/01/07 06:16:37]          738  alphaPorosity_738       c     0.000000E+00   0.000000E+00+0.000000E+00j     1.000000E+00          l
[2024/01/07 06:16:37]          739  alphaPorosity_739       c     0.000000E+00   0.000000E+00+0.000000E+00j     1.000000E+00          l
[2024/01/07 06:16:37]          740  alphaPorosity_740       c     0.000000E+00   0.000000E+00+0.000000E+00j     1.000000E+00          l
[2024/01/07 06:16:37]          741  alphaPorosity_741       c     0.000000E+00   0.000000E+00+0.000000E+00j     1.000000E+00          l
[2024/01/07 06:16:37]          742  alphaPorosity_742       c     0.000000E+00   0.000000E+00+0.000000E+00j     1.000000E+00          l
[2024/01/07 06:16:37]          743  alphaPorosity_743       c     0.000000E+00   0.000000E+00+0.000000E+00j     1.000000E+00          l
[2024/01/07 06:16:37]          744  alphaPorosity_744       c     0.000000E+00   0.000000E+00+0.000000E+00j     1.000000E+00          l
[2024/01/07 06:16:37]          745  alphaPorosity_745       c     0.000000E+00   0.000000E+00+0.000000E+00j     1.000000E+00          l
[2024/01/07 06:16:37]          746  alphaPorosity_746       c     0.000000E+00   0.000000E+00+0.000000E+00j     1.000000E+00          l
[2024/01/07 06:16:37]          747  alphaPorosity_747       c     0.000000E+00   0.000000E+00+0.000000E+00j     1.000000E+00          l
[2024/01/07 06:16:37]          748  alphaPorosity_748       c     0.000000E+00   0.000000E+00+0.000000E+00j     1.000000E+00          l
[2024/01/07 06:16:37]          749  alphaPorosity_749       c     0.000000E+00   0.000000E+00+0.000000E+00j     1.000000E+00          l
[2024/01/07 06:16:37]          750  alphaPorosity_750       c     0.000000E+00   0.000000E+00+0.000000E+00j     1.000000E+00          l
[2024/01/07 06:16:37]          751  alphaPorosity_751       c     0.000000E+00   0.000000E+00+0.000000E+00j     1.000000E+00          l
[2024/01/07 06:16:37]          752  alphaPorosity_752       c     0.000000E+00   0.000000E+00+0.000000E+00j     1.000000E+00          l
[2024/01/07 06:16:37]          753  alphaPorosity_753       c     0.000000E+00   0.000000E+00+0.000000E+00j     1.000000E+00          l
[2024/01/07 06:16:37]          754  alphaPorosity_754       c     0.000000E+00   0.000000E+00+0.000000E+00j     1.000000E+00          l
[2024/01/07 06:16:37]          755  alphaPorosity_755       c     0.000000E+00   0.000000E+00+0.000000E+00j     1.000000E+00          l
[2024/01/07 06:16:37]          756  alphaPorosity_756       c     0.000000E+00   0.000000E+00+0.000000E+00j     1.000000E+00          l
[2024/01/07 06:16:37]          757  alphaPorosity_757       c     0.000000E+00   0.000000E+00+0.000000E+00j     1.000000E+00          l
[2024/01/07 06:16:37]          758  alphaPorosity_758       c     0.000000E+00   0.000000E+00+0.000000E+00j     1.000000E+00          l
[2024/01/07 06:16:37]          759  alphaPorosity_759       c     0.000000E+00   0.000000E+00+0.000000E+00j     1.000000E+00          l
[2024/01/07 06:16:37]          760  alphaPorosity_760       c     0.000000E+00   0.000000E+00+0.000000E+00j     1.000000E+00          l
[2024/01/07 06:16:37]          761  alphaPorosity_761       c     0.000000E+00   0.000000E+00+0.000000E+00j     1.000000E+00          l
[2024/01/07 06:16:37]          762  alphaPorosity_762       c     0.000000E+00   0.000000E+00+0.000000E+00j     1.000000E+00          l
[2024/01/07 06:16:37]          763  alphaPorosity_763       c     0.000000E+00   0.000000E+00+0.000000E+00j     1.000000E+00          l
[2024/01/07 06:16:37]          764  alphaPorosity_764       c     0.000000E+00   0.000000E+00+0.000000E+00j     1.000000E+00          l
[2024/01/07 06:16:37]          765  alphaPorosity_765       c     0.000000E+00   0.000000E+00+0.000000E+00j     1.000000E+00          l
[2024/01/07 06:16:37]          766  alphaPorosity_766       c     0.000000E+00   0.000000E+00+0.000000E+00j     1.000000E+00          l
[2024/01/07 06:16:37]          767  alphaPorosity_767       c     0.000000E+00   0.000000E+00+0.000000E+00j     1.000000E+00          l
[2024/01/07 06:16:37]          768  alphaPorosity_768       c     0.000000E+00   0.000000E+00+0.000000E+00j     1.000000E+00          l
[2024/01/07 06:16:37]          769  alphaPorosity_769       c     0.000000E+00   0.000000E+00+0.000000E+00j     1.000000E+00          l
[2024/01/07 06:16:37]          770  alphaPorosity_770       c     0.000000E+00   0.000000E+00+0.000000E+00j     1.000000E+00          l
[2024/01/07 06:16:37]          771  alphaPorosity_771       c     0.000000E+00   0.000000E+00+0.000000E+00j     1.000000E+00          l
[2024/01/07 06:16:37]          772  alphaPorosity_772       c     0.000000E+00   0.000000E+00+0.000000E+00j     1.000000E+00          l
[2024/01/07 06:16:37]          773  alphaPorosity_773       c     0.000000E+00   0.000000E+00+0.000000E+00j     1.000000E+00          l
[2024/01/07 06:16:37]          774  alphaPorosity_774       c     0.000000E+00   0.000000E+00+0.000000E+00j     1.000000E+00          l
[2024/01/07 06:16:37]          775  alphaPorosity_775       c     0.000000E+00   0.000000E+00+0.000000E+00j     1.000000E+00          l
[2024/01/07 06:16:37]          776  alphaPorosity_776       c     0.000000E+00   0.000000E+00+0.000000E+00j     1.000000E+00          l
[2024/01/07 06:16:37]          777  alphaPorosity_777       c     0.000000E+00   0.000000E+00+0.000000E+00j     1.000000E+00          l
[2024/01/07 06:16:37]          778  alphaPorosity_778       c     0.000000E+00   0.000000E+00+0.000000E+00j     1.000000E+00          l
[2024/01/07 06:16:37]          779  alphaPorosity_779       c     0.000000E+00   0.000000E+00+0.000000E+00j     1.000000E+00          l
[2024/01/07 06:16:37]          780  alphaPorosity_780       c     0.000000E+00   0.000000E+00+0.000000E+00j     1.000000E+00          l
[2024/01/07 06:16:37]          781  alphaPorosity_781       c     0.000000E+00   0.000000E+00+0.000000E+00j     1.000000E+00          l
[2024/01/07 06:16:37]          782  alphaPorosity_782       c     0.000000E+00   0.000000E+00+0.000000E+00j     1.000000E+00          l
[2024/01/07 06:16:37]          783  alphaPorosity_783       c     0.000000E+00   0.000000E+00+0.000000E+00j     1.000000E+00          l
[2024/01/07 06:16:37]          784  alphaPorosity_784       c     0.000000E+00   0.000000E+00+0.000000E+00j     1.000000E+00          l
[2024/01/07 06:16:37]          785  alphaPorosity_785       c     0.000000E+00   0.000000E+00+0.000000E+00j     1.000000E+00          l
[2024/01/07 06:16:37]          786  alphaPorosity_786       c     0.000000E+00   0.000000E+00+0.000000E+00j     1.000000E+00          l
[2024/01/07 06:16:37]          787  alphaPorosity_787       c     0.000000E+00   0.000000E+00+0.000000E+00j     1.000000E+00          l
[2024/01/07 06:16:37]          788  alphaPorosity_788       c     0.000000E+00   0.000000E+00+0.000000E+00j     1.000000E+00          l
[2024/01/07 06:16:37]          789  alphaPorosity_789       c     0.000000E+00   0.000000E+00+0.000000E+00j     1.000000E+00          l
[2024/01/07 06:16:37]          790  alphaPorosity_790       c     0.000000E+00   0.000000E+00+0.000000E+00j     1.000000E+00          l
[2024/01/07 06:16:37]          791  alphaPorosity_791       c     0.000000E+00   0.000000E+00+0.000000E+00j     1.000000E+00          l
[2024/01/07 06:16:37]          792  alphaPorosity_792       c     0.000000E+00   0.000000E+00+0.000000E+00j     1.000000E+00          l
[2024/01/07 06:16:37]          793  alphaPorosity_793       c     0.000000E+00   0.000000E+00+0.000000E+00j     1.000000E+00          l
[2024/01/07 06:16:37]          794  alphaPorosity_794       c     0.000000E+00   0.000000E+00+0.000000E+00j     1.000000E+00          l
[2024/01/07 06:16:37]          795  alphaPorosity_795       c     0.000000E+00   0.000000E+00+0.000000E+00j     1.000000E+00          l
[2024/01/07 06:16:37]          796  alphaPorosity_796       c     0.000000E+00   0.000000E+00+0.000000E+00j     1.000000E+00          l
[2024/01/07 06:16:37]          797  alphaPorosity_797       c     0.000000E+00   0.000000E+00+0.000000E+00j     1.000000E+00          l
[2024/01/07 06:16:37]          798  alphaPorosity_798       c     0.000000E+00   0.000000E+00+0.000000E+00j     1.000000E+00          l
[2024/01/07 06:16:37]          799  alphaPorosity_799       c     0.000000E+00   0.000000E+00+0.000000E+00j     1.000000E+00          l
[2024/01/07 06:16:37]          800  alphaPorosity_800       c     0.000000E+00   0.000000E+00+0.000000E+00j     1.000000E+00          l
[2024/01/07 06:16:37]          801  alphaPorosity_801       c     0.000000E+00   0.000000E+00+0.000000E+00j     1.000000E+00          l
[2024/01/07 06:16:37]          802  alphaPorosity_802       c     0.000000E+00   0.000000E+00+0.000000E+00j     1.000000E+00          l
[2024/01/07 06:16:37]          803  alphaPorosity_803       c     0.000000E+00   0.000000E+00+0.000000E+00j     1.000000E+00          l
[2024/01/07 06:16:37]          804  alphaPorosity_804       c     0.000000E+00   0.000000E+00+0.000000E+00j     1.000000E+00          l
[2024/01/07 06:16:37]          805  alphaPorosity_805       c     0.000000E+00   0.000000E+00+0.000000E+00j     1.000000E+00          l
[2024/01/07 06:16:37]          806  alphaPorosity_806       c     0.000000E+00   0.000000E+00+0.000000E+00j     1.000000E+00          l
[2024/01/07 06:16:37]          807  alphaPorosity_807       c     0.000000E+00   0.000000E+00+0.000000E+00j     1.000000E+00          l
[2024/01/07 06:16:37]          808  alphaPorosity_808       c     0.000000E+00   0.000000E+00+0.000000E+00j     1.000000E+00          l
[2024/01/07 06:16:37]          809  alphaPorosity_809       c     0.000000E+00   0.000000E+00+0.000000E+00j     1.000000E+00          l
[2024/01/07 06:16:37]          810  alphaPorosity_810       c     0.000000E+00   0.000000E+00+0.000000E+00j     1.000000E+00          l
[2024/01/07 06:16:37]          811  alphaPorosity_811       c     0.000000E+00   0.000000E+00+0.000000E+00j     1.000000E+00          l
[2024/01/07 06:16:37]          812  alphaPorosity_812       c     0.000000E+00   0.000000E+00+0.000000E+00j     1.000000E+00          l
[2024/01/07 06:16:37]          813  alphaPorosity_813       c     0.000000E+00   0.000000E+00+0.000000E+00j     1.000000E+00          l
[2024/01/07 06:16:37]          814  alphaPorosity_814       c     0.000000E+00   0.000000E+00+0.000000E+00j     1.000000E+00          l
[2024/01/07 06:16:37]          815  alphaPorosity_815       c     0.000000E+00   0.000000E+00+0.000000E+00j     1.000000E+00          l
[2024/01/07 06:16:37]          816  alphaPorosity_816       c     0.000000E+00   0.000000E+00+0.000000E+00j     1.000000E+00          l
[2024/01/07 06:16:37]          817  alphaPorosity_817       c     0.000000E+00   0.000000E+00+0.000000E+00j     1.000000E+00          l
[2024/01/07 06:16:37]          818  alphaPorosity_818       c     0.000000E+00   0.000000E+00+0.000000E+00j     1.000000E+00          l
[2024/01/07 06:16:37]          819  alphaPorosity_819       c     0.000000E+00   0.000000E+00+0.000000E+00j     1.000000E+00          l
[2024/01/07 06:16:37]          820  alphaPorosity_820       c     0.000000E+00   0.000000E+00+0.000000E+00j     1.000000E+00          l
[2024/01/07 06:16:37]          821  alphaPorosity_821       c     0.000000E+00   0.000000E+00+0.000000E+00j     1.000000E+00          l
[2024/01/07 06:16:37]          822  alphaPorosity_822       c     0.000000E+00   0.000000E+00+0.000000E+00j     1.000000E+00          l
[2024/01/07 06:16:37]          823  alphaPorosity_823       c     0.000000E+00   0.000000E+00+0.000000E+00j     1.000000E+00          l
[2024/01/07 06:16:37]          824  alphaPorosity_824       c     0.000000E+00   0.000000E+00+0.000000E+00j     1.000000E+00          l
[2024/01/07 06:16:37]          825  alphaPorosity_825       c     0.000000E+00   0.000000E+00+0.000000E+00j     1.000000E+00          l
[2024/01/07 06:16:37]          826  alphaPorosity_826       c     0.000000E+00   0.000000E+00+0.000000E+00j     1.000000E+00          l
[2024/01/07 06:16:37]          827  alphaPorosity_827       c     0.000000E+00   0.000000E+00+0.000000E+00j     1.000000E+00          l
[2024/01/07 06:16:37]          828  alphaPorosity_828       c     0.000000E+00   0.000000E+00+0.000000E+00j     1.000000E+00          l
[2024/01/07 06:16:37]          829  alphaPorosity_829       c     0.000000E+00   0.000000E+00+0.000000E+00j     1.000000E+00          l
[2024/01/07 06:16:37]          830  alphaPorosity_830       c     0.000000E+00   0.000000E+00+0.000000E+00j     1.000000E+00          l
[2024/01/07 06:16:37]          831  alphaPorosity_831       c     0.000000E+00   0.000000E+00+0.000000E+00j     1.000000E+00          l
[2024/01/07 06:16:37]          832  alphaPorosity_832       c     0.000000E+00   0.000000E+00+0.000000E+00j     1.000000E+00          l
[2024/01/07 06:16:37]          833  alphaPorosity_833       c     0.000000E+00   0.000000E+00+0.000000E+00j     1.000000E+00          l
[2024/01/07 06:16:37]          834  alphaPorosity_834       c     0.000000E+00   0.000000E+00+0.000000E+00j     1.000000E+00          l
[2024/01/07 06:16:37]          835  alphaPorosity_835       c     0.000000E+00   0.000000E+00+0.000000E+00j     1.000000E+00          l
[2024/01/07 06:16:37]          836  alphaPorosity_836       c     0.000000E+00   0.000000E+00+0.000000E+00j     1.000000E+00          l
[2024/01/07 06:16:37]          837  alphaPorosity_837       c     0.000000E+00   0.000000E+00+0.000000E+00j     1.000000E+00          l
[2024/01/07 06:16:37]          838  alphaPorosity_838       c     0.000000E+00   0.000000E+00+0.000000E+00j     1.000000E+00          l
[2024/01/07 06:16:37]          839  alphaPorosity_839       c     0.000000E+00   0.000000E+00+0.000000E+00j     1.000000E+00          l
[2024/01/07 06:16:37]          840  alphaPorosity_840       c     0.000000E+00   0.000000E+00+0.000000E+00j     1.000000E+00          l
[2024/01/07 06:16:37]          841  alphaPorosity_841       c     0.000000E+00   0.000000E+00+0.000000E+00j     1.000000E+00          l
[2024/01/07 06:16:37]          842  alphaPorosity_842       c     0.000000E+00   0.000000E+00+0.000000E+00j     1.000000E+00          l
[2024/01/07 06:16:37]          843  alphaPorosity_843       c     0.000000E+00   0.000000E+00+0.000000E+00j     1.000000E+00          l
[2024/01/07 06:16:37]          844  alphaPorosity_844       c     0.000000E+00   0.000000E+00+0.000000E+00j     1.000000E+00          l
[2024/01/07 06:16:37]          845  alphaPorosity_845       c     0.000000E+00   0.000000E+00+0.000000E+00j     1.000000E+00          l
[2024/01/07 06:16:37]          846  alphaPorosity_846       c     0.000000E+00   0.000000E+00+0.000000E+00j     1.000000E+00          l
[2024/01/07 06:16:37]          847  alphaPorosity_847       c     0.000000E+00   0.000000E+00+0.000000E+00j     1.000000E+00          l
[2024/01/07 06:16:37]          848  alphaPorosity_848       c     0.000000E+00   0.000000E+00+0.000000E+00j     1.000000E+00          l
[2024/01/07 06:16:37]          849  alphaPorosity_849       c     0.000000E+00   0.000000E+00+0.000000E+00j     1.000000E+00          l
[2024/01/07 06:16:37]          850  alphaPorosity_850       c     0.000000E+00   0.000000E+00+0.000000E+00j     1.000000E+00          l
[2024/01/07 06:16:37]          851  alphaPorosity_851       c     0.000000E+00   0.000000E+00+0.000000E+00j     1.000000E+00          l
[2024/01/07 06:16:37]          852  alphaPorosity_852       c     0.000000E+00   0.000000E+00+0.000000E+00j     1.000000E+00          l
[2024/01/07 06:16:37]          853  alphaPorosity_853       c     0.000000E+00   0.000000E+00+0.000000E+00j     1.000000E+00          l
[2024/01/07 06:16:37]          854  alphaPorosity_854       c     0.000000E+00   0.000000E+00+0.000000E+00j     1.000000E+00          l
[2024/01/07 06:16:37]          855  alphaPorosity_855       c     0.000000E+00   0.000000E+00+0.000000E+00j     1.000000E+00          l
[2024/01/07 06:16:37]          856  alphaPorosity_856       c     0.000000E+00   0.000000E+00+0.000000E+00j     1.000000E+00          l
[2024/01/07 06:16:37]          857  alphaPorosity_857       c     0.000000E+00   0.000000E+00+0.000000E+00j     1.000000E+00          l
[2024/01/07 06:16:37]          858  alphaPorosity_858       c     0.000000E+00   0.000000E+00+0.000000E+00j     1.000000E+00          l
[2024/01/07 06:16:37]          859  alphaPorosity_859       c     0.000000E+00   0.000000E+00+0.000000E+00j     1.000000E+00          l
[2024/01/07 06:16:37]          860  alphaPorosity_860       c     0.000000E+00   0.000000E+00+0.000000E+00j     1.000000E+00          l
[2024/01/07 06:16:37]          861  alphaPorosity_861       c     0.000000E+00   0.000000E+00+0.000000E+00j     1.000000E+00          l
[2024/01/07 06:16:37]          862  alphaPorosity_862       c     0.000000E+00   0.000000E+00+0.000000E+00j     1.000000E+00          l
[2024/01/07 06:16:37]          863  alphaPorosity_863       c     0.000000E+00   0.000000E+00+0.000000E+00j     1.000000E+00          l
[2024/01/07 06:16:37]          864  alphaPorosity_864       c     0.000000E+00   0.000000E+00+0.000000E+00j     1.000000E+00          l
[2024/01/07 06:16:37]          865  alphaPorosity_865       c     0.000000E+00   0.000000E+00+0.000000E+00j     1.000000E+00          l
[2024/01/07 06:16:37]          866  alphaPorosity_866       c     0.000000E+00   0.000000E+00+0.000000E+00j     1.000000E+00          l
[2024/01/07 06:16:37]          867  alphaPorosity_867       c     0.000000E+00   0.000000E+00+0.000000E+00j     1.000000E+00          l
[2024/01/07 06:16:37]          868  alphaPorosity_868       c     0.000000E+00   0.000000E+00+0.000000E+00j     1.000000E+00          l
[2024/01/07 06:16:37]          869  alphaPorosity_869       c     0.000000E+00   0.000000E+00+0.000000E+00j     1.000000E+00          l
[2024/01/07 06:16:37]          870  alphaPorosity_870       c     0.000000E+00   0.000000E+00+0.000000E+00j     1.000000E+00          l
[2024/01/07 06:16:37]          871  alphaPorosity_871       c     0.000000E+00   0.000000E+00+0.000000E+00j     1.000000E+00          l
[2024/01/07 06:16:37]          872  alphaPorosity_872       c     0.000000E+00   0.000000E+00+0.000000E+00j     1.000000E+00          l
[2024/01/07 06:16:37]          873  alphaPorosity_873       c     0.000000E+00   0.000000E+00+0.000000E+00j     1.000000E+00          l
[2024/01/07 06:16:37]          874  alphaPorosity_874       c     0.000000E+00   0.000000E+00+0.000000E+00j     1.000000E+00          l
[2024/01/07 06:16:37]          875  alphaPorosity_875       c     0.000000E+00   0.000000E+00+0.000000E+00j     1.000000E+00          l
[2024/01/07 06:16:37]          876  alphaPorosity_876       c     0.000000E+00   0.000000E+00+0.000000E+00j     1.000000E+00          l
[2024/01/07 06:16:37]          877  alphaPorosity_877       c     0.000000E+00   0.000000E+00+0.000000E+00j     1.000000E+00          l
[2024/01/07 06:16:37]          878  alphaPorosity_878       c     0.000000E+00   0.000000E+00+0.000000E+00j     1.000000E+00          l
[2024/01/07 06:16:37]          879  alphaPorosity_879       c     0.000000E+00   0.000000E+00+0.000000E+00j     1.000000E+00          l
[2024/01/07 06:16:37]          880  alphaPorosity_880       c     0.000000E+00   0.000000E+00+0.000000E+00j     1.000000E+00          l
[2024/01/07 06:16:37]          881  alphaPorosity_881       c     0.000000E+00   0.000000E+00+0.000000E+00j     1.000000E+00          l
[2024/01/07 06:16:37]          882  alphaPorosity_882       c     0.000000E+00   0.000000E+00+0.000000E+00j     1.000000E+00          l
[2024/01/07 06:16:37]          883  alphaPorosity_883       c     0.000000E+00   0.000000E+00+0.000000E+00j     1.000000E+00          l
[2024/01/07 06:16:37]          884  alphaPorosity_884       c     0.000000E+00   0.000000E+00+0.000000E+00j     1.000000E+00          l
[2024/01/07 06:16:37]          885  alphaPorosity_885       c     0.000000E+00   0.000000E+00+0.000000E+00j     1.000000E+00          l
[2024/01/07 06:16:37]          886  alphaPorosity_886       c     0.000000E+00   0.000000E+00+0.000000E+00j     1.000000E+00          l
[2024/01/07 06:16:37]          887  alphaPorosity_887       c     0.000000E+00   0.000000E+00+0.000000E+00j     1.000000E+00          l
[2024/01/07 06:16:37]          888  alphaPorosity_888       c     0.000000E+00   0.000000E+00+0.000000E+00j     1.000000E+00          l
[2024/01/07 06:16:37]          889  alphaPorosity_889       c     0.000000E+00   0.000000E+00+0.000000E+00j     1.000000E+00          l
[2024/01/07 06:16:37]          890  alphaPorosity_890       c     0.000000E+00   0.000000E+00+0.000000E+00j     1.000000E+00          l
[2024/01/07 06:16:37]          891  alphaPorosity_891       c     0.000000E+00   0.000000E+00+0.000000E+00j     1.000000E+00          l
[2024/01/07 06:16:37]          892  alphaPorosity_892       c     0.000000E+00   0.000000E+00+0.000000E+00j     1.000000E+00          l
[2024/01/07 06:16:37]          893  alphaPorosity_893       c     0.000000E+00   0.000000E+00+0.000000E+00j     1.000000E+00          l
[2024/01/07 06:16:37]          894  alphaPorosity_894       c     0.000000E+00   0.000000E+00+0.000000E+00j     1.000000E+00          l
[2024/01/07 06:16:37]          895  alphaPorosity_895       c     0.000000E+00   0.000000E+00+0.000000E+00j     1.000000E+00          l
[2024/01/07 06:16:37]          896  alphaPorosity_896       c     0.000000E+00   0.000000E+00+0.000000E+00j     1.000000E+00          l
[2024/01/07 06:16:37]          897  alphaPorosity_897       c     0.000000E+00   0.000000E+00+0.000000E+00j     1.000000E+00          l
[2024/01/07 06:16:37]          898  alphaPorosity_898       c     0.000000E+00   0.000000E+00+0.000000E+00j     1.000000E+00          l
[2024/01/07 06:16:37]          899  alphaPorosity_899       c     0.000000E+00   0.000000E+00+0.000000E+00j     1.000000E+00          l
[2024/01/07 06:16:37]          900  alphaPorosity_900       c     0.000000E+00   0.000000E+00+0.000000E+00j     1.000000E+00          l
[2024/01/07 06:16:37]          901  alphaPorosity_901       c     0.000000E+00   0.000000E+00+0.000000E+00j     1.000000E+00          l
[2024/01/07 06:16:37]          902  alphaPorosity_902       c     0.000000E+00   0.000000E+00+0.000000E+00j     1.000000E+00          l
[2024/01/07 06:16:37]          903  alphaPorosity_903       c     0.000000E+00   0.000000E+00+0.000000E+00j     1.000000E+00          l
[2024/01/07 06:16:37]          904  alphaPorosity_904       c     0.000000E+00   0.000000E+00+0.000000E+00j     1.000000E+00          l
[2024/01/07 06:16:37]          905  alphaPorosity_905       c     0.000000E+00   0.000000E+00+0.000000E+00j     1.000000E+00          l
[2024/01/07 06:16:37]          906  alphaPorosity_906       c     0.000000E+00   0.000000E+00+0.000000E+00j     1.000000E+00          l
[2024/01/07 06:16:37]          907  alphaPorosity_907       c     0.000000E+00   0.000000E+00+0.000000E+00j     1.000000E+00          l
[2024/01/07 06:16:37]          908  alphaPorosity_908       c     0.000000E+00   0.000000E+00+0.000000E+00j     1.000000E+00          l
[2024/01/07 06:16:37]          909  alphaPorosity_909       c     0.000000E+00   0.000000E+00+0.000000E+00j     1.000000E+00          l
[2024/01/07 06:16:37]          910  alphaPorosity_910       c     0.000000E+00   0.000000E+00+0.000000E+00j     1.000000E+00          l
[2024/01/07 06:16:37]          911  alphaPorosity_911       c     0.000000E+00   0.000000E+00+0.000000E+00j     1.000000E+00          l
[2024/01/07 06:16:37]          912  alphaPorosity_912       c     0.000000E+00   0.000000E+00+0.000000E+00j     1.000000E+00          l
[2024/01/07 06:16:37]          913  alphaPorosity_913       c     0.000000E+00   0.000000E+00+0.000000E+00j     1.000000E+00          l
[2024/01/07 06:16:37]          914  alphaPorosity_914       c     0.000000E+00   0.000000E+00+0.000000E+00j     1.000000E+00          l
[2024/01/07 06:16:37]          915  alphaPorosity_915       c     0.000000E+00   0.000000E+00+0.000000E+00j     1.000000E+00          l
[2024/01/07 06:16:37]          916  alphaPorosity_916       c     0.000000E+00   0.000000E+00+0.000000E+00j     1.000000E+00          l
[2024/01/07 06:16:37]          917  alphaPorosity_917       c     0.000000E+00   0.000000E+00+0.000000E+00j     1.000000E+00          l
[2024/01/07 06:16:37]          918  alphaPorosity_918       c     0.000000E+00   0.000000E+00+0.000000E+00j     1.000000E+00          l
[2024/01/07 06:16:37]          919  alphaPorosity_919       c     0.000000E+00   0.000000E+00+0.000000E+00j     1.000000E+00          l
[2024/01/07 06:16:37]          920  alphaPorosity_920       c     0.000000E+00   0.000000E+00+0.000000E+00j     1.000000E+00          l
[2024/01/07 06:16:37]          921  alphaPorosity_921       c     0.000000E+00   0.000000E+00+0.000000E+00j     1.000000E+00          l
[2024/01/07 06:16:37]          922  alphaPorosity_922       c     0.000000E+00   0.000000E+00+0.000000E+00j     1.000000E+00          l
[2024/01/07 06:16:37]          923  alphaPorosity_923       c     0.000000E+00   0.000000E+00+0.000000E+00j     1.000000E+00          l
[2024/01/07 06:16:37]          924  alphaPorosity_924       c     0.000000E+00   0.000000E+00+0.000000E+00j     1.000000E+00          l
[2024/01/07 06:16:37]          925  alphaPorosity_925       c     0.000000E+00   0.000000E+00+0.000000E+00j     1.000000E+00          l
[2024/01/07 06:16:37]          926  alphaPorosity_926       c     0.000000E+00   0.000000E+00+0.000000E+00j     1.000000E+00          l
[2024/01/07 06:16:37]          927  alphaPorosity_927       c     0.000000E+00   0.000000E+00+0.000000E+00j     1.000000E+00          l
[2024/01/07 06:16:37]          928  alphaPorosity_928       c     0.000000E+00   0.000000E+00+0.000000E+00j     1.000000E+00          l
[2024/01/07 06:16:37]          929  alphaPorosity_929       c     0.000000E+00   0.000000E+00+0.000000E+00j     1.000000E+00          l
[2024/01/07 06:16:37]          930  alphaPorosity_930       c     0.000000E+00   0.000000E+00+0.000000E+00j     1.000000E+00          l
[2024/01/07 06:16:37]          931  alphaPorosity_931       c     0.000000E+00   0.000000E+00+0.000000E+00j     1.000000E+00          l
[2024/01/07 06:16:37]          932  alphaPorosity_932       c     0.000000E+00   0.000000E+00+0.000000E+00j     1.000000E+00          l
[2024/01/07 06:16:37]          933  alphaPorosity_933       c     0.000000E+00   0.000000E+00+0.000000E+00j     1.000000E+00          l
[2024/01/07 06:16:37]          934  alphaPorosity_934       c     0.000000E+00   0.000000E+00+0.000000E+00j     1.000000E+00          l
[2024/01/07 06:16:37]          935  alphaPorosity_935       c     0.000000E+00   0.000000E+00+0.000000E+00j     1.000000E+00          l
[2024/01/07 06:16:37]          936  alphaPorosity_936       c     0.000000E+00   0.000000E+00+0.000000E+00j     1.000000E+00          l
[2024/01/07 06:16:37]          937  alphaPorosity_937       c     0.000000E+00   0.000000E+00+0.000000E+00j     1.000000E+00          l
[2024/01/07 06:16:37]          938  alphaPorosity_938       c     0.000000E+00   0.000000E+00+0.000000E+00j     1.000000E+00          l
[2024/01/07 06:16:37]          939  alphaPorosity_939       c     0.000000E+00   0.000000E+00+0.000000E+00j     1.000000E+00          l
[2024/01/07 06:16:37]          940  alphaPorosity_940       c     0.000000E+00   0.000000E+00+0.000000E+00j     1.000000E+00          l
[2024/01/07 06:16:37]          941  alphaPorosity_941       c     0.000000E+00   0.000000E+00+0.000000E+00j     1.000000E+00          l
[2024/01/07 06:16:37]          942  alphaPorosity_942       c     0.000000E+00   0.000000E+00+0.000000E+00j     1.000000E+00          l
[2024/01/07 06:16:37]          943  alphaPorosity_943       c     0.000000E+00   0.000000E+00+0.000000E+00j     1.000000E+00          l
[2024/01/07 06:16:37]          944  alphaPorosity_944       c     0.000000E+00   0.000000E+00+0.000000E+00j     1.000000E+00          l
[2024/01/07 06:16:37]          945  alphaPorosity_945       c     0.000000E+00   0.000000E+00+0.000000E+00j     1.000000E+00          l
[2024/01/07 06:16:37]          946  alphaPorosity_946       c     0.000000E+00   0.000000E+00+0.000000E+00j     1.000000E+00          l
[2024/01/07 06:16:37]          947  alphaPorosity_947       c     0.000000E+00   0.000000E+00+0.000000E+00j     1.000000E+00          l
[2024/01/07 06:16:37]          948  alphaPorosity_948       c     0.000000E+00   0.000000E+00+0.000000E+00j     1.000000E+00          l
[2024/01/07 06:16:37]          949  alphaPorosity_949       c     0.000000E+00   0.000000E+00+0.000000E+00j     1.000000E+00          l
[2024/01/07 06:16:37]          950  alphaPorosity_950       c     0.000000E+00   0.000000E+00+0.000000E+00j     1.000000E+00          l
[2024/01/07 06:16:37]          951  alphaPorosity_951       c     0.000000E+00   0.000000E+00+0.000000E+00j     1.000000E+00          l
[2024/01/07 06:16:37]          952  alphaPorosity_952       c     0.000000E+00   0.000000E+00+0.000000E+00j     1.000000E+00          l
[2024/01/07 06:16:37]          953  alphaPorosity_953       c     0.000000E+00   0.000000E+00+0.000000E+00j     1.000000E+00          l
[2024/01/07 06:16:37]          954  alphaPorosity_954       c     0.000000E+00   0.000000E+00+0.000000E+00j     1.000000E+00          l
[2024/01/07 06:16:37]          955  alphaPorosity_955       c     0.000000E+00   0.000000E+00+0.000000E+00j     1.000000E+00          l
[2024/01/07 06:16:37]          956  alphaPorosity_956       c     0.000000E+00   0.000000E+00+0.000000E+00j     1.000000E+00          l
[2024/01/07 06:16:37]          957  alphaPorosity_957       c     0.000000E+00   0.000000E+00+0.000000E+00j     1.000000E+00          l
[2024/01/07 06:16:37]          958  alphaPorosity_958       c     0.000000E+00   0.000000E+00+0.000000E+00j     1.000000E+00          l
[2024/01/07 06:16:37]          959  alphaPorosity_959       c     0.000000E+00   0.000000E+00+0.000000E+00j     1.000000E+00          l
[2024/01/07 06:16:37]          960  alphaPorosity_960       c     0.000000E+00   0.000000E+00+0.000000E+00j     1.000000E+00          l
[2024/01/07 06:16:37]          961  alphaPorosity_961       c     0.000000E+00   0.000000E+00+0.000000E+00j     1.000000E+00          l
[2024/01/07 06:16:37]          962  alphaPorosity_962       c     0.000000E+00   0.000000E+00+0.000000E+00j     1.000000E+00          l
[2024/01/07 06:16:37]          963  alphaPorosity_963       c     0.000000E+00   0.000000E+00+0.000000E+00j     1.000000E+00          l
[2024/01/07 06:16:37]          964  alphaPorosity_964       c     0.000000E+00   0.000000E+00+0.000000E+00j     1.000000E+00          l
[2024/01/07 06:16:37]          965  alphaPorosity_965       c     0.000000E+00   0.000000E+00+0.000000E+00j     1.000000E+00          l
[2024/01/07 06:16:37]          966  alphaPorosity_966       c     0.000000E+00   0.000000E+00+0.000000E+00j     1.000000E+00          l
[2024/01/07 06:16:37]          967  alphaPorosity_967       c     0.000000E+00   0.000000E+00+0.000000E+00j     1.000000E+00          l
[2024/01/07 06:16:37]          968  alphaPorosity_968       c     0.000000E+00   0.000000E+00+0.000000E+00j     1.000000E+00          l
[2024/01/07 06:16:37]          969  alphaPorosity_969       c     0.000000E+00   0.000000E+00+0.000000E+00j     1.000000E+00          l
[2024/01/07 06:16:37]          970  alphaPorosity_970       c     0.000000E+00   0.000000E+00+0.000000E+00j     1.000000E+00          l
[2024/01/07 06:16:37]          971  alphaPorosity_971       c     0.000000E+00   0.000000E+00+0.000000E+00j     1.000000E+00          l
[2024/01/07 06:16:37]          972  alphaPorosity_972       c     0.000000E+00   0.000000E+00+0.000000E+00j     1.000000E+00          l
[2024/01/07 06:16:37]          973  alphaPorosity_973       c     0.000000E+00   0.000000E+00+0.000000E+00j     1.000000E+00          l
[2024/01/07 06:16:37]          974  alphaPorosity_974       c     0.000000E+00   0.000000E+00+0.000000E+00j     1.000000E+00          l
[2024/01/07 06:16:37]          975  alphaPorosity_975       c     0.000000E+00   0.000000E+00+0.000000E+00j     1.000000E+00          l
[2024/01/07 06:16:37]          976  alphaPorosity_976       c     0.000000E+00   0.000000E+00+0.000000E+00j     1.000000E+00          l
[2024/01/07 06:16:37]          977  alphaPorosity_977       c     0.000000E+00   0.000000E+00+0.000000E+00j     1.000000E+00          l
[2024/01/07 06:16:37]          978  alphaPorosity_978       c     0.000000E+00   0.000000E+00+0.000000E+00j     1.000000E+00          l
[2024/01/07 06:16:37]          979  alphaPorosity_979       c     0.000000E+00   0.000000E+00+0.000000E+00j     1.000000E+00          l
[2024/01/07 06:16:37]          980  alphaPorosity_980       c     0.000000E+00   0.000000E+00+0.000000E+00j     1.000000E+00          l
[2024/01/07 06:16:37]          981  alphaPorosity_981       c     0.000000E+00   0.000000E+00+0.000000E+00j     1.000000E+00          l
[2024/01/07 06:16:37]          982  alphaPorosity_982       c     0.000000E+00   0.000000E+00+0.000000E+00j     1.000000E+00          l
[2024/01/07 06:16:37]          983  alphaPorosity_983       c     0.000000E+00   0.000000E+00+0.000000E+00j     1.000000E+00          l
[2024/01/07 06:16:37]          984  alphaPorosity_984       c     0.000000E+00   0.000000E+00+0.000000E+00j     1.000000E+00          l
[2024/01/07 06:16:37]          985  alphaPorosity_985       c     0.000000E+00   0.000000E+00+0.000000E+00j     1.000000E+00          l
[2024/01/07 06:16:37]          986  alphaPorosity_986       c     0.000000E+00   0.000000E+00+0.000000E+00j     1.000000E+00          l
[2024/01/07 06:16:37]          987  alphaPorosity_987       c     0.000000E+00   0.000000E+00+0.000000E+00j     1.000000E+00          l
[2024/01/07 06:16:37]          988  alphaPorosity_988       c     0.000000E+00   0.000000E+00+0.000000E+00j     1.000000E+00          l
[2024/01/07 06:16:37]          989  alphaPorosity_989       c     0.000000E+00   0.000000E+00+0.000000E+00j     1.000000E+00          l
[2024/01/07 06:16:37]          990  alphaPorosity_990       c     0.000000E+00   0.000000E+00+0.000000E+00j     1.000000E+00          l
[2024/01/07 06:16:37]          991  alphaPorosity_991       c     0.000000E+00   0.000000E+00+0.000000E+00j     1.000000E+00          l
[2024/01/07 06:16:37]          992  alphaPorosity_992       c     0.000000E+00   0.000000E+00+0.000000E+00j     1.000000E+00          l
[2024/01/07 06:16:37]          993  alphaPorosity_993       c     0.000000E+00   0.000000E+00+0.000000E+00j     1.000000E+00          l
[2024/01/07 06:16:37]          994  alphaPorosity_994       c     0.000000E+00   0.000000E+00+0.000000E+00j     1.000000E+00          l
[2024/01/07 06:16:37]          995  alphaPorosity_995       c     0.000000E+00   0.000000E+00+0.000000E+00j     1.000000E+00          l
[2024/01/07 06:16:37]          996  alphaPorosity_996       c     0.000000E+00   0.000000E+00+0.000000E+00j     1.000000E+00          l
[2024/01/07 06:16:37]          997  alphaPorosity_997       c     0.000000E+00   0.000000E+00+0.000000E+00j     1.000000E+00          l
[2024/01/07 06:16:37]          998  alphaPorosity_998       c     0.000000E+00   0.000000E+00+0.000000E+00j     1.000000E+00          l
[2024/01/07 06:16:37]          999  alphaPorosity_999       c     0.000000E+00   0.000000E+00+0.000000E+00j     1.000000E+00          l
[2024/01/07 06:16:37]         1000  alphaPorosity_1000      c     0.000000E+00   0.000000E+00+0.000000E+00j     1.000000E+00          l
[2024/01/07 06:16:37]         1001  alphaPorosity_1001      c     0.000000E+00   0.000000E+00+0.000000E+00j     1.000000E+00          l
[2024/01/07 06:16:37]         1002  alphaPorosity_1002      c     0.000000E+00   0.000000E+00+0.000000E+00j     1.000000E+00          l
[2024/01/07 06:16:37]         1003  alphaPorosity_1003      c     0.000000E+00   0.000000E+00+0.000000E+00j     1.000000E+00          l
[2024/01/07 06:16:37]         1004  alphaPorosity_1004      c     0.000000E+00   0.000000E+00+0.000000E+00j     1.000000E+00          l
[2024/01/07 06:16:37]         1005  alphaPorosity_1005      c     0.000000E+00   0.000000E+00+0.000000E+00j     1.000000E+00          l
[2024/01/07 06:16:37]         1006  alphaPorosity_1006      c     0.000000E+00   0.000000E+00+0.000000E+00j     1.000000E+00          l
[2024/01/07 06:16:37]         1007  alphaPorosity_1007      c     0.000000E+00   0.000000E+00+0.000000E+00j     1.000000E+00          l
[2024/01/07 06:16:37]         1008  alphaPorosity_1008      c     0.000000E+00   0.000000E+00+0.000000E+00j     1.000000E+00          l
[2024/01/07 06:16:37]         1009  alphaPorosity_1009      c     0.000000E+00   0.000000E+00+0.000000E+00j     1.000000E+00          l
[2024/01/07 06:16:37]         1010  alphaPorosity_1010      c     0.000000E+00   0.000000E+00+0.000000E+00j     1.000000E+00          l
[2024/01/07 06:16:37]         1011  alphaPorosity_1011      c     0.000000E+00   0.000000E+00+0.000000E+00j     1.000000E+00          l
[2024/01/07 06:16:37]         1012  alphaPorosity_1012      c     0.000000E+00   0.000000E+00+0.000000E+00j     1.000000E+00          l
[2024/01/07 06:16:37]         1013  alphaPorosity_1013      c     0.000000E+00   0.000000E+00+0.000000E+00j     1.000000E+00          l
[2024/01/07 06:16:37]         1014  alphaPorosity_1014      c     0.000000E+00   0.000000E+00+0.000000E+00j     1.000000E+00          l
[2024/01/07 06:16:37]         1015  alphaPorosity_1015      c     0.000000E+00   0.000000E+00+0.000000E+00j     1.000000E+00          l
[2024/01/07 06:16:37]         1016  alphaPorosity_1016      c     0.000000E+00   0.000000E+00+0.000000E+00j     1.000000E+00          l
[2024/01/07 06:16:37]         1017  alphaPorosity_1017      c     0.000000E+00   0.000000E+00+0.000000E+00j     1.000000E+00          l
[2024/01/07 06:16:37]         1018  alphaPorosity_1018      c     0.000000E+00   0.000000E+00+0.000000E+00j     1.000000E+00          l
[2024/01/07 06:16:37]         1019  alphaPorosity_1019      c     0.000000E+00   0.000000E+00+0.000000E+00j     1.000000E+00          l
[2024/01/07 06:16:37]         1020  alphaPorosity_1020      c     0.000000E+00   0.000000E+00+0.000000E+00j     1.000000E+00          l
[2024/01/07 06:16:37]         1021  alphaPorosity_1021      c     0.000000E+00   0.000000E+00+0.000000E+00j     1.000000E+00          l
[2024/01/07 06:16:37]         1022  alphaPorosity_1022      c     0.000000E+00   0.000000E+00+0.000000E+00j     1.000000E+00          l
[2024/01/07 06:16:37]         1023  alphaPorosity_1023      c     0.000000E+00   0.000000E+00+0.000000E+00j     1.000000E+00          l
[2024/01/07 06:16:37]         1024  alphaPorosity_1024      c     0.000000E+00   0.000000E+00+0.000000E+00j     1.000000E+00          l
[2024/01/07 06:16:37]         1025  alphaPorosity_1025      c     0.000000E+00   0.000000E+00+0.000000E+00j     1.000000E+00          l
[2024/01/07 06:16:37]         1026  alphaPorosity_1026      c     0.000000E+00   0.000000E+00+0.000000E+00j     1.000000E+00          l
[2024/01/07 06:16:37]         1027  alphaPorosity_1027      c     0.000000E+00   0.000000E+00+0.000000E+00j     1.000000E+00          l
[2024/01/07 06:16:37]         1028  alphaPorosity_1028      c     0.000000E+00   0.000000E+00+0.000000E+00j     1.000000E+00          l
[2024/01/07 06:16:37]         1029  alphaPorosity_1029      c     0.000000E+00   0.000000E+00+0.000000E+00j     1.000000E+00          l
[2024/01/07 06:16:37]         1030  alphaPorosity_1030      c     0.000000E+00   0.000000E+00+0.000000E+00j     1.000000E+00          l
[2024/01/07 06:16:37]         1031  alphaPorosity_1031      c     0.000000E+00   0.000000E+00+0.000000E+00j     1.000000E+00          l
[2024/01/07 06:16:37]         1032  alphaPorosity_1032      c     0.000000E+00   0.000000E+00+0.000000E+00j     1.000000E+00          l
[2024/01/07 06:16:37]         1033  alphaPorosity_1033      c     0.000000E+00   0.000000E+00+0.000000E+00j     1.000000E+00          l
[2024/01/07 06:16:37]         1034  alphaPorosity_1034      c     0.000000E+00   0.000000E+00+0.000000E+00j     1.000000E+00          l
[2024/01/07 06:16:37]         1035  alphaPorosity_1035      c     0.000000E+00   0.000000E+00+0.000000E+00j     1.000000E+00          l
[2024/01/07 06:16:37]         1036  alphaPorosity_1036      c     0.000000E+00   0.000000E+00+0.000000E+00j     1.000000E+00          l
[2024/01/07 06:16:37]         1037  alphaPorosity_1037      c     0.000000E+00   0.000000E+00+0.000000E+00j     1.000000E+00          l
[2024/01/07 06:16:37]         1038  alphaPorosity_1038      c     0.000000E+00   0.000000E+00+0.000000E+00j     1.000000E+00          l
[2024/01/07 06:16:37]         1039  alphaPorosity_1039      c     0.000000E+00   0.000000E+00+0.000000E+00j     1.000000E+00          l
[2024/01/07 06:16:37]         1040  alphaPorosity_1040      c     0.000000E+00   0.000000E+00+0.000000E+00j     1.000000E+00          l
[2024/01/07 06:16:37]         1041  alphaPorosity_1041      c     0.000000E+00   0.000000E+00+0.000000E+00j     1.000000E+00          l
[2024/01/07 06:16:37]         1042  alphaPorosity_1042      c     0.000000E+00   0.000000E+00+0.000000E+00j     1.000000E+00          l
[2024/01/07 06:16:37]         1043  alphaPorosity_1043      c     0.000000E+00   0.000000E+00+0.000000E+00j     1.000000E+00          l
[2024/01/07 06:16:37]         1044  alphaPorosity_1044      c     0.000000E+00   0.000000E+00+0.000000E+00j     1.000000E+00          l
[2024/01/07 06:16:37]         1045  alphaPorosity_1045      c     0.000000E+00   0.000000E+00+0.000000E+00j     1.000000E+00          l
[2024/01/07 06:16:37]         1046  alphaPorosity_1046      c     0.000000E+00   0.000000E+00+0.000000E+00j     1.000000E+00          l
[2024/01/07 06:16:37]         1047  alphaPorosity_1047      c     0.000000E+00   0.000000E+00+0.000000E+00j     1.000000E+00          l
[2024/01/07 06:16:37]         1048  alphaPorosity_1048      c     0.000000E+00   0.000000E+00+0.000000E+00j     1.000000E+00          l
[2024/01/07 06:16:37]         1049  alphaPorosity_1049      c     0.000000E+00   0.000000E+00+0.000000E+00j     1.000000E+00          l
[2024/01/07 06:16:37]         1050  alphaPorosity_1050      c     0.000000E+00   0.000000E+00+0.000000E+00j     1.000000E+00          l
[2024/01/07 06:16:37]         1051  alphaPorosity_1051      c     0.000000E+00   0.000000E+00+0.000000E+00j     1.000000E+00          l
[2024/01/07 06:16:37]         1052  alphaPorosity_1052      c     0.000000E+00   0.000000E+00+0.000000E+00j     1.000000E+00          l
[2024/01/07 06:16:37]         1053  alphaPorosity_1053      c     0.000000E+00   0.000000E+00+0.000000E+00j     1.000000E+00          l
[2024/01/07 06:16:37]         1054  alphaPorosity_1054      c     0.000000E+00   0.000000E+00+0.000000E+00j     1.000000E+00          l
[2024/01/07 06:16:37]         1055  alphaPorosity_1055      c     0.000000E+00   0.000000E+00+0.000000E+00j     1.000000E+00          l
[2024/01/07 06:16:37]         1056  alphaPorosity_1056      c     0.000000E+00   0.000000E+00+0.000000E+00j     1.000000E+00          l
[2024/01/07 06:16:37]         1057  alphaPorosity_1057      c     0.000000E+00   0.000000E+00+0.000000E+00j     1.000000E+00          l
[2024/01/07 06:16:37]         1058  alphaPorosity_1058      c     0.000000E+00   0.000000E+00+0.000000E+00j     1.000000E+00          l
[2024/01/07 06:16:37]         1059  alphaPorosity_1059      c     0.000000E+00   0.000000E+00+0.000000E+00j     1.000000E+00          l
[2024/01/07 06:16:37]         1060  alphaPorosity_1060      c     0.000000E+00   0.000000E+00+0.000000E+00j     1.000000E+00          l
[2024/01/07 06:16:37]         1061  alphaPorosity_1061      c     0.000000E+00   0.000000E+00+0.000000E+00j     1.000000E+00          l
[2024/01/07 06:16:37]         1062  alphaPorosity_1062      c     0.000000E+00   0.000000E+00+0.000000E+00j     1.000000E+00          l
[2024/01/07 06:16:37]         1063  alphaPorosity_1063      c     0.000000E+00   0.000000E+00+0.000000E+00j     1.000000E+00          l
[2024/01/07 06:16:37]         1064  alphaPorosity_1064      c     0.000000E+00   0.000000E+00+0.000000E+00j     1.000000E+00          l
[2024/01/07 06:16:37]         1065  alphaPorosity_1065      c     0.000000E+00   0.000000E+00+0.000000E+00j     1.000000E+00          l
[2024/01/07 06:16:37]         1066  alphaPorosity_1066      c     0.000000E+00   0.000000E+00+0.000000E+00j     1.000000E+00          l
[2024/01/07 06:16:37]         1067  alphaPorosity_1067      c     0.000000E+00   0.000000E+00+0.000000E+00j     1.000000E+00          l
[2024/01/07 06:16:37]         1068  alphaPorosity_1068      c     0.000000E+00   0.000000E+00+0.000000E+00j     1.000000E+00          l
[2024/01/07 06:16:37]         1069  alphaPorosity_1069      c     0.000000E+00   0.000000E+00+0.000000E+00j     1.000000E+00          l
[2024/01/07 06:16:37]         1070  alphaPorosity_1070      c     0.000000E+00   0.000000E+00+0.000000E+00j     1.000000E+00          l
[2024/01/07 06:16:37]         1071  alphaPorosity_1071      c     0.000000E+00   0.000000E+00+0.000000E+00j     1.000000E+00          l
[2024/01/07 06:16:37]         1072  alphaPorosity_1072      c     0.000000E+00   0.000000E+00+0.000000E+00j     1.000000E+00          l
[2024/01/07 06:16:37]         1073  alphaPorosity_1073      c     0.000000E+00   0.000000E+00+0.000000E+00j     1.000000E+00          l
[2024/01/07 06:16:37]         1074  alphaPorosity_1074      c     0.000000E+00   0.000000E+00+0.000000E+00j     1.000000E+00          l
[2024/01/07 06:16:37]         1075  alphaPorosity_1075      c     0.000000E+00   0.000000E+00+0.000000E+00j     1.000000E+00          l
[2024/01/07 06:16:37]         1076  alphaPorosity_1076      c     0.000000E+00   0.000000E+00+0.000000E+00j     1.000000E+00          l
[2024/01/07 06:16:37]         1077  alphaPorosity_1077      c     0.000000E+00   0.000000E+00+0.000000E+00j     1.000000E+00          l
[2024/01/07 06:16:37]         1078  alphaPorosity_1078      c     0.000000E+00   0.000000E+00+0.000000E+00j     1.000000E+00          l
[2024/01/07 06:16:37]         1079  alphaPorosity_1079      c     0.000000E+00   0.000000E+00+0.000000E+00j     1.000000E+00          l
[2024/01/07 06:16:37]         1080  alphaPorosity_1080      c     0.000000E+00   0.000000E+00+0.000000E+00j     1.000000E+00          l
[2024/01/07 06:16:37]         1081  alphaPorosity_1081      c     0.000000E+00   0.000000E+00+0.000000E+00j     1.000000E+00          l
[2024/01/07 06:16:37]         1082  alphaPorosity_1082      c     0.000000E+00   0.000000E+00+0.000000E+00j     1.000000E+00          l
[2024/01/07 06:16:37]         1083  alphaPorosity_1083      c     0.000000E+00   0.000000E+00+0.000000E+00j     1.000000E+00          l
[2024/01/07 06:16:37]         1084  alphaPorosity_1084      c     0.000000E+00   0.000000E+00+0.000000E+00j     1.000000E+00          l
[2024/01/07 06:16:37]         1085  alphaPorosity_1085      c     0.000000E+00   0.000000E+00+0.000000E+00j     1.000000E+00          l
[2024/01/07 06:16:37]         1086  alphaPorosity_1086      c     0.000000E+00   0.000000E+00+0.000000E+00j     1.000000E+00          l
[2024/01/07 06:16:37]         1087  alphaPorosity_1087      c     0.000000E+00   0.000000E+00+0.000000E+00j     1.000000E+00          l
[2024/01/07 06:16:37]         1088  alphaPorosity_1088      c     0.000000E+00   0.000000E+00+0.000000E+00j     1.000000E+00          l
[2024/01/07 06:16:37]         1089  alphaPorosity_1089      c     0.000000E+00   0.000000E+00+0.000000E+00j     1.000000E+00          l
[2024/01/07 06:16:37]         1090  alphaPorosity_1090      c     0.000000E+00   0.000000E+00+0.000000E+00j     1.000000E+00          l
[2024/01/07 06:16:37]         1091  alphaPorosity_1091      c     0.000000E+00   0.000000E+00+0.000000E+00j     1.000000E+00          l
[2024/01/07 06:16:37]         1092  alphaPorosity_1092      c     0.000000E+00   0.000000E+00+0.000000E+00j     1.000000E+00          l
[2024/01/07 06:16:37]         1093  alphaPorosity_1093      c     0.000000E+00   0.000000E+00+0.000000E+00j     1.000000E+00          l
[2024/01/07 06:16:37]         1094  alphaPorosity_1094      c     0.000000E+00   0.000000E+00+0.000000E+00j     1.000000E+00          l
[2024/01/07 06:16:37]         1095  alphaPorosity_1095      c     0.000000E+00   0.000000E+00+0.000000E+00j     1.000000E+00          l
[2024/01/07 06:16:37]         1096  alphaPorosity_1096      c     0.000000E+00   0.000000E+00+0.000000E+00j     1.000000E+00          l
[2024/01/07 06:16:37]         1097  alphaPorosity_1097      c     0.000000E+00   0.000000E+00+0.000000E+00j     1.000000E+00          l
[2024/01/07 06:16:37]         1098  alphaPorosity_1098      c     0.000000E+00   0.000000E+00+0.000000E+00j     1.000000E+00          l
[2024/01/07 06:16:37]         1099  alphaPorosity_1099      c     0.000000E+00   0.000000E+00+0.000000E+00j     1.000000E+00          l
[2024/01/07 06:16:37]         1100  alphaPorosity_1100      c     0.000000E+00   0.000000E+00+0.000000E+00j     1.000000E+00          l
[2024/01/07 06:16:37]         1101  alphaPorosity_1101      c     0.000000E+00   0.000000E+00+0.000000E+00j     1.000000E+00          l
[2024/01/07 06:16:37]         1102  alphaPorosity_1102      c     0.000000E+00   0.000000E+00+0.000000E+00j     1.000000E+00          l
[2024/01/07 06:16:37]         1103  alphaPorosity_1103      c     0.000000E+00   0.000000E+00+0.000000E+00j     1.000000E+00          l
[2024/01/07 06:16:37]         1104  alphaPorosity_1104      c     0.000000E+00   0.000000E+00+0.000000E+00j     1.000000E+00          l
[2024/01/07 06:16:37]         1105  alphaPorosity_1105      c     0.000000E+00   0.000000E+00+0.000000E+00j     1.000000E+00          l
[2024/01/07 06:16:37]         1106  alphaPorosity_1106      c     0.000000E+00   0.000000E+00+0.000000E+00j     1.000000E+00          l
[2024/01/07 06:16:37]         1107  alphaPorosity_1107      c     0.000000E+00   0.000000E+00+0.000000E+00j     1.000000E+00          l
[2024/01/07 06:16:37]         1108  alphaPorosity_1108      c     0.000000E+00   0.000000E+00+0.000000E+00j     1.000000E+00          l
[2024/01/07 06:16:37]         1109  alphaPorosity_1109      c     0.000000E+00   0.000000E+00+0.000000E+00j     1.000000E+00          l
[2024/01/07 06:16:37]         1110  alphaPorosity_1110      c     0.000000E+00   0.000000E+00+0.000000E+00j     1.000000E+00          l
[2024/01/07 06:16:37]         1111  alphaPorosity_1111      c     0.000000E+00   0.000000E+00+0.000000E+00j     1.000000E+00          l
[2024/01/07 06:16:37]         1112  alphaPorosity_1112      c     0.000000E+00   0.000000E+00+0.000000E+00j     1.000000E+00          l
[2024/01/07 06:16:37]         1113  alphaPorosity_1113      c     0.000000E+00   0.000000E+00+0.000000E+00j     1.000000E+00          l
[2024/01/07 06:16:37]         1114  alphaPorosity_1114      c     0.000000E+00   0.000000E+00+0.000000E+00j     1.000000E+00          l
[2024/01/07 06:16:37]         1115  alphaPorosity_1115      c     0.000000E+00   0.000000E+00+0.000000E+00j     1.000000E+00          l
[2024/01/07 06:16:37]         1116  alphaPorosity_1116      c     0.000000E+00   0.000000E+00+0.000000E+00j     1.000000E+00          l
[2024/01/07 06:16:37]         1117  alphaPorosity_1117      c     0.000000E+00   0.000000E+00+0.000000E+00j     1.000000E+00          l
[2024/01/07 06:16:37]         1118  alphaPorosity_1118      c     0.000000E+00   0.000000E+00+0.000000E+00j     1.000000E+00          l
[2024/01/07 06:16:37]         1119  alphaPorosity_1119      c     0.000000E+00   0.000000E+00+0.000000E+00j     1.000000E+00          l
[2024/01/07 06:16:37]         1120  alphaPorosity_1120      c     0.000000E+00   0.000000E+00+0.000000E+00j     1.000000E+00          l
[2024/01/07 06:16:37]         1121  alphaPorosity_1121      c     0.000000E+00   0.000000E+00+0.000000E+00j     1.000000E+00          l
[2024/01/07 06:16:37]         1122  alphaPorosity_1122      c     0.000000E+00   0.000000E+00+0.000000E+00j     1.000000E+00          l
[2024/01/07 06:16:37]         1123  alphaPorosity_1123      c     0.000000E+00   0.000000E+00+0.000000E+00j     1.000000E+00          l
[2024/01/07 06:16:37]         1124  alphaPorosity_1124      c     0.000000E+00   0.000000E+00+0.000000E+00j     1.000000E+00          l
[2024/01/07 06:16:37]         1125  alphaPorosity_1125      c     0.000000E+00   0.000000E+00+0.000000E+00j     1.000000E+00          l
[2024/01/07 06:16:37]         1126  alphaPorosity_1126      c     0.000000E+00   0.000000E+00+0.000000E+00j     1.000000E+00          l
[2024/01/07 06:16:37]         1127  alphaPorosity_1127      c     0.000000E+00   0.000000E+00+0.000000E+00j     1.000000E+00          l
[2024/01/07 06:16:37]         1128  alphaPorosity_1128      c     0.000000E+00   0.000000E+00+0.000000E+00j     1.000000E+00          l
[2024/01/07 06:16:37]         1129  alphaPorosity_1129      c     0.000000E+00   0.000000E+00+0.000000E+00j     1.000000E+00          l
[2024/01/07 06:16:37]         1130  alphaPorosity_1130      c     0.000000E+00   0.000000E+00+0.000000E+00j     1.000000E+00          l
[2024/01/07 06:16:37]         1131  alphaPorosity_1131      c     0.000000E+00   0.000000E+00+0.000000E+00j     1.000000E+00          l
[2024/01/07 06:16:37]         1132  alphaPorosity_1132      c     0.000000E+00   0.000000E+00+0.000000E+00j     1.000000E+00          l
[2024/01/07 06:16:37]         1133  alphaPorosity_1133      c     0.000000E+00   0.000000E+00+0.000000E+00j     1.000000E+00          l
[2024/01/07 06:16:37]         1134  alphaPorosity_1134      c     0.000000E+00   0.000000E+00+0.000000E+00j     1.000000E+00          l
[2024/01/07 06:16:37]         1135  alphaPorosity_1135      c     0.000000E+00   0.000000E+00+0.000000E+00j     1.000000E+00          l
[2024/01/07 06:16:37]         1136  alphaPorosity_1136      c     0.000000E+00   0.000000E+00+0.000000E+00j     1.000000E+00          l
[2024/01/07 06:16:37]         1137  alphaPorosity_1137      c     0.000000E+00   0.000000E+00+0.000000E+00j     1.000000E+00          l
[2024/01/07 06:16:37]         1138  alphaPorosity_1138      c     0.000000E+00   0.000000E+00+0.000000E+00j     1.000000E+00          l
[2024/01/07 06:16:37]         1139  alphaPorosity_1139      c     0.000000E+00   0.000000E+00+0.000000E+00j     1.000000E+00          l
[2024/01/07 06:16:37]         1140  alphaPorosity_1140      c     0.000000E+00   0.000000E+00+0.000000E+00j     1.000000E+00          l
[2024/01/07 06:16:37]         1141  alphaPorosity_1141      c     0.000000E+00   0.000000E+00+0.000000E+00j     1.000000E+00          l
[2024/01/07 06:16:37]         1142  alphaPorosity_1142      c     0.000000E+00   0.000000E+00+0.000000E+00j     1.000000E+00          l
[2024/01/07 06:16:37]         1143  alphaPorosity_1143      c     0.000000E+00   0.000000E+00+0.000000E+00j     1.000000E+00          l
[2024/01/07 06:16:37]         1144  alphaPorosity_1144      c     0.000000E+00   0.000000E+00+0.000000E+00j     1.000000E+00          l
[2024/01/07 06:16:37]         1145  alphaPorosity_1145      c     0.000000E+00   0.000000E+00+0.000000E+00j     1.000000E+00          l
[2024/01/07 06:16:37]         1146  alphaPorosity_1146      c     0.000000E+00   0.000000E+00+0.000000E+00j     1.000000E+00          l
[2024/01/07 06:16:37]         1147  alphaPorosity_1147      c     0.000000E+00   0.000000E+00+0.000000E+00j     1.000000E+00          l
[2024/01/07 06:16:37]         1148  alphaPorosity_1148      c     0.000000E+00   0.000000E+00+0.000000E+00j     1.000000E+00          l
[2024/01/07 06:16:37]         1149  alphaPorosity_1149      c     0.000000E+00   0.000000E+00+0.000000E+00j     1.000000E+00          l
[2024/01/07 06:16:37]         1150  alphaPorosity_1150      c     0.000000E+00   0.000000E+00+0.000000E+00j     1.000000E+00          l
[2024/01/07 06:16:37]         1151  alphaPorosity_1151      c     0.000000E+00   0.000000E+00+0.000000E+00j     1.000000E+00          l
[2024/01/07 06:16:37]         1152  alphaPorosity_1152      c     0.000000E+00   0.000000E+00+0.000000E+00j     1.000000E+00          l
[2024/01/07 06:16:37]         1153  alphaPorosity_1153      c     0.000000E+00   0.000000E+00+0.000000E+00j     1.000000E+00          l
[2024/01/07 06:16:37]         1154  alphaPorosity_1154      c     0.000000E+00   0.000000E+00+0.000000E+00j     1.000000E+00          l
[2024/01/07 06:16:37]         1155  alphaPorosity_1155      c     0.000000E+00   0.000000E+00+0.000000E+00j     1.000000E+00          l
[2024/01/07 06:16:37]         1156  alphaPorosity_1156      c     0.000000E+00   0.000000E+00+0.000000E+00j     1.000000E+00          l
[2024/01/07 06:16:37]         1157  alphaPorosity_1157      c     0.000000E+00   0.000000E+00+0.000000E+00j     1.000000E+00          l
[2024/01/07 06:16:37]         1158  alphaPorosity_1158      c     0.000000E+00   0.000000E+00+0.000000E+00j     1.000000E+00          l
[2024/01/07 06:16:37]         1159  alphaPorosity_1159      c     0.000000E+00   0.000000E+00+0.000000E+00j     1.000000E+00          l
[2024/01/07 06:16:37]         1160  alphaPorosity_1160      c     0.000000E+00   0.000000E+00+0.000000E+00j     1.000000E+00          l
[2024/01/07 06:16:37]         1161  alphaPorosity_1161      c     0.000000E+00   0.000000E+00+0.000000E+00j     1.000000E+00          l
[2024/01/07 06:16:37]         1162  alphaPorosity_1162      c     0.000000E+00   0.000000E+00+0.000000E+00j     1.000000E+00          l
[2024/01/07 06:16:37]         1163  alphaPorosity_1163      c     0.000000E+00   0.000000E+00+0.000000E+00j     1.000000E+00          l
[2024/01/07 06:16:37]         1164  alphaPorosity_1164      c     0.000000E+00   0.000000E+00+0.000000E+00j     1.000000E+00          l
[2024/01/07 06:16:37]         1165  alphaPorosity_1165      c     0.000000E+00   0.000000E+00+0.000000E+00j     1.000000E+00          l
[2024/01/07 06:16:37]         1166  alphaPorosity_1166      c     0.000000E+00   0.000000E+00+0.000000E+00j     1.000000E+00          l
[2024/01/07 06:16:37]         1167  alphaPorosity_1167      c     0.000000E+00   0.000000E+00+0.000000E+00j     1.000000E+00          l
[2024/01/07 06:16:37]         1168  alphaPorosity_1168      c     0.000000E+00   0.000000E+00+0.000000E+00j     1.000000E+00          l
[2024/01/07 06:16:37]         1169  alphaPorosity_1169      c     0.000000E+00   0.000000E+00+0.000000E+00j     1.000000E+00          l
[2024/01/07 06:16:37]         1170  alphaPorosity_1170      c     0.000000E+00   0.000000E+00+0.000000E+00j     1.000000E+00          l
[2024/01/07 06:16:37]         1171  alphaPorosity_1171      c     0.000000E+00   0.000000E+00+0.000000E+00j     1.000000E+00          l
[2024/01/07 06:16:37]         1172  alphaPorosity_1172      c     0.000000E+00   0.000000E+00+0.000000E+00j     1.000000E+00          l
[2024/01/07 06:16:37]         1173  alphaPorosity_1173      c     0.000000E+00   0.000000E+00+0.000000E+00j     1.000000E+00          l
[2024/01/07 06:16:37]         1174  alphaPorosity_1174      c     0.000000E+00   0.000000E+00+0.000000E+00j     1.000000E+00          l
[2024/01/07 06:16:37]         1175  alphaPorosity_1175      c     0.000000E+00   0.000000E+00+0.000000E+00j     1.000000E+00          l
[2024/01/07 06:16:37]         1176  alphaPorosity_1176      c     0.000000E+00   0.000000E+00+0.000000E+00j     1.000000E+00          l
[2024/01/07 06:16:37]         1177  alphaPorosity_1177      c     0.000000E+00   0.000000E+00+0.000000E+00j     1.000000E+00          l
[2024/01/07 06:16:37]         1178  alphaPorosity_1178      c     0.000000E+00   0.000000E+00+0.000000E+00j     1.000000E+00          l
[2024/01/07 06:16:37]         1179  alphaPorosity_1179      c     0.000000E+00   0.000000E+00+0.000000E+00j     1.000000E+00          l
[2024/01/07 06:16:37]         1180  alphaPorosity_1180      c     0.000000E+00   0.000000E+00+0.000000E+00j     1.000000E+00          l
[2024/01/07 06:16:37]         1181  alphaPorosity_1181      c     0.000000E+00   0.000000E+00+0.000000E+00j     1.000000E+00          l
[2024/01/07 06:16:37]         1182  alphaPorosity_1182      c     0.000000E+00   0.000000E+00+0.000000E+00j     1.000000E+00          l
[2024/01/07 06:16:37]         1183  alphaPorosity_1183      c     0.000000E+00   0.000000E+00+0.000000E+00j     1.000000E+00          l
[2024/01/07 06:16:37]         1184  alphaPorosity_1184      c     0.000000E+00   0.000000E+00+0.000000E+00j     1.000000E+00          l
[2024/01/07 06:16:37]         1185  alphaPorosity_1185      c     0.000000E+00   0.000000E+00+0.000000E+00j     1.000000E+00          l
[2024/01/07 06:16:37]         1186  alphaPorosity_1186      c     0.000000E+00   0.000000E+00+0.000000E+00j     1.000000E+00          l
[2024/01/07 06:16:37]         1187  alphaPorosity_1187      c     0.000000E+00   0.000000E+00+0.000000E+00j     1.000000E+00          l
[2024/01/07 06:16:37]         1188  alphaPorosity_1188      c     0.000000E+00   0.000000E+00+0.000000E+00j     1.000000E+00          l
[2024/01/07 06:16:37]         1189  alphaPorosity_1189      c     0.000000E+00   0.000000E+00+0.000000E+00j     1.000000E+00          l
[2024/01/07 06:16:37]         1190  alphaPorosity_1190      c     0.000000E+00   0.000000E+00+0.000000E+00j     1.000000E+00          l
[2024/01/07 06:16:37]         1191  alphaPorosity_1191      c     0.000000E+00   0.000000E+00+0.000000E+00j     1.000000E+00          l
[2024/01/07 06:16:37]         1192  alphaPorosity_1192      c     0.000000E+00   0.000000E+00+0.000000E+00j     1.000000E+00          l
[2024/01/07 06:16:37]         1193  alphaPorosity_1193      c     0.000000E+00   0.000000E+00+0.000000E+00j     1.000000E+00          l
[2024/01/07 06:16:37]         1194  alphaPorosity_1194      c     0.000000E+00   0.000000E+00+0.000000E+00j     1.000000E+00          l
[2024/01/07 06:16:37]         1195  alphaPorosity_1195      c     0.000000E+00   0.000000E+00+0.000000E+00j     1.000000E+00          l
[2024/01/07 06:16:37]         1196  alphaPorosity_1196      c     0.000000E+00   0.000000E+00+0.000000E+00j     1.000000E+00          l
[2024/01/07 06:16:37]         1197  alphaPorosity_1197      c     0.000000E+00   0.000000E+00+0.000000E+00j     1.000000E+00          l
[2024/01/07 06:16:37]         1198  alphaPorosity_1198      c     0.000000E+00   0.000000E+00+0.000000E+00j     1.000000E+00          l
[2024/01/07 06:16:37]         1199  alphaPorosity_1199      c     0.000000E+00   0.000000E+00+0.000000E+00j     1.000000E+00          l
[2024/01/07 06:16:37]         1200  alphaPorosity_1200      c     0.000000E+00   0.000000E+00+0.000000E+00j     1.000000E+00          l
[2024/01/07 06:16:37]         1201  alphaPorosity_1201      c     0.000000E+00   0.000000E+00+0.000000E+00j     1.000000E+00          l
[2024/01/07 06:16:37]         1202  alphaPorosity_1202      c     0.000000E+00   0.000000E+00+0.000000E+00j     1.000000E+00          l
[2024/01/07 06:16:37]         1203  alphaPorosity_1203      c     0.000000E+00   0.000000E+00+0.000000E+00j     1.000000E+00          l
[2024/01/07 06:16:37]         1204  alphaPorosity_1204      c     0.000000E+00   0.000000E+00+0.000000E+00j     1.000000E+00          l
[2024/01/07 06:16:37]         1205  alphaPorosity_1205      c     0.000000E+00   0.000000E+00+0.000000E+00j     1.000000E+00          l
[2024/01/07 06:16:37]         1206  alphaPorosity_1206      c     0.000000E+00   0.000000E+00+0.000000E+00j     1.000000E+00          l
[2024/01/07 06:16:37]         1207  alphaPorosity_1207      c     0.000000E+00   0.000000E+00+0.000000E+00j     1.000000E+00          l
[2024/01/07 06:16:37]         1208  alphaPorosity_1208      c     0.000000E+00   0.000000E+00+0.000000E+00j     1.000000E+00          l
[2024/01/07 06:16:37]         1209  alphaPorosity_1209      c     0.000000E+00   0.000000E+00+0.000000E+00j     1.000000E+00          l
[2024/01/07 06:16:37]         1210  alphaPorosity_1210      c     0.000000E+00   0.000000E+00+0.000000E+00j     1.000000E+00          l
[2024/01/07 06:16:37]         1211  alphaPorosity_1211      c     0.000000E+00   0.000000E+00+0.000000E+00j     1.000000E+00          l
[2024/01/07 06:16:37]         1212  alphaPorosity_1212      c     0.000000E+00   0.000000E+00+0.000000E+00j     1.000000E+00          l
[2024/01/07 06:16:37]         1213  alphaPorosity_1213      c     0.000000E+00   0.000000E+00+0.000000E+00j     1.000000E+00          l
[2024/01/07 06:16:37]         1214  alphaPorosity_1214      c     0.000000E+00   0.000000E+00+0.000000E+00j     1.000000E+00          l
[2024/01/07 06:16:37]         1215  alphaPorosity_1215      c     0.000000E+00   0.000000E+00+0.000000E+00j     1.000000E+00          l
[2024/01/07 06:16:37]         1216  alphaPorosity_1216      c     0.000000E+00   0.000000E+00+0.000000E+00j     1.000000E+00          l
[2024/01/07 06:16:37]         1217  alphaPorosity_1217      c     0.000000E+00   0.000000E+00+0.000000E+00j     1.000000E+00          l
[2024/01/07 06:16:37]         1218  alphaPorosity_1218      c     0.000000E+00   0.000000E+00+0.000000E+00j     1.000000E+00          l
[2024/01/07 06:16:37]         1219  alphaPorosity_1219      c     0.000000E+00   0.000000E+00+0.000000E+00j     1.000000E+00          l
[2024/01/07 06:16:37]         1220  alphaPorosity_1220      c     0.000000E+00   0.000000E+00+0.000000E+00j     1.000000E+00          l
[2024/01/07 06:16:37]         1221  alphaPorosity_1221      c     0.000000E+00   0.000000E+00+0.000000E+00j     1.000000E+00          l
[2024/01/07 06:16:37]         1222  alphaPorosity_1222      c     0.000000E+00   0.000000E+00+0.000000E+00j     1.000000E+00          l
[2024/01/07 06:16:37]         1223  alphaPorosity_1223      c     0.000000E+00   0.000000E+00+0.000000E+00j     1.000000E+00          l
[2024/01/07 06:16:37]         1224  alphaPorosity_1224      c     0.000000E+00   0.000000E+00+0.000000E+00j     1.000000E+00          l
[2024/01/07 06:16:37]         1225  alphaPorosity_1225      c     0.000000E+00   0.000000E+00+0.000000E+00j     1.000000E+00          l
[2024/01/07 06:16:37]         1226  alphaPorosity_1226      c     0.000000E+00   0.000000E+00+0.000000E+00j     1.000000E+00          l
[2024/01/07 06:16:37]         1227  alphaPorosity_1227      c     0.000000E+00   0.000000E+00+0.000000E+00j     1.000000E+00          l
[2024/01/07 06:16:37]         1228  alphaPorosity_1228      c     0.000000E+00   0.000000E+00+0.000000E+00j     1.000000E+00          l
[2024/01/07 06:16:37]         1229  alphaPorosity_1229      c     0.000000E+00   0.000000E+00+0.000000E+00j     1.000000E+00          l
[2024/01/07 06:16:37]         1230  alphaPorosity_1230      c     0.000000E+00   0.000000E+00+0.000000E+00j     1.000000E+00          l
[2024/01/07 06:16:37]         1231  alphaPorosity_1231      c     0.000000E+00   0.000000E+00+0.000000E+00j     1.000000E+00          l
[2024/01/07 06:16:37]         1232  alphaPorosity_1232      c     0.000000E+00   0.000000E+00+0.000000E+00j     1.000000E+00          l
[2024/01/07 06:16:37]         1233  alphaPorosity_1233      c     0.000000E+00   0.000000E+00+0.000000E+00j     1.000000E+00          l
[2024/01/07 06:16:37]         1234  alphaPorosity_1234      c     0.000000E+00   0.000000E+00+0.000000E+00j     1.000000E+00          l
[2024/01/07 06:16:37]         1235  alphaPorosity_1235      c     0.000000E+00   0.000000E+00+0.000000E+00j     1.000000E+00          l
[2024/01/07 06:16:37]         1236  alphaPorosity_1236      c     0.000000E+00   0.000000E+00+0.000000E+00j     1.000000E+00          l
[2024/01/07 06:16:37]         1237  alphaPorosity_1237      c     0.000000E+00   0.000000E+00+0.000000E+00j     1.000000E+00          l
[2024/01/07 06:16:37]         1238  alphaPorosity_1238      c     0.000000E+00   0.000000E+00+0.000000E+00j     1.000000E+00          l
[2024/01/07 06:16:37]         1239  alphaPorosity_1239      c     0.000000E+00   0.000000E+00+0.000000E+00j     1.000000E+00          l
[2024/01/07 06:16:37]         1240  alphaPorosity_1240      c     0.000000E+00   0.000000E+00+0.000000E+00j     1.000000E+00          l
[2024/01/07 06:16:37]         1241  alphaPorosity_1241      c     0.000000E+00   0.000000E+00+0.000000E+00j     1.000000E+00          l
[2024/01/07 06:16:37]         1242  alphaPorosity_1242      c     0.000000E+00   0.000000E+00+0.000000E+00j     1.000000E+00          l
[2024/01/07 06:16:37]         1243  alphaPorosity_1243      c     0.000000E+00   0.000000E+00+0.000000E+00j     1.000000E+00          l
[2024/01/07 06:16:37]         1244  alphaPorosity_1244      c     0.000000E+00   0.000000E+00+0.000000E+00j     1.000000E+00          l
[2024/01/07 06:16:37]         1245  alphaPorosity_1245      c     0.000000E+00   0.000000E+00+0.000000E+00j     1.000000E+00          l
[2024/01/07 06:16:37]         1246  alphaPorosity_1246      c     0.000000E+00   0.000000E+00+0.000000E+00j     1.000000E+00          l
[2024/01/07 06:16:37]         1247  alphaPorosity_1247      c     0.000000E+00   0.000000E+00+0.000000E+00j     1.000000E+00          l
[2024/01/07 06:16:37]         1248  alphaPorosity_1248      c     0.000000E+00   0.000000E+00+0.000000E+00j     1.000000E+00          l
[2024/01/07 06:16:37]         1249  alphaPorosity_1249      c     0.000000E+00   0.000000E+00+0.000000E+00j     1.000000E+00          l
[2024/01/07 06:16:37]         1250  alphaPorosity_1250      c     0.000000E+00   0.000000E+00+0.000000E+00j     1.000000E+00          l
[2024/01/07 06:16:37]         1251  alphaPorosity_1251      c     0.000000E+00   0.000000E+00+0.000000E+00j     1.000000E+00          l
[2024/01/07 06:16:37]         1252  alphaPorosity_1252      c     0.000000E+00   0.000000E+00+0.000000E+00j     1.000000E+00          l
[2024/01/07 06:16:37]         1253  alphaPorosity_1253      c     0.000000E+00   0.000000E+00+0.000000E+00j     1.000000E+00          l
[2024/01/07 06:16:37]         1254  alphaPorosity_1254      c     0.000000E+00   0.000000E+00+0.000000E+00j     1.000000E+00          l
[2024/01/07 06:16:37]         1255  alphaPorosity_1255      c     0.000000E+00   0.000000E+00+0.000000E+00j     1.000000E+00          l
[2024/01/07 06:16:37]         1256  alphaPorosity_1256      c     0.000000E+00   0.000000E+00+0.000000E+00j     1.000000E+00          l
[2024/01/07 06:16:37]         1257  alphaPorosity_1257      c     0.000000E+00   0.000000E+00+0.000000E+00j     1.000000E+00          l
[2024/01/07 06:16:37]         1258  alphaPorosity_1258      c     0.000000E+00   0.000000E+00+0.000000E+00j     1.000000E+00          l
[2024/01/07 06:16:37]         1259  alphaPorosity_1259      c     0.000000E+00   0.000000E+00+0.000000E+00j     1.000000E+00          l
[2024/01/07 06:16:37]         1260  alphaPorosity_1260      c     0.000000E+00   0.000000E+00+0.000000E+00j     1.000000E+00          l
[2024/01/07 06:16:37]         1261  alphaPorosity_1261      c     0.000000E+00   0.000000E+00+0.000000E+00j     1.000000E+00          l
[2024/01/07 06:16:37]         1262  alphaPorosity_1262      c     0.000000E+00   0.000000E+00+0.000000E+00j     1.000000E+00          l
[2024/01/07 06:16:37]         1263  alphaPorosity_1263      c     0.000000E+00   0.000000E+00+0.000000E+00j     1.000000E+00          l
[2024/01/07 06:16:37]         1264  alphaPorosity_1264      c     0.000000E+00   0.000000E+00+0.000000E+00j     1.000000E+00          l
[2024/01/07 06:16:37]         1265  alphaPorosity_1265      c     0.000000E+00   0.000000E+00+0.000000E+00j     1.000000E+00          l
[2024/01/07 06:16:37]         1266  alphaPorosity_1266      c     0.000000E+00   0.000000E+00+0.000000E+00j     1.000000E+00          l
[2024/01/07 06:16:37]         1267  alphaPorosity_1267      c     0.000000E+00   0.000000E+00+0.000000E+00j     1.000000E+00          l
[2024/01/07 06:16:37]         1268  alphaPorosity_1268      c     0.000000E+00   0.000000E+00+0.000000E+00j     1.000000E+00          l
[2024/01/07 06:16:37]         1269  alphaPorosity_1269      c     0.000000E+00   0.000000E+00+0.000000E+00j     1.000000E+00          l
[2024/01/07 06:16:37]         1270  alphaPorosity_1270      c     0.000000E+00   0.000000E+00+0.000000E+00j     1.000000E+00          l
[2024/01/07 06:16:37]         1271  alphaPorosity_1271      c     0.000000E+00   0.000000E+00+0.000000E+00j     1.000000E+00          l
[2024/01/07 06:16:37]         1272  alphaPorosity_1272      c     0.000000E+00   0.000000E+00+0.000000E+00j     1.000000E+00          l
[2024/01/07 06:16:37]         1273  alphaPorosity_1273      c     0.000000E+00   0.000000E+00+0.000000E+00j     1.000000E+00          l
[2024/01/07 06:16:37]         1274  alphaPorosity_1274      c     0.000000E+00   0.000000E+00+0.000000E+00j     1.000000E+00          l
[2024/01/07 06:16:37]         1275  alphaPorosity_1275      c     0.000000E+00   0.000000E+00+0.000000E+00j     1.000000E+00          l
[2024/01/07 06:16:37]         1276  alphaPorosity_1276      c     0.000000E+00   0.000000E+00+0.000000E+00j     1.000000E+00          l
[2024/01/07 06:16:37]         1277  alphaPorosity_1277      c     0.000000E+00   0.000000E+00+0.000000E+00j     1.000000E+00          l
[2024/01/07 06:16:37]         1278  alphaPorosity_1278      c     0.000000E+00   0.000000E+00+0.000000E+00j     1.000000E+00          l
[2024/01/07 06:16:37]         1279  alphaPorosity_1279      c     0.000000E+00   0.000000E+00+0.000000E+00j     1.000000E+00          l
[2024/01/07 06:16:37]         1280  alphaPorosity_1280      c     0.000000E+00   0.000000E+00+0.000000E+00j     1.000000E+00          l
[2024/01/07 06:16:37]         1281  alphaPorosity_1281      c     0.000000E+00   0.000000E+00+0.000000E+00j     1.000000E+00          l
[2024/01/07 06:16:37]         1282  alphaPorosity_1282      c     0.000000E+00   0.000000E+00+0.000000E+00j     1.000000E+00          l
[2024/01/07 06:16:37]         1283  alphaPorosity_1283      c     0.000000E+00   0.000000E+00+0.000000E+00j     1.000000E+00          l
[2024/01/07 06:16:37]         1284  alphaPorosity_1284      c     0.000000E+00   0.000000E+00+0.000000E+00j     1.000000E+00          l
[2024/01/07 06:16:37]         1285  alphaPorosity_1285      c     0.000000E+00   0.000000E+00+0.000000E+00j     1.000000E+00          l
[2024/01/07 06:16:37]         1286  alphaPorosity_1286      c     0.000000E+00   0.000000E+00+0.000000E+00j     1.000000E+00          l
[2024/01/07 06:16:37]         1287  alphaPorosity_1287      c     0.000000E+00   0.000000E+00+0.000000E+00j     1.000000E+00          l
[2024/01/07 06:16:37]         1288  alphaPorosity_1288      c     0.000000E+00   0.000000E+00+0.000000E+00j     1.000000E+00          l
[2024/01/07 06:16:37]         1289  alphaPorosity_1289      c     0.000000E+00   0.000000E+00+0.000000E+00j     1.000000E+00          l
[2024/01/07 06:16:37]         1290  alphaPorosity_1290      c     0.000000E+00   0.000000E+00+0.000000E+00j     1.000000E+00          l
[2024/01/07 06:16:37]         1291  alphaPorosity_1291      c     0.000000E+00   0.000000E+00+0.000000E+00j     1.000000E+00          l
[2024/01/07 06:16:37]         1292  alphaPorosity_1292      c     0.000000E+00   0.000000E+00+0.000000E+00j     1.000000E+00          l
[2024/01/07 06:16:37]         1293  alphaPorosity_1293      c     0.000000E+00   0.000000E+00+0.000000E+00j     1.000000E+00          l
[2024/01/07 06:16:37]         1294  alphaPorosity_1294      c     0.000000E+00   0.000000E+00+0.000000E+00j     1.000000E+00          l
[2024/01/07 06:16:37]         1295  alphaPorosity_1295      c     0.000000E+00   0.000000E+00+0.000000E+00j     1.000000E+00          l
[2024/01/07 06:16:37]         1296  alphaPorosity_1296      c     0.000000E+00   0.000000E+00+0.000000E+00j     1.000000E+00          l
[2024/01/07 06:16:37]         1297  alphaPorosity_1297      c     0.000000E+00   0.000000E+00+0.000000E+00j     1.000000E+00          l
[2024/01/07 06:16:37]         1298  alphaPorosity_1298      c     0.000000E+00   0.000000E+00+0.000000E+00j     1.000000E+00          l
[2024/01/07 06:16:37]         1299  alphaPorosity_1299      c     0.000000E+00   0.000000E+00+0.000000E+00j     1.000000E+00          l
[2024/01/07 06:16:37]         1300  alphaPorosity_1300      c     0.000000E+00   0.000000E+00+0.000000E+00j     1.000000E+00          l
[2024/01/07 06:16:37]         1301  alphaPorosity_1301      c     0.000000E+00   0.000000E+00+0.000000E+00j     1.000000E+00          l
[2024/01/07 06:16:37]         1302  alphaPorosity_1302      c     0.000000E+00   0.000000E+00+0.000000E+00j     1.000000E+00          l
[2024/01/07 06:16:37]         1303  alphaPorosity_1303      c     0.000000E+00   0.000000E+00+0.000000E+00j     1.000000E+00          l
[2024/01/07 06:16:37]         1304  alphaPorosity_1304      c     0.000000E+00   0.000000E+00+0.000000E+00j     1.000000E+00          l
[2024/01/07 06:16:37]         1305  alphaPorosity_1305      c     0.000000E+00   0.000000E+00+0.000000E+00j     1.000000E+00          l
[2024/01/07 06:16:37]         1306  alphaPorosity_1306      c     0.000000E+00   0.000000E+00+0.000000E+00j     1.000000E+00          l
[2024/01/07 06:16:37]         1307  alphaPorosity_1307      c     0.000000E+00   0.000000E+00+0.000000E+00j     1.000000E+00          l
[2024/01/07 06:16:37]         1308  alphaPorosity_1308      c     0.000000E+00   0.000000E+00+0.000000E+00j     1.000000E+00          l
[2024/01/07 06:16:37]         1309  alphaPorosity_1309      c     0.000000E+00   0.000000E+00+0.000000E+00j     1.000000E+00          l
[2024/01/07 06:16:37]         1310  alphaPorosity_1310      c     0.000000E+00   0.000000E+00+0.000000E+00j     1.000000E+00          l
[2024/01/07 06:16:37]         1311  alphaPorosity_1311      c     0.000000E+00   0.000000E+00+0.000000E+00j     1.000000E+00          l
[2024/01/07 06:16:37]         1312  alphaPorosity_1312      c     0.000000E+00   0.000000E+00+0.000000E+00j     1.000000E+00          l
[2024/01/07 06:16:37]         1313  alphaPorosity_1313      c     0.000000E+00   0.000000E+00+0.000000E+00j     1.000000E+00          l
[2024/01/07 06:16:37]         1314  alphaPorosity_1314      c     0.000000E+00   0.000000E+00+0.000000E+00j     1.000000E+00          l
[2024/01/07 06:16:37]         1315  alphaPorosity_1315      c     0.000000E+00   0.000000E+00+0.000000E+00j     1.000000E+00          l
[2024/01/07 06:16:37]         1316  alphaPorosity_1316      c     0.000000E+00   0.000000E+00+0.000000E+00j     1.000000E+00          l
[2024/01/07 06:16:37]         1317  alphaPorosity_1317      c     0.000000E+00   0.000000E+00+0.000000E+00j     1.000000E+00          l
[2024/01/07 06:16:37]         1318  alphaPorosity_1318      c     0.000000E+00   0.000000E+00+0.000000E+00j     1.000000E+00          l
[2024/01/07 06:16:37]         1319  alphaPorosity_1319      c     0.000000E+00   0.000000E+00+0.000000E+00j     1.000000E+00          l
[2024/01/07 06:16:37]         1320  alphaPorosity_1320      c     0.000000E+00   0.000000E+00+0.000000E+00j     1.000000E+00          l
[2024/01/07 06:16:37]         1321  alphaPorosity_1321      c     0.000000E+00   0.000000E+00+0.000000E+00j     1.000000E+00          l
[2024/01/07 06:16:37]         1322  alphaPorosity_1322      c     0.000000E+00   0.000000E+00+0.000000E+00j     1.000000E+00          l
[2024/01/07 06:16:37]         1323  alphaPorosity_1323      c     0.000000E+00   0.000000E+00+0.000000E+00j     1.000000E+00          l
[2024/01/07 06:16:37]         1324  alphaPorosity_1324      c     0.000000E+00   0.000000E+00+0.000000E+00j     1.000000E+00          l
[2024/01/07 06:16:37]         1325  alphaPorosity_1325      c     0.000000E+00   0.000000E+00+0.000000E+00j     1.000000E+00          l
[2024/01/07 06:16:37]         1326  alphaPorosity_1326      c     0.000000E+00   0.000000E+00+0.000000E+00j     1.000000E+00          l
[2024/01/07 06:16:37]         1327  alphaPorosity_1327      c     0.000000E+00   0.000000E+00+0.000000E+00j     1.000000E+00          l
[2024/01/07 06:16:37]         1328  alphaPorosity_1328      c     0.000000E+00   0.000000E+00+0.000000E+00j     1.000000E+00          l
[2024/01/07 06:16:37]         1329  alphaPorosity_1329      c     0.000000E+00   0.000000E+00+0.000000E+00j     1.000000E+00          l
[2024/01/07 06:16:37]         1330  alphaPorosity_1330      c     0.000000E+00   0.000000E+00+0.000000E+00j     1.000000E+00          l
[2024/01/07 06:16:37]         1331  alphaPorosity_1331      c     0.000000E+00   0.000000E+00+0.000000E+00j     1.000000E+00          l
[2024/01/07 06:16:37]         1332  alphaPorosity_1332      c     0.000000E+00   0.000000E+00+0.000000E+00j     1.000000E+00          l
[2024/01/07 06:16:37]         1333  alphaPorosity_1333      c     0.000000E+00   0.000000E+00+0.000000E+00j     1.000000E+00          l
[2024/01/07 06:16:37]         1334  alphaPorosity_1334      c     0.000000E+00   0.000000E+00+0.000000E+00j     1.000000E+00          l
[2024/01/07 06:16:37]         1335  alphaPorosity_1335      c     0.000000E+00   0.000000E+00+0.000000E+00j     1.000000E+00          l
[2024/01/07 06:16:37]         1336  alphaPorosity_1336      c     0.000000E+00   0.000000E+00+0.000000E+00j     1.000000E+00          l
[2024/01/07 06:16:37]         1337  alphaPorosity_1337      c     0.000000E+00   0.000000E+00+0.000000E+00j     1.000000E+00          l
[2024/01/07 06:16:37]         1338  alphaPorosity_1338      c     0.000000E+00   0.000000E+00+0.000000E+00j     1.000000E+00          l
[2024/01/07 06:16:37]         1339  alphaPorosity_1339      c     0.000000E+00   0.000000E+00+0.000000E+00j     1.000000E+00          l
[2024/01/07 06:16:37]         1340  alphaPorosity_1340      c     0.000000E+00   0.000000E+00+0.000000E+00j     1.000000E+00          l
[2024/01/07 06:16:37]         1341  alphaPorosity_1341      c     0.000000E+00   0.000000E+00+0.000000E+00j     1.000000E+00          l
[2024/01/07 06:16:37]         1342  alphaPorosity_1342      c     0.000000E+00   0.000000E+00+0.000000E+00j     1.000000E+00          l
[2024/01/07 06:16:37]         1343  alphaPorosity_1343      c     0.000000E+00   0.000000E+00+0.000000E+00j     1.000000E+00          l
[2024/01/07 06:16:37]         1344  alphaPorosity_1344      c     0.000000E+00   0.000000E+00+0.000000E+00j     1.000000E+00          l
[2024/01/07 06:16:37]         1345  alphaPorosity_1345      c     0.000000E+00   0.000000E+00+0.000000E+00j     1.000000E+00          l
[2024/01/07 06:16:37]         1346  alphaPorosity_1346      c     0.000000E+00   0.000000E+00+0.000000E+00j     1.000000E+00          l
[2024/01/07 06:16:37]         1347  alphaPorosity_1347      c     0.000000E+00   0.000000E+00+0.000000E+00j     1.000000E+00          l
[2024/01/07 06:16:37]         1348  alphaPorosity_1348      c     0.000000E+00   0.000000E+00+0.000000E+00j     1.000000E+00          l
[2024/01/07 06:16:37]         1349  alphaPorosity_1349      c     0.000000E+00   0.000000E+00+0.000000E+00j     1.000000E+00          l
[2024/01/07 06:16:37]         1350  alphaPorosity_1350      c     0.000000E+00   0.000000E+00+0.000000E+00j     1.000000E+00          l
[2024/01/07 06:16:37]         1351  alphaPorosity_1351      c     0.000000E+00   0.000000E+00+0.000000E+00j     1.000000E+00          l
[2024/01/07 06:16:37]         1352  alphaPorosity_1352      c     0.000000E+00   0.000000E+00+0.000000E+00j     1.000000E+00          l
[2024/01/07 06:16:37]         1353  alphaPorosity_1353      c     0.000000E+00   0.000000E+00+0.000000E+00j     1.000000E+00          l
[2024/01/07 06:16:37]         1354  alphaPorosity_1354      c     0.000000E+00   0.000000E+00+0.000000E+00j     1.000000E+00          l
[2024/01/07 06:16:37]         1355  alphaPorosity_1355      c     0.000000E+00   0.000000E+00+0.000000E+00j     1.000000E+00          l
[2024/01/07 06:16:37]         1356  alphaPorosity_1356      c     0.000000E+00   0.000000E+00+0.000000E+00j     1.000000E+00          l
[2024/01/07 06:16:37]         1357  alphaPorosity_1357      c     0.000000E+00   0.000000E+00+0.000000E+00j     1.000000E+00          l
[2024/01/07 06:16:37]         1358  alphaPorosity_1358      c     0.000000E+00   0.000000E+00+0.000000E+00j     1.000000E+00          l
[2024/01/07 06:16:37]         1359  alphaPorosity_1359      c     0.000000E+00   0.000000E+00+0.000000E+00j     1.000000E+00          l
[2024/01/07 06:16:37]         1360  alphaPorosity_1360      c     0.000000E+00   0.000000E+00+0.000000E+00j     1.000000E+00          l
[2024/01/07 06:16:37]         1361  alphaPorosity_1361      c     0.000000E+00   0.000000E+00+0.000000E+00j     1.000000E+00          l
[2024/01/07 06:16:37]         1362  alphaPorosity_1362      c     0.000000E+00   0.000000E+00+0.000000E+00j     1.000000E+00          l
[2024/01/07 06:16:37]         1363  alphaPorosity_1363      c     0.000000E+00   0.000000E+00+0.000000E+00j     1.000000E+00          l
[2024/01/07 06:16:37]         1364  alphaPorosity_1364      c     0.000000E+00   0.000000E+00+0.000000E+00j     1.000000E+00          l
[2024/01/07 06:16:37]         1365  alphaPorosity_1365      c     0.000000E+00   0.000000E+00+0.000000E+00j     1.000000E+00          l
[2024/01/07 06:16:37]         1366  alphaPorosity_1366      c     0.000000E+00   0.000000E+00+0.000000E+00j     1.000000E+00          l
[2024/01/07 06:16:37]         1367  alphaPorosity_1367      c     0.000000E+00   0.000000E+00+0.000000E+00j     1.000000E+00          l
[2024/01/07 06:16:37]         1368  alphaPorosity_1368      c     0.000000E+00   0.000000E+00+0.000000E+00j     1.000000E+00          l
[2024/01/07 06:16:37]         1369  alphaPorosity_1369      c     0.000000E+00   0.000000E+00+0.000000E+00j     1.000000E+00          l
[2024/01/07 06:16:37]         1370  alphaPorosity_1370      c     0.000000E+00   0.000000E+00+0.000000E+00j     1.000000E+00          l
[2024/01/07 06:16:37]         1371  alphaPorosity_1371      c     0.000000E+00   0.000000E+00+0.000000E+00j     1.000000E+00          l
[2024/01/07 06:16:37]         1372  alphaPorosity_1372      c     0.000000E+00   0.000000E+00+0.000000E+00j     1.000000E+00          l
[2024/01/07 06:16:37]         1373  alphaPorosity_1373      c     0.000000E+00   0.000000E+00+0.000000E+00j     1.000000E+00          l
[2024/01/07 06:16:37]         1374  alphaPorosity_1374      c     0.000000E+00   0.000000E+00+0.000000E+00j     1.000000E+00          l
[2024/01/07 06:16:37]         1375  alphaPorosity_1375      c     0.000000E+00   0.000000E+00+0.000000E+00j     1.000000E+00          l
[2024/01/07 06:16:37]         1376  alphaPorosity_1376      c     0.000000E+00   0.000000E+00+0.000000E+00j     1.000000E+00          l
[2024/01/07 06:16:37]         1377  alphaPorosity_1377      c     0.000000E+00   0.000000E+00+0.000000E+00j     1.000000E+00          l
[2024/01/07 06:16:37]         1378  alphaPorosity_1378      c     0.000000E+00   0.000000E+00+0.000000E+00j     1.000000E+00          l
[2024/01/07 06:16:37]         1379  alphaPorosity_1379      c     0.000000E+00   0.000000E+00+0.000000E+00j     1.000000E+00          l
[2024/01/07 06:16:37]         1380  alphaPorosity_1380      c     0.000000E+00   0.000000E+00+0.000000E+00j     1.000000E+00          l
[2024/01/07 06:16:37]         1381  alphaPorosity_1381      c     0.000000E+00   0.000000E+00+0.000000E+00j     1.000000E+00          l
[2024/01/07 06:16:37]         1382  alphaPorosity_1382      c     0.000000E+00   0.000000E+00+0.000000E+00j     1.000000E+00          l
[2024/01/07 06:16:37]         1383  alphaPorosity_1383      c     0.000000E+00   0.000000E+00+0.000000E+00j     1.000000E+00          l
[2024/01/07 06:16:37]         1384  alphaPorosity_1384      c     0.000000E+00   0.000000E+00+0.000000E+00j     1.000000E+00          l
[2024/01/07 06:16:37]         1385  alphaPorosity_1385      c     0.000000E+00   0.000000E+00+0.000000E+00j     1.000000E+00          l
[2024/01/07 06:16:37]         1386  alphaPorosity_1386      c     0.000000E+00   0.000000E+00+0.000000E+00j     1.000000E+00          l
[2024/01/07 06:16:37]         1387  alphaPorosity_1387      c     0.000000E+00   0.000000E+00+0.000000E+00j     1.000000E+00          l
[2024/01/07 06:16:37]         1388  alphaPorosity_1388      c     0.000000E+00   0.000000E+00+0.000000E+00j     1.000000E+00          l
[2024/01/07 06:16:37]         1389  alphaPorosity_1389      c     0.000000E+00   0.000000E+00+0.000000E+00j     1.000000E+00          l
[2024/01/07 06:16:37]         1390  alphaPorosity_1390      c     0.000000E+00   0.000000E+00+0.000000E+00j     1.000000E+00          l
[2024/01/07 06:16:37]         1391  alphaPorosity_1391      c     0.000000E+00   0.000000E+00+0.000000E+00j     1.000000E+00          l
[2024/01/07 06:16:37]         1392  alphaPorosity_1392      c     0.000000E+00   0.000000E+00+0.000000E+00j     1.000000E+00          l
[2024/01/07 06:16:37]         1393  alphaPorosity_1393      c     0.000000E+00   0.000000E+00+0.000000E+00j     1.000000E+00          l
[2024/01/07 06:16:37]         1394  alphaPorosity_1394      c     0.000000E+00   0.000000E+00+0.000000E+00j     1.000000E+00          l
[2024/01/07 06:16:37]         1395  alphaPorosity_1395      c     0.000000E+00   0.000000E+00+0.000000E+00j     1.000000E+00          l
[2024/01/07 06:16:37]         1396  alphaPorosity_1396      c     0.000000E+00   0.000000E+00+0.000000E+00j     1.000000E+00          l
[2024/01/07 06:16:37]         1397  alphaPorosity_1397      c     0.000000E+00   0.000000E+00+0.000000E+00j     1.000000E+00          l
[2024/01/07 06:16:37]         1398  alphaPorosity_1398      c     0.000000E+00   0.000000E+00+0.000000E+00j     1.000000E+00          l
[2024/01/07 06:16:37]         1399  alphaPorosity_1399      c     0.000000E+00   0.000000E+00+0.000000E+00j     1.000000E+00          l
[2024/01/07 06:16:37]         1400  alphaPorosity_1400      c     0.000000E+00   0.000000E+00+0.000000E+00j     1.000000E+00          l
[2024/01/07 06:16:37]         1401  alphaPorosity_1401      c     0.000000E+00   0.000000E+00+0.000000E+00j     1.000000E+00          l
[2024/01/07 06:16:37]         1402  alphaPorosity_1402      c     0.000000E+00   0.000000E+00+0.000000E+00j     1.000000E+00          l
[2024/01/07 06:16:37]         1403  alphaPorosity_1403      c     0.000000E+00   0.000000E+00+0.000000E+00j     1.000000E+00          l
[2024/01/07 06:16:37]         1404  alphaPorosity_1404      c     0.000000E+00   0.000000E+00+0.000000E+00j     1.000000E+00          l
[2024/01/07 06:16:37]         1405  alphaPorosity_1405      c     0.000000E+00   0.000000E+00+0.000000E+00j     1.000000E+00          l
[2024/01/07 06:16:37]         1406  alphaPorosity_1406      c     0.000000E+00   0.000000E+00+0.000000E+00j     1.000000E+00          l
[2024/01/07 06:16:37]         1407  alphaPorosity_1407      c     0.000000E+00   0.000000E+00+0.000000E+00j     1.000000E+00          l
[2024/01/07 06:16:37]         1408  alphaPorosity_1408      c     0.000000E+00   0.000000E+00+0.000000E+00j     1.000000E+00          l
[2024/01/07 06:16:37]         1409  alphaPorosity_1409      c     0.000000E+00   0.000000E+00+0.000000E+00j     1.000000E+00          l
[2024/01/07 06:16:37]         1410  alphaPorosity_1410      c     0.000000E+00   0.000000E+00+0.000000E+00j     1.000000E+00          l
[2024/01/07 06:16:37]         1411  alphaPorosity_1411      c     0.000000E+00   0.000000E+00+0.000000E+00j     1.000000E+00          l
[2024/01/07 06:16:37]         1412  alphaPorosity_1412      c     0.000000E+00   0.000000E+00+0.000000E+00j     1.000000E+00          l
[2024/01/07 06:16:37]         1413  alphaPorosity_1413      c     0.000000E+00   0.000000E+00+0.000000E+00j     1.000000E+00          l
[2024/01/07 06:16:37]         1414  alphaPorosity_1414      c     0.000000E+00   0.000000E+00+0.000000E+00j     1.000000E+00          l
[2024/01/07 06:16:37]         1415  alphaPorosity_1415      c     0.000000E+00   0.000000E+00+0.000000E+00j     1.000000E+00          l
[2024/01/07 06:16:37]         1416  alphaPorosity_1416      c     0.000000E+00   0.000000E+00+0.000000E+00j     1.000000E+00          l
[2024/01/07 06:16:37]         1417  alphaPorosity_1417      c     0.000000E+00   0.000000E+00+0.000000E+00j     1.000000E+00          l
[2024/01/07 06:16:37]         1418  alphaPorosity_1418      c     0.000000E+00   0.000000E+00+0.000000E+00j     1.000000E+00          l
[2024/01/07 06:16:37]         1419  alphaPorosity_1419      c     0.000000E+00   0.000000E+00+0.000000E+00j     1.000000E+00          l
[2024/01/07 06:16:37]         1420  alphaPorosity_1420      c     0.000000E+00   0.000000E+00+0.000000E+00j     1.000000E+00          l
[2024/01/07 06:16:37]         1421  alphaPorosity_1421      c     0.000000E+00   0.000000E+00+0.000000E+00j     1.000000E+00          l
[2024/01/07 06:16:37]         1422  alphaPorosity_1422      c     0.000000E+00   0.000000E+00+0.000000E+00j     1.000000E+00          l
[2024/01/07 06:16:37]         1423  alphaPorosity_1423      c     0.000000E+00   0.000000E+00+0.000000E+00j     1.000000E+00          l
[2024/01/07 06:16:37]         1424  alphaPorosity_1424      c     0.000000E+00   0.000000E+00+0.000000E+00j     1.000000E+00          l
[2024/01/07 06:16:37]         1425  alphaPorosity_1425      c     0.000000E+00   0.000000E+00+0.000000E+00j     1.000000E+00          l
[2024/01/07 06:16:37]         1426  alphaPorosity_1426      c     0.000000E+00   0.000000E+00+0.000000E+00j     1.000000E+00          l
[2024/01/07 06:16:37]         1427  alphaPorosity_1427      c     0.000000E+00   0.000000E+00+0.000000E+00j     1.000000E+00          l
[2024/01/07 06:16:37]         1428  alphaPorosity_1428      c     0.000000E+00   0.000000E+00+0.000000E+00j     1.000000E+00          l
[2024/01/07 06:16:37]         1429  alphaPorosity_1429      c     0.000000E+00   0.000000E+00+0.000000E+00j     1.000000E+00          l
[2024/01/07 06:16:37]         1430  alphaPorosity_1430      c     0.000000E+00   0.000000E+00+0.000000E+00j     1.000000E+00          l
[2024/01/07 06:16:37]         1431  alphaPorosity_1431      c     0.000000E+00   0.000000E+00+0.000000E+00j     1.000000E+00          l
[2024/01/07 06:16:37]         1432  alphaPorosity_1432      c     0.000000E+00   0.000000E+00+0.000000E+00j     1.000000E+00          l
[2024/01/07 06:16:37]         1433  alphaPorosity_1433      c     0.000000E+00   0.000000E+00+0.000000E+00j     1.000000E+00          l
[2024/01/07 06:16:37]         1434  alphaPorosity_1434      c     0.000000E+00   0.000000E+00+0.000000E+00j     1.000000E+00          l
[2024/01/07 06:16:37]         1435  alphaPorosity_1435      c     0.000000E+00   0.000000E+00+0.000000E+00j     1.000000E+00          l
[2024/01/07 06:16:37]         1436  alphaPorosity_1436      c     0.000000E+00   0.000000E+00+0.000000E+00j     1.000000E+00          l
[2024/01/07 06:16:37]         1437  alphaPorosity_1437      c     0.000000E+00   0.000000E+00+0.000000E+00j     1.000000E+00          l
[2024/01/07 06:16:37]         1438  alphaPorosity_1438      c     0.000000E+00   0.000000E+00+0.000000E+00j     1.000000E+00          l
[2024/01/07 06:16:37]         1439  alphaPorosity_1439      c     0.000000E+00   0.000000E+00+0.000000E+00j     1.000000E+00          l
[2024/01/07 06:16:37]         1440  alphaPorosity_1440      c     0.000000E+00   0.000000E+00+0.000000E+00j     1.000000E+00          l
[2024/01/07 06:16:37]         1441  alphaPorosity_1441      c     0.000000E+00   0.000000E+00+0.000000E+00j     1.000000E+00          l
[2024/01/07 06:16:37]         1442  alphaPorosity_1442      c     0.000000E+00   0.000000E+00+0.000000E+00j     1.000000E+00          l
[2024/01/07 06:16:37]         1443  alphaPorosity_1443      c     0.000000E+00   0.000000E+00+0.000000E+00j     1.000000E+00          l
[2024/01/07 06:16:37]         1444  alphaPorosity_1444      c     0.000000E+00   0.000000E+00+0.000000E+00j     1.000000E+00          l
[2024/01/07 06:16:37]         1445  alphaPorosity_1445      c     0.000000E+00   0.000000E+00+0.000000E+00j     1.000000E+00          l
[2024/01/07 06:16:37]         1446  alphaPorosity_1446      c     0.000000E+00   0.000000E+00+0.000000E+00j     1.000000E+00          l
[2024/01/07 06:16:37]         1447  alphaPorosity_1447      c     0.000000E+00   0.000000E+00+0.000000E+00j     1.000000E+00          l
[2024/01/07 06:16:37]         1448  alphaPorosity_1448      c     0.000000E+00   0.000000E+00+0.000000E+00j     1.000000E+00          l
[2024/01/07 06:16:37]         1449  alphaPorosity_1449      c     0.000000E+00   0.000000E+00+0.000000E+00j     1.000000E+00          l
[2024/01/07 06:16:37]         1450  alphaPorosity_1450      c     0.000000E+00   0.000000E+00+0.000000E+00j     1.000000E+00          l
[2024/01/07 06:16:37]         1451  alphaPorosity_1451      c     0.000000E+00   0.000000E+00+0.000000E+00j     1.000000E+00          l
[2024/01/07 06:16:37]         1452  alphaPorosity_1452      c     0.000000E+00   0.000000E+00+0.000000E+00j     1.000000E+00          l
[2024/01/07 06:16:37]         1453  alphaPorosity_1453      c     0.000000E+00   0.000000E+00+0.000000E+00j     1.000000E+00          l
[2024/01/07 06:16:37]         1454  alphaPorosity_1454      c     0.000000E+00   0.000000E+00+0.000000E+00j     1.000000E+00          l
[2024/01/07 06:16:37]         1455  alphaPorosity_1455      c     0.000000E+00   0.000000E+00+0.000000E+00j     1.000000E+00          l
[2024/01/07 06:16:37]         1456  alphaPorosity_1456      c     0.000000E+00   0.000000E+00+0.000000E+00j     1.000000E+00          l
[2024/01/07 06:16:37]         1457  alphaPorosity_1457      c     0.000000E+00   0.000000E+00+0.000000E+00j     1.000000E+00          l
[2024/01/07 06:16:37]         1458  alphaPorosity_1458      c     0.000000E+00   0.000000E+00+0.000000E+00j     1.000000E+00          l
[2024/01/07 06:16:37]         1459  alphaPorosity_1459      c     0.000000E+00   0.000000E+00+0.000000E+00j     1.000000E+00          l
[2024/01/07 06:16:37]         1460  alphaPorosity_1460      c     0.000000E+00   0.000000E+00+0.000000E+00j     1.000000E+00          l
[2024/01/07 06:16:37]         1461  alphaPorosity_1461      c     0.000000E+00   0.000000E+00+0.000000E+00j     1.000000E+00          l
[2024/01/07 06:16:37]         1462  alphaPorosity_1462      c     0.000000E+00   0.000000E+00+0.000000E+00j     1.000000E+00          l
[2024/01/07 06:16:37]         1463  alphaPorosity_1463      c     0.000000E+00   0.000000E+00+0.000000E+00j     1.000000E+00          l
[2024/01/07 06:16:37]         1464  alphaPorosity_1464      c     0.000000E+00   0.000000E+00+0.000000E+00j     1.000000E+00          l
[2024/01/07 06:16:37]         1465  alphaPorosity_1465      c     0.000000E+00   0.000000E+00+0.000000E+00j     1.000000E+00          l
[2024/01/07 06:16:37]         1466  alphaPorosity_1466      c     0.000000E+00   0.000000E+00+0.000000E+00j     1.000000E+00          l
[2024/01/07 06:16:37]         1467  alphaPorosity_1467      c     0.000000E+00   0.000000E+00+0.000000E+00j     1.000000E+00          l
[2024/01/07 06:16:37]         1468  alphaPorosity_1468      c     0.000000E+00   0.000000E+00+0.000000E+00j     1.000000E+00          l
[2024/01/07 06:16:37]         1469  alphaPorosity_1469      c     0.000000E+00   0.000000E+00+0.000000E+00j     1.000000E+00          l
[2024/01/07 06:16:37]         1470  alphaPorosity_1470      c     0.000000E+00   0.000000E+00+0.000000E+00j     1.000000E+00          l
[2024/01/07 06:16:37]         1471  alphaPorosity_1471      c     0.000000E+00   0.000000E+00+0.000000E+00j     1.000000E+00          l
[2024/01/07 06:16:37]         1472  alphaPorosity_1472      c     0.000000E+00   0.000000E+00+0.000000E+00j     1.000000E+00          l
[2024/01/07 06:16:37]         1473  alphaPorosity_1473      c     0.000000E+00   0.000000E+00+0.000000E+00j     1.000000E+00          l
[2024/01/07 06:16:37]         1474  alphaPorosity_1474      c     0.000000E+00   0.000000E+00+0.000000E+00j     1.000000E+00          l
[2024/01/07 06:16:37]         1475  alphaPorosity_1475      c     0.000000E+00   0.000000E+00+0.000000E+00j     1.000000E+00          l
[2024/01/07 06:16:37]         1476  alphaPorosity_1476      c     0.000000E+00   0.000000E+00+0.000000E+00j     1.000000E+00          l
[2024/01/07 06:16:37]         1477  alphaPorosity_1477      c     0.000000E+00   0.000000E+00+0.000000E+00j     1.000000E+00          l
[2024/01/07 06:16:37]         1478  alphaPorosity_1478      c     0.000000E+00   0.000000E+00+0.000000E+00j     1.000000E+00          l
[2024/01/07 06:16:37]         1479  alphaPorosity_1479      c     0.000000E+00   0.000000E+00+0.000000E+00j     1.000000E+00          l
[2024/01/07 06:16:37]         1480  alphaPorosity_1480      c     0.000000E+00   0.000000E+00+0.000000E+00j     1.000000E+00          l
[2024/01/07 06:16:37]         1481  alphaPorosity_1481      c     0.000000E+00   0.000000E+00+0.000000E+00j     1.000000E+00          l
[2024/01/07 06:16:37]         1482  alphaPorosity_1482      c     0.000000E+00   0.000000E+00+0.000000E+00j     1.000000E+00          l
[2024/01/07 06:16:37]         1483  alphaPorosity_1483      c     0.000000E+00   0.000000E+00+0.000000E+00j     1.000000E+00          l
[2024/01/07 06:16:37]         1484  alphaPorosity_1484      c     0.000000E+00   0.000000E+00+0.000000E+00j     1.000000E+00          l
[2024/01/07 06:16:37]         1485  alphaPorosity_1485      c     0.000000E+00   0.000000E+00+0.000000E+00j     1.000000E+00          l
[2024/01/07 06:16:37]         1486  alphaPorosity_1486      c     0.000000E+00   0.000000E+00+0.000000E+00j     1.000000E+00          l
[2024/01/07 06:16:37]         1487  alphaPorosity_1487      c     0.000000E+00   0.000000E+00+0.000000E+00j     1.000000E+00          l
[2024/01/07 06:16:37]         1488  alphaPorosity_1488      c     0.000000E+00   0.000000E+00+0.000000E+00j     1.000000E+00          l
[2024/01/07 06:16:37]         1489  alphaPorosity_1489      c     0.000000E+00   0.000000E+00+0.000000E+00j     1.000000E+00          l
[2024/01/07 06:16:37]         1490  alphaPorosity_1490      c     0.000000E+00   0.000000E+00+0.000000E+00j     1.000000E+00          l
[2024/01/07 06:16:37]         1491  alphaPorosity_1491      c     0.000000E+00   0.000000E+00+0.000000E+00j     1.000000E+00          l
[2024/01/07 06:16:37]         1492  alphaPorosity_1492      c     0.000000E+00   0.000000E+00+0.000000E+00j     1.000000E+00          l
[2024/01/07 06:16:37]         1493  alphaPorosity_1493      c     0.000000E+00   0.000000E+00+0.000000E+00j     1.000000E+00          l
[2024/01/07 06:16:37]         1494  alphaPorosity_1494      c     0.000000E+00   0.000000E+00+0.000000E+00j     1.000000E+00          l
[2024/01/07 06:16:37]         1495  alphaPorosity_1495      c     0.000000E+00   0.000000E+00+0.000000E+00j     1.000000E+00          l
[2024/01/07 06:16:37]         1496  alphaPorosity_1496      c     0.000000E+00   0.000000E+00+0.000000E+00j     1.000000E+00          l
[2024/01/07 06:16:37]         1497  alphaPorosity_1497      c     0.000000E+00   0.000000E+00+0.000000E+00j     1.000000E+00          l
[2024/01/07 06:16:37]         1498  alphaPorosity_1498      c     0.000000E+00   0.000000E+00+0.000000E+00j     1.000000E+00          l
[2024/01/07 06:16:37]         1499  alphaPorosity_1499      c     0.000000E+00   0.000000E+00+0.000000E+00j     1.000000E+00          l
[2024/01/07 06:16:37]         1500  alphaPorosity_1500      c     0.000000E+00   0.000000E+00+0.000000E+00j     1.000000E+00          l
[2024/01/07 06:16:37]         1501  alphaPorosity_1501      c     0.000000E+00   0.000000E+00+0.000000E+00j     1.000000E+00          l
[2024/01/07 06:16:37]         1502  alphaPorosity_1502      c     0.000000E+00   0.000000E+00+0.000000E+00j     1.000000E+00          l
[2024/01/07 06:16:37]         1503  alphaPorosity_1503      c     0.000000E+00   0.000000E+00+0.000000E+00j     1.000000E+00          l
[2024/01/07 06:16:37]         1504  alphaPorosity_1504      c     0.000000E+00   0.000000E+00+0.000000E+00j     1.000000E+00          l
[2024/01/07 06:16:37]         1505  alphaPorosity_1505      c     0.000000E+00   0.000000E+00+0.000000E+00j     1.000000E+00          l
[2024/01/07 06:16:37]         1506  alphaPorosity_1506      c     0.000000E+00   0.000000E+00+0.000000E+00j     1.000000E+00          l
[2024/01/07 06:16:37]         1507  alphaPorosity_1507      c     0.000000E+00   0.000000E+00+0.000000E+00j     1.000000E+00          l
[2024/01/07 06:16:37]         1508  alphaPorosity_1508      c     0.000000E+00   0.000000E+00+0.000000E+00j     1.000000E+00          l
[2024/01/07 06:16:37]         1509  alphaPorosity_1509      c     0.000000E+00   0.000000E+00+0.000000E+00j     1.000000E+00          l
[2024/01/07 06:16:37]         1510  alphaPorosity_1510      c     0.000000E+00   0.000000E+00+0.000000E+00j     1.000000E+00          l
[2024/01/07 06:16:37]         1511  alphaPorosity_1511      c     0.000000E+00   0.000000E+00+0.000000E+00j     1.000000E+00          l
[2024/01/07 06:16:37]         1512  alphaPorosity_1512      c     0.000000E+00   0.000000E+00+0.000000E+00j     1.000000E+00          l
[2024/01/07 06:16:37]         1513  alphaPorosity_1513      c     0.000000E+00   0.000000E+00+0.000000E+00j     1.000000E+00          l
[2024/01/07 06:16:37]         1514  alphaPorosity_1514      c     0.000000E+00   0.000000E+00+0.000000E+00j     1.000000E+00          l
[2024/01/07 06:16:37]         1515  alphaPorosity_1515      c     0.000000E+00   0.000000E+00+0.000000E+00j     1.000000E+00          l
[2024/01/07 06:16:37]         1516  alphaPorosity_1516      c     0.000000E+00   0.000000E+00+0.000000E+00j     1.000000E+00          l
[2024/01/07 06:16:37]         1517  alphaPorosity_1517      c     0.000000E+00   0.000000E+00+0.000000E+00j     1.000000E+00          l
[2024/01/07 06:16:37]         1518  alphaPorosity_1518      c     0.000000E+00   0.000000E+00+0.000000E+00j     1.000000E+00          l
[2024/01/07 06:16:37]         1519  alphaPorosity_1519      c     0.000000E+00   0.000000E+00+0.000000E+00j     1.000000E+00          l
[2024/01/07 06:16:37]         1520  alphaPorosity_1520      c     0.000000E+00   0.000000E+00+0.000000E+00j     1.000000E+00          l
[2024/01/07 06:16:37]         1521  alphaPorosity_1521      c     0.000000E+00   0.000000E+00+0.000000E+00j     1.000000E+00          l
[2024/01/07 06:16:37]         1522  alphaPorosity_1522      c     0.000000E+00   0.000000E+00+0.000000E+00j     1.000000E+00          l
[2024/01/07 06:16:37]         1523  alphaPorosity_1523      c     0.000000E+00   0.000000E+00+0.000000E+00j     1.000000E+00          l
[2024/01/07 06:16:37]         1524  alphaPorosity_1524      c     0.000000E+00   0.000000E+00+0.000000E+00j     1.000000E+00          l
[2024/01/07 06:16:37]         1525  alphaPorosity_1525      c     0.000000E+00   0.000000E+00+0.000000E+00j     1.000000E+00          l
[2024/01/07 06:16:37]         1526  alphaPorosity_1526      c     0.000000E+00   0.000000E+00+0.000000E+00j     1.000000E+00          l
[2024/01/07 06:16:37]         1527  alphaPorosity_1527      c     0.000000E+00   0.000000E+00+0.000000E+00j     1.000000E+00          l
[2024/01/07 06:16:37]         1528  alphaPorosity_1528      c     0.000000E+00   0.000000E+00+0.000000E+00j     1.000000E+00          l
[2024/01/07 06:16:37]         1529  alphaPorosity_1529      c     0.000000E+00   0.000000E+00+0.000000E+00j     1.000000E+00          l
[2024/01/07 06:16:37]         1530  alphaPorosity_1530      c     0.000000E+00   0.000000E+00+0.000000E+00j     1.000000E+00          l
[2024/01/07 06:16:37]         1531  alphaPorosity_1531      c     0.000000E+00   0.000000E+00+0.000000E+00j     1.000000E+00          l
[2024/01/07 06:16:37]         1532  alphaPorosity_1532      c     0.000000E+00   0.000000E+00+0.000000E+00j     1.000000E+00          l
[2024/01/07 06:16:37]         1533  alphaPorosity_1533      c     0.000000E+00   0.000000E+00+0.000000E+00j     1.000000E+00          l
[2024/01/07 06:16:37]         1534  alphaPorosity_1534      c     0.000000E+00   0.000000E+00+0.000000E+00j     1.000000E+00          l
[2024/01/07 06:16:37]         1535  alphaPorosity_1535      c     0.000000E+00   0.000000E+00+0.000000E+00j     1.000000E+00          l
[2024/01/07 06:16:37]         1536  alphaPorosity_1536      c     0.000000E+00   0.000000E+00+0.000000E+00j     1.000000E+00          l
[2024/01/07 06:16:37]         1537  alphaPorosity_1537      c     0.000000E+00   0.000000E+00+0.000000E+00j     1.000000E+00          l
[2024/01/07 06:16:37]         1538  alphaPorosity_1538      c     0.000000E+00   0.000000E+00+0.000000E+00j     1.000000E+00          l
[2024/01/07 06:16:37]         1539  alphaPorosity_1539      c     0.000000E+00   0.000000E+00+0.000000E+00j     1.000000E+00          l
[2024/01/07 06:16:37]         1540  alphaPorosity_1540      c     0.000000E+00   0.000000E+00+0.000000E+00j     1.000000E+00          l
[2024/01/07 06:16:37]         1541  alphaPorosity_1541      c     0.000000E+00   0.000000E+00+0.000000E+00j     1.000000E+00          l
[2024/01/07 06:16:37]         1542  alphaPorosity_1542      c     0.000000E+00   0.000000E+00+0.000000E+00j     1.000000E+00          l
[2024/01/07 06:16:37]         1543  alphaPorosity_1543      c     0.000000E+00   0.000000E+00+0.000000E+00j     1.000000E+00          l
[2024/01/07 06:16:37]         1544  alphaPorosity_1544      c     0.000000E+00   0.000000E+00+0.000000E+00j     1.000000E+00          l
[2024/01/07 06:16:37]         1545  alphaPorosity_1545      c     0.000000E+00   0.000000E+00+0.000000E+00j     1.000000E+00          l
[2024/01/07 06:16:37]         1546  alphaPorosity_1546      c     0.000000E+00   0.000000E+00+0.000000E+00j     1.000000E+00          l
[2024/01/07 06:16:37]         1547  alphaPorosity_1547      c     0.000000E+00   0.000000E+00+0.000000E+00j     1.000000E+00          l
[2024/01/07 06:16:37]         1548  alphaPorosity_1548      c     0.000000E+00   0.000000E+00+0.000000E+00j     1.000000E+00          l
[2024/01/07 06:16:37]         1549  alphaPorosity_1549      c     0.000000E+00   0.000000E+00+0.000000E+00j     1.000000E+00          l
[2024/01/07 06:16:37]         1550  alphaPorosity_1550      c     0.000000E+00   0.000000E+00+0.000000E+00j     1.000000E+00          l
[2024/01/07 06:16:37]         1551  alphaPorosity_1551      c     0.000000E+00   0.000000E+00+0.000000E+00j     1.000000E+00          l
[2024/01/07 06:16:37]         1552  alphaPorosity_1552      c     0.000000E+00   0.000000E+00+0.000000E+00j     1.000000E+00          l
[2024/01/07 06:16:37]         1553  alphaPorosity_1553      c     0.000000E+00   0.000000E+00+0.000000E+00j     1.000000E+00          l
[2024/01/07 06:16:37]         1554  alphaPorosity_1554      c     0.000000E+00   0.000000E+00+0.000000E+00j     1.000000E+00          l
[2024/01/07 06:16:37]         1555  alphaPorosity_1555      c     0.000000E+00   0.000000E+00+0.000000E+00j     1.000000E+00          l
[2024/01/07 06:16:37]         1556  alphaPorosity_1556      c     0.000000E+00   0.000000E+00+0.000000E+00j     1.000000E+00          l
[2024/01/07 06:16:37]         1557  alphaPorosity_1557      c     0.000000E+00   0.000000E+00+0.000000E+00j     1.000000E+00          l
[2024/01/07 06:16:37]         1558  alphaPorosity_1558      c     0.000000E+00   0.000000E+00+0.000000E+00j     1.000000E+00          l
[2024/01/07 06:16:37]         1559  alphaPorosity_1559      c     0.000000E+00   0.000000E+00+0.000000E+00j     1.000000E+00          l
[2024/01/07 06:16:37]         1560  alphaPorosity_1560      c     0.000000E+00   0.000000E+00+0.000000E+00j     1.000000E+00          l
[2024/01/07 06:16:37]         1561  alphaPorosity_1561      c     0.000000E+00   0.000000E+00+0.000000E+00j     1.000000E+00          l
[2024/01/07 06:16:37]         1562  alphaPorosity_1562      c     0.000000E+00   0.000000E+00+0.000000E+00j     1.000000E+00          l
[2024/01/07 06:16:37]         1563  alphaPorosity_1563      c     0.000000E+00   0.000000E+00+0.000000E+00j     1.000000E+00          l
[2024/01/07 06:16:37]         1564  alphaPorosity_1564      c     0.000000E+00   0.000000E+00+0.000000E+00j     1.000000E+00          l
[2024/01/07 06:16:37]         1565  alphaPorosity_1565      c     0.000000E+00   0.000000E+00+0.000000E+00j     1.000000E+00          l
[2024/01/07 06:16:37]         1566  alphaPorosity_1566      c     0.000000E+00   0.000000E+00+0.000000E+00j     1.000000E+00          l
[2024/01/07 06:16:37]         1567  alphaPorosity_1567      c     0.000000E+00   0.000000E+00+0.000000E+00j     1.000000E+00          l
[2024/01/07 06:16:37]         1568  alphaPorosity_1568      c     0.000000E+00   0.000000E+00+0.000000E+00j     1.000000E+00          l
[2024/01/07 06:16:37]         1569  alphaPorosity_1569      c     0.000000E+00   0.000000E+00+0.000000E+00j     1.000000E+00          l
[2024/01/07 06:16:37]         1570  alphaPorosity_1570      c     0.000000E+00   0.000000E+00+0.000000E+00j     1.000000E+00          l
[2024/01/07 06:16:37]         1571  alphaPorosity_1571      c     0.000000E+00   0.000000E+00+0.000000E+00j     1.000000E+00          l
[2024/01/07 06:16:37]         1572  alphaPorosity_1572      c     0.000000E+00   0.000000E+00+0.000000E+00j     1.000000E+00          l
[2024/01/07 06:16:37]         1573  alphaPorosity_1573      c     0.000000E+00   0.000000E+00+0.000000E+00j     1.000000E+00          l
[2024/01/07 06:16:37]         1574  alphaPorosity_1574      c     0.000000E+00   0.000000E+00+0.000000E+00j     1.000000E+00          l
[2024/01/07 06:16:37]         1575  alphaPorosity_1575      c     0.000000E+00   0.000000E+00+0.000000E+00j     1.000000E+00          l
[2024/01/07 06:16:37]         1576  alphaPorosity_1576      c     0.000000E+00   0.000000E+00+0.000000E+00j     1.000000E+00          l
[2024/01/07 06:16:37]         1577  alphaPorosity_1577      c     0.000000E+00   0.000000E+00+0.000000E+00j     1.000000E+00          l
[2024/01/07 06:16:37]         1578  alphaPorosity_1578      c     0.000000E+00   0.000000E+00+0.000000E+00j     1.000000E+00          l
[2024/01/07 06:16:37]         1579  alphaPorosity_1579      c     0.000000E+00   0.000000E+00+0.000000E+00j     1.000000E+00          l
[2024/01/07 06:16:37]         1580  alphaPorosity_1580      c     0.000000E+00   0.000000E+00+0.000000E+00j     1.000000E+00          l
[2024/01/07 06:16:37]         1581  alphaPorosity_1581      c     0.000000E+00   0.000000E+00+0.000000E+00j     1.000000E+00          l
[2024/01/07 06:16:37]         1582  alphaPorosity_1582      c     0.000000E+00   0.000000E+00+0.000000E+00j     1.000000E+00          l
[2024/01/07 06:16:37]         1583  alphaPorosity_1583      c     0.000000E+00   0.000000E+00+0.000000E+00j     1.000000E+00          l
[2024/01/07 06:16:37]         1584  alphaPorosity_1584      c     0.000000E+00   0.000000E+00+0.000000E+00j     1.000000E+00          l
[2024/01/07 06:16:37]         1585  alphaPorosity_1585      c     0.000000E+00   0.000000E+00+0.000000E+00j     1.000000E+00          l
[2024/01/07 06:16:37]         1586  alphaPorosity_1586      c     0.000000E+00   0.000000E+00+0.000000E+00j     1.000000E+00          l
[2024/01/07 06:16:37]         1587  alphaPorosity_1587      c     0.000000E+00   0.000000E+00+0.000000E+00j     1.000000E+00          l
[2024/01/07 06:16:37]         1588  alphaPorosity_1588      c     0.000000E+00   0.000000E+00+0.000000E+00j     1.000000E+00          l
[2024/01/07 06:16:37]         1589  alphaPorosity_1589      c     0.000000E+00   0.000000E+00+0.000000E+00j     1.000000E+00          l
[2024/01/07 06:16:37]         1590  alphaPorosity_1590      c     0.000000E+00   0.000000E+00+0.000000E+00j     1.000000E+00          l
[2024/01/07 06:16:37]         1591  alphaPorosity_1591      c     0.000000E+00   0.000000E+00+0.000000E+00j     1.000000E+00          l
[2024/01/07 06:16:37]         1592  alphaPorosity_1592      c     0.000000E+00   0.000000E+00+0.000000E+00j     1.000000E+00          l
[2024/01/07 06:16:37]         1593  alphaPorosity_1593      c     0.000000E+00   0.000000E+00+0.000000E+00j     1.000000E+00          l
[2024/01/07 06:16:37]         1594  alphaPorosity_1594      c     0.000000E+00   0.000000E+00+0.000000E+00j     1.000000E+00          l
[2024/01/07 06:16:37]         1595  alphaPorosity_1595      c     0.000000E+00   0.000000E+00+0.000000E+00j     1.000000E+00          l
[2024/01/07 06:16:37]         1596  alphaPorosity_1596      c     0.000000E+00   0.000000E+00+0.000000E+00j     1.000000E+00          l
[2024/01/07 06:16:37]         1597  alphaPorosity_1597      c     0.000000E+00   0.000000E+00+0.000000E+00j     1.000000E+00          l
[2024/01/07 06:16:37]         1598  alphaPorosity_1598      c     0.000000E+00   0.000000E+00+0.000000E+00j     1.000000E+00          l
[2024/01/07 06:16:37]         1599  alphaPorosity_1599      c     0.000000E+00   0.000000E+00+0.000000E+00j     1.000000E+00          l
[2024/01/07 06:16:37]         1600  alphaPorosity_1600      c     0.000000E+00   0.000000E+00+0.000000E+00j     1.000000E+00          l
[2024/01/07 06:16:37]         1601  alphaPorosity_1601      c     0.000000E+00   0.000000E+00+0.000000E+00j     1.000000E+00          l
[2024/01/07 06:16:37]         1602  alphaPorosity_1602      c     0.000000E+00   0.000000E+00+0.000000E+00j     1.000000E+00          l
[2024/01/07 06:16:37]         1603  alphaPorosity_1603      c     0.000000E+00   0.000000E+00+0.000000E+00j     1.000000E+00          l
[2024/01/07 06:16:37]         1604  alphaPorosity_1604      c     0.000000E+00   0.000000E+00+0.000000E+00j     1.000000E+00          l
[2024/01/07 06:16:37]         1605  alphaPorosity_1605      c     0.000000E+00   0.000000E+00+0.000000E+00j     1.000000E+00          l
[2024/01/07 06:16:37]         1606  alphaPorosity_1606      c     0.000000E+00   0.000000E+00+0.000000E+00j     1.000000E+00          l
[2024/01/07 06:16:37]         1607  alphaPorosity_1607      c     0.000000E+00   0.000000E+00+0.000000E+00j     1.000000E+00          l
[2024/01/07 06:16:37]         1608  alphaPorosity_1608      c     0.000000E+00   0.000000E+00+0.000000E+00j     1.000000E+00          l
[2024/01/07 06:16:37]         1609  alphaPorosity_1609      c     0.000000E+00   0.000000E+00+0.000000E+00j     1.000000E+00          l
[2024/01/07 06:16:37]         1610  alphaPorosity_1610      c     0.000000E+00   0.000000E+00+0.000000E+00j     1.000000E+00          l
[2024/01/07 06:16:37]         1611  alphaPorosity_1611      c     0.000000E+00   0.000000E+00+0.000000E+00j     1.000000E+00          l
[2024/01/07 06:16:37]         1612  alphaPorosity_1612      c     0.000000E+00   0.000000E+00+0.000000E+00j     1.000000E+00          l
[2024/01/07 06:16:37]         1613  alphaPorosity_1613      c     0.000000E+00   0.000000E+00+0.000000E+00j     1.000000E+00          l
[2024/01/07 06:16:37]         1614  alphaPorosity_1614      c     0.000000E+00   0.000000E+00+0.000000E+00j     1.000000E+00          l
[2024/01/07 06:16:37]         1615  alphaPorosity_1615      c     0.000000E+00   0.000000E+00+0.000000E+00j     1.000000E+00          l
[2024/01/07 06:16:37]         1616  alphaPorosity_1616      c     0.000000E+00   0.000000E+00+0.000000E+00j     1.000000E+00          l
[2024/01/07 06:16:37]         1617  alphaPorosity_1617      c     0.000000E+00   0.000000E+00+0.000000E+00j     1.000000E+00          l
[2024/01/07 06:16:37]         1618  alphaPorosity_1618      c     0.000000E+00   0.000000E+00+0.000000E+00j     1.000000E+00          l
[2024/01/07 06:16:37]         1619  alphaPorosity_1619      c     0.000000E+00   0.000000E+00+0.000000E+00j     1.000000E+00          l
[2024/01/07 06:16:37]         1620  alphaPorosity_1620      c     0.000000E+00   0.000000E+00+0.000000E+00j     1.000000E+00          l
[2024/01/07 06:16:37]         1621  alphaPorosity_1621      c     0.000000E+00   0.000000E+00+0.000000E+00j     1.000000E+00          l
[2024/01/07 06:16:37]         1622  alphaPorosity_1622      c     0.000000E+00   0.000000E+00+0.000000E+00j     1.000000E+00          l
[2024/01/07 06:16:37]         1623  alphaPorosity_1623      c     0.000000E+00   0.000000E+00+0.000000E+00j     1.000000E+00          l
[2024/01/07 06:16:37]         1624  alphaPorosity_1624      c     0.000000E+00   0.000000E+00+0.000000E+00j     1.000000E+00          l
[2024/01/07 06:16:37]         1625  alphaPorosity_1625      c     0.000000E+00   0.000000E+00+0.000000E+00j     1.000000E+00          l
[2024/01/07 06:16:37]         1626  alphaPorosity_1626      c     0.000000E+00   0.000000E+00+0.000000E+00j     1.000000E+00          l
[2024/01/07 06:16:37]         1627  alphaPorosity_1627      c     0.000000E+00   0.000000E+00+0.000000E+00j     1.000000E+00          l
[2024/01/07 06:16:37]         1628  alphaPorosity_1628      c     0.000000E+00   0.000000E+00+0.000000E+00j     1.000000E+00          l
[2024/01/07 06:16:37]         1629  alphaPorosity_1629      c     0.000000E+00   0.000000E+00+0.000000E+00j     1.000000E+00          l
[2024/01/07 06:16:37]         1630  alphaPorosity_1630      c     0.000000E+00   0.000000E+00+0.000000E+00j     1.000000E+00          l
[2024/01/07 06:16:37]         1631  alphaPorosity_1631      c     0.000000E+00   0.000000E+00+0.000000E+00j     1.000000E+00          l
[2024/01/07 06:16:37]         1632  alphaPorosity_1632      c     0.000000E+00   0.000000E+00+0.000000E+00j     1.000000E+00          l
[2024/01/07 06:16:37]         1633  alphaPorosity_1633      c     0.000000E+00   0.000000E+00+0.000000E+00j     1.000000E+00          l
[2024/01/07 06:16:37]         1634  alphaPorosity_1634      c     0.000000E+00   0.000000E+00+0.000000E+00j     1.000000E+00          l
[2024/01/07 06:16:37]         1635  alphaPorosity_1635      c     0.000000E+00   0.000000E+00+0.000000E+00j     1.000000E+00          l
[2024/01/07 06:16:37]         1636  alphaPorosity_1636      c     0.000000E+00   0.000000E+00+0.000000E+00j     1.000000E+00          l
[2024/01/07 06:16:37]         1637  alphaPorosity_1637      c     0.000000E+00   0.000000E+00+0.000000E+00j     1.000000E+00          l
[2024/01/07 06:16:37]         1638  alphaPorosity_1638      c     0.000000E+00   0.000000E+00+0.000000E+00j     1.000000E+00          l
[2024/01/07 06:16:37]         1639  alphaPorosity_1639      c     0.000000E+00   0.000000E+00+0.000000E+00j     1.000000E+00          l
[2024/01/07 06:16:37]         1640  alphaPorosity_1640      c     0.000000E+00   0.000000E+00+0.000000E+00j     1.000000E+00          l
[2024/01/07 06:16:37]         1641  alphaPorosity_1641      c     0.000000E+00   0.000000E+00+0.000000E+00j     1.000000E+00          l
[2024/01/07 06:16:37]         1642  alphaPorosity_1642      c     0.000000E+00   0.000000E+00+0.000000E+00j     1.000000E+00          l
[2024/01/07 06:16:37]         1643  alphaPorosity_1643      c     0.000000E+00   0.000000E+00+0.000000E+00j     1.000000E+00          l
[2024/01/07 06:16:37]         1644  alphaPorosity_1644      c     0.000000E+00   0.000000E+00+0.000000E+00j     1.000000E+00          l
[2024/01/07 06:16:37]         1645  alphaPorosity_1645      c     0.000000E+00   0.000000E+00+0.000000E+00j     1.000000E+00          l
[2024/01/07 06:16:37]         1646  alphaPorosity_1646      c     0.000000E+00   0.000000E+00+0.000000E+00j     1.000000E+00          l
[2024/01/07 06:16:37]         1647  alphaPorosity_1647      c     0.000000E+00   0.000000E+00+0.000000E+00j     1.000000E+00          l
[2024/01/07 06:16:37]         1648  alphaPorosity_1648      c     0.000000E+00   0.000000E+00+0.000000E+00j     1.000000E+00          l
[2024/01/07 06:16:37]         1649  alphaPorosity_1649      c     0.000000E+00   0.000000E+00+0.000000E+00j     1.000000E+00          l
[2024/01/07 06:16:37]         1650  alphaPorosity_1650      c     0.000000E+00   0.000000E+00+0.000000E+00j     1.000000E+00          l
[2024/01/07 06:16:37]         1651  alphaPorosity_1651      c     0.000000E+00   0.000000E+00+0.000000E+00j     1.000000E+00          l
[2024/01/07 06:16:37]         1652  alphaPorosity_1652      c     0.000000E+00   0.000000E+00+0.000000E+00j     1.000000E+00          l
[2024/01/07 06:16:37]         1653  alphaPorosity_1653      c     0.000000E+00   0.000000E+00+0.000000E+00j     1.000000E+00          l
[2024/01/07 06:16:37]         1654  alphaPorosity_1654      c     0.000000E+00   0.000000E+00+0.000000E+00j     1.000000E+00          l
[2024/01/07 06:16:37]         1655  alphaPorosity_1655      c     0.000000E+00   0.000000E+00+0.000000E+00j     1.000000E+00          l
[2024/01/07 06:16:37]         1656  alphaPorosity_1656      c     0.000000E+00   0.000000E+00+0.000000E+00j     1.000000E+00          l
[2024/01/07 06:16:37]         1657  alphaPorosity_1657      c     0.000000E+00   0.000000E+00+0.000000E+00j     1.000000E+00          l
[2024/01/07 06:16:37]         1658  alphaPorosity_1658      c     0.000000E+00   0.000000E+00+0.000000E+00j     1.000000E+00          l
[2024/01/07 06:16:37]         1659  alphaPorosity_1659      c     0.000000E+00   0.000000E+00+0.000000E+00j     1.000000E+00          l
[2024/01/07 06:16:37]         1660  alphaPorosity_1660      c     0.000000E+00   0.000000E+00+0.000000E+00j     1.000000E+00          l
[2024/01/07 06:16:37]         1661  alphaPorosity_1661      c     0.000000E+00   0.000000E+00+0.000000E+00j     1.000000E+00          l
[2024/01/07 06:16:37]         1662  alphaPorosity_1662      c     0.000000E+00   0.000000E+00+0.000000E+00j     1.000000E+00          l
[2024/01/07 06:16:37]         1663  alphaPorosity_1663      c     0.000000E+00   0.000000E+00+0.000000E+00j     1.000000E+00          l
[2024/01/07 06:16:37]         1664  alphaPorosity_1664      c     0.000000E+00   0.000000E+00+0.000000E+00j     1.000000E+00          l
[2024/01/07 06:16:37]         1665  alphaPorosity_1665      c     0.000000E+00   0.000000E+00+0.000000E+00j     1.000000E+00          l
[2024/01/07 06:16:37]         1666  alphaPorosity_1666      c     0.000000E+00   0.000000E+00+0.000000E+00j     1.000000E+00          l
[2024/01/07 06:16:37]         1667  alphaPorosity_1667      c     0.000000E+00   0.000000E+00+0.000000E+00j     1.000000E+00          l
[2024/01/07 06:16:37]         1668  alphaPorosity_1668      c     0.000000E+00   0.000000E+00+0.000000E+00j     1.000000E+00          l
[2024/01/07 06:16:37]         1669  alphaPorosity_1669      c     0.000000E+00   0.000000E+00+0.000000E+00j     1.000000E+00          l
[2024/01/07 06:16:37]         1670  alphaPorosity_1670      c     0.000000E+00   0.000000E+00+0.000000E+00j     1.000000E+00          l
[2024/01/07 06:16:37]         1671  alphaPorosity_1671      c     0.000000E+00   0.000000E+00+0.000000E+00j     1.000000E+00          l
[2024/01/07 06:16:37]         1672  alphaPorosity_1672      c     0.000000E+00   0.000000E+00+0.000000E+00j     1.000000E+00          l
[2024/01/07 06:16:37]         1673  alphaPorosity_1673      c     0.000000E+00   0.000000E+00+0.000000E+00j     1.000000E+00          l
[2024/01/07 06:16:37]         1674  alphaPorosity_1674      c     0.000000E+00   0.000000E+00+0.000000E+00j     1.000000E+00          l
[2024/01/07 06:16:37]         1675  alphaPorosity_1675      c     0.000000E+00   0.000000E+00+0.000000E+00j     1.000000E+00          l
[2024/01/07 06:16:37]         1676  alphaPorosity_1676      c     0.000000E+00   0.000000E+00+0.000000E+00j     1.000000E+00          l
[2024/01/07 06:16:37]         1677  alphaPorosity_1677      c     0.000000E+00   0.000000E+00+0.000000E+00j     1.000000E+00          l
[2024/01/07 06:16:37]         1678  alphaPorosity_1678      c     0.000000E+00   0.000000E+00+0.000000E+00j     1.000000E+00          l
[2024/01/07 06:16:37]         1679  alphaPorosity_1679      c     0.000000E+00   0.000000E+00+0.000000E+00j     1.000000E+00          l
[2024/01/07 06:16:37]         1680  alphaPorosity_1680      c     0.000000E+00   0.000000E+00+0.000000E+00j     1.000000E+00          l
[2024/01/07 06:16:37]         1681  alphaPorosity_1681      c     0.000000E+00   0.000000E+00+0.000000E+00j     1.000000E+00          l
[2024/01/07 06:16:37]         1682  alphaPorosity_1682      c     0.000000E+00   0.000000E+00+0.000000E+00j     1.000000E+00          l
[2024/01/07 06:16:37]         1683  alphaPorosity_1683      c     0.000000E+00   0.000000E+00+0.000000E+00j     1.000000E+00          l
[2024/01/07 06:16:37]         1684  alphaPorosity_1684      c     0.000000E+00   0.000000E+00+0.000000E+00j     1.000000E+00          l
[2024/01/07 06:16:37]         1685  alphaPorosity_1685      c     0.000000E+00   0.000000E+00+0.000000E+00j     1.000000E+00          l
[2024/01/07 06:16:37]         1686  alphaPorosity_1686      c     0.000000E+00   0.000000E+00+0.000000E+00j     1.000000E+00          l
[2024/01/07 06:16:37]         1687  alphaPorosity_1687      c     0.000000E+00   0.000000E+00+0.000000E+00j     1.000000E+00          l
[2024/01/07 06:16:37]         1688  alphaPorosity_1688      c     0.000000E+00   0.000000E+00+0.000000E+00j     1.000000E+00          l
[2024/01/07 06:16:37]         1689  alphaPorosity_1689      c     0.000000E+00   0.000000E+00+0.000000E+00j     1.000000E+00          l
[2024/01/07 06:16:37]         1690  alphaPorosity_1690      c     0.000000E+00   0.000000E+00+0.000000E+00j     1.000000E+00          l
[2024/01/07 06:16:37]         1691  alphaPorosity_1691      c     0.000000E+00   0.000000E+00+0.000000E+00j     1.000000E+00          l
[2024/01/07 06:16:37]         1692  alphaPorosity_1692      c     0.000000E+00   0.000000E+00+0.000000E+00j     1.000000E+00          l
[2024/01/07 06:16:37]         1693  alphaPorosity_1693      c     0.000000E+00   0.000000E+00+0.000000E+00j     1.000000E+00          l
[2024/01/07 06:16:37]         1694  alphaPorosity_1694      c     0.000000E+00   0.000000E+00+0.000000E+00j     1.000000E+00          l
[2024/01/07 06:16:37]         1695  alphaPorosity_1695      c     0.000000E+00   0.000000E+00+0.000000E+00j     1.000000E+00          l
[2024/01/07 06:16:37]         1696  alphaPorosity_1696      c     0.000000E+00   0.000000E+00+0.000000E+00j     1.000000E+00          l
[2024/01/07 06:16:37]         1697  alphaPorosity_1697      c     0.000000E+00   0.000000E+00+0.000000E+00j     1.000000E+00          l
[2024/01/07 06:16:37]         1698  alphaPorosity_1698      c     0.000000E+00   0.000000E+00+0.000000E+00j     1.000000E+00          l
[2024/01/07 06:16:37]         1699  alphaPorosity_1699      c     0.000000E+00   0.000000E+00+0.000000E+00j     1.000000E+00          l
[2024/01/07 06:16:37]         1700  alphaPorosity_1700      c     0.000000E+00   0.000000E+00+0.000000E+00j     1.000000E+00          l
[2024/01/07 06:16:37]         1701  alphaPorosity_1701      c     0.000000E+00   0.000000E+00+0.000000E+00j     1.000000E+00          l
[2024/01/07 06:16:37]         1702  alphaPorosity_1702      c     0.000000E+00   0.000000E+00+0.000000E+00j     1.000000E+00          l
[2024/01/07 06:16:37]         1703  alphaPorosity_1703      c     0.000000E+00   0.000000E+00+0.000000E+00j     1.000000E+00          l
[2024/01/07 06:16:37]         1704  alphaPorosity_1704      c     0.000000E+00   0.000000E+00+0.000000E+00j     1.000000E+00          l
[2024/01/07 06:16:37]         1705  alphaPorosity_1705      c     0.000000E+00   0.000000E+00+0.000000E+00j     1.000000E+00          l
[2024/01/07 06:16:37]         1706  alphaPorosity_1706      c     0.000000E+00   0.000000E+00+0.000000E+00j     1.000000E+00          l
[2024/01/07 06:16:37]         1707  alphaPorosity_1707      c     0.000000E+00   0.000000E+00+0.000000E+00j     1.000000E+00          l
[2024/01/07 06:16:37]         1708  alphaPorosity_1708      c     0.000000E+00   0.000000E+00+0.000000E+00j     1.000000E+00          l
[2024/01/07 06:16:37]         1709  alphaPorosity_1709      c     0.000000E+00   0.000000E+00+0.000000E+00j     1.000000E+00          l
[2024/01/07 06:16:37]         1710  alphaPorosity_1710      c     0.000000E+00   0.000000E+00+0.000000E+00j     1.000000E+00          l
[2024/01/07 06:16:37]         1711  alphaPorosity_1711      c     0.000000E+00   0.000000E+00+0.000000E+00j     1.000000E+00          l
[2024/01/07 06:16:37]         1712  alphaPorosity_1712      c     0.000000E+00   0.000000E+00+0.000000E+00j     1.000000E+00          l
[2024/01/07 06:16:37]         1713  alphaPorosity_1713      c     0.000000E+00   0.000000E+00+0.000000E+00j     1.000000E+00          l
[2024/01/07 06:16:37]         1714  alphaPorosity_1714      c     0.000000E+00   0.000000E+00+0.000000E+00j     1.000000E+00          l
[2024/01/07 06:16:37]         1715  alphaPorosity_1715      c     0.000000E+00   0.000000E+00+0.000000E+00j     1.000000E+00          l
[2024/01/07 06:16:37]         1716  alphaPorosity_1716      c     0.000000E+00   0.000000E+00+0.000000E+00j     1.000000E+00          l
[2024/01/07 06:16:37]         1717  alphaPorosity_1717      c     0.000000E+00   0.000000E+00+0.000000E+00j     1.000000E+00          l
[2024/01/07 06:16:37]         1718  alphaPorosity_1718      c     0.000000E+00   0.000000E+00+0.000000E+00j     1.000000E+00          l
[2024/01/07 06:16:37]         1719  alphaPorosity_1719      c     0.000000E+00   0.000000E+00+0.000000E+00j     1.000000E+00          l
[2024/01/07 06:16:37]         1720  alphaPorosity_1720      c     0.000000E+00   0.000000E+00+0.000000E+00j     1.000000E+00          l
[2024/01/07 06:16:37]         1721  alphaPorosity_1721      c     0.000000E+00   0.000000E+00+0.000000E+00j     1.000000E+00          l
[2024/01/07 06:16:37]         1722  alphaPorosity_1722      c     0.000000E+00   0.000000E+00+0.000000E+00j     1.000000E+00          l
[2024/01/07 06:16:37]         1723  alphaPorosity_1723      c     0.000000E+00   0.000000E+00+0.000000E+00j     1.000000E+00          l
[2024/01/07 06:16:37]         1724  alphaPorosity_1724      c     0.000000E+00   0.000000E+00+0.000000E+00j     1.000000E+00          l
[2024/01/07 06:16:37]         1725  alphaPorosity_1725      c     0.000000E+00   0.000000E+00+0.000000E+00j     1.000000E+00          l
[2024/01/07 06:16:37]         1726  alphaPorosity_1726      c     0.000000E+00   0.000000E+00+0.000000E+00j     1.000000E+00          l
[2024/01/07 06:16:37]         1727  alphaPorosity_1727      c     0.000000E+00   0.000000E+00+0.000000E+00j     1.000000E+00          l
[2024/01/07 06:16:37]         1728  alphaPorosity_1728      c     0.000000E+00   0.000000E+00+0.000000E+00j     1.000000E+00          l
[2024/01/07 06:16:37]         1729  alphaPorosity_1729      c     0.000000E+00   0.000000E+00+0.000000E+00j     1.000000E+00          l
[2024/01/07 06:16:37]         1730  alphaPorosity_1730      c     0.000000E+00   0.000000E+00+0.000000E+00j     1.000000E+00          l
[2024/01/07 06:16:37]         1731  alphaPorosity_1731      c     0.000000E+00   0.000000E+00+0.000000E+00j     1.000000E+00          l
[2024/01/07 06:16:37]         1732  alphaPorosity_1732      c     0.000000E+00   0.000000E+00+0.000000E+00j     1.000000E+00          l
[2024/01/07 06:16:37]         1733  alphaPorosity_1733      c     0.000000E+00   0.000000E+00+0.000000E+00j     1.000000E+00          l
[2024/01/07 06:16:37]         1734  alphaPorosity_1734      c     0.000000E+00   0.000000E+00+0.000000E+00j     1.000000E+00          l
[2024/01/07 06:16:37]         1735  alphaPorosity_1735      c     0.000000E+00   0.000000E+00+0.000000E+00j     1.000000E+00          l
[2024/01/07 06:16:37]         1736  alphaPorosity_1736      c     0.000000E+00   0.000000E+00+0.000000E+00j     1.000000E+00          l
[2024/01/07 06:16:37]         1737  alphaPorosity_1737      c     0.000000E+00   0.000000E+00+0.000000E+00j     1.000000E+00          l
[2024/01/07 06:16:37]         1738  alphaPorosity_1738      c     0.000000E+00   0.000000E+00+0.000000E+00j     1.000000E+00          l
[2024/01/07 06:16:37]         1739  alphaPorosity_1739      c     0.000000E+00   0.000000E+00+0.000000E+00j     1.000000E+00          l
[2024/01/07 06:16:37]         1740  alphaPorosity_1740      c     0.000000E+00   0.000000E+00+0.000000E+00j     1.000000E+00          l
[2024/01/07 06:16:37]         1741  alphaPorosity_1741      c     0.000000E+00   0.000000E+00+0.000000E+00j     1.000000E+00          l
[2024/01/07 06:16:37]         1742  alphaPorosity_1742      c     0.000000E+00   0.000000E+00+0.000000E+00j     1.000000E+00          l
[2024/01/07 06:16:37]         1743  alphaPorosity_1743      c     0.000000E+00   0.000000E+00+0.000000E+00j     1.000000E+00          l
[2024/01/07 06:16:37]         1744  alphaPorosity_1744      c     0.000000E+00   0.000000E+00+0.000000E+00j     1.000000E+00          l
[2024/01/07 06:16:37]         1745  alphaPorosity_1745      c     0.000000E+00   0.000000E+00+0.000000E+00j     1.000000E+00          l
[2024/01/07 06:16:37]         1746  alphaPorosity_1746      c     0.000000E+00   0.000000E+00+0.000000E+00j     1.000000E+00          l
[2024/01/07 06:16:37]         1747  alphaPorosity_1747      c     0.000000E+00   0.000000E+00+0.000000E+00j     1.000000E+00          l
[2024/01/07 06:16:37]         1748  alphaPorosity_1748      c     0.000000E+00   0.000000E+00+0.000000E+00j     1.000000E+00          l
[2024/01/07 06:16:37]         1749  alphaPorosity_1749      c     0.000000E+00   0.000000E+00+0.000000E+00j     1.000000E+00          l
[2024/01/07 06:16:37]         1750  alphaPorosity_1750      c     0.000000E+00   0.000000E+00+0.000000E+00j     1.000000E+00          l
[2024/01/07 06:16:37]         1751  alphaPorosity_1751      c     0.000000E+00   0.000000E+00+0.000000E+00j     1.000000E+00          l
[2024/01/07 06:16:37]         1752  alphaPorosity_1752      c     0.000000E+00   0.000000E+00+0.000000E+00j     1.000000E+00          l
[2024/01/07 06:16:37]         1753  alphaPorosity_1753      c     0.000000E+00   0.000000E+00+0.000000E+00j     1.000000E+00          l
[2024/01/07 06:16:37]         1754  alphaPorosity_1754      c     0.000000E+00   0.000000E+00+0.000000E+00j     1.000000E+00          l
[2024/01/07 06:16:37]         1755  alphaPorosity_1755      c     0.000000E+00   0.000000E+00+0.000000E+00j     1.000000E+00          l
[2024/01/07 06:16:37]         1756  alphaPorosity_1756      c     0.000000E+00   0.000000E+00+0.000000E+00j     1.000000E+00          l
[2024/01/07 06:16:37]         1757  alphaPorosity_1757      c     0.000000E+00   0.000000E+00+0.000000E+00j     1.000000E+00          l
[2024/01/07 06:16:37]         1758  alphaPorosity_1758      c     0.000000E+00   0.000000E+00+0.000000E+00j     1.000000E+00          l
[2024/01/07 06:16:37]         1759  alphaPorosity_1759      c     0.000000E+00   0.000000E+00+0.000000E+00j     1.000000E+00          l
[2024/01/07 06:16:37]         1760  alphaPorosity_1760      c     0.000000E+00   0.000000E+00+0.000000E+00j     1.000000E+00          l
[2024/01/07 06:16:37]         1761  alphaPorosity_1761      c     0.000000E+00   0.000000E+00+0.000000E+00j     1.000000E+00          l
[2024/01/07 06:16:37]         1762  alphaPorosity_1762      c     0.000000E+00   0.000000E+00+0.000000E+00j     1.000000E+00          l
[2024/01/07 06:16:37]         1763  alphaPorosity_1763      c     0.000000E+00   0.000000E+00+0.000000E+00j     1.000000E+00          l
[2024/01/07 06:16:37]         1764  alphaPorosity_1764      c     0.000000E+00   0.000000E+00+0.000000E+00j     1.000000E+00          l
[2024/01/07 06:16:37]         1765  alphaPorosity_1765      c     0.000000E+00   0.000000E+00+0.000000E+00j     1.000000E+00          l
[2024/01/07 06:16:37]         1766  alphaPorosity_1766      c     0.000000E+00   0.000000E+00+0.000000E+00j     1.000000E+00          l
[2024/01/07 06:16:37]         1767  alphaPorosity_1767      c     0.000000E+00   0.000000E+00+0.000000E+00j     1.000000E+00          l
[2024/01/07 06:16:37]         1768  alphaPorosity_1768      c     0.000000E+00   0.000000E+00+0.000000E+00j     1.000000E+00          l
[2024/01/07 06:16:37]         1769  alphaPorosity_1769      c     0.000000E+00   0.000000E+00+0.000000E+00j     1.000000E+00          l
[2024/01/07 06:16:37]         1770  alphaPorosity_1770      c     0.000000E+00   0.000000E+00+0.000000E+00j     1.000000E+00          l
[2024/01/07 06:16:37]         1771  alphaPorosity_1771      c     0.000000E+00   0.000000E+00+0.000000E+00j     1.000000E+00          l
[2024/01/07 06:16:37]         1772  alphaPorosity_1772      c     0.000000E+00   0.000000E+00+0.000000E+00j     1.000000E+00          l
[2024/01/07 06:16:37]         1773  alphaPorosity_1773      c     0.000000E+00   0.000000E+00+0.000000E+00j     1.000000E+00          l
[2024/01/07 06:16:37]         1774  alphaPorosity_1774      c     0.000000E+00   0.000000E+00+0.000000E+00j     1.000000E+00          l
[2024/01/07 06:16:37]         1775  alphaPorosity_1775      c     0.000000E+00   0.000000E+00+0.000000E+00j     1.000000E+00          l
[2024/01/07 06:16:37]         1776  alphaPorosity_1776      c     0.000000E+00   0.000000E+00+0.000000E+00j     1.000000E+00          l
[2024/01/07 06:16:37]         1777  alphaPorosity_1777      c     0.000000E+00   0.000000E+00+0.000000E+00j     1.000000E+00          l
[2024/01/07 06:16:37]         1778  alphaPorosity_1778      c     0.000000E+00   0.000000E+00+0.000000E+00j     1.000000E+00          l
[2024/01/07 06:16:37]         1779  alphaPorosity_1779      c     0.000000E+00   0.000000E+00+0.000000E+00j     1.000000E+00          l
[2024/01/07 06:16:37]         1780  alphaPorosity_1780      c     0.000000E+00   0.000000E+00+0.000000E+00j     1.000000E+00          l
[2024/01/07 06:16:37]         1781  alphaPorosity_1781      c     0.000000E+00   0.000000E+00+0.000000E+00j     1.000000E+00          l
[2024/01/07 06:16:37]         1782  alphaPorosity_1782      c     0.000000E+00   0.000000E+00+0.000000E+00j     1.000000E+00          l
[2024/01/07 06:16:37]         1783  alphaPorosity_1783      c     0.000000E+00   0.000000E+00+0.000000E+00j     1.000000E+00          l
[2024/01/07 06:16:37]         1784  alphaPorosity_1784      c     0.000000E+00   0.000000E+00+0.000000E+00j     1.000000E+00          l
[2024/01/07 06:16:37]         1785  alphaPorosity_1785      c     0.000000E+00   0.000000E+00+0.000000E+00j     1.000000E+00          l
[2024/01/07 06:16:37]         1786  alphaPorosity_1786      c     0.000000E+00   0.000000E+00+0.000000E+00j     1.000000E+00          l
[2024/01/07 06:16:37]         1787  alphaPorosity_1787      c     0.000000E+00   0.000000E+00+0.000000E+00j     1.000000E+00          l
[2024/01/07 06:16:37]         1788  alphaPorosity_1788      c     0.000000E+00   0.000000E+00+0.000000E+00j     1.000000E+00          l
[2024/01/07 06:16:37]         1789  alphaPorosity_1789      c     0.000000E+00   0.000000E+00+0.000000E+00j     1.000000E+00          l
[2024/01/07 06:16:37]         1790  alphaPorosity_1790      c     0.000000E+00   0.000000E+00+0.000000E+00j     1.000000E+00          l
[2024/01/07 06:16:37]         1791  alphaPorosity_1791      c     0.000000E+00   0.000000E+00+0.000000E+00j     1.000000E+00          l
[2024/01/07 06:16:37]         1792  alphaPorosity_1792      c     0.000000E+00   0.000000E+00+0.000000E+00j     1.000000E+00          l
[2024/01/07 06:16:37]         1793  alphaPorosity_1793      c     0.000000E+00   0.000000E+00+0.000000E+00j     1.000000E+00          l
[2024/01/07 06:16:37]         1794  alphaPorosity_1794      c     0.000000E+00   0.000000E+00+0.000000E+00j     1.000000E+00          l
[2024/01/07 06:16:37]         1795  alphaPorosity_1795      c     0.000000E+00   0.000000E+00+0.000000E+00j     1.000000E+00          l
[2024/01/07 06:16:37]         1796  alphaPorosity_1796      c     0.000000E+00   0.000000E+00+0.000000E+00j     1.000000E+00          l
[2024/01/07 06:16:37]         1797  alphaPorosity_1797      c     0.000000E+00   0.000000E+00+0.000000E+00j     1.000000E+00          l
[2024/01/07 06:16:37]         1798  alphaPorosity_1798      c     0.000000E+00   0.000000E+00+0.000000E+00j     1.000000E+00          l
[2024/01/07 06:16:37]         1799  alphaPorosity_1799      c     0.000000E+00   0.000000E+00+0.000000E+00j     1.000000E+00          l
[2024/01/07 06:16:37]         1800  alphaPorosity_1800      c     0.000000E+00   0.000000E+00+0.000000E+00j     1.000000E+00          l
[2024/01/07 06:16:37]         1801  alphaPorosity_1801      c     0.000000E+00   0.000000E+00+0.000000E+00j     1.000000E+00          l
[2024/01/07 06:16:37]         1802  alphaPorosity_1802      c     0.000000E+00   0.000000E+00+0.000000E+00j     1.000000E+00          l
[2024/01/07 06:16:37]         1803  alphaPorosity_1803      c     0.000000E+00   0.000000E+00+0.000000E+00j     1.000000E+00          l
[2024/01/07 06:16:37]         1804  alphaPorosity_1804      c     0.000000E+00   0.000000E+00+0.000000E+00j     1.000000E+00          l
[2024/01/07 06:16:37]         1805  alphaPorosity_1805      c     0.000000E+00   0.000000E+00+0.000000E+00j     1.000000E+00          l
[2024/01/07 06:16:37]         1806  alphaPorosity_1806      c     0.000000E+00   0.000000E+00+0.000000E+00j     1.000000E+00          l
[2024/01/07 06:16:37]         1807  alphaPorosity_1807      c     0.000000E+00   0.000000E+00+0.000000E+00j     1.000000E+00          l
[2024/01/07 06:16:37]         1808  alphaPorosity_1808      c     0.000000E+00   0.000000E+00+0.000000E+00j     1.000000E+00          l
[2024/01/07 06:16:37]         1809  alphaPorosity_1809      c     0.000000E+00   0.000000E+00+0.000000E+00j     1.000000E+00          l
[2024/01/07 06:16:37]         1810  alphaPorosity_1810      c     0.000000E+00   0.000000E+00+0.000000E+00j     1.000000E+00          l
[2024/01/07 06:16:37]         1811  alphaPorosity_1811      c     0.000000E+00   0.000000E+00+0.000000E+00j     1.000000E+00          l
[2024/01/07 06:16:37]         1812  alphaPorosity_1812      c     0.000000E+00   0.000000E+00+0.000000E+00j     1.000000E+00          l
[2024/01/07 06:16:37]         1813  alphaPorosity_1813      c     0.000000E+00   0.000000E+00+0.000000E+00j     1.000000E+00          l
[2024/01/07 06:16:37]         1814  alphaPorosity_1814      c     0.000000E+00   0.000000E+00+0.000000E+00j     1.000000E+00          l
[2024/01/07 06:16:37]         1815  alphaPorosity_1815      c     0.000000E+00   0.000000E+00+0.000000E+00j     1.000000E+00          l
[2024/01/07 06:16:37]         1816  alphaPorosity_1816      c     0.000000E+00   0.000000E+00+0.000000E+00j     1.000000E+00          l
[2024/01/07 06:16:37]         1817  alphaPorosity_1817      c     0.000000E+00   0.000000E+00+0.000000E+00j     1.000000E+00          l
[2024/01/07 06:16:37]         1818  alphaPorosity_1818      c     0.000000E+00   0.000000E+00+0.000000E+00j     1.000000E+00          l
[2024/01/07 06:16:37]         1819  alphaPorosity_1819      c     0.000000E+00   0.000000E+00+0.000000E+00j     1.000000E+00          l
[2024/01/07 06:16:37]         1820  alphaPorosity_1820      c     0.000000E+00   0.000000E+00+0.000000E+00j     1.000000E+00          l
[2024/01/07 06:16:37]         1821  alphaPorosity_1821      c     0.000000E+00   0.000000E+00+0.000000E+00j     1.000000E+00          l
[2024/01/07 06:16:37]         1822  alphaPorosity_1822      c     0.000000E+00   0.000000E+00+0.000000E+00j     1.000000E+00          l
[2024/01/07 06:16:37]         1823  alphaPorosity_1823      c     0.000000E+00   0.000000E+00+0.000000E+00j     1.000000E+00          l
[2024/01/07 06:16:37]         1824  alphaPorosity_1824      c     0.000000E+00   0.000000E+00+0.000000E+00j     1.000000E+00          l
[2024/01/07 06:16:37]         1825  alphaPorosity_1825      c     0.000000E+00   0.000000E+00+0.000000E+00j     1.000000E+00          l
[2024/01/07 06:16:37]         1826  alphaPorosity_1826      c     0.000000E+00   0.000000E+00+0.000000E+00j     1.000000E+00          l
[2024/01/07 06:16:37]         1827  alphaPorosity_1827      c     0.000000E+00   0.000000E+00+0.000000E+00j     1.000000E+00          l
[2024/01/07 06:16:37]         1828  alphaPorosity_1828      c     0.000000E+00   0.000000E+00+0.000000E+00j     1.000000E+00          l
[2024/01/07 06:16:37]         1829  alphaPorosity_1829      c     0.000000E+00   0.000000E+00+0.000000E+00j     1.000000E+00          l
[2024/01/07 06:16:37]         1830  alphaPorosity_1830      c     0.000000E+00   0.000000E+00+0.000000E+00j     1.000000E+00          l
[2024/01/07 06:16:37]         1831  alphaPorosity_1831      c     0.000000E+00   0.000000E+00+0.000000E+00j     1.000000E+00          l
[2024/01/07 06:16:37]         1832  alphaPorosity_1832      c     0.000000E+00   0.000000E+00+0.000000E+00j     1.000000E+00          l
[2024/01/07 06:16:37]         1833  alphaPorosity_1833      c     0.000000E+00   0.000000E+00+0.000000E+00j     1.000000E+00          l
[2024/01/07 06:16:37]         1834  alphaPorosity_1834      c     0.000000E+00   0.000000E+00+0.000000E+00j     1.000000E+00          l
[2024/01/07 06:16:37]         1835  alphaPorosity_1835      c     0.000000E+00   0.000000E+00+0.000000E+00j     1.000000E+00          l
[2024/01/07 06:16:37]         1836  alphaPorosity_1836      c     0.000000E+00   0.000000E+00+0.000000E+00j     1.000000E+00          l
[2024/01/07 06:16:37]         1837  alphaPorosity_1837      c     0.000000E+00   0.000000E+00+0.000000E+00j     1.000000E+00          l
[2024/01/07 06:16:37]         1838  alphaPorosity_1838      c     0.000000E+00   0.000000E+00+0.000000E+00j     1.000000E+00          l
[2024/01/07 06:16:37]         1839  alphaPorosity_1839      c     0.000000E+00   0.000000E+00+0.000000E+00j     1.000000E+00          l
[2024/01/07 06:16:37]         1840  alphaPorosity_1840      c     0.000000E+00   0.000000E+00+0.000000E+00j     1.000000E+00          l
[2024/01/07 06:16:37]         1841  alphaPorosity_1841      c     0.000000E+00   0.000000E+00+0.000000E+00j     1.000000E+00          l
[2024/01/07 06:16:37]         1842  alphaPorosity_1842      c     0.000000E+00   0.000000E+00+0.000000E+00j     1.000000E+00          l
[2024/01/07 06:16:37]         1843  alphaPorosity_1843      c     0.000000E+00   0.000000E+00+0.000000E+00j     1.000000E+00          l
[2024/01/07 06:16:37]         1844  alphaPorosity_1844      c     0.000000E+00   0.000000E+00+0.000000E+00j     1.000000E+00          l
[2024/01/07 06:16:37]         1845  alphaPorosity_1845      c     0.000000E+00   0.000000E+00+0.000000E+00j     1.000000E+00          l
[2024/01/07 06:16:37]         1846  alphaPorosity_1846      c     0.000000E+00   0.000000E+00+0.000000E+00j     1.000000E+00          l
[2024/01/07 06:16:37]         1847  alphaPorosity_1847      c     0.000000E+00   0.000000E+00+0.000000E+00j     1.000000E+00          l
[2024/01/07 06:16:37]         1848  alphaPorosity_1848      c     0.000000E+00   0.000000E+00+0.000000E+00j     1.000000E+00          l
[2024/01/07 06:16:37]         1849  alphaPorosity_1849      c     0.000000E+00   0.000000E+00+0.000000E+00j     1.000000E+00          l
[2024/01/07 06:16:37]         1850  alphaPorosity_1850      c     0.000000E+00   0.000000E+00+0.000000E+00j     1.000000E+00          l
[2024/01/07 06:16:37]         1851  alphaPorosity_1851      c     0.000000E+00   0.000000E+00+0.000000E+00j     1.000000E+00          l
[2024/01/07 06:16:37]         1852  alphaPorosity_1852      c     0.000000E+00   0.000000E+00+0.000000E+00j     1.000000E+00          l
[2024/01/07 06:16:37]         1853  alphaPorosity_1853      c     0.000000E+00   0.000000E+00+0.000000E+00j     1.000000E+00          l
[2024/01/07 06:16:37]         1854  alphaPorosity_1854      c     0.000000E+00   0.000000E+00+0.000000E+00j     1.000000E+00          l
[2024/01/07 06:16:37]         1855  alphaPorosity_1855      c     0.000000E+00   0.000000E+00+0.000000E+00j     1.000000E+00          l
[2024/01/07 06:16:37]         1856  alphaPorosity_1856      c     0.000000E+00   0.000000E+00+0.000000E+00j     1.000000E+00          l
[2024/01/07 06:16:37]         1857  alphaPorosity_1857      c     0.000000E+00   0.000000E+00+0.000000E+00j     1.000000E+00          l
[2024/01/07 06:16:37]         1858  alphaPorosity_1858      c     0.000000E+00   0.000000E+00+0.000000E+00j     1.000000E+00          l
[2024/01/07 06:16:37]         1859  alphaPorosity_1859      c     0.000000E+00   0.000000E+00+0.000000E+00j     1.000000E+00          l
[2024/01/07 06:16:37]         1860  alphaPorosity_1860      c     0.000000E+00   0.000000E+00+0.000000E+00j     1.000000E+00          l
[2024/01/07 06:16:37]         1861  alphaPorosity_1861      c     0.000000E+00   0.000000E+00+0.000000E+00j     1.000000E+00          l
[2024/01/07 06:16:37]         1862  alphaPorosity_1862      c     0.000000E+00   0.000000E+00+0.000000E+00j     1.000000E+00          l
[2024/01/07 06:16:37]         1863  alphaPorosity_1863      c     0.000000E+00   0.000000E+00+0.000000E+00j     1.000000E+00          l
[2024/01/07 06:16:37]         1864  alphaPorosity_1864      c     0.000000E+00   0.000000E+00+0.000000E+00j     1.000000E+00          l
[2024/01/07 06:16:37]         1865  alphaPorosity_1865      c     0.000000E+00   0.000000E+00+0.000000E+00j     1.000000E+00          l
[2024/01/07 06:16:37]         1866  alphaPorosity_1866      c     0.000000E+00   0.000000E+00+0.000000E+00j     1.000000E+00          l
[2024/01/07 06:16:37]         1867  alphaPorosity_1867      c     0.000000E+00   0.000000E+00+0.000000E+00j     1.000000E+00          l
[2024/01/07 06:16:37]         1868  alphaPorosity_1868      c     0.000000E+00   0.000000E+00+0.000000E+00j     1.000000E+00          l
[2024/01/07 06:16:37]         1869  alphaPorosity_1869      c     0.000000E+00   0.000000E+00+0.000000E+00j     1.000000E+00          l
[2024/01/07 06:16:37]         1870  alphaPorosity_1870      c     0.000000E+00   0.000000E+00+0.000000E+00j     1.000000E+00          l
[2024/01/07 06:16:37]         1871  alphaPorosity_1871      c     0.000000E+00   0.000000E+00+0.000000E+00j     1.000000E+00          l
[2024/01/07 06:16:37]         1872  alphaPorosity_1872      c     0.000000E+00   0.000000E+00+0.000000E+00j     1.000000E+00          l
[2024/01/07 06:16:37]         1873  alphaPorosity_1873      c     0.000000E+00   0.000000E+00+0.000000E+00j     1.000000E+00          l
[2024/01/07 06:16:37]         1874  alphaPorosity_1874      c     0.000000E+00   0.000000E+00+0.000000E+00j     1.000000E+00          l
[2024/01/07 06:16:37]         1875  alphaPorosity_1875      c     0.000000E+00   0.000000E+00+0.000000E+00j     1.000000E+00          l
[2024/01/07 06:16:37]         1876  alphaPorosity_1876      c     0.000000E+00   0.000000E+00+0.000000E+00j     1.000000E+00          l
[2024/01/07 06:16:37]         1877  alphaPorosity_1877      c     0.000000E+00   0.000000E+00+0.000000E+00j     1.000000E+00          l
[2024/01/07 06:16:37]         1878  alphaPorosity_1878      c     0.000000E+00   0.000000E+00+0.000000E+00j     1.000000E+00          l
[2024/01/07 06:16:37]         1879  alphaPorosity_1879      c     0.000000E+00   0.000000E+00+0.000000E+00j     1.000000E+00          l
[2024/01/07 06:16:37]         1880  alphaPorosity_1880      c     0.000000E+00   0.000000E+00+0.000000E+00j     1.000000E+00          l
[2024/01/07 06:16:37]         1881  alphaPorosity_1881      c     0.000000E+00   0.000000E+00+0.000000E+00j     1.000000E+00          l
[2024/01/07 06:16:37]         1882  alphaPorosity_1882      c     0.000000E+00   0.000000E+00+0.000000E+00j     1.000000E+00          l
[2024/01/07 06:16:37]         1883  alphaPorosity_1883      c     0.000000E+00   0.000000E+00+0.000000E+00j     1.000000E+00          l
[2024/01/07 06:16:37]         1884  alphaPorosity_1884      c     0.000000E+00   0.000000E+00+0.000000E+00j     1.000000E+00          l
[2024/01/07 06:16:37]         1885  alphaPorosity_1885      c     0.000000E+00   0.000000E+00+0.000000E+00j     1.000000E+00          l
[2024/01/07 06:16:37]         1886  alphaPorosity_1886      c     0.000000E+00   0.000000E+00+0.000000E+00j     1.000000E+00          l
[2024/01/07 06:16:37]         1887  alphaPorosity_1887      c     0.000000E+00   0.000000E+00+0.000000E+00j     1.000000E+00          l
[2024/01/07 06:16:37]         1888  alphaPorosity_1888      c     0.000000E+00   0.000000E+00+0.000000E+00j     1.000000E+00          l
[2024/01/07 06:16:37]         1889  alphaPorosity_1889      c     0.000000E+00   0.000000E+00+0.000000E+00j     1.000000E+00          l
[2024/01/07 06:16:37]         1890  alphaPorosity_1890      c     0.000000E+00   0.000000E+00+0.000000E+00j     1.000000E+00          l
[2024/01/07 06:16:37]         1891  alphaPorosity_1891      c     0.000000E+00   0.000000E+00+0.000000E+00j     1.000000E+00          l
[2024/01/07 06:16:37]         1892  alphaPorosity_1892      c     0.000000E+00   0.000000E+00+0.000000E+00j     1.000000E+00          l
[2024/01/07 06:16:37]         1893  alphaPorosity_1893      c     0.000000E+00   0.000000E+00+0.000000E+00j     1.000000E+00          l
[2024/01/07 06:16:37]         1894  alphaPorosity_1894      c     0.000000E+00   0.000000E+00+0.000000E+00j     1.000000E+00          l
[2024/01/07 06:16:37]         1895  alphaPorosity_1895      c     0.000000E+00   0.000000E+00+0.000000E+00j     1.000000E+00          l
[2024/01/07 06:16:37]         1896  alphaPorosity_1896      c     0.000000E+00   0.000000E+00+0.000000E+00j     1.000000E+00          l
[2024/01/07 06:16:37]         1897  alphaPorosity_1897      c     0.000000E+00   0.000000E+00+0.000000E+00j     1.000000E+00          l
[2024/01/07 06:16:37]         1898  alphaPorosity_1898      c     0.000000E+00   0.000000E+00+0.000000E+00j     1.000000E+00          l
[2024/01/07 06:16:37]         1899  alphaPorosity_1899      c     0.000000E+00   0.000000E+00+0.000000E+00j     1.000000E+00          l
[2024/01/07 06:16:37]         1900  alphaPorosity_1900      c     0.000000E+00   0.000000E+00+0.000000E+00j     1.000000E+00          l
[2024/01/07 06:16:37]         1901  alphaPorosity_1901      c     0.000000E+00   0.000000E+00+0.000000E+00j     1.000000E+00          l
[2024/01/07 06:16:37]         1902  alphaPorosity_1902      c     0.000000E+00   0.000000E+00+0.000000E+00j     1.000000E+00          l
[2024/01/07 06:16:37]         1903  alphaPorosity_1903      c     0.000000E+00   0.000000E+00+0.000000E+00j     1.000000E+00          l
[2024/01/07 06:16:37]         1904  alphaPorosity_1904      c     0.000000E+00   0.000000E+00+0.000000E+00j     1.000000E+00          l
[2024/01/07 06:16:37]         1905  alphaPorosity_1905      c     0.000000E+00   0.000000E+00+0.000000E+00j     1.000000E+00          l
[2024/01/07 06:16:37]         1906  alphaPorosity_1906      c     0.000000E+00   0.000000E+00+0.000000E+00j     1.000000E+00          l
[2024/01/07 06:16:37]         1907  alphaPorosity_1907      c     0.000000E+00   0.000000E+00+0.000000E+00j     1.000000E+00          l
[2024/01/07 06:16:37]         1908  alphaPorosity_1908      c     0.000000E+00   0.000000E+00+0.000000E+00j     1.000000E+00          l
[2024/01/07 06:16:37]         1909  alphaPorosity_1909      c     0.000000E+00   0.000000E+00+0.000000E+00j     1.000000E+00          l
[2024/01/07 06:16:37]         1910  alphaPorosity_1910      c     0.000000E+00   0.000000E+00+0.000000E+00j     1.000000E+00          l
[2024/01/07 06:16:37]         1911  alphaPorosity_1911      c     0.000000E+00   0.000000E+00+0.000000E+00j     1.000000E+00          l
[2024/01/07 06:16:37]         1912  alphaPorosity_1912      c     0.000000E+00   0.000000E+00+0.000000E+00j     1.000000E+00          l
[2024/01/07 06:16:37]         1913  alphaPorosity_1913      c     0.000000E+00   0.000000E+00+0.000000E+00j     1.000000E+00          l
[2024/01/07 06:16:37]         1914  alphaPorosity_1914      c     0.000000E+00   0.000000E+00+0.000000E+00j     1.000000E+00          l
[2024/01/07 06:16:37]         1915  alphaPorosity_1915      c     0.000000E+00   0.000000E+00+0.000000E+00j     1.000000E+00          l
[2024/01/07 06:16:37]         1916  alphaPorosity_1916      c     0.000000E+00   0.000000E+00+0.000000E+00j     1.000000E+00          l
[2024/01/07 06:16:37]         1917  alphaPorosity_1917      c     0.000000E+00   0.000000E+00+0.000000E+00j     1.000000E+00          l
[2024/01/07 06:16:37]         1918  alphaPorosity_1918      c     0.000000E+00   0.000000E+00+0.000000E+00j     1.000000E+00          l
[2024/01/07 06:16:37]         1919  alphaPorosity_1919      c     0.000000E+00   0.000000E+00+0.000000E+00j     1.000000E+00          l
[2024/01/07 06:16:37]         1920  alphaPorosity_1920      c     0.000000E+00   0.000000E+00+0.000000E+00j     1.000000E+00          l
[2024/01/07 06:16:37]         1921  alphaPorosity_1921      c     0.000000E+00   0.000000E+00+0.000000E+00j     1.000000E+00          l
[2024/01/07 06:16:37]         1922  alphaPorosity_1922      c     0.000000E+00   0.000000E+00+0.000000E+00j     1.000000E+00          l
[2024/01/07 06:16:37]         1923  alphaPorosity_1923      c     0.000000E+00   0.000000E+00+0.000000E+00j     1.000000E+00          l
[2024/01/07 06:16:37]         1924  alphaPorosity_1924      c     0.000000E+00   0.000000E+00+0.000000E+00j     1.000000E+00          l
[2024/01/07 06:16:37]         1925  alphaPorosity_1925      c     0.000000E+00   0.000000E+00+0.000000E+00j     1.000000E+00          l
[2024/01/07 06:16:37]         1926  alphaPorosity_1926      c     0.000000E+00   0.000000E+00+0.000000E+00j     1.000000E+00          l
[2024/01/07 06:16:37]         1927  alphaPorosity_1927      c     0.000000E+00   0.000000E+00+0.000000E+00j     1.000000E+00          l
[2024/01/07 06:16:37]         1928  alphaPorosity_1928      c     0.000000E+00   0.000000E+00+0.000000E+00j     1.000000E+00          l
[2024/01/07 06:16:37]         1929  alphaPorosity_1929      c     0.000000E+00   0.000000E+00+0.000000E+00j     1.000000E+00          l
[2024/01/07 06:16:37]         1930  alphaPorosity_1930      c     0.000000E+00   0.000000E+00+0.000000E+00j     1.000000E+00          l
[2024/01/07 06:16:37]         1931  alphaPorosity_1931      c     0.000000E+00   0.000000E+00+0.000000E+00j     1.000000E+00          l
[2024/01/07 06:16:37]         1932  alphaPorosity_1932      c     0.000000E+00   0.000000E+00+0.000000E+00j     1.000000E+00          l
[2024/01/07 06:16:37]         1933  alphaPorosity_1933      c     0.000000E+00   0.000000E+00+0.000000E+00j     1.000000E+00          l
[2024/01/07 06:16:37]         1934  alphaPorosity_1934      c     0.000000E+00   0.000000E+00+0.000000E+00j     1.000000E+00          l
[2024/01/07 06:16:37]         1935  alphaPorosity_1935      c     0.000000E+00   0.000000E+00+0.000000E+00j     1.000000E+00          l
[2024/01/07 06:16:37]         1936  alphaPorosity_1936      c     0.000000E+00   0.000000E+00+0.000000E+00j     1.000000E+00          l
[2024/01/07 06:16:37]         1937  alphaPorosity_1937      c     0.000000E+00   0.000000E+00+0.000000E+00j     1.000000E+00          l
[2024/01/07 06:16:37]         1938  alphaPorosity_1938      c     0.000000E+00   0.000000E+00+0.000000E+00j     1.000000E+00          l
[2024/01/07 06:16:37]         1939  alphaPorosity_1939      c     0.000000E+00   0.000000E+00+0.000000E+00j     1.000000E+00          l
[2024/01/07 06:16:37]         1940  alphaPorosity_1940      c     0.000000E+00   0.000000E+00+0.000000E+00j     1.000000E+00          l
[2024/01/07 06:16:37]         1941  alphaPorosity_1941      c     0.000000E+00   0.000000E+00+0.000000E+00j     1.000000E+00          l
[2024/01/07 06:16:37]         1942  alphaPorosity_1942      c     0.000000E+00   0.000000E+00+0.000000E+00j     1.000000E+00          l
[2024/01/07 06:16:37]         1943  alphaPorosity_1943      c     0.000000E+00   0.000000E+00+0.000000E+00j     1.000000E+00          l
[2024/01/07 06:16:37]         1944  alphaPorosity_1944      c     0.000000E+00   0.000000E+00+0.000000E+00j     1.000000E+00          l
[2024/01/07 06:16:37]         1945  alphaPorosity_1945      c     0.000000E+00   0.000000E+00+0.000000E+00j     1.000000E+00          l
[2024/01/07 06:16:37]         1946  alphaPorosity_1946      c     0.000000E+00   0.000000E+00+0.000000E+00j     1.000000E+00          l
[2024/01/07 06:16:37]         1947  alphaPorosity_1947      c     0.000000E+00   0.000000E+00+0.000000E+00j     1.000000E+00          l
[2024/01/07 06:16:37]         1948  alphaPorosity_1948      c     0.000000E+00   0.000000E+00+0.000000E+00j     1.000000E+00          l
[2024/01/07 06:16:37]         1949  alphaPorosity_1949      c     0.000000E+00   0.000000E+00+0.000000E+00j     1.000000E+00          l
[2024/01/07 06:16:37]         1950  alphaPorosity_1950      c     0.000000E+00   0.000000E+00+0.000000E+00j     1.000000E+00          l
[2024/01/07 06:16:37]         1951  alphaPorosity_1951      c     0.000000E+00   0.000000E+00+0.000000E+00j     1.000000E+00          l
[2024/01/07 06:16:37]         1952  alphaPorosity_1952      c     0.000000E+00   0.000000E+00+0.000000E+00j     1.000000E+00          l
[2024/01/07 06:16:37]         1953  alphaPorosity_1953      c     0.000000E+00   0.000000E+00+0.000000E+00j     1.000000E+00          l
[2024/01/07 06:16:37]         1954  alphaPorosity_1954      c     0.000000E+00   0.000000E+00+0.000000E+00j     1.000000E+00          l
[2024/01/07 06:16:37]         1955  alphaPorosity_1955      c     0.000000E+00   0.000000E+00+0.000000E+00j     1.000000E+00          l
[2024/01/07 06:16:37]         1956  alphaPorosity_1956      c     0.000000E+00   0.000000E+00+0.000000E+00j     1.000000E+00          l
[2024/01/07 06:16:37]         1957  alphaPorosity_1957      c     0.000000E+00   0.000000E+00+0.000000E+00j     1.000000E+00          l
[2024/01/07 06:16:37]         1958  alphaPorosity_1958      c     0.000000E+00   0.000000E+00+0.000000E+00j     1.000000E+00          l
[2024/01/07 06:16:37]         1959  alphaPorosity_1959      c     0.000000E+00   0.000000E+00+0.000000E+00j     1.000000E+00          l
[2024/01/07 06:16:37]         1960  alphaPorosity_1960      c     0.000000E+00   0.000000E+00+0.000000E+00j     1.000000E+00          l
[2024/01/07 06:16:37]         1961  alphaPorosity_1961      c     0.000000E+00   0.000000E+00+0.000000E+00j     1.000000E+00          l
[2024/01/07 06:16:37]         1962  alphaPorosity_1962      c     0.000000E+00   0.000000E+00+0.000000E+00j     1.000000E+00          l
[2024/01/07 06:16:37]         1963  alphaPorosity_1963      c     0.000000E+00   0.000000E+00+0.000000E+00j     1.000000E+00          l
[2024/01/07 06:16:37]         1964  alphaPorosity_1964      c     0.000000E+00   0.000000E+00+0.000000E+00j     1.000000E+00          l
[2024/01/07 06:16:37]         1965  alphaPorosity_1965      c     0.000000E+00   0.000000E+00+0.000000E+00j     1.000000E+00          l
[2024/01/07 06:16:37]         1966  alphaPorosity_1966      c     0.000000E+00   0.000000E+00+0.000000E+00j     1.000000E+00          l
[2024/01/07 06:16:37]         1967  alphaPorosity_1967      c     0.000000E+00   0.000000E+00+0.000000E+00j     1.000000E+00          l
[2024/01/07 06:16:37]         1968  alphaPorosity_1968      c     0.000000E+00   0.000000E+00+0.000000E+00j     1.000000E+00          l
[2024/01/07 06:16:37]         1969  alphaPorosity_1969      c     0.000000E+00   0.000000E+00+0.000000E+00j     1.000000E+00          l
[2024/01/07 06:16:37]         1970  alphaPorosity_1970      c     0.000000E+00   0.000000E+00+0.000000E+00j     1.000000E+00          l
[2024/01/07 06:16:37]         1971  alphaPorosity_1971      c     0.000000E+00   0.000000E+00+0.000000E+00j     1.000000E+00          l
[2024/01/07 06:16:37]         1972  alphaPorosity_1972      c     0.000000E+00   0.000000E+00+0.000000E+00j     1.000000E+00          l
[2024/01/07 06:16:37]         1973  alphaPorosity_1973      c     0.000000E+00   0.000000E+00+0.000000E+00j     1.000000E+00          l
[2024/01/07 06:16:37]         1974  alphaPorosity_1974      c     0.000000E+00   0.000000E+00+0.000000E+00j     1.000000E+00          l
[2024/01/07 06:16:37]         1975  alphaPorosity_1975      c     0.000000E+00   0.000000E+00+0.000000E+00j     1.000000E+00          l
[2024/01/07 06:16:37]         1976  alphaPorosity_1976      c     0.000000E+00   0.000000E+00+0.000000E+00j     1.000000E+00          l
[2024/01/07 06:16:37]         1977  alphaPorosity_1977      c     0.000000E+00   0.000000E+00+0.000000E+00j     1.000000E+00          l
[2024/01/07 06:16:37]         1978  alphaPorosity_1978      c     0.000000E+00   0.000000E+00+0.000000E+00j     1.000000E+00          l
[2024/01/07 06:16:37]         1979  alphaPorosity_1979      c     0.000000E+00   0.000000E+00+0.000000E+00j     1.000000E+00          l
[2024/01/07 06:16:37]         1980  alphaPorosity_1980      c     0.000000E+00   0.000000E+00+0.000000E+00j     1.000000E+00          l
[2024/01/07 06:16:37]         1981  alphaPorosity_1981      c     0.000000E+00   0.000000E+00+0.000000E+00j     1.000000E+00          l
[2024/01/07 06:16:37]         1982  alphaPorosity_1982      c     0.000000E+00   0.000000E+00+0.000000E+00j     1.000000E+00          l
[2024/01/07 06:16:37]         1983  alphaPorosity_1983      c     0.000000E+00   0.000000E+00+0.000000E+00j     1.000000E+00          l
[2024/01/07 06:16:37]         1984  alphaPorosity_1984      c     0.000000E+00   0.000000E+00+0.000000E+00j     1.000000E+00          l
[2024/01/07 06:16:37]         1985  alphaPorosity_1985      c     0.000000E+00   0.000000E+00+0.000000E+00j     1.000000E+00          l
[2024/01/07 06:16:37]         1986  alphaPorosity_1986      c     0.000000E+00   0.000000E+00+0.000000E+00j     1.000000E+00          l
[2024/01/07 06:16:37]         1987  alphaPorosity_1987      c     0.000000E+00   0.000000E+00+0.000000E+00j     1.000000E+00          l
[2024/01/07 06:16:37]         1988  alphaPorosity_1988      c     0.000000E+00   0.000000E+00+0.000000E+00j     1.000000E+00          l
[2024/01/07 06:16:37]         1989  alphaPorosity_1989      c     0.000000E+00   0.000000E+00+0.000000E+00j     1.000000E+00          l
[2024/01/07 06:16:37]         1990  alphaPorosity_1990      c     0.000000E+00   0.000000E+00+0.000000E+00j     1.000000E+00          l
[2024/01/07 06:16:37]         1991  alphaPorosity_1991      c     0.000000E+00   0.000000E+00+0.000000E+00j     1.000000E+00          l
[2024/01/07 06:16:37]         1992  alphaPorosity_1992      c     0.000000E+00   0.000000E+00+0.000000E+00j     1.000000E+00          l
[2024/01/07 06:16:37]         1993  alphaPorosity_1993      c     0.000000E+00   0.000000E+00+0.000000E+00j     1.000000E+00          l
[2024/01/07 06:16:37]         1994  alphaPorosity_1994      c     0.000000E+00   0.000000E+00+0.000000E+00j     1.000000E+00          l
[2024/01/07 06:16:37]         1995  alphaPorosity_1995      c     0.000000E+00   0.000000E+00+0.000000E+00j     1.000000E+00          l
[2024/01/07 06:16:37]         1996  alphaPorosity_1996      c     0.000000E+00   0.000000E+00+0.000000E+00j     1.000000E+00          l
[2024/01/07 06:16:37]         1997  alphaPorosity_1997      c     0.000000E+00   0.000000E+00+0.000000E+00j     1.000000E+00          l
[2024/01/07 06:16:37]         1998  alphaPorosity_1998      c     0.000000E+00   0.000000E+00+0.000000E+00j     1.000000E+00          l
[2024/01/07 06:16:37]         1999  alphaPorosity_1999      c     0.000000E+00   0.000000E+00+0.000000E+00j     1.000000E+00          l
[2024/01/07 06:16:37]         2000  alphaPorosity_2000      c     0.000000E+00   0.000000E+00+0.000000E+00j     1.000000E+00          l
[2024/01/07 06:16:37]         2001  alphaPorosity_2001      c     0.000000E+00   0.000000E+00+0.000000E+00j     1.000000E+00          l
[2024/01/07 06:16:37]         2002  alphaPorosity_2002      c     0.000000E+00   0.000000E+00+0.000000E+00j     1.000000E+00          l
[2024/01/07 06:16:37]         2003  alphaPorosity_2003      c     0.000000E+00   0.000000E+00+0.000000E+00j     1.000000E+00          l
[2024/01/07 06:16:37]         2004  alphaPorosity_2004      c     0.000000E+00   0.000000E+00+0.000000E+00j     1.000000E+00          l
[2024/01/07 06:16:37]         2005  alphaPorosity_2005      c     0.000000E+00   0.000000E+00+0.000000E+00j     1.000000E+00          l
[2024/01/07 06:16:37]         2006  alphaPorosity_2006      c     0.000000E+00   0.000000E+00+0.000000E+00j     1.000000E+00          l
[2024/01/07 06:16:37]         2007  alphaPorosity_2007      c     0.000000E+00   0.000000E+00+0.000000E+00j     1.000000E+00          l
[2024/01/07 06:16:37]         2008  alphaPorosity_2008      c     0.000000E+00   0.000000E+00+0.000000E+00j     1.000000E+00          l
[2024/01/07 06:16:37]         2009  alphaPorosity_2009      c     0.000000E+00   0.000000E+00+0.000000E+00j     1.000000E+00          l
[2024/01/07 06:16:37]         2010  alphaPorosity_2010      c     0.000000E+00   0.000000E+00+0.000000E+00j     1.000000E+00          l
[2024/01/07 06:16:37]         2011  alphaPorosity_2011      c     0.000000E+00   0.000000E+00+0.000000E+00j     1.000000E+00          l
[2024/01/07 06:16:37]         2012  alphaPorosity_2012      c     0.000000E+00   0.000000E+00+0.000000E+00j     1.000000E+00          l
[2024/01/07 06:16:37]         2013  alphaPorosity_2013      c     0.000000E+00   0.000000E+00+0.000000E+00j     1.000000E+00          l
[2024/01/07 06:16:37]         2014  alphaPorosity_2014      c     0.000000E+00   0.000000E+00+0.000000E+00j     1.000000E+00          l
[2024/01/07 06:16:37]         2015  alphaPorosity_2015      c     0.000000E+00   0.000000E+00+0.000000E+00j     1.000000E+00          l
[2024/01/07 06:16:37]         2016  alphaPorosity_2016      c     0.000000E+00   0.000000E+00+0.000000E+00j     1.000000E+00          l
[2024/01/07 06:16:37]         2017  alphaPorosity_2017      c     0.000000E+00   0.000000E+00+0.000000E+00j     1.000000E+00          l
[2024/01/07 06:16:37]         2018  alphaPorosity_2018      c     0.000000E+00   0.000000E+00+0.000000E+00j     1.000000E+00          l
[2024/01/07 06:16:37]         2019  alphaPorosity_2019      c     0.000000E+00   0.000000E+00+0.000000E+00j     1.000000E+00          l
[2024/01/07 06:16:37]         2020  alphaPorosity_2020      c     0.000000E+00   0.000000E+00+0.000000E+00j     1.000000E+00          l
[2024/01/07 06:16:37]         2021  alphaPorosity_2021      c     0.000000E+00   0.000000E+00+0.000000E+00j     1.000000E+00          l
[2024/01/07 06:16:37]         2022  alphaPorosity_2022      c     0.000000E+00   0.000000E+00+0.000000E+00j     1.000000E+00          l
[2024/01/07 06:16:37]         2023  alphaPorosity_2023      c     0.000000E+00   0.000000E+00+0.000000E+00j     1.000000E+00          l
[2024/01/07 06:16:37]         2024  alphaPorosity_2024      c     0.000000E+00   0.000000E+00+0.000000E+00j     1.000000E+00          l
[2024/01/07 06:16:37]         2025  alphaPorosity_2025      c     0.000000E+00   0.000000E+00+0.000000E+00j     1.000000E+00          l
[2024/01/07 06:16:37]         2026  alphaPorosity_2026      c     0.000000E+00   0.000000E+00+0.000000E+00j     1.000000E+00          l
[2024/01/07 06:16:37]         2027  alphaPorosity_2027      c     0.000000E+00   0.000000E+00+0.000000E+00j     1.000000E+00          l
[2024/01/07 06:16:37]         2028  alphaPorosity_2028      c     0.000000E+00   0.000000E+00+0.000000E+00j     1.000000E+00          l
[2024/01/07 06:16:37]         2029  alphaPorosity_2029      c     0.000000E+00   0.000000E+00+0.000000E+00j     1.000000E+00          l
[2024/01/07 06:16:37]         2030  alphaPorosity_2030      c     0.000000E+00   0.000000E+00+0.000000E+00j     1.000000E+00          l
[2024/01/07 06:16:37]         2031  alphaPorosity_2031      c     0.000000E+00   0.000000E+00+0.000000E+00j     1.000000E+00          l
[2024/01/07 06:16:37]         2032  alphaPorosity_2032      c     0.000000E+00   0.000000E+00+0.000000E+00j     1.000000E+00          l
[2024/01/07 06:16:37]         2033  alphaPorosity_2033      c     0.000000E+00   0.000000E+00+0.000000E+00j     1.000000E+00          l
[2024/01/07 06:16:37]         2034  alphaPorosity_2034      c     0.000000E+00   0.000000E+00+0.000000E+00j     1.000000E+00          l
[2024/01/07 06:16:37]         2035  alphaPorosity_2035      c     0.000000E+00   0.000000E+00+0.000000E+00j     1.000000E+00          l
[2024/01/07 06:16:37]         2036  alphaPorosity_2036      c     0.000000E+00   0.000000E+00+0.000000E+00j     1.000000E+00          l
[2024/01/07 06:16:37]         2037  alphaPorosity_2037      c     0.000000E+00   0.000000E+00+0.000000E+00j     1.000000E+00          l
[2024/01/07 06:16:37]         2038  alphaPorosity_2038      c     0.000000E+00   0.000000E+00+0.000000E+00j     1.000000E+00          l
[2024/01/07 06:16:37]         2039  alphaPorosity_2039      c     0.000000E+00   0.000000E+00+0.000000E+00j     1.000000E+00          l
[2024/01/07 06:16:37]         2040  alphaPorosity_2040      c     0.000000E+00   0.000000E+00+0.000000E+00j     1.000000E+00          l
[2024/01/07 06:16:37]         2041  alphaPorosity_2041      c     0.000000E+00   0.000000E+00+0.000000E+00j     1.000000E+00          l
[2024/01/07 06:16:37]         2042  alphaPorosity_2042      c     0.000000E+00   0.000000E+00+0.000000E+00j     1.000000E+00          l
[2024/01/07 06:16:37]         2043  alphaPorosity_2043      c     0.000000E+00   0.000000E+00+0.000000E+00j     1.000000E+00          l
[2024/01/07 06:16:37]         2044  alphaPorosity_2044      c     0.000000E+00   0.000000E+00+0.000000E+00j     1.000000E+00          l
[2024/01/07 06:16:37]         2045  alphaPorosity_2045      c     0.000000E+00   0.000000E+00+0.000000E+00j     1.000000E+00          l
[2024/01/07 06:16:37]         2046  alphaPorosity_2046      c     0.000000E+00   0.000000E+00+0.000000E+00j     1.000000E+00          l
[2024/01/07 06:16:37]         2047  alphaPorosity_2047      c     0.000000E+00   0.000000E+00+0.000000E+00j     1.000000E+00          l
[2024/01/07 06:16:37]         2048  alphaPorosity_2048      c     0.000000E+00   0.000000E+00+0.000000E+00j     1.000000E+00          l
[2024/01/07 06:16:37]         2049  alphaPorosity_2049      c     0.000000E+00   0.000000E+00+0.000000E+00j     1.000000E+00          l
[2024/01/07 06:16:37]         2050  alphaPorosity_2050      c     0.000000E+00   0.000000E+00+0.000000E+00j     1.000000E+00          l
[2024/01/07 06:16:37]         2051  alphaPorosity_2051      c     0.000000E+00   0.000000E+00+0.000000E+00j     1.000000E+00          l
[2024/01/07 06:16:37]         2052  alphaPorosity_2052      c     0.000000E+00   0.000000E+00+0.000000E+00j     1.000000E+00          l
[2024/01/07 06:16:37]         2053  alphaPorosity_2053      c     0.000000E+00   0.000000E+00+0.000000E+00j     1.000000E+00          l
[2024/01/07 06:16:37]         2054  alphaPorosity_2054      c     0.000000E+00   0.000000E+00+0.000000E+00j     1.000000E+00          l
[2024/01/07 06:16:37]         2055  alphaPorosity_2055      c     0.000000E+00   0.000000E+00+0.000000E+00j     1.000000E+00          l
[2024/01/07 06:16:37]         2056  alphaPorosity_2056      c     0.000000E+00   0.000000E+00+0.000000E+00j     1.000000E+00          l
[2024/01/07 06:16:37]         2057  alphaPorosity_2057      c     0.000000E+00   0.000000E+00+0.000000E+00j     1.000000E+00          l
[2024/01/07 06:16:37]         2058  alphaPorosity_2058      c     0.000000E+00   0.000000E+00+0.000000E+00j     1.000000E+00          l
[2024/01/07 06:16:37]         2059  alphaPorosity_2059      c     0.000000E+00   0.000000E+00+0.000000E+00j     1.000000E+00          l
[2024/01/07 06:16:37]         2060  alphaPorosity_2060      c     0.000000E+00   0.000000E+00+0.000000E+00j     1.000000E+00          l
[2024/01/07 06:16:37]         2061  alphaPorosity_2061      c     0.000000E+00   0.000000E+00+0.000000E+00j     1.000000E+00          l
[2024/01/07 06:16:37]         2062  alphaPorosity_2062      c     0.000000E+00   0.000000E+00+0.000000E+00j     1.000000E+00          l
[2024/01/07 06:16:37]         2063  alphaPorosity_2063      c     0.000000E+00   0.000000E+00+0.000000E+00j     1.000000E+00          l
[2024/01/07 06:16:37]         2064  alphaPorosity_2064      c     0.000000E+00   0.000000E+00+0.000000E+00j     1.000000E+00          l
[2024/01/07 06:16:37]         2065  alphaPorosity_2065      c     0.000000E+00   0.000000E+00+0.000000E+00j     1.000000E+00          l
[2024/01/07 06:16:37]         2066  alphaPorosity_2066      c     0.000000E+00   0.000000E+00+0.000000E+00j     1.000000E+00          l
[2024/01/07 06:16:37]         2067  alphaPorosity_2067      c     0.000000E+00   0.000000E+00+0.000000E+00j     1.000000E+00          l
[2024/01/07 06:16:37]         2068  alphaPorosity_2068      c     0.000000E+00   0.000000E+00+0.000000E+00j     1.000000E+00          l
[2024/01/07 06:16:37]         2069  alphaPorosity_2069      c     0.000000E+00   0.000000E+00+0.000000E+00j     1.000000E+00          l
[2024/01/07 06:16:37]         2070  alphaPorosity_2070      c     0.000000E+00   0.000000E+00+0.000000E+00j     1.000000E+00          l
[2024/01/07 06:16:37]         2071  alphaPorosity_2071      c     0.000000E+00   0.000000E+00+0.000000E+00j     1.000000E+00          l
[2024/01/07 06:16:37]         2072  alphaPorosity_2072      c     0.000000E+00   0.000000E+00+0.000000E+00j     1.000000E+00          l
[2024/01/07 06:16:37]         2073  alphaPorosity_2073      c     0.000000E+00   0.000000E+00+0.000000E+00j     1.000000E+00          l
[2024/01/07 06:16:37]         2074  alphaPorosity_2074      c     0.000000E+00   0.000000E+00+0.000000E+00j     1.000000E+00          l
[2024/01/07 06:16:37]         2075  alphaPorosity_2075      c     0.000000E+00   0.000000E+00+0.000000E+00j     1.000000E+00          l
[2024/01/07 06:16:37]         2076  alphaPorosity_2076      c     0.000000E+00   0.000000E+00+0.000000E+00j     1.000000E+00          l
[2024/01/07 06:16:37]         2077  alphaPorosity_2077      c     0.000000E+00   0.000000E+00+0.000000E+00j     1.000000E+00          l
[2024/01/07 06:16:37]         2078  alphaPorosity_2078      c     0.000000E+00   0.000000E+00+0.000000E+00j     1.000000E+00          l
[2024/01/07 06:16:37]         2079  alphaPorosity_2079      c     0.000000E+00   0.000000E+00+0.000000E+00j     1.000000E+00          l
[2024/01/07 06:16:37]         2080  alphaPorosity_2080      c     0.000000E+00   0.000000E+00+0.000000E+00j     1.000000E+00          l
[2024/01/07 06:16:37]         2081  alphaPorosity_2081      c     0.000000E+00   0.000000E+00+0.000000E+00j     1.000000E+00          l
[2024/01/07 06:16:37]         2082  alphaPorosity_2082      c     0.000000E+00   0.000000E+00+0.000000E+00j     1.000000E+00          l
[2024/01/07 06:16:37]         2083  alphaPorosity_2083      c     0.000000E+00   0.000000E+00+0.000000E+00j     1.000000E+00          l
[2024/01/07 06:16:37]         2084  alphaPorosity_2084      c     0.000000E+00   0.000000E+00+0.000000E+00j     1.000000E+00          l
[2024/01/07 06:16:37]         2085  alphaPorosity_2085      c     0.000000E+00   0.000000E+00+0.000000E+00j     1.000000E+00          l
[2024/01/07 06:16:37]         2086  alphaPorosity_2086      c     0.000000E+00   0.000000E+00+0.000000E+00j     1.000000E+00          l
[2024/01/07 06:16:37]         2087  alphaPorosity_2087      c     0.000000E+00   0.000000E+00+0.000000E+00j     1.000000E+00          l
[2024/01/07 06:16:37]         2088  alphaPorosity_2088      c     0.000000E+00   0.000000E+00+0.000000E+00j     1.000000E+00          l
[2024/01/07 06:16:37]         2089  alphaPorosity_2089      c     0.000000E+00   0.000000E+00+0.000000E+00j     1.000000E+00          l
[2024/01/07 06:16:37]         2090  alphaPorosity_2090      c     0.000000E+00   0.000000E+00+0.000000E+00j     1.000000E+00          l
[2024/01/07 06:16:37]         2091  alphaPorosity_2091      c     0.000000E+00   0.000000E+00+0.000000E+00j     1.000000E+00          l
[2024/01/07 06:16:37]         2092  alphaPorosity_2092      c     0.000000E+00   0.000000E+00+0.000000E+00j     1.000000E+00          l
[2024/01/07 06:16:37]         2093  alphaPorosity_2093      c     0.000000E+00   0.000000E+00+0.000000E+00j     1.000000E+00          l
[2024/01/07 06:16:37]         2094  alphaPorosity_2094      c     0.000000E+00   0.000000E+00+0.000000E+00j     1.000000E+00          l
[2024/01/07 06:16:37]         2095  alphaPorosity_2095      c     0.000000E+00   0.000000E+00+0.000000E+00j     1.000000E+00          l
[2024/01/07 06:16:37]         2096  alphaPorosity_2096      c     0.000000E+00   0.000000E+00+0.000000E+00j     1.000000E+00          l
[2024/01/07 06:16:37]         2097  alphaPorosity_2097      c     0.000000E+00   0.000000E+00+0.000000E+00j     1.000000E+00          l
[2024/01/07 06:16:37]         2098  alphaPorosity_2098      c     0.000000E+00   0.000000E+00+0.000000E+00j     1.000000E+00          l
[2024/01/07 06:16:37]         2099  alphaPorosity_2099      c     0.000000E+00   0.000000E+00+0.000000E+00j     1.000000E+00          l
[2024/01/07 06:16:37]         2100  alphaPorosity_2100      c     0.000000E+00   0.000000E+00+0.000000E+00j     1.000000E+00          l
[2024/01/07 06:16:37]         2101  alphaPorosity_2101      c     0.000000E+00   0.000000E+00+0.000000E+00j     1.000000E+00          l
[2024/01/07 06:16:37]         2102  alphaPorosity_2102      c     0.000000E+00   0.000000E+00+0.000000E+00j     1.000000E+00          l
[2024/01/07 06:16:37]         2103  alphaPorosity_2103      c     0.000000E+00   0.000000E+00+0.000000E+00j     1.000000E+00          l
[2024/01/07 06:16:37]         2104  alphaPorosity_2104      c     0.000000E+00   0.000000E+00+0.000000E+00j     1.000000E+00          l
[2024/01/07 06:16:37]         2105  alphaPorosity_2105      c     0.000000E+00   0.000000E+00+0.000000E+00j     1.000000E+00          l
[2024/01/07 06:16:37]         2106  alphaPorosity_2106      c     0.000000E+00   0.000000E+00+0.000000E+00j     1.000000E+00          l
[2024/01/07 06:16:37]         2107  alphaPorosity_2107      c     0.000000E+00   0.000000E+00+0.000000E+00j     1.000000E+00          l
[2024/01/07 06:16:37]         2108  alphaPorosity_2108      c     0.000000E+00   0.000000E+00+0.000000E+00j     1.000000E+00          l
[2024/01/07 06:16:37]         2109  alphaPorosity_2109      c     0.000000E+00   0.000000E+00+0.000000E+00j     1.000000E+00          l
[2024/01/07 06:16:37]         2110  alphaPorosity_2110      c     0.000000E+00   0.000000E+00+0.000000E+00j     1.000000E+00          l
[2024/01/07 06:16:37]         2111  alphaPorosity_2111      c     0.000000E+00   0.000000E+00+0.000000E+00j     1.000000E+00          l
[2024/01/07 06:16:37]         2112  alphaPorosity_2112      c     0.000000E+00   0.000000E+00+0.000000E+00j     1.000000E+00          l
[2024/01/07 06:16:37]         2113  alphaPorosity_2113      c     0.000000E+00   0.000000E+00+0.000000E+00j     1.000000E+00          l
[2024/01/07 06:16:37]         2114  alphaPorosity_2114      c     0.000000E+00   0.000000E+00+0.000000E+00j     1.000000E+00          l
[2024/01/07 06:16:37]         2115  alphaPorosity_2115      c     0.000000E+00   0.000000E+00+0.000000E+00j     1.000000E+00          l
[2024/01/07 06:16:37]         2116  alphaPorosity_2116      c     0.000000E+00   0.000000E+00+0.000000E+00j     1.000000E+00          l
[2024/01/07 06:16:37]         2117  alphaPorosity_2117      c     0.000000E+00   0.000000E+00+0.000000E+00j     1.000000E+00          l
[2024/01/07 06:16:37]         2118  alphaPorosity_2118      c     0.000000E+00   0.000000E+00+0.000000E+00j     1.000000E+00          l
[2024/01/07 06:16:37]         2119  alphaPorosity_2119      c     0.000000E+00   0.000000E+00+0.000000E+00j     1.000000E+00          l
[2024/01/07 06:16:37]         2120  alphaPorosity_2120      c     0.000000E+00   0.000000E+00+0.000000E+00j     1.000000E+00          l
[2024/01/07 06:16:37]         2121  alphaPorosity_2121      c     0.000000E+00   0.000000E+00+0.000000E+00j     1.000000E+00          l
[2024/01/07 06:16:37]         2122  alphaPorosity_2122      c     0.000000E+00   0.000000E+00+0.000000E+00j     1.000000E+00          l
[2024/01/07 06:16:37]         2123  alphaPorosity_2123      c     0.000000E+00   0.000000E+00+0.000000E+00j     1.000000E+00          l
[2024/01/07 06:16:37]         2124  alphaPorosity_2124      c     0.000000E+00   0.000000E+00+0.000000E+00j     1.000000E+00          l
[2024/01/07 06:16:37]         2125  alphaPorosity_2125      c     0.000000E+00   0.000000E+00+0.000000E+00j     1.000000E+00          l
[2024/01/07 06:16:37]         2126  alphaPorosity_2126      c     0.000000E+00   0.000000E+00+0.000000E+00j     1.000000E+00          l
[2024/01/07 06:16:37]         2127  alphaPorosity_2127      c     0.000000E+00   0.000000E+00+0.000000E+00j     1.000000E+00          l
[2024/01/07 06:16:37]         2128  alphaPorosity_2128      c     0.000000E+00   0.000000E+00+0.000000E+00j     1.000000E+00          l
[2024/01/07 06:16:37]         2129  alphaPorosity_2129      c     0.000000E+00   0.000000E+00+0.000000E+00j     1.000000E+00          l
[2024/01/07 06:16:37]         2130  alphaPorosity_2130      c     0.000000E+00   0.000000E+00+0.000000E+00j     1.000000E+00          l
[2024/01/07 06:16:37]         2131  alphaPorosity_2131      c     0.000000E+00   0.000000E+00+0.000000E+00j     1.000000E+00          l
[2024/01/07 06:16:37]         2132  alphaPorosity_2132      c     0.000000E+00   0.000000E+00+0.000000E+00j     1.000000E+00          l
[2024/01/07 06:16:37]         2133  alphaPorosity_2133      c     0.000000E+00   0.000000E+00+0.000000E+00j     1.000000E+00          l
[2024/01/07 06:16:37]         2134  alphaPorosity_2134      c     0.000000E+00   0.000000E+00+0.000000E+00j     1.000000E+00          l
[2024/01/07 06:16:37]         2135  alphaPorosity_2135      c     0.000000E+00   0.000000E+00+0.000000E+00j     1.000000E+00          l
[2024/01/07 06:16:37]         2136  alphaPorosity_2136      c     0.000000E+00   0.000000E+00+0.000000E+00j     1.000000E+00          l
[2024/01/07 06:16:37]         2137  alphaPorosity_2137      c     0.000000E+00   0.000000E+00+0.000000E+00j     1.000000E+00          l
[2024/01/07 06:16:37]         2138  alphaPorosity_2138      c     0.000000E+00   0.000000E+00+0.000000E+00j     1.000000E+00          l
[2024/01/07 06:16:37]         2139  alphaPorosity_2139      c     0.000000E+00   0.000000E+00+0.000000E+00j     1.000000E+00          l
[2024/01/07 06:16:37]         2140  alphaPorosity_2140      c     0.000000E+00   0.000000E+00+0.000000E+00j     1.000000E+00          l
[2024/01/07 06:16:37]         2141  alphaPorosity_2141      c     0.000000E+00   0.000000E+00+0.000000E+00j     1.000000E+00          l
[2024/01/07 06:16:37]         2142  alphaPorosity_2142      c     0.000000E+00   0.000000E+00+0.000000E+00j     1.000000E+00          l
[2024/01/07 06:16:37]         2143  alphaPorosity_2143      c     0.000000E+00   0.000000E+00+0.000000E+00j     1.000000E+00          l
[2024/01/07 06:16:37]         2144  alphaPorosity_2144      c     0.000000E+00   0.000000E+00+0.000000E+00j     1.000000E+00          l
[2024/01/07 06:16:37]         2145  alphaPorosity_2145      c     0.000000E+00   0.000000E+00+0.000000E+00j     1.000000E+00          l
[2024/01/07 06:16:37]         2146  alphaPorosity_2146      c     0.000000E+00   0.000000E+00+0.000000E+00j     1.000000E+00          l
[2024/01/07 06:16:37]         2147  alphaPorosity_2147      c     0.000000E+00   0.000000E+00+0.000000E+00j     1.000000E+00          l
[2024/01/07 06:16:37]         2148  alphaPorosity_2148      c     0.000000E+00   0.000000E+00+0.000000E+00j     1.000000E+00          l
[2024/01/07 06:16:37]         2149  alphaPorosity_2149      c     0.000000E+00   0.000000E+00+0.000000E+00j     1.000000E+00          l
[2024/01/07 06:16:37]         2150  alphaPorosity_2150      c     0.000000E+00   0.000000E+00+0.000000E+00j     1.000000E+00          l
[2024/01/07 06:16:37]         2151  alphaPorosity_2151      c     0.000000E+00   0.000000E+00+0.000000E+00j     1.000000E+00          l
[2024/01/07 06:16:37]         2152  alphaPorosity_2152      c     0.000000E+00   0.000000E+00+0.000000E+00j     1.000000E+00          l
[2024/01/07 06:16:37]         2153  alphaPorosity_2153      c     0.000000E+00   0.000000E+00+0.000000E+00j     1.000000E+00          l
[2024/01/07 06:16:37]         2154  alphaPorosity_2154      c     0.000000E+00   0.000000E+00+0.000000E+00j     1.000000E+00          l
[2024/01/07 06:16:37]         2155  alphaPorosity_2155      c     0.000000E+00   0.000000E+00+0.000000E+00j     1.000000E+00          l
[2024/01/07 06:16:37]         2156  alphaPorosity_2156      c     0.000000E+00   0.000000E+00+0.000000E+00j     1.000000E+00          l
[2024/01/07 06:16:37]         2157  alphaPorosity_2157      c     0.000000E+00   0.000000E+00+0.000000E+00j     1.000000E+00          l
[2024/01/07 06:16:37]         2158  alphaPorosity_2158      c     0.000000E+00   0.000000E+00+0.000000E+00j     1.000000E+00          l
[2024/01/07 06:16:37]         2159  alphaPorosity_2159      c     0.000000E+00   0.000000E+00+0.000000E+00j     1.000000E+00          l
[2024/01/07 06:16:37]         2160  alphaPorosity_2160      c     0.000000E+00   0.000000E+00+0.000000E+00j     1.000000E+00          l
[2024/01/07 06:16:37]         2161  alphaPorosity_2161      c     0.000000E+00   0.000000E+00+0.000000E+00j     1.000000E+00          l
[2024/01/07 06:16:37]         2162  alphaPorosity_2162      c     0.000000E+00   0.000000E+00+0.000000E+00j     1.000000E+00          l
[2024/01/07 06:16:37]         2163  alphaPorosity_2163      c     0.000000E+00   0.000000E+00+0.000000E+00j     1.000000E+00          l
[2024/01/07 06:16:37]         2164  alphaPorosity_2164      c     0.000000E+00   0.000000E+00+0.000000E+00j     1.000000E+00          l
[2024/01/07 06:16:37]         2165  alphaPorosity_2165      c     0.000000E+00   0.000000E+00+0.000000E+00j     1.000000E+00          l
[2024/01/07 06:16:37]         2166  alphaPorosity_2166      c     0.000000E+00   0.000000E+00+0.000000E+00j     1.000000E+00          l
[2024/01/07 06:16:37]         2167  alphaPorosity_2167      c     0.000000E+00   0.000000E+00+0.000000E+00j     1.000000E+00          l
[2024/01/07 06:16:37]         2168  alphaPorosity_2168      c     0.000000E+00   0.000000E+00+0.000000E+00j     1.000000E+00          l
[2024/01/07 06:16:37]         2169  alphaPorosity_2169      c     0.000000E+00   0.000000E+00+0.000000E+00j     1.000000E+00          l
[2024/01/07 06:16:37]         2170  alphaPorosity_2170      c     0.000000E+00   0.000000E+00+0.000000E+00j     1.000000E+00          l
[2024/01/07 06:16:37]         2171  alphaPorosity_2171      c     0.000000E+00   0.000000E+00+0.000000E+00j     1.000000E+00          l
[2024/01/07 06:16:37]         2172  alphaPorosity_2172      c     0.000000E+00   0.000000E+00+0.000000E+00j     1.000000E+00          l
[2024/01/07 06:16:37]         2173  alphaPorosity_2173      c     0.000000E+00   0.000000E+00+0.000000E+00j     1.000000E+00          l
[2024/01/07 06:16:37]         2174  alphaPorosity_2174      c     0.000000E+00   0.000000E+00+0.000000E+00j     1.000000E+00          l
[2024/01/07 06:16:37]         2175  alphaPorosity_2175      c     0.000000E+00   0.000000E+00+0.000000E+00j     1.000000E+00          l
[2024/01/07 06:16:37]         2176  alphaPorosity_2176      c     0.000000E+00   0.000000E+00+0.000000E+00j     1.000000E+00          l
[2024/01/07 06:16:37]         2177  alphaPorosity_2177      c     0.000000E+00   0.000000E+00+0.000000E+00j     1.000000E+00          l
[2024/01/07 06:16:37]         2178  alphaPorosity_2178      c     0.000000E+00   0.000000E+00+0.000000E+00j     1.000000E+00          l
[2024/01/07 06:16:37]         2179  alphaPorosity_2179      c     0.000000E+00   0.000000E+00+0.000000E+00j     1.000000E+00          l
[2024/01/07 06:16:37]         2180  alphaPorosity_2180      c     0.000000E+00   0.000000E+00+0.000000E+00j     1.000000E+00          l
[2024/01/07 06:16:37]         2181  alphaPorosity_2181      c     0.000000E+00   0.000000E+00+0.000000E+00j     1.000000E+00          l
[2024/01/07 06:16:37]         2182  alphaPorosity_2182      c     0.000000E+00   0.000000E+00+0.000000E+00j     1.000000E+00          l
[2024/01/07 06:16:37]         2183  alphaPorosity_2183      c     0.000000E+00   0.000000E+00+0.000000E+00j     1.000000E+00          l
[2024/01/07 06:16:37]         2184  alphaPorosity_2184      c     0.000000E+00   0.000000E+00+0.000000E+00j     1.000000E+00          l
[2024/01/07 06:16:37]         2185  alphaPorosity_2185      c     0.000000E+00   0.000000E+00+0.000000E+00j     1.000000E+00          l
[2024/01/07 06:16:37]         2186  alphaPorosity_2186      c     0.000000E+00   0.000000E+00+0.000000E+00j     1.000000E+00          l
[2024/01/07 06:16:37]         2187  alphaPorosity_2187      c     0.000000E+00   0.000000E+00+0.000000E+00j     1.000000E+00          l
[2024/01/07 06:16:37]         2188  alphaPorosity_2188      c     0.000000E+00   0.000000E+00+0.000000E+00j     1.000000E+00          l
[2024/01/07 06:16:37]         2189  alphaPorosity_2189      c     0.000000E+00   0.000000E+00+0.000000E+00j     1.000000E+00          l
[2024/01/07 06:16:37]         2190  alphaPorosity_2190      c     0.000000E+00   0.000000E+00+0.000000E+00j     1.000000E+00          l
[2024/01/07 06:16:37]         2191  alphaPorosity_2191      c     0.000000E+00   0.000000E+00+0.000000E+00j     1.000000E+00          l
[2024/01/07 06:16:37]         2192  alphaPorosity_2192      c     0.000000E+00   0.000000E+00+0.000000E+00j     1.000000E+00          l
[2024/01/07 06:16:37]         2193  alphaPorosity_2193      c     0.000000E+00   0.000000E+00+0.000000E+00j     1.000000E+00          l
[2024/01/07 06:16:37]         2194  alphaPorosity_2194      c     0.000000E+00   0.000000E+00+0.000000E+00j     1.000000E+00          l
[2024/01/07 06:16:37]         2195  alphaPorosity_2195      c     0.000000E+00   0.000000E+00+0.000000E+00j     1.000000E+00          l
[2024/01/07 06:16:37]         2196  alphaPorosity_2196      c     0.000000E+00   0.000000E+00+0.000000E+00j     1.000000E+00          l
[2024/01/07 06:16:37]         2197  alphaPorosity_2197      c     0.000000E+00   0.000000E+00+0.000000E+00j     1.000000E+00          l
[2024/01/07 06:16:37]         2198  alphaPorosity_2198      c     0.000000E+00   0.000000E+00+0.000000E+00j     1.000000E+00          l
[2024/01/07 06:16:37]         2199  alphaPorosity_2199      c     0.000000E+00   0.000000E+00+0.000000E+00j     1.000000E+00          l
[2024/01/07 06:16:37]         2200  alphaPorosity_2200      c     0.000000E+00   0.000000E+00+0.000000E+00j     1.000000E+00          l
[2024/01/07 06:16:37]         2201  alphaPorosity_2201      c     0.000000E+00   0.000000E+00+0.000000E+00j     1.000000E+00          l
[2024/01/07 06:16:37]         2202  alphaPorosity_2202      c     0.000000E+00   0.000000E+00+0.000000E+00j     1.000000E+00          l
[2024/01/07 06:16:37]         2203  alphaPorosity_2203      c     0.000000E+00   0.000000E+00+0.000000E+00j     1.000000E+00          l
[2024/01/07 06:16:37]         2204  alphaPorosity_2204      c     0.000000E+00   0.000000E+00+0.000000E+00j     1.000000E+00          l
[2024/01/07 06:16:37]         2205  alphaPorosity_2205      c     0.000000E+00   0.000000E+00+0.000000E+00j     1.000000E+00          l
[2024/01/07 06:16:37]         2206  alphaPorosity_2206      c     0.000000E+00   0.000000E+00+0.000000E+00j     1.000000E+00          l
[2024/01/07 06:16:37]         2207  alphaPorosity_2207      c     0.000000E+00   0.000000E+00+0.000000E+00j     1.000000E+00          l
[2024/01/07 06:16:37]         2208  alphaPorosity_2208      c     0.000000E+00   0.000000E+00+0.000000E+00j     1.000000E+00          l
[2024/01/07 06:16:37]         2209  alphaPorosity_2209      c     0.000000E+00   0.000000E+00+0.000000E+00j     1.000000E+00          l
[2024/01/07 06:16:37]         2210  alphaPorosity_2210      c     0.000000E+00   0.000000E+00+0.000000E+00j     1.000000E+00          l
[2024/01/07 06:16:37]         2211  alphaPorosity_2211      c     0.000000E+00   0.000000E+00+0.000000E+00j     1.000000E+00          l
[2024/01/07 06:16:37]         2212  alphaPorosity_2212      c     0.000000E+00   0.000000E+00+0.000000E+00j     1.000000E+00          l
[2024/01/07 06:16:37]         2213  alphaPorosity_2213      c     0.000000E+00   0.000000E+00+0.000000E+00j     1.000000E+00          l
[2024/01/07 06:16:37]         2214  alphaPorosity_2214      c     0.000000E+00   0.000000E+00+0.000000E+00j     1.000000E+00          l
[2024/01/07 06:16:37]         2215  alphaPorosity_2215      c     0.000000E+00   0.000000E+00+0.000000E+00j     1.000000E+00          l
[2024/01/07 06:16:37]         2216  alphaPorosity_2216      c     0.000000E+00   0.000000E+00+0.000000E+00j     1.000000E+00          l
[2024/01/07 06:16:37]         2217  alphaPorosity_2217      c     0.000000E+00   0.000000E+00+0.000000E+00j     1.000000E+00          l
[2024/01/07 06:16:37]         2218  alphaPorosity_2218      c     0.000000E+00   0.000000E+00+0.000000E+00j     1.000000E+00          l
[2024/01/07 06:16:37]         2219  alphaPorosity_2219      c     0.000000E+00   0.000000E+00+0.000000E+00j     1.000000E+00          l
[2024/01/07 06:16:37]         2220  alphaPorosity_2220      c     0.000000E+00   0.000000E+00+0.000000E+00j     1.000000E+00          l
[2024/01/07 06:16:37]         2221  alphaPorosity_2221      c     0.000000E+00   0.000000E+00+0.000000E+00j     1.000000E+00          l
[2024/01/07 06:16:37]         2222  alphaPorosity_2222      c     0.000000E+00   0.000000E+00+0.000000E+00j     1.000000E+00          l
[2024/01/07 06:16:37]         2223  alphaPorosity_2223      c     0.000000E+00   0.000000E+00+0.000000E+00j     1.000000E+00          l
[2024/01/07 06:16:37]         2224  alphaPorosity_2224      c     0.000000E+00   0.000000E+00+0.000000E+00j     1.000000E+00          l
[2024/01/07 06:16:37]         2225  alphaPorosity_2225      c     0.000000E+00   0.000000E+00+0.000000E+00j     1.000000E+00          l
[2024/01/07 06:16:37]         2226  alphaPorosity_2226      c     0.000000E+00   0.000000E+00+0.000000E+00j     1.000000E+00          l
[2024/01/07 06:16:37]         2227  alphaPorosity_2227      c     0.000000E+00   0.000000E+00+0.000000E+00j     1.000000E+00          l
[2024/01/07 06:16:37]         2228  alphaPorosity_2228      c     0.000000E+00   0.000000E+00+0.000000E+00j     1.000000E+00          l
[2024/01/07 06:16:37]         2229  alphaPorosity_2229      c     0.000000E+00   0.000000E+00+0.000000E+00j     1.000000E+00          l
[2024/01/07 06:16:37]         2230  alphaPorosity_2230      c     0.000000E+00   0.000000E+00+0.000000E+00j     1.000000E+00          l
[2024/01/07 06:16:37]         2231  alphaPorosity_2231      c     0.000000E+00   0.000000E+00+0.000000E+00j     1.000000E+00          l
[2024/01/07 06:16:37]         2232  alphaPorosity_2232      c     0.000000E+00   0.000000E+00+0.000000E+00j     1.000000E+00          l
[2024/01/07 06:16:37]         2233  alphaPorosity_2233      c     0.000000E+00   0.000000E+00+0.000000E+00j     1.000000E+00          l
[2024/01/07 06:16:37]         2234  alphaPorosity_2234      c     0.000000E+00   0.000000E+00+0.000000E+00j     1.000000E+00          l
[2024/01/07 06:16:37]         2235  alphaPorosity_2235      c     0.000000E+00   0.000000E+00+0.000000E+00j     1.000000E+00          l
[2024/01/07 06:16:37]         2236  alphaPorosity_2236      c     0.000000E+00   0.000000E+00+0.000000E+00j     1.000000E+00          l
[2024/01/07 06:16:37]         2237  alphaPorosity_2237      c     0.000000E+00   0.000000E+00+0.000000E+00j     1.000000E+00          l
[2024/01/07 06:16:37]         2238  alphaPorosity_2238      c     0.000000E+00   0.000000E+00+0.000000E+00j     1.000000E+00          l
[2024/01/07 06:16:37]         2239  alphaPorosity_2239      c     0.000000E+00   0.000000E+00+0.000000E+00j     1.000000E+00          l
[2024/01/07 06:16:37]         2240  alphaPorosity_2240      c     0.000000E+00   0.000000E+00+0.000000E+00j     1.000000E+00          l
[2024/01/07 06:16:37]         2241  alphaPorosity_2241      c     0.000000E+00   0.000000E+00+0.000000E+00j     1.000000E+00          l
[2024/01/07 06:16:37]         2242  alphaPorosity_2242      c     0.000000E+00   0.000000E+00+0.000000E+00j     1.000000E+00          l
[2024/01/07 06:16:37]         2243  alphaPorosity_2243      c     0.000000E+00   0.000000E+00+0.000000E+00j     1.000000E+00          l
[2024/01/07 06:16:37]         2244  alphaPorosity_2244      c     0.000000E+00   0.000000E+00+0.000000E+00j     1.000000E+00          l
[2024/01/07 06:16:37]         2245  alphaPorosity_2245      c     0.000000E+00   0.000000E+00+0.000000E+00j     1.000000E+00          l
[2024/01/07 06:16:37]         2246  alphaPorosity_2246      c     0.000000E+00   0.000000E+00+0.000000E+00j     1.000000E+00          l
[2024/01/07 06:16:37]         2247  alphaPorosity_2247      c     0.000000E+00   0.000000E+00+0.000000E+00j     1.000000E+00          l
[2024/01/07 06:16:37]         2248  alphaPorosity_2248      c     0.000000E+00   0.000000E+00+0.000000E+00j     1.000000E+00          l
[2024/01/07 06:16:37]         2249  alphaPorosity_2249      c     0.000000E+00   0.000000E+00+0.000000E+00j     1.000000E+00          l
[2024/01/07 06:16:37]         2250  alphaPorosity_2250      c     0.000000E+00   0.000000E+00+0.000000E+00j     1.000000E+00          l
[2024/01/07 06:16:37]         2251  alphaPorosity_2251      c     0.000000E+00   0.000000E+00+0.000000E+00j     1.000000E+00          l
[2024/01/07 06:16:37]         2252  alphaPorosity_2252      c     0.000000E+00   0.000000E+00+0.000000E+00j     1.000000E+00          l
[2024/01/07 06:16:37]         2253  alphaPorosity_2253      c     0.000000E+00   0.000000E+00+0.000000E+00j     1.000000E+00          l
[2024/01/07 06:16:37]         2254  alphaPorosity_2254      c     0.000000E+00   0.000000E+00+0.000000E+00j     1.000000E+00          l
[2024/01/07 06:16:37]         2255  alphaPorosity_2255      c     0.000000E+00   0.000000E+00+0.000000E+00j     1.000000E+00          l
[2024/01/07 06:16:37]         2256  alphaPorosity_2256      c     0.000000E+00   0.000000E+00+0.000000E+00j     1.000000E+00          l
[2024/01/07 06:16:37]         2257  alphaPorosity_2257      c     0.000000E+00   0.000000E+00+0.000000E+00j     1.000000E+00          l
[2024/01/07 06:16:37]         2258  alphaPorosity_2258      c     0.000000E+00   0.000000E+00+0.000000E+00j     1.000000E+00          l
[2024/01/07 06:16:37]         2259  alphaPorosity_2259      c     0.000000E+00   0.000000E+00+0.000000E+00j     1.000000E+00          l
[2024/01/07 06:16:37]         2260  alphaPorosity_2260      c     0.000000E+00   0.000000E+00+0.000000E+00j     1.000000E+00          l
[2024/01/07 06:16:37]         2261  alphaPorosity_2261      c     0.000000E+00   0.000000E+00+0.000000E+00j     1.000000E+00          l
[2024/01/07 06:16:37]         2262  alphaPorosity_2262      c     0.000000E+00   0.000000E+00+0.000000E+00j     1.000000E+00          l
[2024/01/07 06:16:37]         2263  alphaPorosity_2263      c     0.000000E+00   0.000000E+00+0.000000E+00j     1.000000E+00          l
[2024/01/07 06:16:37]         2264  alphaPorosity_2264      c     0.000000E+00   0.000000E+00+0.000000E+00j     1.000000E+00          l
[2024/01/07 06:16:37]         2265  alphaPorosity_2265      c     0.000000E+00   0.000000E+00+0.000000E+00j     1.000000E+00          l
[2024/01/07 06:16:37]         2266  alphaPorosity_2266      c     0.000000E+00   0.000000E+00+0.000000E+00j     1.000000E+00          l
[2024/01/07 06:16:37]         2267  alphaPorosity_2267      c     0.000000E+00   0.000000E+00+0.000000E+00j     1.000000E+00          l
[2024/01/07 06:16:37]         2268  alphaPorosity_2268      c     0.000000E+00   0.000000E+00+0.000000E+00j     1.000000E+00          l
[2024/01/07 06:16:37]         2269  alphaPorosity_2269      c     0.000000E+00   0.000000E+00+0.000000E+00j     1.000000E+00          l
[2024/01/07 06:16:37]         2270  alphaPorosity_2270      c     0.000000E+00   0.000000E+00+0.000000E+00j     1.000000E+00          l
[2024/01/07 06:16:37]         2271  alphaPorosity_2271      c     0.000000E+00   0.000000E+00+0.000000E+00j     1.000000E+00          l
[2024/01/07 06:16:37]         2272  alphaPorosity_2272      c     0.000000E+00   0.000000E+00+0.000000E+00j     1.000000E+00          l
[2024/01/07 06:16:37]         2273  alphaPorosity_2273      c     0.000000E+00   0.000000E+00+0.000000E+00j     1.000000E+00          l
[2024/01/07 06:16:37]         2274  alphaPorosity_2274      c     0.000000E+00   0.000000E+00+0.000000E+00j     1.000000E+00          l
[2024/01/07 06:16:37]         2275  alphaPorosity_2275      c     0.000000E+00   0.000000E+00+0.000000E+00j     1.000000E+00          l
[2024/01/07 06:16:37]         2276  alphaPorosity_2276      c     0.000000E+00   0.000000E+00+0.000000E+00j     1.000000E+00          l
[2024/01/07 06:16:37]         2277  alphaPorosity_2277      c     0.000000E+00   0.000000E+00+0.000000E+00j     1.000000E+00          l
[2024/01/07 06:16:37]         2278  alphaPorosity_2278      c     0.000000E+00   0.000000E+00+0.000000E+00j     1.000000E+00          l
[2024/01/07 06:16:37]         2279  alphaPorosity_2279      c     0.000000E+00   0.000000E+00+0.000000E+00j     1.000000E+00          l
[2024/01/07 06:16:37]         2280  alphaPorosity_2280      c     0.000000E+00   0.000000E+00+0.000000E+00j     1.000000E+00          l
[2024/01/07 06:16:37]         2281  alphaPorosity_2281      c     0.000000E+00   0.000000E+00+0.000000E+00j     1.000000E+00          l
[2024/01/07 06:16:37]         2282  alphaPorosity_2282      c     0.000000E+00   0.000000E+00+0.000000E+00j     1.000000E+00          l
[2024/01/07 06:16:37]         2283  alphaPorosity_2283      c     0.000000E+00   0.000000E+00+0.000000E+00j     1.000000E+00          l
[2024/01/07 06:16:37]         2284  alphaPorosity_2284      c     0.000000E+00   0.000000E+00+0.000000E+00j     1.000000E+00          l
[2024/01/07 06:16:37]         2285  alphaPorosity_2285      c     0.000000E+00   0.000000E+00+0.000000E+00j     1.000000E+00          l
[2024/01/07 06:16:37]         2286  alphaPorosity_2286      c     0.000000E+00   0.000000E+00+0.000000E+00j     1.000000E+00          l
[2024/01/07 06:16:37]         2287  alphaPorosity_2287      c     0.000000E+00   0.000000E+00+0.000000E+00j     1.000000E+00          l
[2024/01/07 06:16:37]         2288  alphaPorosity_2288      c     0.000000E+00   0.000000E+00+0.000000E+00j     1.000000E+00          l
[2024/01/07 06:16:37]         2289  alphaPorosity_2289      c     0.000000E+00   0.000000E+00+0.000000E+00j     1.000000E+00          l
[2024/01/07 06:16:37]         2290  alphaPorosity_2290      c     0.000000E+00   0.000000E+00+0.000000E+00j     1.000000E+00          l
[2024/01/07 06:16:37]         2291  alphaPorosity_2291      c     0.000000E+00   0.000000E+00+0.000000E+00j     1.000000E+00          l
[2024/01/07 06:16:37]         2292  alphaPorosity_2292      c     0.000000E+00   0.000000E+00+0.000000E+00j     1.000000E+00          l
[2024/01/07 06:16:37]         2293  alphaPorosity_2293      c     0.000000E+00   0.000000E+00+0.000000E+00j     1.000000E+00          l
[2024/01/07 06:16:37]         2294  alphaPorosity_2294      c     0.000000E+00   0.000000E+00+0.000000E+00j     1.000000E+00          l
[2024/01/07 06:16:37]         2295  alphaPorosity_2295      c     0.000000E+00   0.000000E+00+0.000000E+00j     1.000000E+00          l
[2024/01/07 06:16:37]         2296  alphaPorosity_2296      c     0.000000E+00   0.000000E+00+0.000000E+00j     1.000000E+00          l
[2024/01/07 06:16:37]         2297  alphaPorosity_2297      c     0.000000E+00   0.000000E+00+0.000000E+00j     1.000000E+00          l
[2024/01/07 06:16:37]         2298  alphaPorosity_2298      c     0.000000E+00   0.000000E+00+0.000000E+00j     1.000000E+00          l
[2024/01/07 06:16:37]         2299  alphaPorosity_2299      c     0.000000E+00   0.000000E+00+0.000000E+00j     1.000000E+00          l
[2024/01/07 06:16:37]         2300  alphaPorosity_2300      c     0.000000E+00   0.000000E+00+0.000000E+00j     1.000000E+00          l
[2024/01/07 06:16:37]         2301  alphaPorosity_2301      c     0.000000E+00   0.000000E+00+0.000000E+00j     1.000000E+00          l
[2024/01/07 06:16:37]         2302  alphaPorosity_2302      c     0.000000E+00   0.000000E+00+0.000000E+00j     1.000000E+00          l
[2024/01/07 06:16:37]         2303  alphaPorosity_2303      c     0.000000E+00   0.000000E+00+0.000000E+00j     1.000000E+00          l
[2024/01/07 06:16:37]         2304  alphaPorosity_2304      c     0.000000E+00   0.000000E+00+0.000000E+00j     1.000000E+00          l
[2024/01/07 06:16:37]         2305  alphaPorosity_2305      c     0.000000E+00   0.000000E+00+0.000000E+00j     1.000000E+00          l
[2024/01/07 06:16:37]         2306  alphaPorosity_2306      c     0.000000E+00   0.000000E+00+0.000000E+00j     1.000000E+00          l
[2024/01/07 06:16:37]         2307  alphaPorosity_2307      c     0.000000E+00   0.000000E+00+0.000000E+00j     1.000000E+00          l
[2024/01/07 06:16:37]         2308  alphaPorosity_2308      c     0.000000E+00   0.000000E+00+0.000000E+00j     1.000000E+00          l
[2024/01/07 06:16:37]         2309  alphaPorosity_2309      c     0.000000E+00   0.000000E+00+0.000000E+00j     1.000000E+00          l
[2024/01/07 06:16:37]         2310  alphaPorosity_2310      c     0.000000E+00   0.000000E+00+0.000000E+00j     1.000000E+00          l
[2024/01/07 06:16:37]         2311  alphaPorosity_2311      c     0.000000E+00   0.000000E+00+0.000000E+00j     1.000000E+00          l
[2024/01/07 06:16:37]         2312  alphaPorosity_2312      c     0.000000E+00   0.000000E+00+0.000000E+00j     1.000000E+00          l
[2024/01/07 06:16:37]         2313  alphaPorosity_2313      c     0.000000E+00   0.000000E+00+0.000000E+00j     1.000000E+00          l
[2024/01/07 06:16:37]         2314  alphaPorosity_2314      c     0.000000E+00   0.000000E+00+0.000000E+00j     1.000000E+00          l
[2024/01/07 06:16:37]         2315  alphaPorosity_2315      c     0.000000E+00   0.000000E+00+0.000000E+00j     1.000000E+00          l
[2024/01/07 06:16:37]         2316  alphaPorosity_2316      c     0.000000E+00   0.000000E+00+0.000000E+00j     1.000000E+00          l
[2024/01/07 06:16:37]         2317  alphaPorosity_2317      c     0.000000E+00   0.000000E+00+0.000000E+00j     1.000000E+00          l
[2024/01/07 06:16:37]         2318  alphaPorosity_2318      c     0.000000E+00   0.000000E+00+0.000000E+00j     1.000000E+00          l
[2024/01/07 06:16:37]         2319  alphaPorosity_2319      c     0.000000E+00   0.000000E+00+0.000000E+00j     1.000000E+00          l
[2024/01/07 06:16:37]         2320  alphaPorosity_2320      c     0.000000E+00   0.000000E+00+0.000000E+00j     1.000000E+00          l
[2024/01/07 06:16:37]         2321  alphaPorosity_2321      c     0.000000E+00   0.000000E+00+0.000000E+00j     1.000000E+00          l
[2024/01/07 06:16:37]         2322  alphaPorosity_2322      c     0.000000E+00   0.000000E+00+0.000000E+00j     1.000000E+00          l
[2024/01/07 06:16:37]         2323  alphaPorosity_2323      c     0.000000E+00   0.000000E+00+0.000000E+00j     1.000000E+00          l
[2024/01/07 06:16:37]         2324  alphaPorosity_2324      c     0.000000E+00   0.000000E+00+0.000000E+00j     1.000000E+00          l
[2024/01/07 06:16:37]         2325  alphaPorosity_2325      c     0.000000E+00   0.000000E+00+0.000000E+00j     1.000000E+00          l
[2024/01/07 06:16:37]         2326  alphaPorosity_2326      c     0.000000E+00   0.000000E+00+0.000000E+00j     1.000000E+00          l
[2024/01/07 06:16:37]         2327  alphaPorosity_2327      c     0.000000E+00   0.000000E+00+0.000000E+00j     1.000000E+00          l
[2024/01/07 06:16:37]         2328  alphaPorosity_2328      c     0.000000E+00   0.000000E+00+0.000000E+00j     1.000000E+00          l
[2024/01/07 06:16:37]         2329  alphaPorosity_2329      c     0.000000E+00   0.000000E+00+0.000000E+00j     1.000000E+00          l
[2024/01/07 06:16:37]         2330  alphaPorosity_2330      c     0.000000E+00   0.000000E+00+0.000000E+00j     1.000000E+00          l
[2024/01/07 06:16:37]         2331  alphaPorosity_2331      c     0.000000E+00   0.000000E+00+0.000000E+00j     1.000000E+00          l
[2024/01/07 06:16:37]         2332  alphaPorosity_2332      c     0.000000E+00   0.000000E+00+0.000000E+00j     1.000000E+00          l
[2024/01/07 06:16:37]         2333  alphaPorosity_2333      c     0.000000E+00   0.000000E+00+0.000000E+00j     1.000000E+00          l
[2024/01/07 06:16:37]         2334  alphaPorosity_2334      c     0.000000E+00   0.000000E+00+0.000000E+00j     1.000000E+00          l
[2024/01/07 06:16:37]         2335  alphaPorosity_2335      c     0.000000E+00   0.000000E+00+0.000000E+00j     1.000000E+00          l
[2024/01/07 06:16:37]         2336  alphaPorosity_2336      c     0.000000E+00   0.000000E+00+0.000000E+00j     1.000000E+00          l
[2024/01/07 06:16:37]         2337  alphaPorosity_2337      c     0.000000E+00   0.000000E+00+0.000000E+00j     1.000000E+00          l
[2024/01/07 06:16:37]         2338  alphaPorosity_2338      c     0.000000E+00   0.000000E+00+0.000000E+00j     1.000000E+00          l
[2024/01/07 06:16:37]         2339  alphaPorosity_2339      c     0.000000E+00   0.000000E+00+0.000000E+00j     1.000000E+00          l
[2024/01/07 06:16:37]         2340  alphaPorosity_2340      c     0.000000E+00   0.000000E+00+0.000000E+00j     1.000000E+00          l
[2024/01/07 06:16:37]         2341  alphaPorosity_2341      c     0.000000E+00   0.000000E+00+0.000000E+00j     1.000000E+00          l
[2024/01/07 06:16:37]         2342  alphaPorosity_2342      c     0.000000E+00   0.000000E+00+0.000000E+00j     1.000000E+00          l
[2024/01/07 06:16:37]         2343  alphaPorosity_2343      c     0.000000E+00   0.000000E+00+0.000000E+00j     1.000000E+00          l
[2024/01/07 06:16:37]         2344  alphaPorosity_2344      c     0.000000E+00   0.000000E+00+0.000000E+00j     1.000000E+00          l
[2024/01/07 06:16:37]         2345  alphaPorosity_2345      c     0.000000E+00   0.000000E+00+0.000000E+00j     1.000000E+00          l
[2024/01/07 06:16:37]         2346  alphaPorosity_2346      c     0.000000E+00   0.000000E+00+0.000000E+00j     1.000000E+00          l
[2024/01/07 06:16:37]         2347  alphaPorosity_2347      c     0.000000E+00   0.000000E+00+0.000000E+00j     1.000000E+00          l
[2024/01/07 06:16:37]         2348  alphaPorosity_2348      c     0.000000E+00   0.000000E+00+0.000000E+00j     1.000000E+00          l
[2024/01/07 06:16:37]         2349  alphaPorosity_2349      c     0.000000E+00   0.000000E+00+0.000000E+00j     1.000000E+00          l
[2024/01/07 06:16:37]         2350  alphaPorosity_2350      c     0.000000E+00   0.000000E+00+0.000000E+00j     1.000000E+00          l
[2024/01/07 06:16:37]         2351  alphaPorosity_2351      c     0.000000E+00   0.000000E+00+0.000000E+00j     1.000000E+00          l
[2024/01/07 06:16:37]         2352  alphaPorosity_2352      c     0.000000E+00   0.000000E+00+0.000000E+00j     1.000000E+00          l
[2024/01/07 06:16:37]         2353  alphaPorosity_2353      c     0.000000E+00   0.000000E+00+0.000000E+00j     1.000000E+00          l
[2024/01/07 06:16:37]         2354  alphaPorosity_2354      c     0.000000E+00   0.000000E+00+0.000000E+00j     1.000000E+00          l
[2024/01/07 06:16:37]         2355  alphaPorosity_2355      c     0.000000E+00   0.000000E+00+0.000000E+00j     1.000000E+00          l
[2024/01/07 06:16:37]         2356  alphaPorosity_2356      c     0.000000E+00   0.000000E+00+0.000000E+00j     1.000000E+00          l
[2024/01/07 06:16:37]         2357  alphaPorosity_2357      c     0.000000E+00   0.000000E+00+0.000000E+00j     1.000000E+00          l
[2024/01/07 06:16:37]         2358  alphaPorosity_2358      c     0.000000E+00   0.000000E+00+0.000000E+00j     1.000000E+00          l
[2024/01/07 06:16:37]         2359  alphaPorosity_2359      c     0.000000E+00   0.000000E+00+0.000000E+00j     1.000000E+00          l
[2024/01/07 06:16:37]         2360  alphaPorosity_2360      c     0.000000E+00   0.000000E+00+0.000000E+00j     1.000000E+00          l
[2024/01/07 06:16:37]         2361  alphaPorosity_2361      c     0.000000E+00   0.000000E+00+0.000000E+00j     1.000000E+00          l
[2024/01/07 06:16:37]         2362  alphaPorosity_2362      c     0.000000E+00   0.000000E+00+0.000000E+00j     1.000000E+00          l
[2024/01/07 06:16:37]         2363  alphaPorosity_2363      c     0.000000E+00   0.000000E+00+0.000000E+00j     1.000000E+00          l
[2024/01/07 06:16:37]         2364  alphaPorosity_2364      c     0.000000E+00   0.000000E+00+0.000000E+00j     1.000000E+00          l
[2024/01/07 06:16:37]         2365  alphaPorosity_2365      c     0.000000E+00   0.000000E+00+0.000000E+00j     1.000000E+00          l
[2024/01/07 06:16:37]         2366  alphaPorosity_2366      c     0.000000E+00   0.000000E+00+0.000000E+00j     1.000000E+00          l
[2024/01/07 06:16:37]         2367  alphaPorosity_2367      c     0.000000E+00   0.000000E+00+0.000000E+00j     1.000000E+00          l
[2024/01/07 06:16:37]         2368  alphaPorosity_2368      c     0.000000E+00   0.000000E+00+0.000000E+00j     1.000000E+00          l
[2024/01/07 06:16:37]         2369  alphaPorosity_2369      c     0.000000E+00   0.000000E+00+0.000000E+00j     1.000000E+00          l
[2024/01/07 06:16:37]         2370  alphaPorosity_2370      c     0.000000E+00   0.000000E+00+0.000000E+00j     1.000000E+00          l
[2024/01/07 06:16:37]         2371  alphaPorosity_2371      c     0.000000E+00   0.000000E+00+0.000000E+00j     1.000000E+00          l
[2024/01/07 06:16:37]         2372  alphaPorosity_2372      c     0.000000E+00   0.000000E+00+0.000000E+00j     1.000000E+00          l
[2024/01/07 06:16:37]         2373  alphaPorosity_2373      c     0.000000E+00   0.000000E+00+0.000000E+00j     1.000000E+00          l
[2024/01/07 06:16:37]         2374  alphaPorosity_2374      c     0.000000E+00   0.000000E+00+0.000000E+00j     1.000000E+00          l
[2024/01/07 06:16:37]         2375  alphaPorosity_2375      c     0.000000E+00   0.000000E+00+0.000000E+00j     1.000000E+00          l
[2024/01/07 06:16:37]         2376  alphaPorosity_2376      c     0.000000E+00   0.000000E+00+0.000000E+00j     1.000000E+00          l
[2024/01/07 06:16:37]         2377  alphaPorosity_2377      c     0.000000E+00   0.000000E+00+0.000000E+00j     1.000000E+00          l
[2024/01/07 06:16:37]         2378  alphaPorosity_2378      c     0.000000E+00   0.000000E+00+0.000000E+00j     1.000000E+00          l
[2024/01/07 06:16:37]         2379  alphaPorosity_2379      c     0.000000E+00   0.000000E+00+0.000000E+00j     1.000000E+00          l
[2024/01/07 06:16:37]         2380  alphaPorosity_2380      c     0.000000E+00   0.000000E+00+0.000000E+00j     1.000000E+00          l
[2024/01/07 06:16:37]         2381  alphaPorosity_2381      c     0.000000E+00   0.000000E+00+0.000000E+00j     1.000000E+00          l
[2024/01/07 06:16:37]         2382  alphaPorosity_2382      c     0.000000E+00   0.000000E+00+0.000000E+00j     1.000000E+00          l
[2024/01/07 06:16:37]         2383  alphaPorosity_2383      c     0.000000E+00   0.000000E+00+0.000000E+00j     1.000000E+00          l
[2024/01/07 06:16:37]         2384  alphaPorosity_2384      c     0.000000E+00   0.000000E+00+0.000000E+00j     1.000000E+00          l
[2024/01/07 06:16:37]         2385  alphaPorosity_2385      c     0.000000E+00   0.000000E+00+0.000000E+00j     1.000000E+00          l
[2024/01/07 06:16:37]         2386  alphaPorosity_2386      c     0.000000E+00   0.000000E+00+0.000000E+00j     1.000000E+00          l
[2024/01/07 06:16:37]         2387  alphaPorosity_2387      c     0.000000E+00   0.000000E+00+0.000000E+00j     1.000000E+00          l
[2024/01/07 06:16:37]         2388  alphaPorosity_2388      c     0.000000E+00   0.000000E+00+0.000000E+00j     1.000000E+00          l
[2024/01/07 06:16:37]         2389  alphaPorosity_2389      c     0.000000E+00   0.000000E+00+0.000000E+00j     1.000000E+00          l
[2024/01/07 06:16:37]         2390  alphaPorosity_2390      c     0.000000E+00   0.000000E+00+0.000000E+00j     1.000000E+00          l
[2024/01/07 06:16:37]         2391  alphaPorosity_2391      c     0.000000E+00   0.000000E+00+0.000000E+00j     1.000000E+00          l
[2024/01/07 06:16:37]         2392  alphaPorosity_2392      c     0.000000E+00   0.000000E+00+0.000000E+00j     1.000000E+00          l
[2024/01/07 06:16:37]         2393  alphaPorosity_2393      c     0.000000E+00   0.000000E+00+0.000000E+00j     1.000000E+00          l
[2024/01/07 06:16:37]         2394  alphaPorosity_2394      c     0.000000E+00   0.000000E+00+0.000000E+00j     1.000000E+00          l
[2024/01/07 06:16:37]         2395  alphaPorosity_2395      c     0.000000E+00   0.000000E+00+0.000000E+00j     1.000000E+00          l
[2024/01/07 06:16:37]         2396  alphaPorosity_2396      c     0.000000E+00   0.000000E+00+0.000000E+00j     1.000000E+00          l
[2024/01/07 06:16:37]         2397  alphaPorosity_2397      c     0.000000E+00   0.000000E+00+0.000000E+00j     1.000000E+00          l
[2024/01/07 06:16:37]         2398  alphaPorosity_2398      c     0.000000E+00   0.000000E+00+0.000000E+00j     1.000000E+00          l
[2024/01/07 06:16:37]         2399  alphaPorosity_2399      c     0.000000E+00   0.000000E+00+0.000000E+00j     1.000000E+00          l
[2024/01/07 06:16:37]         2400  alphaPorosity_2400      c     0.000000E+00   0.000000E+00+0.000000E+00j     1.000000E+00          l
[2024/01/07 06:16:37]         2401  alphaPorosity_2401      c     0.000000E+00   0.000000E+00+0.000000E+00j     1.000000E+00          l
[2024/01/07 06:16:37]         2402  alphaPorosity_2402      c     0.000000E+00   0.000000E+00+0.000000E+00j     1.000000E+00          l
[2024/01/07 06:16:37]         2403  alphaPorosity_2403      c     0.000000E+00   0.000000E+00+0.000000E+00j     1.000000E+00          l
[2024/01/07 06:16:37]         2404  alphaPorosity_2404      c     0.000000E+00   0.000000E+00+0.000000E+00j     1.000000E+00          l
[2024/01/07 06:16:37]         2405  alphaPorosity_2405      c     0.000000E+00   0.000000E+00+0.000000E+00j     1.000000E+00          l
[2024/01/07 06:16:37]         2406  alphaPorosity_2406      c     0.000000E+00   0.000000E+00+0.000000E+00j     1.000000E+00          l
[2024/01/07 06:16:37]         2407  alphaPorosity_2407      c     0.000000E+00   0.000000E+00+0.000000E+00j     1.000000E+00          l
[2024/01/07 06:16:37]         2408  alphaPorosity_2408      c     0.000000E+00   0.000000E+00+0.000000E+00j     1.000000E+00          l
[2024/01/07 06:16:37]         2409  alphaPorosity_2409      c     0.000000E+00   0.000000E+00+0.000000E+00j     1.000000E+00          l
[2024/01/07 06:16:37]         2410  alphaPorosity_2410      c     0.000000E+00   0.000000E+00+0.000000E+00j     1.000000E+00          l
[2024/01/07 06:16:37]         2411  alphaPorosity_2411      c     0.000000E+00   0.000000E+00+0.000000E+00j     1.000000E+00          l
[2024/01/07 06:16:37]         2412  alphaPorosity_2412      c     0.000000E+00   0.000000E+00+0.000000E+00j     1.000000E+00          l
[2024/01/07 06:16:37]         2413  alphaPorosity_2413      c     0.000000E+00   0.000000E+00+0.000000E+00j     1.000000E+00          l
[2024/01/07 06:16:37]         2414  alphaPorosity_2414      c     0.000000E+00   0.000000E+00+0.000000E+00j     1.000000E+00          l
[2024/01/07 06:16:37]         2415  alphaPorosity_2415      c     0.000000E+00   0.000000E+00+0.000000E+00j     1.000000E+00          l
[2024/01/07 06:16:37]         2416  alphaPorosity_2416      c     0.000000E+00   0.000000E+00+0.000000E+00j     1.000000E+00          l
[2024/01/07 06:16:37]         2417  alphaPorosity_2417      c     0.000000E+00   0.000000E+00+0.000000E+00j     1.000000E+00          l
[2024/01/07 06:16:37]         2418  alphaPorosity_2418      c     0.000000E+00   0.000000E+00+0.000000E+00j     1.000000E+00          l
[2024/01/07 06:16:37]         2419  alphaPorosity_2419      c     0.000000E+00   0.000000E+00+0.000000E+00j     1.000000E+00          l
[2024/01/07 06:16:37]         2420  alphaPorosity_2420      c     0.000000E+00   0.000000E+00+0.000000E+00j     1.000000E+00          l
[2024/01/07 06:16:37]         2421  alphaPorosity_2421      c     0.000000E+00   0.000000E+00+0.000000E+00j     1.000000E+00          l
[2024/01/07 06:16:37]         2422  alphaPorosity_2422      c     0.000000E+00   0.000000E+00+0.000000E+00j     1.000000E+00          l
[2024/01/07 06:16:37]         2423  alphaPorosity_2423      c     0.000000E+00   0.000000E+00+0.000000E+00j     1.000000E+00          l
[2024/01/07 06:16:37]         2424  alphaPorosity_2424      c     0.000000E+00   0.000000E+00+0.000000E+00j     1.000000E+00          l
[2024/01/07 06:16:37]         2425  alphaPorosity_2425      c     0.000000E+00   0.000000E+00+0.000000E+00j     1.000000E+00          l
[2024/01/07 06:16:37]         2426  alphaPorosity_2426      c     0.000000E+00   0.000000E+00+0.000000E+00j     1.000000E+00          l
[2024/01/07 06:16:37]         2427  alphaPorosity_2427      c     0.000000E+00   0.000000E+00+0.000000E+00j     1.000000E+00          l
[2024/01/07 06:16:37]         2428  alphaPorosity_2428      c     0.000000E+00   0.000000E+00+0.000000E+00j     1.000000E+00          l
[2024/01/07 06:16:37]         2429  alphaPorosity_2429      c     0.000000E+00   0.000000E+00+0.000000E+00j     1.000000E+00          l
[2024/01/07 06:16:37]         2430  alphaPorosity_2430      c     0.000000E+00   0.000000E+00+0.000000E+00j     1.000000E+00          l
[2024/01/07 06:16:37]         2431  alphaPorosity_2431      c     0.000000E+00   0.000000E+00+0.000000E+00j     1.000000E+00          l
[2024/01/07 06:16:37]         2432  alphaPorosity_2432      c     0.000000E+00   0.000000E+00+0.000000E+00j     1.000000E+00          l
[2024/01/07 06:16:37]         2433  alphaPorosity_2433      c     0.000000E+00   0.000000E+00+0.000000E+00j     1.000000E+00          l
[2024/01/07 06:16:37]         2434  alphaPorosity_2434      c     0.000000E+00   0.000000E+00+0.000000E+00j     1.000000E+00          l
[2024/01/07 06:16:37]         2435  alphaPorosity_2435      c     0.000000E+00   0.000000E+00+0.000000E+00j     1.000000E+00          l
[2024/01/07 06:16:37]         2436  alphaPorosity_2436      c     0.000000E+00   0.000000E+00+0.000000E+00j     1.000000E+00          l
[2024/01/07 06:16:37]         2437  alphaPorosity_2437      c     0.000000E+00   0.000000E+00+0.000000E+00j     1.000000E+00          l
[2024/01/07 06:16:37]         2438  alphaPorosity_2438      c     0.000000E+00   0.000000E+00+0.000000E+00j     1.000000E+00          l
[2024/01/07 06:16:37]         2439  alphaPorosity_2439      c     0.000000E+00   0.000000E+00+0.000000E+00j     1.000000E+00          l
[2024/01/07 06:16:37]         2440  alphaPorosity_2440      c     0.000000E+00   0.000000E+00+0.000000E+00j     1.000000E+00          l
[2024/01/07 06:16:37]         2441  alphaPorosity_2441      c     0.000000E+00   0.000000E+00+0.000000E+00j     1.000000E+00          l
[2024/01/07 06:16:37]         2442  alphaPorosity_2442      c     0.000000E+00   0.000000E+00+0.000000E+00j     1.000000E+00          l
[2024/01/07 06:16:37]         2443  alphaPorosity_2443      c     0.000000E+00   0.000000E+00+0.000000E+00j     1.000000E+00          l
[2024/01/07 06:16:37]         2444  alphaPorosity_2444      c     0.000000E+00   0.000000E+00+0.000000E+00j     1.000000E+00          l
[2024/01/07 06:16:37]         2445  alphaPorosity_2445      c     0.000000E+00   0.000000E+00+0.000000E+00j     1.000000E+00          l
[2024/01/07 06:16:37]         2446  alphaPorosity_2446      c     0.000000E+00   0.000000E+00+0.000000E+00j     1.000000E+00          l
[2024/01/07 06:16:37]         2447  alphaPorosity_2447      c     0.000000E+00   0.000000E+00+0.000000E+00j     1.000000E+00          l
[2024/01/07 06:16:37]         2448  alphaPorosity_2448      c     0.000000E+00   0.000000E+00+0.000000E+00j     1.000000E+00          l
[2024/01/07 06:16:37]         2449  alphaPorosity_2449      c     0.000000E+00   0.000000E+00+0.000000E+00j     1.000000E+00          l
[2024/01/07 06:16:37]         2450  alphaPorosity_2450      c     0.000000E+00   0.000000E+00+0.000000E+00j     1.000000E+00          l
[2024/01/07 06:16:37]         2451  alphaPorosity_2451      c     0.000000E+00   0.000000E+00+0.000000E+00j     1.000000E+00          l
[2024/01/07 06:16:37]         2452  alphaPorosity_2452      c     0.000000E+00   0.000000E+00+0.000000E+00j     1.000000E+00          l
[2024/01/07 06:16:37]         2453  alphaPorosity_2453      c     0.000000E+00   0.000000E+00+0.000000E+00j     1.000000E+00          l
[2024/01/07 06:16:37]         2454  alphaPorosity_2454      c     0.000000E+00   0.000000E+00+0.000000E+00j     1.000000E+00          l
[2024/01/07 06:16:37]         2455  alphaPorosity_2455      c     0.000000E+00   0.000000E+00+0.000000E+00j     1.000000E+00          l
[2024/01/07 06:16:37]         2456  alphaPorosity_2456      c     0.000000E+00   0.000000E+00+0.000000E+00j     1.000000E+00          l
[2024/01/07 06:16:37]         2457  alphaPorosity_2457      c     0.000000E+00   0.000000E+00+0.000000E+00j     1.000000E+00          l
[2024/01/07 06:16:37]         2458  alphaPorosity_2458      c     0.000000E+00   0.000000E+00+0.000000E+00j     1.000000E+00          l
[2024/01/07 06:16:37]         2459  alphaPorosity_2459      c     0.000000E+00   0.000000E+00+0.000000E+00j     1.000000E+00          l
[2024/01/07 06:16:37]         2460  alphaPorosity_2460      c     0.000000E+00   0.000000E+00+0.000000E+00j     1.000000E+00          l
[2024/01/07 06:16:37]         2461  alphaPorosity_2461      c     0.000000E+00   0.000000E+00+0.000000E+00j     1.000000E+00          l
[2024/01/07 06:16:37]         2462  alphaPorosity_2462      c     0.000000E+00   0.000000E+00+0.000000E+00j     1.000000E+00          l
[2024/01/07 06:16:37]         2463  alphaPorosity_2463      c     0.000000E+00   0.000000E+00+0.000000E+00j     1.000000E+00          l
[2024/01/07 06:16:37]         2464  alphaPorosity_2464      c     0.000000E+00   0.000000E+00+0.000000E+00j     1.000000E+00          l
[2024/01/07 06:16:37]         2465  alphaPorosity_2465      c     0.000000E+00   0.000000E+00+0.000000E+00j     1.000000E+00          l
[2024/01/07 06:16:37]         2466  alphaPorosity_2466      c     0.000000E+00   0.000000E+00+0.000000E+00j     1.000000E+00          l
[2024/01/07 06:16:37]         2467  alphaPorosity_2467      c     0.000000E+00   0.000000E+00+0.000000E+00j     1.000000E+00          l
[2024/01/07 06:16:37]         2468  alphaPorosity_2468      c     0.000000E+00   0.000000E+00+0.000000E+00j     1.000000E+00          l
[2024/01/07 06:16:37]         2469  alphaPorosity_2469      c     0.000000E+00   0.000000E+00+0.000000E+00j     1.000000E+00          l
[2024/01/07 06:16:37]         2470  alphaPorosity_2470      c     0.000000E+00   0.000000E+00+0.000000E+00j     1.000000E+00          l
[2024/01/07 06:16:37]         2471  alphaPorosity_2471      c     0.000000E+00   0.000000E+00+0.000000E+00j     1.000000E+00          l
[2024/01/07 06:16:37]         2472  alphaPorosity_2472      c     0.000000E+00   0.000000E+00+0.000000E+00j     1.000000E+00          l
[2024/01/07 06:16:37]         2473  alphaPorosity_2473      c     0.000000E+00   0.000000E+00+0.000000E+00j     1.000000E+00          l
[2024/01/07 06:16:37]         2474  alphaPorosity_2474      c     0.000000E+00   0.000000E+00+0.000000E+00j     1.000000E+00          l
[2024/01/07 06:16:37]         2475  alphaPorosity_2475      c     0.000000E+00   0.000000E+00+0.000000E+00j     1.000000E+00          l
[2024/01/07 06:16:37]         2476  alphaPorosity_2476      c     0.000000E+00   0.000000E+00+0.000000E+00j     1.000000E+00          l
[2024/01/07 06:16:37]         2477  alphaPorosity_2477      c     0.000000E+00   0.000000E+00+0.000000E+00j     1.000000E+00          l
[2024/01/07 06:16:37]         2478  alphaPorosity_2478      c     0.000000E+00   0.000000E+00+0.000000E+00j     1.000000E+00          l
[2024/01/07 06:16:37]         2479  alphaPorosity_2479      c     0.000000E+00   0.000000E+00+0.000000E+00j     1.000000E+00          l
[2024/01/07 06:16:37]         2480  alphaPorosity_2480      c     0.000000E+00   0.000000E+00+0.000000E+00j     1.000000E+00          l
[2024/01/07 06:16:37]         2481  alphaPorosity_2481      c     0.000000E+00   0.000000E+00+0.000000E+00j     1.000000E+00          l
[2024/01/07 06:16:37]         2482  alphaPorosity_2482      c     0.000000E+00   0.000000E+00+0.000000E+00j     1.000000E+00          l
[2024/01/07 06:16:37]         2483  alphaPorosity_2483      c     0.000000E+00   0.000000E+00+0.000000E+00j     1.000000E+00          l
[2024/01/07 06:16:37]         2484  alphaPorosity_2484      c     0.000000E+00   0.000000E+00+0.000000E+00j     1.000000E+00          l
[2024/01/07 06:16:37]         2485  alphaPorosity_2485      c     0.000000E+00   0.000000E+00+0.000000E+00j     1.000000E+00          l
[2024/01/07 06:16:37]         2486  alphaPorosity_2486      c     0.000000E+00   0.000000E+00+0.000000E+00j     1.000000E+00          l
[2024/01/07 06:16:37]         2487  alphaPorosity_2487      c     0.000000E+00   0.000000E+00+0.000000E+00j     1.000000E+00          l
[2024/01/07 06:16:37]         2488  alphaPorosity_2488      c     0.000000E+00   0.000000E+00+0.000000E+00j     1.000000E+00          l
[2024/01/07 06:16:37]         2489  alphaPorosity_2489      c     0.000000E+00   0.000000E+00+0.000000E+00j     1.000000E+00          l
[2024/01/07 06:16:37]         2490  alphaPorosity_2490      c     0.000000E+00   0.000000E+00+0.000000E+00j     1.000000E+00          l
[2024/01/07 06:16:37]         2491  alphaPorosity_2491      c     0.000000E+00   0.000000E+00+0.000000E+00j     1.000000E+00          l
[2024/01/07 06:16:37]         2492  alphaPorosity_2492      c     0.000000E+00   0.000000E+00+0.000000E+00j     1.000000E+00          l
[2024/01/07 06:16:37]         2493  alphaPorosity_2493      c     0.000000E+00   0.000000E+00+0.000000E+00j     1.000000E+00          l
[2024/01/07 06:16:37]         2494  alphaPorosity_2494      c     0.000000E+00   0.000000E+00+0.000000E+00j     1.000000E+00          l
[2024/01/07 06:16:37]         2495  alphaPorosity_2495      c     0.000000E+00   0.000000E+00+0.000000E+00j     1.000000E+00          l
[2024/01/07 06:16:37]         2496  alphaPorosity_2496      c     0.000000E+00   0.000000E+00+0.000000E+00j     1.000000E+00          l
[2024/01/07 06:16:37]         2497  alphaPorosity_2497      c     0.000000E+00   0.000000E+00+0.000000E+00j     1.000000E+00          l
[2024/01/07 06:16:37]         2498  alphaPorosity_2498      c     0.000000E+00   0.000000E+00+0.000000E+00j     1.000000E+00          l
[2024/01/07 06:16:37]         2499  alphaPorosity_2499      c     0.000000E+00   0.000000E+00+0.000000E+00j     1.000000E+00          l
[2024/01/07 06:16:37]         2500  alphaPorosity_2500      c     0.000000E+00   0.000000E+00+0.000000E+00j     1.000000E+00          l
[2024/01/07 06:16:37]         2501  alphaPorosity_2501      c     0.000000E+00   0.000000E+00+0.000000E+00j     1.000000E+00          l
[2024/01/07 06:16:37]         2502  alphaPorosity_2502      c     0.000000E+00   0.000000E+00+0.000000E+00j     1.000000E+00          l
[2024/01/07 06:16:37]         2503  alphaPorosity_2503      c     0.000000E+00   0.000000E+00+0.000000E+00j     1.000000E+00          l
[2024/01/07 06:16:37]         2504  alphaPorosity_2504      c     0.000000E+00   0.000000E+00+0.000000E+00j     1.000000E+00          l
[2024/01/07 06:16:37]         2505  alphaPorosity_2505      c     0.000000E+00   0.000000E+00+0.000000E+00j     1.000000E+00          l
[2024/01/07 06:16:37]         2506  alphaPorosity_2506      c     0.000000E+00   0.000000E+00+0.000000E+00j     1.000000E+00          l
[2024/01/07 06:16:37]         2507  alphaPorosity_2507      c     0.000000E+00   0.000000E+00+0.000000E+00j     1.000000E+00          l
[2024/01/07 06:16:37]         2508  alphaPorosity_2508      c     0.000000E+00   0.000000E+00+0.000000E+00j     1.000000E+00          l
[2024/01/07 06:16:37]         2509  alphaPorosity_2509      c     0.000000E+00   0.000000E+00+0.000000E+00j     1.000000E+00          l
[2024/01/07 06:16:37]         2510  alphaPorosity_2510      c     0.000000E+00   0.000000E+00+0.000000E+00j     1.000000E+00          l
[2024/01/07 06:16:37]         2511  alphaPorosity_2511      c     0.000000E+00   0.000000E+00+0.000000E+00j     1.000000E+00          l
[2024/01/07 06:16:37]         2512  alphaPorosity_2512      c     0.000000E+00   0.000000E+00+0.000000E+00j     1.000000E+00          l
[2024/01/07 06:16:37]         2513  alphaPorosity_2513      c     0.000000E+00   0.000000E+00+0.000000E+00j     1.000000E+00          l
[2024/01/07 06:16:37]         2514  alphaPorosity_2514      c     0.000000E+00   0.000000E+00+0.000000E+00j     1.000000E+00          l
[2024/01/07 06:16:37]         2515  alphaPorosity_2515      c     0.000000E+00   0.000000E+00+0.000000E+00j     1.000000E+00          l
[2024/01/07 06:16:37]         2516  alphaPorosity_2516      c     0.000000E+00   0.000000E+00+0.000000E+00j     1.000000E+00          l
[2024/01/07 06:16:37]         2517  alphaPorosity_2517      c     0.000000E+00   0.000000E+00+0.000000E+00j     1.000000E+00          l
[2024/01/07 06:16:37]         2518  alphaPorosity_2518      c     0.000000E+00   0.000000E+00+0.000000E+00j     1.000000E+00          l
[2024/01/07 06:16:37]         2519  alphaPorosity_2519      c     0.000000E+00   0.000000E+00+0.000000E+00j     1.000000E+00          l
[2024/01/07 06:16:37]         2520  alphaPorosity_2520      c     0.000000E+00   0.000000E+00+0.000000E+00j     1.000000E+00          l
[2024/01/07 06:16:37]         2521  alphaPorosity_2521      c     0.000000E+00   0.000000E+00+0.000000E+00j     1.000000E+00          l
[2024/01/07 06:16:37]         2522  alphaPorosity_2522      c     0.000000E+00   0.000000E+00+0.000000E+00j     1.000000E+00          l
[2024/01/07 06:16:37]         2523  alphaPorosity_2523      c     0.000000E+00   0.000000E+00+0.000000E+00j     1.000000E+00          l
[2024/01/07 06:16:37]         2524  alphaPorosity_2524      c     0.000000E+00   0.000000E+00+0.000000E+00j     1.000000E+00          l
[2024/01/07 06:16:37]         2525  alphaPorosity_2525      c     0.000000E+00   0.000000E+00+0.000000E+00j     1.000000E+00          l
[2024/01/07 06:16:37]         2526  alphaPorosity_2526      c     0.000000E+00   0.000000E+00+0.000000E+00j     1.000000E+00          l
[2024/01/07 06:16:37]         2527  alphaPorosity_2527      c     0.000000E+00   0.000000E+00+0.000000E+00j     1.000000E+00          l
[2024/01/07 06:16:37]         2528  alphaPorosity_2528      c     0.000000E+00   0.000000E+00+0.000000E+00j     1.000000E+00          l
[2024/01/07 06:16:37]         2529  alphaPorosity_2529      c     0.000000E+00   0.000000E+00+0.000000E+00j     1.000000E+00          l
[2024/01/07 06:16:37]         2530  alphaPorosity_2530      c     0.000000E+00   0.000000E+00+0.000000E+00j     1.000000E+00          l
[2024/01/07 06:16:37]         2531  alphaPorosity_2531      c     0.000000E+00   0.000000E+00+0.000000E+00j     1.000000E+00          l
[2024/01/07 06:16:37]         2532  alphaPorosity_2532      c     0.000000E+00   0.000000E+00+0.000000E+00j     1.000000E+00          l
[2024/01/07 06:16:37]         2533  alphaPorosity_2533      c     0.000000E+00   0.000000E+00+0.000000E+00j     1.000000E+00          l
[2024/01/07 06:16:37]         2534  alphaPorosity_2534      c     0.000000E+00   0.000000E+00+0.000000E+00j     1.000000E+00          l
[2024/01/07 06:16:37]         2535  alphaPorosity_2535      c     0.000000E+00   0.000000E+00+0.000000E+00j     1.000000E+00          l
[2024/01/07 06:16:37]         2536  alphaPorosity_2536      c     0.000000E+00   0.000000E+00+0.000000E+00j     1.000000E+00          l
[2024/01/07 06:16:37]         2537  alphaPorosity_2537      c     0.000000E+00   0.000000E+00+0.000000E+00j     1.000000E+00          l
[2024/01/07 06:16:37]         2538  alphaPorosity_2538      c     0.000000E+00   0.000000E+00+0.000000E+00j     1.000000E+00          l
[2024/01/07 06:16:37]         2539  alphaPorosity_2539      c     0.000000E+00   0.000000E+00+0.000000E+00j     1.000000E+00          l
[2024/01/07 06:16:37]         2540  alphaPorosity_2540      c     0.000000E+00   0.000000E+00+0.000000E+00j     1.000000E+00          l
[2024/01/07 06:16:37]         2541  alphaPorosity_2541      c     0.000000E+00   0.000000E+00+0.000000E+00j     1.000000E+00          l
[2024/01/07 06:16:37]         2542  alphaPorosity_2542      c     0.000000E+00   0.000000E+00+0.000000E+00j     1.000000E+00          l
[2024/01/07 06:16:37]         2543  alphaPorosity_2543      c     0.000000E+00   0.000000E+00+0.000000E+00j     1.000000E+00          l
[2024/01/07 06:16:37]         2544  alphaPorosity_2544      c     0.000000E+00   0.000000E+00+0.000000E+00j     1.000000E+00          l
[2024/01/07 06:16:37]         2545  alphaPorosity_2545      c     0.000000E+00   0.000000E+00+0.000000E+00j     1.000000E+00          l
[2024/01/07 06:16:37]         2546  alphaPorosity_2546      c     0.000000E+00   0.000000E+00+0.000000E+00j     1.000000E+00          l
[2024/01/07 06:16:37]         2547  alphaPorosity_2547      c     0.000000E+00   0.000000E+00+0.000000E+00j     1.000000E+00          l
[2024/01/07 06:16:37]         2548  alphaPorosity_2548      c     0.000000E+00   0.000000E+00+0.000000E+00j     1.000000E+00          l
[2024/01/07 06:16:37]         2549  alphaPorosity_2549      c     0.000000E+00   0.000000E+00+0.000000E+00j     1.000000E+00          l
[2024/01/07 06:16:37]         2550  alphaPorosity_2550      c     0.000000E+00   0.000000E+00+0.000000E+00j     1.000000E+00          l
[2024/01/07 06:16:37]         2551  alphaPorosity_2551      c     0.000000E+00   0.000000E+00+0.000000E+00j     1.000000E+00          l
[2024/01/07 06:16:37]         2552  alphaPorosity_2552      c     0.000000E+00   0.000000E+00+0.000000E+00j     1.000000E+00          l
[2024/01/07 06:16:37]         2553  alphaPorosity_2553      c     0.000000E+00   0.000000E+00+0.000000E+00j     1.000000E+00          l
[2024/01/07 06:16:37]         2554  alphaPorosity_2554      c     0.000000E+00   0.000000E+00+0.000000E+00j     1.000000E+00          l
[2024/01/07 06:16:37]         2555  alphaPorosity_2555      c     0.000000E+00   0.000000E+00+0.000000E+00j     1.000000E+00          l
[2024/01/07 06:16:37]         2556  alphaPorosity_2556      c     0.000000E+00   0.000000E+00+0.000000E+00j     1.000000E+00          l
[2024/01/07 06:16:37]         2557  alphaPorosity_2557      c     0.000000E+00   0.000000E+00+0.000000E+00j     1.000000E+00          l
[2024/01/07 06:16:37]         2558  alphaPorosity_2558      c     0.000000E+00   0.000000E+00+0.000000E+00j     1.000000E+00          l
[2024/01/07 06:16:37]         2559  alphaPorosity_2559      c     0.000000E+00   0.000000E+00+0.000000E+00j     1.000000E+00          l
[2024/01/07 06:16:37]         2560  alphaPorosity_2560      c     0.000000E+00   0.000000E+00+0.000000E+00j     1.000000E+00          l
[2024/01/07 06:16:37]         2561  alphaPorosity_2561      c     0.000000E+00   0.000000E+00+0.000000E+00j     1.000000E+00          l
[2024/01/07 06:16:37]         2562  alphaPorosity_2562      c     0.000000E+00   0.000000E+00+0.000000E+00j     1.000000E+00          l
[2024/01/07 06:16:37]         2563  alphaPorosity_2563      c     0.000000E+00   0.000000E+00+0.000000E+00j     1.000000E+00          l
[2024/01/07 06:16:37]         2564  alphaPorosity_2564      c     0.000000E+00   0.000000E+00+0.000000E+00j     1.000000E+00          l
[2024/01/07 06:16:37]         2565  alphaPorosity_2565      c     0.000000E+00   0.000000E+00+0.000000E+00j     1.000000E+00          l
[2024/01/07 06:16:37]         2566  alphaPorosity_2566      c     0.000000E+00   0.000000E+00+0.000000E+00j     1.000000E+00          l
[2024/01/07 06:16:37]         2567  alphaPorosity_2567      c     0.000000E+00   0.000000E+00+0.000000E+00j     1.000000E+00          l
[2024/01/07 06:16:37]         2568  alphaPorosity_2568      c     0.000000E+00   0.000000E+00+0.000000E+00j     1.000000E+00          l
[2024/01/07 06:16:37]         2569  alphaPorosity_2569      c     0.000000E+00   0.000000E+00+0.000000E+00j     1.000000E+00          l
[2024/01/07 06:16:37]         2570  alphaPorosity_2570      c     0.000000E+00   0.000000E+00+0.000000E+00j     1.000000E+00          l
[2024/01/07 06:16:37]         2571  alphaPorosity_2571      c     0.000000E+00   0.000000E+00+0.000000E+00j     1.000000E+00          l
[2024/01/07 06:16:37]         2572  alphaPorosity_2572      c     0.000000E+00   0.000000E+00+0.000000E+00j     1.000000E+00          l
[2024/01/07 06:16:37]         2573  alphaPorosity_2573      c     0.000000E+00   0.000000E+00+0.000000E+00j     1.000000E+00          l
[2024/01/07 06:16:37]         2574  alphaPorosity_2574      c     0.000000E+00   0.000000E+00+0.000000E+00j     1.000000E+00          l
[2024/01/07 06:16:37]         2575  alphaPorosity_2575      c     0.000000E+00   0.000000E+00+0.000000E+00j     1.000000E+00          l
[2024/01/07 06:16:37]         2576  alphaPorosity_2576      c     0.000000E+00   0.000000E+00+0.000000E+00j     1.000000E+00          l
[2024/01/07 06:16:37]         2577  alphaPorosity_2577      c     0.000000E+00   0.000000E+00+0.000000E+00j     1.000000E+00          l
[2024/01/07 06:16:37]         2578  alphaPorosity_2578      c     0.000000E+00   0.000000E+00+0.000000E+00j     1.000000E+00          l
[2024/01/07 06:16:37]         2579  alphaPorosity_2579      c     0.000000E+00   0.000000E+00+0.000000E+00j     1.000000E+00          l
[2024/01/07 06:16:37]         2580  alphaPorosity_2580      c     0.000000E+00   0.000000E+00+0.000000E+00j     1.000000E+00          l
[2024/01/07 06:16:37]         2581  alphaPorosity_2581      c     0.000000E+00   0.000000E+00+0.000000E+00j     1.000000E+00          l
[2024/01/07 06:16:37]         2582  alphaPorosity_2582      c     0.000000E+00   0.000000E+00+0.000000E+00j     1.000000E+00          l
[2024/01/07 06:16:37]         2583  alphaPorosity_2583      c     0.000000E+00   0.000000E+00+0.000000E+00j     1.000000E+00          l
[2024/01/07 06:16:37]         2584  alphaPorosity_2584      c     0.000000E+00   0.000000E+00+0.000000E+00j     1.000000E+00          l
[2024/01/07 06:16:37]         2585  alphaPorosity_2585      c     0.000000E+00   0.000000E+00+0.000000E+00j     1.000000E+00          l
[2024/01/07 06:16:37]         2586  alphaPorosity_2586      c     0.000000E+00   0.000000E+00+0.000000E+00j     1.000000E+00          l
[2024/01/07 06:16:37]         2587  alphaPorosity_2587      c     0.000000E+00   0.000000E+00+0.000000E+00j     1.000000E+00          l
[2024/01/07 06:16:37]         2588  alphaPorosity_2588      c     0.000000E+00   0.000000E+00+0.000000E+00j     1.000000E+00          l
[2024/01/07 06:16:37]         2589  alphaPorosity_2589      c     0.000000E+00   0.000000E+00+0.000000E+00j     1.000000E+00          l
[2024/01/07 06:16:37]         2590  alphaPorosity_2590      c     0.000000E+00   0.000000E+00+0.000000E+00j     1.000000E+00          l
[2024/01/07 06:16:37]         2591  alphaPorosity_2591      c     0.000000E+00   0.000000E+00+0.000000E+00j     1.000000E+00          l
[2024/01/07 06:16:37]         2592  alphaPorosity_2592      c     0.000000E+00   0.000000E+00+0.000000E+00j     1.000000E+00          l
[2024/01/07 06:16:37]         2593  alphaPorosity_2593      c     0.000000E+00   0.000000E+00+0.000000E+00j     1.000000E+00          l
[2024/01/07 06:16:37]         2594  alphaPorosity_2594      c     0.000000E+00   0.000000E+00+0.000000E+00j     1.000000E+00          l
[2024/01/07 06:16:37]         2595  alphaPorosity_2595      c     0.000000E+00   0.000000E+00+0.000000E+00j     1.000000E+00          l
[2024/01/07 06:16:37]         2596  alphaPorosity_2596      c     0.000000E+00   0.000000E+00+0.000000E+00j     1.000000E+00          l
[2024/01/07 06:16:37]         2597  alphaPorosity_2597      c     0.000000E+00   0.000000E+00+0.000000E+00j     1.000000E+00          l
[2024/01/07 06:16:37]         2598  alphaPorosity_2598      c     0.000000E+00   0.000000E+00+0.000000E+00j     1.000000E+00          l
[2024/01/07 06:16:37]         2599  alphaPorosity_2599      c     0.000000E+00   0.000000E+00+0.000000E+00j     1.000000E+00          l
[2024/01/07 06:16:37]         2600  alphaPorosity_2600      c     0.000000E+00   0.000000E+00+0.000000E+00j     1.000000E+00          l
[2024/01/07 06:16:37]         2601  alphaPorosity_2601      c     0.000000E+00   0.000000E+00+0.000000E+00j     1.000000E+00          l
[2024/01/07 06:16:37]         2602  alphaPorosity_2602      c     0.000000E+00   0.000000E+00+0.000000E+00j     1.000000E+00          l
[2024/01/07 06:16:37]         2603  alphaPorosity_2603      c     0.000000E+00   0.000000E+00+0.000000E+00j     1.000000E+00          l
[2024/01/07 06:16:37]         2604  alphaPorosity_2604      c     0.000000E+00   0.000000E+00+0.000000E+00j     1.000000E+00          l
[2024/01/07 06:16:37]         2605  alphaPorosity_2605      c     0.000000E+00   0.000000E+00+0.000000E+00j     1.000000E+00          l
[2024/01/07 06:16:37]         2606  alphaPorosity_2606      c     0.000000E+00   0.000000E+00+0.000000E+00j     1.000000E+00          l
[2024/01/07 06:16:37]         2607  alphaPorosity_2607      c     0.000000E+00   0.000000E+00+0.000000E+00j     1.000000E+00          l
[2024/01/07 06:16:37]         2608  alphaPorosity_2608      c     0.000000E+00   0.000000E+00+0.000000E+00j     1.000000E+00          l
[2024/01/07 06:16:37]         2609  alphaPorosity_2609      c     0.000000E+00   0.000000E+00+0.000000E+00j     1.000000E+00          l
[2024/01/07 06:16:37]         2610  alphaPorosity_2610      c     0.000000E+00   0.000000E+00+0.000000E+00j     1.000000E+00          l
[2024/01/07 06:16:37]         2611  alphaPorosity_2611      c     0.000000E+00   0.000000E+00+0.000000E+00j     1.000000E+00          l
[2024/01/07 06:16:37]         2612  alphaPorosity_2612      c     0.000000E+00   0.000000E+00+0.000000E+00j     1.000000E+00          l
[2024/01/07 06:16:37]         2613  alphaPorosity_2613      c     0.000000E+00   0.000000E+00+0.000000E+00j     1.000000E+00          l
[2024/01/07 06:16:37]         2614  alphaPorosity_2614      c     0.000000E+00   0.000000E+00+0.000000E+00j     1.000000E+00          l
[2024/01/07 06:16:37]         2615  alphaPorosity_2615      c     0.000000E+00   0.000000E+00+0.000000E+00j     1.000000E+00          l
[2024/01/07 06:16:37]         2616  alphaPorosity_2616      c     0.000000E+00   0.000000E+00+0.000000E+00j     1.000000E+00          l
[2024/01/07 06:16:37]         2617  alphaPorosity_2617      c     0.000000E+00   0.000000E+00+0.000000E+00j     1.000000E+00          l
[2024/01/07 06:16:37]         2618  alphaPorosity_2618      c     0.000000E+00   0.000000E+00+0.000000E+00j     1.000000E+00          l
[2024/01/07 06:16:37]         2619  alphaPorosity_2619      c     0.000000E+00   0.000000E+00+0.000000E+00j     1.000000E+00          l
[2024/01/07 06:16:37]         2620  alphaPorosity_2620      c     0.000000E+00   0.000000E+00+0.000000E+00j     1.000000E+00          l
[2024/01/07 06:16:37]         2621  alphaPorosity_2621      c     0.000000E+00   0.000000E+00+0.000000E+00j     1.000000E+00          l
[2024/01/07 06:16:37]         2622  alphaPorosity_2622      c     0.000000E+00   0.000000E+00+0.000000E+00j     1.000000E+00          l
[2024/01/07 06:16:37]         2623  alphaPorosity_2623      c     0.000000E+00   0.000000E+00+0.000000E+00j     1.000000E+00          l
[2024/01/07 06:16:37]         2624  alphaPorosity_2624      c     0.000000E+00   0.000000E+00+0.000000E+00j     1.000000E+00          l
[2024/01/07 06:16:37]         2625  alphaPorosity_2625      c     0.000000E+00   0.000000E+00+0.000000E+00j     1.000000E+00          l
[2024/01/07 06:16:37]         2626  alphaPorosity_2626      c     0.000000E+00   0.000000E+00+0.000000E+00j     1.000000E+00          l
[2024/01/07 06:16:37]         2627  alphaPorosity_2627      c     0.000000E+00   0.000000E+00+0.000000E+00j     1.000000E+00          l
[2024/01/07 06:16:37]         2628  alphaPorosity_2628      c     0.000000E+00   0.000000E+00+0.000000E+00j     1.000000E+00          l
[2024/01/07 06:16:37]         2629  alphaPorosity_2629      c     0.000000E+00   0.000000E+00+0.000000E+00j     1.000000E+00          l
[2024/01/07 06:16:37]         2630  alphaPorosity_2630      c     0.000000E+00   0.000000E+00+0.000000E+00j     1.000000E+00          l
[2024/01/07 06:16:37]         2631  alphaPorosity_2631      c     0.000000E+00   0.000000E+00+0.000000E+00j     1.000000E+00          l
[2024/01/07 06:16:37]         2632  alphaPorosity_2632      c     0.000000E+00   0.000000E+00+0.000000E+00j     1.000000E+00          l
[2024/01/07 06:16:37]         2633  alphaPorosity_2633      c     0.000000E+00   0.000000E+00+0.000000E+00j     1.000000E+00          l
[2024/01/07 06:16:37]         2634  alphaPorosity_2634      c     0.000000E+00   0.000000E+00+0.000000E+00j     1.000000E+00          l
[2024/01/07 06:16:37]         2635  alphaPorosity_2635      c     0.000000E+00   0.000000E+00+0.000000E+00j     1.000000E+00          l
[2024/01/07 06:16:37]         2636  alphaPorosity_2636      c     0.000000E+00   0.000000E+00+0.000000E+00j     1.000000E+00          l
[2024/01/07 06:16:37]         2637  alphaPorosity_2637      c     0.000000E+00   0.000000E+00+0.000000E+00j     1.000000E+00          l
[2024/01/07 06:16:37]         2638  alphaPorosity_2638      c     0.000000E+00   0.000000E+00+0.000000E+00j     1.000000E+00          l
[2024/01/07 06:16:37]         2639  alphaPorosity_2639      c     0.000000E+00   0.000000E+00+0.000000E+00j     1.000000E+00          l
[2024/01/07 06:16:37]         2640  alphaPorosity_2640      c     0.000000E+00   0.000000E+00+0.000000E+00j     1.000000E+00          l
[2024/01/07 06:16:37]         2641  alphaPorosity_2641      c     0.000000E+00   0.000000E+00+0.000000E+00j     1.000000E+00          l
[2024/01/07 06:16:37]         2642  alphaPorosity_2642      c     0.000000E+00   0.000000E+00+0.000000E+00j     1.000000E+00          l
[2024/01/07 06:16:37]         2643  alphaPorosity_2643      c     0.000000E+00   0.000000E+00+0.000000E+00j     1.000000E+00          l
[2024/01/07 06:16:37]         2644  alphaPorosity_2644      c     0.000000E+00   0.000000E+00+0.000000E+00j     1.000000E+00          l
[2024/01/07 06:16:37]         2645  alphaPorosity_2645      c     0.000000E+00   0.000000E+00+0.000000E+00j     1.000000E+00          l
[2024/01/07 06:16:37]         2646  alphaPorosity_2646      c     0.000000E+00   0.000000E+00+0.000000E+00j     1.000000E+00          l
[2024/01/07 06:16:37]         2647  alphaPorosity_2647      c     0.000000E+00   0.000000E+00+0.000000E+00j     1.000000E+00          l
[2024/01/07 06:16:37]         2648  alphaPorosity_2648      c     0.000000E+00   0.000000E+00+0.000000E+00j     1.000000E+00          l
[2024/01/07 06:16:37]         2649  alphaPorosity_2649      c     0.000000E+00   0.000000E+00+0.000000E+00j     1.000000E+00          l
[2024/01/07 06:16:37]         2650  alphaPorosity_2650      c     0.000000E+00   0.000000E+00+0.000000E+00j     1.000000E+00          l
[2024/01/07 06:16:37]         2651  alphaPorosity_2651      c     0.000000E+00   0.000000E+00+0.000000E+00j     1.000000E+00          l
[2024/01/07 06:16:37]         2652  alphaPorosity_2652      c     0.000000E+00   0.000000E+00+0.000000E+00j     1.000000E+00          l
[2024/01/07 06:16:37]         2653  alphaPorosity_2653      c     0.000000E+00   0.000000E+00+0.000000E+00j     1.000000E+00          l
[2024/01/07 06:16:37]         2654  alphaPorosity_2654      c     0.000000E+00   0.000000E+00+0.000000E+00j     1.000000E+00          l
[2024/01/07 06:16:37]         2655  alphaPorosity_2655      c     0.000000E+00   0.000000E+00+0.000000E+00j     1.000000E+00          l
[2024/01/07 06:16:37]         2656  alphaPorosity_2656      c     0.000000E+00   0.000000E+00+0.000000E+00j     1.000000E+00          l
[2024/01/07 06:16:37]         2657  alphaPorosity_2657      c     0.000000E+00   0.000000E+00+0.000000E+00j     1.000000E+00          l
[2024/01/07 06:16:37]         2658  alphaPorosity_2658      c     0.000000E+00   0.000000E+00+0.000000E+00j     1.000000E+00          l
[2024/01/07 06:16:37]         2659  alphaPorosity_2659      c     0.000000E+00   0.000000E+00+0.000000E+00j     1.000000E+00          l
[2024/01/07 06:16:37]         2660  alphaPorosity_2660      c     0.000000E+00   0.000000E+00+0.000000E+00j     1.000000E+00          l
[2024/01/07 06:16:37]         2661  alphaPorosity_2661      c     0.000000E+00   0.000000E+00+0.000000E+00j     1.000000E+00          l
[2024/01/07 06:16:37]         2662  alphaPorosity_2662      c     0.000000E+00   0.000000E+00+0.000000E+00j     1.000000E+00          l
[2024/01/07 06:16:37]         2663  alphaPorosity_2663      c     0.000000E+00   0.000000E+00+0.000000E+00j     1.000000E+00          l
[2024/01/07 06:16:37]         2664  alphaPorosity_2664      c     0.000000E+00   0.000000E+00+0.000000E+00j     1.000000E+00          l
[2024/01/07 06:16:37]         2665  alphaPorosity_2665      c     0.000000E+00   0.000000E+00+0.000000E+00j     1.000000E+00          l
[2024/01/07 06:16:37]         2666  alphaPorosity_2666      c     0.000000E+00   0.000000E+00+0.000000E+00j     1.000000E+00          l
[2024/01/07 06:16:37]         2667  alphaPorosity_2667      c     0.000000E+00   0.000000E+00+0.000000E+00j     1.000000E+00          l
[2024/01/07 06:16:37]         2668  alphaPorosity_2668      c     0.000000E+00   0.000000E+00+0.000000E+00j     1.000000E+00          l
[2024/01/07 06:16:37]         2669  alphaPorosity_2669      c     0.000000E+00   0.000000E+00+0.000000E+00j     1.000000E+00          l
[2024/01/07 06:16:37]         2670  alphaPorosity_2670      c     0.000000E+00   0.000000E+00+0.000000E+00j     1.000000E+00          l
[2024/01/07 06:16:37]         2671  alphaPorosity_2671      c     0.000000E+00   0.000000E+00+0.000000E+00j     1.000000E+00          l
[2024/01/07 06:16:37]         2672  alphaPorosity_2672      c     0.000000E+00   0.000000E+00+0.000000E+00j     1.000000E+00          l
[2024/01/07 06:16:37]         2673  alphaPorosity_2673      c     0.000000E+00   0.000000E+00+0.000000E+00j     1.000000E+00          l
[2024/01/07 06:16:37]         2674  alphaPorosity_2674      c     0.000000E+00   0.000000E+00+0.000000E+00j     1.000000E+00          l
[2024/01/07 06:16:37]         2675  alphaPorosity_2675      c     0.000000E+00   0.000000E+00+0.000000E+00j     1.000000E+00          l
[2024/01/07 06:16:37]         2676  alphaPorosity_2676      c     0.000000E+00   0.000000E+00+0.000000E+00j     1.000000E+00          l
[2024/01/07 06:16:37]         2677  alphaPorosity_2677      c     0.000000E+00   0.000000E+00+0.000000E+00j     1.000000E+00          l
[2024/01/07 06:16:37]         2678  alphaPorosity_2678      c     0.000000E+00   0.000000E+00+0.000000E+00j     1.000000E+00          l
[2024/01/07 06:16:37]         2679  alphaPorosity_2679      c     0.000000E+00   0.000000E+00+0.000000E+00j     1.000000E+00          l
[2024/01/07 06:16:37]         2680  alphaPorosity_2680      c     0.000000E+00   0.000000E+00+0.000000E+00j     1.000000E+00          l
[2024/01/07 06:16:37]         2681  alphaPorosity_2681      c     0.000000E+00   0.000000E+00+0.000000E+00j     1.000000E+00          l
[2024/01/07 06:16:37]         2682  alphaPorosity_2682      c     0.000000E+00   0.000000E+00+0.000000E+00j     1.000000E+00          l
[2024/01/07 06:16:37]         2683  alphaPorosity_2683      c     0.000000E+00   0.000000E+00+0.000000E+00j     1.000000E+00          l
[2024/01/07 06:16:37]         2684  alphaPorosity_2684      c     0.000000E+00   0.000000E+00+0.000000E+00j     1.000000E+00          l
[2024/01/07 06:16:37]         2685  alphaPorosity_2685      c     0.000000E+00   0.000000E+00+0.000000E+00j     1.000000E+00          l
[2024/01/07 06:16:37]         2686  alphaPorosity_2686      c     0.000000E+00   0.000000E+00+0.000000E+00j     1.000000E+00          l
[2024/01/07 06:16:37]         2687  alphaPorosity_2687      c     0.000000E+00   0.000000E+00+0.000000E+00j     1.000000E+00          l
[2024/01/07 06:16:37]         2688  alphaPorosity_2688      c     0.000000E+00   0.000000E+00+0.000000E+00j     1.000000E+00          l
[2024/01/07 06:16:37]         2689  alphaPorosity_2689      c     0.000000E+00   0.000000E+00+0.000000E+00j     1.000000E+00          l
[2024/01/07 06:16:37]         2690  alphaPorosity_2690      c     0.000000E+00   0.000000E+00+0.000000E+00j     1.000000E+00          l
[2024/01/07 06:16:37]         2691  alphaPorosity_2691      c     0.000000E+00   0.000000E+00+0.000000E+00j     1.000000E+00          l
[2024/01/07 06:16:37]         2692  alphaPorosity_2692      c     0.000000E+00   0.000000E+00+0.000000E+00j     1.000000E+00          l
[2024/01/07 06:16:37]         2693  alphaPorosity_2693      c     0.000000E+00   0.000000E+00+0.000000E+00j     1.000000E+00          l
[2024/01/07 06:16:37]         2694  alphaPorosity_2694      c     0.000000E+00   0.000000E+00+0.000000E+00j     1.000000E+00          l
[2024/01/07 06:16:37]         2695  alphaPorosity_2695      c     0.000000E+00   0.000000E+00+0.000000E+00j     1.000000E+00          l
[2024/01/07 06:16:37]         2696  alphaPorosity_2696      c     0.000000E+00   0.000000E+00+0.000000E+00j     1.000000E+00          l
[2024/01/07 06:16:37]         2697  alphaPorosity_2697      c     0.000000E+00   0.000000E+00+0.000000E+00j     1.000000E+00          l
[2024/01/07 06:16:37]         2698  alphaPorosity_2698      c     0.000000E+00   0.000000E+00+0.000000E+00j     1.000000E+00          l
[2024/01/07 06:16:37]         2699  alphaPorosity_2699      c     0.000000E+00   0.000000E+00+0.000000E+00j     1.000000E+00          l
[2024/01/07 06:16:37]         2700  alphaPorosity_2700      c     0.000000E+00   0.000000E+00+0.000000E+00j     1.000000E+00          l
[2024/01/07 06:16:37]         2701  alphaPorosity_2701      c     0.000000E+00   0.000000E+00+0.000000E+00j     1.000000E+00          l
[2024/01/07 06:16:37]         2702  alphaPorosity_2702      c     0.000000E+00   0.000000E+00+0.000000E+00j     1.000000E+00          l
[2024/01/07 06:16:37]         2703  alphaPorosity_2703      c     0.000000E+00   0.000000E+00+0.000000E+00j     1.000000E+00          l
[2024/01/07 06:16:37]         2704  alphaPorosity_2704      c     0.000000E+00   0.000000E+00+0.000000E+00j     1.000000E+00          l
[2024/01/07 06:16:37]         2705  alphaPorosity_2705      c     0.000000E+00   0.000000E+00+0.000000E+00j     1.000000E+00          l
[2024/01/07 06:16:37]         2706  alphaPorosity_2706      c     0.000000E+00   0.000000E+00+0.000000E+00j     1.000000E+00          l
[2024/01/07 06:16:37]         2707  alphaPorosity_2707      c     0.000000E+00   0.000000E+00+0.000000E+00j     1.000000E+00          l
[2024/01/07 06:16:37]         2708  alphaPorosity_2708      c     0.000000E+00   0.000000E+00+0.000000E+00j     1.000000E+00          l
[2024/01/07 06:16:37]         2709  alphaPorosity_2709      c     0.000000E+00   0.000000E+00+0.000000E+00j     1.000000E+00          l
[2024/01/07 06:16:37]         2710  alphaPorosity_2710      c     0.000000E+00   0.000000E+00+0.000000E+00j     1.000000E+00          l
[2024/01/07 06:16:37]         2711  alphaPorosity_2711      c     0.000000E+00   0.000000E+00+0.000000E+00j     1.000000E+00          l
[2024/01/07 06:16:37]         2712  alphaPorosity_2712      c     0.000000E+00   0.000000E+00+0.000000E+00j     1.000000E+00          l
[2024/01/07 06:16:37]         2713  alphaPorosity_2713      c     0.000000E+00   0.000000E+00+0.000000E+00j     1.000000E+00          l
[2024/01/07 06:16:37]         2714  alphaPorosity_2714      c     0.000000E+00   0.000000E+00+0.000000E+00j     1.000000E+00          l
[2024/01/07 06:16:37]         2715  alphaPorosity_2715      c     0.000000E+00   0.000000E+00+0.000000E+00j     1.000000E+00          l
[2024/01/07 06:16:37]         2716  alphaPorosity_2716      c     0.000000E+00   0.000000E+00+0.000000E+00j     1.000000E+00          l
[2024/01/07 06:16:37]         2717  alphaPorosity_2717      c     0.000000E+00   0.000000E+00+0.000000E+00j     1.000000E+00          l
[2024/01/07 06:16:37]         2718  alphaPorosity_2718      c     0.000000E+00   0.000000E+00+0.000000E+00j     1.000000E+00          l
[2024/01/07 06:16:37]         2719  alphaPorosity_2719      c     0.000000E+00   0.000000E+00+0.000000E+00j     1.000000E+00          l
[2024/01/07 06:16:37]         2720  alphaPorosity_2720      c     0.000000E+00   0.000000E+00+0.000000E+00j     1.000000E+00          l
[2024/01/07 06:16:37]         2721  alphaPorosity_2721      c     0.000000E+00   0.000000E+00+0.000000E+00j     1.000000E+00          l
[2024/01/07 06:16:37]         2722  alphaPorosity_2722      c     0.000000E+00   0.000000E+00+0.000000E+00j     1.000000E+00          l
[2024/01/07 06:16:37]         2723  alphaPorosity_2723      c     0.000000E+00   0.000000E+00+0.000000E+00j     1.000000E+00          l
[2024/01/07 06:16:37]         2724  alphaPorosity_2724      c     0.000000E+00   0.000000E+00+0.000000E+00j     1.000000E+00          l
[2024/01/07 06:16:37]         2725  alphaPorosity_2725      c     0.000000E+00   0.000000E+00+0.000000E+00j     1.000000E+00          l
[2024/01/07 06:16:37]         2726  alphaPorosity_2726      c     0.000000E+00   0.000000E+00+0.000000E+00j     1.000000E+00          l
[2024/01/07 06:16:37]         2727  alphaPorosity_2727      c     0.000000E+00   0.000000E+00+0.000000E+00j     1.000000E+00          l
[2024/01/07 06:16:37]         2728  alphaPorosity_2728      c     0.000000E+00   0.000000E+00+0.000000E+00j     1.000000E+00          l
[2024/01/07 06:16:37]         2729  alphaPorosity_2729      c     0.000000E+00   0.000000E+00+0.000000E+00j     1.000000E+00          l
[2024/01/07 06:16:37]         2730  alphaPorosity_2730      c     0.000000E+00   0.000000E+00+0.000000E+00j     1.000000E+00          l
[2024/01/07 06:16:37]         2731  alphaPorosity_2731      c     0.000000E+00   0.000000E+00+0.000000E+00j     1.000000E+00          l
[2024/01/07 06:16:37]         2732  alphaPorosity_2732      c     0.000000E+00   0.000000E+00+0.000000E+00j     1.000000E+00          l
[2024/01/07 06:16:37]         2733  alphaPorosity_2733      c     0.000000E+00   0.000000E+00+0.000000E+00j     1.000000E+00          l
[2024/01/07 06:16:37]         2734  alphaPorosity_2734      c     0.000000E+00   0.000000E+00+0.000000E+00j     1.000000E+00          l
[2024/01/07 06:16:37]         2735  alphaPorosity_2735      c     0.000000E+00   0.000000E+00+0.000000E+00j     1.000000E+00          l
[2024/01/07 06:16:37]         2736  alphaPorosity_2736      c     0.000000E+00   0.000000E+00+0.000000E+00j     1.000000E+00          l
[2024/01/07 06:16:37]         2737  alphaPorosity_2737      c     0.000000E+00   0.000000E+00+0.000000E+00j     1.000000E+00          l
[2024/01/07 06:16:37]         2738  alphaPorosity_2738      c     0.000000E+00   0.000000E+00+0.000000E+00j     1.000000E+00          l
[2024/01/07 06:16:37]         2739  alphaPorosity_2739      c     0.000000E+00   0.000000E+00+0.000000E+00j     1.000000E+00          l
[2024/01/07 06:16:37]         2740  alphaPorosity_2740      c     0.000000E+00   0.000000E+00+0.000000E+00j     1.000000E+00          l
[2024/01/07 06:16:37]         2741  alphaPorosity_2741      c     0.000000E+00   0.000000E+00+0.000000E+00j     1.000000E+00          l
[2024/01/07 06:16:37]         2742  alphaPorosity_2742      c     0.000000E+00   0.000000E+00+0.000000E+00j     1.000000E+00          l
[2024/01/07 06:16:37]         2743  alphaPorosity_2743      c     0.000000E+00   0.000000E+00+0.000000E+00j     1.000000E+00          l
[2024/01/07 06:16:37]         2744  alphaPorosity_2744      c     0.000000E+00   0.000000E+00+0.000000E+00j     1.000000E+00          l
[2024/01/07 06:16:37]         2745  alphaPorosity_2745      c     0.000000E+00   0.000000E+00+0.000000E+00j     1.000000E+00          l
[2024/01/07 06:16:37]         2746  alphaPorosity_2746      c     0.000000E+00   0.000000E+00+0.000000E+00j     1.000000E+00          l
[2024/01/07 06:16:37]         2747  alphaPorosity_2747      c     0.000000E+00   0.000000E+00+0.000000E+00j     1.000000E+00          l
[2024/01/07 06:16:37]         2748  alphaPorosity_2748      c     0.000000E+00   0.000000E+00+0.000000E+00j     1.000000E+00          l
[2024/01/07 06:16:37]         2749  alphaPorosity_2749      c     0.000000E+00   0.000000E+00+0.000000E+00j     1.000000E+00          l
[2024/01/07 06:16:37]         2750  alphaPorosity_2750      c     0.000000E+00   0.000000E+00+0.000000E+00j     1.000000E+00          l
[2024/01/07 06:16:37]         2751  alphaPorosity_2751      c     0.000000E+00   0.000000E+00+0.000000E+00j     1.000000E+00          l
[2024/01/07 06:16:37]         2752  alphaPorosity_2752      c     0.000000E+00   0.000000E+00+0.000000E+00j     1.000000E+00          l
[2024/01/07 06:16:37]         2753  alphaPorosity_2753      c     0.000000E+00   0.000000E+00+0.000000E+00j     1.000000E+00          l
[2024/01/07 06:16:37]         2754  alphaPorosity_2754      c     0.000000E+00   0.000000E+00+0.000000E+00j     1.000000E+00          l
[2024/01/07 06:16:37]         2755  alphaPorosity_2755      c     0.000000E+00   0.000000E+00+0.000000E+00j     1.000000E+00          l
[2024/01/07 06:16:37]         2756  alphaPorosity_2756      c     0.000000E+00   0.000000E+00+0.000000E+00j     1.000000E+00          l
[2024/01/07 06:16:37]         2757  alphaPorosity_2757      c     0.000000E+00   0.000000E+00+0.000000E+00j     1.000000E+00          l
[2024/01/07 06:16:37]         2758  alphaPorosity_2758      c     0.000000E+00   0.000000E+00+0.000000E+00j     1.000000E+00          l
[2024/01/07 06:16:37]         2759  alphaPorosity_2759      c     0.000000E+00   0.000000E+00+0.000000E+00j     1.000000E+00          l
[2024/01/07 06:16:37]         2760  alphaPorosity_2760      c     0.000000E+00   0.000000E+00+0.000000E+00j     1.000000E+00          l
[2024/01/07 06:16:37]         2761  alphaPorosity_2761      c     0.000000E+00   0.000000E+00+0.000000E+00j     1.000000E+00          l
[2024/01/07 06:16:37]         2762  alphaPorosity_2762      c     0.000000E+00   0.000000E+00+0.000000E+00j     1.000000E+00          l
[2024/01/07 06:16:37]         2763  alphaPorosity_2763      c     0.000000E+00   0.000000E+00+0.000000E+00j     1.000000E+00          l
[2024/01/07 06:16:37]         2764  alphaPorosity_2764      c     0.000000E+00   0.000000E+00+0.000000E+00j     1.000000E+00          l
[2024/01/07 06:16:37]         2765  alphaPorosity_2765      c     0.000000E+00   0.000000E+00+0.000000E+00j     1.000000E+00          l
[2024/01/07 06:16:37]         2766  alphaPorosity_2766      c     0.000000E+00   0.000000E+00+0.000000E+00j     1.000000E+00          l
[2024/01/07 06:16:37]         2767  alphaPorosity_2767      c     0.000000E+00   0.000000E+00+0.000000E+00j     1.000000E+00          l
[2024/01/07 06:16:37]         2768  alphaPorosity_2768      c     0.000000E+00   0.000000E+00+0.000000E+00j     1.000000E+00          l
[2024/01/07 06:16:37]         2769  alphaPorosity_2769      c     0.000000E+00   0.000000E+00+0.000000E+00j     1.000000E+00          l
[2024/01/07 06:16:37]         2770  alphaPorosity_2770      c     0.000000E+00   0.000000E+00+0.000000E+00j     1.000000E+00          l
[2024/01/07 06:16:37]         2771  alphaPorosity_2771      c     0.000000E+00   0.000000E+00+0.000000E+00j     1.000000E+00          l
[2024/01/07 06:16:37]         2772  alphaPorosity_2772      c     0.000000E+00   0.000000E+00+0.000000E+00j     1.000000E+00          l
[2024/01/07 06:16:37]         2773  alphaPorosity_2773      c     0.000000E+00   0.000000E+00+0.000000E+00j     1.000000E+00          l
[2024/01/07 06:16:37]         2774  alphaPorosity_2774      c     0.000000E+00   0.000000E+00+0.000000E+00j     1.000000E+00          l
[2024/01/07 06:16:37]         2775  alphaPorosity_2775      c     0.000000E+00   0.000000E+00+0.000000E+00j     1.000000E+00          l
[2024/01/07 06:16:37]         2776  alphaPorosity_2776      c     0.000000E+00   0.000000E+00+0.000000E+00j     1.000000E+00          l
[2024/01/07 06:16:37]         2777  alphaPorosity_2777      c     0.000000E+00   0.000000E+00+0.000000E+00j     1.000000E+00          l
[2024/01/07 06:16:37]         2778  alphaPorosity_2778      c     0.000000E+00   0.000000E+00+0.000000E+00j     1.000000E+00          l
[2024/01/07 06:16:37]         2779  alphaPorosity_2779      c     0.000000E+00   0.000000E+00+0.000000E+00j     1.000000E+00          l
[2024/01/07 06:16:37]         2780  alphaPorosity_2780      c     0.000000E+00   0.000000E+00+0.000000E+00j     1.000000E+00          l
[2024/01/07 06:16:37]         2781  alphaPorosity_2781      c     0.000000E+00   0.000000E+00+0.000000E+00j     1.000000E+00          l
[2024/01/07 06:16:37]         2782  alphaPorosity_2782      c     0.000000E+00   0.000000E+00+0.000000E+00j     1.000000E+00          l
[2024/01/07 06:16:37]         2783  alphaPorosity_2783      c     0.000000E+00   0.000000E+00+0.000000E+00j     1.000000E+00          l
[2024/01/07 06:16:37]         2784  alphaPorosity_2784      c     0.000000E+00   0.000000E+00+0.000000E+00j     1.000000E+00          l
[2024/01/07 06:16:37]         2785  alphaPorosity_2785      c     0.000000E+00   0.000000E+00+0.000000E+00j     1.000000E+00          l
[2024/01/07 06:16:37]         2786  alphaPorosity_2786      c     0.000000E+00   0.000000E+00+0.000000E+00j     1.000000E+00          l
[2024/01/07 06:16:37]         2787  alphaPorosity_2787      c     0.000000E+00   0.000000E+00+0.000000E+00j     1.000000E+00          l
[2024/01/07 06:16:37]         2788  alphaPorosity_2788      c     0.000000E+00   0.000000E+00+0.000000E+00j     1.000000E+00          l
[2024/01/07 06:16:37]         2789  alphaPorosity_2789      c     0.000000E+00   0.000000E+00+0.000000E+00j     1.000000E+00          l
[2024/01/07 06:16:37]         2790  alphaPorosity_2790      c     0.000000E+00   0.000000E+00+0.000000E+00j     1.000000E+00          l
[2024/01/07 06:16:37]         2791  alphaPorosity_2791      c     0.000000E+00   0.000000E+00+0.000000E+00j     1.000000E+00          l
[2024/01/07 06:16:37]         2792  alphaPorosity_2792      c     0.000000E+00   0.000000E+00+0.000000E+00j     1.000000E+00          l
[2024/01/07 06:16:37]         2793  alphaPorosity_2793      c     0.000000E+00   0.000000E+00+0.000000E+00j     1.000000E+00          l
[2024/01/07 06:16:37]         2794  alphaPorosity_2794      c     0.000000E+00   0.000000E+00+0.000000E+00j     1.000000E+00          l
[2024/01/07 06:16:37]         2795  alphaPorosity_2795      c     0.000000E+00   0.000000E+00+0.000000E+00j     1.000000E+00          l
[2024/01/07 06:16:37]         2796  alphaPorosity_2796      c     0.000000E+00   0.000000E+00+0.000000E+00j     1.000000E+00          l
[2024/01/07 06:16:37]         2797  alphaPorosity_2797      c     0.000000E+00   0.000000E+00+0.000000E+00j     1.000000E+00          l
[2024/01/07 06:16:37]         2798  alphaPorosity_2798      c     0.000000E+00   0.000000E+00+0.000000E+00j     1.000000E+00          l
[2024/01/07 06:16:37]         2799  alphaPorosity_2799      c     0.000000E+00   0.000000E+00+0.000000E+00j     1.000000E+00          l
[2024/01/07 06:16:37]         2800  alphaPorosity_2800      c     0.000000E+00   0.000000E+00+0.000000E+00j     1.000000E+00          l
[2024/01/07 06:16:37]         2801  alphaPorosity_2801      c     0.000000E+00   0.000000E+00+0.000000E+00j     1.000000E+00          l
[2024/01/07 06:16:37]         2802  alphaPorosity_2802      c     0.000000E+00   0.000000E+00+0.000000E+00j     1.000000E+00          l
[2024/01/07 06:16:37]         2803  alphaPorosity_2803      c     0.000000E+00   0.000000E+00+0.000000E+00j     1.000000E+00          l
[2024/01/07 06:16:37]         2804  alphaPorosity_2804      c     0.000000E+00   0.000000E+00+0.000000E+00j     1.000000E+00          l
[2024/01/07 06:16:37]         2805  alphaPorosity_2805      c     0.000000E+00   0.000000E+00+0.000000E+00j     1.000000E+00          l
[2024/01/07 06:16:37]         2806  alphaPorosity_2806      c     0.000000E+00   0.000000E+00+0.000000E+00j     1.000000E+00          l
[2024/01/07 06:16:37]         2807  alphaPorosity_2807      c     0.000000E+00   0.000000E+00+0.000000E+00j     1.000000E+00          l
[2024/01/07 06:16:37]         2808  alphaPorosity_2808      c     0.000000E+00   0.000000E+00+0.000000E+00j     1.000000E+00          l
[2024/01/07 06:16:37]         2809  alphaPorosity_2809      c     0.000000E+00   0.000000E+00+0.000000E+00j     1.000000E+00          l
[2024/01/07 06:16:37]         2810  alphaPorosity_2810      c     0.000000E+00   0.000000E+00+0.000000E+00j     1.000000E+00          l
[2024/01/07 06:16:37]         2811  alphaPorosity_2811      c     0.000000E+00   0.000000E+00+0.000000E+00j     1.000000E+00          l
[2024/01/07 06:16:37]         2812  alphaPorosity_2812      c     0.000000E+00   0.000000E+00+0.000000E+00j     1.000000E+00          l
[2024/01/07 06:16:37]         2813  alphaPorosity_2813      c     0.000000E+00   0.000000E+00+0.000000E+00j     1.000000E+00          l
[2024/01/07 06:16:37]         2814  alphaPorosity_2814      c     0.000000E+00   0.000000E+00+0.000000E+00j     1.000000E+00          l
[2024/01/07 06:16:37]         2815  alphaPorosity_2815      c     0.000000E+00   0.000000E+00+0.000000E+00j     1.000000E+00          l
[2024/01/07 06:16:37]         2816  alphaPorosity_2816      c     0.000000E+00   0.000000E+00+0.000000E+00j     1.000000E+00          l
[2024/01/07 06:16:37]         2817  alphaPorosity_2817      c     0.000000E+00   0.000000E+00+0.000000E+00j     1.000000E+00          l
[2024/01/07 06:16:37]         2818  alphaPorosity_2818      c     0.000000E+00   0.000000E+00+0.000000E+00j     1.000000E+00          l
[2024/01/07 06:16:37]         2819  alphaPorosity_2819      c     0.000000E+00   0.000000E+00+0.000000E+00j     1.000000E+00          l
[2024/01/07 06:16:37]         2820  alphaPorosity_2820      c     0.000000E+00   0.000000E+00+0.000000E+00j     1.000000E+00          l
[2024/01/07 06:16:37]         2821  alphaPorosity_2821      c     0.000000E+00   0.000000E+00+0.000000E+00j     1.000000E+00          l
[2024/01/07 06:16:37]         2822  alphaPorosity_2822      c     0.000000E+00   0.000000E+00+0.000000E+00j     1.000000E+00          l
[2024/01/07 06:16:37]         2823  alphaPorosity_2823      c     0.000000E+00   0.000000E+00+0.000000E+00j     1.000000E+00          l
[2024/01/07 06:16:37]         2824  alphaPorosity_2824      c     0.000000E+00   0.000000E+00+0.000000E+00j     1.000000E+00          l
[2024/01/07 06:16:37]         2825  alphaPorosity_2825      c     0.000000E+00   0.000000E+00+0.000000E+00j     1.000000E+00          l
[2024/01/07 06:16:37]         2826  alphaPorosity_2826      c     0.000000E+00   0.000000E+00+0.000000E+00j     1.000000E+00          l
[2024/01/07 06:16:37]         2827  alphaPorosity_2827      c     0.000000E+00   0.000000E+00+0.000000E+00j     1.000000E+00          l
[2024/01/07 06:16:37]         2828  alphaPorosity_2828      c     0.000000E+00   0.000000E+00+0.000000E+00j     1.000000E+00          l
[2024/01/07 06:16:37]         2829  alphaPorosity_2829      c     0.000000E+00   0.000000E+00+0.000000E+00j     1.000000E+00          l
[2024/01/07 06:16:37]         2830  alphaPorosity_2830      c     0.000000E+00   0.000000E+00+0.000000E+00j     1.000000E+00          l
[2024/01/07 06:16:37]         2831  alphaPorosity_2831      c     0.000000E+00   0.000000E+00+0.000000E+00j     1.000000E+00          l
[2024/01/07 06:16:37]         2832  alphaPorosity_2832      c     0.000000E+00   0.000000E+00+0.000000E+00j     1.000000E+00          l
[2024/01/07 06:16:37]         2833  alphaPorosity_2833      c     0.000000E+00   0.000000E+00+0.000000E+00j     1.000000E+00          l
[2024/01/07 06:16:37]         2834  alphaPorosity_2834      c     0.000000E+00   0.000000E+00+0.000000E+00j     1.000000E+00          l
[2024/01/07 06:16:37]         2835  alphaPorosity_2835      c     0.000000E+00   0.000000E+00+0.000000E+00j     1.000000E+00          l
[2024/01/07 06:16:37]         2836  alphaPorosity_2836      c     0.000000E+00   0.000000E+00+0.000000E+00j     1.000000E+00          l
[2024/01/07 06:16:37]         2837  alphaPorosity_2837      c     0.000000E+00   0.000000E+00+0.000000E+00j     1.000000E+00          l
[2024/01/07 06:16:37]         2838  alphaPorosity_2838      c     0.000000E+00   0.000000E+00+0.000000E+00j     1.000000E+00          l
[2024/01/07 06:16:37]         2839  alphaPorosity_2839      c     0.000000E+00   0.000000E+00+0.000000E+00j     1.000000E+00          l
[2024/01/07 06:16:37]         2840  alphaPorosity_2840      c     0.000000E+00   0.000000E+00+0.000000E+00j     1.000000E+00          l
[2024/01/07 06:16:37]         2841  alphaPorosity_2841      c     0.000000E+00   0.000000E+00+0.000000E+00j     1.000000E+00          l
[2024/01/07 06:16:37]         2842  alphaPorosity_2842      c     0.000000E+00   0.000000E+00+0.000000E+00j     1.000000E+00          l
[2024/01/07 06:16:37]         2843  alphaPorosity_2843      c     0.000000E+00   0.000000E+00+0.000000E+00j     1.000000E+00          l
[2024/01/07 06:16:37]         2844  alphaPorosity_2844      c     0.000000E+00   0.000000E+00+0.000000E+00j     1.000000E+00          l
[2024/01/07 06:16:37]         2845  alphaPorosity_2845      c     0.000000E+00   0.000000E+00+0.000000E+00j     1.000000E+00          l
[2024/01/07 06:16:37]         2846  alphaPorosity_2846      c     0.000000E+00   0.000000E+00+0.000000E+00j     1.000000E+00          l
[2024/01/07 06:16:37]         2847  alphaPorosity_2847      c     0.000000E+00   0.000000E+00+0.000000E+00j     1.000000E+00          l
[2024/01/07 06:16:37]         2848  alphaPorosity_2848      c     0.000000E+00   0.000000E+00+0.000000E+00j     1.000000E+00          l
[2024/01/07 06:16:37]         2849  alphaPorosity_2849      c     0.000000E+00   0.000000E+00+0.000000E+00j     1.000000E+00          l
[2024/01/07 06:16:37]         2850  alphaPorosity_2850      c     0.000000E+00   0.000000E+00+0.000000E+00j     1.000000E+00          l
[2024/01/07 06:16:37]         2851  alphaPorosity_2851      c     0.000000E+00   0.000000E+00+0.000000E+00j     1.000000E+00          l
[2024/01/07 06:16:37]         2852  alphaPorosity_2852      c     0.000000E+00   0.000000E+00+0.000000E+00j     1.000000E+00          l
[2024/01/07 06:16:37]         2853  alphaPorosity_2853      c     0.000000E+00   0.000000E+00+0.000000E+00j     1.000000E+00          l
[2024/01/07 06:16:37]         2854  alphaPorosity_2854      c     0.000000E+00   0.000000E+00+0.000000E+00j     1.000000E+00          l
[2024/01/07 06:16:37]         2855  alphaPorosity_2855      c     0.000000E+00   0.000000E+00+0.000000E+00j     1.000000E+00          l
[2024/01/07 06:16:37]         2856  alphaPorosity_2856      c     0.000000E+00   0.000000E+00+0.000000E+00j     1.000000E+00          l
[2024/01/07 06:16:37]         2857  alphaPorosity_2857      c     0.000000E+00   0.000000E+00+0.000000E+00j     1.000000E+00          l
[2024/01/07 06:16:37]         2858  alphaPorosity_2858      c     0.000000E+00   0.000000E+00+0.000000E+00j     1.000000E+00          l
[2024/01/07 06:16:37]         2859  alphaPorosity_2859      c     0.000000E+00   0.000000E+00+0.000000E+00j     1.000000E+00          l
[2024/01/07 06:16:37]         2860  alphaPorosity_2860      c     0.000000E+00   0.000000E+00+0.000000E+00j     1.000000E+00          l
[2024/01/07 06:16:37]         2861  alphaPorosity_2861      c     0.000000E+00   0.000000E+00+0.000000E+00j     1.000000E+00          l
[2024/01/07 06:16:37]         2862  alphaPorosity_2862      c     0.000000E+00   0.000000E+00+0.000000E+00j     1.000000E+00          l
[2024/01/07 06:16:37]         2863  alphaPorosity_2863      c     0.000000E+00   0.000000E+00+0.000000E+00j     1.000000E+00          l
[2024/01/07 06:16:37]         2864  alphaPorosity_2864      c     0.000000E+00   0.000000E+00+0.000000E+00j     1.000000E+00          l
[2024/01/07 06:16:37]         2865  alphaPorosity_2865      c     0.000000E+00   0.000000E+00+0.000000E+00j     1.000000E+00          l
[2024/01/07 06:16:37]         2866  alphaPorosity_2866      c     0.000000E+00   0.000000E+00+0.000000E+00j     1.000000E+00          l
[2024/01/07 06:16:37]         2867  alphaPorosity_2867      c     0.000000E+00   0.000000E+00+0.000000E+00j     1.000000E+00          l
[2024/01/07 06:16:37]         2868  alphaPorosity_2868      c     0.000000E+00   0.000000E+00+0.000000E+00j     1.000000E+00          l
[2024/01/07 06:16:37]         2869  alphaPorosity_2869      c     0.000000E+00   0.000000E+00+0.000000E+00j     1.000000E+00          l
[2024/01/07 06:16:37]         2870  alphaPorosity_2870      c     0.000000E+00   0.000000E+00+0.000000E+00j     1.000000E+00          l
[2024/01/07 06:16:37]         2871  alphaPorosity_2871      c     0.000000E+00   0.000000E+00+0.000000E+00j     1.000000E+00          l
[2024/01/07 06:16:37]         2872  alphaPorosity_2872      c     0.000000E+00   0.000000E+00+0.000000E+00j     1.000000E+00          l
[2024/01/07 06:16:37]         2873  alphaPorosity_2873      c     0.000000E+00   0.000000E+00+0.000000E+00j     1.000000E+00          l
[2024/01/07 06:16:37]         2874  alphaPorosity_2874      c     0.000000E+00   0.000000E+00+0.000000E+00j     1.000000E+00          l
[2024/01/07 06:16:37]         2875  alphaPorosity_2875      c     0.000000E+00   0.000000E+00+0.000000E+00j     1.000000E+00          l
[2024/01/07 06:16:37]         2876  alphaPorosity_2876      c     0.000000E+00   0.000000E+00+0.000000E+00j     1.000000E+00          l
[2024/01/07 06:16:37]         2877  alphaPorosity_2877      c     0.000000E+00   0.000000E+00+0.000000E+00j     1.000000E+00          l
[2024/01/07 06:16:37]         2878  alphaPorosity_2878      c     0.000000E+00   0.000000E+00+0.000000E+00j     1.000000E+00          l
[2024/01/07 06:16:37]         2879  alphaPorosity_2879      c     0.000000E+00   0.000000E+00+0.000000E+00j     1.000000E+00          l
[2024/01/07 06:16:37]         2880  alphaPorosity_2880      c     0.000000E+00   0.000000E+00+0.000000E+00j     1.000000E+00          l
[2024/01/07 06:16:37]         2881  alphaPorosity_2881      c     0.000000E+00   0.000000E+00+0.000000E+00j     1.000000E+00          l
[2024/01/07 06:16:37]         2882  alphaPorosity_2882      c     0.000000E+00   0.000000E+00+0.000000E+00j     1.000000E+00          l
[2024/01/07 06:16:37]         2883  alphaPorosity_2883      c     0.000000E+00   0.000000E+00+0.000000E+00j     1.000000E+00          l
[2024/01/07 06:16:37]         2884  alphaPorosity_2884      c     0.000000E+00   0.000000E+00+0.000000E+00j     1.000000E+00          l
[2024/01/07 06:16:37]         2885  alphaPorosity_2885      c     0.000000E+00   0.000000E+00+0.000000E+00j     1.000000E+00          l
[2024/01/07 06:16:37]         2886  alphaPorosity_2886      c     0.000000E+00   0.000000E+00+0.000000E+00j     1.000000E+00          l
[2024/01/07 06:16:37]         2887  alphaPorosity_2887      c     0.000000E+00   0.000000E+00+0.000000E+00j     1.000000E+00          l
[2024/01/07 06:16:37]         2888  alphaPorosity_2888      c     0.000000E+00   0.000000E+00+0.000000E+00j     1.000000E+00          l
[2024/01/07 06:16:37]         2889  alphaPorosity_2889      c     0.000000E+00   0.000000E+00+0.000000E+00j     1.000000E+00          l
[2024/01/07 06:16:37]         2890  alphaPorosity_2890      c     0.000000E+00   0.000000E+00+0.000000E+00j     1.000000E+00          l
[2024/01/07 06:16:37]         2891  alphaPorosity_2891      c     0.000000E+00   0.000000E+00+0.000000E+00j     1.000000E+00          l
[2024/01/07 06:16:37]         2892  alphaPorosity_2892      c     0.000000E+00   0.000000E+00+0.000000E+00j     1.000000E+00          l
[2024/01/07 06:16:37]         2893  alphaPorosity_2893      c     0.000000E+00   0.000000E+00+0.000000E+00j     1.000000E+00          l
[2024/01/07 06:16:37]         2894  alphaPorosity_2894      c     0.000000E+00   0.000000E+00+0.000000E+00j     1.000000E+00          l
[2024/01/07 06:16:37]         2895  alphaPorosity_2895      c     0.000000E+00   0.000000E+00+0.000000E+00j     1.000000E+00          l
[2024/01/07 06:16:37]         2896  alphaPorosity_2896      c     0.000000E+00   0.000000E+00+0.000000E+00j     1.000000E+00          l
[2024/01/07 06:16:37]         2897  alphaPorosity_2897      c     0.000000E+00   0.000000E+00+0.000000E+00j     1.000000E+00          l
[2024/01/07 06:16:37]         2898  alphaPorosity_2898      c     0.000000E+00   0.000000E+00+0.000000E+00j     1.000000E+00          l
[2024/01/07 06:16:37]         2899  alphaPorosity_2899      c     0.000000E+00   0.000000E+00+0.000000E+00j     1.000000E+00          l
[2024/01/07 06:16:37]         2900  alphaPorosity_2900      c     0.000000E+00   0.000000E+00+0.000000E+00j     1.000000E+00          l
[2024/01/07 06:16:37]         2901  alphaPorosity_2901      c     0.000000E+00   0.000000E+00+0.000000E+00j     1.000000E+00          l
[2024/01/07 06:16:37]         2902  alphaPorosity_2902      c     0.000000E+00   0.000000E+00+0.000000E+00j     1.000000E+00          l
[2024/01/07 06:16:37]         2903  alphaPorosity_2903      c     0.000000E+00   0.000000E+00+0.000000E+00j     1.000000E+00          l
[2024/01/07 06:16:37]         2904  alphaPorosity_2904      c     0.000000E+00   0.000000E+00+0.000000E+00j     1.000000E+00          l
[2024/01/07 06:16:37]         2905  alphaPorosity_2905      c     0.000000E+00   0.000000E+00+0.000000E+00j     1.000000E+00          l
[2024/01/07 06:16:37]         2906  alphaPorosity_2906      c     0.000000E+00   0.000000E+00+0.000000E+00j     1.000000E+00          l
[2024/01/07 06:16:37]         2907  alphaPorosity_2907      c     0.000000E+00   0.000000E+00+0.000000E+00j     1.000000E+00          l
[2024/01/07 06:16:37]         2908  alphaPorosity_2908      c     0.000000E+00   0.000000E+00+0.000000E+00j     1.000000E+00          l
[2024/01/07 06:16:37]         2909  alphaPorosity_2909      c     0.000000E+00   0.000000E+00+0.000000E+00j     1.000000E+00          l
[2024/01/07 06:16:37]         2910  alphaPorosity_2910      c     0.000000E+00   0.000000E+00+0.000000E+00j     1.000000E+00          l
[2024/01/07 06:16:37]         2911  alphaPorosity_2911      c     0.000000E+00   0.000000E+00+0.000000E+00j     1.000000E+00          l
[2024/01/07 06:16:37]         2912  alphaPorosity_2912      c     0.000000E+00   0.000000E+00+0.000000E+00j     1.000000E+00          l
[2024/01/07 06:16:37]         2913  alphaPorosity_2913      c     0.000000E+00   0.000000E+00+0.000000E+00j     1.000000E+00          l
[2024/01/07 06:16:37]         2914  alphaPorosity_2914      c     0.000000E+00   0.000000E+00+0.000000E+00j     1.000000E+00          l
[2024/01/07 06:16:37]         2915  alphaPorosity_2915      c     0.000000E+00   0.000000E+00+0.000000E+00j     1.000000E+00          l
[2024/01/07 06:16:37]         2916  alphaPorosity_2916      c     0.000000E+00   0.000000E+00+0.000000E+00j     1.000000E+00          l
[2024/01/07 06:16:37]         2917  alphaPorosity_2917      c     0.000000E+00   0.000000E+00+0.000000E+00j     1.000000E+00          l
[2024/01/07 06:16:37]         2918  alphaPorosity_2918      c     0.000000E+00   0.000000E+00+0.000000E+00j     1.000000E+00          l
[2024/01/07 06:16:37]         2919  alphaPorosity_2919      c     0.000000E+00   0.000000E+00+0.000000E+00j     1.000000E+00          l
[2024/01/07 06:16:37]         2920  alphaPorosity_2920      c     0.000000E+00   0.000000E+00+0.000000E+00j     1.000000E+00          l
[2024/01/07 06:16:37]         2921  alphaPorosity_2921      c     0.000000E+00   0.000000E+00+0.000000E+00j     1.000000E+00          l
[2024/01/07 06:16:37]         2922  alphaPorosity_2922      c     0.000000E+00   0.000000E+00+0.000000E+00j     1.000000E+00          l
[2024/01/07 06:16:37]         2923  alphaPorosity_2923      c     0.000000E+00   0.000000E+00+0.000000E+00j     1.000000E+00          l
[2024/01/07 06:16:37]         2924  alphaPorosity_2924      c     0.000000E+00   0.000000E+00+0.000000E+00j     1.000000E+00          l
[2024/01/07 06:16:37]         2925  alphaPorosity_2925      c     0.000000E+00   0.000000E+00+0.000000E+00j     1.000000E+00          l
[2024/01/07 06:16:37]         2926  alphaPorosity_2926      c     0.000000E+00   0.000000E+00+0.000000E+00j     1.000000E+00          l
[2024/01/07 06:16:37]         2927  alphaPorosity_2927      c     0.000000E+00   0.000000E+00+0.000000E+00j     1.000000E+00          l
[2024/01/07 06:16:37]         2928  alphaPorosity_2928      c     0.000000E+00   0.000000E+00+0.000000E+00j     1.000000E+00          l
[2024/01/07 06:16:37]         2929  alphaPorosity_2929      c     0.000000E+00   0.000000E+00+0.000000E+00j     1.000000E+00          l
[2024/01/07 06:16:37]         2930  alphaPorosity_2930      c     0.000000E+00   0.000000E+00+0.000000E+00j     1.000000E+00          l
[2024/01/07 06:16:37]         2931  alphaPorosity_2931      c     0.000000E+00   0.000000E+00+0.000000E+00j     1.000000E+00          l
[2024/01/07 06:16:37]         2932  alphaPorosity_2932      c     0.000000E+00   0.000000E+00+0.000000E+00j     1.000000E+00          l
[2024/01/07 06:16:37]         2933  alphaPorosity_2933      c     0.000000E+00   0.000000E+00+0.000000E+00j     1.000000E+00          l
[2024/01/07 06:16:37]         2934  alphaPorosity_2934      c     0.000000E+00   0.000000E+00+0.000000E+00j     1.000000E+00          l
[2024/01/07 06:16:37]         2935  alphaPorosity_2935      c     0.000000E+00   0.000000E+00+0.000000E+00j     1.000000E+00          l
[2024/01/07 06:16:37]         2936  alphaPorosity_2936      c     0.000000E+00   0.000000E+00+0.000000E+00j     1.000000E+00          l
[2024/01/07 06:16:37]         2937  alphaPorosity_2937      c     0.000000E+00   0.000000E+00+0.000000E+00j     1.000000E+00          l
[2024/01/07 06:16:37]         2938  alphaPorosity_2938      c     0.000000E+00   0.000000E+00+0.000000E+00j     1.000000E+00          l
[2024/01/07 06:16:37]         2939  alphaPorosity_2939      c     0.000000E+00   0.000000E+00+0.000000E+00j     1.000000E+00          l
[2024/01/07 06:16:37]         2940  alphaPorosity_2940      c     0.000000E+00   0.000000E+00+0.000000E+00j     1.000000E+00          l
[2024/01/07 06:16:37]         2941  alphaPorosity_2941      c     0.000000E+00   0.000000E+00+0.000000E+00j     1.000000E+00          l
[2024/01/07 06:16:37]         2942  alphaPorosity_2942      c     0.000000E+00   0.000000E+00+0.000000E+00j     1.000000E+00          l
[2024/01/07 06:16:37]         2943  alphaPorosity_2943      c     0.000000E+00   0.000000E+00+0.000000E+00j     1.000000E+00          l
[2024/01/07 06:16:37]         2944  alphaPorosity_2944      c     0.000000E+00   0.000000E+00+0.000000E+00j     1.000000E+00          l
[2024/01/07 06:16:37]         2945  alphaPorosity_2945      c     0.000000E+00   0.000000E+00+0.000000E+00j     1.000000E+00          l
[2024/01/07 06:16:37]         2946  alphaPorosity_2946      c     0.000000E+00   0.000000E+00+0.000000E+00j     1.000000E+00          l
[2024/01/07 06:16:37]         2947  alphaPorosity_2947      c     0.000000E+00   0.000000E+00+0.000000E+00j     1.000000E+00          l
[2024/01/07 06:16:37]         2948  alphaPorosity_2948      c     0.000000E+00   0.000000E+00+0.000000E+00j     1.000000E+00          l
[2024/01/07 06:16:37]         2949  alphaPorosity_2949      c     0.000000E+00   0.000000E+00+0.000000E+00j     1.000000E+00          l
[2024/01/07 06:16:37]         2950  alphaPorosity_2950      c     0.000000E+00   0.000000E+00+0.000000E+00j     1.000000E+00          l
[2024/01/07 06:16:37]         2951  alphaPorosity_2951      c     0.000000E+00   0.000000E+00+0.000000E+00j     1.000000E+00          l
[2024/01/07 06:16:37]         2952  alphaPorosity_2952      c     0.000000E+00   0.000000E+00+0.000000E+00j     1.000000E+00          l
[2024/01/07 06:16:37]         2953  alphaPorosity_2953      c     0.000000E+00   0.000000E+00+0.000000E+00j     1.000000E+00          l
[2024/01/07 06:16:37]         2954  alphaPorosity_2954      c     0.000000E+00   0.000000E+00+0.000000E+00j     1.000000E+00          l
[2024/01/07 06:16:37]         2955  alphaPorosity_2955      c     0.000000E+00   0.000000E+00+0.000000E+00j     1.000000E+00          l
[2024/01/07 06:16:37]         2956  alphaPorosity_2956      c     0.000000E+00   0.000000E+00+0.000000E+00j     1.000000E+00          l
[2024/01/07 06:16:37]         2957  alphaPorosity_2957      c     0.000000E+00   0.000000E+00+0.000000E+00j     1.000000E+00          l
[2024/01/07 06:16:37]         2958  alphaPorosity_2958      c     0.000000E+00   0.000000E+00+0.000000E+00j     1.000000E+00          l
[2024/01/07 06:16:37]         2959  alphaPorosity_2959      c     0.000000E+00   0.000000E+00+0.000000E+00j     1.000000E+00          l
[2024/01/07 06:16:37]         2960  alphaPorosity_2960      c     0.000000E+00   0.000000E+00+0.000000E+00j     1.000000E+00          l
[2024/01/07 06:16:37]         2961  alphaPorosity_2961      c     0.000000E+00   0.000000E+00+0.000000E+00j     1.000000E+00          l
[2024/01/07 06:16:37]         2962  alphaPorosity_2962      c     0.000000E+00   0.000000E+00+0.000000E+00j     1.000000E+00          l
[2024/01/07 06:16:37]         2963  alphaPorosity_2963      c     0.000000E+00   0.000000E+00+0.000000E+00j     1.000000E+00          l
[2024/01/07 06:16:37]         2964  alphaPorosity_2964      c     0.000000E+00   0.000000E+00+0.000000E+00j     1.000000E+00          l
[2024/01/07 06:16:37]         2965  alphaPorosity_2965      c     0.000000E+00   0.000000E+00+0.000000E+00j     1.000000E+00          l
[2024/01/07 06:16:37]         2966  alphaPorosity_2966      c     0.000000E+00   0.000000E+00+0.000000E+00j     1.000000E+00          l
[2024/01/07 06:16:37]         2967  alphaPorosity_2967      c     0.000000E+00   0.000000E+00+0.000000E+00j     1.000000E+00          l
[2024/01/07 06:16:37]         2968  alphaPorosity_2968      c     0.000000E+00   0.000000E+00+0.000000E+00j     1.000000E+00          l
[2024/01/07 06:16:37]         2969  alphaPorosity_2969      c     0.000000E+00   0.000000E+00+0.000000E+00j     1.000000E+00          l
[2024/01/07 06:16:37]         2970  alphaPorosity_2970      c     0.000000E+00   0.000000E+00+0.000000E+00j     1.000000E+00          l
[2024/01/07 06:16:37]         2971  alphaPorosity_2971      c     0.000000E+00   0.000000E+00+0.000000E+00j     1.000000E+00          l
[2024/01/07 06:16:38]         2972  alphaPorosity_2972      c     0.000000E+00   0.000000E+00+0.000000E+00j     1.000000E+00          l
[2024/01/07 06:16:38]         2973  alphaPorosity_2973      c     0.000000E+00   0.000000E+00+0.000000E+00j     1.000000E+00          l
[2024/01/07 06:16:38]         2974  alphaPorosity_2974      c     0.000000E+00   0.000000E+00+0.000000E+00j     1.000000E+00          l
[2024/01/07 06:16:38]         2975  alphaPorosity_2975      c     0.000000E+00   0.000000E+00+0.000000E+00j     1.000000E+00          l
[2024/01/07 06:16:38]         2976  alphaPorosity_2976      c     0.000000E+00   0.000000E+00+0.000000E+00j     1.000000E+00          l
[2024/01/07 06:16:38]         2977  alphaPorosity_2977      c     0.000000E+00   0.000000E+00+0.000000E+00j     1.000000E+00          l
[2024/01/07 06:16:38]         2978  alphaPorosity_2978      c     0.000000E+00   0.000000E+00+0.000000E+00j     1.000000E+00          l
[2024/01/07 06:16:38]         2979  alphaPorosity_2979      c     0.000000E+00   0.000000E+00+0.000000E+00j     1.000000E+00          l
[2024/01/07 06:16:38]         2980  alphaPorosity_2980      c     0.000000E+00   0.000000E+00+0.000000E+00j     1.000000E+00          l
[2024/01/07 06:16:38]         2981  alphaPorosity_2981      c     0.000000E+00   0.000000E+00+0.000000E+00j     1.000000E+00          l
[2024/01/07 06:16:38]         2982  alphaPorosity_2982      c     0.000000E+00   0.000000E+00+0.000000E+00j     1.000000E+00          l
[2024/01/07 06:16:38]         2983  alphaPorosity_2983      c     0.000000E+00   0.000000E+00+0.000000E+00j     1.000000E+00          l
[2024/01/07 06:16:38]         2984  alphaPorosity_2984      c     0.000000E+00   0.000000E+00+0.000000E+00j     1.000000E+00          l
[2024/01/07 06:16:38]         2985  alphaPorosity_2985      c     0.000000E+00   0.000000E+00+0.000000E+00j     1.000000E+00          l
[2024/01/07 06:16:38]         2986  alphaPorosity_2986      c     0.000000E+00   0.000000E+00+0.000000E+00j     1.000000E+00          l
[2024/01/07 06:16:38]         2987  alphaPorosity_2987      c     0.000000E+00   0.000000E+00+0.000000E+00j     1.000000E+00          l
[2024/01/07 06:16:38]         2988  alphaPorosity_2988      c     0.000000E+00   0.000000E+00+0.000000E+00j     1.000000E+00          l
[2024/01/07 06:16:38]         2989  alphaPorosity_2989      c     0.000000E+00   0.000000E+00+0.000000E+00j     1.000000E+00          l
[2024/01/07 06:16:38]         2990  alphaPorosity_2990      c     0.000000E+00   0.000000E+00+0.000000E+00j     1.000000E+00          l
[2024/01/07 06:16:38]         2991  alphaPorosity_2991      c     0.000000E+00   0.000000E+00+0.000000E+00j     1.000000E+00          l
[2024/01/07 06:16:38]         2992  alphaPorosity_2992      c     0.000000E+00   0.000000E+00+0.000000E+00j     1.000000E+00          l
[2024/01/07 06:16:38]         2993  alphaPorosity_2993      c     0.000000E+00   0.000000E+00+0.000000E+00j     1.000000E+00          l
[2024/01/07 06:16:38]         2994  alphaPorosity_2994      c     0.000000E+00   0.000000E+00+0.000000E+00j     1.000000E+00          l
[2024/01/07 06:16:38]         2995  alphaPorosity_2995      c     0.000000E+00   0.000000E+00+0.000000E+00j     1.000000E+00          l
[2024/01/07 06:16:38]         2996  alphaPorosity_2996      c     0.000000E+00   0.000000E+00+0.000000E+00j     1.000000E+00          l
[2024/01/07 06:16:38]         2997  alphaPorosity_2997      c     0.000000E+00   0.000000E+00+0.000000E+00j     1.000000E+00          l
[2024/01/07 06:16:38]         2998  alphaPorosity_2998      c     0.000000E+00   0.000000E+00+0.000000E+00j     1.000000E+00          l
[2024/01/07 06:16:38]         2999  alphaPorosity_2999      c     0.000000E+00   0.000000E+00+0.000000E+00j     1.000000E+00          l
[2024/01/07 06:16:38]  
[2024/01/07 06:16:38]     Constraints (i - inequality, e - equality)
[2024/01/07 06:16:38]        Index  Name   Type          Lower           Value           Upper    Status  Lagrange Multiplier (N/A)
[2024/01/07 06:16:38]            0  VOLUME    i   0.000000E+00    0.000000E+00    1.000000E-05         l    9.00000E+100
[2024/01/07 06:16:38]  
[2024/01/07 06:16:38]  
[2024/01/07 06:16:38]  
[2024/01/07 06:16:38]  +--------------------------------------------------------------------------+
[2024/01/07 06:16:38]  |                       Running Coloring Solver                            |
[2024/01/07 06:16:38]  +--------------------------------------------------------------------------+
[2024/01/07 06:16:38]  I/O    : uncollated
[2024/01/07 06:16:38]  Case   : /home/dafoamuser/mount
[2024/01/07 06:16:38]  nProcs : 6
[2024/01/07 06:16:38]  Hosts  :
[2024/01/07 06:16:38]  (
[2024/01/07 06:16:38]      (960ad460c7df 6)
[2024/01/07 06:16:38]  )
[2024/01/07 06:16:38]  Pstream initialized with:
[2024/01/07 06:16:38]      floatTransfer      : 0
[2024/01/07 06:16:38]      nProcsSimpleSum    : 0
[2024/01/07 06:16:38]      commsType          : nonBlocking
[2024/01/07 06:16:38]      polling iterations : 0
[2024/01/07 06:16:38]  Create time
[2024/01/07 06:16:38]  
[2024/01/07 06:16:38]  Overriding DebugSwitches according to controlDict
[2024/01/07 06:16:38]      SolverPerformance 0;
[2024/01/07 06:16:38]  
[2024/01/07 06:16:38]  Create mesh for time = 0
[2024/01/07 06:16:38]  Reading/calculating face flux field phi
[2024/01/07 06:16:38]  
[2024/01/07 06:16:44]  Selecting incompressible transport model Newtonian
[2024/01/07 06:16:44]  Selecting turbulence model type RAS
[2024/01/07 06:16:44]  Selecting RAS turbulence model dummy
[2024/01/07 06:16:44]  Checking if Coloring file exists..
[2024/01/07 06:16:44]  dRdWCon Created. 2 s
[2024/01/07 06:16:44]  Calculating dRdW Coloring... 2 s
[2024/01/07 06:16:44]  Calculating dRdW Coloring..
[2024/01/07 06:16:44]  Parallel Distance 2 Graph Coloring....
[2024/01/07 06:16:44]  MaxCols: 116
[2024/01/07 06:16:44]  AllNonZeros: 1623179
[2024/01/07 06:16:44]  nUniqueCols: 5010
[2024/01/07 06:16:44]  ColorSweep: 0   2 s
[2024/01/07 06:16:44]  number of uncolored: 19284 6
[2024/01/07 06:16:44]  ColorSweep: 100   2 s
[2024/01/07 06:16:44]  number of uncolored: 9465 6
[2024/01/07 06:16:44]  ColorSweep: 200   3 s
[2024/01/07 06:16:44]  number of uncolored: 2003 6
[2024/01/07 06:16:44]  ColorSweep: 266   3 s
[2024/01/07 06:16:44]  number of uncolored: 0 0
[2024/01/07 06:16:44]  Global ColorSweep: 0   3 s
[2024/01/07 06:16:44]  Number of Uncolored: 4824 6
[2024/01/07 06:16:44]  Global ColorSweep: 100   4 s
[2024/01/07 06:16:44]  Number of Uncolored: 3837 6
[2024/01/07 06:16:44]  Global ColorSweep: 200   5 s
[2024/01/07 06:16:44]  Number of Uncolored: 2356 6
[2024/01/07 06:16:44]  Global ColorSweep: 300   6 s
[2024/01/07 06:16:44]  Number of Uncolored: 332 6
[2024/01/07 06:16:44]  Global ColorSweep: 347   6 s
[2024/01/07 06:16:44]  Number of Uncolored: 0 0
[2024/01/07 06:16:44]  Ncolors: 348
[2024/01/07 06:16:44]  Validating Coloring...
[2024/01/07 06:16:44]  No Conflicting Colors Found!
[2024/01/07 06:16:44]   nJacConColors: 348
[2024/01/07 06:16:44]  Writing Colors to dRdWColoring_6
[2024/01/07 06:16:44]  Calculating dRdW Coloring... Completed! 6 s
[2024/01/07 06:16:44]  Checking if Coloring file exists..
[2024/01/07 06:16:44]      Adding all faces of patches 1(inlet) ...
[2024/01/07 06:16:44]      Found matching patch inlet with 0 faces.
[2024/01/07 06:16:44]  dFdWCon Created!
[2024/01/07 06:16:44]  Setting up dFdWCon..
[2024/01/07 06:16:44]  dFdWCon Created. 6 s
[2024/01/07 06:16:44]  Calculating dFdW PL-part1 Coloring... 6 s
[2024/01/07 06:16:44]  Calculating dFdW Coloring..
[2024/01/07 06:16:44]  Parallel Distance 2 Graph Coloring....
[2024/01/07 06:16:44]  MaxCols: 37
[2024/01/07 06:16:44]  AllNonZeros: 1092
[2024/01/07 06:16:44]  nUniqueCols: 0
[2024/01/07 06:16:44]  ColorSweep: 0   6 s
[2024/01/07 06:16:44]  number of uncolored: 500 1
[2024/01/07 06:16:44]  ColorSweep: 66   6 s
[2024/01/07 06:16:44]  number of uncolored: 0 0
[2024/01/07 06:16:44]  Global ColorSweep: 0   6 s
[2024/01/07 06:16:44]  Number of Uncolored: 0 0
[2024/01/07 06:16:44]  Global ColorSweep: 0   6 s
[2024/01/07 06:16:44]  Number of Uncolored: 0 0
[2024/01/07 06:16:44]  Ncolors: 67
[2024/01/07 06:16:44]  Validating Coloring...
[2024/01/07 06:16:44]  No Conflicting Colors Found!
[2024/01/07 06:16:44]   nJacConColors: 67
[2024/01/07 06:16:44]  Writing Colors to dFdWColoring_PL_part1_6
[2024/01/07 06:16:44]  Calculating dFdW PL-part1 Coloring... Completed6 s
[2024/01/07 06:16:44]  Checking if Coloring file exists..
[2024/01/07 06:16:44]      Adding all faces of patches 1(outlet) ...
[2024/01/07 06:16:44]      Found matching patch outlet with 0 faces.
[2024/01/07 06:16:44]  dFdWCon Created!
[2024/01/07 06:16:44]  Setting up dFdWCon..
[2024/01/07 06:16:44]  dFdWCon Created. 7 s
[2024/01/07 06:16:44]  Calculating dFdW PL-part2 Coloring... 7 s
[2024/01/07 06:16:44]  Calculating dFdW Coloring..
[2024/01/07 06:16:44]  Parallel Distance 2 Graph Coloring....
[2024/01/07 06:16:44]  MaxCols: 37
[2024/01/07 06:16:44]  AllNonZeros: 361
[2024/01/07 06:16:44]  nUniqueCols: 0
[2024/01/07 06:16:44]  ColorSweep: 0   7 s
[2024/01/07 06:16:44]  number of uncolored: 179 1
[2024/01/07 06:16:44]  ColorSweep: 47   7 s
[2024/01/07 06:16:44]  number of uncolored: 0 0
[2024/01/07 06:16:44]  Global ColorSweep: 0   7 s
[2024/01/07 06:16:44]  Number of Uncolored: 0 0
[2024/01/07 06:16:44]  Global ColorSweep: 0   7 s
[2024/01/07 06:16:44]  Number of Uncolored: 0 0
[2024/01/07 06:16:44]  Ncolors: 48
[2024/01/07 06:16:44]  Validating Coloring...
[2024/01/07 06:16:44]  No Conflicting Colors Found!
[2024/01/07 06:16:44]   nJacConColors: 48
[2024/01/07 06:16:44]  Writing Colors to dFdWColoring_PL_part2_6
[2024/01/07 06:16:44]  Calculating dFdW PL-part2 Coloring... Completed7 s
[2024/01/07 06:16:44]  Checking if Coloring file exists..
[2024/01/07 06:16:44]      Adding cells with centre within boxes 1((-50 -50 -50) (50 50 50))
[2024/01/07 06:16:44]  dFdWCon Created!
[2024/01/07 06:16:44]  Setting up dFdWCon..
[2024/01/07 06:16:44]  dFdWCon Created. 7 s
[2024/01/07 06:16:44]  Calculating dFdW VOLUME-part1 Coloring... 7 s
[2024/01/07 06:16:44]  Calculating dFdW Coloring..
[2024/01/07 06:16:44]  Parallel Distance 2 Graph Coloring....
[2024/01/07 06:16:44]  MaxCols: 0
[2024/01/07 06:16:44]  AllNonZeros: 0
[2024/01/07 06:16:44]  nUniqueCols: 0
[2024/01/07 06:16:44]  ColorSweep: 0   7 s
[2024/01/07 06:16:44]  number of uncolored: 0 0
[2024/01/07 06:16:44]  ColorSweep: 0   7 s
[2024/01/07 06:16:44]  number of uncolored: 0 0
[2024/01/07 06:16:44]  Global ColorSweep: 0   7 s
[2024/01/07 06:16:44]  Number of Uncolored: 0 0
[2024/01/07 06:16:44]  Global ColorSweep: 0   7 s
[2024/01/07 06:16:44]  Number of Uncolored: 0 0
[2024/01/07 06:16:44]  Ncolors: 1
[2024/01/07 06:16:44]  Validating Coloring...
[2024/01/07 06:16:44]  No Conflicting Colors Found!
[2024/01/07 06:16:44]   nJacConColors: 1
[2024/01/07 06:16:44]  Writing Colors to dFdWColoring_VOLUME_part1_6
[2024/01/07 06:16:44]  Calculating dFdW VOLUME-part1 Coloring... Completed7 s
[2024/01/07 06:16:44]  Finalising parallel run
[2024/01/07 06:16:44]  
[2024/01/07 06:16:44]  List of user-set options:
[2024/01/07 06:16:44]  
[2024/01/07 06:16:44]                                      Name   Value                used
[2024/01/07 06:16:44]                               alpha_for_y = full                  yes
[2024/01/07 06:16:44]                           constr_viol_tol = 1e-07                 yes
[2024/01/07 06:16:44]                          file_print_level = 5                     yes
[2024/01/07 06:16:44]                     hessian_approximation = limited-memory        yes
[2024/01/07 06:16:44]                limited_memory_max_history = 25                    yes
[2024/01/07 06:16:44]                             linear_solver = mumps                 yes
[2024/01/07 06:16:44]                                  max_iter = 50                    yes
[2024/01/07 06:16:44]                               mu_strategy = adaptive              yes
[2024/01/07 06:16:44]                        nlp_scaling_method = none                  yes
[2024/01/07 06:16:44]                               output_file = opt_IPOPT.txt         yes
[2024/01/07 06:16:44]                               print_level = 5                     yes
[2024/01/07 06:16:44]                        print_user_options = yes                   yes
[2024/01/07 06:16:46]                                  recalc_y = yes                   yes
[2024/01/07 06:16:46]                                        sb = yes                   yes
[2024/01/07 06:16:46]                                       tol = 1e-07                 yes
[2024/01/07 06:16:46]  This is Ipopt version 3.13.5, running with linear solver mumps.
[2024/01/07 06:16:46]  NOTE: Other linear solvers might be more efficient (see Ipopt documentation).
[2024/01/07 06:16:46]  
[2024/01/07 06:16:46]  Number of nonzeros in equality constraint Jacobian...:        0
[2024/01/07 06:16:46]  Number of nonzeros in inequality constraint Jacobian.:     3000
[2024/01/07 06:16:46]  Number of nonzeros in Lagrangian Hessian.............:        0
[2024/01/07 06:16:46]  
[2024/01/07 06:16:46]  
[2024/01/07 06:16:46]  
[2024/01/07 06:16:46]  +--------------------------------------------------------------------------+
[2024/01/07 06:16:46]  |                  Evaluating Objective Functions 001                      |
[2024/01/07 06:16:46]  +--------------------------------------------------------------------------+
[2024/01/07 06:16:46]  Design Variables: 
[2024/01/07 06:16:46]  OrderedDict([('alphaPorosity', array([99.9999, 99.9999, 99.9999, ..., 99.9999, 99.9999, 99.9999]))])
[2024/01/07 06:16:46]  DVGeo PointSet UpToDate: False
[2024/01/07 06:16:46]  Updating DVGeo PointSet....
[2024/01/07 06:16:46]  DVGeo PointSet UpToDate: True
[2024/01/07 06:16:46]  Warping the volume mesh....
[2024/01/07 06:16:46]  Setting up primal boundary conditions based on pyOptions: 
[2024/01/07 06:16:46]  Setting primal boundary conditions...
[2024/01/07 06:16:46]  Setting U = (0.1 0 0) at inlet
[2024/01/07 06:16:46]  Setting primal boundary conditions...
[2024/01/07 06:16:46]  Setting p = 0 at outlet
[2024/01/07 06:16:46]  nuTilda not found, skip it.
[2024/01/07 06:16:46]  I/O    : uncollated
[2024/01/07 06:16:46]  Setting nut wall BC for wallBoundary. BCType=nutkWallFunction
[2024/01/07 06:16:46]  Running Primal Solver 001
[2024/01/07 06:16:46]  Previous solution time -1e+10 not found and nothing deleted.
[2024/01/07 06:16:46]  No finite volume options present
[2024/01/07 06:16:46]  
[2024/01/07 06:16:46]  Starting time loop
[2024/01/07 06:16:46]  
[2024/01/07 06:16:46]  Checking mesh quality for time = 0
[2024/01/07 06:16:46]      Overall domain bounding box (7.181318501078189e-16 -1.399990449424424e-15 -5.718082257688551e-15) (0.02999999999999962 0.01500000000001617 0.001000000000005718)
[2024/01/07 06:16:46]      Mesh has 3 geometric (non-empty/wedge) directions 3{1}
[2024/01/07 06:16:46]      Mesh has 3 solution (non-empty) directions 3{1}
[2024/01/07 06:16:46]      Boundary openness (-6.947448714353218e-18 9.793123156124281e-19 -3.04020355740097e-16) OK.
[2024/01/07 06:16:46]      Max cell openness = 3.176373552203076e-16 OK.
[2024/01/07 06:16:46]      Max aspect ratio = 3.333333333492265 OK.
[2024/01/07 06:16:46]      Minimum face area = 1.499999999935995e-07. Maximum face area = 5.000000000129904e-07.  Face area magnitudes OK.
[2024/01/07 06:16:46]      Min volume = 1.499999999944929e-10. Max volume = 1.500000000034984e-10.  Total volume = 4.500000000002841e-07.  Cell volumes OK.
[2024/01/07 06:16:46]      Mesh non-orthogonality Max: 0 average: 0
[2024/01/07 06:16:46]      Non-orthogonality check OK.
[2024/01/07 06:16:46]      Face pyramids OK.
[2024/01/07 06:16:46]      Max skewness = 9.432792296734318e-11 OK.
[2024/01/07 06:16:46]      Coupled point location match (average 0) OK.
[2024/01/07 06:16:46]  
[2024/01/07 06:16:46]  Mesh OK.
[2024/01/07 06:16:46]  
[2024/01/07 06:16:46]  Time = 1
[2024/01/07 06:16:46]  
[2024/01/07 06:16:46]  U Initial residual: (0.9999999999999715 0.7159483310962996 0.1053730943102233)
[2024/01/07 06:16:46]  U   Final residual: (0.08459838810003846 0.01263386299103889 0.002109477541708338)
[2024/01/07 06:16:46]  p Initial residual: 0.9999999999999933
[2024/01/07 06:16:46]  p   Final residual: 0.0355556378717604
[2024/01/07 06:16:46]  Time step continuity errors : sum local = 0.1185187929059655
[2024/01/07 06:16:46]                                   global = -0.0169477204548768
[2024/01/07 06:16:46]                               cumulative = -0.0169477204548768
[2024/01/07 06:16:46]  yPlus min: 0 max: 0 mean: 0
[2024/01/07 06:16:46]  PL-part1-totalPressure: 197.8723535768084
[2024/01/07 06:16:46]  PL-part2-totalPressure: -1.106687998873111
[2024/01/07 06:16:46]  VOLUME-part1-variableVolSum: 7.499991937505288e-06
[2024/01/07 06:16:46]  ExecutionTime = 8.81 s  ClockTime = 13 s
[2024/01/07 06:16:46]  
[2024/01/07 06:16:46]  Time = 58
[2024/01/07 06:16:46]  Minimal residual 9.234846697013666e-07 satisfied the prescribed tolerance 1e-06
[2024/01/07 06:16:46]  
[2024/01/07 06:16:46]  PL-part1-totalPressure: 89.19955191174573
[2024/01/07 06:16:46]  PL-part2-totalPressure: -11.11158926273359
[2024/01/07 06:16:46]  VOLUME-part1-variableVolSum: 7.499991937505288e-06
[2024/01/07 06:16:46]  Printing Primal Residual Statistics.
[2024/01/07 06:16:46]  U Residual Norm2: (0.0009211552410080566 0.0003449012417296025 7.530870356648856e-13)
[2024/01/07 06:16:46]  U Residual Mean: (1.141392888843748e-05 4.926656411208238e-06 9.944895683321832e-15)
[2024/01/07 06:16:46]  U Residual Max: (8.237701303137612e-05 5.693483491775453e-05 7.773003838768023e-14)
[2024/01/07 06:16:46]  p Residual Norm2: 0.001007788118286754
[2024/01/07 06:16:46]  p Residual Mean: 1.159708326518579e-05
[2024/01/07 06:16:46]  p Residual Max: 0.0001520243689438251
[2024/01/07 06:16:46]  phi Residual Norm2: 1.484331487341358e-06
[2024/01/07 06:16:46]  phi Residual Mean: 6.963764615863086e-09
[2024/01/07 06:16:46]  phi Residual Max: 8.253709155445967e-08
[2024/01/07 06:16:46]  End
[2024/01/07 06:16:46]  
[2024/01/07 06:16:46]  Objective Functions: 
[2024/01/07 06:16:46]  {'PL': 78.08796264901214, 'VOLUME': 7.499991937505288e-06, 'fail': False}
[2024/01/07 06:16:46]  Flow Runtime: 1.82965
[2024/01/07 06:16:46]  
[2024/01/07 06:16:46]  
[2024/01/07 06:16:46]  +--------------------------------------------------------------------------+
[2024/01/07 06:16:46]  |              Evaluating Objective Function Sensitivities 001             |
[2024/01/07 06:16:51]  +--------------------------------------------------------------------------+
[2024/01/07 06:16:51]  writeDeformedFFDs is deprecated since v3.0.1!
[2024/01/07 06:16:51]  Moving time 58 to 0.00000001
[2024/01/07 06:16:51]  Running adjoint Solver 001
[2024/01/07 06:16:51]  dRdWT Jacobian Free created!
[2024/01/07 06:16:51]  Computing dRdWTPC 14 s
[2024/01/07 06:16:51]  Initializing dRdWCon. 14 s
[2024/01/07 06:16:51]  dRdWCon Created. 15 s
[2024/01/07 06:16:51]  Reading Coloring dRdWColoring_6
[2024/01/07 06:16:51]  Validating Coloring...
[2024/01/07 06:16:51]  No Conflicting Colors Found!
[2024/01/07 06:16:51]  Partial derivative matrix created. 15 s
[2024/01/07 06:16:51]  dRdWTPC: 0 of 348, ExecutionTime: 15 s
[2024/01/07 06:16:51]  dRdWTPC: 100 of 348, ExecutionTime: 15 s
[2024/01/07 06:16:51]  dRdWTPC: 200 of 348, ExecutionTime: 16 s
[2024/01/07 06:16:51]  dRdWTPC: 300 of 348, ExecutionTime: 17 s
[2024/01/07 06:16:51]  dRdWTPC: 347 of 348, ExecutionTime: 17 s
[2024/01/07 06:16:51]  Solver Type: gmres
[2024/01/07 06:16:51]  GMRES Restart: 2000
[2024/01/07 06:16:51]  ASM Overlap: 1
[2024/01/07 06:16:51]  Global PC Iters: 0
[2024/01/07 06:16:51]  Local PC Iters: 1
[2024/01/07 06:16:51]  Mat ReOrdering: rcm
[2024/01/07 06:16:51]  ILU PC Fill Level: 1
[2024/01/07 06:16:51]  GMRES Max Iterations: 2000
[2024/01/07 06:16:51]  GMRES Relative Tolerance: 1e-06
[2024/01/07 06:16:51]  GMRES Absolute Tolerance: 1e-14
[2024/01/07 06:16:51]  Calculating dFdW using reverse-mode AD
[2024/01/07 06:16:51]      Adding all faces of patches 1(inlet) ...
[2024/01/07 06:16:51]      Found matching patch inlet with 0 faces.
[2024/01/07 06:16:51]      Adding all faces of patches 1(outlet) ...
[2024/01/07 06:16:51]      Found matching patch outlet with 0 faces.
[2024/01/07 06:16:51]  Solving Linear Equation... 16 s
[2024/01/07 06:16:51]  Main iteration 0 KSP Residual norm 2.116121224889e+00 16 s
[2024/01/07 06:16:51]  Main iteration 26 KSP Residual norm 2.042648114172e-06 17 s 
[2024/01/07 06:16:51]  Total iterations 26
[2024/01/07 06:16:51]  Solving Linear Equation... Completed! 17 s
[2024/01/07 06:16:51]  Residual tolerance satisfied, solution finished!
[2024/01/07 06:16:51]  Calculating dFdW using reverse-mode AD
[2024/01/07 06:16:51]      Adding cells with centre within boxes 1((-50 -50 -50) (50 50 50))
[2024/01/07 06:16:51]  Solving Linear Equation... 17 s
[2024/01/07 06:16:51]  Main iteration 0 KSP Residual norm 0.000000000000e+00 17 s
[2024/01/07 06:16:51]  Main iteration 0 KSP Residual norm 0.000000000000e+00 17 s 
[2024/01/07 06:16:51]  Total iterations 0
[2024/01/07 06:16:51]  Solving Linear Equation... Completed! 17 s
[2024/01/07 06:16:51]  Residual tolerance satisfied, solution finished!
[2024/01/07 06:16:51]  Computing total derivatives....
[2024/01/07 06:16:51]  Computing total derivatives for alphaPorosity
[2024/01/07 06:16:51]  Calculating dFdField using reverse-mode AD for alphaPorosity
[2024/01/07 06:16:51]      Adding all faces of patches 1(inlet) ...
[2024/01/07 06:16:51]      Found matching patch inlet with 0 faces.
[2024/01/07 06:16:51]      Adding all faces of patches 1(outlet) ...
[2024/01/07 06:16:51]      Found matching patch outlet with 0 faces.
[2024/01/07 06:16:51]  Calculating [dRdField]^T * Psi using reverse-mode AD
[2024/01/07 06:16:51]  Calculating dFdField using reverse-mode AD for alphaPorosity
[2024/01/07 06:16:51]      Adding cells with centre within boxes 1((-50 -50 -50) (50 50 50))
[2024/01/07 06:16:51]  Calculating [dRdField]^T * Psi using reverse-mode AD
[2024/01/07 06:16:51]  Objective Function Sensitivity: 
[2024/01/07 06:16:51]  {'PL': {'alphaPorosity': array([0.0002415263449905, 0.0002439330851931, 0.0002465118226295, ...,
[2024/01/07 06:16:51]         0.0000600331017288, 0.000059789962283 , 0.0000595436286303])}, 'VOLUME': {'alphaPorosity': array([0.000000000025, 0.000000000025, 0.000000000025, ...,
[2024/01/07 06:16:51]         0.000000000025, 0.000000000025, 0.000000000025])}, 'fail': False}
[2024/01/07 06:16:51]  Adjoint Runtime: 5.05327 s
[2024/01/07 06:16:51]  Total number of variables............................:     3000
[2024/01/07 06:16:51]                       variables with only lower bounds:        0
[2024/01/07 06:16:51]                  variables with lower and upper bounds:     3000
[2024/01/07 06:16:51]                       variables with only upper bounds:        0
[2024/01/07 06:16:51]  Total number of equality constraints.................:        0
[2024/01/07 06:16:51]  Total number of inequality constraints...............:        1
[2024/01/07 06:16:51]          inequality constraints with only lower bounds:        0
[2024/01/07 06:16:51]     inequality constraints with lower and upper bounds:        1
[2024/01/07 06:16:51]          inequality constraints with only upper bounds:        0
[2024/01/07 06:16:51]  
[2024/01/07 06:16:51]  iter    objective    inf_pr   inf_du lg(mu)  ||d||  lg(rg) alpha_du alpha_pr  ls
[2024/01/07 06:16:51]     0  7.8087963e+01 0.00e+00 3.35e+01   0.0 0.00e+00    -  0.00e+00 0.00e+00   0
[2024/01/07 06:16:51]  
[2024/01/07 06:16:51]  
[2024/01/07 06:16:51]  +--------------------------------------------------------------------------+
[2024/01/07 06:16:51]  |                  Evaluating Objective Functions 002                      |
[2024/01/07 06:16:51]  +--------------------------------------------------------------------------+
[2024/01/07 06:16:51]  Design Variables: 
[2024/01/07 06:16:51]  OrderedDict([('alphaPorosity', array([133.37733853045074, 133.3207609975557 , 133.26014016196063, ...,
[2024/01/07 06:16:51]         137.6438729615981 , 137.6495886719923 , 137.65537947164879]))])
[2024/01/07 06:16:51]  DVGeo PointSet UpToDate: False
[2024/01/07 06:16:51]  Updating DVGeo PointSet....
[2024/01/07 06:16:51]  DVGeo PointSet UpToDate: True
[2024/01/07 06:16:51]  Warping the volume mesh....
[2024/01/07 06:16:51]  Setting up primal boundary conditions based on pyOptions: 
[2024/01/07 06:16:51]  Setting primal boundary conditions...
[2024/01/07 06:16:51]  Setting U = (0.1 0 0) at inlet
[2024/01/07 06:16:51]  Setting primal boundary conditions...
[2024/01/07 06:16:54]  Setting p = 0 at outlet
[2024/01/07 06:16:54]  nuTilda not found, skip it.
[2024/01/07 06:16:54]  Setting nut wall BC for wallBoundary. BCType=nutkWallFunction
[2024/01/07 06:16:54]  Running Primal Solver 002
[2024/01/07 06:16:54]  Previous solution time 58 not found and nothing deleted.
[2024/01/07 06:16:54]  No finite volume options present
[2024/01/07 06:16:54]  
[2024/01/07 06:16:54]  Starting time loop
[2024/01/07 06:16:54]  
[2024/01/07 06:16:54]  Checking mesh quality for time = 0
[2024/01/07 06:16:54]      Overall domain bounding box (7.181318501078189e-16 -1.399990449424424e-15 -5.718082257688551e-15) (0.02999999999999962 0.01500000000001617 0.001000000000005718)
[2024/01/07 06:16:54]      Mesh has 3 geometric (non-empty/wedge) directions 3{1}
[2024/01/07 06:16:54]      Mesh has 3 solution (non-empty) directions 3{1}
[2024/01/07 06:16:54]      Boundary openness (-6.947448714353218e-18 9.793123156124281e-19 -3.04020355740097e-16) OK.
[2024/01/07 06:16:54]      Max cell openness = 3.176373552203076e-16 OK.
[2024/01/07 06:16:54]      Max aspect ratio = 3.333333333492265 OK.
[2024/01/07 06:16:54]      Minimum face area = 1.499999999935995e-07. Maximum face area = 5.000000000129904e-07.  Face area magnitudes OK.
[2024/01/07 06:16:54]      Min volume = 1.499999999944929e-10. Max volume = 1.500000000034984e-10.  Total volume = 4.500000000002841e-07.  Cell volumes OK.
[2024/01/07 06:16:54]      Mesh non-orthogonality Max: 0 average: 0
[2024/01/07 06:16:54]      Non-orthogonality check OK.
[2024/01/07 06:16:54]      Face pyramids OK.
[2024/01/07 06:16:54]      Max skewness = 9.432792296734318e-11 OK.
[2024/01/07 06:16:54]      Coupled point location match (average 0) OK.
[2024/01/07 06:16:54]  
[2024/01/07 06:16:54]  Mesh OK.
[2024/01/07 06:16:54]  
[2024/01/07 06:16:54]  Time = 1
[2024/01/07 06:16:54]  
[2024/01/07 06:16:54]  U Initial residual: (0.1042256803537013 0.0180862686449004 0.01559683778574993)
[2024/01/07 06:16:54]  U   Final residual: (0.009393432520043054 0.0008071433082805679 0.001385972154657512)
[2024/01/07 06:16:54]  p Initial residual: 0.02210080011148886
[2024/01/07 06:16:54]  p   Final residual: 0.001321299772761887
[2024/01/07 06:16:54]  Time step continuity errors : sum local = 0.02524974219685347
[2024/01/07 06:16:54]                                   global = -0.003068778279929368
[2024/01/07 06:16:54]                               cumulative = -0.02001649873480616
[2024/01/07 06:16:54]  yPlus min: 0 max: 0 mean: 0
[2024/01/07 06:16:54]  PL-part1-totalPressure: 102.6851511409641
[2024/01/07 06:16:54]  PL-part2-totalPressure: -11.23608537694238
[2024/01/07 06:16:54]  VOLUME-part1-variableVolSum: 9.984899919375052e-06
[2024/01/07 06:16:54]  ExecutionTime = 14.32 s  ClockTime = 20 s
[2024/01/07 06:16:54]  
[2024/01/07 06:16:54]  Time = 42
[2024/01/07 06:16:54]  Minimal residual 8.373011099028808e-07 satisfied the prescribed tolerance 1e-06
[2024/01/07 06:16:54]  
[2024/01/07 06:16:54]  PL-part1-totalPressure: 109.9885180566395
[2024/01/07 06:16:54]  PL-part2-totalPressure: -11.24851384196308
[2024/01/07 06:16:54]  VOLUME-part1-variableVolSum: 9.984899919375052e-06
[2024/01/07 06:16:54]  Printing Primal Residual Statistics.
[2024/01/07 06:16:54]  U Residual Norm2: (0.001102418937259311 0.0008205195833460646 8.631464993605872e-13)
[2024/01/07 06:16:54]  U Residual Mean: (1.439438630664812e-05 9.305972688885361e-06 1.143838412251082e-14)
[2024/01/07 06:16:54]  U Residual Max: (0.0002061075959858272 0.0001853183510718281 6.662317339752804e-14)
[2024/01/07 06:16:54]  p Residual Norm2: 0.001163200939839679
[2024/01/07 06:16:54]  p Residual Mean: 1.227524036005547e-05
[2024/01/07 06:16:54]  p Residual Max: 0.000281359359629401
[2024/01/07 06:16:54]  phi Residual Norm2: 1.965548633053709e-06
[2024/01/07 06:16:54]  phi Residual Mean: 9.948052346139368e-09
[2024/01/07 06:16:54]  phi Residual Max: 1.110064182126746e-07
[2024/01/07 06:16:54]  End
[2024/01/07 06:16:54]  
[2024/01/07 06:16:54]  Objective Functions: 
[2024/01/07 06:16:54]  {'PL': 98.74000421467646, 'VOLUME': 9.984899919375052e-06, 'fail': False}
[2024/01/07 06:16:54]  Flow Runtime: 1.71369
[2024/01/07 06:16:54]  
[2024/01/07 06:16:54]  
[2024/01/07 06:16:54]  +--------------------------------------------------------------------------+
[2024/01/07 06:16:54]  |              Evaluating Objective Function Sensitivities 002             |
[2024/01/07 06:16:54]  +--------------------------------------------------------------------------+
[2024/01/07 06:16:54]  writeDeformedFFDs is deprecated since v3.0.1!
[2024/01/07 06:16:54]  Moving time 42 to 0.00000002
[2024/01/07 06:16:54]  Running adjoint Solver 002
[2024/01/07 06:16:54]  dRdWT Jacobian Free created!
[2024/01/07 06:16:54]  Solver Type: gmres
[2024/01/07 06:16:54]  GMRES Restart: 2000
[2024/01/07 06:16:54]  ASM Overlap: 1
[2024/01/07 06:16:54]  Global PC Iters: 0
[2024/01/07 06:16:54]  Local PC Iters: 1
[2024/01/07 06:16:54]  Mat ReOrdering: rcm
[2024/01/07 06:16:54]  ILU PC Fill Level: 1
[2024/01/07 06:16:54]  GMRES Max Iterations: 2000
[2024/01/07 06:16:54]  GMRES Relative Tolerance: 1e-06
[2024/01/07 06:16:54]  GMRES Absolute Tolerance: 1e-14
[2024/01/07 06:16:54]  Calculating dFdW using reverse-mode AD
[2024/01/07 06:16:54]      Adding all faces of patches 1(inlet) ...
[2024/01/07 06:16:54]      Found matching patch inlet with 0 faces.
[2024/01/07 06:16:54]      Adding all faces of patches 1(outlet) ...
[2024/01/07 06:16:54]      Found matching patch outlet with 0 faces.
[2024/01/07 06:16:54]  Solving Linear Equation... 21 s
[2024/01/07 06:16:54]  Main iteration 0 KSP Residual norm 2.129022984873e+00 21 s
[2024/01/07 06:16:54]  Main iteration 29 KSP Residual norm 1.633411898453e-06 21 s 
[2024/01/07 06:16:54]  Total iterations 29
[2024/01/07 06:16:54]  Solving Linear Equation... Completed! 21 s
[2024/01/07 06:16:54]  Residual tolerance satisfied, solution finished!
[2024/01/07 06:16:54]  Calculating dFdW using reverse-mode AD
[2024/01/07 06:16:54]      Adding cells with centre within boxes 1((-50 -50 -50) (50 50 50))
[2024/01/07 06:16:54]  Solving Linear Equation... 21 s
[2024/01/07 06:16:54]  Main iteration 0 KSP Residual norm 0.000000000000e+00 21 s
[2024/01/07 06:16:54]  Main iteration 0 KSP Residual norm 0.000000000000e+00 21 s 
[2024/01/07 06:16:54]  Total iterations 0
[2024/01/07 06:16:57]  Solving Linear Equation... Completed! 21 s
[2024/01/07 06:16:57]  Residual tolerance satisfied, solution finished!
[2024/01/07 06:16:57]  Computing total derivatives....
[2024/01/07 06:16:57]  Computing total derivatives for alphaPorosity
[2024/01/07 06:16:57]  Calculating dFdField using reverse-mode AD for alphaPorosity
[2024/01/07 06:16:57]      Adding all faces of patches 1(inlet) ...
[2024/01/07 06:16:57]      Found matching patch inlet with 0 faces.
[2024/01/07 06:16:57]      Adding all faces of patches 1(outlet) ...
[2024/01/07 06:16:57]      Found matching patch outlet with 0 faces.
[2024/01/07 06:16:57]  Calculating [dRdField]^T * Psi using reverse-mode AD
[2024/01/07 06:16:57]  Calculating dFdField using reverse-mode AD for alphaPorosity
[2024/01/07 06:16:57]      Adding cells with centre within boxes 1((-50 -50 -50) (50 50 50))
[2024/01/07 06:16:57]  Calculating [dRdField]^T * Psi using reverse-mode AD
[2024/01/07 06:16:57]  Objective Function Sensitivity: 
[2024/01/07 06:16:57]  {'PL': {'alphaPorosity': array([0.0002425837677096, 0.0002450590498129, 0.0002477051765178, ...,
[2024/01/07 06:16:57]         0.0000704166056392, 0.000070135345077 , 0.0000698482914473])}, 'VOLUME': {'alphaPorosity': array([0.000000000025, 0.000000000025, 0.000000000025, ...,
[2024/01/07 06:16:57]         0.000000000025, 0.000000000025, 0.000000000025])}, 'fail': False}
[2024/01/07 06:16:57]  Adjoint Runtime: 2.51444 s
[2024/01/07 06:16:57]     1  9.8740004e+01 0.00e+00 2.37e+00  -0.8 1.66e-01    -  9.92e-01 2.40e-02f  1
[2024/01/07 06:16:57]  
[2024/01/07 06:16:57]  
[2024/01/07 06:16:57]  +--------------------------------------------------------------------------+
[2024/01/07 06:16:57]  |                  Evaluating Objective Functions 003                      |
[2024/01/07 06:16:57]  +--------------------------------------------------------------------------+
[2024/01/07 06:16:57]  Design Variables: 
[2024/01/07 06:16:57]  OrderedDict([('alphaPorosity', array([133.5444502948748 , 133.48357300766236, 133.41843320235805, ...,
[2024/01/07 06:16:57]         138.62252108780098, 138.63127221485135, 138.64015962568084]))])
[2024/01/07 06:16:57]  DVGeo PointSet UpToDate: False
[2024/01/07 06:16:57]  Updating DVGeo PointSet....
[2024/01/07 06:16:57]  DVGeo PointSet UpToDate: True
[2024/01/07 06:16:57]  Warping the volume mesh....
[2024/01/07 06:16:57]  Setting up primal boundary conditions based on pyOptions: 
[2024/01/07 06:16:57]  Setting primal boundary conditions...
[2024/01/07 06:16:57]  Setting U = (0.1 0 0) at inlet
[2024/01/07 06:16:57]  Setting primal boundary conditions...
[2024/01/07 06:16:57]  Setting p = 0 at outlet
[2024/01/07 06:16:57]  nuTilda not found, skip it.
[2024/01/07 06:16:57]  Setting nut wall BC for wallBoundary. BCType=nutkWallFunction
[2024/01/07 06:16:57]  Running Primal Solver 003
[2024/01/07 06:16:57]  Previous solution time 42 not found and nothing deleted.
[2024/01/07 06:16:57]  No finite volume options present
[2024/01/07 06:16:57]  
[2024/01/07 06:16:57]  Starting time loop
[2024/01/07 06:16:57]  
[2024/01/07 06:16:57]  Checking mesh quality for time = 0
[2024/01/07 06:16:57]      Overall domain bounding box (7.181318501078189e-16 -1.399990449424424e-15 -5.718082257688551e-15) (0.02999999999999962 0.01500000000001617 0.001000000000005718)
[2024/01/07 06:16:57]      Mesh has 3 geometric (non-empty/wedge) directions 3{1}
[2024/01/07 06:16:57]      Mesh has 3 solution (non-empty) directions 3{1}
[2024/01/07 06:16:57]      Boundary openness (-6.947448714353218e-18 9.793123156124281e-19 -3.04020355740097e-16) OK.
[2024/01/07 06:16:57]      Max cell openness = 3.176373552203076e-16 OK.
[2024/01/07 06:16:57]      Max aspect ratio = 3.333333333492265 OK.
[2024/01/07 06:16:57]      Minimum face area = 1.499999999935995e-07. Maximum face area = 5.000000000129904e-07.  Face area magnitudes OK.
[2024/01/07 06:16:57]      Min volume = 1.499999999944929e-10. Max volume = 1.500000000034984e-10.  Total volume = 4.500000000002841e-07.  Cell volumes OK.
[2024/01/07 06:16:57]      Mesh non-orthogonality Max: 0 average: 0
[2024/01/07 06:16:57]      Non-orthogonality check OK.
[2024/01/07 06:16:57]      Face pyramids OK.
[2024/01/07 06:16:57]      Max skewness = 9.432792296734318e-11 OK.
[2024/01/07 06:16:57]      Coupled point location match (average 0) OK.
[2024/01/07 06:16:57]  
[2024/01/07 06:16:57]  Mesh OK.
[2024/01/07 06:16:57]  
[2024/01/07 06:16:57]  Time = 1
[2024/01/07 06:16:57]  
[2024/01/07 06:16:57]  U Initial residual: (0.0008519472237290442 0.0001978297348369716 0.004577616503259702)
[2024/01/07 06:16:57]  U   Final residual: (7.665144879417762e-05 8.528514863728683e-06 0.0001682031274721537)
[2024/01/07 06:16:57]  p Initial residual: 0.0002470238985669447
[2024/01/07 06:16:57]  p   Final residual: 1.996432939501333e-05
[2024/01/07 06:16:57]  Time step continuity errors : sum local = 0.0004493357421561934
[2024/01/07 06:16:57]                                   global = 2.524881501057956e-05
[2024/01/07 06:16:57]                               cumulative = -0.01999124991979559
[2024/01/07 06:16:57]  yPlus min: 0 max: 0 mean: 0
[2024/01/07 06:16:57]  PL-part1-totalPressure: 110.0592075005086
[2024/01/07 06:16:57]  PL-part2-totalPressure: -11.25120580706977
[2024/01/07 06:16:57]  VOLUME-part1-variableVolSum: 1.000974899919376e-05
[2024/01/07 06:16:57]  ExecutionTime = 17.19 s  ClockTime = 25 s
[2024/01/07 06:16:57]  
[2024/01/07 06:16:57]  Time = 23
[2024/01/07 06:16:57]  Minimal residual 9.556042273243118e-07 satisfied the prescribed tolerance 1e-06
[2024/01/07 06:16:57]  
[2024/01/07 06:16:57]  PL-part1-totalPressure: 110.086127015699
[2024/01/07 06:16:57]  PL-part2-totalPressure: -11.24627037097727
[2024/01/07 06:16:57]  VOLUME-part1-variableVolSum: 1.000974899919376e-05
[2024/01/07 06:16:57]  Printing Primal Residual Statistics.
[2024/01/07 06:16:57]  U Residual Norm2: (0.002801928457668797 0.002491418275472208 8.824873081196768e-13)
[2024/01/07 06:17:00]  U Residual Mean: (3.486966122437163e-05 1.505816065841585e-05 1.151411003483739e-14)
[2024/01/07 06:17:00]  U Residual Max: (0.0002564730832688156 0.0008226472712951072 7.487448156622086e-14)
[2024/01/07 06:17:00]  p Residual Norm2: 0.0023528482986086
[2024/01/07 06:17:00]  p Residual Mean: 1.546086585382681e-05
[2024/01/07 06:17:00]  p Residual Max: 0.001164898097918321
[2024/01/07 06:17:00]  phi Residual Norm2: 3.136374899299714e-06
[2024/01/07 06:17:00]  phi Residual Mean: 1.425900109508897e-08
[2024/01/07 06:17:00]  phi Residual Max: 3.333053260523948e-07
[2024/01/07 06:17:00]  End
[2024/01/07 06:17:00]  
[2024/01/07 06:17:00]  Objective Functions: 
[2024/01/07 06:17:00]  {'PL': 98.8398566447217, 'VOLUME': 1.0009748999193758e-05, 'fail': False}
[2024/01/07 06:17:00]  Flow Runtime: 1.63216
[2024/01/07 06:17:00]  
[2024/01/07 06:17:00]  
[2024/01/07 06:17:00]  +--------------------------------------------------------------------------+
[2024/01/07 06:17:00]  |              Evaluating Objective Function Sensitivities 003             |
[2024/01/07 06:17:00]  +--------------------------------------------------------------------------+
[2024/01/07 06:17:00]  writeDeformedFFDs is deprecated since v3.0.1!
[2024/01/07 06:17:00]  Moving time 23 to 0.00000003
[2024/01/07 06:17:00]  Running adjoint Solver 003
[2024/01/07 06:17:00]  dRdWT Jacobian Free created!
[2024/01/07 06:17:00]  Solver Type: gmres
[2024/01/07 06:17:00]  GMRES Restart: 2000
[2024/01/07 06:17:00]  ASM Overlap: 1
[2024/01/07 06:17:00]  Global PC Iters: 0
[2024/01/07 06:17:00]  Local PC Iters: 1
[2024/01/07 06:17:00]  Mat ReOrdering: rcm
[2024/01/07 06:17:00]  ILU PC Fill Level: 1
[2024/01/07 06:17:00]  GMRES Max Iterations: 2000
[2024/01/07 06:17:00]  GMRES Relative Tolerance: 1e-06
[2024/01/07 06:17:00]  GMRES Absolute Tolerance: 1e-14
[2024/01/07 06:17:00]  Calculating dFdW using reverse-mode AD
[2024/01/07 06:17:00]      Adding all faces of patches 1(inlet) ...
[2024/01/07 06:17:00]      Found matching patch inlet with 0 faces.
[2024/01/07 06:17:00]      Adding all faces of patches 1(outlet) ...
[2024/01/07 06:17:00]      Found matching patch outlet with 0 faces.
[2024/01/07 06:17:00]  Solving Linear Equation... 25 s
[2024/01/07 06:17:00]  Main iteration 0 KSP Residual norm 2.128812223218e+00 25 s
[2024/01/07 06:17:00]  Main iteration 29 KSP Residual norm 1.681135384158e-06 25 s 
[2024/01/07 06:17:00]  Total iterations 29
[2024/01/07 06:17:00]  Solving Linear Equation... Completed! 25 s
[2024/01/07 06:17:00]  Residual tolerance satisfied, solution finished!
[2024/01/07 06:17:00]  Calculating dFdW using reverse-mode AD
[2024/01/07 06:17:00]      Adding cells with centre within boxes 1((-50 -50 -50) (50 50 50))
[2024/01/07 06:17:00]  Solving Linear Equation... 26 s
[2024/01/07 06:17:00]  Main iteration 0 KSP Residual norm 0.000000000000e+00 26 s
[2024/01/07 06:17:00]  Main iteration 0 KSP Residual norm 0.000000000000e+00 26 s 
[2024/01/07 06:17:00]  Total iterations 0
[2024/01/07 06:17:00]  Solving Linear Equation... Completed! 26 s
[2024/01/07 06:17:00]  Residual tolerance satisfied, solution finished!
[2024/01/07 06:17:00]  Computing total derivatives....
[2024/01/07 06:17:00]  Computing total derivatives for alphaPorosity
[2024/01/07 06:17:00]  Calculating dFdField using reverse-mode AD for alphaPorosity
[2024/01/07 06:17:00]      Adding all faces of patches 1(inlet) ...
[2024/01/07 06:17:00]      Found matching patch inlet with 0 faces.
[2024/01/07 06:17:00]      Adding all faces of patches 1(outlet) ...
[2024/01/07 06:17:00]      Found matching patch outlet with 0 faces.
[2024/01/07 06:17:00]  Calculating [dRdField]^T * Psi using reverse-mode AD
[2024/01/07 06:17:00]  Calculating dFdField using reverse-mode AD for alphaPorosity
[2024/01/07 06:17:00]      Adding cells with centre within boxes 1((-50 -50 -50) (50 50 50))
[2024/01/07 06:17:00]  Calculating [dRdField]^T * Psi using reverse-mode AD
[2024/01/07 06:17:00]  Objective Function Sensitivity: 
[2024/01/07 06:17:00]  {'PL': {'alphaPorosity': array([0.0002429048330836, 0.0002453927736851, 0.0002480518328591, ...,
[2024/01/07 06:17:00]         0.0000701215123398, 0.0000698385427042, 0.000069549779919 ])}, 'VOLUME': {'alphaPorosity': array([0.000000000025, 0.000000000025, 0.000000000025, ...,
[2024/01/07 06:17:00]         0.000000000025, 0.000000000025, 0.000000000025])}, 'fail': False}
[2024/01/07 06:17:00]  Adjoint Runtime: 2.64688 s
[2024/01/07 06:17:00]     2  9.8839857e+01 0.00e+00 3.48e-01  -0.9 8.30e-02    -  8.42e-01 3.09e-03f  1
[2024/01/07 06:17:00]  
[2024/01/07 06:17:00]  
[2024/01/07 06:17:00]  +--------------------------------------------------------------------------+
[2024/01/07 06:17:00]  |                  Evaluating Objective Functions 004                      |
[2024/01/07 06:17:00]  +--------------------------------------------------------------------------+
[2024/01/07 06:17:00]  Design Variables: 
[2024/01/07 06:17:00]  OrderedDict([('alphaPorosity', array([128.43357851743542, 128.00564872665998, 127.55102058241398, ...,
[2024/01/07 06:17:00]         166.70210501959053, 166.78074474340758, 166.86101089477143]))])
[2024/01/07 06:17:00]  DVGeo PointSet UpToDate: False
[2024/01/07 06:17:00]  Updating DVGeo PointSet....
[2024/01/07 06:17:00]  DVGeo PointSet UpToDate: True
[2024/01/07 06:17:00]  Warping the volume mesh....
[2024/01/07 06:17:00]  Setting up primal boundary conditions based on pyOptions: 
[2024/01/07 06:17:00]  Setting primal boundary conditions...
[2024/01/07 06:17:00]  Setting U = (0.1 0 0) at inlet
[2024/01/07 06:17:00]  Setting primal boundary conditions...
[2024/01/07 06:17:00]  Setting p = 0 at outlet
[2024/01/07 06:17:00]  nuTilda not found, skip it.
[2024/01/07 06:17:00]  Setting nut wall BC for wallBoundary. BCType=nutkWallFunction
[2024/01/07 06:17:00]  Running Primal Solver 004
[2024/01/07 06:17:00]  Previous solution time 23 not found and nothing deleted.
[2024/01/07 06:17:00]  No finite volume options present
[2024/01/07 06:17:00]  
[2024/01/07 06:17:00]  Starting time loop
[2024/01/07 06:17:00]  
[2024/01/07 06:17:00]  Checking mesh quality for time = 0
[2024/01/07 06:17:04]      Overall domain bounding box (7.181318501078189e-16 -1.399990449424424e-15 -5.718082257688551e-15) (0.02999999999999962 0.01500000000001617 0.001000000000005718)
[2024/01/07 06:17:04]      Mesh has 3 geometric (non-empty/wedge) directions 3{1}
[2024/01/07 06:17:04]      Mesh has 3 solution (non-empty) directions 3{1}
[2024/01/07 06:17:04]      Boundary openness (-6.947448714353218e-18 9.793123156124281e-19 -3.04020355740097e-16) OK.
[2024/01/07 06:17:04]      Max cell openness = 3.176373552203076e-16 OK.
[2024/01/07 06:17:04]      Max aspect ratio = 3.333333333492265 OK.
[2024/01/07 06:17:04]      Minimum face area = 1.499999999935995e-07. Maximum face area = 5.000000000129904e-07.  Face area magnitudes OK.
[2024/01/07 06:17:04]      Min volume = 1.499999999944929e-10. Max volume = 1.500000000034984e-10.  Total volume = 4.500000000002841e-07.  Cell volumes OK.
[2024/01/07 06:17:04]      Mesh non-orthogonality Max: 0 average: 0
[2024/01/07 06:17:04]      Non-orthogonality check OK.
[2024/01/07 06:17:04]      Face pyramids OK.
[2024/01/07 06:17:04]      Max skewness = 9.432792296734318e-11 OK.
[2024/01/07 06:17:04]      Coupled point location match (average 0) OK.
[2024/01/07 06:17:04]  
[2024/01/07 06:17:04]  Mesh OK.
[2024/01/07 06:17:04]  
[2024/01/07 06:17:04]  Time = 1
[2024/01/07 06:17:04]  
[2024/01/07 06:17:04]  U Initial residual: (0.04034297153216768 0.01697122383212065 0.01845981854611123)
[2024/01/07 06:17:04]  U   Final residual: (0.003828303356453917 0.000809061523139434 0.001679530097718163)
[2024/01/07 06:17:04]  p Initial residual: 0.01493269577856859
[2024/01/07 06:17:04]  p   Final residual: 0.000596119357875739
[2024/01/07 06:17:04]  Time step continuity errors : sum local = 0.01405695939600791
[2024/01/07 06:17:04]                                   global = 0.002887488184801799
[2024/01/07 06:17:04]                               cumulative = -0.01710376173499379
[2024/01/07 06:17:04]  yPlus min: 0 max: 0 mean: 0
[2024/01/07 06:17:04]  PL-part1-totalPressure: 102.9665213225423
[2024/01/07 06:17:04]  PL-part2-totalPressure: -12.32650987163103
[2024/01/07 06:17:04]  VOLUME-part1-variableVolSum: 1.000851376402293e-05
[2024/01/07 06:17:04]  ExecutionTime = 20.31 s  ClockTime = 29 s
[2024/01/07 06:17:04]  
[2024/01/07 06:17:04]  Time = 44
[2024/01/07 06:17:04]  Minimal residual 8.759219668787906e-07 satisfied the prescribed tolerance 1e-06
[2024/01/07 06:17:04]  
[2024/01/07 06:17:04]  PL-part1-totalPressure: 98.15954511615156
[2024/01/07 06:17:04]  PL-part2-totalPressure: -11.38988225035837
[2024/01/07 06:17:04]  VOLUME-part1-variableVolSum: 1.000851376402293e-05
[2024/01/07 06:17:04]  Printing Primal Residual Statistics.
[2024/01/07 06:17:04]  U Residual Norm2: (0.003924896448586956 0.001757205952122516 7.425627824648596e-13)
[2024/01/07 06:17:04]  U Residual Mean: (2.247588528558802e-05 1.696074421752629e-05 9.549122620596976e-15)
[2024/01/07 06:17:04]  U Residual Max: (0.00105559695631996 0.0004058994589462017 6.652846400051877e-14)
[2024/01/07 06:17:04]  p Residual Norm2: 0.002688310651068291
[2024/01/07 06:17:04]  p Residual Mean: 1.194497936632738e-05
[2024/01/07 06:17:04]  p Residual Max: 0.0009466735371012239
[2024/01/07 06:17:04]  phi Residual Norm2: 3.053397525470659e-06
[2024/01/07 06:17:04]  phi Residual Mean: 8.521051368526059e-09
[2024/01/07 06:17:04]  phi Residual Max: 5.11185615215754e-07
[2024/01/07 06:17:04]  End
[2024/01/07 06:17:04]  
[2024/01/07 06:17:04]  Objective Functions: 
[2024/01/07 06:17:04]  {'PL': 86.7696628657932, 'VOLUME': 1.0008513764022925e-05, 'fail': False}
[2024/01/07 06:17:04]  Flow Runtime: 1.69655
[2024/01/07 06:17:04]  
[2024/01/07 06:17:04]  
[2024/01/07 06:17:04]  +--------------------------------------------------------------------------+
[2024/01/07 06:17:04]  |              Evaluating Objective Function Sensitivities 004             |
[2024/01/07 06:17:04]  +--------------------------------------------------------------------------+
[2024/01/07 06:17:04]  writeDeformedFFDs is deprecated since v3.0.1!
[2024/01/07 06:17:04]  Moving time 44 to 0.00000004
[2024/01/07 06:17:04]  Running adjoint Solver 004
[2024/01/07 06:17:04]  dRdWT Jacobian Free created!
[2024/01/07 06:17:04]  Solver Type: gmres
[2024/01/07 06:17:04]  GMRES Restart: 2000
[2024/01/07 06:17:04]  ASM Overlap: 1
[2024/01/07 06:17:04]  Global PC Iters: 0
[2024/01/07 06:17:04]  Local PC Iters: 1
[2024/01/07 06:17:04]  Mat ReOrdering: rcm
[2024/01/07 06:17:04]  ILU PC Fill Level: 1
[2024/01/07 06:17:04]  GMRES Max Iterations: 2000
[2024/01/07 06:17:04]  GMRES Relative Tolerance: 1e-06
[2024/01/07 06:17:04]  GMRES Absolute Tolerance: 1e-14
[2024/01/07 06:17:04]  Calculating dFdW using reverse-mode AD
[2024/01/07 06:17:04]      Adding all faces of patches 1(inlet) ...
[2024/01/07 06:17:04]      Found matching patch inlet with 0 faces.
[2024/01/07 06:17:04]      Adding all faces of patches 1(outlet) ...
[2024/01/07 06:17:04]      Found matching patch outlet with 0 faces.
[2024/01/07 06:17:04]  Solving Linear Equation... 29 s
[2024/01/07 06:17:04]  Main iteration 0 KSP Residual norm 2.142261943245e+00 29 s
[2024/01/07 06:17:04]  Main iteration 31 KSP Residual norm 1.753481907481e-06 30 s 
[2024/01/07 06:17:04]  Total iterations 31
[2024/01/07 06:17:04]  Solving Linear Equation... Completed! 30 s
[2024/01/07 06:17:04]  Residual tolerance satisfied, solution finished!
[2024/01/07 06:17:04]  Calculating dFdW using reverse-mode AD
[2024/01/07 06:17:04]      Adding cells with centre within boxes 1((-50 -50 -50) (50 50 50))
[2024/01/07 06:17:04]  Solving Linear Equation... 30 s
[2024/01/07 06:17:04]  Main iteration 0 KSP Residual norm 0.000000000000e+00 30 s
[2024/01/07 06:17:04]  Main iteration 0 KSP Residual norm 0.000000000000e+00 30 s 
[2024/01/07 06:17:04]  Total iterations 0
[2024/01/07 06:17:04]  Solving Linear Equation... Completed! 30 s
[2024/01/07 06:17:04]  Residual tolerance satisfied, solution finished!
[2024/01/07 06:17:04]  Computing total derivatives....
[2024/01/07 06:17:04]  Computing total derivatives for alphaPorosity
[2024/01/07 06:17:04]  Calculating dFdField using reverse-mode AD for alphaPorosity
[2024/01/07 06:17:04]      Adding all faces of patches 1(inlet) ...
[2024/01/07 06:17:06]      Found matching patch inlet with 0 faces.
[2024/01/07 06:17:06]      Adding all faces of patches 1(outlet) ...
[2024/01/07 06:17:06]      Found matching patch outlet with 0 faces.
[2024/01/07 06:17:06]  Calculating [dRdField]^T * Psi using reverse-mode AD
[2024/01/07 06:17:06]  Calculating dFdField using reverse-mode AD for alphaPorosity
[2024/01/07 06:17:06]      Adding cells with centre within boxes 1((-50 -50 -50) (50 50 50))
[2024/01/07 06:17:06]  Calculating [dRdField]^T * Psi using reverse-mode AD
[2024/01/07 06:17:06]  Objective Function Sensitivity: 
[2024/01/07 06:17:06]  {'PL': {'alphaPorosity': array([0.0002683451999516, 0.0002720067952064, 0.0002758804639131, ...,
[2024/01/07 06:17:06]         0.0000573205509609, 0.0000569907793869, 0.0000566559213992])}, 'VOLUME': {'alphaPorosity': array([0.000000000025, 0.000000000025, 0.000000000025, ...,
[2024/01/07 06:17:06]         0.000000000025, 0.000000000025, 0.000000000025])}, 'fail': False}
[2024/01/07 06:17:06]  Adjoint Runtime: 2.71718 s
[2024/01/07 06:17:06]     3  8.6769663e+01 0.00e+00 5.89e+00  -1.6 6.31e-03    -  9.81e-01 1.00e+00f  1
[2024/01/07 06:17:06]  
[2024/01/07 06:17:06]  
[2024/01/07 06:17:06]  +--------------------------------------------------------------------------+
[2024/01/07 06:17:06]  |                  Evaluating Objective Functions 005                      |
[2024/01/07 06:17:06]  +--------------------------------------------------------------------------+
[2024/01/07 06:17:06]  Design Variables: 
[2024/01/07 06:17:06]  OrderedDict([('alphaPorosity', array([ 69.54121721768944,  68.40744671268354,  67.24292157589798, ...,
[2024/01/07 06:17:06]         259.8708999843824 , 260.8369894222183 , 261.82644733182104]))])
[2024/01/07 06:17:06]  DVGeo PointSet UpToDate: False
[2024/01/07 06:17:06]  Updating DVGeo PointSet....
[2024/01/07 06:17:06]  DVGeo PointSet UpToDate: True
[2024/01/07 06:17:06]  Warping the volume mesh....
[2024/01/07 06:17:06]  Setting up primal boundary conditions based on pyOptions: 
[2024/01/07 06:17:06]  Setting primal boundary conditions...
[2024/01/07 06:17:06]  Setting U = (0.1 0 0) at inlet
[2024/01/07 06:17:06]  Setting primal boundary conditions...
[2024/01/07 06:17:06]  Setting p = 0 at outlet
[2024/01/07 06:17:06]  nuTilda not found, skip it.
[2024/01/07 06:17:06]  Setting nut wall BC for wallBoundary. BCType=nutkWallFunction
[2024/01/07 06:17:06]  Running Primal Solver 005
[2024/01/07 06:17:06]  Previous solution time 44 not found and nothing deleted.
[2024/01/07 06:17:06]  No finite volume options present
[2024/01/07 06:17:06]  
[2024/01/07 06:17:06]  Starting time loop
[2024/01/07 06:17:06]  
[2024/01/07 06:17:06]  Checking mesh quality for time = 0
[2024/01/07 06:17:06]      Overall domain bounding box (7.181318501078189e-16 -1.399990449424424e-15 -5.718082257688551e-15) (0.02999999999999962 0.01500000000001617 0.001000000000005718)
[2024/01/07 06:17:06]      Mesh has 3 geometric (non-empty/wedge) directions 3{1}
[2024/01/07 06:17:06]      Mesh has 3 solution (non-empty) directions 3{1}
[2024/01/07 06:17:06]      Boundary openness (-6.947448714353218e-18 9.793123156124281e-19 -3.04020355740097e-16) OK.
[2024/01/07 06:17:06]      Max cell openness = 3.176373552203076e-16 OK.
[2024/01/07 06:17:06]      Max aspect ratio = 3.333333333492265 OK.
[2024/01/07 06:17:06]      Minimum face area = 1.499999999935995e-07. Maximum face area = 5.000000000129904e-07.  Face area magnitudes OK.
[2024/01/07 06:17:06]      Min volume = 1.499999999944929e-10. Max volume = 1.500000000034984e-10.  Total volume = 4.500000000002841e-07.  Cell volumes OK.
[2024/01/07 06:17:06]      Mesh non-orthogonality Max: 0 average: 0
[2024/01/07 06:17:06]      Non-orthogonality check OK.
[2024/01/07 06:17:06]      Face pyramids OK.
[2024/01/07 06:17:06]      Max skewness = 9.432792296734318e-11 OK.
[2024/01/07 06:17:06]      Coupled point location match (average 0) OK.
[2024/01/07 06:17:06]  
[2024/01/07 06:17:06]  Mesh OK.
[2024/01/07 06:17:06]  
[2024/01/07 06:17:06]  Time = 1
[2024/01/07 06:17:06]  
[2024/01/07 06:17:06]  U Initial residual: (0.1060529283055107 0.04033844230283529 0.03139760827326091)
[2024/01/07 06:17:06]  U   Final residual: (0.01035959075488238 0.001459856316679851 0.002476510017996948)
[2024/01/07 06:17:06]  p Initial residual: 0.04395455998693227
[2024/01/07 06:17:06]  p   Final residual: 0.002664744897627115
[2024/01/07 06:17:06]  Time step continuity errors : sum local = 0.05358861284228455
[2024/01/07 06:17:06]                                   global = 0.008172030005158613
[2024/01/07 06:17:06]                               cumulative = -0.008931731729835173
[2024/01/07 06:17:06]  yPlus min: 0 max: 0 mean: 0
[2024/01/07 06:17:06]  PL-part1-totalPressure: 79.50676604410421
[2024/01/07 06:17:06]  PL-part2-totalPressure: -11.82207332790004
[2024/01/07 06:17:06]  VOLUME-part1-variableVolSum: 9.901494246045538e-06
[2024/01/07 06:17:06]  ExecutionTime = 23.54 s  ClockTime = 34 s
[2024/01/07 06:17:06]  
[2024/01/07 06:17:06]  Time = 61
[2024/01/07 06:17:06]  Minimal residual 9.702818376133678e-07 satisfied the prescribed tolerance 1e-06
[2024/01/07 06:17:06]  
[2024/01/07 06:17:06]  PL-part1-totalPressure: 64.92959408997046
[2024/01/07 06:17:06]  PL-part2-totalPressure: -10.62977231830825
[2024/01/07 06:17:06]  VOLUME-part1-variableVolSum: 9.901494246045538e-06
[2024/01/07 06:17:06]  Printing Primal Residual Statistics.
[2024/01/07 06:17:06]  U Residual Norm2: (0.01511108564216114 0.004252690162411426 4.39726916127134e-13)
[2024/01/07 06:17:06]  U Residual Mean: (5.949780027870083e-05 2.073370807453773e-05 5.74263411580919e-15)
[2024/01/07 06:17:06]  U Residual Max: (0.004980588624675875 0.00104319727122254 3.413844502798279e-14)
[2024/01/07 06:17:06]  p Residual Norm2: 0.003758384545941406
[2024/01/07 06:17:06]  p Residual Mean: 9.939671037189444e-06
[2024/01/07 06:17:06]  p Residual Max: 0.00243896868416811
[2024/01/07 06:17:06]  phi Residual Norm2: 7.173446867847975e-06
[2024/01/07 06:17:10]  phi Residual Mean: 1.098940874765521e-08
[2024/01/07 06:17:10]  phi Residual Max: 2.037964497390949e-06
[2024/01/07 06:17:10]  End
[2024/01/07 06:17:10]  
[2024/01/07 06:17:10]  Objective Functions: 
[2024/01/07 06:17:10]  {'PL': 54.29982177166221, 'VOLUME': 9.901494246045538e-06, 'fail': False}
[2024/01/07 06:17:10]  Flow Runtime: 1.83736
[2024/01/07 06:17:10]  
[2024/01/07 06:17:10]  
[2024/01/07 06:17:10]  +--------------------------------------------------------------------------+
[2024/01/07 06:17:10]  |              Evaluating Objective Function Sensitivities 005             |
[2024/01/07 06:17:10]  +--------------------------------------------------------------------------+
[2024/01/07 06:17:10]  writeDeformedFFDs is deprecated since v3.0.1!
[2024/01/07 06:17:10]  Moving time 61 to 0.00000005
[2024/01/07 06:17:10]  Running adjoint Solver 005
[2024/01/07 06:17:10]  dRdWT Jacobian Free created!
[2024/01/07 06:17:10]  Solver Type: gmres
[2024/01/07 06:17:10]  GMRES Restart: 2000
[2024/01/07 06:17:10]  ASM Overlap: 1
[2024/01/07 06:17:10]  Global PC Iters: 0
[2024/01/07 06:17:10]  Local PC Iters: 1
[2024/01/07 06:17:10]  Mat ReOrdering: rcm
[2024/01/07 06:17:10]  ILU PC Fill Level: 1
[2024/01/07 06:17:10]  GMRES Max Iterations: 2000
[2024/01/07 06:17:10]  GMRES Relative Tolerance: 1e-06
[2024/01/07 06:17:10]  GMRES Absolute Tolerance: 1e-14
[2024/01/07 06:17:10]  Calculating dFdW using reverse-mode AD
[2024/01/07 06:17:10]      Adding all faces of patches 1(inlet) ...
[2024/01/07 06:17:10]      Found matching patch inlet with 0 faces.
[2024/01/07 06:17:10]      Adding all faces of patches 1(outlet) ...
[2024/01/07 06:17:10]      Found matching patch outlet with 0 faces.
[2024/01/07 06:17:10]  Solving Linear Equation... 34 s
[2024/01/07 06:17:10]  Main iteration 0 KSP Residual norm 2.070082670005e+00 34 s
[2024/01/07 06:17:10]  Main iteration 47 KSP Residual norm 2.029322979421e-06 35 s 
[2024/01/07 06:17:10]  Total iterations 47
[2024/01/07 06:17:10]  Solving Linear Equation... Completed! 35 s
[2024/01/07 06:17:10]  Residual tolerance satisfied, solution finished!
[2024/01/07 06:17:10]  Calculating dFdW using reverse-mode AD
[2024/01/07 06:17:10]      Adding cells with centre within boxes 1((-50 -50 -50) (50 50 50))
[2024/01/07 06:17:10]  Solving Linear Equation... 35 s
[2024/01/07 06:17:10]  Main iteration 0 KSP Residual norm 0.000000000000e+00 35 s
[2024/01/07 06:17:10]  Main iteration 0 KSP Residual norm 0.000000000000e+00 35 s 
[2024/01/07 06:17:10]  Total iterations 0
[2024/01/07 06:17:10]  Solving Linear Equation... Completed! 35 s
[2024/01/07 06:17:10]  Residual tolerance satisfied, solution finished!
[2024/01/07 06:17:10]  Computing total derivatives....
[2024/01/07 06:17:10]  Computing total derivatives for alphaPorosity
[2024/01/07 06:17:10]  Calculating dFdField using reverse-mode AD for alphaPorosity
[2024/01/07 06:17:10]      Adding all faces of patches 1(inlet) ...
[2024/01/07 06:17:10]      Found matching patch inlet with 0 faces.
[2024/01/07 06:17:10]      Adding all faces of patches 1(outlet) ...
[2024/01/07 06:17:10]      Found matching patch outlet with 0 faces.
[2024/01/07 06:17:10]  Calculating [dRdField]^T * Psi using reverse-mode AD
[2024/01/07 06:17:10]  Calculating dFdField using reverse-mode AD for alphaPorosity
[2024/01/07 06:17:10]      Adding cells with centre within boxes 1((-50 -50 -50) (50 50 50))
[2024/01/07 06:17:10]  Calculating [dRdField]^T * Psi using reverse-mode AD
[2024/01/07 06:17:10]  Objective Function Sensitivity: 
[2024/01/07 06:17:10]  {'PL': {'alphaPorosity': array([0.0004117436354234, 0.0004212430505176, 0.0004310404446067, ...,
[2024/01/07 06:17:10]         0.0000174683203521, 0.0000171947611827, 0.000016916897383 ])}, 'VOLUME': {'alphaPorosity': array([0.000000000025, 0.000000000025, 0.000000000025, ...,
[2024/01/07 06:17:10]         0.000000000025, 0.000000000025, 0.000000000025])}, 'fail': False}
[2024/01/07 06:17:10]  Adjoint Runtime: 3.03578 s
[2024/01/07 06:17:10]     4  5.4299822e+01 0.00e+00 7.68e+00  -1.6 1.37e-01    -  1.00e+00 1.00e+00f  1
[2024/01/07 06:17:10]  
[2024/01/07 06:17:10]  
[2024/01/07 06:17:10]  +--------------------------------------------------------------------------+
[2024/01/07 06:17:10]  |                  Evaluating Objective Functions 006                      |
[2024/01/07 06:17:10]  +--------------------------------------------------------------------------+
[2024/01/07 06:17:10]  Design Variables: 
[2024/01/07 06:17:10]  OrderedDict([('alphaPorosity', array([ 29.481892531877463,  28.270572393796915,  27.09933845025314 , ...,
[2024/01/07 06:17:10]         330.74711898771216 , 332.24861059594434 , 333.7870511014865  ]))])
[2024/01/07 06:17:10]  DVGeo PointSet UpToDate: False
[2024/01/07 06:17:10]  Updating DVGeo PointSet....
[2024/01/07 06:17:10]  DVGeo PointSet UpToDate: True
[2024/01/07 06:17:10]  Warping the volume mesh....
[2024/01/07 06:17:10]  Setting up primal boundary conditions based on pyOptions: 
[2024/01/07 06:17:10]  Setting primal boundary conditions...
[2024/01/07 06:17:10]  Setting U = (0.1 0 0) at inlet
[2024/01/07 06:17:10]  Setting primal boundary conditions...
[2024/01/07 06:17:10]  Setting p = 0 at outlet
[2024/01/07 06:17:10]  nuTilda not found, skip it.
[2024/01/07 06:17:10]  Setting nut wall BC for wallBoundary. BCType=nutkWallFunction
[2024/01/07 06:17:10]  Running Primal Solver 006
[2024/01/07 06:17:10]  Previous solution time 61 not found and nothing deleted.
[2024/01/07 06:17:10]  No finite volume options present
[2024/01/07 06:17:10]  
[2024/01/07 06:17:10]  Starting time loop
[2024/01/07 06:17:10]  
[2024/01/07 06:17:10]  Checking mesh quality for time = 0
[2024/01/07 06:17:10]      Overall domain bounding box (7.181318501078189e-16 -1.399990449424424e-15 -5.718082257688551e-15) (0.02999999999999962 0.01500000000001617 0.001000000000005718)
[2024/01/07 06:17:10]      Mesh has 3 geometric (non-empty/wedge) directions 3{1}
[2024/01/07 06:17:10]      Mesh has 3 solution (non-empty) directions 3{1}
[2024/01/07 06:17:10]      Boundary openness (-6.947448714353218e-18 9.793123156124281e-19 -3.04020355740097e-16) OK.
[2024/01/07 06:17:10]      Max cell openness = 3.176373552203076e-16 OK.
[2024/01/07 06:17:16]      Max aspect ratio = 3.333333333492265 OK.
[2024/01/07 06:17:16]      Minimum face area = 1.499999999935995e-07. Maximum face area = 5.000000000129904e-07.  Face area magnitudes OK.
[2024/01/07 06:17:16]      Min volume = 1.499999999944929e-10. Max volume = 1.500000000034984e-10.  Total volume = 4.500000000002841e-07.  Cell volumes OK.
[2024/01/07 06:17:16]      Mesh non-orthogonality Max: 0 average: 0
[2024/01/07 06:17:16]      Non-orthogonality check OK.
[2024/01/07 06:17:16]      Face pyramids OK.
[2024/01/07 06:17:16]      Max skewness = 9.432792296734318e-11 OK.
[2024/01/07 06:17:16]      Coupled point location match (average 0) OK.
[2024/01/07 06:17:16]  
[2024/01/07 06:17:16]  Mesh OK.
[2024/01/07 06:17:16]  
[2024/01/07 06:17:16]  Time = 1
[2024/01/07 06:17:16]  
[2024/01/07 06:17:16]  U Initial residual: (0.0357104341360742 0.02021689746223064 0.01294714192863881)
[2024/01/07 06:17:16]  U   Final residual: (0.001269911842812448 0.0007480381147132088 0.0009031748283432529)
[2024/01/07 06:17:16]  p Initial residual: 0.03204031450159293
[2024/01/07 06:17:16]  p   Final residual: 0.002055541300295001
[2024/01/07 06:17:16]  Time step continuity errors : sum local = 0.02767605196981968
[2024/01/07 06:17:16]                                   global = 0.003612837643608336
[2024/01/07 06:17:16]                               cumulative = -0.005318894086226838
[2024/01/07 06:17:16]  yPlus min: 0 max: 0 mean: 0
[2024/01/07 06:17:16]  PL-part1-totalPressure: 57.51314270568955
[2024/01/07 06:17:16]  PL-part2-totalPressure: -10.70891491825797
[2024/01/07 06:17:16]  VOLUME-part1-variableVolSum: 9.909258001372797e-06
[2024/01/07 06:17:16]  ExecutionTime = 27.42 s  ClockTime = 39 s
[2024/01/07 06:17:16]  
[2024/01/07 06:17:16]  Time = 79
[2024/01/07 06:17:16]  Minimal residual 9.394305835852483e-07 satisfied the prescribed tolerance 1e-06
[2024/01/07 06:17:16]  
[2024/01/07 06:17:16]  PL-part1-totalPressure: 48.66809714625057
[2024/01/07 06:17:16]  PL-part2-totalPressure: -10.11088588535746
[2024/01/07 06:17:16]  VOLUME-part1-variableVolSum: 9.909258001372797e-06
[2024/01/07 06:17:16]  Printing Primal Residual Statistics.
[2024/01/07 06:17:16]  U Residual Norm2: (0.01850337965226497 0.005681605195118735 3.698461430719353e-13)
[2024/01/07 06:17:16]  U Residual Mean: (7.143342630033328e-05 2.513173709883174e-05 4.563050856442172e-15)
[2024/01/07 06:17:16]  U Residual Max: (0.006042664909326589 0.001283396740224652 3.955820141132391e-14)
[2024/01/07 06:17:16]  p Residual Norm2: 0.004062028725996844
[2024/01/07 06:17:16]  p Residual Mean: 7.678191755627829e-06
[2024/01/07 06:17:16]  p Residual Max: 0.002564895333245153
[2024/01/07 06:17:16]  phi Residual Norm2: 8.539232521256893e-06
[2024/01/07 06:17:16]  phi Residual Mean: 1.210426328256355e-08
[2024/01/07 06:17:16]  phi Residual Max: 2.409663988073995e-06
[2024/01/07 06:17:16]  End
[2024/01/07 06:17:16]  
[2024/01/07 06:17:16]  Objective Functions: 
[2024/01/07 06:17:16]  {'PL': 38.55721126089311, 'VOLUME': 9.909258001372797e-06, 'fail': False}
[2024/01/07 06:17:16]  Flow Runtime: 1.9023
[2024/01/07 06:17:16]  
[2024/01/07 06:17:16]  
[2024/01/07 06:17:16]  +--------------------------------------------------------------------------+
[2024/01/07 06:17:16]  |              Evaluating Objective Function Sensitivities 006             |
[2024/01/07 06:17:16]  +--------------------------------------------------------------------------+
[2024/01/07 06:17:16]  writeDeformedFFDs is deprecated since v3.0.1!
[2024/01/07 06:17:16]  Moving time 79 to 0.00000006
[2024/01/07 06:17:16]  Running adjoint Solver 006
[2024/01/07 06:17:16]  dRdWT Jacobian Free created!
[2024/01/07 06:17:16]  Computing dRdWTPC 39 s
[2024/01/07 06:17:16]  Initializing dRdWCon. 39 s
[2024/01/07 06:17:16]  dRdWCon Created. 40 s
[2024/01/07 06:17:16]  Reading Coloring dRdWColoring_6
[2024/01/07 06:17:16]  Validating Coloring...
[2024/01/07 06:17:16]  No Conflicting Colors Found!
[2024/01/07 06:17:16]  Partial derivative matrix created. 40 s
[2024/01/07 06:17:16]  dRdWTPC: 0 of 348, ExecutionTime: 40 s
[2024/01/07 06:17:16]  dRdWTPC: 100 of 348, ExecutionTime: 41 s
[2024/01/07 06:17:16]  dRdWTPC: 200 of 348, ExecutionTime: 41 s
[2024/01/07 06:17:16]  dRdWTPC: 300 of 348, ExecutionTime: 42 s
[2024/01/07 06:17:16]  dRdWTPC: 347 of 348, ExecutionTime: 42 s
[2024/01/07 06:17:16]  Solver Type: gmres
[2024/01/07 06:17:16]  GMRES Restart: 2000
[2024/01/07 06:17:16]  ASM Overlap: 1
[2024/01/07 06:17:16]  Global PC Iters: 0
[2024/01/07 06:17:16]  Local PC Iters: 1
[2024/01/07 06:17:16]  Mat ReOrdering: rcm
[2024/01/07 06:17:16]  ILU PC Fill Level: 1
[2024/01/07 06:17:16]  GMRES Max Iterations: 2000
[2024/01/07 06:17:16]  GMRES Relative Tolerance: 1e-06
[2024/01/07 06:17:16]  GMRES Absolute Tolerance: 1e-14
[2024/01/07 06:17:16]  Calculating dFdW using reverse-mode AD
[2024/01/07 06:17:16]      Adding all faces of patches 1(inlet) ...
[2024/01/07 06:17:16]      Found matching patch inlet with 0 faces.
[2024/01/07 06:17:16]      Adding all faces of patches 1(outlet) ...
[2024/01/07 06:17:16]      Found matching patch outlet with 0 faces.
[2024/01/07 06:17:16]  Solving Linear Equation... 42 s
[2024/01/07 06:17:16]  Main iteration 0 KSP Residual norm 2.019328523910e+00 42 s
[2024/01/07 06:17:16]  Main iteration 31 KSP Residual norm 1.109331636598e-06 42 s 
[2024/01/07 06:17:16]  Total iterations 31
[2024/01/07 06:17:16]  Solving Linear Equation... Completed! 42 s
[2024/01/07 06:17:16]  Residual tolerance satisfied, solution finished!
[2024/01/07 06:17:16]  Calculating dFdW using reverse-mode AD
[2024/01/07 06:17:16]      Adding cells with centre within boxes 1((-50 -50 -50) (50 50 50))
[2024/01/07 06:17:16]  Solving Linear Equation... 43 s
[2024/01/07 06:17:16]  Main iteration 0 KSP Residual norm 0.000000000000e+00 43 s
[2024/01/07 06:17:16]  Main iteration 0 KSP Residual norm 0.000000000000e+00 43 s 
[2024/01/07 06:17:16]  Total iterations 0
[2024/01/07 06:17:16]  Solving Linear Equation... Completed! 43 s
[2024/01/07 06:17:16]  Residual tolerance satisfied, solution finished!
[2024/01/07 06:17:16]  Computing total derivatives....
[2024/01/07 06:17:16]  Computing total derivatives for alphaPorosity
[2024/01/07 06:17:16]  Calculating dFdField using reverse-mode AD for alphaPorosity
[2024/01/07 06:17:16]      Adding all faces of patches 1(inlet) ...
[2024/01/07 06:17:18]      Found matching patch inlet with 0 faces.
[2024/01/07 06:17:18]      Adding all faces of patches 1(outlet) ...
[2024/01/07 06:17:18]      Found matching patch outlet with 0 faces.
[2024/01/07 06:17:18]  Calculating [dRdField]^T * Psi using reverse-mode AD
[2024/01/07 06:17:18]  Calculating dFdField using reverse-mode AD for alphaPorosity
[2024/01/07 06:17:18]      Adding cells with centre within boxes 1((-50 -50 -50) (50 50 50))
[2024/01/07 06:17:18]  Calculating [dRdField]^T * Psi using reverse-mode AD
[2024/01/07 06:17:18]  Objective Function Sensitivity: 
[2024/01/07 06:17:18]  {'PL': {'alphaPorosity': array([0.0007247794284154, 0.0007419903792453, 0.0007591028106404, ...,
[2024/01/07 06:17:18]         0.0000073389261481, 0.0000071509995175, 0.0000069705745511])}, 'VOLUME': {'alphaPorosity': array([0.000000000025, 0.000000000025, 0.000000000025, ...,
[2024/01/07 06:17:18]         0.000000000025, 0.000000000025, 0.000000000025])}, 'fail': False}
[2024/01/07 06:17:18]  Adjoint Runtime: 5.34802 s
[2024/01/07 06:17:18]     5  3.8557211e+01 0.00e+00 3.81e+00  -1.8 1.76e-02    -  1.00e+00 1.00e+00f  1
[2024/01/07 06:17:18]  
[2024/01/07 06:17:18]  
[2024/01/07 06:17:18]  +--------------------------------------------------------------------------+
[2024/01/07 06:17:18]  |                  Evaluating Objective Functions 007                      |
[2024/01/07 06:17:18]  +--------------------------------------------------------------------------+
[2024/01/07 06:17:18]  Design Variables: 
[2024/01/07 06:17:18]  OrderedDict([('alphaPorosity', array([  0.7774408791012951,   0.9788955496753101,   1.2034168925210107,
[2024/01/07 06:17:18]         ..., 407.96313018418783  , 411.2540811274406   ,
[2024/01/07 06:17:18]         414.5550758604348   ]))])
[2024/01/07 06:17:18]  DVGeo PointSet UpToDate: False
[2024/01/07 06:17:18]  Updating DVGeo PointSet....
[2024/01/07 06:17:18]  DVGeo PointSet UpToDate: True
[2024/01/07 06:17:18]  Warping the volume mesh....
[2024/01/07 06:17:18]  Setting up primal boundary conditions based on pyOptions: 
[2024/01/07 06:17:18]  Setting primal boundary conditions...
[2024/01/07 06:17:18]  Setting U = (0.1 0 0) at inlet
[2024/01/07 06:17:18]  Setting primal boundary conditions...
[2024/01/07 06:17:18]  Setting p = 0 at outlet
[2024/01/07 06:17:18]  nuTilda not found, skip it.
[2024/01/07 06:17:18]  Setting nut wall BC for wallBoundary. BCType=nutkWallFunction
[2024/01/07 06:17:18]  Running Primal Solver 007
[2024/01/07 06:17:18]  Previous solution time 79 not found and nothing deleted.
[2024/01/07 06:17:18]  No finite volume options present
[2024/01/07 06:17:18]  
[2024/01/07 06:17:18]  Starting time loop
[2024/01/07 06:17:18]  
[2024/01/07 06:17:18]  Checking mesh quality for time = 0
[2024/01/07 06:17:18]      Overall domain bounding box (7.181318501078189e-16 -1.399990449424424e-15 -5.718082257688551e-15) (0.02999999999999962 0.01500000000001617 0.001000000000005718)
[2024/01/07 06:17:18]      Mesh has 3 geometric (non-empty/wedge) directions 3{1}
[2024/01/07 06:17:18]      Mesh has 3 solution (non-empty) directions 3{1}
[2024/01/07 06:17:18]      Boundary openness (-6.947448714353218e-18 9.793123156124281e-19 -3.04020355740097e-16) OK.
[2024/01/07 06:17:18]      Max cell openness = 3.176373552203076e-16 OK.
[2024/01/07 06:17:18]      Max aspect ratio = 3.333333333492265 OK.
[2024/01/07 06:17:18]      Minimum face area = 1.499999999935995e-07. Maximum face area = 5.000000000129904e-07.  Face area magnitudes OK.
[2024/01/07 06:17:18]      Min volume = 1.499999999944929e-10. Max volume = 1.500000000034984e-10.  Total volume = 4.500000000002841e-07.  Cell volumes OK.
[2024/01/07 06:17:18]      Mesh non-orthogonality Max: 0 average: 0
[2024/01/07 06:17:18]      Non-orthogonality check OK.
[2024/01/07 06:17:18]      Face pyramids OK.
[2024/01/07 06:17:18]      Max skewness = 9.432792296734318e-11 OK.
[2024/01/07 06:17:18]      Coupled point location match (average 0) OK.
[2024/01/07 06:17:18]  
[2024/01/07 06:17:18]  Mesh OK.
[2024/01/07 06:17:18]  
[2024/01/07 06:17:18]  Time = 1
[2024/01/07 06:17:18]  
[2024/01/07 06:17:18]  U Initial residual: (0.032750409272552 0.03216054289808823 0.01600203317484831)
[2024/01/07 06:17:18]  U   Final residual: (0.001339304299385903 0.001234619601427632 0.001056416755936106)
[2024/01/07 06:17:18]  p Initial residual: 0.05711610141585335
[2024/01/07 06:17:18]  p   Final residual: 0.00510348347784855
[2024/01/07 06:17:18]  Time step continuity errors : sum local = 0.0525689606913677
[2024/01/07 06:17:18]                                   global = 0.004425523363483223
[2024/01/07 06:17:18]                               cumulative = -0.0008933707227436142
[2024/01/07 06:17:18]  yPlus min: 0 max: 0 mean: 0
[2024/01/07 06:17:18]  PL-part1-totalPressure: 38.95094952367116
[2024/01/07 06:17:18]  PL-part2-totalPressure: -10.19555720266892
[2024/01/07 06:17:18]  VOLUME-part1-variableVolSum: 9.943932242108343e-06
[2024/01/07 06:17:18]  ExecutionTime = 33.26 s  ClockTime = 46 s
[2024/01/07 06:17:18]  
[2024/01/07 06:17:18]  Time = 100
[2024/01/07 06:17:18]  
[2024/01/07 06:17:18]  U Initial residual: (4.422090283605031e-06 9.731579448866407e-06 0.002044080495191643)
[2024/01/07 06:17:18]  U   Final residual: (3.663201329880659e-07 8.817265707644598e-07 8.240583095377176e-05)
[2024/01/07 06:17:18]  p Initial residual: 6.04993105389367e-06
[2024/01/07 06:17:18]  p   Final residual: 2.979266837281001e-07
[2024/01/07 06:17:18]  Time step continuity errors : sum local = 1.867940073243656e-06
[2024/01/07 06:17:18]                                   global = -4.136238639050423e-07
[2024/01/07 06:17:18]                               cumulative = -0.0008937843466075193
[2024/01/07 06:17:18]  yPlus min: 0 max: 0 mean: 0
[2024/01/07 06:17:18]  PL-part1-totalPressure: 27.44968737288366
[2024/01/07 06:17:18]  PL-part2-totalPressure: -9.877307020466709
[2024/01/07 06:17:18]  VOLUME-part1-variableVolSum: 9.943932242108343e-06
[2024/01/07 06:17:22]  ExecutionTime = 33.63 s  ClockTime = 46 s
[2024/01/07 06:17:22]  
[2024/01/07 06:17:22]  Time = 119
[2024/01/07 06:17:22]  Minimal residual 9.565871040969915e-07 satisfied the prescribed tolerance 1e-06
[2024/01/07 06:17:22]  
[2024/01/07 06:17:22]  PL-part1-totalPressure: 27.44878595032579
[2024/01/07 06:17:22]  PL-part2-totalPressure: -9.876496658857487
[2024/01/07 06:17:22]  VOLUME-part1-variableVolSum: 9.943932242108343e-06
[2024/01/07 06:17:22]  Printing Primal Residual Statistics.
[2024/01/07 06:17:22]  U Residual Norm2: (0.01175634860397357 0.006174820522214519 2.019897080211047e-13)
[2024/01/07 06:17:22]  U Residual Mean: (5.835714904716306e-05 3.164479206933823e-05 2.564149534676405e-15)
[2024/01/07 06:17:22]  U Residual Max: (0.003496577022877645 0.0009731154653878082 1.78510675822475e-14)
[2024/01/07 06:17:22]  p Residual Norm2: 0.002167016161766691
[2024/01/07 06:17:22]  p Residual Mean: 5.091592128211072e-06
[2024/01/07 06:17:22]  p Residual Max: 0.001382421558813344
[2024/01/07 06:17:22]  phi Residual Norm2: 6.155090780870622e-06
[2024/01/07 06:17:22]  phi Residual Mean: 1.169578753855123e-08
[2024/01/07 06:17:22]  phi Residual Max: 1.263620588935822e-06
[2024/01/07 06:17:22]  End
[2024/01/07 06:17:22]  
[2024/01/07 06:17:22]  Objective Functions: 
[2024/01/07 06:17:22]  {'PL': 17.5722892914683, 'VOLUME': 9.943932242108343e-06, 'fail': False}
[2024/01/07 06:17:22]  Flow Runtime: 2.14592
[2024/01/07 06:17:22]  
[2024/01/07 06:17:22]  
[2024/01/07 06:17:22]  +--------------------------------------------------------------------------+
[2024/01/07 06:17:22]  |              Evaluating Objective Function Sensitivities 007             |
[2024/01/07 06:17:22]  +--------------------------------------------------------------------------+
[2024/01/07 06:17:22]  writeDeformedFFDs is deprecated since v3.0.1!
[2024/01/07 06:17:22]  Moving time 119 to 0.00000007
[2024/01/07 06:17:22]  Running adjoint Solver 007
[2024/01/07 06:17:22]  dRdWT Jacobian Free created!
[2024/01/07 06:17:22]  Solver Type: gmres
[2024/01/07 06:17:22]  GMRES Restart: 2000
[2024/01/07 06:17:22]  ASM Overlap: 1
[2024/01/07 06:17:22]  Global PC Iters: 0
[2024/01/07 06:17:22]  Local PC Iters: 1
[2024/01/07 06:17:22]  Mat ReOrdering: rcm
[2024/01/07 06:17:22]  ILU PC Fill Level: 1
[2024/01/07 06:17:22]  GMRES Max Iterations: 2000
[2024/01/07 06:17:22]  GMRES Relative Tolerance: 1e-06
[2024/01/07 06:17:22]  GMRES Absolute Tolerance: 1e-14
[2024/01/07 06:17:22]  Calculating dFdW using reverse-mode AD
[2024/01/07 06:17:22]      Adding all faces of patches 1(inlet) ...
[2024/01/07 06:17:22]      Found matching patch inlet with 0 faces.
[2024/01/07 06:17:22]      Adding all faces of patches 1(outlet) ...
[2024/01/07 06:17:22]      Found matching patch outlet with 0 faces.
[2024/01/07 06:17:22]  Solving Linear Equation... 47 s
[2024/01/07 06:17:22]  Main iteration 0 KSP Residual norm 1.995978957023e+00 47 s
[2024/01/07 06:17:22]  Main iteration 40 KSP Residual norm 1.520855601667e-06 47 s 
[2024/01/07 06:17:22]  Total iterations 40
[2024/01/07 06:17:22]  Solving Linear Equation... Completed! 47 s
[2024/01/07 06:17:22]  Residual tolerance satisfied, solution finished!
[2024/01/07 06:17:22]  Calculating dFdW using reverse-mode AD
[2024/01/07 06:17:22]      Adding cells with centre within boxes 1((-50 -50 -50) (50 50 50))
[2024/01/07 06:17:22]  Solving Linear Equation... 48 s
[2024/01/07 06:17:22]  Main iteration 0 KSP Residual norm 0.000000000000e+00 48 s
[2024/01/07 06:17:22]  Main iteration 0 KSP Residual norm 0.000000000000e+00 48 s 
[2024/01/07 06:17:22]  Total iterations 0
[2024/01/07 06:17:22]  Solving Linear Equation... Completed! 48 s
[2024/01/07 06:17:22]  Residual tolerance satisfied, solution finished!
[2024/01/07 06:17:22]  Computing total derivatives....
[2024/01/07 06:17:22]  Computing total derivatives for alphaPorosity
[2024/01/07 06:17:22]  Calculating dFdField using reverse-mode AD for alphaPorosity
[2024/01/07 06:17:22]      Adding all faces of patches 1(inlet) ...
[2024/01/07 06:17:22]      Found matching patch inlet with 0 faces.
[2024/01/07 06:17:22]      Adding all faces of patches 1(outlet) ...
[2024/01/07 06:17:22]      Found matching patch outlet with 0 faces.
[2024/01/07 06:17:22]  Calculating [dRdField]^T * Psi using reverse-mode AD
[2024/01/07 06:17:22]  Calculating dFdField using reverse-mode AD for alphaPorosity
[2024/01/07 06:17:22]      Adding cells with centre within boxes 1((-50 -50 -50) (50 50 50))
[2024/01/07 06:17:22]  Calculating [dRdField]^T * Psi using reverse-mode AD
[2024/01/07 06:17:22]  Objective Function Sensitivity: 
[2024/01/07 06:17:22]  {'PL': {'alphaPorosity': array([0.001197337099245 , 0.0012128781778738, 0.0012277712373747, ...,
[2024/01/07 06:17:22]         0.0000012189809232, 0.0000011522246346, 0.0000010884075709])}, 'VOLUME': {'alphaPorosity': array([0.000000000025, 0.000000000025, 0.000000000025, ...,
[2024/01/07 06:17:22]         0.000000000025, 0.000000000025, 0.000000000025])}, 'fail': False}
[2024/01/07 06:17:22]  Adjoint Runtime: 2.85496 s
[2024/01/07 06:17:22]     6  1.7572289e+01 0.00e+00 4.74e+00  -2.1 1.87e-01    -  1.00e+00 8.44e-01f  1
[2024/01/07 06:17:22]  
[2024/01/07 06:17:22]  
[2024/01/07 06:17:22]  +--------------------------------------------------------------------------+
[2024/01/07 06:17:22]  |                  Evaluating Objective Functions 008                      |
[2024/01/07 06:17:22]  +--------------------------------------------------------------------------+
[2024/01/07 06:17:22]  Design Variables: 
[2024/01/07 06:17:22]  OrderedDict([('alphaPorosity', array([  2.1819018671199526,   2.100436815706495 ,   2.022604323305889 ,
[2024/01/07 06:17:22]         ..., 438.81128761049973  , 442.9245246625043   ,
[2024/01/07 06:17:22]         447.01362655684113  ]))])
[2024/01/07 06:17:22]  DVGeo PointSet UpToDate: False
[2024/01/07 06:17:22]  Updating DVGeo PointSet....
[2024/01/07 06:17:22]  DVGeo PointSet UpToDate: True
[2024/01/07 06:17:22]  Warping the volume mesh....
[2024/01/07 06:17:22]  Setting up primal boundary conditions based on pyOptions: 
[2024/01/07 06:17:22]  Setting primal boundary conditions...
[2024/01/07 06:17:22]  Setting U = (0.1 0 0) at inlet
[2024/01/07 06:17:25]  Setting primal boundary conditions...
[2024/01/07 06:17:25]  Setting p = 0 at outlet
[2024/01/07 06:17:25]  nuTilda not found, skip it.
[2024/01/07 06:17:25]  Setting nut wall BC for wallBoundary. BCType=nutkWallFunction
[2024/01/07 06:17:25]  Running Primal Solver 008
[2024/01/07 06:17:25]  Previous solution time 119 not found and nothing deleted.
[2024/01/07 06:17:25]  No finite volume options present
[2024/01/07 06:17:25]  
[2024/01/07 06:17:25]  Starting time loop
[2024/01/07 06:17:25]  
[2024/01/07 06:17:25]  Checking mesh quality for time = 0
[2024/01/07 06:17:25]      Overall domain bounding box (7.181318501078189e-16 -1.399990449424424e-15 -5.718082257688551e-15) (0.02999999999999962 0.01500000000001617 0.001000000000005718)
[2024/01/07 06:17:25]      Mesh has 3 geometric (non-empty/wedge) directions 3{1}
[2024/01/07 06:17:25]      Mesh has 3 solution (non-empty) directions 3{1}
[2024/01/07 06:17:25]      Boundary openness (-6.947448714353218e-18 9.793123156124281e-19 -3.04020355740097e-16) OK.
[2024/01/07 06:17:25]      Max cell openness = 3.176373552203076e-16 OK.
[2024/01/07 06:17:25]      Max aspect ratio = 3.333333333492265 OK.
[2024/01/07 06:17:25]      Minimum face area = 1.499999999935995e-07. Maximum face area = 5.000000000129904e-07.  Face area magnitudes OK.
[2024/01/07 06:17:25]      Min volume = 1.499999999944929e-10. Max volume = 1.500000000034984e-10.  Total volume = 4.500000000002841e-07.  Cell volumes OK.
[2024/01/07 06:17:25]      Mesh non-orthogonality Max: 0 average: 0
[2024/01/07 06:17:25]      Non-orthogonality check OK.
[2024/01/07 06:17:25]      Face pyramids OK.
[2024/01/07 06:17:25]      Max skewness = 9.432792296734318e-11 OK.
[2024/01/07 06:17:25]      Coupled point location match (average 0) OK.
[2024/01/07 06:17:25]  
[2024/01/07 06:17:25]  Mesh OK.
[2024/01/07 06:17:25]  
[2024/01/07 06:17:25]  Time = 1
[2024/01/07 06:17:25]  
[2024/01/07 06:17:25]  U Initial residual: (0.01039253237320077 0.01438211200310744 0.007229139114680406)
[2024/01/07 06:17:25]  U   Final residual: (0.000489124807515125 0.0007304277927890385 0.0006004223570657125)
[2024/01/07 06:17:25]  p Initial residual: 0.06087329820745961
[2024/01/07 06:17:25]  p   Final residual: 0.003978735624699587
[2024/01/07 06:17:25]  Time step continuity errors : sum local = 0.02505724133175633
[2024/01/07 06:17:25]                                   global = 0.002183167400738988
[2024/01/07 06:17:25]                               cumulative = 0.001289383054131468
[2024/01/07 06:17:25]  yPlus min: 0 max: 0 mean: 0
[2024/01/07 06:17:25]  PL-part1-totalPressure: 23.57775433131287
[2024/01/07 06:17:25]  PL-part2-totalPressure: -9.928821301625621
[2024/01/07 06:17:25]  VOLUME-part1-variableVolSum: 9.958157004287218e-06
[2024/01/07 06:17:25]  ExecutionTime = 37.12 s  ClockTime = 51 s
[2024/01/07 06:17:25]  
[2024/01/07 06:17:25]  Time = 100
[2024/01/07 06:17:25]  
[2024/01/07 06:17:25]  U Initial residual: (1.064448679532241e-05 4.318183536648376e-05 0.001497694452217842)
[2024/01/07 06:17:25]  U   Final residual: (9.766835040465944e-07 3.706224728810439e-06 6.51773362820036e-05)
[2024/01/07 06:17:25]  p Initial residual: 3.173548035665381e-05
[2024/01/07 06:17:25]  p   Final residual: 1.539720200765796e-06
[2024/01/07 06:17:25]  Time step continuity errors : sum local = 7.007988613176929e-06
[2024/01/07 06:17:25]                                   global = -1.762646917849291e-06
[2024/01/07 06:17:25]                               cumulative = 0.001287620407213619
[2024/01/07 06:17:25]  yPlus min: 0 max: 0 mean: 0
[2024/01/07 06:17:25]  PL-part1-totalPressure: 18.86024486262523
[2024/01/07 06:17:25]  PL-part2-totalPressure: -9.762471559204249
[2024/01/07 06:17:25]  VOLUME-part1-variableVolSum: 9.958157004287218e-06
[2024/01/07 06:17:25]  ExecutionTime = 37.48 s  ClockTime = 51 s
[2024/01/07 06:17:25]  
[2024/01/07 06:17:25]  Time = 143
[2024/01/07 06:17:25]  Minimal residual 9.930446944825989e-07 satisfied the prescribed tolerance 1e-06
[2024/01/07 06:17:25]  
[2024/01/07 06:17:25]  PL-part1-totalPressure: 18.86020981726197
[2024/01/07 06:17:25]  PL-part2-totalPressure: -9.761627803744894
[2024/01/07 06:17:25]  VOLUME-part1-variableVolSum: 9.958157004287218e-06
[2024/01/07 06:17:25]  Printing Primal Residual Statistics.
[2024/01/07 06:17:25]  U Residual Norm2: (0.005347292895190901 0.002066743619817563 1.31309034905682e-13)
[2024/01/07 06:17:25]  U Residual Mean: (3.263670399713436e-05 1.324107010514995e-05 1.725813711365051e-15)
[2024/01/07 06:17:25]  U Residual Max: (0.0006547010401316555 0.0003850712878802898 1.174721934755068e-14)
[2024/01/07 06:17:25]  p Residual Norm2: 0.001803051469696808
[2024/01/07 06:17:25]  p Residual Mean: 3.636080590514465e-06
[2024/01/07 06:17:25]  p Residual Max: 0.001156594907761602
[2024/01/07 06:17:25]  phi Residual Norm2: 2.997760668437207e-06
[2024/01/07 06:17:25]  phi Residual Mean: 6.122451767564857e-09
[2024/01/07 06:17:25]  phi Residual Max: 3.048087143851034e-07
[2024/01/07 06:17:25]  End
[2024/01/07 06:17:25]  
[2024/01/07 06:17:25]  Objective Functions: 
[2024/01/07 06:17:25]  {'PL': 9.098582013517081, 'VOLUME': 9.958157004287218e-06, 'fail': False}
[2024/01/07 06:17:25]  Flow Runtime: 2.25776
[2024/01/07 06:17:25]  
[2024/01/07 06:17:25]  
[2024/01/07 06:17:25]  +--------------------------------------------------------------------------+
[2024/01/07 06:17:25]  |              Evaluating Objective Function Sensitivities 008             |
[2024/01/07 06:17:25]  +--------------------------------------------------------------------------+
[2024/01/07 06:17:25]  writeDeformedFFDs is deprecated since v3.0.1!
[2024/01/07 06:17:25]  Moving time 143 to 0.00000008
[2024/01/07 06:17:25]  Running adjoint Solver 008
[2024/01/07 06:17:25]  dRdWT Jacobian Free created!
[2024/01/07 06:17:25]  Solver Type: gmres
[2024/01/07 06:17:25]  GMRES Restart: 2000
[2024/01/07 06:17:25]  ASM Overlap: 1
[2024/01/07 06:17:25]  Global PC Iters: 0
[2024/01/07 06:17:25]  Local PC Iters: 1
[2024/01/07 06:17:25]  Mat ReOrdering: rcm
[2024/01/07 06:17:25]  ILU PC Fill Level: 1
[2024/01/07 06:17:25]  GMRES Max Iterations: 2000
[2024/01/07 06:17:25]  GMRES Relative Tolerance: 1e-06
[2024/01/07 06:17:25]  GMRES Absolute Tolerance: 1e-14
[2024/01/07 06:17:25]  Calculating dFdW using reverse-mode AD
[2024/01/07 06:17:29]      Adding all faces of patches 1(inlet) ...
[2024/01/07 06:17:29]      Found matching patch inlet with 0 faces.
[2024/01/07 06:17:29]      Adding all faces of patches 1(outlet) ...
[2024/01/07 06:17:29]      Found matching patch outlet with 0 faces.
[2024/01/07 06:17:29]  Solving Linear Equation... 52 s
[2024/01/07 06:17:29]  Main iteration 0 KSP Residual norm 1.984435550688e+00 52 s
[2024/01/07 06:17:29]  Main iteration 47 KSP Residual norm 1.166342944731e-06 53 s 
[2024/01/07 06:17:29]  Total iterations 47
[2024/01/07 06:17:29]  Solving Linear Equation... Completed! 53 s
[2024/01/07 06:17:29]  Residual tolerance satisfied, solution finished!
[2024/01/07 06:17:29]  Calculating dFdW using reverse-mode AD
[2024/01/07 06:17:29]      Adding cells with centre within boxes 1((-50 -50 -50) (50 50 50))
[2024/01/07 06:17:29]  Solving Linear Equation... 53 s
[2024/01/07 06:17:29]  Main iteration 0 KSP Residual norm 0.000000000000e+00 53 s
[2024/01/07 06:17:29]  Main iteration 0 KSP Residual norm 0.000000000000e+00 53 s 
[2024/01/07 06:17:29]  Total iterations 0
[2024/01/07 06:17:29]  Solving Linear Equation... Completed! 53 s
[2024/01/07 06:17:29]  Residual tolerance satisfied, solution finished!
[2024/01/07 06:17:29]  Computing total derivatives....
[2024/01/07 06:17:29]  Computing total derivatives for alphaPorosity
[2024/01/07 06:17:29]  Calculating dFdField using reverse-mode AD for alphaPorosity
[2024/01/07 06:17:29]      Adding all faces of patches 1(inlet) ...
[2024/01/07 06:17:29]      Found matching patch inlet with 0 faces.
[2024/01/07 06:17:29]      Adding all faces of patches 1(outlet) ...
[2024/01/07 06:17:29]      Found matching patch outlet with 0 faces.
[2024/01/07 06:17:29]  Calculating [dRdField]^T * Psi using reverse-mode AD
[2024/01/07 06:17:29]  Calculating dFdField using reverse-mode AD for alphaPorosity
[2024/01/07 06:17:29]      Adding cells with centre within boxes 1((-50 -50 -50) (50 50 50))
[2024/01/07 06:17:29]  Calculating [dRdField]^T * Psi using reverse-mode AD
[2024/01/07 06:17:29]  Objective Function Sensitivity: 
[2024/01/07 06:17:29]  {'PL': {'alphaPorosity': array([0.0011206729825364, 0.0011358358219693, 0.0011505026983689, ...,
[2024/01/07 06:17:29]         0.0000002333519664, 0.0000002076436802, 0.0000001843597218])}, 'VOLUME': {'alphaPorosity': array([0.000000000025, 0.000000000025, 0.000000000025, ...,
[2024/01/07 06:17:29]         0.000000000025, 0.000000000025, 0.000000000025])}, 'fail': False}
[2024/01/07 06:17:29]  Adjoint Runtime: 3.06346 s
[2024/01/07 06:17:29]     7  9.0985820e+00 0.00e+00 2.55e+00  -2.6 5.93e-02    -  1.00e+00 7.29e-01f  1
[2024/01/07 06:17:29]  
[2024/01/07 06:17:29]  
[2024/01/07 06:17:29]  +--------------------------------------------------------------------------+
[2024/01/07 06:17:29]  |                  Evaluating Objective Functions 009                      |
[2024/01/07 06:17:29]  +--------------------------------------------------------------------------+
[2024/01/07 06:17:29]  Design Variables: 
[2024/01/07 06:17:29]  OrderedDict([('alphaPorosity', array([  1.0092169461900116,   0.9790532900462192,   0.9502346286462249,
[2024/01/07 06:17:29]         ..., 445.50276784172144  , 450.2226261735423   ,
[2024/01/07 06:17:29]         454.8455870655221   ]))])
[2024/01/07 06:17:29]  DVGeo PointSet UpToDate: False
[2024/01/07 06:17:29]  Updating DVGeo PointSet....
[2024/01/07 06:17:29]  DVGeo PointSet UpToDate: True
[2024/01/07 06:17:29]  Warping the volume mesh....
[2024/01/07 06:17:29]  Setting up primal boundary conditions based on pyOptions: 
[2024/01/07 06:17:29]  Setting primal boundary conditions...
[2024/01/07 06:17:29]  Setting U = (0.1 0 0) at inlet
[2024/01/07 06:17:29]  Setting primal boundary conditions...
[2024/01/07 06:17:29]  Setting p = 0 at outlet
[2024/01/07 06:17:29]  nuTilda not found, skip it.
[2024/01/07 06:17:29]  Setting nut wall BC for wallBoundary. BCType=nutkWallFunction
[2024/01/07 06:17:29]  Running Primal Solver 009
[2024/01/07 06:17:29]  Previous solution time 143 not found and nothing deleted.
[2024/01/07 06:17:29]  No finite volume options present
[2024/01/07 06:17:29]  
[2024/01/07 06:17:29]  Starting time loop
[2024/01/07 06:17:29]  
[2024/01/07 06:17:29]  Checking mesh quality for time = 0
[2024/01/07 06:17:29]      Overall domain bounding box (7.181318501078189e-16 -1.399990449424424e-15 -5.718082257688551e-15) (0.02999999999999962 0.01500000000001617 0.001000000000005718)
[2024/01/07 06:17:29]      Mesh has 3 geometric (non-empty/wedge) directions 3{1}
[2024/01/07 06:17:29]      Mesh has 3 solution (non-empty) directions 3{1}
[2024/01/07 06:17:29]      Boundary openness (-6.947448714353218e-18 9.793123156124281e-19 -3.04020355740097e-16) OK.
[2024/01/07 06:17:29]      Max cell openness = 3.176373552203076e-16 OK.
[2024/01/07 06:17:29]      Max aspect ratio = 3.333333333492265 OK.
[2024/01/07 06:17:29]      Minimum face area = 1.499999999935995e-07. Maximum face area = 5.000000000129904e-07.  Face area magnitudes OK.
[2024/01/07 06:17:29]      Min volume = 1.499999999944929e-10. Max volume = 1.500000000034984e-10.  Total volume = 4.500000000002841e-07.  Cell volumes OK.
[2024/01/07 06:17:29]      Mesh non-orthogonality Max: 0 average: 0
[2024/01/07 06:17:29]      Non-orthogonality check OK.
[2024/01/07 06:17:29]      Face pyramids OK.
[2024/01/07 06:17:29]      Max skewness = 9.432792296734318e-11 OK.
[2024/01/07 06:17:29]      Coupled point location match (average 0) OK.
[2024/01/07 06:17:29]  
[2024/01/07 06:17:29]  Mesh OK.
[2024/01/07 06:17:29]  
[2024/01/07 06:17:29]  Time = 1
[2024/01/07 06:17:29]  
[2024/01/07 06:17:29]  U Initial residual: (0.005185132644342977 0.009096624551296218 0.005318629721982135)
[2024/01/07 06:17:29]  U   Final residual: (0.0002722312910458816 0.0005354403607911412 0.0005247715089873141)
[2024/01/07 06:17:29]  p Initial residual: 0.05941841929879265
[2024/01/07 06:17:29]  p   Final residual: 0.005430915658893661
[2024/01/07 06:17:33]  Time step continuity errors : sum local = 0.02486136896834584
[2024/01/07 06:17:33]                                   global = 0.00214194548371396
[2024/01/07 06:17:33]                               cumulative = 0.003429565890927579
[2024/01/07 06:17:33]  yPlus min: 0 max: 0 mean: 0
[2024/01/07 06:17:33]  PL-part1-totalPressure: 16.99945068666711
[2024/01/07 06:17:33]  PL-part2-totalPressure: -9.794111750908456
[2024/01/07 06:17:33]  VOLUME-part1-variableVolSum: 9.966519482356687e-06
[2024/01/07 06:17:33]  ExecutionTime = 40.95 s  ClockTime = 57 s
[2024/01/07 06:17:33]  
[2024/01/07 06:17:33]  Time = 100
[2024/01/07 06:17:33]  
[2024/01/07 06:17:33]  U Initial residual: (1.026392534282233e-05 3.850332626075137e-05 0.001258190930493226)
[2024/01/07 06:17:33]  U   Final residual: (8.130878914628554e-07 3.435731868890619e-06 5.628190170901988e-05)
[2024/01/07 06:17:33]  p Initial residual: 3.010196264947404e-05
[2024/01/07 06:17:33]  p   Final residual: 1.414182104670316e-06
[2024/01/07 06:17:33]  Time step continuity errors : sum local = 5.173278199561578e-06
[2024/01/07 06:17:33]                                   global = 1.592615034462218e-06
[2024/01/07 06:17:33]                               cumulative = 0.003431158505962041
[2024/01/07 06:17:33]  yPlus min: 0 max: 0 mean: 0
[2024/01/07 06:17:33]  PL-part1-totalPressure: 14.54105158378011
[2024/01/07 06:17:33]  PL-part2-totalPressure: -9.675054139910706
[2024/01/07 06:17:33]  VOLUME-part1-variableVolSum: 9.966519482356687e-06
[2024/01/07 06:17:33]  ExecutionTime = 41.32 s  ClockTime = 57 s
[2024/01/07 06:17:33]  
[2024/01/07 06:17:33]  Time = 150
[2024/01/07 06:17:33]  Minimal residual 9.913548916836398e-07 satisfied the prescribed tolerance 1e-06
[2024/01/07 06:17:33]  
[2024/01/07 06:17:33]  PL-part1-totalPressure: 14.53831222578821
[2024/01/07 06:17:33]  PL-part2-totalPressure: -9.673877419026647
[2024/01/07 06:17:33]  VOLUME-part1-variableVolSum: 9.966519482356687e-06
[2024/01/07 06:17:33]  Printing Primal Residual Statistics.
[2024/01/07 06:17:33]  U Residual Norm2: (0.002762775208463242 0.002287026660414089 1.195742633393953e-13)
[2024/01/07 06:17:33]  U Residual Mean: (1.888402102419156e-05 1.17370209972969e-05 1.555668620889036e-15)
[2024/01/07 06:17:33]  U Residual Max: (0.000254852018069851 0.0004596250492930887 1.107496555592299e-14)
[2024/01/07 06:17:33]  p Residual Norm2: 0.001310978741219132
[2024/01/07 06:17:33]  p Residual Mean: 2.952390803505711e-06
[2024/01/07 06:17:33]  p Residual Max: 0.000918660731895245
[2024/01/07 06:17:33]  phi Residual Norm2: 2.018024101685026e-06
[2024/01/07 06:17:33]  phi Residual Mean: 4.248938618652364e-09
[2024/01/07 06:17:33]  phi Residual Max: 2.220785870594413e-07
[2024/01/07 06:17:33]  End
[2024/01/07 06:17:33]  
[2024/01/07 06:17:33]  Objective Functions: 
[2024/01/07 06:17:33]  {'PL': 4.8644348067615635, 'VOLUME': 9.966519482356687e-06, 'fail': False}
[2024/01/07 06:17:33]  Flow Runtime: 2.32373
[2024/01/07 06:17:33]  
[2024/01/07 06:17:33]  
[2024/01/07 06:17:33]  +--------------------------------------------------------------------------+
[2024/01/07 06:17:33]  |              Evaluating Objective Function Sensitivities 009             |
[2024/01/07 06:17:33]  +--------------------------------------------------------------------------+
[2024/01/07 06:17:33]  writeDeformedFFDs is deprecated since v3.0.1!
[2024/01/07 06:17:33]  Moving time 150 to 0.00000009
[2024/01/07 06:17:33]  Running adjoint Solver 009
[2024/01/07 06:17:33]  dRdWT Jacobian Free created!
[2024/01/07 06:17:33]  Solver Type: gmres
[2024/01/07 06:17:33]  GMRES Restart: 2000
[2024/01/07 06:17:33]  ASM Overlap: 1
[2024/01/07 06:17:33]  Global PC Iters: 0
[2024/01/07 06:17:33]  Local PC Iters: 1
[2024/01/07 06:17:33]  Mat ReOrdering: rcm
[2024/01/07 06:17:33]  ILU PC Fill Level: 1
[2024/01/07 06:17:33]  GMRES Max Iterations: 2000
[2024/01/07 06:17:33]  GMRES Relative Tolerance: 1e-06
[2024/01/07 06:17:33]  GMRES Absolute Tolerance: 1e-14
[2024/01/07 06:17:33]  Calculating dFdW using reverse-mode AD
[2024/01/07 06:17:33]      Adding all faces of patches 1(inlet) ...
[2024/01/07 06:17:33]      Found matching patch inlet with 0 faces.
[2024/01/07 06:17:33]      Adding all faces of patches 1(outlet) ...
[2024/01/07 06:17:33]      Found matching patch outlet with 0 faces.
[2024/01/07 06:17:33]  Solving Linear Equation... 57 s
[2024/01/07 06:17:33]  Main iteration 0 KSP Residual norm 1.975571892123e+00 57 s
[2024/01/07 06:17:33]  Main iteration 51 KSP Residual norm 1.577272161118e-06 58 s 
[2024/01/07 06:17:33]  Total iterations 51
[2024/01/07 06:17:33]  Solving Linear Equation... Completed! 58 s
[2024/01/07 06:17:33]  Residual tolerance satisfied, solution finished!
[2024/01/07 06:17:33]  Calculating dFdW using reverse-mode AD
[2024/01/07 06:17:33]      Adding cells with centre within boxes 1((-50 -50 -50) (50 50 50))
[2024/01/07 06:17:33]  Solving Linear Equation... 59 s
[2024/01/07 06:17:33]  Main iteration 0 KSP Residual norm 0.000000000000e+00 59 s
[2024/01/07 06:17:33]  Main iteration 0 KSP Residual norm 0.000000000000e+00 59 s 
[2024/01/07 06:17:33]  Total iterations 0
[2024/01/07 06:17:33]  Solving Linear Equation... Completed! 59 s
[2024/01/07 06:17:33]  Residual tolerance satisfied, solution finished!
[2024/01/07 06:17:33]  Computing total derivatives....
[2024/01/07 06:17:33]  Computing total derivatives for alphaPorosity
[2024/01/07 06:17:33]  Calculating dFdField using reverse-mode AD for alphaPorosity
[2024/01/07 06:17:33]      Adding all faces of patches 1(inlet) ...
[2024/01/07 06:17:33]      Found matching patch inlet with 0 faces.
[2024/01/07 06:17:33]      Adding all faces of patches 1(outlet) ...
[2024/01/07 06:17:33]      Found matching patch outlet with 0 faces.
[2024/01/07 06:17:33]  Calculating [dRdField]^T * Psi using reverse-mode AD
[2024/01/07 06:17:33]  Calculating dFdField using reverse-mode AD for alphaPorosity
[2024/01/07 06:17:33]      Adding cells with centre within boxes 1((-50 -50 -50) (50 50 50))
[2024/01/07 06:17:33]  Calculating [dRdField]^T * Psi using reverse-mode AD
[2024/01/07 06:17:33]  Objective Function Sensitivity: 
[2024/01/07 06:17:33]  {'PL': {'alphaPorosity': array([ 0.0009298056187191,  0.0009458215225909,  0.0009614733359265, ...,
[2024/01/07 06:17:35]         -0.0000000518752864, -0.0000000641782838, -0.0000000746425886])}, 'VOLUME': {'alphaPorosity': array([0.000000000025, 0.000000000025, 0.000000000025, ...,
[2024/01/07 06:17:35]         0.000000000025, 0.000000000025, 0.000000000025])}, 'fail': False}
[2024/01/07 06:17:35]  Adjoint Runtime: 3.23271 s
[2024/01/07 06:17:35]     8  4.8644348e+00 0.00e+00 3.00e+00  -3.3 4.29e-02    -  1.00e+00 7.42e-01f  1
[2024/01/07 06:17:35]  
[2024/01/07 06:17:35]  
[2024/01/07 06:17:35]  +--------------------------------------------------------------------------+
[2024/01/07 06:17:35]  |                  Evaluating Objective Functions 010                      |
[2024/01/07 06:17:35]  +--------------------------------------------------------------------------+
[2024/01/07 06:17:35]  Design Variables: 
[2024/01/07 06:17:35]  OrderedDict([('alphaPorosity', array([  1.155529205272712 ,   1.1244722037855357,   1.094846409581179 ,
[2024/01/07 06:17:35]         ..., 415.886002249712    , 420.06520443045326  ,
[2024/01/07 06:17:35]         424.15973742552205  ]))])
[2024/01/07 06:17:35]  DVGeo PointSet UpToDate: False
[2024/01/07 06:17:35]  Updating DVGeo PointSet....
[2024/01/07 06:17:35]  DVGeo PointSet UpToDate: True
[2024/01/07 06:17:35]  Warping the volume mesh....
[2024/01/07 06:17:35]  Setting up primal boundary conditions based on pyOptions: 
[2024/01/07 06:17:35]  Setting primal boundary conditions...
[2024/01/07 06:17:35]  Setting U = (0.1 0 0) at inlet
[2024/01/07 06:17:35]  Setting primal boundary conditions...
[2024/01/07 06:17:35]  Setting p = 0 at outlet
[2024/01/07 06:17:35]  nuTilda not found, skip it.
[2024/01/07 06:17:35]  Setting nut wall BC for wallBoundary. BCType=nutkWallFunction
[2024/01/07 06:17:35]  Running Primal Solver 010
[2024/01/07 06:17:35]  Previous solution time 150 not found and nothing deleted.
[2024/01/07 06:17:35]  No finite volume options present
[2024/01/07 06:17:35]  
[2024/01/07 06:17:35]  Starting time loop
[2024/01/07 06:17:35]  
[2024/01/07 06:17:35]  Checking mesh quality for time = 0
[2024/01/07 06:17:35]      Overall domain bounding box (7.181318501078189e-16 -1.399990449424424e-15 -5.718082257688551e-15) (0.02999999999999962 0.01500000000001617 0.001000000000005718)
[2024/01/07 06:17:35]      Mesh has 3 geometric (non-empty/wedge) directions 3{1}
[2024/01/07 06:17:35]      Mesh has 3 solution (non-empty) directions 3{1}
[2024/01/07 06:17:35]      Boundary openness (-6.947448714353218e-18 9.793123156124281e-19 -3.04020355740097e-16) OK.
[2024/01/07 06:17:35]      Max cell openness = 3.176373552203076e-16 OK.
[2024/01/07 06:17:35]      Max aspect ratio = 3.333333333492265 OK.
[2024/01/07 06:17:35]      Minimum face area = 1.499999999935995e-07. Maximum face area = 5.000000000129904e-07.  Face area magnitudes OK.
[2024/01/07 06:17:35]      Min volume = 1.499999999944929e-10. Max volume = 1.500000000034984e-10.  Total volume = 4.500000000002841e-07.  Cell volumes OK.
[2024/01/07 06:17:35]      Mesh non-orthogonality Max: 0 average: 0
[2024/01/07 06:17:35]      Non-orthogonality check OK.
[2024/01/07 06:17:35]      Face pyramids OK.
[2024/01/07 06:17:35]      Max skewness = 9.432792296734318e-11 OK.
[2024/01/07 06:17:35]      Coupled point location match (average 0) OK.
[2024/01/07 06:17:35]  
[2024/01/07 06:17:35]  Mesh OK.
[2024/01/07 06:17:35]  
[2024/01/07 06:17:35]  Time = 1
[2024/01/07 06:17:35]  
[2024/01/07 06:17:35]  U Initial residual: (0.001756329782672452 0.004177355717866702 0.003220601249602056)
[2024/01/07 06:17:35]  U   Final residual: (6.869975905670555e-05 0.000163099844458387 0.0002295907342415347)
[2024/01/07 06:17:35]  p Initial residual: 0.02676287567290986
[2024/01/07 06:17:35]  p   Final residual: 0.001338290104425066
[2024/01/07 06:17:35]  Time step continuity errors : sum local = 0.004974044785667542
[2024/01/07 06:17:35]                                   global = -0.0001336333412233497
[2024/01/07 06:17:35]                               cumulative = 0.003297525164738691
[2024/01/07 06:17:35]  yPlus min: 0 max: 0 mean: 0
[2024/01/07 06:17:35]  PL-part1-totalPressure: 15.29923790684647
[2024/01/07 06:17:35]  PL-part2-totalPressure: -9.672601485981652
[2024/01/07 06:17:35]  VOLUME-part1-variableVolSum: 1.000956519482357e-05
[2024/01/07 06:17:35]  ExecutionTime = 44.92 s  ClockTime = 62 s
[2024/01/07 06:17:35]  
[2024/01/07 06:17:35]  Time = 100
[2024/01/07 06:17:35]  
[2024/01/07 06:17:35]  U Initial residual: (2.871747452047445e-06 1.210452678830086e-05 0.001174592821213189)
[2024/01/07 06:17:35]  U   Final residual: (2.552818434277544e-07 1.095523053224162e-06 5.279568624725948e-05)
[2024/01/07 06:17:35]  p Initial residual: 1.317325367368661e-05
[2024/01/07 06:17:35]  p   Final residual: 7.166034736667298e-07
[2024/01/07 06:17:35]  Time step continuity errors : sum local = 2.637043024468415e-06
[2024/01/07 06:17:35]                                   global = -7.336845485876741e-07
[2024/01/07 06:17:35]                               cumulative = 0.003296791480190104
[2024/01/07 06:17:35]  yPlus min: 0 max: 0 mean: 0
[2024/01/07 06:17:35]  PL-part1-totalPressure: 14.73352598731291
[2024/01/07 06:17:35]  PL-part2-totalPressure: -9.658652877051455
[2024/01/07 06:17:35]  VOLUME-part1-variableVolSum: 1.000956519482357e-05
[2024/01/07 06:17:35]  ExecutionTime = 45.34 s  ClockTime = 63 s
[2024/01/07 06:17:35]  
[2024/01/07 06:17:35]  Time = 135
[2024/01/07 06:17:35]  Minimal residual 9.853095705133921e-07 satisfied the prescribed tolerance 1e-06
[2024/01/07 06:17:35]  
[2024/01/07 06:17:35]  PL-part1-totalPressure: 14.734696452541
[2024/01/07 06:17:35]  PL-part2-totalPressure: -9.659108126648096
[2024/01/07 06:17:35]  VOLUME-part1-variableVolSum: 1.000956519482357e-05
[2024/01/07 06:17:35]  Printing Primal Residual Statistics.
[2024/01/07 06:17:35]  U Residual Norm2: (0.002890395187640241 0.00263426167566026 1.178858806043371e-13)
[2024/01/07 06:17:35]  U Residual Mean: (1.79615659278551e-05 1.372907264090721e-05 1.525513565090113e-15)
[2024/01/07 06:17:39]  U Residual Max: (0.0005218984944548311 0.0004313679972811624 9.943799481702962e-15)
[2024/01/07 06:17:39]  p Residual Norm2: 0.0009228407714453213
[2024/01/07 06:17:39]  p Residual Mean: 2.864504330384425e-06
[2024/01/07 06:17:39]  p Residual Max: 0.0003107619456432508
[2024/01/07 06:17:39]  phi Residual Norm2: 2.082748826717839e-06
[2024/01/07 06:17:39]  phi Residual Mean: 4.26795476900958e-09
[2024/01/07 06:17:39]  phi Residual Max: 2.923873200570244e-07
[2024/01/07 06:17:39]  End
[2024/01/07 06:17:39]  
[2024/01/07 06:17:39]  Objective Functions: 
[2024/01/07 06:17:39]  {'PL': 5.0755883258929, 'VOLUME': 1.0009565194823572e-05, 'fail': False}
[2024/01/07 06:17:39]  Flow Runtime: 2.30716
[2024/01/07 06:17:39]  
[2024/01/07 06:17:39]  
[2024/01/07 06:17:39]  +--------------------------------------------------------------------------+
[2024/01/07 06:17:39]  |              Evaluating Objective Function Sensitivities 010             |
[2024/01/07 06:17:39]  +--------------------------------------------------------------------------+
[2024/01/07 06:17:39]  writeDeformedFFDs is deprecated since v3.0.1!
[2024/01/07 06:17:39]  Moving time 135 to 0.00000010
[2024/01/07 06:17:39]  Running adjoint Solver 010
[2024/01/07 06:17:39]  dRdWT Jacobian Free created!
[2024/01/07 06:17:39]  Solver Type: gmres
[2024/01/07 06:17:39]  GMRES Restart: 2000
[2024/01/07 06:17:39]  ASM Overlap: 1
[2024/01/07 06:17:39]  Global PC Iters: 0
[2024/01/07 06:17:39]  Local PC Iters: 1
[2024/01/07 06:17:39]  Mat ReOrdering: rcm
[2024/01/07 06:17:39]  ILU PC Fill Level: 1
[2024/01/07 06:17:39]  GMRES Max Iterations: 2000
[2024/01/07 06:17:39]  GMRES Relative Tolerance: 1e-06
[2024/01/07 06:17:39]  GMRES Absolute Tolerance: 1e-14
[2024/01/07 06:17:39]  Calculating dFdW using reverse-mode AD
[2024/01/07 06:17:39]      Adding all faces of patches 1(inlet) ...
[2024/01/07 06:17:39]      Found matching patch inlet with 0 faces.
[2024/01/07 06:17:39]      Adding all faces of patches 1(outlet) ...
[2024/01/07 06:17:39]      Found matching patch outlet with 0 faces.
[2024/01/07 06:17:39]  Solving Linear Equation... 63 s
[2024/01/07 06:17:39]  Main iteration 0 KSP Residual norm 1.974076134295e+00 63 s
[2024/01/07 06:17:39]  Main iteration 51 KSP Residual norm 1.621434063870e-06 64 s 
[2024/01/07 06:17:39]  Total iterations 51
[2024/01/07 06:17:39]  Solving Linear Equation... Completed! 64 s
[2024/01/07 06:17:39]  Residual tolerance satisfied, solution finished!
[2024/01/07 06:17:39]  Calculating dFdW using reverse-mode AD
[2024/01/07 06:17:39]      Adding cells with centre within boxes 1((-50 -50 -50) (50 50 50))
[2024/01/07 06:17:39]  Solving Linear Equation... 64 s
[2024/01/07 06:17:39]  Main iteration 0 KSP Residual norm 0.000000000000e+00 64 s
[2024/01/07 06:17:39]  Main iteration 0 KSP Residual norm 0.000000000000e+00 64 s 
[2024/01/07 06:17:39]  Total iterations 0
[2024/01/07 06:17:39]  Solving Linear Equation... Completed! 64 s
[2024/01/07 06:17:39]  Residual tolerance satisfied, solution finished!
[2024/01/07 06:17:39]  Computing total derivatives....
[2024/01/07 06:17:39]  Computing total derivatives for alphaPorosity
[2024/01/07 06:17:39]  Calculating dFdField using reverse-mode AD for alphaPorosity
[2024/01/07 06:17:39]      Adding all faces of patches 1(inlet) ...
[2024/01/07 06:17:39]      Found matching patch inlet with 0 faces.
[2024/01/07 06:17:39]      Adding all faces of patches 1(outlet) ...
[2024/01/07 06:17:39]      Found matching patch outlet with 0 faces.
[2024/01/07 06:17:39]  Calculating [dRdField]^T * Psi using reverse-mode AD
[2024/01/07 06:17:39]  Calculating dFdField using reverse-mode AD for alphaPorosity
[2024/01/07 06:17:39]      Adding cells with centre within boxes 1((-50 -50 -50) (50 50 50))
[2024/01/07 06:17:39]  Calculating [dRdField]^T * Psi using reverse-mode AD
[2024/01/07 06:17:39]  Objective Function Sensitivity: 
[2024/01/07 06:17:39]  {'PL': {'alphaPorosity': array([ 0.0009579452475022,  0.0009738252866592,  0.0009892423452166, ...,
[2024/01/07 06:17:39]         -0.0000000718910088, -0.0000000884412287, -0.000000103003019 ])}, 'VOLUME': {'alphaPorosity': array([0.000000000025, 0.000000000025, 0.000000000025, ...,
[2024/01/07 06:17:39]         0.000000000025, 0.000000000025, 0.000000000025])}, 'fail': False}
[2024/01/07 06:17:39]  Adjoint Runtime: 3.12346 s
[2024/01/07 06:17:39]     9  5.0755883e+00 0.00e+00 4.41e-01  -2.6 1.11e-01    -  1.00e+00 9.50e-02f  1
[2024/01/07 06:17:39]  
[2024/01/07 06:17:39]  
[2024/01/07 06:17:39]  +--------------------------------------------------------------------------+
[2024/01/07 06:17:39]  |                  Evaluating Objective Functions 011                      |
[2024/01/07 06:17:39]  +--------------------------------------------------------------------------+
[2024/01/07 06:17:39]  Design Variables: 
[2024/01/07 06:17:39]  OrderedDict([('alphaPorosity', array([  1.8588800902543354,   1.8286701339390552,   1.8001981606507957,
[2024/01/07 06:17:39]         ..., 358.68386989913813  , 361.1494365892734   ,
[2024/01/07 06:17:39]         363.51444781464426  ]))])
[2024/01/07 06:17:39]  DVGeo PointSet UpToDate: False
[2024/01/07 06:17:39]  Updating DVGeo PointSet....
[2024/01/07 06:17:39]  DVGeo PointSet UpToDate: True
[2024/01/07 06:17:39]  Warping the volume mesh....
[2024/01/07 06:17:39]  Setting up primal boundary conditions based on pyOptions: 
[2024/01/07 06:17:39]  Setting primal boundary conditions...
[2024/01/07 06:17:39]  Setting U = (0.1 0 0) at inlet
[2024/01/07 06:17:39]  Setting primal boundary conditions...
[2024/01/07 06:17:39]  Setting p = 0 at outlet
[2024/01/07 06:17:39]  nuTilda not found, skip it.
[2024/01/07 06:17:39]  Setting nut wall BC for wallBoundary. BCType=nutkWallFunction
[2024/01/07 06:17:39]  Running Primal Solver 011
[2024/01/07 06:17:39]  Previous solution time 135 not found and nothing deleted.
[2024/01/07 06:17:39]  No finite volume options present
[2024/01/07 06:17:39]  
[2024/01/07 06:17:39]  Starting time loop
[2024/01/07 06:17:39]  
[2024/01/07 06:17:39]  Checking mesh quality for time = 0
[2024/01/07 06:17:44]      Overall domain bounding box (7.181318501078189e-16 -1.399990449424424e-15 -5.718082257688551e-15) (0.02999999999999962 0.01500000000001617 0.001000000000005718)
[2024/01/07 06:17:44]      Mesh has 3 geometric (non-empty/wedge) directions 3{1}
[2024/01/07 06:17:44]      Mesh has 3 solution (non-empty) directions 3{1}
[2024/01/07 06:17:44]      Boundary openness (-6.947448714353218e-18 9.793123156124281e-19 -3.04020355740097e-16) OK.
[2024/01/07 06:17:44]      Max cell openness = 3.176373552203076e-16 OK.
[2024/01/07 06:17:44]      Max aspect ratio = 3.333333333492265 OK.
[2024/01/07 06:17:44]      Minimum face area = 1.499999999935995e-07. Maximum face area = 5.000000000129904e-07.  Face area magnitudes OK.
[2024/01/07 06:17:44]      Min volume = 1.499999999944929e-10. Max volume = 1.500000000034984e-10.  Total volume = 4.500000000002841e-07.  Cell volumes OK.
[2024/01/07 06:17:44]      Mesh non-orthogonality Max: 0 average: 0
[2024/01/07 06:17:44]      Non-orthogonality check OK.
[2024/01/07 06:17:44]      Face pyramids OK.
[2024/01/07 06:17:44]      Max skewness = 9.432792296734318e-11 OK.
[2024/01/07 06:17:44]      Coupled point location match (average 0) OK.
[2024/01/07 06:17:44]  
[2024/01/07 06:17:44]  Mesh OK.
[2024/01/07 06:17:44]  
[2024/01/07 06:17:44]  Time = 1
[2024/01/07 06:17:44]  
[2024/01/07 06:17:44]  U Initial residual: (0.006573525744025336 0.01586866991586078 0.007390641034160859)
[2024/01/07 06:17:44]  U   Final residual: (0.0005323101299690651 0.001240930746954667 0.0005180493203294679)
[2024/01/07 06:17:44]  p Initial residual: 0.08325354169804504
[2024/01/07 06:17:44]  p   Final residual: 0.004144880874305332
[2024/01/07 06:17:44]  Time step continuity errors : sum local = 0.01594684149582556
[2024/01/07 06:17:44]                                   global = -0.0007698666198676363
[2024/01/07 06:17:44]                               cumulative = 0.002526924860322468
[2024/01/07 06:17:44]  yPlus min: 0 max: 0 mean: 0
[2024/01/07 06:17:44]  PL-part1-totalPressure: 16.62310166792415
[2024/01/07 06:17:44]  PL-part2-totalPressure: -9.65645937301352
[2024/01/07 06:17:44]  VOLUME-part1-variableVolSum: 1.000525399579994e-05
[2024/01/07 06:17:44]  ExecutionTime = 48.9 s  ClockTime = 68 s
[2024/01/07 06:17:44]  
[2024/01/07 06:17:44]  Time = 100
[2024/01/07 06:17:44]  
[2024/01/07 06:17:44]  U Initial residual: (1.172501580904321e-05 2.639229611877275e-05 0.001135493344644752)
[2024/01/07 06:17:44]  U   Final residual: (8.911723380693045e-07 2.342564210806491e-06 4.900139546839052e-05)
[2024/01/07 06:17:44]  p Initial residual: 2.684915940841696e-05
[2024/01/07 06:17:44]  p   Final residual: 1.224723048590018e-06
[2024/01/07 06:17:44]  Time step continuity errors : sum local = 4.587671963315248e-06
[2024/01/07 06:17:44]                                   global = 8.811990893861493e-08
[2024/01/07 06:17:44]                               cumulative = 0.002527012980231406
[2024/01/07 06:17:44]  yPlus min: 0 max: 0 mean: 0
[2024/01/07 06:17:44]  PL-part1-totalPressure: 15.41034725447608
[2024/01/07 06:17:44]  PL-part2-totalPressure: -9.649061048731525
[2024/01/07 06:17:44]  VOLUME-part1-variableVolSum: 1.000525399579994e-05
[2024/01/07 06:17:44]  ExecutionTime = 49.26 s  ClockTime = 68 s
[2024/01/07 06:17:44]  
[2024/01/07 06:17:44]  Time = 142
[2024/01/07 06:17:44]  Minimal residual 9.741346965009285e-07 satisfied the prescribed tolerance 1e-06
[2024/01/07 06:17:44]  
[2024/01/07 06:17:44]  PL-part1-totalPressure: 15.40764096489086
[2024/01/07 06:17:44]  PL-part2-totalPressure: -9.646918870492577
[2024/01/07 06:17:44]  VOLUME-part1-variableVolSum: 1.000525399579994e-05
[2024/01/07 06:17:44]  Printing Primal Residual Statistics.
[2024/01/07 06:17:44]  U Residual Norm2: (0.00408672831242496 0.001878710417404685 1.157932814500539e-13)
[2024/01/07 06:17:44]  U Residual Mean: (2.117221208539929e-05 1.031574519300071e-05 1.504797509629665e-15)
[2024/01/07 06:17:44]  U Residual Max: (0.000803750514603685 0.0002594930522072936 1.01986740474752e-14)
[2024/01/07 06:17:44]  p Residual Norm2: 0.001286651800244112
[2024/01/07 06:17:44]  p Residual Mean: 2.853264251261069e-06
[2024/01/07 06:17:44]  p Residual Max: 0.0006450915879982601
[2024/01/07 06:17:44]  phi Residual Norm2: 2.303488778931836e-06
[2024/01/07 06:17:44]  phi Residual Mean: 4.01319029021354e-09
[2024/01/07 06:17:44]  phi Residual Max: 3.27257333713342e-07
[2024/01/07 06:17:44]  End
[2024/01/07 06:17:44]  
[2024/01/07 06:17:44]  Objective Functions: 
[2024/01/07 06:17:44]  {'PL': 5.760722094398281, 'VOLUME': 1.0005253995799941e-05, 'fail': False}
[2024/01/07 06:17:44]  Flow Runtime: 2.27155
[2024/01/07 06:17:44]  
[2024/01/07 06:17:44]  
[2024/01/07 06:17:44]  +--------------------------------------------------------------------------+
[2024/01/07 06:17:44]  |              Evaluating Objective Function Sensitivities 011             |
[2024/01/07 06:17:44]  +--------------------------------------------------------------------------+
[2024/01/07 06:17:44]  writeDeformedFFDs is deprecated since v3.0.1!
[2024/01/07 06:17:44]  Moving time 142 to 0.00000011
[2024/01/07 06:17:44]  Running adjoint Solver 011
[2024/01/07 06:17:44]  dRdWT Jacobian Free created!
[2024/01/07 06:17:44]  Computing dRdWTPC 69 s
[2024/01/07 06:17:44]  Initializing dRdWCon. 69 s
[2024/01/07 06:17:44]  dRdWCon Created. 69 s
[2024/01/07 06:17:44]  Reading Coloring dRdWColoring_6
[2024/01/07 06:17:44]  Validating Coloring...
[2024/01/07 06:17:44]  No Conflicting Colors Found!
[2024/01/07 06:17:44]  Partial derivative matrix created. 70 s
[2024/01/07 06:17:44]  dRdWTPC: 0 of 348, ExecutionTime: 70 s
[2024/01/07 06:17:44]  dRdWTPC: 100 of 348, ExecutionTime: 70 s
[2024/01/07 06:17:44]  dRdWTPC: 200 of 348, ExecutionTime: 71 s
[2024/01/07 06:17:44]  dRdWTPC: 300 of 348, ExecutionTime: 71 s
[2024/01/07 06:17:44]  dRdWTPC: 347 of 348, ExecutionTime: 72 s
[2024/01/07 06:17:44]  Solver Type: gmres
[2024/01/07 06:17:44]  GMRES Restart: 2000
[2024/01/07 06:17:44]  ASM Overlap: 1
[2024/01/07 06:17:44]  Global PC Iters: 0
[2024/01/07 06:17:44]  Local PC Iters: 1
[2024/01/07 06:17:44]  Mat ReOrdering: rcm
[2024/01/07 06:17:44]  ILU PC Fill Level: 1
[2024/01/07 06:17:44]  GMRES Max Iterations: 2000
[2024/01/07 06:17:44]  GMRES Relative Tolerance: 1e-06
[2024/01/07 06:17:48]  GMRES Absolute Tolerance: 1e-14
[2024/01/07 06:17:48]  Calculating dFdW using reverse-mode AD
[2024/01/07 06:17:48]      Adding all faces of patches 1(inlet) ...
[2024/01/07 06:17:48]      Found matching patch inlet with 0 faces.
[2024/01/07 06:17:48]      Adding all faces of patches 1(outlet) ...
[2024/01/07 06:17:48]      Found matching patch outlet with 0 faces.
[2024/01/07 06:17:48]  Solving Linear Equation... 71 s
[2024/01/07 06:17:48]  Main iteration 0 KSP Residual norm 1.972840815051e+00 71 s
[2024/01/07 06:17:48]  Main iteration 43 KSP Residual norm 1.181547234714e-06 72 s 
[2024/01/07 06:17:48]  Total iterations 43
[2024/01/07 06:17:48]  Solving Linear Equation... Completed! 72 s
[2024/01/07 06:17:48]  Residual tolerance satisfied, solution finished!
[2024/01/07 06:17:48]  Calculating dFdW using reverse-mode AD
[2024/01/07 06:17:48]      Adding cells with centre within boxes 1((-50 -50 -50) (50 50 50))
[2024/01/07 06:17:48]  Solving Linear Equation... 72 s
[2024/01/07 06:17:48]  Main iteration 0 KSP Residual norm 0.000000000000e+00 72 s
[2024/01/07 06:17:48]  Main iteration 0 KSP Residual norm 0.000000000000e+00 72 s 
[2024/01/07 06:17:48]  Total iterations 0
[2024/01/07 06:17:48]  Solving Linear Equation... Completed! 72 s
[2024/01/07 06:17:48]  Residual tolerance satisfied, solution finished!
[2024/01/07 06:17:48]  Computing total derivatives....
[2024/01/07 06:17:48]  Computing total derivatives for alphaPorosity
[2024/01/07 06:17:48]  Calculating dFdField using reverse-mode AD for alphaPorosity
[2024/01/07 06:17:48]      Adding all faces of patches 1(inlet) ...
[2024/01/07 06:17:48]      Found matching patch inlet with 0 faces.
[2024/01/07 06:17:48]      Adding all faces of patches 1(outlet) ...
[2024/01/07 06:17:48]      Found matching patch outlet with 0 faces.
[2024/01/07 06:17:48]  Calculating [dRdField]^T * Psi using reverse-mode AD
[2024/01/07 06:17:48]  Calculating dFdField using reverse-mode AD for alphaPorosity
[2024/01/07 06:17:48]      Adding cells with centre within boxes 1((-50 -50 -50) (50 50 50))
[2024/01/07 06:17:48]  Calculating [dRdField]^T * Psi using reverse-mode AD
[2024/01/07 06:17:48]  Objective Function Sensitivity: 
[2024/01/07 06:17:48]  {'PL': {'alphaPorosity': array([ 0.0009079046167577,  0.0009226995995399,  0.0009370938982046, ...,
[2024/01/07 06:17:48]         -0.0000001020623639, -0.0000001119224471, -0.0000001189854251])}, 'VOLUME': {'alphaPorosity': array([0.000000000025, 0.000000000025, 0.000000000025, ...,
[2024/01/07 06:17:48]         0.000000000025, 0.000000000025, 0.000000000025])}, 'fail': False}
[2024/01/07 06:17:48]  Adjoint Runtime: 5.7959 s
[2024/01/07 06:17:48]  iter    objective    inf_pr   inf_du lg(mu)  ||d||  lg(rg) alpha_du alpha_pr  ls
[2024/01/07 06:17:48]    10  5.7607221e+00 0.00e+00 1.64e+00  -2.8 8.52e-02    -  1.00e+00 1.00e+00f  1
[2024/01/07 06:17:48]  
[2024/01/07 06:17:48]  
[2024/01/07 06:17:48]  +--------------------------------------------------------------------------+
[2024/01/07 06:17:48]  |                  Evaluating Objective Functions 012                      |
[2024/01/07 06:17:48]  +--------------------------------------------------------------------------+
[2024/01/07 06:17:48]  Design Variables: 
[2024/01/07 06:17:48]  OrderedDict([('alphaPorosity', array([  1.8975806247169675,   1.8670404918291263,   1.8382691485720513,
[2024/01/07 06:17:48]         ..., 349.88070627769036  , 351.0672193790037   ,
[2024/01/07 06:17:48]         352.0908788946176   ]))])
[2024/01/07 06:17:48]  DVGeo PointSet UpToDate: False
[2024/01/07 06:17:48]  Updating DVGeo PointSet....
[2024/01/07 06:17:48]  DVGeo PointSet UpToDate: True
[2024/01/07 06:17:48]  Warping the volume mesh....
[2024/01/07 06:17:48]  Setting up primal boundary conditions based on pyOptions: 
[2024/01/07 06:17:48]  Setting primal boundary conditions...
[2024/01/07 06:17:48]  Setting U = (0.1 0 0) at inlet
[2024/01/07 06:17:48]  Setting primal boundary conditions...
[2024/01/07 06:17:48]  Setting p = 0 at outlet
[2024/01/07 06:17:48]  nuTilda not found, skip it.
[2024/01/07 06:17:48]  Setting nut wall BC for wallBoundary. BCType=nutkWallFunction
[2024/01/07 06:17:48]  Running Primal Solver 012
[2024/01/07 06:17:48]  Previous solution time 142 not found and nothing deleted.
[2024/01/07 06:17:48]  No finite volume options present
[2024/01/07 06:17:48]  
[2024/01/07 06:17:48]  Starting time loop
[2024/01/07 06:17:48]  
[2024/01/07 06:17:48]  Checking mesh quality for time = 0
[2024/01/07 06:17:48]      Overall domain bounding box (7.181318501078189e-16 -1.399990449424424e-15 -5.718082257688551e-15) (0.02999999999999962 0.01500000000001617 0.001000000000005718)
[2024/01/07 06:17:48]      Mesh has 3 geometric (non-empty/wedge) directions 3{1}
[2024/01/07 06:17:48]      Mesh has 3 solution (non-empty) directions 3{1}
[2024/01/07 06:17:48]      Boundary openness (-6.947448714353218e-18 9.793123156124281e-19 -3.04020355740097e-16) OK.
[2024/01/07 06:17:48]      Max cell openness = 3.176373552203076e-16 OK.
[2024/01/07 06:17:48]      Max aspect ratio = 3.333333333492265 OK.
[2024/01/07 06:17:48]      Minimum face area = 1.499999999935995e-07. Maximum face area = 5.000000000129904e-07.  Face area magnitudes OK.
[2024/01/07 06:17:48]      Min volume = 1.499999999944929e-10. Max volume = 1.500000000034984e-10.  Total volume = 4.500000000002841e-07.  Cell volumes OK.
[2024/01/07 06:17:48]      Mesh non-orthogonality Max: 0 average: 0
[2024/01/07 06:17:48]      Non-orthogonality check OK.
[2024/01/07 06:17:48]      Face pyramids OK.
[2024/01/07 06:17:48]      Max skewness = 9.432792296734318e-11 OK.
[2024/01/07 06:17:48]      Coupled point location match (average 0) OK.
[2024/01/07 06:17:48]  
[2024/01/07 06:17:48]  Mesh OK.
[2024/01/07 06:17:48]  
[2024/01/07 06:17:48]  Time = 1
[2024/01/07 06:17:48]  
[2024/01/07 06:17:48]  U Initial residual: (0.001967485014139033 0.004308349763279945 0.00415750621449235)
[2024/01/07 06:17:52]  U   Final residual: (0.0001491859669465892 0.0003357725007024467 0.0002343321391644449)
[2024/01/07 06:17:52]  p Initial residual: 0.02368545642543154
[2024/01/07 06:17:52]  p   Final residual: 0.001915906071347589
[2024/01/07 06:17:52]  Time step continuity errors : sum local = 0.00720006274094645
[2024/01/07 06:17:52]                                   global = 3.14238763113761e-05
[2024/01/07 06:17:52]                               cumulative = 0.002558436856542782
[2024/01/07 06:17:52]  yPlus min: 0 max: 0 mean: 0
[2024/01/07 06:17:52]  PL-part1-totalPressure: 15.85679583348394
[2024/01/07 06:17:52]  PL-part2-totalPressure: -9.647067636685092
[2024/01/07 06:17:52]  VOLUME-part1-variableVolSum: 1.000248738246254e-05
[2024/01/07 06:17:52]  ExecutionTime = 55.32 s  ClockTime = 76 s
[2024/01/07 06:17:52]  
[2024/01/07 06:17:52]  Time = 100
[2024/01/07 06:17:52]  
[2024/01/07 06:17:52]  U Initial residual: (4.28164240983831e-06 1.065486797227508e-05 0.001156200730575048)
[2024/01/07 06:17:52]  U   Final residual: (3.754716234900547e-07 9.947117812020449e-07 4.814535833175046e-05)
[2024/01/07 06:17:52]  p Initial residual: 1.41182374410538e-05
[2024/01/07 06:17:52]  p   Final residual: 6.721595496750017e-07
[2024/01/07 06:17:52]  Time step continuity errors : sum local = 2.476084809621177e-06
[2024/01/07 06:17:52]                                   global = -4.613461942681034e-07
[2024/01/07 06:17:52]                               cumulative = 0.002557975510348514
[2024/01/07 06:17:52]  yPlus min: 0 max: 0 mean: 0
[2024/01/07 06:17:52]  PL-part1-totalPressure: 15.28583588651983
[2024/01/07 06:17:52]  PL-part2-totalPressure: -9.642360020067514
[2024/01/07 06:17:52]  VOLUME-part1-variableVolSum: 1.000248738246254e-05
[2024/01/07 06:17:52]  ExecutionTime = 55.68 s  ClockTime = 76 s
[2024/01/07 06:17:52]  
[2024/01/07 06:17:52]  Time = 130
[2024/01/07 06:17:52]  Minimal residual 9.585519671512049e-07 satisfied the prescribed tolerance 1e-06
[2024/01/07 06:17:52]  
[2024/01/07 06:17:52]  PL-part1-totalPressure: 15.28545625852158
[2024/01/07 06:17:52]  PL-part2-totalPressure: -9.6417990782501
[2024/01/07 06:17:52]  VOLUME-part1-variableVolSum: 1.000248738246254e-05
[2024/01/07 06:17:52]  Printing Primal Residual Statistics.
[2024/01/07 06:17:52]  U Residual Norm2: (0.001897512207279268 0.001780706477912922 1.172299501585865e-13)
[2024/01/07 06:17:52]  U Residual Mean: (1.217100845999888e-05 8.324066294215701e-06 1.531301225498776e-15)
[2024/01/07 06:17:52]  U Residual Max: (0.0002491092439136366 0.000436639897138158 1.11021021989883e-14)
[2024/01/07 06:17:52]  p Residual Norm2: 0.0010638620201555
[2024/01/07 06:17:52]  p Residual Mean: 2.822430981434514e-06
[2024/01/07 06:17:52]  p Residual Max: 0.0005949663428451986
[2024/01/07 06:17:52]  phi Residual Norm2: 1.46348296062404e-06
[2024/01/07 06:17:52]  phi Residual Mean: 2.843492094020531e-09
[2024/01/07 06:17:52]  phi Residual Max: 2.027634120992443e-07
[2024/01/07 06:17:52]  End
[2024/01/07 06:17:52]  
[2024/01/07 06:17:52]  Objective Functions: 
[2024/01/07 06:17:52]  {'PL': 5.643657180271484, 'VOLUME': 1.0002487382462536e-05, 'fail': False}
[2024/01/07 06:17:52]  Flow Runtime: 2.30707
[2024/01/07 06:17:52]  
[2024/01/07 06:17:52]  
[2024/01/07 06:17:52]  +--------------------------------------------------------------------------+
[2024/01/07 06:17:52]  |              Evaluating Objective Function Sensitivities 012             |
[2024/01/07 06:17:52]  +--------------------------------------------------------------------------+
[2024/01/07 06:17:52]  writeDeformedFFDs is deprecated since v3.0.1!
[2024/01/07 06:17:52]  Moving time 130 to 0.00000012
[2024/01/07 06:17:52]  Running adjoint Solver 012
[2024/01/07 06:17:52]  dRdWT Jacobian Free created!
[2024/01/07 06:17:52]  Solver Type: gmres
[2024/01/07 06:17:52]  GMRES Restart: 2000
[2024/01/07 06:17:52]  ASM Overlap: 1
[2024/01/07 06:17:52]  Global PC Iters: 0
[2024/01/07 06:17:52]  Local PC Iters: 1
[2024/01/07 06:17:52]  Mat ReOrdering: rcm
[2024/01/07 06:17:52]  ILU PC Fill Level: 1
[2024/01/07 06:17:52]  GMRES Max Iterations: 2000
[2024/01/07 06:17:52]  GMRES Relative Tolerance: 1e-06
[2024/01/07 06:17:52]  GMRES Absolute Tolerance: 1e-14
[2024/01/07 06:17:52]  Calculating dFdW using reverse-mode AD
[2024/01/07 06:17:52]      Adding all faces of patches 1(inlet) ...
[2024/01/07 06:17:52]      Found matching patch inlet with 0 faces.
[2024/01/07 06:17:52]      Adding all faces of patches 1(outlet) ...
[2024/01/07 06:17:52]      Found matching patch outlet with 0 faces.
[2024/01/07 06:17:52]  Solving Linear Equation... 77 s
[2024/01/07 06:17:52]  Main iteration 0 KSP Residual norm 1.972321719354e+00 77 s
[2024/01/07 06:17:52]  Main iteration 45 KSP Residual norm 1.920289892265e-06 78 s 
[2024/01/07 06:17:52]  Total iterations 45
[2024/01/07 06:17:52]  Solving Linear Equation... Completed! 78 s
[2024/01/07 06:17:52]  Residual tolerance satisfied, solution finished!
[2024/01/07 06:17:52]  Calculating dFdW using reverse-mode AD
[2024/01/07 06:17:52]      Adding cells with centre within boxes 1((-50 -50 -50) (50 50 50))
[2024/01/07 06:17:52]  Solving Linear Equation... 78 s
[2024/01/07 06:17:52]  Main iteration 0 KSP Residual norm 0.000000000000e+00 78 s
[2024/01/07 06:17:52]  Main iteration 0 KSP Residual norm 0.000000000000e+00 78 s 
[2024/01/07 06:17:52]  Total iterations 0
[2024/01/07 06:17:52]  Solving Linear Equation... Completed! 78 s
[2024/01/07 06:17:52]  Residual tolerance satisfied, solution finished!
[2024/01/07 06:17:52]  Computing total derivatives....
[2024/01/07 06:17:52]  Computing total derivatives for alphaPorosity
[2024/01/07 06:17:52]  Calculating dFdField using reverse-mode AD for alphaPorosity
[2024/01/07 06:17:52]      Adding all faces of patches 1(inlet) ...
[2024/01/07 06:17:52]      Found matching patch inlet with 0 faces.
[2024/01/07 06:17:52]      Adding all faces of patches 1(outlet) ...
[2024/01/07 06:17:52]      Found matching patch outlet with 0 faces.
[2024/01/07 06:17:52]  Calculating [dRdField]^T * Psi using reverse-mode AD
[2024/01/07 06:17:52]  Calculating dFdField using reverse-mode AD for alphaPorosity
[2024/01/07 06:17:52]      Adding cells with centre within boxes 1((-50 -50 -50) (50 50 50))
[2024/01/07 06:17:54]  Calculating [dRdField]^T * Psi using reverse-mode AD
[2024/01/07 06:17:54]  Objective Function Sensitivity: 
[2024/01/07 06:17:54]  {'PL': {'alphaPorosity': array([ 0.0009048492818146,  0.0009197295142893,  0.0009341875287522, ...,
[2024/01/07 06:17:54]         -0.0000001508121291, -0.0000001604074098, -0.0000001671086559])}, 'VOLUME': {'alphaPorosity': array([0.000000000025, 0.000000000025, 0.000000000025, ...,
[2024/01/07 06:17:54]         0.000000000025, 0.000000000025, 0.000000000025])}, 'fail': False}
[2024/01/07 06:17:54]  Adjoint Runtime: 3.10664 s
[2024/01/07 06:17:54]    11  5.6436572e+00 0.00e+00 9.26e-01  -2.8 1.92e-01    -  1.00e+00 7.59e-01f  1
[2024/01/07 06:17:54]  
[2024/01/07 06:17:54]  
[2024/01/07 06:17:54]  +--------------------------------------------------------------------------+
[2024/01/07 06:17:54]  |                  Evaluating Objective Functions 013                      |
[2024/01/07 06:17:54]  +--------------------------------------------------------------------------+
[2024/01/07 06:17:54]  Design Variables: 
[2024/01/07 06:17:54]  OrderedDict([('alphaPorosity', array([  1.903294676238377 ,   1.8728586294826717,   1.8441767237853786,
[2024/01/07 06:17:54]         ..., 314.1467083912108   , 314.7995835521451   ,
[2024/01/07 06:17:54]         315.31754210419143  ]))])
[2024/01/07 06:17:54]  DVGeo PointSet UpToDate: False
[2024/01/07 06:17:54]  Updating DVGeo PointSet....
[2024/01/07 06:17:54]  DVGeo PointSet UpToDate: True
[2024/01/07 06:17:54]  Warping the volume mesh....
[2024/01/07 06:17:54]  Setting up primal boundary conditions based on pyOptions: 
[2024/01/07 06:17:54]  Setting primal boundary conditions...
[2024/01/07 06:17:54]  Setting U = (0.1 0 0) at inlet
[2024/01/07 06:17:54]  Setting primal boundary conditions...
[2024/01/07 06:17:54]  Setting p = 0 at outlet
[2024/01/07 06:17:54]  nuTilda not found, skip it.
[2024/01/07 06:17:54]  Setting nut wall BC for wallBoundary. BCType=nutkWallFunction
[2024/01/07 06:17:54]  Running Primal Solver 013
[2024/01/07 06:17:54]  Previous solution time 130 not found and nothing deleted.
[2024/01/07 06:17:54]  No finite volume options present
[2024/01/07 06:17:54]  
[2024/01/07 06:17:54]  Starting time loop
[2024/01/07 06:17:54]  
[2024/01/07 06:17:54]  Checking mesh quality for time = 0
[2024/01/07 06:17:54]      Overall domain bounding box (7.181318501078189e-16 -1.399990449424424e-15 -5.718082257688551e-15) (0.02999999999999962 0.01500000000001617 0.001000000000005718)
[2024/01/07 06:17:54]      Mesh has 3 geometric (non-empty/wedge) directions 3{1}
[2024/01/07 06:17:54]      Mesh has 3 solution (non-empty) directions 3{1}
[2024/01/07 06:17:54]      Boundary openness (-6.947448714353218e-18 9.793123156124281e-19 -3.04020355740097e-16) OK.
[2024/01/07 06:17:54]      Max cell openness = 3.176373552203076e-16 OK.
[2024/01/07 06:17:54]      Max aspect ratio = 3.333333333492265 OK.
[2024/01/07 06:17:54]      Minimum face area = 1.499999999935995e-07. Maximum face area = 5.000000000129904e-07.  Face area magnitudes OK.
[2024/01/07 06:17:54]      Min volume = 1.499999999944929e-10. Max volume = 1.500000000034984e-10.  Total volume = 4.500000000002841e-07.  Cell volumes OK.
[2024/01/07 06:17:54]      Mesh non-orthogonality Max: 0 average: 0
[2024/01/07 06:17:54]      Non-orthogonality check OK.
[2024/01/07 06:17:54]      Face pyramids OK.
[2024/01/07 06:17:54]      Max skewness = 9.432792296734318e-11 OK.
[2024/01/07 06:17:54]      Coupled point location match (average 0) OK.
[2024/01/07 06:17:54]  
[2024/01/07 06:17:54]  Mesh OK.
[2024/01/07 06:17:54]  
[2024/01/07 06:17:54]  Time = 1
[2024/01/07 06:17:54]  
[2024/01/07 06:17:54]  U Initial residual: (0.0005540118262606253 0.001364259435213636 0.002048815297219212)
[2024/01/07 06:17:54]  U   Final residual: (3.592985502640646e-05 9.076189477803177e-05 9.272297669649889e-05)
[2024/01/07 06:17:54]  p Initial residual: 0.01325391009396097
[2024/01/07 06:17:54]  p   Final residual: 0.0006070388592293579
[2024/01/07 06:17:54]  Time step continuity errors : sum local = 0.00223969990821741
[2024/01/07 06:17:54]                                   global = -0.0001787313840371254
[2024/01/07 06:17:54]                               cumulative = 0.002379244126311389
[2024/01/07 06:17:54]  yPlus min: 0 max: 0 mean: 0
[2024/01/07 06:17:54]  PL-part1-totalPressure: 15.32410316194073
[2024/01/07 06:17:54]  PL-part2-totalPressure: -9.641569738321479
[2024/01/07 06:17:54]  VOLUME-part1-variableVolSum: 1.000187186636344e-05
[2024/01/07 06:17:54]  ExecutionTime = 59.81 s  ClockTime = 82 s
[2024/01/07 06:17:54]  
[2024/01/07 06:17:54]  Time = 100
[2024/01/07 06:17:54]  
[2024/01/07 06:17:54]  U Initial residual: (5.870986325761055e-07 1.797955122737555e-06 0.001074603857628234)
[2024/01/07 06:17:54]  U   Final residual: (4.794061485488181e-08 1.539153611913512e-07 4.335451006818092e-05)
[2024/01/07 06:17:54]  p Initial residual: 3.158837188714442e-06
[2024/01/07 06:17:54]  p   Final residual: 1.772658030845588e-07
[2024/01/07 06:17:54]  Time step continuity errors : sum local = 6.508518932651911e-07
[2024/01/07 06:17:54]                                   global = 4.817960382822864e-08
[2024/01/07 06:17:54]                               cumulative = 0.002379292305915217
[2024/01/07 06:17:54]  yPlus min: 0 max: 0 mean: 0
[2024/01/07 06:17:54]  PL-part1-totalPressure: 15.29696275977809
[2024/01/07 06:17:54]  PL-part2-totalPressure: -9.639852815410949
[2024/01/07 06:17:54]  VOLUME-part1-variableVolSum: 1.000187186636344e-05
[2024/01/07 06:17:54]  ExecutionTime = 60.15 s  ClockTime = 82 s
[2024/01/07 06:17:54]  
[2024/01/07 06:17:54]  Time = 112
[2024/01/07 06:17:54]  Minimal residual 9.578619192455585e-07 satisfied the prescribed tolerance 1e-06
[2024/01/07 06:17:54]  
[2024/01/07 06:17:54]  PL-part1-totalPressure: 15.29711499021645
[2024/01/07 06:17:54]  PL-part2-totalPressure: -9.639964378055334
[2024/01/07 06:17:54]  VOLUME-part1-variableVolSum: 1.000187186636344e-05
[2024/01/07 06:17:54]  Printing Primal Residual Statistics.
[2024/01/07 06:17:58]  U Residual Norm2: (0.002050396829532008 0.002033600037357368 1.155647259928925e-13)
[2024/01/07 06:17:58]  U Residual Mean: (1.238131416142012e-05 9.95669940893713e-06 1.512107353300602e-15)
[2024/01/07 06:17:58]  U Residual Max: (0.000429749628352738 0.0004190773814979898 1.022944474744498e-14)
[2024/01/07 06:17:58]  p Residual Norm2: 0.0009574138539171959
[2024/01/07 06:17:58]  p Residual Mean: 2.740603838078009e-06
[2024/01/07 06:17:58]  p Residual Max: 0.0002994297875748257
[2024/01/07 06:17:58]  phi Residual Norm2: 1.481391098421604e-06
[2024/01/07 06:17:58]  phi Residual Mean: 3.00890881105921e-09
[2024/01/07 06:17:58]  phi Residual Max: 2.346308951819001e-07
[2024/01/07 06:17:58]  End
[2024/01/07 06:17:58]  
[2024/01/07 06:17:58]  Objective Functions: 
[2024/01/07 06:17:58]  {'PL': 5.657150612161114, 'VOLUME': 1.0001871866363437e-05, 'fail': False}
[2024/01/07 06:17:58]  Flow Runtime: 2.25099
[2024/01/07 06:17:58]  
[2024/01/07 06:17:58]  
[2024/01/07 06:17:58]  +--------------------------------------------------------------------------+
[2024/01/07 06:17:58]  |              Evaluating Objective Function Sensitivities 013             |
[2024/01/07 06:17:58]  +--------------------------------------------------------------------------+
[2024/01/07 06:17:58]  writeDeformedFFDs is deprecated since v3.0.1!
[2024/01/07 06:17:58]  Moving time 112 to 0.00000013
[2024/01/07 06:17:58]  Running adjoint Solver 013
[2024/01/07 06:17:58]  dRdWT Jacobian Free created!
[2024/01/07 06:17:58]  Solver Type: gmres
[2024/01/07 06:17:58]  GMRES Restart: 2000
[2024/01/07 06:17:58]  ASM Overlap: 1
[2024/01/07 06:17:58]  Global PC Iters: 0
[2024/01/07 06:17:58]  Local PC Iters: 1
[2024/01/07 06:17:58]  Mat ReOrdering: rcm
[2024/01/07 06:17:58]  ILU PC Fill Level: 1
[2024/01/07 06:17:58]  GMRES Max Iterations: 2000
[2024/01/07 06:17:58]  GMRES Relative Tolerance: 1e-06
[2024/01/07 06:17:58]  GMRES Absolute Tolerance: 1e-14
[2024/01/07 06:17:58]  Calculating dFdW using reverse-mode AD
[2024/01/07 06:17:58]      Adding all faces of patches 1(inlet) ...
[2024/01/07 06:17:58]      Found matching patch inlet with 0 faces.
[2024/01/07 06:17:58]      Adding all faces of patches 1(outlet) ...
[2024/01/07 06:17:58]      Found matching patch outlet with 0 faces.
[2024/01/07 06:17:58]  Solving Linear Equation... 82 s
[2024/01/07 06:17:58]  Main iteration 0 KSP Residual norm 1.972135665860e+00 82 s
[2024/01/07 06:17:58]  Main iteration 44 KSP Residual norm 1.354239643020e-06 83 s 
[2024/01/07 06:17:58]  Total iterations 44
[2024/01/07 06:17:58]  Solving Linear Equation... Completed! 83 s
[2024/01/07 06:17:58]  Residual tolerance satisfied, solution finished!
[2024/01/07 06:17:58]  Calculating dFdW using reverse-mode AD
[2024/01/07 06:17:58]      Adding cells with centre within boxes 1((-50 -50 -50) (50 50 50))
[2024/01/07 06:17:58]  Solving Linear Equation... 83 s
[2024/01/07 06:17:58]  Main iteration 0 KSP Residual norm 0.000000000000e+00 83 s
[2024/01/07 06:17:58]  Main iteration 0 KSP Residual norm 0.000000000000e+00 83 s 
[2024/01/07 06:17:58]  Total iterations 0
[2024/01/07 06:17:58]  Solving Linear Equation... Completed! 83 s
[2024/01/07 06:17:58]  Residual tolerance satisfied, solution finished!
[2024/01/07 06:17:58]  Computing total derivatives....
[2024/01/07 06:17:58]  Computing total derivatives for alphaPorosity
[2024/01/07 06:17:58]  Calculating dFdField using reverse-mode AD for alphaPorosity
[2024/01/07 06:17:58]      Adding all faces of patches 1(inlet) ...
[2024/01/07 06:17:58]      Found matching patch inlet with 0 faces.
[2024/01/07 06:17:58]      Adding all faces of patches 1(outlet) ...
[2024/01/07 06:17:58]      Found matching patch outlet with 0 faces.
[2024/01/07 06:17:58]  Calculating [dRdField]^T * Psi using reverse-mode AD
[2024/01/07 06:17:58]  Calculating dFdField using reverse-mode AD for alphaPorosity
[2024/01/07 06:17:58]      Adding cells with centre within boxes 1((-50 -50 -50) (50 50 50))
[2024/01/07 06:17:58]  Calculating [dRdField]^T * Psi using reverse-mode AD
[2024/01/07 06:17:58]  Objective Function Sensitivity: 
[2024/01/07 06:17:58]  {'PL': {'alphaPorosity': array([ 0.0009078886022655,  0.0009226997505031,  0.0009370764096713, ...,
[2024/01/07 06:17:58]         -0.000000168394395 , -0.0000001815260408, -0.0000001911672084])}, 'VOLUME': {'alphaPorosity': array([0.000000000025, 0.000000000025, 0.000000000025, ...,
[2024/01/07 06:17:58]         0.000000000025, 0.000000000025, 0.000000000025])}, 'fail': False}
[2024/01/07 06:17:58]  Adjoint Runtime: 3.15763 s
[2024/01/07 06:17:58]    12  5.6571506e+00 0.00e+00 1.10e+00  -2.8 5.24e-02    -  1.00e+00 1.00e+00f  1
[2024/01/07 06:17:58]  
[2024/01/07 06:17:58]  
[2024/01/07 06:17:58]  +--------------------------------------------------------------------------+
[2024/01/07 06:17:58]  |                  Evaluating Objective Functions 014                      |
[2024/01/07 06:17:58]  +--------------------------------------------------------------------------+
[2024/01/07 06:17:58]  Design Variables: 
[2024/01/07 06:17:58]  OrderedDict([('alphaPorosity', array([  1.9212273232702533,   1.890664721846284 ,   1.8618731942773186,
[2024/01/07 06:17:58]         ..., 322.7709142292168   , 323.4748571159851   ,
[2024/01/07 06:17:58]         324.0081275545098   ]))])
[2024/01/07 06:17:58]  DVGeo PointSet UpToDate: False
[2024/01/07 06:17:58]  Updating DVGeo PointSet....
[2024/01/07 06:17:58]  DVGeo PointSet UpToDate: True
[2024/01/07 06:17:58]  Warping the volume mesh....
[2024/01/07 06:17:58]  Setting up primal boundary conditions based on pyOptions: 
[2024/01/07 06:17:58]  Setting primal boundary conditions...
[2024/01/07 06:17:58]  Setting U = (0.1 0 0) at inlet
[2024/01/07 06:17:58]  Setting primal boundary conditions...
[2024/01/07 06:17:58]  Setting p = 0 at outlet
[2024/01/07 06:17:58]  nuTilda not found, skip it.
[2024/01/07 06:17:58]  Setting nut wall BC for wallBoundary. BCType=nutkWallFunction
[2024/01/07 06:17:58]  Running Primal Solver 014
[2024/01/07 06:17:58]  Previous solution time 112 not found and nothing deleted.
[2024/01/07 06:17:58]  No finite volume options present
[2024/01/07 06:17:58]  
[2024/01/07 06:17:58]  Starting time loop
[2024/01/07 06:17:58]  
[2024/01/07 06:18:02]  Checking mesh quality for time = 0
[2024/01/07 06:18:02]      Overall domain bounding box (7.181318501078189e-16 -1.399990449424424e-15 -5.718082257688551e-15) (0.02999999999999962 0.01500000000001617 0.001000000000005718)
[2024/01/07 06:18:02]      Mesh has 3 geometric (non-empty/wedge) directions 3{1}
[2024/01/07 06:18:02]      Mesh has 3 solution (non-empty) directions 3{1}
[2024/01/07 06:18:02]      Boundary openness (-6.947448714353218e-18 9.793123156124281e-19 -3.04020355740097e-16) OK.
[2024/01/07 06:18:02]      Max cell openness = 3.176373552203076e-16 OK.
[2024/01/07 06:18:02]      Max aspect ratio = 3.333333333492265 OK.
[2024/01/07 06:18:02]      Minimum face area = 1.499999999935995e-07. Maximum face area = 5.000000000129904e-07.  Face area magnitudes OK.
[2024/01/07 06:18:02]      Min volume = 1.499999999944929e-10. Max volume = 1.500000000034984e-10.  Total volume = 4.500000000002841e-07.  Cell volumes OK.
[2024/01/07 06:18:02]      Mesh non-orthogonality Max: 0 average: 0
[2024/01/07 06:18:02]      Non-orthogonality check OK.
[2024/01/07 06:18:02]      Face pyramids OK.
[2024/01/07 06:18:02]      Max skewness = 9.432792296734318e-11 OK.
[2024/01/07 06:18:02]      Coupled point location match (average 0) OK.
[2024/01/07 06:18:02]  
[2024/01/07 06:18:02]  Mesh OK.
[2024/01/07 06:18:02]  
[2024/01/07 06:18:02]  Time = 1
[2024/01/07 06:18:02]  
[2024/01/07 06:18:02]  U Initial residual: (0.0003822910735443879 0.000886356958474677 0.001504245343129772)
[2024/01/07 06:18:02]  U   Final residual: (3.331005905417011e-05 7.717107341583004e-05 7.769435096450144e-05)
[2024/01/07 06:18:02]  p Initial residual: 0.00846433568648119
[2024/01/07 06:18:02]  p   Final residual: 0.000406468452678307
[2024/01/07 06:18:02]  Time step continuity errors : sum local = 0.001491937536770609
[2024/01/07 06:18:02]                                   global = -3.238021136690554e-05
[2024/01/07 06:18:02]                               cumulative = 0.002346912094548311
[2024/01/07 06:18:02]  yPlus min: 0 max: 0 mean: 0
[2024/01/07 06:18:02]  PL-part1-totalPressure: 15.2983790969335
[2024/01/07 06:18:02]  PL-part2-totalPressure: -9.639963546277952
[2024/01/07 06:18:02]  VOLUME-part1-variableVolSum: 1.000173463932797e-05
[2024/01/07 06:18:02]  ExecutionTime = 63.68 s  ClockTime = 87 s
[2024/01/07 06:18:02]  
[2024/01/07 06:18:02]  Time = 100
[2024/01/07 06:18:02]  
[2024/01/07 06:18:02]  U Initial residual: (1.289642731138023e-06 3.108879054879775e-06 0.001119451044653988)
[2024/01/07 06:18:02]  U   Final residual: (1.123074929053222e-07 2.827985010542972e-07 4.527063623403952e-05)
[2024/01/07 06:18:02]  p Initial residual: 5.168887082630024e-06
[2024/01/07 06:18:02]  p   Final residual: 2.724671014198888e-07
[2024/01/07 06:18:02]  Time step continuity errors : sum local = 9.97905851298855e-07
[2024/01/07 06:18:02]                                   global = -1.680720502416688e-07
[2024/01/07 06:18:02]                               cumulative = 0.00234674402249807
[2024/01/07 06:18:02]  yPlus min: 0 max: 0 mean: 0
[2024/01/07 06:18:02]  PL-part1-totalPressure: 15.26301568422528
[2024/01/07 06:18:02]  PL-part2-totalPressure: -9.638704625038569
[2024/01/07 06:18:02]  VOLUME-part1-variableVolSum: 1.000173463932797e-05
[2024/01/07 06:18:02]  ExecutionTime = 64.02 s  ClockTime = 87 s
[2024/01/07 06:18:02]  
[2024/01/07 06:18:02]  Time = 119
[2024/01/07 06:18:02]  Minimal residual 9.2530368785205e-07 satisfied the prescribed tolerance 1e-06
[2024/01/07 06:18:02]  
[2024/01/07 06:18:02]  PL-part1-totalPressure: 15.26286968148767
[2024/01/07 06:18:02]  PL-part2-totalPressure: -9.638527916682612
[2024/01/07 06:18:02]  VOLUME-part1-variableVolSum: 1.000173463932797e-05
[2024/01/07 06:18:02]  Printing Primal Residual Statistics.
[2024/01/07 06:18:02]  U Residual Norm2: (0.002246647931492617 0.001732028012104433 1.178875300265352e-13)
[2024/01/07 06:18:02]  U Residual Mean: (1.161579081347573e-05 7.76160461760564e-06 1.552924678385055e-15)
[2024/01/07 06:18:02]  U Residual Max: (0.0004978358618590306 0.0003609592470540379 9.529424153558587e-15)
[2024/01/07 06:18:02]  p Residual Norm2: 0.0009636227464286128
[2024/01/07 06:18:02]  p Residual Mean: 2.655185690010117e-06
[2024/01/07 06:18:02]  p Residual Max: 0.0003210524682688239
[2024/01/07 06:18:02]  phi Residual Norm2: 1.43528407508382e-06
[2024/01/07 06:18:02]  phi Residual Mean: 2.578781640962028e-09
[2024/01/07 06:18:02]  phi Residual Max: 2.594943637259461e-07
[2024/01/07 06:18:02]  End
[2024/01/07 06:18:02]  
[2024/01/07 06:18:02]  Objective Functions: 
[2024/01/07 06:18:02]  {'PL': 5.6243417648050595, 'VOLUME': 1.0001734639327974e-05, 'fail': False}
[2024/01/07 06:18:02]  Flow Runtime: 2.2701
[2024/01/07 06:18:02]  
[2024/01/07 06:18:02]  
[2024/01/07 06:18:02]  +--------------------------------------------------------------------------+
[2024/01/07 06:18:02]  |              Evaluating Objective Function Sensitivities 014             |
[2024/01/07 06:18:02]  +--------------------------------------------------------------------------+
[2024/01/07 06:18:02]  writeDeformedFFDs is deprecated since v3.0.1!
[2024/01/07 06:18:02]  Moving time 119 to 0.00000014
[2024/01/07 06:18:02]  Running adjoint Solver 014
[2024/01/07 06:18:02]  dRdWT Jacobian Free created!
[2024/01/07 06:18:02]  Solver Type: gmres
[2024/01/07 06:18:02]  GMRES Restart: 2000
[2024/01/07 06:18:02]  ASM Overlap: 1
[2024/01/07 06:18:02]  Global PC Iters: 0
[2024/01/07 06:18:02]  Local PC Iters: 1
[2024/01/07 06:18:02]  Mat ReOrdering: rcm
[2024/01/07 06:18:02]  ILU PC Fill Level: 1
[2024/01/07 06:18:02]  GMRES Max Iterations: 2000
[2024/01/07 06:18:02]  GMRES Relative Tolerance: 1e-06
[2024/01/07 06:18:02]  GMRES Absolute Tolerance: 1e-14
[2024/01/07 06:18:02]  Calculating dFdW using reverse-mode AD
[2024/01/07 06:18:02]      Adding all faces of patches 1(inlet) ...
[2024/01/07 06:18:02]      Found matching patch inlet with 0 faces.
[2024/01/07 06:18:02]      Adding all faces of patches 1(outlet) ...
[2024/01/07 06:18:02]      Found matching patch outlet with 0 faces.
[2024/01/07 06:18:02]  Solving Linear Equation... 88 s
[2024/01/07 06:18:02]  Main iteration 0 KSP Residual norm 1.971989984763e+00 88 s
[2024/01/07 06:18:05]  Main iteration 44 KSP Residual norm 1.592619946180e-06 89 s 
[2024/01/07 06:18:05]  Total iterations 44
[2024/01/07 06:18:05]  Solving Linear Equation... Completed! 89 s
[2024/01/07 06:18:05]  Residual tolerance satisfied, solution finished!
[2024/01/07 06:18:05]  Calculating dFdW using reverse-mode AD
[2024/01/07 06:18:05]      Adding cells with centre within boxes 1((-50 -50 -50) (50 50 50))
[2024/01/07 06:18:05]  Solving Linear Equation... 89 s
[2024/01/07 06:18:05]  Main iteration 0 KSP Residual norm 0.000000000000e+00 89 s
[2024/01/07 06:18:05]  Main iteration 0 KSP Residual norm 0.000000000000e+00 89 s 
[2024/01/07 06:18:05]  Total iterations 0
[2024/01/07 06:18:05]  Solving Linear Equation... Completed! 89 s
[2024/01/07 06:18:05]  Residual tolerance satisfied, solution finished!
[2024/01/07 06:18:05]  Computing total derivatives....
[2024/01/07 06:18:05]  Computing total derivatives for alphaPorosity
[2024/01/07 06:18:05]  Calculating dFdField using reverse-mode AD for alphaPorosity
[2024/01/07 06:18:05]      Adding all faces of patches 1(inlet) ...
[2024/01/07 06:18:05]      Found matching patch inlet with 0 faces.
[2024/01/07 06:18:05]      Adding all faces of patches 1(outlet) ...
[2024/01/07 06:18:05]      Found matching patch outlet with 0 faces.
[2024/01/07 06:18:05]  Calculating [dRdField]^T * Psi using reverse-mode AD
[2024/01/07 06:18:05]  Calculating dFdField using reverse-mode AD for alphaPorosity
[2024/01/07 06:18:05]      Adding cells with centre within boxes 1((-50 -50 -50) (50 50 50))
[2024/01/07 06:18:05]  Calculating [dRdField]^T * Psi using reverse-mode AD
[2024/01/07 06:18:05]  Objective Function Sensitivity: 
[2024/01/07 06:18:05]  {'PL': {'alphaPorosity': array([ 0.0009040072512987,  0.0009189284834017,  0.0009334179702013, ...,
[2024/01/07 06:18:05]         -0.0000001686538565, -0.0000001802172721, -0.0000001887010878])}, 'VOLUME': {'alphaPorosity': array([0.000000000025, 0.000000000025, 0.000000000025, ...,
[2024/01/07 06:18:05]         0.000000000025, 0.000000000025, 0.000000000025])}, 'fail': False}
[2024/01/07 06:18:05]  Adjoint Runtime: 3.05968 s
[2024/01/07 06:18:05]    13  5.6243418e+00 0.00e+00 8.44e-01  -2.8 3.09e-02    -  1.00e+00 1.00e+00f  1
[2024/01/07 06:18:05]  
[2024/01/07 06:18:05]  
[2024/01/07 06:18:05]  +--------------------------------------------------------------------------+
[2024/01/07 06:18:05]  |                  Evaluating Objective Functions 015                      |
[2024/01/07 06:18:05]  +--------------------------------------------------------------------------+
[2024/01/07 06:18:05]  Design Variables: 
[2024/01/07 06:18:05]  OrderedDict([('alphaPorosity', array([  1.9400097737386062,   1.9090160952087365,   1.8798047483291733,
[2024/01/07 06:18:05]         ..., 326.26911724205945  , 326.9486636657045   ,
[2024/01/07 06:18:05]         327.4571500135793   ]))])
[2024/01/07 06:18:05]  DVGeo PointSet UpToDate: False
[2024/01/07 06:18:05]  Updating DVGeo PointSet....
[2024/01/07 06:18:05]  DVGeo PointSet UpToDate: True
[2024/01/07 06:18:05]  Warping the volume mesh....
[2024/01/07 06:18:05]  Setting up primal boundary conditions based on pyOptions: 
[2024/01/07 06:18:05]  Setting primal boundary conditions...
[2024/01/07 06:18:05]  Setting U = (0.1 0 0) at inlet
[2024/01/07 06:18:05]  Setting primal boundary conditions...
[2024/01/07 06:18:05]  Setting p = 0 at outlet
[2024/01/07 06:18:05]  nuTilda not found, skip it.
[2024/01/07 06:18:05]  Setting nut wall BC for wallBoundary. BCType=nutkWallFunction
[2024/01/07 06:18:05]  Running Primal Solver 015
[2024/01/07 06:18:05]  Previous solution time 119 not found and nothing deleted.
[2024/01/07 06:18:05]  No finite volume options present
[2024/01/07 06:18:05]  
[2024/01/07 06:18:05]  Starting time loop
[2024/01/07 06:18:05]  
[2024/01/07 06:18:05]  Checking mesh quality for time = 0
[2024/01/07 06:18:05]      Overall domain bounding box (7.181318501078189e-16 -1.399990449424424e-15 -5.718082257688551e-15) (0.02999999999999962 0.01500000000001617 0.001000000000005718)
[2024/01/07 06:18:05]      Mesh has 3 geometric (non-empty/wedge) directions 3{1}
[2024/01/07 06:18:05]      Mesh has 3 solution (non-empty) directions 3{1}
[2024/01/07 06:18:05]      Boundary openness (-6.947448714353218e-18 9.793123156124281e-19 -3.04020355740097e-16) OK.
[2024/01/07 06:18:05]      Max cell openness = 3.176373552203076e-16 OK.
[2024/01/07 06:18:05]      Max aspect ratio = 3.333333333492265 OK.
[2024/01/07 06:18:05]      Minimum face area = 1.499999999935995e-07. Maximum face area = 5.000000000129904e-07.  Face area magnitudes OK.
[2024/01/07 06:18:05]      Min volume = 1.499999999944929e-10. Max volume = 1.500000000034984e-10.  Total volume = 4.500000000002841e-07.  Cell volumes OK.
[2024/01/07 06:18:05]      Mesh non-orthogonality Max: 0 average: 0
[2024/01/07 06:18:05]      Non-orthogonality check OK.
[2024/01/07 06:18:05]      Face pyramids OK.
[2024/01/07 06:18:05]      Max skewness = 9.432792296734318e-11 OK.
[2024/01/07 06:18:05]      Coupled point location match (average 0) OK.
[2024/01/07 06:18:05]  
[2024/01/07 06:18:05]  Mesh OK.
[2024/01/07 06:18:05]  
[2024/01/07 06:18:05]  Time = 1
[2024/01/07 06:18:05]  
[2024/01/07 06:18:05]  U Initial residual: (0.0002267251363288967 0.0004806815947696846 0.001312480625121826)
[2024/01/07 06:18:05]  U   Final residual: (1.985941566047536e-05 4.256368325341518e-05 6.1801097323183e-05)
[2024/01/07 06:18:05]  p Initial residual: 0.0054457333604775
[2024/01/07 06:18:05]  p   Final residual: 0.0002830266693591193
[2024/01/07 06:18:05]  Time step continuity errors : sum local = 0.001036961236562676
[2024/01/07 06:18:05]                                   global = -5.985068399327062e-05
[2024/01/07 06:18:05]                               cumulative = 0.002286893338504799
[2024/01/07 06:18:05]  yPlus min: 0 max: 0 mean: 0
[2024/01/07 06:18:05]  PL-part1-totalPressure: 15.27030183381373
[2024/01/07 06:18:05]  PL-part2-totalPressure: -9.63845315864029
[2024/01/07 06:18:09]  VOLUME-part1-variableVolSum: 1.000168080157656e-05
[2024/01/07 06:18:09]  ExecutionTime = 67.73999999999999 s  ClockTime = 93 s
[2024/01/07 06:18:09]  
[2024/01/07 06:18:09]  Time = 100
[2024/01/07 06:18:09]  
[2024/01/07 06:18:09]  U Initial residual: (6.339144074681122e-07 1.427156070550775e-06 0.001086456858213782)
[2024/01/07 06:18:09]  U   Final residual: (5.480021271745073e-08 1.312248594846423e-07 4.367072087653102e-05)
[2024/01/07 06:18:09]  p Initial residual: 2.046364938118826e-06
[2024/01/07 06:18:09]  p   Final residual: 1.090075330429358e-07
[2024/01/07 06:18:09]  Time step continuity errors : sum local = 3.991445588575895e-07
[2024/01/07 06:18:09]                                   global = -6.145387767384884e-08
[2024/01/07 06:18:09]                               cumulative = 0.002286831884627125
[2024/01/07 06:18:09]  yPlus min: 0 max: 0 mean: 0
[2024/01/07 06:18:09]  PL-part1-totalPressure: 15.25503554868287
[2024/01/07 06:18:09]  PL-part2-totalPressure: -9.638015748263461
[2024/01/07 06:18:09]  VOLUME-part1-variableVolSum: 1.000168080157656e-05
[2024/01/07 06:18:09]  ExecutionTime = 68.09 s  ClockTime = 93 s
[2024/01/07 06:18:09]  
[2024/01/07 06:18:09]  Time = 112
[2024/01/07 06:18:09]  Minimal residual 9.287141446926023e-07 satisfied the prescribed tolerance 1e-06
[2024/01/07 06:18:09]  
[2024/01/07 06:18:09]  PL-part1-totalPressure: 15.25501681169553
[2024/01/07 06:18:09]  PL-part2-totalPressure: -9.637961214202205
[2024/01/07 06:18:09]  VOLUME-part1-variableVolSum: 1.000168080157656e-05
[2024/01/07 06:18:09]  Printing Primal Residual Statistics.
[2024/01/07 06:18:09]  U Residual Norm2: (0.003273713743833481 0.00179026853422522 1.166524659053428e-13)
[2024/01/07 06:18:09]  U Residual Mean: (1.661755477984774e-05 9.439582217971201e-06 1.510946655675992e-15)
[2024/01/07 06:18:09]  U Residual Max: (0.0005838311951951169 0.0002553283075978907 1.149603187888085e-14)
[2024/01/07 06:18:09]  p Residual Norm2: 0.001117517749289536
[2024/01/07 06:18:09]  p Residual Mean: 2.631803389120762e-06
[2024/01/07 06:18:09]  p Residual Max: 0.0004960548270938296
[2024/01/07 06:18:09]  phi Residual Norm2: 1.874364929258413e-06
[2024/01/07 06:18:09]  phi Residual Mean: 3.250363336904012e-09
[2024/01/07 06:18:09]  phi Residual Max: 2.591801398605629e-07
[2024/01/07 06:18:09]  End
[2024/01/07 06:18:09]  
[2024/01/07 06:18:09]  Objective Functions: 
[2024/01/07 06:18:09]  {'PL': 5.617055597493328, 'VOLUME': 1.0001680801576563e-05, 'fail': False}
[2024/01/07 06:18:09]  Flow Runtime: 2.48324
[2024/01/07 06:18:09]  
[2024/01/07 06:18:09]  
[2024/01/07 06:18:09]  +--------------------------------------------------------------------------+
[2024/01/07 06:18:09]  |              Evaluating Objective Function Sensitivities 015             |
[2024/01/07 06:18:09]  +--------------------------------------------------------------------------+
[2024/01/07 06:18:09]  writeDeformedFFDs is deprecated since v3.0.1!
[2024/01/07 06:18:09]  Moving time 112 to 0.00000015
[2024/01/07 06:18:09]  Running adjoint Solver 015
[2024/01/07 06:18:09]  dRdWT Jacobian Free created!
[2024/01/07 06:18:09]  Solver Type: gmres
[2024/01/07 06:18:09]  GMRES Restart: 2000
[2024/01/07 06:18:09]  ASM Overlap: 1
[2024/01/07 06:18:09]  Global PC Iters: 0
[2024/01/07 06:18:09]  Local PC Iters: 1
[2024/01/07 06:18:09]  Mat ReOrdering: rcm
[2024/01/07 06:18:09]  ILU PC Fill Level: 1
[2024/01/07 06:18:09]  GMRES Max Iterations: 2000
[2024/01/07 06:18:09]  GMRES Relative Tolerance: 1e-06
[2024/01/07 06:18:09]  GMRES Absolute Tolerance: 1e-14
[2024/01/07 06:18:09]  Calculating dFdW using reverse-mode AD
[2024/01/07 06:18:09]      Adding all faces of patches 1(inlet) ...
[2024/01/07 06:18:09]      Found matching patch inlet with 0 faces.
[2024/01/07 06:18:09]      Adding all faces of patches 1(outlet) ...
[2024/01/07 06:18:09]      Found matching patch outlet with 0 faces.
[2024/01/07 06:18:09]  Solving Linear Equation... 93 s
[2024/01/07 06:18:09]  Main iteration 0 KSP Residual norm 1.971932508737e+00 93 s
[2024/01/07 06:18:09]  Main iteration 44 KSP Residual norm 1.641737989284e-06 94 s 
[2024/01/07 06:18:09]  Total iterations 44
[2024/01/07 06:18:09]  Solving Linear Equation... Completed! 94 s
[2024/01/07 06:18:09]  Residual tolerance satisfied, solution finished!
[2024/01/07 06:18:09]  Calculating dFdW using reverse-mode AD
[2024/01/07 06:18:09]      Adding cells with centre within boxes 1((-50 -50 -50) (50 50 50))
[2024/01/07 06:18:09]  Solving Linear Equation... 95 s
[2024/01/07 06:18:09]  Main iteration 0 KSP Residual norm 0.000000000000e+00 95 s
[2024/01/07 06:18:09]  Main iteration 0 KSP Residual norm 0.000000000000e+00 95 s 
[2024/01/07 06:18:09]  Total iterations 0
[2024/01/07 06:18:09]  Solving Linear Equation... Completed! 95 s
[2024/01/07 06:18:09]  Residual tolerance satisfied, solution finished!
[2024/01/07 06:18:09]  Computing total derivatives....
[2024/01/07 06:18:09]  Computing total derivatives for alphaPorosity
[2024/01/07 06:18:09]  Calculating dFdField using reverse-mode AD for alphaPorosity
[2024/01/07 06:18:09]      Adding all faces of patches 1(inlet) ...
[2024/01/07 06:18:09]      Found matching patch inlet with 0 faces.
[2024/01/07 06:18:09]      Adding all faces of patches 1(outlet) ...
[2024/01/07 06:18:09]      Found matching patch outlet with 0 faces.
[2024/01/07 06:18:09]  Calculating [dRdField]^T * Psi using reverse-mode AD
[2024/01/07 06:18:09]  Calculating dFdField using reverse-mode AD for alphaPorosity
[2024/01/07 06:18:09]      Adding cells with centre within boxes 1((-50 -50 -50) (50 50 50))
[2024/01/07 06:18:09]  Calculating [dRdField]^T * Psi using reverse-mode AD
[2024/01/07 06:18:09]  Objective Function Sensitivity: 
[2024/01/07 06:18:09]  {'PL': {'alphaPorosity': array([ 0.0009011326147525,  0.0009160630850083,  0.000930566009855 , ...,
[2024/01/07 06:18:09]         -0.0000001649743101, -0.0000001757484642, -0.0000001834113445])}, 'VOLUME': {'alphaPorosity': array([0.000000000025, 0.000000000025, 0.000000000025, ...,
[2024/01/07 06:18:09]         0.000000000025, 0.000000000025, 0.000000000025])}, 'fail': False}
[2024/01/07 06:18:09]  Adjoint Runtime: 3.21156 s
[2024/01/07 06:18:11]    14  5.6170556e+00 0.00e+00 6.72e-01  -2.8 3.84e-03    -  1.00e+00 1.00e+00f  1
[2024/01/07 06:18:11]  
[2024/01/07 06:18:11]  
[2024/01/07 06:18:11]  +--------------------------------------------------------------------------+
[2024/01/07 06:18:11]  |                  Evaluating Objective Functions 016                      |
[2024/01/07 06:18:11]  +--------------------------------------------------------------------------+
[2024/01/07 06:18:11]  Design Variables: 
[2024/01/07 06:18:11]  OrderedDict([('alphaPorosity', array([  1.9514886726141085,   1.9202363088919743,   1.8907732457316555,
[2024/01/07 06:18:11]         ..., 327.35585831806605  , 327.99788821611463  ,
[2024/01/07 06:18:11]         328.46062519230264  ]))])
[2024/01/07 06:18:11]  DVGeo PointSet UpToDate: False
[2024/01/07 06:18:11]  Updating DVGeo PointSet....
[2024/01/07 06:18:11]  DVGeo PointSet UpToDate: True
[2024/01/07 06:18:11]  Warping the volume mesh....
[2024/01/07 06:18:11]  Setting up primal boundary conditions based on pyOptions: 
[2024/01/07 06:18:11]  Setting primal boundary conditions...
[2024/01/07 06:18:11]  Setting U = (0.1 0 0) at inlet
[2024/01/07 06:18:11]  Setting primal boundary conditions...
[2024/01/07 06:18:11]  Setting p = 0 at outlet
[2024/01/07 06:18:11]  nuTilda not found, skip it.
[2024/01/07 06:18:11]  Setting nut wall BC for wallBoundary. BCType=nutkWallFunction
[2024/01/07 06:18:11]  Running Primal Solver 016
[2024/01/07 06:18:11]  Previous solution time 112 not found and nothing deleted.
[2024/01/07 06:18:11]  No finite volume options present
[2024/01/07 06:18:11]  
[2024/01/07 06:18:11]  Starting time loop
[2024/01/07 06:18:11]  
[2024/01/07 06:18:11]  Checking mesh quality for time = 0
[2024/01/07 06:18:11]      Overall domain bounding box (7.181318501078189e-16 -1.399990449424424e-15 -5.718082257688551e-15) (0.02999999999999962 0.01500000000001617 0.001000000000005718)
[2024/01/07 06:18:11]      Mesh has 3 geometric (non-empty/wedge) directions 3{1}
[2024/01/07 06:18:11]      Mesh has 3 solution (non-empty) directions 3{1}
[2024/01/07 06:18:11]      Boundary openness (-6.947448714353218e-18 9.793123156124281e-19 -3.04020355740097e-16) OK.
[2024/01/07 06:18:11]      Max cell openness = 3.176373552203076e-16 OK.
[2024/01/07 06:18:11]      Max aspect ratio = 3.333333333492265 OK.
[2024/01/07 06:18:11]      Minimum face area = 1.499999999935995e-07. Maximum face area = 5.000000000129904e-07.  Face area magnitudes OK.
[2024/01/07 06:18:11]      Min volume = 1.499999999944929e-10. Max volume = 1.500000000034984e-10.  Total volume = 4.500000000002841e-07.  Cell volumes OK.
[2024/01/07 06:18:11]      Mesh non-orthogonality Max: 0 average: 0
[2024/01/07 06:18:11]      Non-orthogonality check OK.
[2024/01/07 06:18:11]      Face pyramids OK.
[2024/01/07 06:18:11]      Max skewness = 9.432792296734318e-11 OK.
[2024/01/07 06:18:11]      Coupled point location match (average 0) OK.
[2024/01/07 06:18:11]  
[2024/01/07 06:18:11]  Mesh OK.
[2024/01/07 06:18:11]  
[2024/01/07 06:18:11]  Time = 1
[2024/01/07 06:18:11]  
[2024/01/07 06:18:11]  U Initial residual: (0.000142637036072532 0.0003067468686730619 0.00120603275725404)
[2024/01/07 06:18:11]  U   Final residual: (1.37971002587491e-05 1.124554339267666e-05 5.669585970797006e-05)
[2024/01/07 06:18:11]  p Initial residual: 0.003584544022842169
[2024/01/07 06:18:11]  p   Final residual: 0.0001848194394695828
[2024/01/07 06:18:11]  Time step continuity errors : sum local = 0.0006770240133317444
[2024/01/07 06:18:11]                                   global = -3.456309804282293e-05
[2024/01/07 06:18:11]                               cumulative = 0.002252268786584302
[2024/01/07 06:18:11]  yPlus min: 0 max: 0 mean: 0
[2024/01/07 06:18:11]  PL-part1-totalPressure: 15.26947372390498
[2024/01/07 06:18:11]  PL-part2-totalPressure: -9.6379317024539
[2024/01/07 06:18:11]  VOLUME-part1-variableVolSum: 1.000167052112678e-05
[2024/01/07 06:18:11]  ExecutionTime = 71.67 s  ClockTime = 98 s
[2024/01/07 06:18:11]  
[2024/01/07 06:18:11]  Time = 100
[2024/01/07 06:18:11]  
[2024/01/07 06:18:11]  U Initial residual: (4.938820157000263e-07 1.09695882929069e-06 0.001137789964559987)
[2024/01/07 06:18:11]  U   Final residual: (4.259080891552289e-08 1.019415326175583e-07 4.452340137664504e-05)
[2024/01/07 06:18:11]  p Initial residual: 1.410049764015146e-06
[2024/01/07 06:18:11]  p   Final residual: 7.884853649230667e-08
[2024/01/07 06:18:11]  Time step continuity errors : sum local = 2.886365098947283e-07
[2024/01/07 06:18:11]                                   global = -4.294332052613066e-08
[2024/01/07 06:18:11]                               cumulative = 0.002252225843263776
[2024/01/07 06:18:11]  yPlus min: 0 max: 0 mean: 0
[2024/01/07 06:18:11]  PL-part1-totalPressure: 15.24883192704619
[2024/01/07 06:18:11]  PL-part2-totalPressure: -9.637077803079356
[2024/01/07 06:18:11]  VOLUME-part1-variableVolSum: 1.000167052112678e-05
[2024/01/07 06:18:11]  ExecutionTime = 71.98 s  ClockTime = 99 s
[2024/01/07 06:18:11]  
[2024/01/07 06:18:11]  Time = 108
[2024/01/07 06:18:11]  Minimal residual 9.531867174727731e-07 satisfied the prescribed tolerance 1e-06
[2024/01/07 06:18:11]  
[2024/01/07 06:18:11]  PL-part1-totalPressure: 15.24883586788171
[2024/01/07 06:18:11]  PL-part2-totalPressure: -9.637052228207372
[2024/01/07 06:18:11]  VOLUME-part1-variableVolSum: 1.000167052112678e-05
[2024/01/07 06:18:11]  Printing Primal Residual Statistics.
[2024/01/07 06:18:11]  U Residual Norm2: (0.00414571534772547 0.001979218890276619 1.170936923190311e-13)
[2024/01/07 06:18:11]  U Residual Mean: (2.209367225227364e-05 1.147752994269366e-05 1.531961961812493e-15)
[2024/01/07 06:18:11]  U Residual Max: (0.0006767345381231138 0.000240719651577237 1.205752503596293e-14)
[2024/01/07 06:18:11]  p Residual Norm2: 0.001143083042714081
[2024/01/07 06:18:11]  p Residual Mean: 2.763145263823647e-06
[2024/01/07 06:18:11]  p Residual Max: 0.0005310277508384785
[2024/01/07 06:18:11]  phi Residual Norm2: 2.327365105059979e-06
[2024/01/07 06:18:11]  phi Residual Mean: 4.22812146925768e-09
[2024/01/07 06:18:17]  phi Residual Max: 2.785926290395692e-07
[2024/01/07 06:18:17]  End
[2024/01/07 06:18:17]  
[2024/01/07 06:18:17]  Objective Functions: 
[2024/01/07 06:18:17]  {'PL': 5.6117836396743375, 'VOLUME': 1.0001670521126781e-05, 'fail': False}
[2024/01/07 06:18:17]  Flow Runtime: 2.29656
[2024/01/07 06:18:17]  
[2024/01/07 06:18:17]  
[2024/01/07 06:18:17]  +--------------------------------------------------------------------------+
[2024/01/07 06:18:17]  |              Evaluating Objective Function Sensitivities 016             |
[2024/01/07 06:18:17]  +--------------------------------------------------------------------------+
[2024/01/07 06:18:17]  writeDeformedFFDs is deprecated since v3.0.1!
[2024/01/07 06:18:17]  Moving time 108 to 0.00000016
[2024/01/07 06:18:17]  Running adjoint Solver 016
[2024/01/07 06:18:17]  dRdWT Jacobian Free created!
[2024/01/07 06:18:17]  Computing dRdWTPC 99 s
[2024/01/07 06:18:17]  Initializing dRdWCon. 99 s
[2024/01/07 06:18:17]  dRdWCon Created. 100 s
[2024/01/07 06:18:17]  Reading Coloring dRdWColoring_6
[2024/01/07 06:18:17]  Validating Coloring...
[2024/01/07 06:18:17]  No Conflicting Colors Found!
[2024/01/07 06:18:17]  Partial derivative matrix created. 100 s
[2024/01/07 06:18:17]  dRdWTPC: 0 of 348, ExecutionTime: 100 s
[2024/01/07 06:18:17]  dRdWTPC: 100 of 348, ExecutionTime: 101 s
[2024/01/07 06:18:17]  dRdWTPC: 200 of 348, ExecutionTime: 101 s
[2024/01/07 06:18:17]  dRdWTPC: 300 of 348, ExecutionTime: 102 s
[2024/01/07 06:18:17]  dRdWTPC: 347 of 348, ExecutionTime: 102 s
[2024/01/07 06:18:17]  Solver Type: gmres
[2024/01/07 06:18:17]  GMRES Restart: 2000
[2024/01/07 06:18:17]  ASM Overlap: 1
[2024/01/07 06:18:17]  Global PC Iters: 0
[2024/01/07 06:18:17]  Local PC Iters: 1
[2024/01/07 06:18:17]  Mat ReOrdering: rcm
[2024/01/07 06:18:17]  ILU PC Fill Level: 1
[2024/01/07 06:18:17]  GMRES Max Iterations: 2000
[2024/01/07 06:18:17]  GMRES Relative Tolerance: 1e-06
[2024/01/07 06:18:17]  GMRES Absolute Tolerance: 1e-14
[2024/01/07 06:18:17]  Calculating dFdW using reverse-mode AD
[2024/01/07 06:18:17]      Adding all faces of patches 1(inlet) ...
[2024/01/07 06:18:17]      Found matching patch inlet with 0 faces.
[2024/01/07 06:18:17]      Adding all faces of patches 1(outlet) ...
[2024/01/07 06:18:17]      Found matching patch outlet with 0 faces.
[2024/01/07 06:18:17]  Solving Linear Equation... 102 s
[2024/01/07 06:18:17]  Main iteration 0 KSP Residual norm 1.971840314178e+00 102 s
[2024/01/07 06:18:17]  Main iteration 44 KSP Residual norm 1.246194820431e-06 103 s 
[2024/01/07 06:18:17]  Total iterations 44
[2024/01/07 06:18:17]  Solving Linear Equation... Completed! 103 s
[2024/01/07 06:18:17]  Residual tolerance satisfied, solution finished!
[2024/01/07 06:18:17]  Calculating dFdW using reverse-mode AD
[2024/01/07 06:18:17]      Adding cells with centre within boxes 1((-50 -50 -50) (50 50 50))
[2024/01/07 06:18:17]  Solving Linear Equation... 103 s
[2024/01/07 06:18:17]  Main iteration 0 KSP Residual norm 0.000000000000e+00 103 s
[2024/01/07 06:18:17]  Main iteration 0 KSP Residual norm 0.000000000000e+00 103 s 
[2024/01/07 06:18:17]  Total iterations 0
[2024/01/07 06:18:17]  Solving Linear Equation... Completed! 103 s
[2024/01/07 06:18:17]  Residual tolerance satisfied, solution finished!
[2024/01/07 06:18:17]  Computing total derivatives....
[2024/01/07 06:18:17]  Computing total derivatives for alphaPorosity
[2024/01/07 06:18:17]  Calculating dFdField using reverse-mode AD for alphaPorosity
[2024/01/07 06:18:17]      Adding all faces of patches 1(inlet) ...
[2024/01/07 06:18:17]      Found matching patch inlet with 0 faces.
[2024/01/07 06:18:17]      Adding all faces of patches 1(outlet) ...
[2024/01/07 06:18:17]      Found matching patch outlet with 0 faces.
[2024/01/07 06:18:17]  Calculating [dRdField]^T * Psi using reverse-mode AD
[2024/01/07 06:18:17]  Calculating dFdField using reverse-mode AD for alphaPorosity
[2024/01/07 06:18:17]      Adding cells with centre within boxes 1((-50 -50 -50) (50 50 50))
[2024/01/07 06:18:17]  Calculating [dRdField]^T * Psi using reverse-mode AD
[2024/01/07 06:18:17]  Objective Function Sensitivity: 
[2024/01/07 06:18:17]  {'PL': {'alphaPorosity': array([ 0.000899206310569 ,  0.000914129504356 ,  0.000928628544836 , ...,
[2024/01/07 06:18:17]         -0.0000001643163238, -0.0000001745657297, -0.0000001818154014])}, 'VOLUME': {'alphaPorosity': array([0.000000000025, 0.000000000025, 0.000000000025, ...,
[2024/01/07 06:18:17]         0.000000000025, 0.000000000025, 0.000000000025])}, 'fail': False}
[2024/01/07 06:18:17]  Adjoint Runtime: 5.96593 s
[2024/01/07 06:18:17]    15  5.6117836e+00 0.00e+00 5.70e-01  -2.8 1.81e-03    -  1.00e+00 1.00e+00f  1
[2024/01/07 06:18:17]  
[2024/01/07 06:18:17]  
[2024/01/07 06:18:17]  +--------------------------------------------------------------------------+
[2024/01/07 06:18:17]  |                  Evaluating Objective Functions 017                      |
[2024/01/07 06:18:17]  +--------------------------------------------------------------------------+
[2024/01/07 06:18:17]  Design Variables: 
[2024/01/07 06:18:17]  OrderedDict([('alphaPorosity', array([  1.9614936136353964,   1.929667784627386 ,   1.899719711826455 ,
[2024/01/07 06:18:17]         ..., 328.6640876172809   , 329.29516352122783  ,
[2024/01/07 06:18:17]         329.7457381320703   ]))])
[2024/01/07 06:18:17]  DVGeo PointSet UpToDate: False
[2024/01/07 06:18:17]  Updating DVGeo PointSet....
[2024/01/07 06:18:17]  DVGeo PointSet UpToDate: True
[2024/01/07 06:18:17]  Warping the volume mesh....
[2024/01/07 06:18:17]  Setting up primal boundary conditions based on pyOptions: 
[2024/01/07 06:18:17]  Setting primal boundary conditions...
[2024/01/07 06:18:17]  Setting U = (0.1 0 0) at inlet
[2024/01/07 06:18:17]  Setting primal boundary conditions...
[2024/01/07 06:18:17]  Setting p = 0 at outlet
[2024/01/07 06:18:17]  nuTilda not found, skip it.
[2024/01/07 06:18:17]  Setting nut wall BC for wallBoundary. BCType=nutkWallFunction
[2024/01/07 06:18:17]  Running Primal Solver 017
[2024/01/07 06:18:17]  Previous solution time 108 not found and nothing deleted.
[2024/01/07 06:18:17]  No finite volume options present
[2024/01/07 06:18:17]  
[2024/01/07 06:18:17]  Starting time loop
[2024/01/07 06:18:17]  
[2024/01/07 06:18:17]  Checking mesh quality for time = 0
[2024/01/07 06:18:22]      Overall domain bounding box (7.181318501078189e-16 -1.399990449424424e-15 -5.718082257688551e-15) (0.02999999999999962 0.01500000000001617 0.001000000000005718)
[2024/01/07 06:18:22]      Mesh has 3 geometric (non-empty/wedge) directions 3{1}
[2024/01/07 06:18:22]      Mesh has 3 solution (non-empty) directions 3{1}
[2024/01/07 06:18:22]      Boundary openness (-6.947448714353218e-18 9.793123156124281e-19 -3.04020355740097e-16) OK.
[2024/01/07 06:18:22]      Max cell openness = 3.176373552203076e-16 OK.
[2024/01/07 06:18:22]      Max aspect ratio = 3.333333333492265 OK.
[2024/01/07 06:18:22]      Minimum face area = 1.499999999935995e-07. Maximum face area = 5.000000000129904e-07.  Face area magnitudes OK.
[2024/01/07 06:18:22]      Min volume = 1.499999999944929e-10. Max volume = 1.500000000034984e-10.  Total volume = 4.500000000002841e-07.  Cell volumes OK.
[2024/01/07 06:18:22]      Mesh non-orthogonality Max: 0 average: 0
[2024/01/07 06:18:22]      Non-orthogonality check OK.
[2024/01/07 06:18:22]      Face pyramids OK.
[2024/01/07 06:18:22]      Max skewness = 9.432792296734318e-11 OK.
[2024/01/07 06:18:22]      Coupled point location match (average 0) OK.
[2024/01/07 06:18:22]  
[2024/01/07 06:18:22]  Mesh OK.
[2024/01/07 06:18:22]  
[2024/01/07 06:18:22]  Time = 1
[2024/01/07 06:18:22]  
[2024/01/07 06:18:22]  U Initial residual: (0.0004082142581239522 0.0008413965532261005 0.001611878654115354)
[2024/01/07 06:18:22]  U   Final residual: (1.505544988646727e-05 3.313573167153616e-05 9.369736928007469e-05)
[2024/01/07 06:18:22]  p Initial residual: 0.01024836395573108
[2024/01/07 06:18:22]  p   Final residual: 0.0008850432038845511
[2024/01/07 06:18:22]  Time step continuity errors : sum local = 0.003241760510511203
[2024/01/07 06:18:22]                                   global = -0.0002904268303207308
[2024/01/07 06:18:22]                               cumulative = 0.001961799012943045
[2024/01/07 06:18:22]  yPlus min: 0 max: 0 mean: 0
[2024/01/07 06:18:22]  PL-part1-totalPressure: 15.28373677436127
[2024/01/07 06:18:22]  PL-part2-totalPressure: -9.636812220999266
[2024/01/07 06:18:22]  VOLUME-part1-variableVolSum: 1.000174127063834e-05
[2024/01/07 06:18:22]  ExecutionTime = 78.34999999999999 s  ClockTime = 107 s
[2024/01/07 06:18:22]  
[2024/01/07 06:18:22]  Time = 100
[2024/01/07 06:18:22]  
[2024/01/07 06:18:22]  U Initial residual: (1.786766837045763e-06 4.268179024190178e-06 0.001102876468133959)
[2024/01/07 06:18:22]  U   Final residual: (1.549671867272531e-07 3.877962424919628e-07 4.859601529800642e-05)
[2024/01/07 06:18:22]  p Initial residual: 7.012393062279794e-06
[2024/01/07 06:18:22]  p   Final residual: 3.582605445896118e-07
[2024/01/07 06:18:22]  Time step continuity errors : sum local = 1.309688137443885e-06
[2024/01/07 06:18:22]                                   global = -2.267588813747794e-07
[2024/01/07 06:18:22]                               cumulative = 0.001961572254061671
[2024/01/07 06:18:22]  yPlus min: 0 max: 0 mean: 0
[2024/01/07 06:18:22]  PL-part1-totalPressure: 15.2047233491993
[2024/01/07 06:18:22]  PL-part2-totalPressure: -9.626951648442963
[2024/01/07 06:18:22]  VOLUME-part1-variableVolSum: 1.000174127063834e-05
[2024/01/07 06:18:22]  ExecutionTime = 78.73 s  ClockTime = 107 s
[2024/01/07 06:18:22]  
[2024/01/07 06:18:22]  Time = 122
[2024/01/07 06:18:22]  Minimal residual 8.796622804022394e-07 satisfied the prescribed tolerance 1e-06
[2024/01/07 06:18:22]  
[2024/01/07 06:18:22]  PL-part1-totalPressure: 15.20450723386279
[2024/01/07 06:18:22]  PL-part2-totalPressure: -9.626690747748832
[2024/01/07 06:18:22]  VOLUME-part1-variableVolSum: 1.000174127063834e-05
[2024/01/07 06:18:22]  Printing Primal Residual Statistics.
[2024/01/07 06:18:22]  U Residual Norm2: (0.001923482310548581 0.001605693255013465 1.142180546752783e-13)
[2024/01/07 06:18:22]  U Residual Mean: (1.091129999136233e-05 7.377970397724285e-06 1.479557965711437e-15)
[2024/01/07 06:18:22]  U Residual Max: (0.0004178939856220865 0.0003630510870283321 1.140650463029961e-14)
[2024/01/07 06:18:22]  p Residual Norm2: 0.0008899527616903732
[2024/01/07 06:18:22]  p Residual Mean: 2.54157760926984e-06
[2024/01/07 06:18:22]  p Residual Max: 0.000290837041459652
[2024/01/07 06:18:22]  phi Residual Norm2: 1.28330619872846e-06
[2024/01/07 06:18:22]  phi Residual Mean: 2.440350559884094e-09
[2024/01/07 06:18:22]  phi Residual Max: 2.275533085267086e-07
[2024/01/07 06:18:22]  End
[2024/01/07 06:18:22]  
[2024/01/07 06:18:22]  Objective Functions: 
[2024/01/07 06:18:22]  {'PL': 5.577816486113955, 'VOLUME': 1.000174127063834e-05, 'fail': False}
[2024/01/07 06:18:22]  Flow Runtime: 2.47896
[2024/01/07 06:18:22]  
[2024/01/07 06:18:22]  
[2024/01/07 06:18:22]  +--------------------------------------------------------------------------+
[2024/01/07 06:18:22]  |              Evaluating Objective Function Sensitivities 017             |
[2024/01/07 06:18:22]  +--------------------------------------------------------------------------+
[2024/01/07 06:18:22]  writeDeformedFFDs is deprecated since v3.0.1!
[2024/01/07 06:18:22]  Moving time 122 to 0.00000017
[2024/01/07 06:18:22]  Running adjoint Solver 017
[2024/01/07 06:18:22]  dRdWT Jacobian Free created!
[2024/01/07 06:18:22]  Solver Type: gmres
[2024/01/07 06:18:22]  GMRES Restart: 2000
[2024/01/07 06:18:22]  ASM Overlap: 1
[2024/01/07 06:18:22]  Global PC Iters: 0
[2024/01/07 06:18:22]  Local PC Iters: 1
[2024/01/07 06:18:22]  Mat ReOrdering: rcm
[2024/01/07 06:18:22]  ILU PC Fill Level: 1
[2024/01/07 06:18:22]  GMRES Max Iterations: 2000
[2024/01/07 06:18:22]  GMRES Relative Tolerance: 1e-06
[2024/01/07 06:18:22]  GMRES Absolute Tolerance: 1e-14
[2024/01/07 06:18:22]  Calculating dFdW using reverse-mode AD
[2024/01/07 06:18:22]      Adding all faces of patches 1(inlet) ...
[2024/01/07 06:18:22]      Found matching patch inlet with 0 faces.
[2024/01/07 06:18:22]      Adding all faces of patches 1(outlet) ...
[2024/01/07 06:18:22]      Found matching patch outlet with 0 faces.
[2024/01/07 06:18:22]  Solving Linear Equation... 108 s
[2024/01/07 06:18:22]  Main iteration 0 KSP Residual norm 1.970789088775e+00 108 s
[2024/01/07 06:18:25]  Main iteration 44 KSP Residual norm 1.260234740548e-06 109 s 
[2024/01/07 06:18:25]  Total iterations 44
[2024/01/07 06:18:25]  Solving Linear Equation... Completed! 109 s
[2024/01/07 06:18:25]  Residual tolerance satisfied, solution finished!
[2024/01/07 06:18:25]  Calculating dFdW using reverse-mode AD
[2024/01/07 06:18:25]      Adding cells with centre within boxes 1((-50 -50 -50) (50 50 50))
[2024/01/07 06:18:25]  Solving Linear Equation... 109 s
[2024/01/07 06:18:25]  Main iteration 0 KSP Residual norm 0.000000000000e+00 109 s
[2024/01/07 06:18:25]  Main iteration 0 KSP Residual norm 0.000000000000e+00 109 s 
[2024/01/07 06:18:25]  Total iterations 0
[2024/01/07 06:18:25]  Solving Linear Equation... Completed! 109 s
[2024/01/07 06:18:25]  Residual tolerance satisfied, solution finished!
[2024/01/07 06:18:25]  Computing total derivatives....
[2024/01/07 06:18:25]  Computing total derivatives for alphaPorosity
[2024/01/07 06:18:25]  Calculating dFdField using reverse-mode AD for alphaPorosity
[2024/01/07 06:18:25]      Adding all faces of patches 1(inlet) ...
[2024/01/07 06:18:25]      Found matching patch inlet with 0 faces.
[2024/01/07 06:18:25]      Adding all faces of patches 1(outlet) ...
[2024/01/07 06:18:25]      Found matching patch outlet with 0 faces.
[2024/01/07 06:18:25]  Calculating [dRdField]^T * Psi using reverse-mode AD
[2024/01/07 06:18:25]  Calculating dFdField using reverse-mode AD for alphaPorosity
[2024/01/07 06:18:25]      Adding cells with centre within boxes 1((-50 -50 -50) (50 50 50))
[2024/01/07 06:18:25]  Calculating [dRdField]^T * Psi using reverse-mode AD
[2024/01/07 06:18:25]  Objective Function Sensitivity: 
[2024/01/07 06:18:25]  {'PL': {'alphaPorosity': array([ 0.0008964751357169,  0.0009116076025539,  0.0009263188062836, ...,
[2024/01/07 06:18:25]         -0.0000001768073135, -0.0000001859973983, -0.0000001926880346])}, 'VOLUME': {'alphaPorosity': array([0.000000000025, 0.000000000025, 0.000000000025, ...,
[2024/01/07 06:18:25]         0.000000000025, 0.000000000025, 0.000000000025])}, 'fail': False}
[2024/01/07 06:18:25]  Adjoint Runtime: 3.30183 s
[2024/01/07 06:18:25]    16  5.5778165e+00 0.00e+00 1.98e-01  -2.8 1.85e-02    -  1.00e+00 1.00e+00f  1
[2024/01/07 06:18:25]  
[2024/01/07 06:18:25]  
[2024/01/07 06:18:25]  +--------------------------------------------------------------------------+
[2024/01/07 06:18:25]  |                  Evaluating Objective Functions 018                      |
[2024/01/07 06:18:25]  +--------------------------------------------------------------------------+
[2024/01/07 06:18:25]  Design Variables: 
[2024/01/07 06:18:25]  OrderedDict([('alphaPorosity', array([  1.9673704222215949,   1.9349129795174262,   1.9043693141324807,
[2024/01/07 06:18:25]         ..., 327.96094611812634  , 328.54597482575684  ,
[2024/01/07 06:18:25]         328.9693664013517   ]))])
[2024/01/07 06:18:25]  DVGeo PointSet UpToDate: False
[2024/01/07 06:18:25]  Updating DVGeo PointSet....
[2024/01/07 06:18:25]  DVGeo PointSet UpToDate: True
[2024/01/07 06:18:25]  Warping the volume mesh....
[2024/01/07 06:18:25]  Setting up primal boundary conditions based on pyOptions: 
[2024/01/07 06:18:25]  Setting primal boundary conditions...
[2024/01/07 06:18:25]  Setting U = (0.1 0 0) at inlet
[2024/01/07 06:18:25]  Setting primal boundary conditions...
[2024/01/07 06:18:25]  Setting p = 0 at outlet
[2024/01/07 06:18:25]  nuTilda not found, skip it.
[2024/01/07 06:18:25]  Setting nut wall BC for wallBoundary. BCType=nutkWallFunction
[2024/01/07 06:18:25]  Running Primal Solver 018
[2024/01/07 06:18:25]  Previous solution time 122 not found and nothing deleted.
[2024/01/07 06:18:25]  No finite volume options present
[2024/01/07 06:18:25]  
[2024/01/07 06:18:25]  Starting time loop
[2024/01/07 06:18:25]  
[2024/01/07 06:18:25]  Checking mesh quality for time = 0
[2024/01/07 06:18:25]      Overall domain bounding box (7.181318501078189e-16 -1.399990449424424e-15 -5.718082257688551e-15) (0.02999999999999962 0.01500000000001617 0.001000000000005718)
[2024/01/07 06:18:25]      Mesh has 3 geometric (non-empty/wedge) directions 3{1}
[2024/01/07 06:18:25]      Mesh has 3 solution (non-empty) directions 3{1}
[2024/01/07 06:18:25]      Boundary openness (-6.947448714353218e-18 9.793123156124281e-19 -3.04020355740097e-16) OK.
[2024/01/07 06:18:25]      Max cell openness = 3.176373552203076e-16 OK.
[2024/01/07 06:18:25]      Max aspect ratio = 3.333333333492265 OK.
[2024/01/07 06:18:25]      Minimum face area = 1.499999999935995e-07. Maximum face area = 5.000000000129904e-07.  Face area magnitudes OK.
[2024/01/07 06:18:25]      Min volume = 1.499999999944929e-10. Max volume = 1.500000000034984e-10.  Total volume = 4.500000000002841e-07.  Cell volumes OK.
[2024/01/07 06:18:25]      Mesh non-orthogonality Max: 0 average: 0
[2024/01/07 06:18:25]      Non-orthogonality check OK.
[2024/01/07 06:18:25]      Face pyramids OK.
[2024/01/07 06:18:25]      Max skewness = 9.432792296734318e-11 OK.
[2024/01/07 06:18:25]      Coupled point location match (average 0) OK.
[2024/01/07 06:18:25]  
[2024/01/07 06:18:25]  Mesh OK.
[2024/01/07 06:18:25]  
[2024/01/07 06:18:25]  Time = 1
[2024/01/07 06:18:25]  
[2024/01/07 06:18:25]  U Initial residual: (0.0002207485389078204 0.0004033970809085576 0.001325744021798969)
[2024/01/07 06:18:25]  U   Final residual: (2.118647625784602e-05 3.644482370730444e-05 6.365611853843684e-05)
[2024/01/07 06:18:25]  p Initial residual: 0.006221960246312003
[2024/01/07 06:18:25]  p   Final residual: 0.0005981247190075073
[2024/01/07 06:18:25]  Time step continuity errors : sum local = 0.002189027184979625
[2024/01/07 06:18:25]                                   global = -0.0001271104893571394
[2024/01/07 06:18:25]                               cumulative = 0.001834461764704531
[2024/01/07 06:18:25]  yPlus min: 0 max: 0 mean: 0
[2024/01/07 06:18:25]  PL-part1-totalPressure: 15.24683531386865
[2024/01/07 06:18:25]  PL-part2-totalPressure: -9.626582939441036
[2024/01/07 06:18:29]  VOLUME-part1-variableVolSum: 1.000180871188323e-05
[2024/01/07 06:18:29]  ExecutionTime = 82.31999999999999 s  ClockTime = 113 s
[2024/01/07 06:18:29]  
[2024/01/07 06:18:29]  Time = 100
[2024/01/07 06:18:29]  
[2024/01/07 06:18:29]  U Initial residual: (5.136889808561238e-07 1.183004426186395e-06 0.001108354552697527)
[2024/01/07 06:18:29]  U   Final residual: (4.589653168814505e-08 1.106222198936635e-07 4.225832991380529e-05)
[2024/01/07 06:18:29]  p Initial residual: 1.632881926479089e-06
[2024/01/07 06:18:29]  p   Final residual: 7.704593355742842e-08
[2024/01/07 06:18:29]  Time step continuity errors : sum local = 2.820437648693076e-07
[2024/01/07 06:18:29]                                   global = -5.140546008697168e-08
[2024/01/07 06:18:29]                               cumulative = 0.001834410359244444
[2024/01/07 06:18:29]  yPlus min: 0 max: 0 mean: 0
[2024/01/07 06:18:29]  PL-part1-totalPressure: 15.20687281704252
[2024/01/07 06:18:29]  PL-part2-totalPressure: -9.620455763737541
[2024/01/07 06:18:29]  VOLUME-part1-variableVolSum: 1.000180871188323e-05
[2024/01/07 06:18:29]  ExecutionTime = 82.69 s  ClockTime = 113 s
[2024/01/07 06:18:29]  
[2024/01/07 06:18:29]  Time = 110
[2024/01/07 06:18:29]  Minimal residual 9.35860928045327e-07 satisfied the prescribed tolerance 1e-06
[2024/01/07 06:18:29]  
[2024/01/07 06:18:29]  PL-part1-totalPressure: 15.20688522208688
[2024/01/07 06:18:29]  PL-part2-totalPressure: -9.620428959260495
[2024/01/07 06:18:29]  VOLUME-part1-variableVolSum: 1.000180871188323e-05
[2024/01/07 06:18:29]  Printing Primal Residual Statistics.
[2024/01/07 06:18:29]  U Residual Norm2: (0.003574197862811418 0.001773530723683281 1.186017921897473e-13)
[2024/01/07 06:18:29]  U Residual Mean: (1.895941007833644e-05 1.014412752010898e-05 1.533216026003985e-15)
[2024/01/07 06:18:29]  U Residual Max: (0.00055419371557619 0.0002424755146013258 1.026952132889969e-14)
[2024/01/07 06:18:29]  p Residual Norm2: 0.001167490860654002
[2024/01/07 06:18:29]  p Residual Mean: 2.676371634756203e-06
[2024/01/07 06:18:29]  p Residual Max: 0.0005591454804971905
[2024/01/07 06:18:29]  phi Residual Norm2: 2.051994183647847e-06
[2024/01/07 06:18:29]  phi Residual Mean: 3.671206802032154e-09
[2024/01/07 06:18:29]  phi Residual Max: 2.471530925189407e-07
[2024/01/07 06:18:29]  End
[2024/01/07 06:18:29]  
[2024/01/07 06:18:29]  Objective Functions: 
[2024/01/07 06:18:29]  {'PL': 5.586456262826388, 'VOLUME': 1.0001808711883233e-05, 'fail': False}
[2024/01/07 06:18:29]  Flow Runtime: 2.44154
[2024/01/07 06:18:29]  
[2024/01/07 06:18:29]  
[2024/01/07 06:18:29]  +--------------------------------------------------------------------------+
[2024/01/07 06:18:29]  |              Evaluating Objective Function Sensitivities 018             |
[2024/01/07 06:18:29]  +--------------------------------------------------------------------------+
[2024/01/07 06:18:29]  writeDeformedFFDs is deprecated since v3.0.1!
[2024/01/07 06:18:29]  Moving time 110 to 0.00000018
[2024/01/07 06:18:29]  Running adjoint Solver 018
[2024/01/07 06:18:29]  dRdWT Jacobian Free created!
[2024/01/07 06:18:29]  Solver Type: gmres
[2024/01/07 06:18:29]  GMRES Restart: 2000
[2024/01/07 06:18:29]  ASM Overlap: 1
[2024/01/07 06:18:29]  Global PC Iters: 0
[2024/01/07 06:18:29]  Local PC Iters: 1
[2024/01/07 06:18:29]  Mat ReOrdering: rcm
[2024/01/07 06:18:29]  ILU PC Fill Level: 1
[2024/01/07 06:18:29]  GMRES Max Iterations: 2000
[2024/01/07 06:18:29]  GMRES Relative Tolerance: 1e-06
[2024/01/07 06:18:29]  GMRES Absolute Tolerance: 1e-14
[2024/01/07 06:18:29]  Calculating dFdW using reverse-mode AD
[2024/01/07 06:18:29]      Adding all faces of patches 1(inlet) ...
[2024/01/07 06:18:29]      Found matching patch inlet with 0 faces.
[2024/01/07 06:18:29]      Adding all faces of patches 1(outlet) ...
[2024/01/07 06:18:29]      Found matching patch outlet with 0 faces.
[2024/01/07 06:18:29]  Solving Linear Equation... 113 s
[2024/01/07 06:18:29]  Main iteration 0 KSP Residual norm 1.970153526261e+00 113 s
[2024/01/07 06:18:29]  Main iteration 44 KSP Residual norm 1.263002820051e-06 114 s 
[2024/01/07 06:18:29]  Total iterations 44
[2024/01/07 06:18:29]  Solving Linear Equation... Completed! 114 s
[2024/01/07 06:18:29]  Residual tolerance satisfied, solution finished!
[2024/01/07 06:18:29]  Calculating dFdW using reverse-mode AD
[2024/01/07 06:18:29]      Adding cells with centre within boxes 1((-50 -50 -50) (50 50 50))
[2024/01/07 06:18:29]  Solving Linear Equation... 115 s
[2024/01/07 06:18:29]  Main iteration 0 KSP Residual norm 0.000000000000e+00 115 s
[2024/01/07 06:18:29]  Main iteration 0 KSP Residual norm 0.000000000000e+00 115 s 
[2024/01/07 06:18:29]  Total iterations 0
[2024/01/07 06:18:29]  Solving Linear Equation... Completed! 115 s
[2024/01/07 06:18:29]  Residual tolerance satisfied, solution finished!
[2024/01/07 06:18:29]  Computing total derivatives....
[2024/01/07 06:18:29]  Computing total derivatives for alphaPorosity
[2024/01/07 06:18:29]  Calculating dFdField using reverse-mode AD for alphaPorosity
[2024/01/07 06:18:29]      Adding all faces of patches 1(inlet) ...
[2024/01/07 06:18:29]      Found matching patch inlet with 0 faces.
[2024/01/07 06:18:29]      Adding all faces of patches 1(outlet) ...
[2024/01/07 06:18:29]      Found matching patch outlet with 0 faces.
[2024/01/07 06:18:29]  Calculating [dRdField]^T * Psi using reverse-mode AD
[2024/01/07 06:18:29]  Calculating dFdField using reverse-mode AD for alphaPorosity
[2024/01/07 06:18:29]      Adding cells with centre within boxes 1((-50 -50 -50) (50 50 50))
[2024/01/07 06:18:29]  Calculating [dRdField]^T * Psi using reverse-mode AD
[2024/01/07 06:18:29]  Objective Function Sensitivity: 
[2024/01/07 06:18:29]  {'PL': {'alphaPorosity': array([ 0.000898317087379 ,  0.0009135985576824,  0.0009284576450856, ...,
[2024/01/07 06:18:29]         -0.0000001789494945, -0.0000001884342244, -0.0000001951424216])}, 'VOLUME': {'alphaPorosity': array([0.000000000025, 0.000000000025, 0.000000000025, ...,
[2024/01/07 06:18:29]         0.000000000025, 0.000000000025, 0.000000000025])}, 'fail': False}
[2024/01/07 06:18:29]  Adjoint Runtime: 3.26533 s
[2024/01/07 06:18:31]    17  5.5864563e+00 0.00e+00 6.41e-02  -2.8 2.35e-02    -  1.00e+00 1.00e+00f  1
[2024/01/07 06:18:31]  
[2024/01/07 06:18:31]  
[2024/01/07 06:18:31]  +--------------------------------------------------------------------------+
[2024/01/07 06:18:31]  |                  Evaluating Objective Functions 019                      |
[2024/01/07 06:18:31]  +--------------------------------------------------------------------------+
[2024/01/07 06:18:31]  Design Variables: 
[2024/01/07 06:18:31]  OrderedDict([('alphaPorosity', array([  1.963330889356717 ,   1.9306885086459364,   1.8999725116080968,
[2024/01/07 06:18:31]         ..., 327.0890882755964   , 327.6660363302968   ,
[2024/01/07 06:18:31]         328.07846812081704  ]))])
[2024/01/07 06:18:31]  DVGeo PointSet UpToDate: False
[2024/01/07 06:18:31]  Updating DVGeo PointSet....
[2024/01/07 06:18:31]  DVGeo PointSet UpToDate: True
[2024/01/07 06:18:31]  Warping the volume mesh....
[2024/01/07 06:18:31]  Setting up primal boundary conditions based on pyOptions: 
[2024/01/07 06:18:31]  Setting primal boundary conditions...
[2024/01/07 06:18:31]  Setting U = (0.1 0 0) at inlet
[2024/01/07 06:18:31]  Setting primal boundary conditions...
[2024/01/07 06:18:31]  Setting p = 0 at outlet
[2024/01/07 06:18:31]  nuTilda not found, skip it.
[2024/01/07 06:18:31]  Setting nut wall BC for wallBoundary. BCType=nutkWallFunction
[2024/01/07 06:18:31]  Running Primal Solver 019
[2024/01/07 06:18:31]  Previous solution time 110 not found and nothing deleted.
[2024/01/07 06:18:31]  No finite volume options present
[2024/01/07 06:18:31]  
[2024/01/07 06:18:31]  Starting time loop
[2024/01/07 06:18:31]  
[2024/01/07 06:18:31]  Checking mesh quality for time = 0
[2024/01/07 06:18:31]      Overall domain bounding box (7.181318501078189e-16 -1.399990449424424e-15 -5.718082257688551e-15) (0.02999999999999962 0.01500000000001617 0.001000000000005718)
[2024/01/07 06:18:31]      Mesh has 3 geometric (non-empty/wedge) directions 3{1}
[2024/01/07 06:18:31]      Mesh has 3 solution (non-empty) directions 3{1}
[2024/01/07 06:18:31]      Boundary openness (-6.947448714353218e-18 9.793123156124281e-19 -3.04020355740097e-16) OK.
[2024/01/07 06:18:31]      Max cell openness = 3.176373552203076e-16 OK.
[2024/01/07 06:18:31]      Max aspect ratio = 3.333333333492265 OK.
[2024/01/07 06:18:31]      Minimum face area = 1.499999999935995e-07. Maximum face area = 5.000000000129904e-07.  Face area magnitudes OK.
[2024/01/07 06:18:31]      Min volume = 1.499999999944929e-10. Max volume = 1.500000000034984e-10.  Total volume = 4.500000000002841e-07.  Cell volumes OK.
[2024/01/07 06:18:31]      Mesh non-orthogonality Max: 0 average: 0
[2024/01/07 06:18:31]      Non-orthogonality check OK.
[2024/01/07 06:18:31]      Face pyramids OK.
[2024/01/07 06:18:31]      Max skewness = 9.432792296734318e-11 OK.
[2024/01/07 06:18:31]      Coupled point location match (average 0) OK.
[2024/01/07 06:18:31]  
[2024/01/07 06:18:31]  Mesh OK.
[2024/01/07 06:18:31]  
[2024/01/07 06:18:31]  Time = 1
[2024/01/07 06:18:31]  
[2024/01/07 06:18:31]  U Initial residual: (0.0001270884138621465 0.0002015080338826944 0.001232236033644272)
[2024/01/07 06:18:31]  U   Final residual: (1.267485623991624e-05 1.937570789933839e-05 5.93062433481824e-05)
[2024/01/07 06:18:31]  p Initial residual: 0.003465700314547605
[2024/01/07 06:18:31]  p   Final residual: 0.0001703078296160419
[2024/01/07 06:18:31]  Time step continuity errors : sum local = 0.0006239263855671076
[2024/01/07 06:18:31]                                   global = -2.178137373523665e-05
[2024/01/07 06:18:31]                               cumulative = 0.001812628985509208
[2024/01/07 06:18:31]  yPlus min: 0 max: 0 mean: 0
[2024/01/07 06:18:31]  PL-part1-totalPressure: 15.24198132051256
[2024/01/07 06:18:31]  PL-part2-totalPressure: -9.620414265659155
[2024/01/07 06:18:31]  VOLUME-part1-variableVolSum: 1.000183577144514e-05
[2024/01/07 06:18:31]  ExecutionTime = 86.14 s  ClockTime = 118 s
[2024/01/07 06:18:31]  
[2024/01/07 06:18:31]  Time = 95
[2024/01/07 06:18:31]  Minimal residual 9.994050769295912e-07 satisfied the prescribed tolerance 1e-06
[2024/01/07 06:18:31]  
[2024/01/07 06:18:31]  PL-part1-totalPressure: 15.20951635916358
[2024/01/07 06:18:31]  PL-part2-totalPressure: -9.617069710906042
[2024/01/07 06:18:31]  VOLUME-part1-variableVolSum: 1.000183577144514e-05
[2024/01/07 06:18:31]  Printing Primal Residual Statistics.
[2024/01/07 06:18:31]  U Residual Norm2: (0.005919190705422754 0.003184811507068051 1.145564238411404e-13)
[2024/01/07 06:18:31]  U Residual Mean: (3.932030934002045e-05 1.996752652993705e-05 1.475136805967916e-15)
[2024/01/07 06:18:31]  U Residual Max: (0.0006470861123810678 0.0004592282845998774 1.140718346498755e-14)
[2024/01/07 06:18:31]  p Residual Norm2: 0.0009967760201690494
[2024/01/07 06:18:31]  p Residual Mean: 3.292783256900255e-06
[2024/01/07 06:18:31]  p Residual Max: 0.0005772659573298117
[2024/01/07 06:18:31]  phi Residual Norm2: 3.573676877766103e-06
[2024/01/07 06:18:31]  phi Residual Mean: 7.81404075633896e-09
[2024/01/07 06:18:31]  phi Residual Max: 3.159544699488988e-07
[2024/01/07 06:18:31]  End
[2024/01/07 06:18:31]  
[2024/01/07 06:18:31]  Objective Functions: 
[2024/01/07 06:18:31]  {'PL': 5.592446648257534, 'VOLUME': 1.0001835771445135e-05, 'fail': False}
[2024/01/07 06:18:31]  Flow Runtime: 2.3435
[2024/01/07 06:18:31]  
[2024/01/07 06:18:31]  
[2024/01/07 06:18:31]  +--------------------------------------------------------------------------+
[2024/01/07 06:18:31]  |              Evaluating Objective Function Sensitivities 019             |
[2024/01/07 06:18:31]  +--------------------------------------------------------------------------+
[2024/01/07 06:18:31]  writeDeformedFFDs is deprecated since v3.0.1!
[2024/01/07 06:18:31]  Moving time 95 to 0.00000019
[2024/01/07 06:18:31]  Running adjoint Solver 019
[2024/01/07 06:18:31]  dRdWT Jacobian Free created!
[2024/01/07 06:18:31]  Solver Type: gmres
[2024/01/07 06:18:31]  GMRES Restart: 2000
[2024/01/07 06:18:31]  ASM Overlap: 1
[2024/01/07 06:18:31]  Global PC Iters: 0
[2024/01/07 06:18:31]  Local PC Iters: 1
[2024/01/07 06:18:31]  Mat ReOrdering: rcm
[2024/01/07 06:18:31]  ILU PC Fill Level: 1
[2024/01/07 06:18:31]  GMRES Max Iterations: 2000
[2024/01/07 06:18:36]  GMRES Relative Tolerance: 1e-06
[2024/01/07 06:18:36]  GMRES Absolute Tolerance: 1e-14
[2024/01/07 06:18:36]  Calculating dFdW using reverse-mode AD
[2024/01/07 06:18:36]      Adding all faces of patches 1(inlet) ...
[2024/01/07 06:18:36]      Found matching patch inlet with 0 faces.
[2024/01/07 06:18:36]      Adding all faces of patches 1(outlet) ...
[2024/01/07 06:18:36]      Found matching patch outlet with 0 faces.
[2024/01/07 06:18:36]  Solving Linear Equation... 119 s
[2024/01/07 06:18:36]  Main iteration 0 KSP Residual norm 1.969812482877e+00 119 s
[2024/01/07 06:18:36]  Main iteration 44 KSP Residual norm 1.268350996015e-06 120 s 
[2024/01/07 06:18:36]  Total iterations 44
[2024/01/07 06:18:36]  Solving Linear Equation... Completed! 120 s
[2024/01/07 06:18:36]  Residual tolerance satisfied, solution finished!
[2024/01/07 06:18:36]  Calculating dFdW using reverse-mode AD
[2024/01/07 06:18:36]      Adding cells with centre within boxes 1((-50 -50 -50) (50 50 50))
[2024/01/07 06:18:36]  Solving Linear Equation... 120 s
[2024/01/07 06:18:36]  Main iteration 0 KSP Residual norm 0.000000000000e+00 120 s
[2024/01/07 06:18:36]  Main iteration 0 KSP Residual norm 0.000000000000e+00 120 s 
[2024/01/07 06:18:36]  Total iterations 0
[2024/01/07 06:18:36]  Solving Linear Equation... Completed! 120 s
[2024/01/07 06:18:36]  Residual tolerance satisfied, solution finished!
[2024/01/07 06:18:36]  Computing total derivatives....
[2024/01/07 06:18:36]  Computing total derivatives for alphaPorosity
[2024/01/07 06:18:36]  Calculating dFdField using reverse-mode AD for alphaPorosity
[2024/01/07 06:18:36]      Adding all faces of patches 1(inlet) ...
[2024/01/07 06:18:36]      Found matching patch inlet with 0 faces.
[2024/01/07 06:18:36]      Adding all faces of patches 1(outlet) ...
[2024/01/07 06:18:36]      Found matching patch outlet with 0 faces.
[2024/01/07 06:18:36]  Calculating [dRdField]^T * Psi using reverse-mode AD
[2024/01/07 06:18:36]  Calculating dFdField using reverse-mode AD for alphaPorosity
[2024/01/07 06:18:36]      Adding cells with centre within boxes 1((-50 -50 -50) (50 50 50))
[2024/01/07 06:18:36]  Calculating [dRdField]^T * Psi using reverse-mode AD
[2024/01/07 06:18:36]  Objective Function Sensitivity: 
[2024/01/07 06:18:36]  {'PL': {'alphaPorosity': array([ 0.0009010688912958,  0.0009164733140502,  0.0009314528754219, ...,
[2024/01/07 06:18:36]         -0.0000001815949068, -0.0000001912784595, -0.000000198182938 ])}, 'VOLUME': {'alphaPorosity': array([0.000000000025, 0.000000000025, 0.000000000025, ...,
[2024/01/07 06:18:36]         0.000000000025, 0.000000000025, 0.000000000025])}, 'fail': False}
[2024/01/07 06:18:36]  Adjoint Runtime: 3.2758 s
[2024/01/07 06:18:36]    18  5.5924466e+00 0.00e+00 5.48e-02  -2.8 1.95e-03    -  1.00e+00 1.00e+00f  1
[2024/01/07 06:18:36]  
[2024/01/07 06:18:36]  
[2024/01/07 06:18:36]  +--------------------------------------------------------------------------+
[2024/01/07 06:18:36]  |                  Evaluating Objective Functions 020                      |
[2024/01/07 06:18:36]  +--------------------------------------------------------------------------+
[2024/01/07 06:18:36]  Design Variables: 
[2024/01/07 06:18:36]  OrderedDict([('alphaPorosity', array([  1.957327486539822 ,   1.9246259898054308,   1.8938574878107182,
[2024/01/07 06:18:36]         ..., 326.26506155054614  , 326.84466263781025  ,
[2024/01/07 06:18:36]         327.25910871644027  ]))])
[2024/01/07 06:18:36]  DVGeo PointSet UpToDate: False
[2024/01/07 06:18:36]  Updating DVGeo PointSet....
[2024/01/07 06:18:36]  DVGeo PointSet UpToDate: True
[2024/01/07 06:18:36]  Warping the volume mesh....
[2024/01/07 06:18:36]  Setting up primal boundary conditions based on pyOptions: 
[2024/01/07 06:18:36]  Setting primal boundary conditions...
[2024/01/07 06:18:36]  Setting U = (0.1 0 0) at inlet
[2024/01/07 06:18:36]  Setting primal boundary conditions...
[2024/01/07 06:18:36]  Setting p = 0 at outlet
[2024/01/07 06:18:36]  nuTilda not found, skip it.
[2024/01/07 06:18:36]  Setting nut wall BC for wallBoundary. BCType=nutkWallFunction
[2024/01/07 06:18:36]  Running Primal Solver 020
[2024/01/07 06:18:36]  Previous solution time 95 not found and nothing deleted.
[2024/01/07 06:18:36]  No finite volume options present
[2024/01/07 06:18:36]  
[2024/01/07 06:18:36]  Starting time loop
[2024/01/07 06:18:36]  
[2024/01/07 06:18:36]  Checking mesh quality for time = 0
[2024/01/07 06:18:36]      Overall domain bounding box (7.181318501078189e-16 -1.399990449424424e-15 -5.718082257688551e-15) (0.02999999999999962 0.01500000000001617 0.001000000000005718)
[2024/01/07 06:18:36]      Mesh has 3 geometric (non-empty/wedge) directions 3{1}
[2024/01/07 06:18:36]      Mesh has 3 solution (non-empty) directions 3{1}
[2024/01/07 06:18:36]      Boundary openness (-6.947448714353218e-18 9.793123156124281e-19 -3.04020355740097e-16) OK.
[2024/01/07 06:18:36]      Max cell openness = 3.176373552203076e-16 OK.
[2024/01/07 06:18:36]      Max aspect ratio = 3.333333333492265 OK.
[2024/01/07 06:18:36]      Minimum face area = 1.499999999935995e-07. Maximum face area = 5.000000000129904e-07.  Face area magnitudes OK.
[2024/01/07 06:18:36]      Min volume = 1.499999999944929e-10. Max volume = 1.500000000034984e-10.  Total volume = 4.500000000002841e-07.  Cell volumes OK.
[2024/01/07 06:18:36]      Mesh non-orthogonality Max: 0 average: 0
[2024/01/07 06:18:36]      Non-orthogonality check OK.
[2024/01/07 06:18:36]      Face pyramids OK.
[2024/01/07 06:18:36]      Max skewness = 9.432792296734318e-11 OK.
[2024/01/07 06:18:36]      Coupled point location match (average 0) OK.
[2024/01/07 06:18:36]  
[2024/01/07 06:18:36]  Mesh OK.
[2024/01/07 06:18:36]  
[2024/01/07 06:18:36]  Time = 1
[2024/01/07 06:18:36]  
[2024/01/07 06:18:36]  U Initial residual: (8.969246265097125e-05 0.0001409620425234607 0.001149005259128666)
[2024/01/07 06:18:36]  U   Final residual: (3.423121279307974e-06 5.373203146703355e-06 5.173904086444929e-05)
[2024/01/07 06:18:40]  p Initial residual: 0.002486135282849559
[2024/01/07 06:18:40]  p   Final residual: 0.0001298797434585089
[2024/01/07 06:18:40]  Time step continuity errors : sum local = 0.00047604848417754
[2024/01/07 06:18:40]                                   global = -1.720324396720021e-05
[2024/01/07 06:18:40]                               cumulative = 0.001795425741542007
[2024/01/07 06:18:40]  yPlus min: 0 max: 0 mean: 0
[2024/01/07 06:18:40]  PL-part1-totalPressure: 15.23928941137393
[2024/01/07 06:18:40]  PL-part2-totalPressure: -9.617064851001235
[2024/01/07 06:18:40]  VOLUME-part1-variableVolSum: 1.000185955256091e-05
[2024/01/07 06:18:40]  ExecutionTime = 90.04000000000001 s  ClockTime = 124 s
[2024/01/07 06:18:40]  
[2024/01/07 06:18:40]  Time = 89
[2024/01/07 06:18:40]  Minimal residual 9.968753279873424e-07 satisfied the prescribed tolerance 1e-06
[2024/01/07 06:18:40]  
[2024/01/07 06:18:40]  PL-part1-totalPressure: 15.21274401052115
[2024/01/07 06:18:40]  PL-part2-totalPressure: -9.614304079484834
[2024/01/07 06:18:40]  VOLUME-part1-variableVolSum: 1.000185955256091e-05
[2024/01/07 06:18:40]  Printing Primal Residual Statistics.
[2024/01/07 06:18:40]  U Residual Norm2: (0.003763413979647326 0.002843848875123028 1.149264222260793e-13)
[2024/01/07 06:18:40]  U Residual Mean: (2.701233131614431e-05 1.89667764042e-05 1.495814053249221e-15)
[2024/01/07 06:18:40]  U Residual Max: (0.0004841728775328846 0.000323364315882424 1.304121979861017e-14)
[2024/01/07 06:18:40]  p Residual Norm2: 0.0009528521771669013
[2024/01/07 06:18:40]  p Residual Mean: 2.953202182248857e-06
[2024/01/07 06:18:40]  p Residual Max: 0.0003882696439469448
[2024/01/07 06:18:40]  phi Residual Norm2: 2.393543778187841e-06
[2024/01/07 06:18:40]  phi Residual Mean: 5.894334199359338e-09
[2024/01/07 06:18:40]  phi Residual Max: 2.17267215595056e-07
[2024/01/07 06:18:40]  End
[2024/01/07 06:18:40]  
[2024/01/07 06:18:40]  Objective Functions: 
[2024/01/07 06:18:40]  {'PL': 5.598439931036321, 'VOLUME': 1.000185955256091e-05, 'fail': False}
[2024/01/07 06:18:40]  Flow Runtime: 2.34332
[2024/01/07 06:18:40]  
[2024/01/07 06:18:40]  
[2024/01/07 06:18:40]  +--------------------------------------------------------------------------+
[2024/01/07 06:18:40]  |              Evaluating Objective Function Sensitivities 020             |
[2024/01/07 06:18:40]  +--------------------------------------------------------------------------+
[2024/01/07 06:18:40]  writeDeformedFFDs is deprecated since v3.0.1!
[2024/01/07 06:18:40]  Moving time 89 to 0.00000020
[2024/01/07 06:18:40]  Running adjoint Solver 020
[2024/01/07 06:18:40]  dRdWT Jacobian Free created!
[2024/01/07 06:18:40]  Solver Type: gmres
[2024/01/07 06:18:40]  GMRES Restart: 2000
[2024/01/07 06:18:40]  ASM Overlap: 1
[2024/01/07 06:18:40]  Global PC Iters: 0
[2024/01/07 06:18:40]  Local PC Iters: 1
[2024/01/07 06:18:40]  Mat ReOrdering: rcm
[2024/01/07 06:18:40]  ILU PC Fill Level: 1
[2024/01/07 06:18:40]  GMRES Max Iterations: 2000
[2024/01/07 06:18:40]  GMRES Relative Tolerance: 1e-06
[2024/01/07 06:18:40]  GMRES Absolute Tolerance: 1e-14
[2024/01/07 06:18:40]  Calculating dFdW using reverse-mode AD
[2024/01/07 06:18:40]      Adding all faces of patches 1(inlet) ...
[2024/01/07 06:18:40]      Found matching patch inlet with 0 faces.
[2024/01/07 06:18:40]      Adding all faces of patches 1(outlet) ...
[2024/01/07 06:18:40]      Found matching patch outlet with 0 faces.
[2024/01/07 06:18:40]  Solving Linear Equation... 125 s
[2024/01/07 06:18:40]  Main iteration 0 KSP Residual norm 1.969531661367e+00 125 s
[2024/01/07 06:18:40]  Main iteration 44 KSP Residual norm 1.284824171446e-06 126 s 
[2024/01/07 06:18:40]  Total iterations 44
[2024/01/07 06:18:40]  Solving Linear Equation... Completed! 126 s
[2024/01/07 06:18:40]  Residual tolerance satisfied, solution finished!
[2024/01/07 06:18:40]  Calculating dFdW using reverse-mode AD
[2024/01/07 06:18:40]      Adding cells with centre within boxes 1((-50 -50 -50) (50 50 50))
[2024/01/07 06:18:40]  Solving Linear Equation... 126 s
[2024/01/07 06:18:40]  Main iteration 0 KSP Residual norm 0.000000000000e+00 126 s
[2024/01/07 06:18:40]  Main iteration 0 KSP Residual norm 0.000000000000e+00 126 s 
[2024/01/07 06:18:40]  Total iterations 0
[2024/01/07 06:18:40]  Solving Linear Equation... Completed! 126 s
[2024/01/07 06:18:40]  Residual tolerance satisfied, solution finished!
[2024/01/07 06:18:40]  Computing total derivatives....
[2024/01/07 06:18:40]  Computing total derivatives for alphaPorosity
[2024/01/07 06:18:40]  Calculating dFdField using reverse-mode AD for alphaPorosity
[2024/01/07 06:18:40]      Adding all faces of patches 1(inlet) ...
[2024/01/07 06:18:40]      Found matching patch inlet with 0 faces.
[2024/01/07 06:18:40]      Adding all faces of patches 1(outlet) ...
[2024/01/07 06:18:40]      Found matching patch outlet with 0 faces.
[2024/01/07 06:18:40]  Calculating [dRdField]^T * Psi using reverse-mode AD
[2024/01/07 06:18:40]  Calculating dFdField using reverse-mode AD for alphaPorosity
[2024/01/07 06:18:40]      Adding cells with centre within boxes 1((-50 -50 -50) (50 50 50))
[2024/01/07 06:18:40]  Calculating [dRdField]^T * Psi using reverse-mode AD
[2024/01/07 06:18:40]  Objective Function Sensitivity: 
[2024/01/07 06:18:40]  {'PL': {'alphaPorosity': array([ 0.0009039426671725,  0.0009194427498391,  0.0009345151168774, ...,
[2024/01/07 06:18:40]         -0.0000001839379429, -0.000000193769897 , -0.0000002008177196])}, 'VOLUME': {'alphaPorosity': array([0.000000000025, 0.000000000025, 0.000000000025, ...,
[2024/01/07 06:18:40]         0.000000000025, 0.000000000025, 0.000000000025])}, 'fail': False}
[2024/01/07 06:18:40]  Adjoint Runtime: 3.30704 s
[2024/01/07 06:18:40]    19  5.5984399e+00 0.00e+00 5.09e-02  -2.8 1.54e-03    -  1.00e+00 1.00e+00f  1
[2024/01/07 06:18:40]  
[2024/01/07 06:18:40]  
[2024/01/07 06:18:40]  +--------------------------------------------------------------------------+
[2024/01/07 06:18:40]  |                  Evaluating Objective Functions 021                      |
[2024/01/07 06:18:40]  +--------------------------------------------------------------------------+
[2024/01/07 06:18:46]  Design Variables: 
[2024/01/07 06:18:46]  OrderedDict([('alphaPorosity', array([  1.9511152235985016,   1.9184211696707967,   1.8876631315468677,
[2024/01/07 06:18:46]         ..., 325.5856095382714   , 326.17025669366797  ,
[2024/01/07 06:18:46]         326.5897735351266   ]))])
[2024/01/07 06:18:46]  DVGeo PointSet UpToDate: False
[2024/01/07 06:18:46]  Updating DVGeo PointSet....
[2024/01/07 06:18:46]  DVGeo PointSet UpToDate: True
[2024/01/07 06:18:46]  Warping the volume mesh....
[2024/01/07 06:18:46]  Setting up primal boundary conditions based on pyOptions: 
[2024/01/07 06:18:46]  Setting primal boundary conditions...
[2024/01/07 06:18:46]  Setting U = (0.1 0 0) at inlet
[2024/01/07 06:18:46]  Setting primal boundary conditions...
[2024/01/07 06:18:46]  Setting p = 0 at outlet
[2024/01/07 06:18:46]  nuTilda not found, skip it.
[2024/01/07 06:18:46]  Setting nut wall BC for wallBoundary. BCType=nutkWallFunction
[2024/01/07 06:18:46]  Running Primal Solver 021
[2024/01/07 06:18:46]  Previous solution time 89 not found and nothing deleted.
[2024/01/07 06:18:46]  No finite volume options present
[2024/01/07 06:18:46]  
[2024/01/07 06:18:46]  Starting time loop
[2024/01/07 06:18:46]  
[2024/01/07 06:18:46]  Checking mesh quality for time = 0
[2024/01/07 06:18:46]      Overall domain bounding box (7.181318501078189e-16 -1.399990449424424e-15 -5.718082257688551e-15) (0.02999999999999962 0.01500000000001617 0.001000000000005718)
[2024/01/07 06:18:46]      Mesh has 3 geometric (non-empty/wedge) directions 3{1}
[2024/01/07 06:18:46]      Mesh has 3 solution (non-empty) directions 3{1}
[2024/01/07 06:18:46]      Boundary openness (-6.947448714353218e-18 9.793123156124281e-19 -3.04020355740097e-16) OK.
[2024/01/07 06:18:46]      Max cell openness = 3.176373552203076e-16 OK.
[2024/01/07 06:18:46]      Max aspect ratio = 3.333333333492265 OK.
[2024/01/07 06:18:46]      Minimum face area = 1.499999999935995e-07. Maximum face area = 5.000000000129904e-07.  Face area magnitudes OK.
[2024/01/07 06:18:46]      Min volume = 1.499999999944929e-10. Max volume = 1.500000000034984e-10.  Total volume = 4.500000000002841e-07.  Cell volumes OK.
[2024/01/07 06:18:46]      Mesh non-orthogonality Max: 0 average: 0
[2024/01/07 06:18:46]      Non-orthogonality check OK.
[2024/01/07 06:18:46]      Face pyramids OK.
[2024/01/07 06:18:46]      Max skewness = 9.432792296734318e-11 OK.
[2024/01/07 06:18:46]      Coupled point location match (average 0) OK.
[2024/01/07 06:18:46]  
[2024/01/07 06:18:46]  Mesh OK.
[2024/01/07 06:18:46]  
[2024/01/07 06:18:46]  Time = 1
[2024/01/07 06:18:46]  
[2024/01/07 06:18:46]  U Initial residual: (6.994359448581353e-05 0.0001092455216203527 0.001153443499986187)
[2024/01/07 06:18:46]  U   Final residual: (2.741546851899432e-06 4.151695354630865e-06 5.26193931947214e-05)
[2024/01/07 06:18:46]  p Initial residual: 0.001876672130695865
[2024/01/07 06:18:46]  p   Final residual: 9.676427543999805e-05
[2024/01/07 06:18:46]  Time step continuity errors : sum local = 0.0003546483770898304
[2024/01/07 06:18:46]                                   global = -1.188838067801344e-05
[2024/01/07 06:18:46]                               cumulative = 0.001783537360863994
[2024/01/07 06:18:46]  yPlus min: 0 max: 0 mean: 0
[2024/01/07 06:18:46]  PL-part1-totalPressure: 15.23649704348163
[2024/01/07 06:18:46]  PL-part2-totalPressure: -9.614304358815087
[2024/01/07 06:18:46]  VOLUME-part1-variableVolSum: 1.000187781329288e-05
[2024/01/07 06:18:46]  ExecutionTime = 93.90000000000001 s  ClockTime = 130 s
[2024/01/07 06:18:46]  
[2024/01/07 06:18:46]  Time = 91
[2024/01/07 06:18:46]  Minimal residual 9.243305375520622e-07 satisfied the prescribed tolerance 1e-06
[2024/01/07 06:18:46]  
[2024/01/07 06:18:46]  PL-part1-totalPressure: 15.21573287635899
[2024/01/07 06:18:46]  PL-part2-totalPressure: -9.61209690908343
[2024/01/07 06:18:46]  VOLUME-part1-variableVolSum: 1.000187781329288e-05
[2024/01/07 06:18:46]  Printing Primal Residual Statistics.
[2024/01/07 06:18:46]  U Residual Norm2: (0.003217997811471515 0.002231439962446923 1.122765269609124e-13)
[2024/01/07 06:18:46]  U Residual Mean: (2.030329261262593e-05 1.396579948132672e-05 1.477035986710195e-15)
[2024/01/07 06:18:46]  U Residual Max: (0.0005464601651716805 0.0002682106669866791 1.147170719071189e-14)
[2024/01/07 06:18:46]  p Residual Norm2: 0.00101366851290237
[2024/01/07 06:18:46]  p Residual Mean: 2.6631865314215e-06
[2024/01/07 06:18:46]  p Residual Max: 0.0004520670430381178
[2024/01/07 06:18:46]  phi Residual Norm2: 1.961584990690259e-06
[2024/01/07 06:18:46]  phi Residual Mean: 4.319317424249817e-09
[2024/01/07 06:18:46]  phi Residual Max: 2.43794169126664e-07
[2024/01/07 06:18:46]  End
[2024/01/07 06:18:46]  
[2024/01/07 06:18:46]  Objective Functions: 
[2024/01/07 06:18:46]  {'PL': 5.603635967275562, 'VOLUME': 1.0001877813292881e-05, 'fail': False}
[2024/01/07 06:18:46]  Flow Runtime: 2.45009
[2024/01/07 06:18:46]  
[2024/01/07 06:18:46]  
[2024/01/07 06:18:46]  +--------------------------------------------------------------------------+
[2024/01/07 06:18:46]  |              Evaluating Objective Function Sensitivities 021             |
[2024/01/07 06:18:46]  +--------------------------------------------------------------------------+
[2024/01/07 06:18:46]  writeDeformedFFDs is deprecated since v3.0.1!
[2024/01/07 06:18:46]  Moving time 91 to 0.00000021
[2024/01/07 06:18:46]  Running adjoint Solver 021
[2024/01/07 06:18:46]  dRdWT Jacobian Free created!
[2024/01/07 06:18:46]  Computing dRdWTPC 131 s
[2024/01/07 06:18:46]  Initializing dRdWCon. 131 s
[2024/01/07 06:18:46]  dRdWCon Created. 132 s
[2024/01/07 06:18:46]  Reading Coloring dRdWColoring_6
[2024/01/07 06:18:46]  Validating Coloring...
[2024/01/07 06:18:46]  No Conflicting Colors Found!
[2024/01/07 06:18:46]  Partial derivative matrix created. 132 s
[2024/01/07 06:18:46]  dRdWTPC: 0 of 348, ExecutionTime: 132 s
[2024/01/07 06:18:46]  dRdWTPC: 100 of 348, ExecutionTime: 132 s
[2024/01/07 06:18:46]  dRdWTPC: 200 of 348, ExecutionTime: 133 s
[2024/01/07 06:18:46]  dRdWTPC: 300 of 348, ExecutionTime: 134 s
[2024/01/07 06:18:46]  dRdWTPC: 347 of 348, ExecutionTime: 134 s
[2024/01/07 06:18:46]  Solver Type: gmres
[2024/01/07 06:18:46]  GMRES Restart: 2000
[2024/01/07 06:18:46]  ASM Overlap: 1
[2024/01/07 06:18:51]  Global PC Iters: 0
[2024/01/07 06:18:51]  Local PC Iters: 1
[2024/01/07 06:18:51]  Mat ReOrdering: rcm
[2024/01/07 06:18:51]  ILU PC Fill Level: 1
[2024/01/07 06:18:51]  GMRES Max Iterations: 2000
[2024/01/07 06:18:51]  GMRES Relative Tolerance: 1e-06
[2024/01/07 06:18:51]  GMRES Absolute Tolerance: 1e-14
[2024/01/07 06:18:51]  Calculating dFdW using reverse-mode AD
[2024/01/07 06:18:51]      Adding all faces of patches 1(inlet) ...
[2024/01/07 06:18:51]      Found matching patch inlet with 0 faces.
[2024/01/07 06:18:51]      Adding all faces of patches 1(outlet) ...
[2024/01/07 06:18:51]      Found matching patch outlet with 0 faces.
[2024/01/07 06:18:51]  Solving Linear Equation... 133 s
[2024/01/07 06:18:51]  Main iteration 0 KSP Residual norm 1.969307517115e+00 134 s
[2024/01/07 06:18:51]  Main iteration 44 KSP Residual norm 1.208431579142e-06 134 s 
[2024/01/07 06:18:51]  Total iterations 44
[2024/01/07 06:18:51]  Solving Linear Equation... Completed! 134 s
[2024/01/07 06:18:51]  Residual tolerance satisfied, solution finished!
[2024/01/07 06:18:51]  Calculating dFdW using reverse-mode AD
[2024/01/07 06:18:51]      Adding cells with centre within boxes 1((-50 -50 -50) (50 50 50))
[2024/01/07 06:18:51]  Solving Linear Equation... 135 s
[2024/01/07 06:18:51]  Main iteration 0 KSP Residual norm 0.000000000000e+00 135 s
[2024/01/07 06:18:51]  Main iteration 0 KSP Residual norm 0.000000000000e+00 135 s 
[2024/01/07 06:18:51]  Total iterations 0
[2024/01/07 06:18:51]  Solving Linear Equation... Completed! 135 s
[2024/01/07 06:18:51]  Residual tolerance satisfied, solution finished!
[2024/01/07 06:18:51]  Computing total derivatives....
[2024/01/07 06:18:51]  Computing total derivatives for alphaPorosity
[2024/01/07 06:18:51]  Calculating dFdField using reverse-mode AD for alphaPorosity
[2024/01/07 06:18:51]      Adding all faces of patches 1(inlet) ...
[2024/01/07 06:18:51]      Found matching patch inlet with 0 faces.
[2024/01/07 06:18:51]      Adding all faces of patches 1(outlet) ...
[2024/01/07 06:18:51]      Found matching patch outlet with 0 faces.
[2024/01/07 06:18:51]  Calculating [dRdField]^T * Psi using reverse-mode AD
[2024/01/07 06:18:51]  Calculating dFdField using reverse-mode AD for alphaPorosity
[2024/01/07 06:18:51]      Adding cells with centre within boxes 1((-50 -50 -50) (50 50 50))
[2024/01/07 06:18:51]  Calculating [dRdField]^T * Psi using reverse-mode AD
[2024/01/07 06:18:51]  Objective Function Sensitivity: 
[2024/01/07 06:18:51]  {'PL': {'alphaPorosity': array([ 0.0009066707313677,  0.00092225012942  ,  0.0009373986114788, ...,
[2024/01/07 06:18:51]         -0.000000186788878 , -0.0000001967265501, -0.0000002038635499])}, 'VOLUME': {'alphaPorosity': array([0.000000000025, 0.000000000025, 0.000000000025, ...,
[2024/01/07 06:18:51]         0.000000000025, 0.000000000025, 0.000000000025])}, 'fail': False}
[2024/01/07 06:18:51]  Adjoint Runtime: 6.0184 s
[2024/01/07 06:18:51]  iter    objective    inf_pr   inf_du lg(mu)  ||d||  lg(rg) alpha_du alpha_pr  ls
[2024/01/07 06:18:51]    20  5.6036360e+00 0.00e+00 5.93e-02  -2.8 1.23e-03    -  1.00e+00 1.00e+00f  1
[2024/01/07 06:18:51]  
[2024/01/07 06:18:51]  
[2024/01/07 06:18:51]  +--------------------------------------------------------------------------+
[2024/01/07 06:18:51]  |                  Evaluating Objective Functions 022                      |
[2024/01/07 06:18:51]  +--------------------------------------------------------------------------+
[2024/01/07 06:18:51]  Design Variables: 
[2024/01/07 06:18:51]  OrderedDict([('alphaPorosity', array([  1.945260986937507 ,   1.9125979221275364,   1.8818731632061418,
[2024/01/07 06:18:51]         ..., 325.0605347711793   , 325.6498340579773   ,
[2024/01/07 06:18:51]         326.0737457717809   ]))])
[2024/01/07 06:18:51]  DVGeo PointSet UpToDate: False
[2024/01/07 06:18:51]  Updating DVGeo PointSet....
[2024/01/07 06:18:51]  DVGeo PointSet UpToDate: True
[2024/01/07 06:18:51]  Warping the volume mesh....
[2024/01/07 06:18:51]  Setting up primal boundary conditions based on pyOptions: 
[2024/01/07 06:18:51]  Setting primal boundary conditions...
[2024/01/07 06:18:51]  Setting U = (0.1 0 0) at inlet
[2024/01/07 06:18:51]  Setting primal boundary conditions...
[2024/01/07 06:18:51]  Setting p = 0 at outlet
[2024/01/07 06:18:51]  nuTilda not found, skip it.
[2024/01/07 06:18:51]  Setting nut wall BC for wallBoundary. BCType=nutkWallFunction
[2024/01/07 06:18:51]  Running Primal Solver 022
[2024/01/07 06:18:51]  Previous solution time 91 not found and nothing deleted.
[2024/01/07 06:18:51]  No finite volume options present
[2024/01/07 06:18:51]  
[2024/01/07 06:18:51]  Starting time loop
[2024/01/07 06:18:51]  
[2024/01/07 06:18:51]  Checking mesh quality for time = 0
[2024/01/07 06:18:51]      Overall domain bounding box (7.181318501078189e-16 -1.399990449424424e-15 -5.718082257688551e-15) (0.02999999999999962 0.01500000000001617 0.001000000000005718)
[2024/01/07 06:18:51]      Mesh has 3 geometric (non-empty/wedge) directions 3{1}
[2024/01/07 06:18:51]      Mesh has 3 solution (non-empty) directions 3{1}
[2024/01/07 06:18:51]      Boundary openness (-6.947448714353218e-18 9.793123156124281e-19 -3.04020355740097e-16) OK.
[2024/01/07 06:18:51]      Max cell openness = 3.176373552203076e-16 OK.
[2024/01/07 06:18:51]      Max aspect ratio = 3.333333333492265 OK.
[2024/01/07 06:18:51]      Minimum face area = 1.499999999935995e-07. Maximum face area = 5.000000000129904e-07.  Face area magnitudes OK.
[2024/01/07 06:18:51]      Min volume = 1.499999999944929e-10. Max volume = 1.500000000034984e-10.  Total volume = 4.500000000002841e-07.  Cell volumes OK.
[2024/01/07 06:18:51]      Mesh non-orthogonality Max: 0 average: 0
[2024/01/07 06:18:51]      Non-orthogonality check OK.
[2024/01/07 06:18:51]      Face pyramids OK.
[2024/01/07 06:18:51]      Max skewness = 9.432792296734318e-11 OK.
[2024/01/07 06:18:51]      Coupled point location match (average 0) OK.
[2024/01/07 06:18:51]  
[2024/01/07 06:18:51]  Mesh OK.
[2024/01/07 06:18:51]  
[2024/01/07 06:18:51]  Time = 1
[2024/01/07 06:18:51]  
[2024/01/07 06:18:55]  U Initial residual: (5.584120874378146e-05 8.795028148700784e-05 0.001118997676480945)
[2024/01/07 06:18:55]  U   Final residual: (2.329237861853529e-06 3.815833806143091e-06 4.44119521017774e-05)
[2024/01/07 06:18:55]  p Initial residual: 0.001483303513078959
[2024/01/07 06:18:55]  p   Final residual: 7.847068934263145e-05
[2024/01/07 06:18:55]  Time step continuity errors : sum local = 0.0002876460694314361
[2024/01/07 06:18:55]                                   global = -9.172620523182845e-06
[2024/01/07 06:18:55]                               cumulative = 0.001774364740340811
[2024/01/07 06:18:55]  yPlus min: 0 max: 0 mean: 0
[2024/01/07 06:18:55]  PL-part1-totalPressure: 15.23569641745845
[2024/01/07 06:18:55]  PL-part2-totalPressure: -9.612097899927498
[2024/01/07 06:18:55]  VOLUME-part1-variableVolSum: 1.000189283646899e-05
[2024/01/07 06:18:55]  ExecutionTime = 100.47 s  ClockTime = 139 s
[2024/01/07 06:18:55]  
[2024/01/07 06:18:55]  Time = 89
[2024/01/07 06:18:55]  Minimal residual 9.63974571219156e-07 satisfied the prescribed tolerance 1e-06
[2024/01/07 06:18:55]  
[2024/01/07 06:18:55]  PL-part1-totalPressure: 15.21853038064274
[2024/01/07 06:18:55]  PL-part2-totalPressure: -9.610310246642696
[2024/01/07 06:18:55]  VOLUME-part1-variableVolSum: 1.000189283646899e-05
[2024/01/07 06:18:55]  Printing Primal Residual Statistics.
[2024/01/07 06:18:55]  U Residual Norm2: (0.00398225559070269 0.00217006325671019 1.146197868474235e-13)
[2024/01/07 06:18:55]  U Residual Mean: (2.420399530158908e-05 1.413070847140785e-05 1.493431175935794e-15)
[2024/01/07 06:18:55]  U Residual Max: (0.0005833653805851213 0.0002465813523857552 1.076747402547589e-14)
[2024/01/07 06:18:55]  p Residual Norm2: 0.001098503618046604
[2024/01/07 06:18:55]  p Residual Mean: 2.82847780388031e-06
[2024/01/07 06:18:55]  p Residual Max: 0.0005016714740678641
[2024/01/07 06:18:55]  phi Residual Norm2: 2.308378956874355e-06
[2024/01/07 06:18:55]  phi Residual Mean: 4.86113274091145e-09
[2024/01/07 06:18:55]  phi Residual Max: 2.524567504607881e-07
[2024/01/07 06:18:55]  End
[2024/01/07 06:18:55]  
[2024/01/07 06:18:55]  Objective Functions: 
[2024/01/07 06:18:55]  {'PL': 5.608220134000048, 'VOLUME': 1.000189283646899e-05, 'fail': False}
[2024/01/07 06:18:55]  Flow Runtime: 2.44004
[2024/01/07 06:18:55]  
[2024/01/07 06:18:55]  
[2024/01/07 06:18:55]  +--------------------------------------------------------------------------+
[2024/01/07 06:18:55]  |              Evaluating Objective Function Sensitivities 022             |
[2024/01/07 06:18:55]  +--------------------------------------------------------------------------+
[2024/01/07 06:18:55]  writeDeformedFFDs is deprecated since v3.0.1!
[2024/01/07 06:18:55]  Moving time 89 to 0.00000022
[2024/01/07 06:18:55]  Running adjoint Solver 022
[2024/01/07 06:18:55]  dRdWT Jacobian Free created!
[2024/01/07 06:18:55]  Solver Type: gmres
[2024/01/07 06:18:55]  GMRES Restart: 2000
[2024/01/07 06:18:55]  ASM Overlap: 1
[2024/01/07 06:18:55]  Global PC Iters: 0
[2024/01/07 06:18:55]  Local PC Iters: 1
[2024/01/07 06:18:55]  Mat ReOrdering: rcm
[2024/01/07 06:18:55]  ILU PC Fill Level: 1
[2024/01/07 06:18:55]  GMRES Max Iterations: 2000
[2024/01/07 06:18:55]  GMRES Relative Tolerance: 1e-06
[2024/01/07 06:18:55]  GMRES Absolute Tolerance: 1e-14
[2024/01/07 06:18:55]  Calculating dFdW using reverse-mode AD
[2024/01/07 06:18:55]      Adding all faces of patches 1(inlet) ...
[2024/01/07 06:18:55]      Found matching patch inlet with 0 faces.
[2024/01/07 06:18:55]      Adding all faces of patches 1(outlet) ...
[2024/01/07 06:18:55]      Found matching patch outlet with 0 faces.
[2024/01/07 06:18:55]  Solving Linear Equation... 140 s
[2024/01/07 06:18:55]  Main iteration 0 KSP Residual norm 1.969126057923e+00 140 s
[2024/01/07 06:18:55]  Main iteration 44 KSP Residual norm 1.223383900107e-06 141 s 
[2024/01/07 06:18:55]  Total iterations 44
[2024/01/07 06:18:55]  Solving Linear Equation... Completed! 141 s
[2024/01/07 06:18:55]  Residual tolerance satisfied, solution finished!
[2024/01/07 06:18:55]  Calculating dFdW using reverse-mode AD
[2024/01/07 06:18:55]      Adding cells with centre within boxes 1((-50 -50 -50) (50 50 50))
[2024/01/07 06:18:55]  Solving Linear Equation... 141 s
[2024/01/07 06:18:55]  Main iteration 0 KSP Residual norm 0.000000000000e+00 141 s
[2024/01/07 06:18:55]  Main iteration 0 KSP Residual norm 0.000000000000e+00 141 s 
[2024/01/07 06:18:55]  Total iterations 0
[2024/01/07 06:18:55]  Solving Linear Equation... Completed! 141 s
[2024/01/07 06:18:55]  Residual tolerance satisfied, solution finished!
[2024/01/07 06:18:55]  Computing total derivatives....
[2024/01/07 06:18:55]  Computing total derivatives for alphaPorosity
[2024/01/07 06:18:55]  Calculating dFdField using reverse-mode AD for alphaPorosity
[2024/01/07 06:18:55]      Adding all faces of patches 1(inlet) ...
[2024/01/07 06:18:55]      Found matching patch inlet with 0 faces.
[2024/01/07 06:18:55]      Adding all faces of patches 1(outlet) ...
[2024/01/07 06:18:55]      Found matching patch outlet with 0 faces.
[2024/01/07 06:18:55]  Calculating [dRdField]^T * Psi using reverse-mode AD
[2024/01/07 06:18:55]  Calculating dFdField using reverse-mode AD for alphaPorosity
[2024/01/07 06:18:55]      Adding cells with centre within boxes 1((-50 -50 -50) (50 50 50))
[2024/01/07 06:18:55]  Calculating [dRdField]^T * Psi using reverse-mode AD
[2024/01/07 06:18:55]  Objective Function Sensitivity: 
[2024/01/07 06:18:55]  {'PL': {'alphaPorosity': array([ 0.0009091240276435,  0.0009247633569241,  0.0009399688429616, ...,
[2024/01/07 06:18:55]         -0.0000001887447184, -0.0000001988264332, -0.0000002060905884])}, 'VOLUME': {'alphaPorosity': array([0.000000000025, 0.000000000025, 0.000000000025, ...,
[2024/01/07 06:18:55]         0.000000000025, 0.000000000025, 0.000000000025])}, 'fail': False}
[2024/01/07 06:18:55]  Adjoint Runtime: 3.67 s
[2024/01/07 06:18:55]    21  5.6082201e+00 0.00e+00 5.99e-02  -2.8 1.27e-03    -  1.00e+00 1.00e+00f  1
[2024/01/07 06:18:55]  
[2024/01/07 06:18:55]  
[2024/01/07 06:18:55]  +--------------------------------------------------------------------------+
[2024/01/07 06:18:59]  |                  Evaluating Objective Functions 023                      |
[2024/01/07 06:18:59]  +--------------------------------------------------------------------------+
[2024/01/07 06:18:59]  Design Variables: 
[2024/01/07 06:18:59]  OrderedDict([('alphaPorosity', array([  1.9400297515150509,   1.9074180362650328,   1.8767452425147406,
[2024/01/07 06:18:59]         ..., 324.63119867602285  , 325.22663379118103  ,
[2024/01/07 06:18:59]         325.6562515050314   ]))])
[2024/01/07 06:18:59]  DVGeo PointSet UpToDate: False
[2024/01/07 06:18:59]  Updating DVGeo PointSet....
[2024/01/07 06:18:59]  DVGeo PointSet UpToDate: True
[2024/01/07 06:18:59]  Warping the volume mesh....
[2024/01/07 06:18:59]  Setting up primal boundary conditions based on pyOptions: 
[2024/01/07 06:18:59]  Setting primal boundary conditions...
[2024/01/07 06:18:59]  Setting U = (0.1 0 0) at inlet
[2024/01/07 06:18:59]  Setting primal boundary conditions...
[2024/01/07 06:18:59]  Setting p = 0 at outlet
[2024/01/07 06:18:59]  nuTilda not found, skip it.
[2024/01/07 06:18:59]  Setting nut wall BC for wallBoundary. BCType=nutkWallFunction
[2024/01/07 06:18:59]  Running Primal Solver 023
[2024/01/07 06:18:59]  Previous solution time 89 not found and nothing deleted.
[2024/01/07 06:18:59]  No finite volume options present
[2024/01/07 06:18:59]  
[2024/01/07 06:18:59]  Starting time loop
[2024/01/07 06:18:59]  
[2024/01/07 06:18:59]  Checking mesh quality for time = 0
[2024/01/07 06:18:59]      Overall domain bounding box (7.181318501078189e-16 -1.399990449424424e-15 -5.718082257688551e-15) (0.02999999999999962 0.01500000000001617 0.001000000000005718)
[2024/01/07 06:18:59]      Mesh has 3 geometric (non-empty/wedge) directions 3{1}
[2024/01/07 06:18:59]      Mesh has 3 solution (non-empty) directions 3{1}
[2024/01/07 06:18:59]      Boundary openness (-6.947448714353218e-18 9.793123156124281e-19 -3.04020355740097e-16) OK.
[2024/01/07 06:18:59]      Max cell openness = 3.176373552203076e-16 OK.
[2024/01/07 06:18:59]      Max aspect ratio = 3.333333333492265 OK.
[2024/01/07 06:18:59]      Minimum face area = 1.499999999935995e-07. Maximum face area = 5.000000000129904e-07.  Face area magnitudes OK.
[2024/01/07 06:18:59]      Min volume = 1.499999999944929e-10. Max volume = 1.500000000034984e-10.  Total volume = 4.500000000002841e-07.  Cell volumes OK.
[2024/01/07 06:18:59]      Mesh non-orthogonality Max: 0 average: 0
[2024/01/07 06:18:59]      Non-orthogonality check OK.
[2024/01/07 06:18:59]      Face pyramids OK.
[2024/01/07 06:18:59]      Max skewness = 9.432792296734318e-11 OK.
[2024/01/07 06:18:59]      Coupled point location match (average 0) OK.
[2024/01/07 06:18:59]  
[2024/01/07 06:18:59]  Mesh OK.
[2024/01/07 06:18:59]  
[2024/01/07 06:18:59]  Time = 1
[2024/01/07 06:18:59]  
[2024/01/07 06:18:59]  U Initial residual: (4.861591388916861e-05 8.02656894975019e-05 0.001135444976390297)
[2024/01/07 06:18:59]  U   Final residual: (2.094898801962407e-06 3.557268748399349e-06 4.722963093845795e-05)
[2024/01/07 06:18:59]  p Initial residual: 0.001196314438782092
[2024/01/07 06:18:59]  p   Final residual: 6.650711985487767e-05
[2024/01/07 06:18:59]  Time step continuity errors : sum local = 0.000243783792103213
[2024/01/07 06:18:59]                                   global = -8.009332528149629e-06
[2024/01/07 06:18:59]                               cumulative = 0.001766355407812662
[2024/01/07 06:18:59]  yPlus min: 0 max: 0 mean: 0
[2024/01/07 06:18:59]  PL-part1-totalPressure: 15.23617695219852
[2024/01/07 06:18:59]  PL-part2-totalPressure: -9.610310354667904
[2024/01/07 06:18:59]  VOLUME-part1-variableVolSum: 1.000190500318308e-05
[2024/01/07 06:18:59]  ExecutionTime = 106.09 s  ClockTime = 145 s
[2024/01/07 06:18:59]  
[2024/01/07 06:18:59]  Time = 92
[2024/01/07 06:18:59]  Minimal residual 9.74060221129795e-07 satisfied the prescribed tolerance 1e-06
[2024/01/07 06:18:59]  
[2024/01/07 06:18:59]  PL-part1-totalPressure: 15.22132947997093
[2024/01/07 06:18:59]  PL-part2-totalPressure: -9.608847779712312
[2024/01/07 06:18:59]  VOLUME-part1-variableVolSum: 1.000190500318308e-05
[2024/01/07 06:18:59]  Printing Primal Residual Statistics.
[2024/01/07 06:18:59]  U Residual Norm2: (0.003917546345953095 0.00202930354656575 1.170611324734082e-13)
[2024/01/07 06:18:59]  U Residual Mean: (2.209878191789075e-05 1.253096120189816e-05 1.51881123521452e-15)
[2024/01/07 06:18:59]  U Residual Max: (0.0005960068426684728 0.0002335233619891186 1.028428260231061e-14)
[2024/01/07 06:18:59]  p Residual Norm2: 0.00116528567069739
[2024/01/07 06:18:59]  p Residual Mean: 2.822738332930267e-06
[2024/01/07 06:18:59]  p Residual Max: 0.0005389616380254847
[2024/01/07 06:18:59]  phi Residual Norm2: 2.253842807240342e-06
[2024/01/07 06:18:59]  phi Residual Mean: 4.368577285829216e-09
[2024/01/07 06:18:59]  phi Residual Max: 2.61776366570562e-07
[2024/01/07 06:18:59]  End
[2024/01/07 06:18:59]  
[2024/01/07 06:18:59]  Objective Functions: 
[2024/01/07 06:18:59]  {'PL': 5.612481700258618, 'VOLUME': 1.0001905003183077e-05, 'fail': False}
[2024/01/07 06:18:59]  Flow Runtime: 2.48031
[2024/01/07 06:18:59]  
[2024/01/07 06:18:59]  
[2024/01/07 06:18:59]  +--------------------------------------------------------------------------+
[2024/01/07 06:18:59]  |              Evaluating Objective Function Sensitivities 023             |
[2024/01/07 06:18:59]  +--------------------------------------------------------------------------+
[2024/01/07 06:18:59]  writeDeformedFFDs is deprecated since v3.0.1!
[2024/01/07 06:18:59]  Moving time 92 to 0.00000023
[2024/01/07 06:18:59]  Running adjoint Solver 023
[2024/01/07 06:18:59]  dRdWT Jacobian Free created!
[2024/01/07 06:18:59]  Solver Type: gmres
[2024/01/07 06:18:59]  GMRES Restart: 2000
[2024/01/07 06:18:59]  ASM Overlap: 1
[2024/01/07 06:18:59]  Global PC Iters: 0
[2024/01/07 06:18:59]  Local PC Iters: 1
[2024/01/07 06:18:59]  Mat ReOrdering: rcm
[2024/01/07 06:18:59]  ILU PC Fill Level: 1
[2024/01/07 06:18:59]  GMRES Max Iterations: 2000
[2024/01/07 06:18:59]  GMRES Relative Tolerance: 1e-06
[2024/01/07 06:18:59]  GMRES Absolute Tolerance: 1e-14
[2024/01/07 06:18:59]  Calculating dFdW using reverse-mode AD
[2024/01/07 06:18:59]      Adding all faces of patches 1(inlet) ...
[2024/01/07 06:19:03]      Found matching patch inlet with 0 faces.
[2024/01/07 06:19:03]      Adding all faces of patches 1(outlet) ...
[2024/01/07 06:19:03]      Found matching patch outlet with 0 faces.
[2024/01/07 06:19:03]  Solving Linear Equation... 146 s
[2024/01/07 06:19:03]  Main iteration 0 KSP Residual norm 1.968977512624e+00 146 s
[2024/01/07 06:19:03]  Main iteration 44 KSP Residual norm 1.222310427346e-06 147 s 
[2024/01/07 06:19:03]  Total iterations 44
[2024/01/07 06:19:03]  Solving Linear Equation... Completed! 147 s
[2024/01/07 06:19:03]  Residual tolerance satisfied, solution finished!
[2024/01/07 06:19:03]  Calculating dFdW using reverse-mode AD
[2024/01/07 06:19:03]      Adding cells with centre within boxes 1((-50 -50 -50) (50 50 50))
[2024/01/07 06:19:03]  Solving Linear Equation... 147 s
[2024/01/07 06:19:03]  Main iteration 0 KSP Residual norm 0.000000000000e+00 147 s
[2024/01/07 06:19:03]  Main iteration 0 KSP Residual norm 0.000000000000e+00 147 s 
[2024/01/07 06:19:03]  Total iterations 0
[2024/01/07 06:19:03]  Solving Linear Equation... Completed! 147 s
[2024/01/07 06:19:03]  Residual tolerance satisfied, solution finished!
[2024/01/07 06:19:03]  Computing total derivatives....
[2024/01/07 06:19:03]  Computing total derivatives for alphaPorosity
[2024/01/07 06:19:03]  Calculating dFdField using reverse-mode AD for alphaPorosity
[2024/01/07 06:19:03]      Adding all faces of patches 1(inlet) ...
[2024/01/07 06:19:03]      Found matching patch inlet with 0 faces.
[2024/01/07 06:19:03]      Adding all faces of patches 1(outlet) ...
[2024/01/07 06:19:03]      Found matching patch outlet with 0 faces.
[2024/01/07 06:19:03]  Calculating [dRdField]^T * Psi using reverse-mode AD
[2024/01/07 06:19:03]  Calculating dFdField using reverse-mode AD for alphaPorosity
[2024/01/07 06:19:03]      Adding cells with centre within boxes 1((-50 -50 -50) (50 50 50))
[2024/01/07 06:19:03]  Calculating [dRdField]^T * Psi using reverse-mode AD
[2024/01/07 06:19:03]  Objective Function Sensitivity: 
[2024/01/07 06:19:03]  {'PL': {'alphaPorosity': array([ 0.0009114581437208,  0.0009271439889392,  0.0009423924087262, ...,
[2024/01/07 06:19:03]         -0.0000001912474088, -0.000000201367853 , -0.0000002086534623])}, 'VOLUME': {'alphaPorosity': array([0.000000000025, 0.000000000025, 0.000000000025, ...,
[2024/01/07 06:19:03]         0.000000000025, 0.000000000025, 0.000000000025])}, 'fail': False}
[2024/01/07 06:19:03]  Adjoint Runtime: 3.70533 s
[2024/01/07 06:19:03]    22  5.6124817e+00 0.00e+00 5.83e-02  -2.8 8.18e-04    -  1.00e+00 1.00e+00f  1
[2024/01/07 06:19:03]  
[2024/01/07 06:19:03]  
[2024/01/07 06:19:03]  +--------------------------------------------------------------------------+
[2024/01/07 06:19:03]  |                  Evaluating Objective Functions 024                      |
[2024/01/07 06:19:03]  +--------------------------------------------------------------------------+
[2024/01/07 06:19:03]  Design Variables: 
[2024/01/07 06:19:03]  OrderedDict([('alphaPorosity', array([  1.9350779543941496,   1.902536373717789 ,   1.8719344896982761,
[2024/01/07 06:19:03]         ..., 324.292786354707    , 324.89116633534985  ,
[2024/01/07 06:19:03]         325.32315341910925  ]))])
[2024/01/07 06:19:03]  DVGeo PointSet UpToDate: False
[2024/01/07 06:19:03]  Updating DVGeo PointSet....
[2024/01/07 06:19:03]  DVGeo PointSet UpToDate: True
[2024/01/07 06:19:03]  Warping the volume mesh....
[2024/01/07 06:19:03]  Setting up primal boundary conditions based on pyOptions: 
[2024/01/07 06:19:03]  Setting primal boundary conditions...
[2024/01/07 06:19:03]  Setting U = (0.1 0 0) at inlet
[2024/01/07 06:19:03]  Setting primal boundary conditions...
[2024/01/07 06:19:03]  Setting p = 0 at outlet
[2024/01/07 06:19:03]  nuTilda not found, skip it.
[2024/01/07 06:19:03]  Setting nut wall BC for wallBoundary. BCType=nutkWallFunction
[2024/01/07 06:19:03]  Running Primal Solver 024
[2024/01/07 06:19:03]  Previous solution time 92 not found and nothing deleted.
[2024/01/07 06:19:03]  No finite volume options present
[2024/01/07 06:19:03]  
[2024/01/07 06:19:03]  Starting time loop
[2024/01/07 06:19:03]  
[2024/01/07 06:19:03]  Checking mesh quality for time = 0
[2024/01/07 06:19:03]      Overall domain bounding box (7.181318501078189e-16 -1.399990449424424e-15 -5.718082257688551e-15) (0.02999999999999962 0.01500000000001617 0.001000000000005718)
[2024/01/07 06:19:03]      Mesh has 3 geometric (non-empty/wedge) directions 3{1}
[2024/01/07 06:19:03]      Mesh has 3 solution (non-empty) directions 3{1}
[2024/01/07 06:19:03]      Boundary openness (-6.947448714353218e-18 9.793123156124281e-19 -3.04020355740097e-16) OK.
[2024/01/07 06:19:03]      Max cell openness = 3.176373552203076e-16 OK.
[2024/01/07 06:19:03]      Max aspect ratio = 3.333333333492265 OK.
[2024/01/07 06:19:03]      Minimum face area = 1.499999999935995e-07. Maximum face area = 5.000000000129904e-07.  Face area magnitudes OK.
[2024/01/07 06:19:03]      Min volume = 1.499999999944929e-10. Max volume = 1.500000000034984e-10.  Total volume = 4.500000000002841e-07.  Cell volumes OK.
[2024/01/07 06:19:03]      Mesh non-orthogonality Max: 0 average: 0
[2024/01/07 06:19:03]      Non-orthogonality check OK.
[2024/01/07 06:19:03]      Face pyramids OK.
[2024/01/07 06:19:03]      Max skewness = 9.432792296734318e-11 OK.
[2024/01/07 06:19:03]      Coupled point location match (average 0) OK.
[2024/01/07 06:19:03]  
[2024/01/07 06:19:03]  Mesh OK.
[2024/01/07 06:19:03]  
[2024/01/07 06:19:03]  Time = 1
[2024/01/07 06:19:03]  
[2024/01/07 06:19:03]  U Initial residual: (4.212315864698546e-05 7.080620929327307e-05 0.001143669893827969)
[2024/01/07 06:19:03]  U   Final residual: (1.85429687295844e-06 3.293356792479045e-06 4.618457985143923e-05)
[2024/01/07 06:19:03]  p Initial residual: 0.001094043319832998
[2024/01/07 06:19:03]  p   Final residual: 5.996372517192404e-05
[2024/01/07 06:19:03]  Time step continuity errors : sum local = 0.0002197342625233994
[2024/01/07 06:19:08]                                   global = -6.565238964487648e-06
[2024/01/07 06:19:08]                               cumulative = 0.001759790168848174
[2024/01/07 06:19:08]  yPlus min: 0 max: 0 mean: 0
[2024/01/07 06:19:08]  PL-part1-totalPressure: 15.23664803270894
[2024/01/07 06:19:08]  PL-part2-totalPressure: -9.608848415267207
[2024/01/07 06:19:08]  VOLUME-part1-variableVolSum: 1.00019157788585e-05
[2024/01/07 06:19:08]  ExecutionTime = 111.09 s  ClockTime = 151 s
[2024/01/07 06:19:08]  
[2024/01/07 06:19:08]  Time = 90
[2024/01/07 06:19:08]  Minimal residual 9.682324925206231e-07 satisfied the prescribed tolerance 1e-06
[2024/01/07 06:19:08]  
[2024/01/07 06:19:08]  PL-part1-totalPressure: 15.2237760505817
[2024/01/07 06:19:08]  PL-part2-totalPressure: -9.60763897783576
[2024/01/07 06:19:08]  VOLUME-part1-variableVolSum: 1.00019157788585e-05
[2024/01/07 06:19:08]  Printing Primal Residual Statistics.
[2024/01/07 06:19:08]  U Residual Norm2: (0.004360094033825895 0.002082856993580942 1.162146130065594e-13)
[2024/01/07 06:19:08]  U Residual Mean: (2.547671043480299e-05 1.329486010658333e-05 1.500134980482135e-15)
[2024/01/07 06:19:08]  U Residual Max: (0.0005846397342263998 0.0002734055748979669 1.137896800629869e-14)
[2024/01/07 06:19:08]  p Residual Norm2: 0.001176191453620335
[2024/01/07 06:19:08]  p Residual Mean: 2.879074525301085e-06
[2024/01/07 06:19:08]  p Residual Max: 0.0005882850590016224
[2024/01/07 06:19:08]  phi Residual Norm2: 2.500151735225586e-06
[2024/01/07 06:19:08]  phi Residual Mean: 4.932274034841411e-09
[2024/01/07 06:19:08]  phi Residual Max: 2.728815334798039e-07
[2024/01/07 06:19:08]  End
[2024/01/07 06:19:08]  
[2024/01/07 06:19:08]  Objective Functions: 
[2024/01/07 06:19:08]  {'PL': 5.616137072745943, 'VOLUME': 1.0001915778858504e-05, 'fail': False}
[2024/01/07 06:19:08]  Flow Runtime: 2.58535
[2024/01/07 06:19:08]  
[2024/01/07 06:19:08]  
[2024/01/07 06:19:08]  +--------------------------------------------------------------------------+
[2024/01/07 06:19:08]  |              Evaluating Objective Function Sensitivities 024             |
[2024/01/07 06:19:08]  +--------------------------------------------------------------------------+
[2024/01/07 06:19:08]  writeDeformedFFDs is deprecated since v3.0.1!
[2024/01/07 06:19:08]  Moving time 90 to 0.00000024
[2024/01/07 06:19:08]  Running adjoint Solver 024
[2024/01/07 06:19:08]  dRdWT Jacobian Free created!
[2024/01/07 06:19:08]  Solver Type: gmres
[2024/01/07 06:19:08]  GMRES Restart: 2000
[2024/01/07 06:19:08]  ASM Overlap: 1
[2024/01/07 06:19:08]  Global PC Iters: 0
[2024/01/07 06:19:08]  Local PC Iters: 1
[2024/01/07 06:19:08]  Mat ReOrdering: rcm
[2024/01/07 06:19:08]  ILU PC Fill Level: 1
[2024/01/07 06:19:08]  GMRES Max Iterations: 2000
[2024/01/07 06:19:08]  GMRES Relative Tolerance: 1e-06
[2024/01/07 06:19:08]  GMRES Absolute Tolerance: 1e-14
[2024/01/07 06:19:08]  Calculating dFdW using reverse-mode AD
[2024/01/07 06:19:08]      Adding all faces of patches 1(inlet) ...
[2024/01/07 06:19:08]      Found matching patch inlet with 0 faces.
[2024/01/07 06:19:08]      Adding all faces of patches 1(outlet) ...
[2024/01/07 06:19:08]      Found matching patch outlet with 0 faces.
[2024/01/07 06:19:08]  Solving Linear Equation... 152 s
[2024/01/07 06:19:08]  Main iteration 0 KSP Residual norm 1.968854724064e+00 152 s
[2024/01/07 06:19:08]  Main iteration 44 KSP Residual norm 1.230622293044e-06 153 s 
[2024/01/07 06:19:08]  Total iterations 44
[2024/01/07 06:19:08]  Solving Linear Equation... Completed! 153 s
[2024/01/07 06:19:08]  Residual tolerance satisfied, solution finished!
[2024/01/07 06:19:08]  Calculating dFdW using reverse-mode AD
[2024/01/07 06:19:08]      Adding cells with centre within boxes 1((-50 -50 -50) (50 50 50))
[2024/01/07 06:19:08]  Solving Linear Equation... 153 s
[2024/01/07 06:19:08]  Main iteration 0 KSP Residual norm 0.000000000000e+00 153 s
[2024/01/07 06:19:08]  Main iteration 0 KSP Residual norm 0.000000000000e+00 153 s 
[2024/01/07 06:19:08]  Total iterations 0
[2024/01/07 06:19:08]  Solving Linear Equation... Completed! 153 s
[2024/01/07 06:19:08]  Residual tolerance satisfied, solution finished!
[2024/01/07 06:19:08]  Computing total derivatives....
[2024/01/07 06:19:08]  Computing total derivatives for alphaPorosity
[2024/01/07 06:19:08]  Calculating dFdField using reverse-mode AD for alphaPorosity
[2024/01/07 06:19:08]      Adding all faces of patches 1(inlet) ...
[2024/01/07 06:19:08]      Found matching patch inlet with 0 faces.
[2024/01/07 06:19:08]      Adding all faces of patches 1(outlet) ...
[2024/01/07 06:19:08]      Found matching patch outlet with 0 faces.
[2024/01/07 06:19:08]  Calculating [dRdField]^T * Psi using reverse-mode AD
[2024/01/07 06:19:08]  Calculating dFdField using reverse-mode AD for alphaPorosity
[2024/01/07 06:19:08]      Adding cells with centre within boxes 1((-50 -50 -50) (50 50 50))
[2024/01/07 06:19:08]  Calculating [dRdField]^T * Psi using reverse-mode AD
[2024/01/07 06:19:08]  Objective Function Sensitivity: 
[2024/01/07 06:19:08]  {'PL': {'alphaPorosity': array([ 0.0009135112101195,  0.000929234984159 ,  0.0009445185249869, ...,
[2024/01/07 06:19:08]         -0.0000001931942039, -0.000000203358567 , -0.0000002106742092])}, 'VOLUME': {'alphaPorosity': array([0.000000000025, 0.000000000025, 0.000000000025, ...,
[2024/01/07 06:19:08]         0.000000000025, 0.000000000025, 0.000000000025])}, 'fail': False}
[2024/01/07 06:19:08]  Adjoint Runtime: 3.38758 s
[2024/01/07 06:19:08]    23  5.6161371e+00 0.00e+00 3.46e-02  -2.8 1.14e-03    -  1.00e+00 1.00e+00f  1
[2024/01/07 06:19:08]  
[2024/01/07 06:19:08]  
[2024/01/07 06:19:08]  +--------------------------------------------------------------------------+
[2024/01/07 06:19:08]  |                  Evaluating Objective Functions 025                      |
[2024/01/07 06:19:08]  +--------------------------------------------------------------------------+
[2024/01/07 06:19:08]  Design Variables: 
[2024/01/07 06:19:08]  OrderedDict([('alphaPorosity', array([  1.9307455829577487,   1.8982713950352228,   1.8677364897281765,
[2024/01/07 06:19:12]         ..., 324.0121453756937   , 324.61260499139553  ,
[2024/01/07 06:19:12]         325.0461297410586   ]))])
[2024/01/07 06:19:12]  DVGeo PointSet UpToDate: False
[2024/01/07 06:19:12]  Updating DVGeo PointSet....
[2024/01/07 06:19:12]  DVGeo PointSet UpToDate: True
[2024/01/07 06:19:12]  Warping the volume mesh....
[2024/01/07 06:19:12]  Setting up primal boundary conditions based on pyOptions: 
[2024/01/07 06:19:12]  Setting primal boundary conditions...
[2024/01/07 06:19:12]  Setting U = (0.1 0 0) at inlet
[2024/01/07 06:19:12]  Setting primal boundary conditions...
[2024/01/07 06:19:12]  Setting p = 0 at outlet
[2024/01/07 06:19:12]  nuTilda not found, skip it.
[2024/01/07 06:19:12]  Setting nut wall BC for wallBoundary. BCType=nutkWallFunction
[2024/01/07 06:19:12]  Running Primal Solver 025
[2024/01/07 06:19:12]  Previous solution time 90 not found and nothing deleted.
[2024/01/07 06:19:12]  No finite volume options present
[2024/01/07 06:19:12]  
[2024/01/07 06:19:12]  Starting time loop
[2024/01/07 06:19:12]  
[2024/01/07 06:19:12]  Checking mesh quality for time = 0
[2024/01/07 06:19:12]      Overall domain bounding box (7.181318501078189e-16 -1.399990449424424e-15 -5.718082257688551e-15) (0.02999999999999962 0.01500000000001617 0.001000000000005718)
[2024/01/07 06:19:12]      Mesh has 3 geometric (non-empty/wedge) directions 3{1}
[2024/01/07 06:19:12]      Mesh has 3 solution (non-empty) directions 3{1}
[2024/01/07 06:19:12]      Boundary openness (-6.947448714353218e-18 9.793123156124281e-19 -3.04020355740097e-16) OK.
[2024/01/07 06:19:12]      Max cell openness = 3.176373552203076e-16 OK.
[2024/01/07 06:19:12]      Max aspect ratio = 3.333333333492265 OK.
[2024/01/07 06:19:12]      Minimum face area = 1.499999999935995e-07. Maximum face area = 5.000000000129904e-07.  Face area magnitudes OK.
[2024/01/07 06:19:12]      Min volume = 1.499999999944929e-10. Max volume = 1.500000000034984e-10.  Total volume = 4.500000000002841e-07.  Cell volumes OK.
[2024/01/07 06:19:12]      Mesh non-orthogonality Max: 0 average: 0
[2024/01/07 06:19:12]      Non-orthogonality check OK.
[2024/01/07 06:19:12]      Face pyramids OK.
[2024/01/07 06:19:12]      Max skewness = 9.432792296734318e-11 OK.
[2024/01/07 06:19:12]      Coupled point location match (average 0) OK.
[2024/01/07 06:19:12]  
[2024/01/07 06:19:12]  Mesh OK.
[2024/01/07 06:19:12]  
[2024/01/07 06:19:12]  Time = 1
[2024/01/07 06:19:12]  
[2024/01/07 06:19:12]  U Initial residual: (3.717491439561983e-05 6.405959391957113e-05 0.001122284913594893)
[2024/01/07 06:19:12]  U   Final residual: (1.687008344768051e-06 3.100758232531885e-06 4.39686276033357e-05)
[2024/01/07 06:19:12]  p Initial residual: 0.0009169582380377955
[2024/01/07 06:19:12]  p   Final residual: 5.354873945025374e-05
[2024/01/07 06:19:12]  Time step continuity errors : sum local = 0.0001962136602383617
[2024/01/07 06:19:12]                                   global = -5.382185051941204e-06
[2024/01/07 06:19:12]                               cumulative = 0.001754407983796233
[2024/01/07 06:19:12]  yPlus min: 0 max: 0 mean: 0
[2024/01/07 06:19:12]  PL-part1-totalPressure: 15.23755072538554
[2024/01/07 06:19:12]  PL-part2-totalPressure: -9.607639362870742
[2024/01/07 06:19:12]  VOLUME-part1-variableVolSum: 1.000192477380433e-05
[2024/01/07 06:19:12]  ExecutionTime = 115.09 s  ClockTime = 157 s
[2024/01/07 06:19:12]  
[2024/01/07 06:19:12]  Time = 90
[2024/01/07 06:19:12]  Minimal residual 9.622926035894655e-07 satisfied the prescribed tolerance 1e-06
[2024/01/07 06:19:12]  
[2024/01/07 06:19:12]  PL-part1-totalPressure: 15.22610149058333
[2024/01/07 06:19:12]  PL-part2-totalPressure: -9.606636955036491
[2024/01/07 06:19:12]  VOLUME-part1-variableVolSum: 1.000192477380433e-05
[2024/01/07 06:19:12]  Printing Primal Residual Statistics.
[2024/01/07 06:19:12]  U Residual Norm2: (0.004348908798928756 0.002055331179126279 1.174758773419116e-13)
[2024/01/07 06:19:12]  U Residual Mean: (2.530365896248599e-05 1.308414134454296e-05 1.529606946945615e-15)
[2024/01/07 06:19:12]  U Residual Max: (0.0005837273266582343 0.000273618539961884 1.123294380437763e-14)
[2024/01/07 06:19:12]  p Residual Norm2: 0.001178169919728828
[2024/01/07 06:19:12]  p Residual Mean: 2.864351070224067e-06
[2024/01/07 06:19:12]  p Residual Max: 0.0005924729884272271
[2024/01/07 06:19:12]  phi Residual Norm2: 2.490867958097657e-06
[2024/01/07 06:19:12]  phi Residual Mean: 4.88192188506107e-09
[2024/01/07 06:19:12]  phi Residual Max: 2.72744299345742e-07
[2024/01/07 06:19:12]  End
[2024/01/07 06:19:12]  
[2024/01/07 06:19:12]  Objective Functions: 
[2024/01/07 06:19:12]  {'PL': 5.61946453554684, 'VOLUME': 1.0001924773804334e-05, 'fail': False}
[2024/01/07 06:19:12]  Flow Runtime: 2.53747
[2024/01/07 06:19:12]  
[2024/01/07 06:19:12]  
[2024/01/07 06:19:12]  +--------------------------------------------------------------------------+
[2024/01/07 06:19:12]  |              Evaluating Objective Function Sensitivities 025             |
[2024/01/07 06:19:12]  +--------------------------------------------------------------------------+
[2024/01/07 06:19:12]  writeDeformedFFDs is deprecated since v3.0.1!
[2024/01/07 06:19:12]  Moving time 90 to 0.00000025
[2024/01/07 06:19:12]  Running adjoint Solver 025
[2024/01/07 06:19:12]  dRdWT Jacobian Free created!
[2024/01/07 06:19:12]  Solver Type: gmres
[2024/01/07 06:19:12]  GMRES Restart: 2000
[2024/01/07 06:19:12]  ASM Overlap: 1
[2024/01/07 06:19:12]  Global PC Iters: 0
[2024/01/07 06:19:12]  Local PC Iters: 1
[2024/01/07 06:19:12]  Mat ReOrdering: rcm
[2024/01/07 06:19:12]  ILU PC Fill Level: 1
[2024/01/07 06:19:12]  GMRES Max Iterations: 2000
[2024/01/07 06:19:12]  GMRES Relative Tolerance: 1e-06
[2024/01/07 06:19:12]  GMRES Absolute Tolerance: 1e-14
[2024/01/07 06:19:12]  Calculating dFdW using reverse-mode AD
[2024/01/07 06:19:12]      Adding all faces of patches 1(inlet) ...
[2024/01/07 06:19:12]      Found matching patch inlet with 0 faces.
[2024/01/07 06:19:12]      Adding all faces of patches 1(outlet) ...
[2024/01/07 06:19:12]      Found matching patch outlet with 0 faces.
[2024/01/07 06:19:12]  Solving Linear Equation... 158 s
[2024/01/07 06:19:12]  Main iteration 0 KSP Residual norm 1.968752934055e+00 158 s
[2024/01/07 06:19:12]  Main iteration 44 KSP Residual norm 1.220765710315e-06 159 s 
[2024/01/07 06:19:16]  Total iterations 44
[2024/01/07 06:19:16]  Solving Linear Equation... Completed! 159 s
[2024/01/07 06:19:16]  Residual tolerance satisfied, solution finished!
[2024/01/07 06:19:16]  Calculating dFdW using reverse-mode AD
[2024/01/07 06:19:16]      Adding cells with centre within boxes 1((-50 -50 -50) (50 50 50))
[2024/01/07 06:19:16]  Solving Linear Equation... 159 s
[2024/01/07 06:19:16]  Main iteration 0 KSP Residual norm 0.000000000000e+00 159 s
[2024/01/07 06:19:16]  Main iteration 0 KSP Residual norm 0.000000000000e+00 159 s 
[2024/01/07 06:19:16]  Total iterations 0
[2024/01/07 06:19:16]  Solving Linear Equation... Completed! 159 s
[2024/01/07 06:19:16]  Residual tolerance satisfied, solution finished!
[2024/01/07 06:19:16]  Computing total derivatives....
[2024/01/07 06:19:16]  Computing total derivatives for alphaPorosity
[2024/01/07 06:19:16]  Calculating dFdField using reverse-mode AD for alphaPorosity
[2024/01/07 06:19:16]      Adding all faces of patches 1(inlet) ...
[2024/01/07 06:19:16]      Found matching patch inlet with 0 faces.
[2024/01/07 06:19:16]      Adding all faces of patches 1(outlet) ...
[2024/01/07 06:19:16]      Found matching patch outlet with 0 faces.
[2024/01/07 06:19:16]  Calculating [dRdField]^T * Psi using reverse-mode AD
[2024/01/07 06:19:16]  Calculating dFdField using reverse-mode AD for alphaPorosity
[2024/01/07 06:19:16]      Adding cells with centre within boxes 1((-50 -50 -50) (50 50 50))
[2024/01/07 06:19:16]  Calculating [dRdField]^T * Psi using reverse-mode AD
[2024/01/07 06:19:16]  Objective Function Sensitivity: 
[2024/01/07 06:19:16]  {'PL': {'alphaPorosity': array([ 0.0009153572075593,  0.0009311105164559,  0.0009464206307471, ...,
[2024/01/07 06:19:16]         -0.0000001953001309, -0.0000002054740804, -0.0000002127848566])}, 'VOLUME': {'alphaPorosity': array([0.000000000025, 0.000000000025, 0.000000000025, ...,
[2024/01/07 06:19:16]         0.000000000025, 0.000000000025, 0.000000000025])}, 'fail': False}
[2024/01/07 06:19:16]  Adjoint Runtime: 3.46149 s
[2024/01/07 06:19:16]    24  5.6194645e+00 0.00e+00 5.46e-02  -2.8 7.62e-04    -  1.00e+00 1.00e+00f  1
[2024/01/07 06:19:16]  
[2024/01/07 06:19:16]  
[2024/01/07 06:19:16]  +--------------------------------------------------------------------------+
[2024/01/07 06:19:16]  |                  Evaluating Objective Functions 026                      |
[2024/01/07 06:19:16]  +--------------------------------------------------------------------------+
[2024/01/07 06:19:16]  Design Variables: 
[2024/01/07 06:19:16]  OrderedDict([('alphaPorosity', array([  1.9268659144016138,   1.8944613433384758,   1.863995941726878 ,
[2024/01/07 06:19:16]         ..., 323.78073389921116  , 324.38178321452443  ,
[2024/01/07 06:19:16]         324.8153112278162   ]))])
[2024/01/07 06:19:16]  DVGeo PointSet UpToDate: False
[2024/01/07 06:19:16]  Updating DVGeo PointSet....
[2024/01/07 06:19:16]  DVGeo PointSet UpToDate: True
[2024/01/07 06:19:16]  Warping the volume mesh....
[2024/01/07 06:19:16]  Setting up primal boundary conditions based on pyOptions: 
[2024/01/07 06:19:16]  Setting primal boundary conditions...
[2024/01/07 06:19:16]  Setting U = (0.1 0 0) at inlet
[2024/01/07 06:19:16]  Setting primal boundary conditions...
[2024/01/07 06:19:16]  Setting p = 0 at outlet
[2024/01/07 06:19:16]  nuTilda not found, skip it.
[2024/01/07 06:19:16]  Setting nut wall BC for wallBoundary. BCType=nutkWallFunction
[2024/01/07 06:19:16]  Running Primal Solver 026
[2024/01/07 06:19:16]  Previous solution time 90 not found and nothing deleted.
[2024/01/07 06:19:16]  No finite volume options present
[2024/01/07 06:19:16]  
[2024/01/07 06:19:16]  Starting time loop
[2024/01/07 06:19:16]  
[2024/01/07 06:19:16]  Checking mesh quality for time = 0
[2024/01/07 06:19:16]      Overall domain bounding box (7.181318501078189e-16 -1.399990449424424e-15 -5.718082257688551e-15) (0.02999999999999962 0.01500000000001617 0.001000000000005718)
[2024/01/07 06:19:16]      Mesh has 3 geometric (non-empty/wedge) directions 3{1}
[2024/01/07 06:19:16]      Mesh has 3 solution (non-empty) directions 3{1}
[2024/01/07 06:19:16]      Boundary openness (-6.947448714353218e-18 9.793123156124281e-19 -3.04020355740097e-16) OK.
[2024/01/07 06:19:16]      Max cell openness = 3.176373552203076e-16 OK.
[2024/01/07 06:19:16]      Max aspect ratio = 3.333333333492265 OK.
[2024/01/07 06:19:16]      Minimum face area = 1.499999999935995e-07. Maximum face area = 5.000000000129904e-07.  Face area magnitudes OK.
[2024/01/07 06:19:16]      Min volume = 1.499999999944929e-10. Max volume = 1.500000000034984e-10.  Total volume = 4.500000000002841e-07.  Cell volumes OK.
[2024/01/07 06:19:16]      Mesh non-orthogonality Max: 0 average: 0
[2024/01/07 06:19:16]      Non-orthogonality check OK.
[2024/01/07 06:19:16]      Face pyramids OK.
[2024/01/07 06:19:16]      Max skewness = 9.432792296734318e-11 OK.
[2024/01/07 06:19:16]      Coupled point location match (average 0) OK.
[2024/01/07 06:19:16]  
[2024/01/07 06:19:16]  Mesh OK.
[2024/01/07 06:19:16]  
[2024/01/07 06:19:16]  Time = 1
[2024/01/07 06:19:16]  
[2024/01/07 06:19:16]  U Initial residual: (3.337903151577828e-05 5.95856420250013e-05 0.001144656812441715)
[2024/01/07 06:19:16]  U   Final residual: (1.513796335830592e-06 2.895740063970753e-06 4.790513283362271e-05)
[2024/01/07 06:19:16]  p Initial residual: 0.0009002177680522334
[2024/01/07 06:19:16]  p   Final residual: 4.919446258464641e-05
[2024/01/07 06:19:16]  Time step continuity errors : sum local = 0.0001802340828821125
[2024/01/07 06:19:16]                                   global = -4.563364277830519e-06
[2024/01/07 06:19:16]                               cumulative = 0.001749844619518402
[2024/01/07 06:19:16]  yPlus min: 0 max: 0 mean: 0
[2024/01/07 06:19:16]  PL-part1-totalPressure: 15.23821687859902
[2024/01/07 06:19:16]  PL-part2-totalPressure: -9.6066373627276
[2024/01/07 06:19:16]  VOLUME-part1-variableVolSum: 1.000193289729919e-05
[2024/01/07 06:19:23]  ExecutionTime = 119.07 s  ClockTime = 164 s
[2024/01/07 06:19:23]  
[2024/01/07 06:19:23]  Time = 88
[2024/01/07 06:19:23]  Minimal residual 9.788755210016821e-07 satisfied the prescribed tolerance 1e-06
[2024/01/07 06:19:23]  
[2024/01/07 06:19:23]  PL-part1-totalPressure: 15.22811608444314
[2024/01/07 06:19:23]  PL-part2-totalPressure: -9.605815432680266
[2024/01/07 06:19:23]  VOLUME-part1-variableVolSum: 1.000193289729919e-05
[2024/01/07 06:19:23]  Printing Primal Residual Statistics.
[2024/01/07 06:19:23]  U Residual Norm2: (0.004860656626042535 0.002203548611300614 1.134723963925695e-13)
[2024/01/07 06:19:23]  U Residual Mean: (2.914972671263507e-05 1.424414854381726e-05 1.469118261128006e-15)
[2024/01/07 06:19:23]  U Residual Max: (0.0005932896228930673 0.0003149729572712312 1.04806531479149e-14)
[2024/01/07 06:19:23]  p Residual Norm2: 0.001221712570011062
[2024/01/07 06:19:23]  p Residual Mean: 2.966758234437532e-06
[2024/01/07 06:19:23]  p Residual Max: 0.0006577076209584469
[2024/01/07 06:19:23]  phi Residual Norm2: 2.79419803177619e-06
[2024/01/07 06:19:23]  phi Residual Mean: 5.573616381019402e-09
[2024/01/07 06:19:23]  phi Residual Max: 2.921708441899129e-07
[2024/01/07 06:19:23]  End
[2024/01/07 06:19:23]  
[2024/01/07 06:19:23]  Objective Functions: 
[2024/01/07 06:19:23]  {'PL': 5.622300651762869, 'VOLUME': 1.0001932897299187e-05, 'fail': False}
[2024/01/07 06:19:23]  Flow Runtime: 2.62504
[2024/01/07 06:19:23]  
[2024/01/07 06:19:23]  
[2024/01/07 06:19:23]  +--------------------------------------------------------------------------+
[2024/01/07 06:19:23]  |              Evaluating Objective Function Sensitivities 026             |
[2024/01/07 06:19:23]  +--------------------------------------------------------------------------+
[2024/01/07 06:19:23]  writeDeformedFFDs is deprecated since v3.0.1!
[2024/01/07 06:19:23]  Moving time 88 to 0.00000026
[2024/01/07 06:19:23]  Running adjoint Solver 026
[2024/01/07 06:19:23]  dRdWT Jacobian Free created!
[2024/01/07 06:19:23]  Computing dRdWTPC 164 s
[2024/01/07 06:19:23]  Initializing dRdWCon. 164 s
[2024/01/07 06:19:23]  dRdWCon Created. 165 s
[2024/01/07 06:19:23]  Reading Coloring dRdWColoring_6
[2024/01/07 06:19:23]  Validating Coloring...
[2024/01/07 06:19:23]  No Conflicting Colors Found!
[2024/01/07 06:19:23]  Partial derivative matrix created. 165 s
[2024/01/07 06:19:23]  dRdWTPC: 0 of 348, ExecutionTime: 165 s
[2024/01/07 06:19:23]  dRdWTPC: 100 of 348, ExecutionTime: 166 s
[2024/01/07 06:19:23]  dRdWTPC: 200 of 348, ExecutionTime: 166 s
[2024/01/07 06:19:23]  dRdWTPC: 300 of 348, ExecutionTime: 167 s
[2024/01/07 06:19:23]  dRdWTPC: 347 of 348, ExecutionTime: 167 s
[2024/01/07 06:19:23]  Solver Type: gmres
[2024/01/07 06:19:23]  GMRES Restart: 2000
[2024/01/07 06:19:23]  ASM Overlap: 1
[2024/01/07 06:19:23]  Global PC Iters: 0
[2024/01/07 06:19:23]  Local PC Iters: 1
[2024/01/07 06:19:23]  Mat ReOrdering: rcm
[2024/01/07 06:19:23]  ILU PC Fill Level: 1
[2024/01/07 06:19:23]  GMRES Max Iterations: 2000
[2024/01/07 06:19:23]  GMRES Relative Tolerance: 1e-06
[2024/01/07 06:19:23]  GMRES Absolute Tolerance: 1e-14
[2024/01/07 06:19:23]  Calculating dFdW using reverse-mode AD
[2024/01/07 06:19:23]      Adding all faces of patches 1(inlet) ...
[2024/01/07 06:19:23]      Found matching patch inlet with 0 faces.
[2024/01/07 06:19:23]      Adding all faces of patches 1(outlet) ...
[2024/01/07 06:19:23]      Found matching patch outlet with 0 faces.
[2024/01/07 06:19:23]  Solving Linear Equation... 167 s
[2024/01/07 06:19:23]  Main iteration 0 KSP Residual norm 1.968669476171e+00 167 s
[2024/01/07 06:19:23]  Main iteration 44 KSP Residual norm 1.226971167287e-06 168 s 
[2024/01/07 06:19:23]  Total iterations 44
[2024/01/07 06:19:23]  Solving Linear Equation... Completed! 168 s
[2024/01/07 06:19:23]  Residual tolerance satisfied, solution finished!
[2024/01/07 06:19:23]  Calculating dFdW using reverse-mode AD
[2024/01/07 06:19:23]      Adding cells with centre within boxes 1((-50 -50 -50) (50 50 50))
[2024/01/07 06:19:23]  Solving Linear Equation... 168 s
[2024/01/07 06:19:23]  Main iteration 0 KSP Residual norm 0.000000000000e+00 168 s
[2024/01/07 06:19:23]  Main iteration 0 KSP Residual norm 0.000000000000e+00 168 s 
[2024/01/07 06:19:23]  Total iterations 0
[2024/01/07 06:19:23]  Solving Linear Equation... Completed! 168 s
[2024/01/07 06:19:23]  Residual tolerance satisfied, solution finished!
[2024/01/07 06:19:23]  Computing total derivatives....
[2024/01/07 06:19:23]  Computing total derivatives for alphaPorosity
[2024/01/07 06:19:23]  Calculating dFdField using reverse-mode AD for alphaPorosity
[2024/01/07 06:19:23]      Adding all faces of patches 1(inlet) ...
[2024/01/07 06:19:23]      Found matching patch inlet with 0 faces.
[2024/01/07 06:19:23]      Adding all faces of patches 1(outlet) ...
[2024/01/07 06:19:23]      Found matching patch outlet with 0 faces.
[2024/01/07 06:19:23]  Calculating [dRdField]^T * Psi using reverse-mode AD
[2024/01/07 06:19:23]  Calculating dFdField using reverse-mode AD for alphaPorosity
[2024/01/07 06:19:23]      Adding cells with centre within boxes 1((-50 -50 -50) (50 50 50))
[2024/01/07 06:19:23]  Calculating [dRdField]^T * Psi using reverse-mode AD
[2024/01/07 06:19:23]  Objective Function Sensitivity: 
[2024/01/07 06:19:23]  {'PL': {'alphaPorosity': array([ 0.0009169650920447,  0.0009327416755942,  0.0009480726492952, ...,
[2024/01/07 06:19:23]         -0.000000197054055 , -0.0000002071942728, -0.0000002144634673])}, 'VOLUME': {'alphaPorosity': array([0.000000000025, 0.000000000025, 0.000000000025, ...,
[2024/01/07 06:19:23]         0.000000000025, 0.000000000025, 0.000000000025])}, 'fail': False}
[2024/01/07 06:19:23]  Adjoint Runtime: 6.23702 s
[2024/01/07 06:19:23]    25  5.6223007e+00 0.00e+00 5.15e-02  -2.8 8.87e-04    -  1.00e+00 1.00e+00f  1
[2024/01/07 06:19:23]  
[2024/01/07 06:19:23]  
[2024/01/07 06:19:23]  +--------------------------------------------------------------------------+
[2024/01/07 06:19:23]  |                  Evaluating Objective Functions 027                      |
[2024/01/07 06:19:23]  +--------------------------------------------------------------------------+
[2024/01/07 06:19:23]  Design Variables: 
[2024/01/07 06:19:26]  OrderedDict([('alphaPorosity', array([  1.9235000039615522,   1.8911607265237123,   1.860759870079115 ,
[2024/01/07 06:19:26]         ..., 323.5878789713107   , 324.1874423040117   ,
[2024/01/07 06:19:26]         324.61909615479414  ]))])
[2024/01/07 06:19:26]  DVGeo PointSet UpToDate: False
[2024/01/07 06:19:26]  Updating DVGeo PointSet....
[2024/01/07 06:19:26]  DVGeo PointSet UpToDate: True
[2024/01/07 06:19:26]  Warping the volume mesh....
[2024/01/07 06:19:26]  Setting up primal boundary conditions based on pyOptions: 
[2024/01/07 06:19:26]  Setting primal boundary conditions...
[2024/01/07 06:19:26]  Setting U = (0.1 0 0) at inlet
[2024/01/07 06:19:26]  Setting primal boundary conditions...
[2024/01/07 06:19:26]  Setting p = 0 at outlet
[2024/01/07 06:19:26]  nuTilda not found, skip it.
[2024/01/07 06:19:26]  Setting nut wall BC for wallBoundary. BCType=nutkWallFunction
[2024/01/07 06:19:26]  Running Primal Solver 027
[2024/01/07 06:19:26]  Previous solution time 88 not found and nothing deleted.
[2024/01/07 06:19:26]  No finite volume options present
[2024/01/07 06:19:26]  
[2024/01/07 06:19:26]  Starting time loop
[2024/01/07 06:19:26]  
[2024/01/07 06:19:26]  Checking mesh quality for time = 0
[2024/01/07 06:19:26]      Overall domain bounding box (7.181318501078189e-16 -1.399990449424424e-15 -5.718082257688551e-15) (0.02999999999999962 0.01500000000001617 0.001000000000005718)
[2024/01/07 06:19:26]      Mesh has 3 geometric (non-empty/wedge) directions 3{1}
[2024/01/07 06:19:26]      Mesh has 3 solution (non-empty) directions 3{1}
[2024/01/07 06:19:26]      Boundary openness (-6.947448714353218e-18 9.793123156124281e-19 -3.04020355740097e-16) OK.
[2024/01/07 06:19:26]      Max cell openness = 3.176373552203076e-16 OK.
[2024/01/07 06:19:26]      Max aspect ratio = 3.333333333492265 OK.
[2024/01/07 06:19:26]      Minimum face area = 1.499999999935995e-07. Maximum face area = 5.000000000129904e-07.  Face area magnitudes OK.
[2024/01/07 06:19:26]      Min volume = 1.499999999944929e-10. Max volume = 1.500000000034984e-10.  Total volume = 4.500000000002841e-07.  Cell volumes OK.
[2024/01/07 06:19:26]      Mesh non-orthogonality Max: 0 average: 0
[2024/01/07 06:19:26]      Non-orthogonality check OK.
[2024/01/07 06:19:26]      Face pyramids OK.
[2024/01/07 06:19:26]      Max skewness = 9.432792296734318e-11 OK.
[2024/01/07 06:19:26]      Coupled point location match (average 0) OK.
[2024/01/07 06:19:26]  
[2024/01/07 06:19:26]  Mesh OK.
[2024/01/07 06:19:26]  
[2024/01/07 06:19:26]  Time = 1
[2024/01/07 06:19:26]  
[2024/01/07 06:19:26]  U Initial residual: (2.913500225408196e-05 5.207446136228869e-05 0.001102636996441137)
[2024/01/07 06:19:26]  U   Final residual: (1.268322875960462e-06 2.394744391617866e-06 4.136831350020689e-05)
[2024/01/07 06:19:26]  p Initial residual: 0.0008472117573632943
[2024/01/07 06:19:26]  p   Final residual: 4.421642617026554e-05
[2024/01/07 06:19:26]  Time step continuity errors : sum local = 0.0001619970375219197
[2024/01/07 06:19:26]                                   global = -3.998700969843714e-06
[2024/01/07 06:19:26]                               cumulative = 0.001745845918548559
[2024/01/07 06:19:26]  yPlus min: 0 max: 0 mean: 0
[2024/01/07 06:19:26]  PL-part1-totalPressure: 15.23824274855586
[2024/01/07 06:19:26]  PL-part2-totalPressure: -9.605815381303003
[2024/01/07 06:19:26]  VOLUME-part1-variableVolSum: 1.000193969434963e-05
[2024/01/07 06:19:26]  ExecutionTime = 125.78 s  ClockTime = 173 s
[2024/01/07 06:19:26]  
[2024/01/07 06:19:26]  Time = 81
[2024/01/07 06:19:26]  Minimal residual 9.89349308702477e-07 satisfied the prescribed tolerance 1e-06
[2024/01/07 06:19:26]  
[2024/01/07 06:19:26]  PL-part1-totalPressure: 15.22977351751889
[2024/01/07 06:19:26]  PL-part2-totalPressure: -9.605120807104061
[2024/01/07 06:19:26]  VOLUME-part1-variableVolSum: 1.000193969434963e-05
[2024/01/07 06:19:26]  Printing Primal Residual Statistics.
[2024/01/07 06:19:26]  U Residual Norm2: (0.006197682810266696 0.002540807340733029 1.215611245551427e-13)
[2024/01/07 06:19:26]  U Residual Mean: (4.032587411372036e-05 1.742324505200484e-05 1.559604481929195e-15)
[2024/01/07 06:19:26]  U Residual Max: (0.0006837513357691449 0.0003225669278463794 1.051197571974941e-14)
[2024/01/07 06:19:26]  p Residual Norm2: 0.0011772678332447
[2024/01/07 06:19:26]  p Residual Mean: 3.150973177239832e-06
[2024/01/07 06:19:26]  p Residual Max: 0.0006544031185190196
[2024/01/07 06:19:26]  phi Residual Norm2: 3.527815019475511e-06
[2024/01/07 06:19:26]  phi Residual Mean: 7.567153214629531e-09
[2024/01/07 06:19:26]  phi Residual Max: 3.159896086606928e-07
[2024/01/07 06:19:26]  End
[2024/01/07 06:19:26]  
[2024/01/07 06:19:26]  Objective Functions: 
[2024/01/07 06:19:26]  {'PL': 5.624652710414825, 'VOLUME': 1.0001939694349634e-05, 'fail': False}
[2024/01/07 06:19:26]  Flow Runtime: 2.56763
[2024/01/07 06:19:26]  
[2024/01/07 06:19:26]  
[2024/01/07 06:19:26]  +--------------------------------------------------------------------------+
[2024/01/07 06:19:26]  |              Evaluating Objective Function Sensitivities 027             |
[2024/01/07 06:19:26]  +--------------------------------------------------------------------------+
[2024/01/07 06:19:26]  writeDeformedFFDs is deprecated since v3.0.1!
[2024/01/07 06:19:26]  Moving time 81 to 0.00000027
[2024/01/07 06:19:26]  Running adjoint Solver 027
[2024/01/07 06:19:26]  dRdWT Jacobian Free created!
[2024/01/07 06:19:26]  Solver Type: gmres
[2024/01/07 06:19:26]  GMRES Restart: 2000
[2024/01/07 06:19:26]  ASM Overlap: 1
[2024/01/07 06:19:26]  Global PC Iters: 0
[2024/01/07 06:19:26]  Local PC Iters: 1
[2024/01/07 06:19:26]  Mat ReOrdering: rcm
[2024/01/07 06:19:26]  ILU PC Fill Level: 1
[2024/01/07 06:19:26]  GMRES Max Iterations: 2000
[2024/01/07 06:19:26]  GMRES Relative Tolerance: 1e-06
[2024/01/07 06:19:26]  GMRES Absolute Tolerance: 1e-14
[2024/01/07 06:19:26]  Calculating dFdW using reverse-mode AD
[2024/01/07 06:19:26]      Adding all faces of patches 1(inlet) ...
[2024/01/07 06:19:26]      Found matching patch inlet with 0 faces.
[2024/01/07 06:19:26]      Adding all faces of patches 1(outlet) ...
[2024/01/07 06:19:26]      Found matching patch outlet with 0 faces.
[2024/01/07 06:19:26]  Solving Linear Equation... 173 s
[2024/01/07 06:19:31]  Main iteration 0 KSP Residual norm 1.968598906882e+00 173 s
[2024/01/07 06:19:31]  Main iteration 44 KSP Residual norm 1.220365655564e-06 174 s 
[2024/01/07 06:19:31]  Total iterations 44
[2024/01/07 06:19:31]  Solving Linear Equation... Completed! 174 s
[2024/01/07 06:19:31]  Residual tolerance satisfied, solution finished!
[2024/01/07 06:19:31]  Calculating dFdW using reverse-mode AD
[2024/01/07 06:19:31]      Adding cells with centre within boxes 1((-50 -50 -50) (50 50 50))
[2024/01/07 06:19:31]  Solving Linear Equation... 174 s
[2024/01/07 06:19:31]  Main iteration 0 KSP Residual norm 0.000000000000e+00 174 s
[2024/01/07 06:19:31]  Main iteration 0 KSP Residual norm 0.000000000000e+00 174 s 
[2024/01/07 06:19:31]  Total iterations 0
[2024/01/07 06:19:31]  Solving Linear Equation... Completed! 174 s
[2024/01/07 06:19:31]  Residual tolerance satisfied, solution finished!
[2024/01/07 06:19:31]  Computing total derivatives....
[2024/01/07 06:19:31]  Computing total derivatives for alphaPorosity
[2024/01/07 06:19:31]  Calculating dFdField using reverse-mode AD for alphaPorosity
[2024/01/07 06:19:31]      Adding all faces of patches 1(inlet) ...
[2024/01/07 06:19:31]      Found matching patch inlet with 0 faces.
[2024/01/07 06:19:31]      Adding all faces of patches 1(outlet) ...
[2024/01/07 06:19:31]      Found matching patch outlet with 0 faces.
[2024/01/07 06:19:31]  Calculating [dRdField]^T * Psi using reverse-mode AD
[2024/01/07 06:19:31]  Calculating dFdField using reverse-mode AD for alphaPorosity
[2024/01/07 06:19:31]      Adding cells with centre within boxes 1((-50 -50 -50) (50 50 50))
[2024/01/07 06:19:31]  Calculating [dRdField]^T * Psi using reverse-mode AD
[2024/01/07 06:19:31]  Objective Function Sensitivity: 
[2024/01/07 06:19:31]  {'PL': {'alphaPorosity': array([ 0.0009183593634493,  0.0009341565364089,  0.000949505838541 , ...,
[2024/01/07 06:19:31]         -0.0000001982057174, -0.0000002084057226, -0.0000002157229747])}, 'VOLUME': {'alphaPorosity': array([0.000000000025, 0.000000000025, 0.000000000025, ...,
[2024/01/07 06:19:31]         0.000000000025, 0.000000000025, 0.000000000025])}, 'fail': False}
[2024/01/07 06:19:31]  Adjoint Runtime: 3.46974 s
[2024/01/07 06:19:31]    26  5.6246527e+00 0.00e+00 5.20e-02  -2.8 1.32e-03    -  1.00e+00 1.00e+00f  1
[2024/01/07 06:19:31]  
[2024/01/07 06:19:31]  
[2024/01/07 06:19:31]  +--------------------------------------------------------------------------+
[2024/01/07 06:19:31]  |                  Evaluating Objective Functions 028                      |
[2024/01/07 06:19:31]  +--------------------------------------------------------------------------+
[2024/01/07 06:19:31]  Design Variables: 
[2024/01/07 06:19:31]  OrderedDict([('alphaPorosity', array([  1.9205907351198679,   1.888307027700896 ,   1.8579614675738831,
[2024/01/07 06:19:31]         ..., 323.4123610359103   , 324.0131862782536   ,
[2024/01/07 06:19:31]         324.4456414927575   ]))])
[2024/01/07 06:19:31]  DVGeo PointSet UpToDate: False
[2024/01/07 06:19:31]  Updating DVGeo PointSet....
[2024/01/07 06:19:31]  DVGeo PointSet UpToDate: True
[2024/01/07 06:19:31]  Warping the volume mesh....
[2024/01/07 06:19:31]  Setting up primal boundary conditions based on pyOptions: 
[2024/01/07 06:19:31]  Setting primal boundary conditions...
[2024/01/07 06:19:31]  Setting U = (0.1 0 0) at inlet
[2024/01/07 06:19:31]  Setting primal boundary conditions...
[2024/01/07 06:19:31]  Setting p = 0 at outlet
[2024/01/07 06:19:31]  nuTilda not found, skip it.
[2024/01/07 06:19:31]  Setting nut wall BC for wallBoundary. BCType=nutkWallFunction
[2024/01/07 06:19:31]  Running Primal Solver 028
[2024/01/07 06:19:31]  Previous solution time 81 not found and nothing deleted.
[2024/01/07 06:19:31]  No finite volume options present
[2024/01/07 06:19:31]  
[2024/01/07 06:19:31]  Starting time loop
[2024/01/07 06:19:31]  
[2024/01/07 06:19:31]  Checking mesh quality for time = 0
[2024/01/07 06:19:31]      Overall domain bounding box (7.181318501078189e-16 -1.399990449424424e-15 -5.718082257688551e-15) (0.02999999999999962 0.01500000000001617 0.001000000000005718)
[2024/01/07 06:19:31]      Mesh has 3 geometric (non-empty/wedge) directions 3{1}
[2024/01/07 06:19:31]      Mesh has 3 solution (non-empty) directions 3{1}
[2024/01/07 06:19:31]      Boundary openness (-6.947448714353218e-18 9.793123156124281e-19 -3.04020355740097e-16) OK.
[2024/01/07 06:19:31]      Max cell openness = 3.176373552203076e-16 OK.
[2024/01/07 06:19:31]      Max aspect ratio = 3.333333333492265 OK.
[2024/01/07 06:19:31]      Minimum face area = 1.499999999935995e-07. Maximum face area = 5.000000000129904e-07.  Face area magnitudes OK.
[2024/01/07 06:19:31]      Min volume = 1.499999999944929e-10. Max volume = 1.500000000034984e-10.  Total volume = 4.500000000002841e-07.  Cell volumes OK.
[2024/01/07 06:19:31]      Mesh non-orthogonality Max: 0 average: 0
[2024/01/07 06:19:31]      Non-orthogonality check OK.
[2024/01/07 06:19:31]      Face pyramids OK.
[2024/01/07 06:19:31]      Max skewness = 9.432792296734318e-11 OK.
[2024/01/07 06:19:31]      Coupled point location match (average 0) OK.
[2024/01/07 06:19:31]  
[2024/01/07 06:19:31]  Mesh OK.
[2024/01/07 06:19:31]  
[2024/01/07 06:19:31]  Time = 1
[2024/01/07 06:19:31]  
[2024/01/07 06:19:31]  U Initial residual: (2.737787081158039e-05 5.093618070099402e-05 0.00116942451034701)
[2024/01/07 06:19:31]  U   Final residual: (1.292029797389077e-06 2.599534714040074e-06 4.872564856397046e-05)
[2024/01/07 06:19:31]  p Initial residual: 0.0007315612598066827
[2024/01/07 06:19:31]  p   Final residual: 4.249732138548526e-05
[2024/01/07 06:19:31]  Time step continuity errors : sum local = 0.0001556996355919844
[2024/01/07 06:19:31]                                   global = -3.422730224751939e-06
[2024/01/07 06:19:31]                               cumulative = 0.001742423188323807
[2024/01/07 06:19:31]  yPlus min: 0 max: 0 mean: 0
[2024/01/07 06:19:35]  PL-part1-totalPressure: 15.23970597633043
[2024/01/07 06:19:35]  PL-part2-totalPressure: -9.605120513705801
[2024/01/07 06:19:35]  VOLUME-part1-variableVolSum: 1.000194548492039e-05
[2024/01/07 06:19:35]  ExecutionTime = 130.14 s  ClockTime = 179 s
[2024/01/07 06:19:35]  
[2024/01/07 06:19:35]  Time = 88
[2024/01/07 06:19:35]  Minimal residual 9.638119955976264e-07 satisfied the prescribed tolerance 1e-06
[2024/01/07 06:19:35]  
[2024/01/07 06:19:35]  PL-part1-totalPressure: 15.23166352790351
[2024/01/07 06:19:35]  PL-part2-totalPressure: -9.604538743199013
[2024/01/07 06:19:35]  VOLUME-part1-variableVolSum: 1.000194548492039e-05
[2024/01/07 06:19:35]  Printing Primal Residual Statistics.
[2024/01/07 06:19:35]  U Residual Norm2: (0.004794909286682093 0.002137500288101475 1.15661782762388e-13)
[2024/01/07 06:19:35]  U Residual Mean: (2.842984685623281e-05 1.368008184179949e-05 1.495168899035022e-15)
[2024/01/07 06:19:35]  U Residual Max: (0.0005927454162240053 0.0003189898255872015 1.057113546615767e-14)
[2024/01/07 06:19:35]  p Residual Norm2: 0.001237823416742637
[2024/01/07 06:19:35]  p Residual Mean: 2.905295066871436e-06
[2024/01/07 06:19:35]  p Residual Max: 0.0006714169953229523
[2024/01/07 06:19:35]  phi Residual Norm2: 2.75089676992407e-06
[2024/01/07 06:19:35]  phi Residual Mean: 5.395974270934073e-09
[2024/01/07 06:19:35]  phi Residual Max: 2.921041235370066e-07
[2024/01/07 06:19:35]  End
[2024/01/07 06:19:35]  
[2024/01/07 06:19:35]  Objective Functions: 
[2024/01/07 06:19:35]  {'PL': 5.627124784704492, 'VOLUME': 1.0001945484920387e-05, 'fail': False}
[2024/01/07 06:19:35]  Flow Runtime: 2.7589
[2024/01/07 06:19:35]  
[2024/01/07 06:19:35]  
[2024/01/07 06:19:35]  +--------------------------------------------------------------------------+
[2024/01/07 06:19:35]  |              Evaluating Objective Function Sensitivities 028             |
[2024/01/07 06:19:35]  +--------------------------------------------------------------------------+
[2024/01/07 06:19:35]  writeDeformedFFDs is deprecated since v3.0.1!
[2024/01/07 06:19:35]  Moving time 88 to 0.00000028
[2024/01/07 06:19:35]  Running adjoint Solver 028
[2024/01/07 06:19:35]  dRdWT Jacobian Free created!
[2024/01/07 06:19:35]  Solver Type: gmres
[2024/01/07 06:19:35]  GMRES Restart: 2000
[2024/01/07 06:19:35]  ASM Overlap: 1
[2024/01/07 06:19:35]  Global PC Iters: 0
[2024/01/07 06:19:35]  Local PC Iters: 1
[2024/01/07 06:19:35]  Mat ReOrdering: rcm
[2024/01/07 06:19:35]  ILU PC Fill Level: 1
[2024/01/07 06:19:35]  GMRES Max Iterations: 2000
[2024/01/07 06:19:35]  GMRES Relative Tolerance: 1e-06
[2024/01/07 06:19:35]  GMRES Absolute Tolerance: 1e-14
[2024/01/07 06:19:35]  Calculating dFdW using reverse-mode AD
[2024/01/07 06:19:35]      Adding all faces of patches 1(inlet) ...
[2024/01/07 06:19:35]      Found matching patch inlet with 0 faces.
[2024/01/07 06:19:35]      Adding all faces of patches 1(outlet) ...
[2024/01/07 06:19:35]      Found matching patch outlet with 0 faces.
[2024/01/07 06:19:35]  Solving Linear Equation... 179 s
[2024/01/07 06:19:35]  Main iteration 0 KSP Residual norm 1.968539771154e+00 180 s
[2024/01/07 06:19:35]  Main iteration 44 KSP Residual norm 1.231636244524e-06 180 s 
[2024/01/07 06:19:35]  Total iterations 44
[2024/01/07 06:19:35]  Solving Linear Equation... Completed! 180 s
[2024/01/07 06:19:35]  Residual tolerance satisfied, solution finished!
[2024/01/07 06:19:35]  Calculating dFdW using reverse-mode AD
[2024/01/07 06:19:35]      Adding cells with centre within boxes 1((-50 -50 -50) (50 50 50))
[2024/01/07 06:19:35]  Solving Linear Equation... 181 s
[2024/01/07 06:19:35]  Main iteration 0 KSP Residual norm 0.000000000000e+00 181 s
[2024/01/07 06:19:35]  Main iteration 0 KSP Residual norm 0.000000000000e+00 181 s 
[2024/01/07 06:19:35]  Total iterations 0
[2024/01/07 06:19:35]  Solving Linear Equation... Completed! 181 s
[2024/01/07 06:19:35]  Residual tolerance satisfied, solution finished!
[2024/01/07 06:19:35]  Computing total derivatives....
[2024/01/07 06:19:35]  Computing total derivatives for alphaPorosity
[2024/01/07 06:19:35]  Calculating dFdField using reverse-mode AD for alphaPorosity
[2024/01/07 06:19:35]      Adding all faces of patches 1(inlet) ...
[2024/01/07 06:19:35]      Found matching patch inlet with 0 faces.
[2024/01/07 06:19:35]      Adding all faces of patches 1(outlet) ...
[2024/01/07 06:19:35]      Found matching patch outlet with 0 faces.
[2024/01/07 06:19:35]  Calculating [dRdField]^T * Psi using reverse-mode AD
[2024/01/07 06:19:35]  Calculating dFdField using reverse-mode AD for alphaPorosity
[2024/01/07 06:19:35]      Adding cells with centre within boxes 1((-50 -50 -50) (50 50 50))
[2024/01/07 06:19:35]  Calculating [dRdField]^T * Psi using reverse-mode AD
[2024/01/07 06:19:35]  Objective Function Sensitivity: 
[2024/01/07 06:19:35]  {'PL': {'alphaPorosity': array([ 0.0009197003177323,  0.000935509644779 ,  0.0009508689712665, ...,
[2024/01/07 06:19:35]         -0.000000199945924 , -0.0000002100962588, -0.0000002173546107])}, 'VOLUME': {'alphaPorosity': array([0.000000000025, 0.000000000025, 0.000000000025, ...,
[2024/01/07 06:19:35]         0.000000000025, 0.000000000025, 0.000000000025])}, 'fail': False}
[2024/01/07 06:19:35]  Adjoint Runtime: 3.44724 s
[2024/01/07 06:19:35]    27  5.6271248e+00 0.00e+00 5.02e-02  -2.8 4.74e-04    -  1.00e+00 1.00e+00f  1
[2024/01/07 06:19:35]  
[2024/01/07 06:19:35]  
[2024/01/07 06:19:35]  +--------------------------------------------------------------------------+
[2024/01/07 06:19:35]  |                  Evaluating Objective Functions 029                      |
[2024/01/07 06:19:35]  +--------------------------------------------------------------------------+
[2024/01/07 06:19:35]  Design Variables: 
[2024/01/07 06:19:35]  OrderedDict([('alphaPorosity', array([  1.9177998016966689,   1.8855847592196255,   1.855306526336267 ,
[2024/01/07 06:19:35]         ..., 323.2682447924591   , 323.86735621091856  ,
[2024/01/07 06:19:35]         324.2976731679957   ]))])
[2024/01/07 06:19:35]  DVGeo PointSet UpToDate: False
[2024/01/07 06:19:35]  Updating DVGeo PointSet....
[2024/01/07 06:19:35]  DVGeo PointSet UpToDate: True
[2024/01/07 06:19:40]  Warping the volume mesh....
[2024/01/07 06:19:40]  Setting up primal boundary conditions based on pyOptions: 
[2024/01/07 06:19:40]  Setting primal boundary conditions...
[2024/01/07 06:19:40]  Setting U = (0.1 0 0) at inlet
[2024/01/07 06:19:40]  Setting primal boundary conditions...
[2024/01/07 06:19:40]  Setting p = 0 at outlet
[2024/01/07 06:19:40]  nuTilda not found, skip it.
[2024/01/07 06:19:40]  Setting nut wall BC for wallBoundary. BCType=nutkWallFunction
[2024/01/07 06:19:40]  Running Primal Solver 029
[2024/01/07 06:19:40]  Previous solution time 88 not found and nothing deleted.
[2024/01/07 06:19:40]  No finite volume options present
[2024/01/07 06:19:40]  
[2024/01/07 06:19:40]  Starting time loop
[2024/01/07 06:19:40]  
[2024/01/07 06:19:40]  Checking mesh quality for time = 0
[2024/01/07 06:19:40]      Overall domain bounding box (7.181318501078189e-16 -1.399990449424424e-15 -5.718082257688551e-15) (0.02999999999999962 0.01500000000001617 0.001000000000005718)
[2024/01/07 06:19:40]      Mesh has 3 geometric (non-empty/wedge) directions 3{1}
[2024/01/07 06:19:40]      Mesh has 3 solution (non-empty) directions 3{1}
[2024/01/07 06:19:40]      Boundary openness (-6.947448714353218e-18 9.793123156124281e-19 -3.04020355740097e-16) OK.
[2024/01/07 06:19:40]      Max cell openness = 3.176373552203076e-16 OK.
[2024/01/07 06:19:40]      Max aspect ratio = 3.333333333492265 OK.
[2024/01/07 06:19:40]      Minimum face area = 1.499999999935995e-07. Maximum face area = 5.000000000129904e-07.  Face area magnitudes OK.
[2024/01/07 06:19:40]      Min volume = 1.499999999944929e-10. Max volume = 1.500000000034984e-10.  Total volume = 4.500000000002841e-07.  Cell volumes OK.
[2024/01/07 06:19:40]      Mesh non-orthogonality Max: 0 average: 0
[2024/01/07 06:19:40]      Non-orthogonality check OK.
[2024/01/07 06:19:40]      Face pyramids OK.
[2024/01/07 06:19:40]      Max skewness = 9.432792296734318e-11 OK.
[2024/01/07 06:19:40]      Coupled point location match (average 0) OK.
[2024/01/07 06:19:40]  
[2024/01/07 06:19:40]  Mesh OK.
[2024/01/07 06:19:40]  
[2024/01/07 06:19:40]  Time = 1
[2024/01/07 06:19:40]  
[2024/01/07 06:19:40]  U Initial residual: (2.432695589950258e-05 4.56232360724477e-05 0.001118611765718198)
[2024/01/07 06:19:40]  U   Final residual: (1.085055043669543e-06 2.181188127878495e-06 4.43282372466293e-05)
[2024/01/07 06:19:40]  p Initial residual: 0.0007266682721155637
[2024/01/07 06:19:40]  p   Final residual: 3.736924373435725e-05
[2024/01/07 06:19:40]  Time step continuity errors : sum local = 0.0001368709118097954
[2024/01/07 06:19:40]                                   global = -2.907200802575314e-06
[2024/01/07 06:19:40]                               cumulative = 0.001739515987521232
[2024/01/07 06:19:40]  yPlus min: 0 max: 0 mean: 0
[2024/01/07 06:19:40]  PL-part1-totalPressure: 15.24007252830744
[2024/01/07 06:19:40]  PL-part2-totalPressure: -9.604538948953937
[2024/01/07 06:19:40]  VOLUME-part1-variableVolSum: 1.000195114791533e-05
[2024/01/07 06:19:40]  ExecutionTime = 134.14 s  ClockTime = 185 s
[2024/01/07 06:19:40]  
[2024/01/07 06:19:40]  Time = 80
[2024/01/07 06:19:40]  Minimal residual 9.658736473615742e-07 satisfied the prescribed tolerance 1e-06
[2024/01/07 06:19:40]  
[2024/01/07 06:19:40]  PL-part1-totalPressure: 15.23308272697128
[2024/01/07 06:19:40]  PL-part2-totalPressure: -9.604050499118731
[2024/01/07 06:19:40]  VOLUME-part1-variableVolSum: 1.000195114791533e-05
[2024/01/07 06:19:40]  Printing Primal Residual Statistics.
[2024/01/07 06:19:40]  U Residual Norm2: (0.006132657930205298 0.002567852485604282 1.195138215421005e-13)
[2024/01/07 06:19:40]  U Residual Mean: (4.084899014889185e-05 1.759190383693495e-05 1.535569429784719e-15)
[2024/01/07 06:19:40]  U Residual Max: (0.0006242115298222828 0.0003270983945656836 1.051474073883196e-14)
[2024/01/07 06:19:40]  p Residual Norm2: 0.001108417169491881
[2024/01/07 06:19:40]  p Residual Mean: 3.130679568519152e-06
[2024/01/07 06:19:40]  p Residual Max: 0.0006414943203224625
[2024/01/07 06:19:40]  phi Residual Norm2: 3.530319584072434e-06
[2024/01/07 06:19:40]  phi Residual Mean: 7.69623885361237e-09
[2024/01/07 06:19:40]  phi Residual Max: 3.200631799718031e-07
[2024/01/07 06:19:40]  End
[2024/01/07 06:19:40]  
[2024/01/07 06:19:40]  Objective Functions: 
[2024/01/07 06:19:40]  {'PL': 5.629032227852546, 'VOLUME': 1.0001951147915332e-05, 'fail': False}
[2024/01/07 06:19:40]  Flow Runtime: 2.56144
[2024/01/07 06:19:40]  
[2024/01/07 06:19:40]  
[2024/01/07 06:19:40]  +--------------------------------------------------------------------------+
[2024/01/07 06:19:40]  |              Evaluating Objective Function Sensitivities 029             |
[2024/01/07 06:19:40]  +--------------------------------------------------------------------------+
[2024/01/07 06:19:40]  writeDeformedFFDs is deprecated since v3.0.1!
[2024/01/07 06:19:40]  Moving time 80 to 0.00000029
[2024/01/07 06:19:40]  Running adjoint Solver 029
[2024/01/07 06:19:40]  dRdWT Jacobian Free created!
[2024/01/07 06:19:40]  Solver Type: gmres
[2024/01/07 06:19:40]  GMRES Restart: 2000
[2024/01/07 06:19:40]  ASM Overlap: 1
[2024/01/07 06:19:40]  Global PC Iters: 0
[2024/01/07 06:19:40]  Local PC Iters: 1
[2024/01/07 06:19:40]  Mat ReOrdering: rcm
[2024/01/07 06:19:40]  ILU PC Fill Level: 1
[2024/01/07 06:19:40]  GMRES Max Iterations: 2000
[2024/01/07 06:19:40]  GMRES Relative Tolerance: 1e-06
[2024/01/07 06:19:40]  GMRES Absolute Tolerance: 1e-14
[2024/01/07 06:19:40]  Calculating dFdW using reverse-mode AD
[2024/01/07 06:19:40]      Adding all faces of patches 1(inlet) ...
[2024/01/07 06:19:40]      Found matching patch inlet with 0 faces.
[2024/01/07 06:19:40]      Adding all faces of patches 1(outlet) ...
[2024/01/07 06:19:40]      Found matching patch outlet with 0 faces.
[2024/01/07 06:19:40]  Solving Linear Equation... 186 s
[2024/01/07 06:19:40]  Main iteration 0 KSP Residual norm 1.968490165833e+00 186 s
[2024/01/07 06:19:40]  Main iteration 44 KSP Residual norm 1.226906732106e-06 187 s 
[2024/01/07 06:19:40]  Total iterations 44
[2024/01/07 06:19:40]  Solving Linear Equation... Completed! 187 s
[2024/01/07 06:19:40]  Residual tolerance satisfied, solution finished!
[2024/01/07 06:19:40]  Calculating dFdW using reverse-mode AD
[2024/01/07 06:19:44]      Adding cells with centre within boxes 1((-50 -50 -50) (50 50 50))
[2024/01/07 06:19:44]  Solving Linear Equation... 187 s
[2024/01/07 06:19:44]  Main iteration 0 KSP Residual norm 0.000000000000e+00 187 s
[2024/01/07 06:19:44]  Main iteration 0 KSP Residual norm 0.000000000000e+00 187 s 
[2024/01/07 06:19:44]  Total iterations 0
[2024/01/07 06:19:44]  Solving Linear Equation... Completed! 187 s
[2024/01/07 06:19:44]  Residual tolerance satisfied, solution finished!
[2024/01/07 06:19:44]  Computing total derivatives....
[2024/01/07 06:19:44]  Computing total derivatives for alphaPorosity
[2024/01/07 06:19:44]  Calculating dFdField using reverse-mode AD for alphaPorosity
[2024/01/07 06:19:44]      Adding all faces of patches 1(inlet) ...
[2024/01/07 06:19:44]      Found matching patch inlet with 0 faces.
[2024/01/07 06:19:44]      Adding all faces of patches 1(outlet) ...
[2024/01/07 06:19:44]      Found matching patch outlet with 0 faces.
[2024/01/07 06:19:44]  Calculating [dRdField]^T * Psi using reverse-mode AD
[2024/01/07 06:19:44]  Calculating dFdField using reverse-mode AD for alphaPorosity
[2024/01/07 06:19:44]      Adding cells with centre within boxes 1((-50 -50 -50) (50 50 50))
[2024/01/07 06:19:44]  Calculating [dRdField]^T * Psi using reverse-mode AD
[2024/01/07 06:19:44]  Objective Function Sensitivity: 
[2024/01/07 06:19:44]  {'PL': {'alphaPorosity': array([ 0.0009208198791007,  0.0009366424615238,  0.0009520131555962, ...,
[2024/01/07 06:19:44]         -0.0000002010387796, -0.0000002111848943, -0.0000002184322261])}, 'VOLUME': {'alphaPorosity': array([0.000000000025, 0.000000000025, 0.000000000025, ...,
[2024/01/07 06:19:44]         0.000000000025, 0.000000000025, 0.000000000025])}, 'fail': False}
[2024/01/07 06:19:44]  Adjoint Runtime: 3.58254 s
[2024/01/07 06:19:44]    28  5.6290322e+00 0.00e+00 2.91e-02  -2.8 1.15e-03    -  1.00e+00 1.00e+00f  1
[2024/01/07 06:19:44]  
[2024/01/07 06:19:44]  
[2024/01/07 06:19:44]  +--------------------------------------------------------------------------+
[2024/01/07 06:19:44]  |                  Evaluating Objective Functions 030                      |
[2024/01/07 06:19:44]  +--------------------------------------------------------------------------+
[2024/01/07 06:19:44]  Design Variables: 
[2024/01/07 06:19:44]  OrderedDict([('alphaPorosity', array([  1.9154770742121405,   1.8833128536088048,   1.8530849397437241,
[2024/01/07 06:19:44]         ..., 323.14035271537267  , 323.73837403521185  ,
[2024/01/07 06:19:44]         324.167272042676    ]))])
[2024/01/07 06:19:44]  DVGeo PointSet UpToDate: False
[2024/01/07 06:19:44]  Updating DVGeo PointSet....
[2024/01/07 06:19:44]  DVGeo PointSet UpToDate: True
[2024/01/07 06:19:44]  Warping the volume mesh....
[2024/01/07 06:19:44]  Setting up primal boundary conditions based on pyOptions: 
[2024/01/07 06:19:44]  Setting primal boundary conditions...
[2024/01/07 06:19:44]  Setting U = (0.1 0 0) at inlet
[2024/01/07 06:19:44]  Setting primal boundary conditions...
[2024/01/07 06:19:44]  Setting p = 0 at outlet
[2024/01/07 06:19:44]  nuTilda not found, skip it.
[2024/01/07 06:19:44]  Setting nut wall BC for wallBoundary. BCType=nutkWallFunction
[2024/01/07 06:19:44]  Running Primal Solver 030
[2024/01/07 06:19:44]  Previous solution time 80 not found and nothing deleted.
[2024/01/07 06:19:44]  No finite volume options present
[2024/01/07 06:19:44]  
[2024/01/07 06:19:44]  Starting time loop
[2024/01/07 06:19:44]  
[2024/01/07 06:19:44]  Checking mesh quality for time = 0
[2024/01/07 06:19:44]      Overall domain bounding box (7.181318501078189e-16 -1.399990449424424e-15 -5.718082257688551e-15) (0.02999999999999962 0.01500000000001617 0.001000000000005718)
[2024/01/07 06:19:44]      Mesh has 3 geometric (non-empty/wedge) directions 3{1}
[2024/01/07 06:19:44]      Mesh has 3 solution (non-empty) directions 3{1}
[2024/01/07 06:19:44]      Boundary openness (-6.947448714353218e-18 9.793123156124281e-19 -3.04020355740097e-16) OK.
[2024/01/07 06:19:44]      Max cell openness = 3.176373552203076e-16 OK.
[2024/01/07 06:19:44]      Max aspect ratio = 3.333333333492265 OK.
[2024/01/07 06:19:44]      Minimum face area = 1.499999999935995e-07. Maximum face area = 5.000000000129904e-07.  Face area magnitudes OK.
[2024/01/07 06:19:44]      Min volume = 1.499999999944929e-10. Max volume = 1.500000000034984e-10.  Total volume = 4.500000000002841e-07.  Cell volumes OK.
[2024/01/07 06:19:44]      Mesh non-orthogonality Max: 0 average: 0
[2024/01/07 06:19:44]      Non-orthogonality check OK.
[2024/01/07 06:19:44]      Face pyramids OK.
[2024/01/07 06:19:44]      Max skewness = 9.432792296734318e-11 OK.
[2024/01/07 06:19:44]      Coupled point location match (average 0) OK.
[2024/01/07 06:19:44]  
[2024/01/07 06:19:44]  Mesh OK.
[2024/01/07 06:19:44]  
[2024/01/07 06:19:44]  Time = 1
[2024/01/07 06:19:44]  
[2024/01/07 06:19:44]  U Initial residual: (2.117788679600176e-05 3.993105302521753e-05 0.001149656136583677)
[2024/01/07 06:19:44]  U   Final residual: (9.857141985915731e-07 1.998619957579535e-06 4.722098241043489e-05)
[2024/01/07 06:19:44]  p Initial residual: 0.0005607098200040493
[2024/01/07 06:19:44]  p   Final residual: 3.174230322446958e-05
[2024/01/07 06:19:44]  Time step continuity errors : sum local = 0.0001162632261525896
[2024/01/07 06:19:44]                                   global = -2.396572792237792e-06
[2024/01/07 06:19:44]                               cumulative = 0.001737119414728994
[2024/01/07 06:19:44]  yPlus min: 0 max: 0 mean: 0
[2024/01/07 06:19:44]  PL-part1-totalPressure: 15.24069676907621
[2024/01/07 06:19:44]  PL-part2-totalPressure: -9.604050120762421
[2024/01/07 06:19:44]  VOLUME-part1-variableVolSum: 1.000195567919738e-05
[2024/01/07 06:19:44]  ExecutionTime = 138.19 s  ClockTime = 191 s
[2024/01/07 06:19:44]  
[2024/01/07 06:19:44]  Time = 79
[2024/01/07 06:19:44]  Minimal residual 9.823796223633965e-07 satisfied the prescribed tolerance 1e-06
[2024/01/07 06:19:44]  
[2024/01/07 06:19:48]  PL-part1-totalPressure: 15.23443379781697
[2024/01/07 06:19:48]  PL-part2-totalPressure: -9.603629279775435
[2024/01/07 06:19:48]  VOLUME-part1-variableVolSum: 1.000195567919738e-05
[2024/01/07 06:19:48]  Printing Primal Residual Statistics.
[2024/01/07 06:19:48]  U Residual Norm2: (0.006286434308823864 0.002646899693447087 1.164051206230036e-13)
[2024/01/07 06:19:48]  U Residual Mean: (4.194430310242057e-05 1.804641938023891e-05 1.494277983405818e-15)
[2024/01/07 06:19:48]  U Residual Max: (0.0006217379735016237 0.0003518996675606623 9.623254037108246e-15)
[2024/01/07 06:19:48]  p Residual Norm2: 0.001160570958614106
[2024/01/07 06:19:48]  p Residual Mean: 3.236898263472363e-06
[2024/01/07 06:19:48]  p Residual Max: 0.0006831815620007313
[2024/01/07 06:19:48]  phi Residual Norm2: 3.63087082796286e-06
[2024/01/07 06:19:48]  phi Residual Mean: 7.905078689563271e-09
[2024/01/07 06:19:48]  phi Residual Max: 3.29736705187539e-07
[2024/01/07 06:19:48]  End
[2024/01/07 06:19:48]  
[2024/01/07 06:19:48]  Objective Functions: 
[2024/01/07 06:19:48]  {'PL': 5.630804518041533, 'VOLUME': 1.0001955679197376e-05, 'fail': False}
[2024/01/07 06:19:48]  Flow Runtime: 2.66356
[2024/01/07 06:19:48]  
[2024/01/07 06:19:48]  
[2024/01/07 06:19:48]  +--------------------------------------------------------------------------+
[2024/01/07 06:19:48]  |              Evaluating Objective Function Sensitivities 030             |
[2024/01/07 06:19:48]  +--------------------------------------------------------------------------+
[2024/01/07 06:19:48]  writeDeformedFFDs is deprecated since v3.0.1!
[2024/01/07 06:19:48]  Moving time 79 to 0.00000030
[2024/01/07 06:19:48]  Running adjoint Solver 030
[2024/01/07 06:19:48]  dRdWT Jacobian Free created!
[2024/01/07 06:19:48]  Solver Type: gmres
[2024/01/07 06:19:48]  GMRES Restart: 2000
[2024/01/07 06:19:48]  ASM Overlap: 1
[2024/01/07 06:19:48]  Global PC Iters: 0
[2024/01/07 06:19:48]  Local PC Iters: 1
[2024/01/07 06:19:48]  Mat ReOrdering: rcm
[2024/01/07 06:19:48]  ILU PC Fill Level: 1
[2024/01/07 06:19:48]  GMRES Max Iterations: 2000
[2024/01/07 06:19:48]  GMRES Relative Tolerance: 1e-06
[2024/01/07 06:19:48]  GMRES Absolute Tolerance: 1e-14
[2024/01/07 06:19:48]  Calculating dFdW using reverse-mode AD
[2024/01/07 06:19:48]      Adding all faces of patches 1(inlet) ...
[2024/01/07 06:19:48]      Found matching patch inlet with 0 faces.
[2024/01/07 06:19:48]      Adding all faces of patches 1(outlet) ...
[2024/01/07 06:19:48]      Found matching patch outlet with 0 faces.
[2024/01/07 06:19:48]  Solving Linear Equation... 192 s
[2024/01/07 06:19:48]  Main iteration 0 KSP Residual norm 1.968447369183e+00 192 s
[2024/01/07 06:19:48]  Main iteration 44 KSP Residual norm 1.233498644266e-06 193 s 
[2024/01/07 06:19:48]  Total iterations 44
[2024/01/07 06:19:48]  Solving Linear Equation... Completed! 193 s
[2024/01/07 06:19:48]  Residual tolerance satisfied, solution finished!
[2024/01/07 06:19:48]  Calculating dFdW using reverse-mode AD
[2024/01/07 06:19:48]      Adding cells with centre within boxes 1((-50 -50 -50) (50 50 50))
[2024/01/07 06:19:48]  Solving Linear Equation... 193 s
[2024/01/07 06:19:48]  Main iteration 0 KSP Residual norm 0.000000000000e+00 193 s
[2024/01/07 06:19:48]  Main iteration 0 KSP Residual norm 0.000000000000e+00 193 s 
[2024/01/07 06:19:48]  Total iterations 0
[2024/01/07 06:19:48]  Solving Linear Equation... Completed! 193 s
[2024/01/07 06:19:48]  Residual tolerance satisfied, solution finished!
[2024/01/07 06:19:48]  Computing total derivatives....
[2024/01/07 06:19:48]  Computing total derivatives for alphaPorosity
[2024/01/07 06:19:48]  Calculating dFdField using reverse-mode AD for alphaPorosity
[2024/01/07 06:19:48]      Adding all faces of patches 1(inlet) ...
[2024/01/07 06:19:48]      Found matching patch inlet with 0 faces.
[2024/01/07 06:19:48]      Adding all faces of patches 1(outlet) ...
[2024/01/07 06:19:48]      Found matching patch outlet with 0 faces.
[2024/01/07 06:19:48]  Calculating [dRdField]^T * Psi using reverse-mode AD
[2024/01/07 06:19:48]  Calculating dFdField using reverse-mode AD for alphaPorosity
[2024/01/07 06:19:48]      Adding cells with centre within boxes 1((-50 -50 -50) (50 50 50))
[2024/01/07 06:19:48]  Calculating [dRdField]^T * Psi using reverse-mode AD
[2024/01/07 06:19:48]  Objective Function Sensitivity: 
[2024/01/07 06:19:48]  {'PL': {'alphaPorosity': array([ 0.0009218399146028,  0.0009376714547951,  0.0009530494497147, ...,
[2024/01/07 06:19:48]         -0.0000002021104447, -0.0000002122550731, -0.0000002194940046])}, 'VOLUME': {'alphaPorosity': array([0.000000000025, 0.000000000025, 0.000000000025, ...,
[2024/01/07 06:19:48]         0.000000000025, 0.000000000025, 0.000000000025])}, 'fail': False}
[2024/01/07 06:19:48]  Adjoint Runtime: 3.55998 s
[2024/01/07 06:19:48]    29  5.6308045e+00 0.00e+00 2.89e-02  -2.8 6.26e-04    -  1.00e+00 1.00e+00f  1
[2024/01/07 06:19:48]  
[2024/01/07 06:19:48]  
[2024/01/07 06:19:48]  +--------------------------------------------------------------------------+
[2024/01/07 06:19:48]  |                  Evaluating Objective Functions 031                      |
[2024/01/07 06:19:48]  +--------------------------------------------------------------------------+
[2024/01/07 06:19:48]  Design Variables: 
[2024/01/07 06:19:48]  OrderedDict([('alphaPorosity', array([  1.91336500393979  ,   1.8812532291115631,   1.8510767793373075,
[2024/01/07 06:19:48]         ..., 323.0264648463528   , 323.6237618675025   ,
[2024/01/07 06:19:48]         324.05163021429826  ]))])
[2024/01/07 06:19:48]  DVGeo PointSet UpToDate: False
[2024/01/07 06:19:48]  Updating DVGeo PointSet....
[2024/01/07 06:19:48]  DVGeo PointSet UpToDate: True
[2024/01/07 06:19:48]  Warping the volume mesh....
[2024/01/07 06:19:48]  Setting up primal boundary conditions based on pyOptions: 
[2024/01/07 06:19:48]  Setting primal boundary conditions...
[2024/01/07 06:19:48]  Setting U = (0.1 0 0) at inlet
[2024/01/07 06:19:48]  Setting primal boundary conditions...
[2024/01/07 06:19:48]  Setting p = 0 at outlet
[2024/01/07 06:19:48]  nuTilda not found, skip it.
[2024/01/07 06:19:55]  Setting nut wall BC for wallBoundary. BCType=nutkWallFunction
[2024/01/07 06:19:55]  Running Primal Solver 031
[2024/01/07 06:19:55]  Previous solution time 79 not found and nothing deleted.
[2024/01/07 06:19:55]  No finite volume options present
[2024/01/07 06:19:55]  
[2024/01/07 06:19:55]  Starting time loop
[2024/01/07 06:19:55]  
[2024/01/07 06:19:55]  Checking mesh quality for time = 0
[2024/01/07 06:19:55]      Overall domain bounding box (7.181318501078189e-16 -1.399990449424424e-15 -5.718082257688551e-15) (0.02999999999999962 0.01500000000001617 0.001000000000005718)
[2024/01/07 06:19:55]      Mesh has 3 geometric (non-empty/wedge) directions 3{1}
[2024/01/07 06:19:55]      Mesh has 3 solution (non-empty) directions 3{1}
[2024/01/07 06:19:55]      Boundary openness (-6.947448714353218e-18 9.793123156124281e-19 -3.04020355740097e-16) OK.
[2024/01/07 06:19:55]      Max cell openness = 3.176373552203076e-16 OK.
[2024/01/07 06:19:55]      Max aspect ratio = 3.333333333492265 OK.
[2024/01/07 06:19:55]      Minimum face area = 1.499999999935995e-07. Maximum face area = 5.000000000129904e-07.  Face area magnitudes OK.
[2024/01/07 06:19:55]      Min volume = 1.499999999944929e-10. Max volume = 1.500000000034984e-10.  Total volume = 4.500000000002841e-07.  Cell volumes OK.
[2024/01/07 06:19:55]      Mesh non-orthogonality Max: 0 average: 0
[2024/01/07 06:19:55]      Non-orthogonality check OK.
[2024/01/07 06:19:55]      Face pyramids OK.
[2024/01/07 06:19:55]      Max skewness = 9.432792296734318e-11 OK.
[2024/01/07 06:19:55]      Coupled point location match (average 0) OK.
[2024/01/07 06:19:55]  
[2024/01/07 06:19:55]  Mesh OK.
[2024/01/07 06:19:55]  
[2024/01/07 06:19:55]  Time = 1
[2024/01/07 06:19:55]  
[2024/01/07 06:19:55]  U Initial residual: (1.956164364565588e-05 3.79346457776265e-05 0.001120806496590379)
[2024/01/07 06:19:55]  U   Final residual: (9.13773507535116e-07 1.890903851141968e-06 4.480544120316802e-05)
[2024/01/07 06:19:55]  p Initial residual: 0.0005423802364473554
[2024/01/07 06:19:55]  p   Final residual: 3.017044097572976e-05
[2024/01/07 06:19:55]  Time step continuity errors : sum local = 0.0001104951676141221
[2024/01/07 06:19:55]                                   global = -2.150020656927318e-06
[2024/01/07 06:19:55]                               cumulative = 0.001734969394072066
[2024/01/07 06:19:55]  yPlus min: 0 max: 0 mean: 0
[2024/01/07 06:19:55]  PL-part1-totalPressure: 15.24136561545694
[2024/01/07 06:19:55]  PL-part2-totalPressure: -9.603628655961201
[2024/01/07 06:19:55]  VOLUME-part1-variableVolSum: 1.000195986291168e-05
[2024/01/07 06:19:55]  ExecutionTime = 142.16 s  ClockTime = 198 s
[2024/01/07 06:19:55]  
[2024/01/07 06:19:55]  Time = 79
[2024/01/07 06:19:55]  Minimal residual 9.88826535347714e-07 satisfied the prescribed tolerance 1e-06
[2024/01/07 06:19:55]  
[2024/01/07 06:19:55]  PL-part1-totalPressure: 15.23570132505984
[2024/01/07 06:19:55]  PL-part2-totalPressure: -9.603275574760884
[2024/01/07 06:19:55]  VOLUME-part1-variableVolSum: 1.000195986291168e-05
[2024/01/07 06:19:55]  Printing Primal Residual Statistics.
[2024/01/07 06:19:55]  U Residual Norm2: (0.006233792904008171 0.00267275820668773 1.220049685083436e-13)
[2024/01/07 06:19:55]  U Residual Mean: (4.156982443276614e-05 1.805274040942262e-05 1.575743509992459e-15)
[2024/01/07 06:19:55]  U Residual Max: (0.0005954041093207962 0.0003603844789171751 1.1067479025644e-14)
[2024/01/07 06:19:55]  p Residual Norm2: 0.001145302826724227
[2024/01/07 06:19:55]  p Residual Mean: 3.22869330595379e-06
[2024/01/07 06:19:55]  p Residual Max: 0.000684690761950857
[2024/01/07 06:19:55]  phi Residual Norm2: 3.621162397979251e-06
[2024/01/07 06:19:55]  phi Residual Mean: 7.870781466003996e-09
[2024/01/07 06:19:55]  phi Residual Max: 3.329069548238818e-07
[2024/01/07 06:19:55]  End
[2024/01/07 06:19:55]  
[2024/01/07 06:19:55]  Objective Functions: 
[2024/01/07 06:19:55]  {'PL': 5.63242575029896, 'VOLUME': 1.0001959862911677e-05, 'fail': False}
[2024/01/07 06:19:55]  Flow Runtime: 2.67248
[2024/01/07 06:19:55]  
[2024/01/07 06:19:55]  
[2024/01/07 06:19:55]  +--------------------------------------------------------------------------+
[2024/01/07 06:19:55]  |              Evaluating Objective Function Sensitivities 031             |
[2024/01/07 06:19:55]  +--------------------------------------------------------------------------+
[2024/01/07 06:19:55]  writeDeformedFFDs is deprecated since v3.0.1!
[2024/01/07 06:19:55]  Moving time 79 to 0.00000031
[2024/01/07 06:19:55]  Running adjoint Solver 031
[2024/01/07 06:19:55]  dRdWT Jacobian Free created!
[2024/01/07 06:19:55]  Computing dRdWTPC 199 s
[2024/01/07 06:19:55]  Initializing dRdWCon. 199 s
[2024/01/07 06:19:55]  dRdWCon Created. 199 s
[2024/01/07 06:19:55]  Reading Coloring dRdWColoring_6
[2024/01/07 06:19:55]  Validating Coloring...
[2024/01/07 06:19:55]  No Conflicting Colors Found!
[2024/01/07 06:19:55]  Partial derivative matrix created. 199 s
[2024/01/07 06:19:55]  dRdWTPC: 0 of 348, ExecutionTime: 199 s
[2024/01/07 06:19:55]  dRdWTPC: 100 of 348, ExecutionTime: 200 s
[2024/01/07 06:19:55]  dRdWTPC: 200 of 348, ExecutionTime: 200 s
[2024/01/07 06:19:55]  dRdWTPC: 300 of 348, ExecutionTime: 201 s
[2024/01/07 06:19:55]  dRdWTPC: 347 of 348, ExecutionTime: 201 s
[2024/01/07 06:19:55]  Solver Type: gmres
[2024/01/07 06:19:55]  GMRES Restart: 2000
[2024/01/07 06:19:55]  ASM Overlap: 1
[2024/01/07 06:19:55]  Global PC Iters: 0
[2024/01/07 06:19:55]  Local PC Iters: 1
[2024/01/07 06:19:55]  Mat ReOrdering: rcm
[2024/01/07 06:19:55]  ILU PC Fill Level: 1
[2024/01/07 06:19:55]  GMRES Max Iterations: 2000
[2024/01/07 06:19:55]  GMRES Relative Tolerance: 1e-06
[2024/01/07 06:19:55]  GMRES Absolute Tolerance: 1e-14
[2024/01/07 06:19:55]  Calculating dFdW using reverse-mode AD
[2024/01/07 06:19:55]      Adding all faces of patches 1(inlet) ...
[2024/01/07 06:19:55]      Found matching patch inlet with 0 faces.
[2024/01/07 06:19:55]      Adding all faces of patches 1(outlet) ...
[2024/01/07 06:19:55]      Found matching patch outlet with 0 faces.
[2024/01/07 06:19:55]  Solving Linear Equation... 201 s
[2024/01/07 06:19:55]  Main iteration 0 KSP Residual norm 1.968411431393e+00 201 s
[2024/01/07 06:19:55]  Main iteration 44 KSP Residual norm 1.226945397785e-06 202 s 
[2024/01/07 06:19:55]  Total iterations 44
[2024/01/07 06:19:59]  Solving Linear Equation... Completed! 202 s
[2024/01/07 06:19:59]  Residual tolerance satisfied, solution finished!
[2024/01/07 06:19:59]  Calculating dFdW using reverse-mode AD
[2024/01/07 06:19:59]      Adding cells with centre within boxes 1((-50 -50 -50) (50 50 50))
[2024/01/07 06:19:59]  Solving Linear Equation... 202 s
[2024/01/07 06:19:59]  Main iteration 0 KSP Residual norm 0.000000000000e+00 202 s
[2024/01/07 06:19:59]  Main iteration 0 KSP Residual norm 0.000000000000e+00 202 s 
[2024/01/07 06:19:59]  Total iterations 0
[2024/01/07 06:19:59]  Solving Linear Equation... Completed! 202 s
[2024/01/07 06:19:59]  Residual tolerance satisfied, solution finished!
[2024/01/07 06:19:59]  Computing total derivatives....
[2024/01/07 06:19:59]  Computing total derivatives for alphaPorosity
[2024/01/07 06:19:59]  Calculating dFdField using reverse-mode AD for alphaPorosity
[2024/01/07 06:19:59]      Adding all faces of patches 1(inlet) ...
[2024/01/07 06:19:59]      Found matching patch inlet with 0 faces.
[2024/01/07 06:19:59]      Adding all faces of patches 1(outlet) ...
[2024/01/07 06:19:59]      Found matching patch outlet with 0 faces.
[2024/01/07 06:19:59]  Calculating [dRdField]^T * Psi using reverse-mode AD
[2024/01/07 06:19:59]  Calculating dFdField using reverse-mode AD for alphaPorosity
[2024/01/07 06:19:59]      Adding cells with centre within boxes 1((-50 -50 -50) (50 50 50))
[2024/01/07 06:19:59]  Calculating [dRdField]^T * Psi using reverse-mode AD
[2024/01/07 06:19:59]  Objective Function Sensitivity: 
[2024/01/07 06:19:59]  {'PL': {'alphaPorosity': array([ 0.0009227739004364,  0.0009386121606361,  0.0009539952065767, ...,
[2024/01/07 06:19:59]         -0.0000002031487886, -0.0000002132812654, -0.0000002205004575])}, 'VOLUME': {'alphaPorosity': array([0.000000000025, 0.000000000025, 0.000000000025, ...,
[2024/01/07 06:19:59]         0.000000000025, 0.000000000025, 0.000000000025])}, 'fail': False}
[2024/01/07 06:19:59]  Adjoint Runtime: 6.40364 s
[2024/01/07 06:19:59]  iter    objective    inf_pr   inf_du lg(mu)  ||d||  lg(rg) alpha_du alpha_pr  ls
[2024/01/07 06:19:59]    30  5.6324258e+00 0.00e+00 2.79e-02  -2.8 4.23e-04    -  1.00e+00 1.00e+00f  1
[2024/01/07 06:19:59]  
[2024/01/07 06:19:59]  
[2024/01/07 06:19:59]  +--------------------------------------------------------------------------+
[2024/01/07 06:19:59]  |                  Evaluating Objective Functions 032                      |
[2024/01/07 06:19:59]  +--------------------------------------------------------------------------+
[2024/01/07 06:19:59]  Design Variables: 
[2024/01/07 06:19:59]  OrderedDict([('alphaPorosity', array([  1.911435192422063 ,   1.8793742457434834,   1.8492478322360706,
[2024/01/07 06:19:59]         ..., 322.9266915444019   , 323.523037410945    ,
[2024/01/07 06:19:59]         323.94962305742496  ]))])
[2024/01/07 06:19:59]  DVGeo PointSet UpToDate: False
[2024/01/07 06:19:59]  Updating DVGeo PointSet....
[2024/01/07 06:19:59]  DVGeo PointSet UpToDate: True
[2024/01/07 06:19:59]  Warping the volume mesh....
[2024/01/07 06:19:59]  Setting up primal boundary conditions based on pyOptions: 
[2024/01/07 06:19:59]  Setting primal boundary conditions...
[2024/01/07 06:19:59]  Setting U = (0.1 0 0) at inlet
[2024/01/07 06:19:59]  Setting primal boundary conditions...
[2024/01/07 06:19:59]  Setting p = 0 at outlet
[2024/01/07 06:19:59]  nuTilda not found, skip it.
[2024/01/07 06:19:59]  Setting nut wall BC for wallBoundary. BCType=nutkWallFunction
[2024/01/07 06:19:59]  Running Primal Solver 032
[2024/01/07 06:19:59]  Previous solution time 79 not found and nothing deleted.
[2024/01/07 06:19:59]  No finite volume options present
[2024/01/07 06:19:59]  
[2024/01/07 06:19:59]  Starting time loop
[2024/01/07 06:19:59]  
[2024/01/07 06:19:59]  Checking mesh quality for time = 0
[2024/01/07 06:19:59]      Overall domain bounding box (7.181318501078189e-16 -1.399990449424424e-15 -5.718082257688551e-15) (0.02999999999999962 0.01500000000001617 0.001000000000005718)
[2024/01/07 06:19:59]      Mesh has 3 geometric (non-empty/wedge) directions 3{1}
[2024/01/07 06:19:59]      Mesh has 3 solution (non-empty) directions 3{1}
[2024/01/07 06:19:59]      Boundary openness (-6.947448714353218e-18 9.793123156124281e-19 -3.04020355740097e-16) OK.
[2024/01/07 06:19:59]      Max cell openness = 3.176373552203076e-16 OK.
[2024/01/07 06:19:59]      Max aspect ratio = 3.333333333492265 OK.
[2024/01/07 06:19:59]      Minimum face area = 1.499999999935995e-07. Maximum face area = 5.000000000129904e-07.  Face area magnitudes OK.
[2024/01/07 06:19:59]      Min volume = 1.499999999944929e-10. Max volume = 1.500000000034984e-10.  Total volume = 4.500000000002841e-07.  Cell volumes OK.
[2024/01/07 06:19:59]      Mesh non-orthogonality Max: 0 average: 0
[2024/01/07 06:19:59]      Non-orthogonality check OK.
[2024/01/07 06:19:59]      Face pyramids OK.
[2024/01/07 06:19:59]      Max skewness = 9.432792296734318e-11 OK.
[2024/01/07 06:19:59]      Coupled point location match (average 0) OK.
[2024/01/07 06:19:59]  
[2024/01/07 06:19:59]  Mesh OK.
[2024/01/07 06:19:59]  
[2024/01/07 06:19:59]  Time = 1
[2024/01/07 06:19:59]  
[2024/01/07 06:19:59]  U Initial residual: (1.787875790918108e-05 3.507811856406817e-05 0.001178439354384958)
[2024/01/07 06:19:59]  U   Final residual: (8.560763896006522e-07 1.814849026933632e-06 4.941164585570444e-05)
[2024/01/07 06:19:59]  p Initial residual: 0.000479677828252629
[2024/01/07 06:19:59]  p   Final residual: 2.73086690474776e-05
[2024/01/07 06:19:59]  Time step continuity errors : sum local = 9.999895815655331e-05
[2024/01/07 06:19:59]                                   global = -1.840070896879581e-06
[2024/01/07 06:19:59]                               cumulative = 0.001733129323175187
[2024/01/07 06:19:59]  yPlus min: 0 max: 0 mean: 0
[2024/01/07 06:19:59]  PL-part1-totalPressure: 15.24216894814741
[2024/01/07 06:19:59]  PL-part2-totalPressure: -9.603274838826991
[2024/01/07 06:20:04]  VOLUME-part1-variableVolSum: 1.000196364406868e-05
[2024/01/07 06:20:04]  ExecutionTime = 149.35 s  ClockTime = 207 s
[2024/01/07 06:20:04]  
[2024/01/07 06:20:04]  Time = 77
[2024/01/07 06:20:04]  Minimal residual 9.811337877833105e-07 satisfied the prescribed tolerance 1e-06
[2024/01/07 06:20:04]  
[2024/01/07 06:20:04]  PL-part1-totalPressure: 15.2369006937517
[2024/01/07 06:20:04]  PL-part2-totalPressure: -9.602967451339184
[2024/01/07 06:20:04]  VOLUME-part1-variableVolSum: 1.000196364406868e-05
[2024/01/07 06:20:04]  Printing Primal Residual Statistics.
[2024/01/07 06:20:04]  U Residual Norm2: (0.006421667087815526 0.002739815617600451 1.099939899267011e-13)
[2024/01/07 06:20:04]  U Residual Mean: (4.41573577969988e-05 1.891965535469412e-05 1.426392403109111e-15)
[2024/01/07 06:20:04]  U Residual Max: (0.0005873364741528775 0.0003535011466779814 9.897409242805865e-15)
[2024/01/07 06:20:04]  p Residual Norm2: 0.001091440279446061
[2024/01/07 06:20:04]  p Residual Mean: 3.248370018714269e-06
[2024/01/07 06:20:04]  p Residual Max: 0.0006575504195071668
[2024/01/07 06:20:04]  phi Residual Norm2: 3.742508247338296e-06
[2024/01/07 06:20:04]  phi Residual Mean: 8.344390863280715e-09
[2024/01/07 06:20:04]  phi Residual Max: 3.400595405025909e-07
[2024/01/07 06:20:04]  End
[2024/01/07 06:20:04]  
[2024/01/07 06:20:04]  Objective Functions: 
[2024/01/07 06:20:04]  {'PL': 5.633933242412512, 'VOLUME': 1.0001963644068678e-05, 'fail': False}
[2024/01/07 06:20:04]  Flow Runtime: 2.82852
[2024/01/07 06:20:04]  
[2024/01/07 06:20:04]  
[2024/01/07 06:20:04]  +--------------------------------------------------------------------------+
[2024/01/07 06:20:04]  |              Evaluating Objective Function Sensitivities 032             |
[2024/01/07 06:20:04]  +--------------------------------------------------------------------------+
[2024/01/07 06:20:04]  writeDeformedFFDs is deprecated since v3.0.1!
[2024/01/07 06:20:04]  Moving time 77 to 0.00000032
[2024/01/07 06:20:04]  Running adjoint Solver 032
[2024/01/07 06:20:04]  dRdWT Jacobian Free created!
[2024/01/07 06:20:04]  Solver Type: gmres
[2024/01/07 06:20:04]  GMRES Restart: 2000
[2024/01/07 06:20:04]  ASM Overlap: 1
[2024/01/07 06:20:04]  Global PC Iters: 0
[2024/01/07 06:20:04]  Local PC Iters: 1
[2024/01/07 06:20:04]  Mat ReOrdering: rcm
[2024/01/07 06:20:04]  ILU PC Fill Level: 1
[2024/01/07 06:20:04]  GMRES Max Iterations: 2000
[2024/01/07 06:20:04]  GMRES Relative Tolerance: 1e-06
[2024/01/07 06:20:04]  GMRES Absolute Tolerance: 1e-14
[2024/01/07 06:20:04]  Calculating dFdW using reverse-mode AD
[2024/01/07 06:20:04]      Adding all faces of patches 1(inlet) ...
[2024/01/07 06:20:04]      Found matching patch inlet with 0 faces.
[2024/01/07 06:20:04]      Adding all faces of patches 1(outlet) ...
[2024/01/07 06:20:04]      Found matching patch outlet with 0 faces.
[2024/01/07 06:20:04]  Solving Linear Equation... 208 s
[2024/01/07 06:20:04]  Main iteration 0 KSP Residual norm 1.968380124333e+00 208 s
[2024/01/07 06:20:04]  Main iteration 44 KSP Residual norm 1.232119625613e-06 209 s 
[2024/01/07 06:20:04]  Total iterations 44
[2024/01/07 06:20:04]  Solving Linear Equation... Completed! 209 s
[2024/01/07 06:20:04]  Residual tolerance satisfied, solution finished!
[2024/01/07 06:20:04]  Calculating dFdW using reverse-mode AD
[2024/01/07 06:20:04]      Adding cells with centre within boxes 1((-50 -50 -50) (50 50 50))
[2024/01/07 06:20:04]  Solving Linear Equation... 209 s
[2024/01/07 06:20:04]  Main iteration 0 KSP Residual norm 0.000000000000e+00 209 s
[2024/01/07 06:20:04]  Main iteration 0 KSP Residual norm 0.000000000000e+00 209 s 
[2024/01/07 06:20:04]  Total iterations 0
[2024/01/07 06:20:04]  Solving Linear Equation... Completed! 209 s
[2024/01/07 06:20:04]  Residual tolerance satisfied, solution finished!
[2024/01/07 06:20:04]  Computing total derivatives....
[2024/01/07 06:20:04]  Computing total derivatives for alphaPorosity
[2024/01/07 06:20:04]  Calculating dFdField using reverse-mode AD for alphaPorosity
[2024/01/07 06:20:04]      Adding all faces of patches 1(inlet) ...
[2024/01/07 06:20:04]      Found matching patch inlet with 0 faces.
[2024/01/07 06:20:04]      Adding all faces of patches 1(outlet) ...
[2024/01/07 06:20:04]      Found matching patch outlet with 0 faces.
[2024/01/07 06:20:04]  Calculating [dRdField]^T * Psi using reverse-mode AD
[2024/01/07 06:20:04]  Calculating dFdField using reverse-mode AD for alphaPorosity
[2024/01/07 06:20:04]      Adding cells with centre within boxes 1((-50 -50 -50) (50 50 50))
[2024/01/07 06:20:04]  Calculating [dRdField]^T * Psi using reverse-mode AD
[2024/01/07 06:20:04]  Objective Function Sensitivity: 
[2024/01/07 06:20:04]  {'PL': {'alphaPorosity': array([ 0.0009236353424474,  0.0009394784683618,  0.0009548648995509, ...,
[2024/01/07 06:20:04]         -0.0000002040477953, -0.0000002141681201, -0.000000221369157 ])}, 'VOLUME': {'alphaPorosity': array([0.000000000025, 0.000000000025, 0.000000000025, ...,
[2024/01/07 06:20:04]         0.000000000025, 0.000000000025, 0.000000000025])}, 'fail': False}
[2024/01/07 06:20:04]  Adjoint Runtime: 3.54198 s
[2024/01/07 06:20:04]    31  5.6339332e+00 0.00e+00 2.57e-02  -2.8 3.51e-04    -  1.00e+00 1.00e+00f  1
[2024/01/07 06:20:04]  
[2024/01/07 06:20:04]  
[2024/01/07 06:20:04]  +--------------------------------------------------------------------------+
[2024/01/07 06:20:04]  |                  Evaluating Objective Functions 033                      |
[2024/01/07 06:20:04]  +--------------------------------------------------------------------------+
[2024/01/07 06:20:04]  Design Variables: 
[2024/01/07 06:20:04]  OrderedDict([('alphaPorosity', array([  1.909658751755087 ,   1.87764720631024  ,   1.8475691817343691,
[2024/01/07 06:20:04]         ..., 322.83606309579744  , 323.43139555394004  ,
[2024/01/07 06:20:04]         323.8566793389507   ]))])
[2024/01/07 06:20:04]  DVGeo PointSet UpToDate: False
[2024/01/07 06:20:04]  Updating DVGeo PointSet....
[2024/01/07 06:20:04]  DVGeo PointSet UpToDate: True
[2024/01/07 06:20:04]  Warping the volume mesh....
[2024/01/07 06:20:04]  Setting up primal boundary conditions based on pyOptions: 
[2024/01/07 06:20:08]  Setting primal boundary conditions...
[2024/01/07 06:20:08]  Setting U = (0.1 0 0) at inlet
[2024/01/07 06:20:08]  Setting primal boundary conditions...
[2024/01/07 06:20:08]  Setting p = 0 at outlet
[2024/01/07 06:20:08]  nuTilda not found, skip it.
[2024/01/07 06:20:08]  Setting nut wall BC for wallBoundary. BCType=nutkWallFunction
[2024/01/07 06:20:08]  Running Primal Solver 033
[2024/01/07 06:20:08]  Previous solution time 77 not found and nothing deleted.
[2024/01/07 06:20:08]  No finite volume options present
[2024/01/07 06:20:08]  
[2024/01/07 06:20:08]  Starting time loop
[2024/01/07 06:20:08]  
[2024/01/07 06:20:08]  Checking mesh quality for time = 0
[2024/01/07 06:20:08]      Overall domain bounding box (7.181318501078189e-16 -1.399990449424424e-15 -5.718082257688551e-15) (0.02999999999999962 0.01500000000001617 0.001000000000005718)
[2024/01/07 06:20:08]      Mesh has 3 geometric (non-empty/wedge) directions 3{1}
[2024/01/07 06:20:08]      Mesh has 3 solution (non-empty) directions 3{1}
[2024/01/07 06:20:08]      Boundary openness (-6.947448714353218e-18 9.793123156124281e-19 -3.04020355740097e-16) OK.
[2024/01/07 06:20:08]      Max cell openness = 3.176373552203076e-16 OK.
[2024/01/07 06:20:08]      Max aspect ratio = 3.333333333492265 OK.
[2024/01/07 06:20:08]      Minimum face area = 1.499999999935995e-07. Maximum face area = 5.000000000129904e-07.  Face area magnitudes OK.
[2024/01/07 06:20:08]      Min volume = 1.499999999944929e-10. Max volume = 1.500000000034984e-10.  Total volume = 4.500000000002841e-07.  Cell volumes OK.
[2024/01/07 06:20:08]      Mesh non-orthogonality Max: 0 average: 0
[2024/01/07 06:20:08]      Non-orthogonality check OK.
[2024/01/07 06:20:08]      Face pyramids OK.
[2024/01/07 06:20:08]      Max skewness = 9.432792296734318e-11 OK.
[2024/01/07 06:20:08]      Coupled point location match (average 0) OK.
[2024/01/07 06:20:08]  
[2024/01/07 06:20:08]  Mesh OK.
[2024/01/07 06:20:08]  
[2024/01/07 06:20:08]  Time = 1
[2024/01/07 06:20:08]  
[2024/01/07 06:20:08]  U Initial residual: (1.672762814253147e-05 3.337188540584843e-05 0.001067966102767747)
[2024/01/07 06:20:08]  U   Final residual: (7.960868552076077e-07 1.695402375991209e-06 4.186079465712101e-05)
[2024/01/07 06:20:08]  p Initial residual: 0.0004556044622952304
[2024/01/07 06:20:08]  p   Final residual: 2.595307196349235e-05
[2024/01/07 06:20:08]  Time step continuity errors : sum local = 9.502054662452495e-05
[2024/01/07 06:20:08]                                   global = -1.664142520399763e-06
[2024/01/07 06:20:08]                               cumulative = 0.001731465180654787
[2024/01/07 06:20:08]  yPlus min: 0 max: 0 mean: 0
[2024/01/07 06:20:08]  PL-part1-totalPressure: 15.24282207388631
[2024/01/07 06:20:08]  PL-part2-totalPressure: -9.602966400738097
[2024/01/07 06:20:08]  VOLUME-part1-variableVolSum: 1.000196706609243e-05
[2024/01/07 06:20:08]  ExecutionTime = 153.72 s  ClockTime = 214 s
[2024/01/07 06:20:08]  
[2024/01/07 06:20:08]  Time = 76
[2024/01/07 06:20:08]  Minimal residual 9.974123002056409e-07 satisfied the prescribed tolerance 1e-06
[2024/01/07 06:20:08]  
[2024/01/07 06:20:08]  PL-part1-totalPressure: 15.23801108980436
[2024/01/07 06:20:08]  PL-part2-totalPressure: -9.602697491899628
[2024/01/07 06:20:08]  VOLUME-part1-variableVolSum: 1.000196706609243e-05
[2024/01/07 06:20:08]  Printing Primal Residual Statistics.
[2024/01/07 06:20:08]  U Residual Norm2: (0.006515635374852687 0.0027923848377756 1.121698603345139e-13)
[2024/01/07 06:20:08]  U Residual Mean: (4.519686311552533e-05 1.931539295820186e-05 1.456459468306135e-15)
[2024/01/07 06:20:08]  U Residual Max: (0.000593315682708484 0.0003555373565065079 1.073607811151247e-14)
[2024/01/07 06:20:08]  p Residual Norm2: 0.001068537481832619
[2024/01/07 06:20:08]  p Residual Mean: 3.290942092416475e-06
[2024/01/07 06:20:08]  p Residual Max: 0.0006496473511426799
[2024/01/07 06:20:08]  phi Residual Norm2: 3.810180754545724e-06
[2024/01/07 06:20:08]  phi Residual Mean: 8.55812872146903e-09
[2024/01/07 06:20:08]  phi Residual Max: 3.456458738262936e-07
[2024/01/07 06:20:08]  End
[2024/01/07 06:20:08]  
[2024/01/07 06:20:08]  Objective Functions: 
[2024/01/07 06:20:08]  {'PL': 5.635313597904734, 'VOLUME': 1.0001967066092426e-05, 'fail': False}
[2024/01/07 06:20:08]  Flow Runtime: 2.84144
[2024/01/07 06:20:08]  
[2024/01/07 06:20:08]  
[2024/01/07 06:20:08]  +--------------------------------------------------------------------------+
[2024/01/07 06:20:08]  |              Evaluating Objective Function Sensitivities 033             |
[2024/01/07 06:20:08]  +--------------------------------------------------------------------------+
[2024/01/07 06:20:08]  writeDeformedFFDs is deprecated since v3.0.1!
[2024/01/07 06:20:08]  Moving time 76 to 0.00000033
[2024/01/07 06:20:08]  Running adjoint Solver 033
[2024/01/07 06:20:08]  dRdWT Jacobian Free created!
[2024/01/07 06:20:08]  Solver Type: gmres
[2024/01/07 06:20:08]  GMRES Restart: 2000
[2024/01/07 06:20:08]  ASM Overlap: 1
[2024/01/07 06:20:08]  Global PC Iters: 0
[2024/01/07 06:20:08]  Local PC Iters: 1
[2024/01/07 06:20:08]  Mat ReOrdering: rcm
[2024/01/07 06:20:08]  ILU PC Fill Level: 1
[2024/01/07 06:20:08]  GMRES Max Iterations: 2000
[2024/01/07 06:20:08]  GMRES Relative Tolerance: 1e-06
[2024/01/07 06:20:08]  GMRES Absolute Tolerance: 1e-14
[2024/01/07 06:20:08]  Calculating dFdW using reverse-mode AD
[2024/01/07 06:20:08]      Adding all faces of patches 1(inlet) ...
[2024/01/07 06:20:08]      Found matching patch inlet with 0 faces.
[2024/01/07 06:20:08]      Adding all faces of patches 1(outlet) ...
[2024/01/07 06:20:08]      Found matching patch outlet with 0 faces.
[2024/01/07 06:20:08]  Solving Linear Equation... 214 s
[2024/01/07 06:20:08]  Main iteration 0 KSP Residual norm 1.968352694538e+00 214 s
[2024/01/07 06:20:08]  Main iteration 44 KSP Residual norm 1.230327801953e-06 215 s 
[2024/01/07 06:20:08]  Total iterations 44
[2024/01/07 06:20:08]  Solving Linear Equation... Completed! 215 s
[2024/01/07 06:20:08]  Residual tolerance satisfied, solution finished!
[2024/01/07 06:20:08]  Calculating dFdW using reverse-mode AD
[2024/01/07 06:20:08]      Adding cells with centre within boxes 1((-50 -50 -50) (50 50 50))
[2024/01/07 06:20:08]  Solving Linear Equation... 215 s
[2024/01/07 06:20:13]  Main iteration 0 KSP Residual norm 0.000000000000e+00 215 s
[2024/01/07 06:20:13]  Main iteration 0 KSP Residual norm 0.000000000000e+00 215 s 
[2024/01/07 06:20:13]  Total iterations 0
[2024/01/07 06:20:13]  Solving Linear Equation... Completed! 215 s
[2024/01/07 06:20:13]  Residual tolerance satisfied, solution finished!
[2024/01/07 06:20:13]  Computing total derivatives....
[2024/01/07 06:20:13]  Computing total derivatives for alphaPorosity
[2024/01/07 06:20:13]  Calculating dFdField using reverse-mode AD for alphaPorosity
[2024/01/07 06:20:13]      Adding all faces of patches 1(inlet) ...
[2024/01/07 06:20:13]      Found matching patch inlet with 0 faces.
[2024/01/07 06:20:13]      Adding all faces of patches 1(outlet) ...
[2024/01/07 06:20:13]      Found matching patch outlet with 0 faces.
[2024/01/07 06:20:13]  Calculating [dRdField]^T * Psi using reverse-mode AD
[2024/01/07 06:20:13]  Calculating dFdField using reverse-mode AD for alphaPorosity
[2024/01/07 06:20:13]      Adding cells with centre within boxes 1((-50 -50 -50) (50 50 50))
[2024/01/07 06:20:13]  Calculating [dRdField]^T * Psi using reverse-mode AD
[2024/01/07 06:20:13]  Objective Function Sensitivity: 
[2024/01/07 06:20:13]  {'PL': {'alphaPorosity': array([ 0.0009244376314453,  0.0009402843572138,  0.0009556729662205, ...,
[2024/01/07 06:20:13]         -0.0000002049065178, -0.0000002150160461, -0.0000002222001166])}, 'VOLUME': {'alphaPorosity': array([0.000000000025, 0.000000000025, 0.000000000025, ...,
[2024/01/07 06:20:13]         0.000000000025, 0.000000000025, 0.000000000025])}, 'fail': False}
[2024/01/07 06:20:13]  Adjoint Runtime: 3.61764 s
[2024/01/07 06:20:13]    32  5.6353136e+00 0.00e+00 2.65e-02  -2.8 3.46e-04    -  1.00e+00 1.00e+00f  1
[2024/01/07 06:20:13]  
[2024/01/07 06:20:13]  
[2024/01/07 06:20:13]  +--------------------------------------------------------------------------+
[2024/01/07 06:20:13]  |                  Evaluating Objective Functions 034                      |
[2024/01/07 06:20:13]  +--------------------------------------------------------------------------+
[2024/01/07 06:20:13]  Design Variables: 
[2024/01/07 06:20:13]  OrderedDict([('alphaPorosity', array([  1.908007227974292 ,   1.8760434237908108,   1.8460121650895738,
[2024/01/07 06:20:13]         ..., 322.7536411181083   , 323.3480069208202   ,
[2024/01/07 06:20:13]         323.77204027422425  ]))])
[2024/01/07 06:20:13]  DVGeo PointSet UpToDate: False
[2024/01/07 06:20:13]  Updating DVGeo PointSet....
[2024/01/07 06:20:13]  DVGeo PointSet UpToDate: True
[2024/01/07 06:20:13]  Warping the volume mesh....
[2024/01/07 06:20:13]  Setting up primal boundary conditions based on pyOptions: 
[2024/01/07 06:20:13]  Setting primal boundary conditions...
[2024/01/07 06:20:13]  Setting U = (0.1 0 0) at inlet
[2024/01/07 06:20:13]  Setting primal boundary conditions...
[2024/01/07 06:20:13]  Setting p = 0 at outlet
[2024/01/07 06:20:13]  nuTilda not found, skip it.
[2024/01/07 06:20:13]  Setting nut wall BC for wallBoundary. BCType=nutkWallFunction
[2024/01/07 06:20:13]  Running Primal Solver 034
[2024/01/07 06:20:13]  Previous solution time 76 not found and nothing deleted.
[2024/01/07 06:20:13]  No finite volume options present
[2024/01/07 06:20:13]  
[2024/01/07 06:20:13]  Starting time loop
[2024/01/07 06:20:13]  
[2024/01/07 06:20:13]  Checking mesh quality for time = 0
[2024/01/07 06:20:13]      Overall domain bounding box (7.181318501078189e-16 -1.399990449424424e-15 -5.718082257688551e-15) (0.02999999999999962 0.01500000000001617 0.001000000000005718)
[2024/01/07 06:20:13]      Mesh has 3 geometric (non-empty/wedge) directions 3{1}
[2024/01/07 06:20:13]      Mesh has 3 solution (non-empty) directions 3{1}
[2024/01/07 06:20:13]      Boundary openness (-6.947448714353218e-18 9.793123156124281e-19 -3.04020355740097e-16) OK.
[2024/01/07 06:20:13]      Max cell openness = 3.176373552203076e-16 OK.
[2024/01/07 06:20:13]      Max aspect ratio = 3.333333333492265 OK.
[2024/01/07 06:20:13]      Minimum face area = 1.499999999935995e-07. Maximum face area = 5.000000000129904e-07.  Face area magnitudes OK.
[2024/01/07 06:20:13]      Min volume = 1.499999999944929e-10. Max volume = 1.500000000034984e-10.  Total volume = 4.500000000002841e-07.  Cell volumes OK.
[2024/01/07 06:20:13]      Mesh non-orthogonality Max: 0 average: 0
[2024/01/07 06:20:13]      Non-orthogonality check OK.
[2024/01/07 06:20:13]      Face pyramids OK.
[2024/01/07 06:20:13]      Max skewness = 9.432792296734318e-11 OK.
[2024/01/07 06:20:13]      Coupled point location match (average 0) OK.
[2024/01/07 06:20:13]  
[2024/01/07 06:20:13]  Mesh OK.
[2024/01/07 06:20:13]  
[2024/01/07 06:20:13]  Time = 1
[2024/01/07 06:20:13]  
[2024/01/07 06:20:13]  U Initial residual: (1.563657947135938e-05 3.165187888011208e-05 0.001087077103439534)
[2024/01/07 06:20:13]  U   Final residual: (7.598789220892551e-07 1.661895056095764e-06 4.201333291995506e-05)
[2024/01/07 06:20:13]  p Initial residual: 0.0004219068136741668
[2024/01/07 06:20:13]  p   Final residual: 2.442142428499594e-05
[2024/01/07 06:20:13]  Time step continuity errors : sum local = 8.94010588946913e-05
[2024/01/07 06:20:13]                                   global = -1.474117317532592e-06
[2024/01/07 06:20:13]                               cumulative = 0.001729991063337254
[2024/01/07 06:20:13]  yPlus min: 0 max: 0 mean: 0
[2024/01/07 06:20:13]  PL-part1-totalPressure: 15.24362717870673
[2024/01/07 06:20:13]  PL-part2-totalPressure: -9.602696363539977
[2024/01/07 06:20:13]  VOLUME-part1-variableVolSum: 1.000197023824803e-05
[2024/01/07 06:20:13]  ExecutionTime = 158.1 s  ClockTime = 220 s
[2024/01/07 06:20:13]  
[2024/01/07 06:20:13]  Time = 75
[2024/01/07 06:20:13]  Minimal residual 9.873291723999164e-07 satisfied the prescribed tolerance 1e-06
[2024/01/07 06:20:13]  
[2024/01/07 06:20:13]  PL-part1-totalPressure: 15.23908024949145
[2024/01/07 06:20:13]  PL-part2-totalPressure: -9.60246201951691
[2024/01/07 06:20:13]  VOLUME-part1-variableVolSum: 1.000197023824803e-05
[2024/01/07 06:20:17]  Printing Primal Residual Statistics.
[2024/01/07 06:20:17]  U Residual Norm2: (0.006486207967445815 0.002849080681048958 1.174041245112876e-13)
[2024/01/07 06:20:17]  U Residual Mean: (4.573683128967587e-05 1.992095356657677e-05 1.525435626947484e-15)
[2024/01/07 06:20:17]  U Residual Max: (0.0005903190316032259 0.0003458309253421277 1.061114420811512e-14)
[2024/01/07 06:20:17]  p Residual Norm2: 0.001004589205588414
[2024/01/07 06:20:17]  p Residual Mean: 3.299528474610441e-06
[2024/01/07 06:20:17]  p Residual Max: 0.000613277718217324
[2024/01/07 06:20:17]  phi Residual Norm2: 3.821518398674872e-06
[2024/01/07 06:20:17]  phi Residual Mean: 8.76481871399849e-09
[2024/01/07 06:20:17]  phi Residual Max: 3.425732244348009e-07
[2024/01/07 06:20:17]  End
[2024/01/07 06:20:17]  
[2024/01/07 06:20:17]  Objective Functions: 
[2024/01/07 06:20:17]  {'PL': 5.636618229974536, 'VOLUME': 1.0001970238248026e-05, 'fail': False}
[2024/01/07 06:20:17]  Flow Runtime: 2.88944
[2024/01/07 06:20:17]  
[2024/01/07 06:20:17]  
[2024/01/07 06:20:17]  +--------------------------------------------------------------------------+
[2024/01/07 06:20:17]  |              Evaluating Objective Function Sensitivities 034             |
[2024/01/07 06:20:17]  +--------------------------------------------------------------------------+
[2024/01/07 06:20:17]  writeDeformedFFDs is deprecated since v3.0.1!
[2024/01/07 06:20:17]  Moving time 75 to 0.00000034
[2024/01/07 06:20:17]  Running adjoint Solver 034
[2024/01/07 06:20:17]  dRdWT Jacobian Free created!
[2024/01/07 06:20:17]  Solver Type: gmres
[2024/01/07 06:20:17]  GMRES Restart: 2000
[2024/01/07 06:20:17]  ASM Overlap: 1
[2024/01/07 06:20:17]  Global PC Iters: 0
[2024/01/07 06:20:17]  Local PC Iters: 1
[2024/01/07 06:20:17]  Mat ReOrdering: rcm
[2024/01/07 06:20:17]  ILU PC Fill Level: 1
[2024/01/07 06:20:17]  GMRES Max Iterations: 2000
[2024/01/07 06:20:17]  GMRES Relative Tolerance: 1e-06
[2024/01/07 06:20:17]  GMRES Absolute Tolerance: 1e-14
[2024/01/07 06:20:17]  Calculating dFdW using reverse-mode AD
[2024/01/07 06:20:17]      Adding all faces of patches 1(inlet) ...
[2024/01/07 06:20:17]      Found matching patch inlet with 0 faces.
[2024/01/07 06:20:17]      Adding all faces of patches 1(outlet) ...
[2024/01/07 06:20:17]      Found matching patch outlet with 0 faces.
[2024/01/07 06:20:17]  Solving Linear Equation... 221 s
[2024/01/07 06:20:17]  Main iteration 0 KSP Residual norm 1.968328768560e+00 221 s
[2024/01/07 06:20:17]  Main iteration 44 KSP Residual norm 1.235222846501e-06 222 s 
[2024/01/07 06:20:17]  Total iterations 44
[2024/01/07 06:20:17]  Solving Linear Equation... Completed! 222 s
[2024/01/07 06:20:17]  Residual tolerance satisfied, solution finished!
[2024/01/07 06:20:17]  Calculating dFdW using reverse-mode AD
[2024/01/07 06:20:17]      Adding cells with centre within boxes 1((-50 -50 -50) (50 50 50))
[2024/01/07 06:20:17]  Solving Linear Equation... 222 s
[2024/01/07 06:20:17]  Main iteration 0 KSP Residual norm 0.000000000000e+00 222 s
[2024/01/07 06:20:17]  Main iteration 0 KSP Residual norm 0.000000000000e+00 222 s 
[2024/01/07 06:20:17]  Total iterations 0
[2024/01/07 06:20:17]  Solving Linear Equation... Completed! 222 s
[2024/01/07 06:20:17]  Residual tolerance satisfied, solution finished!
[2024/01/07 06:20:17]  Computing total derivatives....
[2024/01/07 06:20:17]  Computing total derivatives for alphaPorosity
[2024/01/07 06:20:17]  Calculating dFdField using reverse-mode AD for alphaPorosity
[2024/01/07 06:20:17]      Adding all faces of patches 1(inlet) ...
[2024/01/07 06:20:17]      Found matching patch inlet with 0 faces.
[2024/01/07 06:20:17]      Adding all faces of patches 1(outlet) ...
[2024/01/07 06:20:17]      Found matching patch outlet with 0 faces.
[2024/01/07 06:20:17]  Calculating [dRdField]^T * Psi using reverse-mode AD
[2024/01/07 06:20:17]  Calculating dFdField using reverse-mode AD for alphaPorosity
[2024/01/07 06:20:17]      Adding cells with centre within boxes 1((-50 -50 -50) (50 50 50))
[2024/01/07 06:20:17]  Calculating [dRdField]^T * Psi using reverse-mode AD
[2024/01/07 06:20:17]  Objective Function Sensitivity: 
[2024/01/07 06:20:17]  {'PL': {'alphaPorosity': array([ 0.0009251804913662,  0.0009410297626553,  0.0009564195681679, ...,
[2024/01/07 06:20:17]         -0.0000002056842136, -0.0000002157760332, -0.0000002229371086])}, 'VOLUME': {'alphaPorosity': array([0.000000000025, 0.000000000025, 0.000000000025, ...,
[2024/01/07 06:20:17]         0.000000000025, 0.000000000025, 0.000000000025])}, 'fail': False}
[2024/01/07 06:20:17]  Adjoint Runtime: 3.68052 s
[2024/01/07 06:20:17]    33  5.6366182e+00 0.00e+00 2.59e-02  -2.8 2.89e-04    -  1.00e+00 1.00e+00f  1
[2024/01/07 06:20:17]  
[2024/01/07 06:20:17]  
[2024/01/07 06:20:17]  +--------------------------------------------------------------------------+
[2024/01/07 06:20:17]  |                  Evaluating Objective Functions 035                      |
[2024/01/07 06:20:17]  +--------------------------------------------------------------------------+
[2024/01/07 06:20:17]  Design Variables: 
[2024/01/07 06:20:17]  OrderedDict([('alphaPorosity', array([  1.906480651486096 ,   1.87456250468083  ,   1.8445759646384272,
[2024/01/07 06:20:17]         ..., 322.67844116647944  , 323.2716187579579   ,
[2024/01/07 06:20:17]         323.6942092643171   ]))])
[2024/01/07 06:20:17]  DVGeo PointSet UpToDate: False
[2024/01/07 06:20:17]  Updating DVGeo PointSet....
[2024/01/07 06:20:17]  DVGeo PointSet UpToDate: True
[2024/01/07 06:20:17]  Warping the volume mesh....
[2024/01/07 06:20:17]  Setting up primal boundary conditions based on pyOptions: 
[2024/01/07 06:20:17]  Setting primal boundary conditions...
[2024/01/07 06:20:17]  Setting U = (0.1 0 0) at inlet
[2024/01/07 06:20:17]  Setting primal boundary conditions...
[2024/01/07 06:20:17]  Setting p = 0 at outlet
[2024/01/07 06:20:17]  nuTilda not found, skip it.
[2024/01/07 06:20:17]  Setting nut wall BC for wallBoundary. BCType=nutkWallFunction
[2024/01/07 06:20:17]  Running Primal Solver 035
[2024/01/07 06:20:17]  Previous solution time 75 not found and nothing deleted.
[2024/01/07 06:20:17]  No finite volume options present
[2024/01/07 06:20:17]  
[2024/01/07 06:20:22]  Starting time loop
[2024/01/07 06:20:22]  
[2024/01/07 06:20:22]  Checking mesh quality for time = 0
[2024/01/07 06:20:22]      Overall domain bounding box (7.181318501078189e-16 -1.399990449424424e-15 -5.718082257688551e-15) (0.02999999999999962 0.01500000000001617 0.001000000000005718)
[2024/01/07 06:20:22]      Mesh has 3 geometric (non-empty/wedge) directions 3{1}
[2024/01/07 06:20:22]      Mesh has 3 solution (non-empty) directions 3{1}
[2024/01/07 06:20:22]      Boundary openness (-6.947448714353218e-18 9.793123156124281e-19 -3.04020355740097e-16) OK.
[2024/01/07 06:20:22]      Max cell openness = 3.176373552203076e-16 OK.
[2024/01/07 06:20:22]      Max aspect ratio = 3.333333333492265 OK.
[2024/01/07 06:20:22]      Minimum face area = 1.499999999935995e-07. Maximum face area = 5.000000000129904e-07.  Face area magnitudes OK.
[2024/01/07 06:20:22]      Min volume = 1.499999999944929e-10. Max volume = 1.500000000034984e-10.  Total volume = 4.500000000002841e-07.  Cell volumes OK.
[2024/01/07 06:20:22]      Mesh non-orthogonality Max: 0 average: 0
[2024/01/07 06:20:22]      Non-orthogonality check OK.
[2024/01/07 06:20:22]      Face pyramids OK.
[2024/01/07 06:20:22]      Max skewness = 9.432792296734318e-11 OK.
[2024/01/07 06:20:22]      Coupled point location match (average 0) OK.
[2024/01/07 06:20:22]  
[2024/01/07 06:20:22]  Mesh OK.
[2024/01/07 06:20:22]  
[2024/01/07 06:20:22]  Time = 1
[2024/01/07 06:20:22]  
[2024/01/07 06:20:22]  U Initial residual: (1.495162926991727e-05 3.091945185688723e-05 0.001139788485618181)
[2024/01/07 06:20:22]  U   Final residual: (6.997701499141858e-07 1.51567492382127e-06 4.517249040777045e-05)
[2024/01/07 06:20:22]  p Initial residual: 0.0004446904073349819
[2024/01/07 06:20:22]  p   Final residual: 2.374632494806371e-05
[2024/01/07 06:20:22]  Time step continuity errors : sum local = 8.691770949095128e-05
[2024/01/07 06:20:22]                                   global = -1.381982797573234e-06
[2024/01/07 06:20:22]                               cumulative = 0.001728609080539681
[2024/01/07 06:20:22]  yPlus min: 0 max: 0 mean: 0
[2024/01/07 06:20:22]  PL-part1-totalPressure: 15.24416175422336
[2024/01/07 06:20:22]  PL-part2-totalPressure: -9.602460768098711
[2024/01/07 06:20:22]  VOLUME-part1-variableVolSum: 1.0001973126591e-05
[2024/01/07 06:20:22]  ExecutionTime = 162.26 s  ClockTime = 227 s
[2024/01/07 06:20:22]  
[2024/01/07 06:20:22]  Time = 73
[2024/01/07 06:20:22]  Minimal residual 9.879769931349328e-07 satisfied the prescribed tolerance 1e-06
[2024/01/07 06:20:22]  
[2024/01/07 06:20:22]  PL-part1-totalPressure: 15.24004970398202
[2024/01/07 06:20:22]  PL-part2-totalPressure: -9.602252263901491
[2024/01/07 06:20:22]  VOLUME-part1-variableVolSum: 1.0001973126591e-05
[2024/01/07 06:20:22]  Printing Primal Residual Statistics.
[2024/01/07 06:20:22]  U Residual Norm2: (0.006765124362215379 0.002962201217700726 1.128518934688709e-13)
[2024/01/07 06:20:22]  U Residual Mean: (4.848996284515866e-05 2.091245545791112e-05 1.469202848454516e-15)
[2024/01/07 06:20:22]  U Residual Max: (0.0006114032974227079 0.000353138922097429 1.113000319305435e-14)
[2024/01/07 06:20:22]  p Residual Norm2: 0.000992433693431737
[2024/01/07 06:20:22]  p Residual Mean: 3.380772876539084e-06
[2024/01/07 06:20:22]  p Residual Max: 0.0006084303954908785
[2024/01/07 06:20:22]  phi Residual Norm2: 3.997522975847473e-06
[2024/01/07 06:20:22]  phi Residual Mean: 9.262938064951745e-09
[2024/01/07 06:20:22]  phi Residual Max: 3.521328381981005e-07
[2024/01/07 06:20:22]  End
[2024/01/07 06:20:22]  
[2024/01/07 06:20:22]  Objective Functions: 
[2024/01/07 06:20:22]  {'PL': 5.6377974400805275, 'VOLUME': 1.0001973126591001e-05, 'fail': False}
[2024/01/07 06:20:22]  Flow Runtime: 2.87002
[2024/01/07 06:20:22]  
[2024/01/07 06:20:22]  
[2024/01/07 06:20:22]  +--------------------------------------------------------------------------+
[2024/01/07 06:20:22]  |              Evaluating Objective Function Sensitivities 035             |
[2024/01/07 06:20:22]  +--------------------------------------------------------------------------+
[2024/01/07 06:20:22]  writeDeformedFFDs is deprecated since v3.0.1!
[2024/01/07 06:20:22]  Moving time 73 to 0.00000035
[2024/01/07 06:20:22]  Running adjoint Solver 035
[2024/01/07 06:20:22]  dRdWT Jacobian Free created!
[2024/01/07 06:20:22]  Solver Type: gmres
[2024/01/07 06:20:22]  GMRES Restart: 2000
[2024/01/07 06:20:22]  ASM Overlap: 1
[2024/01/07 06:20:22]  Global PC Iters: 0
[2024/01/07 06:20:22]  Local PC Iters: 1
[2024/01/07 06:20:22]  Mat ReOrdering: rcm
[2024/01/07 06:20:22]  ILU PC Fill Level: 1
[2024/01/07 06:20:22]  GMRES Max Iterations: 2000
[2024/01/07 06:20:22]  GMRES Relative Tolerance: 1e-06
[2024/01/07 06:20:22]  GMRES Absolute Tolerance: 1e-14
[2024/01/07 06:20:22]  Calculating dFdW using reverse-mode AD
[2024/01/07 06:20:22]      Adding all faces of patches 1(inlet) ...
[2024/01/07 06:20:22]      Found matching patch inlet with 0 faces.
[2024/01/07 06:20:22]      Adding all faces of patches 1(outlet) ...
[2024/01/07 06:20:22]      Found matching patch outlet with 0 faces.
[2024/01/07 06:20:22]  Solving Linear Equation... 227 s
[2024/01/07 06:20:22]  Main iteration 0 KSP Residual norm 1.968307455378e+00 227 s
[2024/01/07 06:20:22]  Main iteration 44 KSP Residual norm 1.232704561402e-06 228 s 
[2024/01/07 06:20:22]  Total iterations 44
[2024/01/07 06:20:22]  Solving Linear Equation... Completed! 228 s
[2024/01/07 06:20:22]  Residual tolerance satisfied, solution finished!
[2024/01/07 06:20:22]  Calculating dFdW using reverse-mode AD
[2024/01/07 06:20:22]      Adding cells with centre within boxes 1((-50 -50 -50) (50 50 50))
[2024/01/07 06:20:22]  Solving Linear Equation... 229 s
[2024/01/07 06:20:22]  Main iteration 0 KSP Residual norm 0.000000000000e+00 229 s
[2024/01/07 06:20:22]  Main iteration 0 KSP Residual norm 0.000000000000e+00 229 s 
[2024/01/07 06:20:22]  Total iterations 0
[2024/01/07 06:20:22]  Solving Linear Equation... Completed! 229 s
[2024/01/07 06:20:22]  Residual tolerance satisfied, solution finished!
[2024/01/07 06:20:22]  Computing total derivatives....
[2024/01/07 06:20:22]  Computing total derivatives for alphaPorosity
[2024/01/07 06:20:26]  Calculating dFdField using reverse-mode AD for alphaPorosity
[2024/01/07 06:20:26]      Adding all faces of patches 1(inlet) ...
[2024/01/07 06:20:26]      Found matching patch inlet with 0 faces.
[2024/01/07 06:20:26]      Adding all faces of patches 1(outlet) ...
[2024/01/07 06:20:26]      Found matching patch outlet with 0 faces.
[2024/01/07 06:20:26]  Calculating [dRdField]^T * Psi using reverse-mode AD
[2024/01/07 06:20:26]  Calculating dFdField using reverse-mode AD for alphaPorosity
[2024/01/07 06:20:26]      Adding cells with centre within boxes 1((-50 -50 -50) (50 50 50))
[2024/01/07 06:20:26]  Calculating [dRdField]^T * Psi using reverse-mode AD
[2024/01/07 06:20:26]  Objective Function Sensitivity: 
[2024/01/07 06:20:26]  {'PL': {'alphaPorosity': array([ 0.0009258748988219,  0.0009417258337392,  0.0009571160360937, ...,
[2024/01/07 06:20:26]         -0.0000002064452334, -0.0000002165258801, -0.0000002236697991])}, 'VOLUME': {'alphaPorosity': array([0.000000000025, 0.000000000025, 0.000000000025, ...,
[2024/01/07 06:20:26]         0.000000000025, 0.000000000025, 0.000000000025])}, 'fail': False}
[2024/01/07 06:20:26]  Adjoint Runtime: 3.67952 s
[2024/01/07 06:20:26]    34  5.6377974e+00 0.00e+00 2.98e-02  -2.8 3.39e-04    -  1.00e+00 1.00e+00f  1
[2024/01/07 06:20:26]  
[2024/01/07 06:20:26]  
[2024/01/07 06:20:26]  +--------------------------------------------------------------------------+
[2024/01/07 06:20:26]  |                  Evaluating Objective Functions 036                      |
[2024/01/07 06:20:26]  +--------------------------------------------------------------------------+
[2024/01/07 06:20:26]  Design Variables: 
[2024/01/07 06:20:26]  OrderedDict([('alphaPorosity', array([  1.9050557908911747,   1.8731816460520023,   1.8432381529395936,
[2024/01/07 06:20:26]         ..., 322.6096513136345   , 323.2018161576583   ,
[2024/01/07 06:20:26]         323.623120661808    ]))])
[2024/01/07 06:20:26]  DVGeo PointSet UpToDate: False
[2024/01/07 06:20:26]  Updating DVGeo PointSet....
[2024/01/07 06:20:26]  DVGeo PointSet UpToDate: True
[2024/01/07 06:20:26]  Warping the volume mesh....
[2024/01/07 06:20:26]  Setting up primal boundary conditions based on pyOptions: 
[2024/01/07 06:20:26]  Setting primal boundary conditions...
[2024/01/07 06:20:26]  Setting U = (0.1 0 0) at inlet
[2024/01/07 06:20:26]  Setting primal boundary conditions...
[2024/01/07 06:20:26]  Setting p = 0 at outlet
[2024/01/07 06:20:26]  nuTilda not found, skip it.
[2024/01/07 06:20:26]  Setting nut wall BC for wallBoundary. BCType=nutkWallFunction
[2024/01/07 06:20:26]  Running Primal Solver 036
[2024/01/07 06:20:26]  Previous solution time 73 not found and nothing deleted.
[2024/01/07 06:20:26]  No finite volume options present
[2024/01/07 06:20:26]  
[2024/01/07 06:20:26]  Starting time loop
[2024/01/07 06:20:26]  
[2024/01/07 06:20:26]  Checking mesh quality for time = 0
[2024/01/07 06:20:26]      Overall domain bounding box (7.181318501078189e-16 -1.399990449424424e-15 -5.718082257688551e-15) (0.02999999999999962 0.01500000000001617 0.001000000000005718)
[2024/01/07 06:20:26]      Mesh has 3 geometric (non-empty/wedge) directions 3{1}
[2024/01/07 06:20:26]      Mesh has 3 solution (non-empty) directions 3{1}
[2024/01/07 06:20:26]      Boundary openness (-6.947448714353218e-18 9.793123156124281e-19 -3.04020355740097e-16) OK.
[2024/01/07 06:20:26]      Max cell openness = 3.176373552203076e-16 OK.
[2024/01/07 06:20:26]      Max aspect ratio = 3.333333333492265 OK.
[2024/01/07 06:20:26]      Minimum face area = 1.499999999935995e-07. Maximum face area = 5.000000000129904e-07.  Face area magnitudes OK.
[2024/01/07 06:20:26]      Min volume = 1.499999999944929e-10. Max volume = 1.500000000034984e-10.  Total volume = 4.500000000002841e-07.  Cell volumes OK.
[2024/01/07 06:20:26]      Mesh non-orthogonality Max: 0 average: 0
[2024/01/07 06:20:26]      Non-orthogonality check OK.
[2024/01/07 06:20:26]      Face pyramids OK.
[2024/01/07 06:20:26]      Max skewness = 9.432792296734318e-11 OK.
[2024/01/07 06:20:26]      Coupled point location match (average 0) OK.
[2024/01/07 06:20:26]  
[2024/01/07 06:20:26]  Mesh OK.
[2024/01/07 06:20:26]  
[2024/01/07 06:20:26]  Time = 1
[2024/01/07 06:20:26]  
[2024/01/07 06:20:26]  U Initial residual: (1.382033127792209e-05 2.86739658179712e-05 0.001098863211041142)
[2024/01/07 06:20:26]  U   Final residual: (6.753809485772765e-07 1.515095645869663e-06 4.456792068857842e-05)
[2024/01/07 06:20:26]  p Initial residual: 0.0003919288751819925
[2024/01/07 06:20:26]  p   Final residual: 2.184867033216363e-05
[2024/01/07 06:20:26]  Time step continuity errors : sum local = 7.996370271684034e-05
[2024/01/07 06:20:26]                                   global = -1.207801300341022e-06
[2024/01/07 06:20:26]                               cumulative = 0.00172740127923934
[2024/01/07 06:20:26]  yPlus min: 0 max: 0 mean: 0
[2024/01/07 06:20:26]  PL-part1-totalPressure: 15.24497574902849
[2024/01/07 06:20:26]  PL-part2-totalPressure: -9.602250803650856
[2024/01/07 06:20:26]  VOLUME-part1-variableVolSum: 1.000197584258419e-05
[2024/01/07 06:20:26]  ExecutionTime = 166.42 s  ClockTime = 234 s
[2024/01/07 06:20:26]  
[2024/01/07 06:20:26]  Time = 72
[2024/01/07 06:20:26]  Minimal residual 9.36863179698115e-07 satisfied the prescribed tolerance 1e-06
[2024/01/07 06:20:26]  
[2024/01/07 06:20:26]  PL-part1-totalPressure: 15.24100014862678
[2024/01/07 06:20:26]  PL-part2-totalPressure: -9.602069033107126
[2024/01/07 06:20:26]  VOLUME-part1-variableVolSum: 1.000197584258419e-05
[2024/01/07 06:20:26]  Printing Primal Residual Statistics.
[2024/01/07 06:20:26]  U Residual Norm2: (0.006624395183780058 0.002898929690970078 1.157604975833977e-13)
[2024/01/07 06:20:26]  U Residual Mean: (4.86372818356315e-05 2.091615466204917e-05 1.499284582758327e-15)
[2024/01/07 06:20:26]  U Residual Max: (0.0005855439547195473 0.0003243767088623173 1.105001502537917e-14)
[2024/01/07 06:20:33]  p Residual Norm2: 0.0008938929992506133
[2024/01/07 06:20:33]  p Residual Mean: 3.261829964916707e-06
[2024/01/07 06:20:33]  p Residual Max: 0.0005470584963197799
[2024/01/07 06:20:33]  phi Residual Norm2: 3.927276986687937e-06
[2024/01/07 06:20:33]  phi Residual Mean: 9.285775196491312e-09
[2024/01/07 06:20:33]  phi Residual Max: 3.337672639008533e-07
[2024/01/07 06:20:33]  End
[2024/01/07 06:20:33]  
[2024/01/07 06:20:33]  Objective Functions: 
[2024/01/07 06:20:33]  {'PL': 5.63893111551965, 'VOLUME': 1.000197584258419e-05, 'fail': False}
[2024/01/07 06:20:33]  Flow Runtime: 2.95982
[2024/01/07 06:20:33]  
[2024/01/07 06:20:33]  
[2024/01/07 06:20:33]  +--------------------------------------------------------------------------+
[2024/01/07 06:20:33]  |              Evaluating Objective Function Sensitivities 036             |
[2024/01/07 06:20:33]  +--------------------------------------------------------------------------+
[2024/01/07 06:20:33]  writeDeformedFFDs is deprecated since v3.0.1!
[2024/01/07 06:20:33]  Moving time 72 to 0.00000036
[2024/01/07 06:20:33]  Running adjoint Solver 036
[2024/01/07 06:20:33]  dRdWT Jacobian Free created!
[2024/01/07 06:20:33]  Computing dRdWTPC 234 s
[2024/01/07 06:20:33]  Initializing dRdWCon. 234 s
[2024/01/07 06:20:33]  dRdWCon Created. 235 s
[2024/01/07 06:20:33]  Reading Coloring dRdWColoring_6
[2024/01/07 06:20:33]  Validating Coloring...
[2024/01/07 06:20:33]  No Conflicting Colors Found!
[2024/01/07 06:20:33]  Partial derivative matrix created. 235 s
[2024/01/07 06:20:33]  dRdWTPC: 0 of 348, ExecutionTime: 235 s
[2024/01/07 06:20:33]  dRdWTPC: 100 of 348, ExecutionTime: 236 s
[2024/01/07 06:20:33]  dRdWTPC: 200 of 348, ExecutionTime: 236 s
[2024/01/07 06:20:33]  dRdWTPC: 300 of 348, ExecutionTime: 237 s
[2024/01/07 06:20:33]  dRdWTPC: 347 of 348, ExecutionTime: 237 s
[2024/01/07 06:20:33]  Solver Type: gmres
[2024/01/07 06:20:33]  GMRES Restart: 2000
[2024/01/07 06:20:33]  ASM Overlap: 1
[2024/01/07 06:20:33]  Global PC Iters: 0
[2024/01/07 06:20:33]  Local PC Iters: 1
[2024/01/07 06:20:33]  Mat ReOrdering: rcm
[2024/01/07 06:20:33]  ILU PC Fill Level: 1
[2024/01/07 06:20:33]  GMRES Max Iterations: 2000
[2024/01/07 06:20:33]  GMRES Relative Tolerance: 1e-06
[2024/01/07 06:20:33]  GMRES Absolute Tolerance: 1e-14
[2024/01/07 06:20:33]  Calculating dFdW using reverse-mode AD
[2024/01/07 06:20:33]      Adding all faces of patches 1(inlet) ...
[2024/01/07 06:20:33]      Found matching patch inlet with 0 faces.
[2024/01/07 06:20:33]      Adding all faces of patches 1(outlet) ...
[2024/01/07 06:20:33]      Found matching patch outlet with 0 faces.
[2024/01/07 06:20:33]  Solving Linear Equation... 237 s
[2024/01/07 06:20:33]  Main iteration 0 KSP Residual norm 1.968288837182e+00 237 s
[2024/01/07 06:20:33]  Main iteration 44 KSP Residual norm 1.241703549121e-06 238 s 
[2024/01/07 06:20:33]  Total iterations 44
[2024/01/07 06:20:33]  Solving Linear Equation... Completed! 238 s
[2024/01/07 06:20:33]  Residual tolerance satisfied, solution finished!
[2024/01/07 06:20:33]  Calculating dFdW using reverse-mode AD
[2024/01/07 06:20:33]      Adding cells with centre within boxes 1((-50 -50 -50) (50 50 50))
[2024/01/07 06:20:33]  Solving Linear Equation... 238 s
[2024/01/07 06:20:33]  Main iteration 0 KSP Residual norm 0.000000000000e+00 238 s
[2024/01/07 06:20:33]  Main iteration 0 KSP Residual norm 0.000000000000e+00 238 s 
[2024/01/07 06:20:33]  Total iterations 0
[2024/01/07 06:20:33]  Solving Linear Equation... Completed! 238 s
[2024/01/07 06:20:33]  Residual tolerance satisfied, solution finished!
[2024/01/07 06:20:33]  Computing total derivatives....
[2024/01/07 06:20:33]  Computing total derivatives for alphaPorosity
[2024/01/07 06:20:33]  Calculating dFdField using reverse-mode AD for alphaPorosity
[2024/01/07 06:20:33]      Adding all faces of patches 1(inlet) ...
[2024/01/07 06:20:33]      Found matching patch inlet with 0 faces.
[2024/01/07 06:20:33]      Adding all faces of patches 1(outlet) ...
[2024/01/07 06:20:33]      Found matching patch outlet with 0 faces.
[2024/01/07 06:20:33]  Calculating [dRdField]^T * Psi using reverse-mode AD
[2024/01/07 06:20:33]  Calculating dFdField using reverse-mode AD for alphaPorosity
[2024/01/07 06:20:33]      Adding cells with centre within boxes 1((-50 -50 -50) (50 50 50))
[2024/01/07 06:20:33]  Calculating [dRdField]^T * Psi using reverse-mode AD
[2024/01/07 06:20:33]  Objective Function Sensitivity: 
[2024/01/07 06:20:33]  {'PL': {'alphaPorosity': array([ 0.000926511467601 ,  0.0009423636606436,  0.0009577539283455, ...,
[2024/01/07 06:20:33]         -0.0000002071415274, -0.0000002171957515, -0.0000002243101165])}, 'VOLUME': {'alphaPorosity': array([0.000000000025, 0.000000000025, 0.000000000025, ...,
[2024/01/07 06:20:33]         0.000000000025, 0.000000000025, 0.000000000025])}, 'fail': False}
[2024/01/07 06:20:33]  Adjoint Runtime: 6.61947 s
[2024/01/07 06:20:33]    35  5.6389311e+00 0.00e+00 3.44e-02  -2.8 2.58e-04    -  1.00e+00 1.00e+00f  1
[2024/01/07 06:20:33]  
[2024/01/07 06:20:33]  
[2024/01/07 06:20:33]  +--------------------------------------------------------------------------+
[2024/01/07 06:20:33]  |                  Evaluating Objective Functions 037                      |
[2024/01/07 06:20:33]  +--------------------------------------------------------------------------+
[2024/01/07 06:20:33]  Design Variables: 
[2024/01/07 06:20:33]  OrderedDict([('alphaPorosity', array([  1.9037515410168695,   1.8719181726131993,   1.8420146090069567,
[2024/01/07 06:20:33]         ..., 322.5472083637512   , 323.137875863033    ,
[2024/01/07 06:20:33]         323.5575029336572   ]))])
[2024/01/07 06:20:33]  DVGeo PointSet UpToDate: False
[2024/01/07 06:20:33]  Updating DVGeo PointSet....
[2024/01/07 06:20:33]  DVGeo PointSet UpToDate: True
[2024/01/07 06:20:33]  Warping the volume mesh....
[2024/01/07 06:20:33]  Setting up primal boundary conditions based on pyOptions: 
[2024/01/07 06:20:33]  Setting primal boundary conditions...
[2024/01/07 06:20:33]  Setting U = (0.1 0 0) at inlet
[2024/01/07 06:20:33]  Setting primal boundary conditions...
[2024/01/07 06:20:33]  Setting p = 0 at outlet
[2024/01/07 06:20:33]  nuTilda not found, skip it.
[2024/01/07 06:20:33]  Setting nut wall BC for wallBoundary. BCType=nutkWallFunction
[2024/01/07 06:20:38]  Running Primal Solver 037
[2024/01/07 06:20:38]  Previous solution time 72 not found and nothing deleted.
[2024/01/07 06:20:38]  No finite volume options present
[2024/01/07 06:20:38]  
[2024/01/07 06:20:38]  Starting time loop
[2024/01/07 06:20:38]  
[2024/01/07 06:20:38]  Checking mesh quality for time = 0
[2024/01/07 06:20:38]      Overall domain bounding box (7.181318501078189e-16 -1.399990449424424e-15 -5.718082257688551e-15) (0.02999999999999962 0.01500000000001617 0.001000000000005718)
[2024/01/07 06:20:38]      Mesh has 3 geometric (non-empty/wedge) directions 3{1}
[2024/01/07 06:20:38]      Mesh has 3 solution (non-empty) directions 3{1}
[2024/01/07 06:20:38]      Boundary openness (-6.947448714353218e-18 9.793123156124281e-19 -3.04020355740097e-16) OK.
[2024/01/07 06:20:38]      Max cell openness = 3.176373552203076e-16 OK.
[2024/01/07 06:20:38]      Max aspect ratio = 3.333333333492265 OK.
[2024/01/07 06:20:38]      Minimum face area = 1.499999999935995e-07. Maximum face area = 5.000000000129904e-07.  Face area magnitudes OK.
[2024/01/07 06:20:38]      Min volume = 1.499999999944929e-10. Max volume = 1.500000000034984e-10.  Total volume = 4.500000000002841e-07.  Cell volumes OK.
[2024/01/07 06:20:38]      Mesh non-orthogonality Max: 0 average: 0
[2024/01/07 06:20:38]      Non-orthogonality check OK.
[2024/01/07 06:20:38]      Face pyramids OK.
[2024/01/07 06:20:38]      Max skewness = 9.432792296734318e-11 OK.
[2024/01/07 06:20:38]      Coupled point location match (average 0) OK.
[2024/01/07 06:20:38]  
[2024/01/07 06:20:38]  Mesh OK.
[2024/01/07 06:20:38]  
[2024/01/07 06:20:38]  Time = 1
[2024/01/07 06:20:38]  
[2024/01/07 06:20:38]  U Initial residual: (1.322085444897377e-05 2.781492784790159e-05 0.001120900640583629)
[2024/01/07 06:20:38]  U   Final residual: (6.102607083787912e-07 1.338585292945859e-06 4.608365119178574e-05)
[2024/01/07 06:20:38]  p Initial residual: 0.000415669345539492
[2024/01/07 06:20:38]  p   Final residual: 2.125799841612877e-05
[2024/01/07 06:20:38]  Time step continuity errors : sum local = 7.779250148933505e-05
[2024/01/07 06:20:38]                                   global = -1.072931073950116e-06
[2024/01/07 06:20:38]                               cumulative = 0.00172632834816539
[2024/01/07 06:20:38]  yPlus min: 0 max: 0 mean: 0
[2024/01/07 06:20:38]  PL-part1-totalPressure: 15.24539717337866
[2024/01/07 06:20:38]  PL-part2-totalPressure: -9.602067424090139
[2024/01/07 06:20:38]  VOLUME-part1-variableVolSum: 1.000197830727055e-05
[2024/01/07 06:20:38]  ExecutionTime = 173.41 s  ClockTime = 243 s
[2024/01/07 06:20:38]  
[2024/01/07 06:20:38]  Time = 70
[2024/01/07 06:20:38]  Minimal residual 9.749182843938621e-07 satisfied the prescribed tolerance 1e-06
[2024/01/07 06:20:38]  
[2024/01/07 06:20:38]  PL-part1-totalPressure: 15.24182686127369
[2024/01/07 06:20:38]  PL-part2-totalPressure: -9.601902703961104
[2024/01/07 06:20:38]  VOLUME-part1-variableVolSum: 1.000197830727055e-05
[2024/01/07 06:20:38]  Printing Primal Residual Statistics.
[2024/01/07 06:20:38]  U Residual Norm2: (0.006644869715957486 0.002909342637447551 1.183707284932669e-13)
[2024/01/07 06:20:38]  U Residual Mean: (4.931419679491824e-05 2.113809350514348e-05 1.524655537017775e-15)
[2024/01/07 06:20:38]  U Residual Max: (0.0005796282007557441 0.0003240157112056608 9.555284314319249e-15)
[2024/01/07 06:20:38]  p Residual Norm2: 0.0008699010999582299
[2024/01/07 06:20:38]  p Residual Mean: 3.285610505211683e-06
[2024/01/07 06:20:38]  p Residual Max: 0.0005380806970008204
[2024/01/07 06:20:38]  phi Residual Norm2: 3.949545360553129e-06
[2024/01/07 06:20:38]  phi Residual Mean: 9.458561209147107e-09
[2024/01/07 06:20:38]  phi Residual Max: 3.307408598348329e-07
[2024/01/07 06:20:38]  End
[2024/01/07 06:20:38]  
[2024/01/07 06:20:38]  Objective Functions: 
[2024/01/07 06:20:38]  {'PL': 5.639924157312585, 'VOLUME': 1.0001978307270546e-05, 'fail': False}
[2024/01/07 06:20:38]  Flow Runtime: 2.8022
[2024/01/07 06:20:38]  
[2024/01/07 06:20:38]  
[2024/01/07 06:20:38]  +--------------------------------------------------------------------------+
[2024/01/07 06:20:38]  |              Evaluating Objective Function Sensitivities 037             |
[2024/01/07 06:20:38]  +--------------------------------------------------------------------------+
[2024/01/07 06:20:38]  writeDeformedFFDs is deprecated since v3.0.1!
[2024/01/07 06:20:38]  Moving time 70 to 0.00000037
[2024/01/07 06:20:38]  Running adjoint Solver 037
[2024/01/07 06:20:38]  dRdWT Jacobian Free created!
[2024/01/07 06:20:38]  Solver Type: gmres
[2024/01/07 06:20:38]  GMRES Restart: 2000
[2024/01/07 06:20:38]  ASM Overlap: 1
[2024/01/07 06:20:38]  Global PC Iters: 0
[2024/01/07 06:20:38]  Local PC Iters: 1
[2024/01/07 06:20:38]  Mat ReOrdering: rcm
[2024/01/07 06:20:38]  ILU PC Fill Level: 1
[2024/01/07 06:20:38]  GMRES Max Iterations: 2000
[2024/01/07 06:20:38]  GMRES Relative Tolerance: 1e-06
[2024/01/07 06:20:38]  GMRES Absolute Tolerance: 1e-14
[2024/01/07 06:20:38]  Calculating dFdW using reverse-mode AD
[2024/01/07 06:20:38]      Adding all faces of patches 1(inlet) ...
[2024/01/07 06:20:38]      Found matching patch inlet with 0 faces.
[2024/01/07 06:20:38]      Adding all faces of patches 1(outlet) ...
[2024/01/07 06:20:38]      Found matching patch outlet with 0 faces.
[2024/01/07 06:20:38]  Solving Linear Equation... 244 s
[2024/01/07 06:20:38]  Main iteration 0 KSP Residual norm 1.968271936222e+00 244 s
[2024/01/07 06:20:38]  Main iteration 44 KSP Residual norm 1.240761804326e-06 245 s 
[2024/01/07 06:20:38]  Total iterations 44
[2024/01/07 06:20:38]  Solving Linear Equation... Completed! 245 s
[2024/01/07 06:20:38]  Residual tolerance satisfied, solution finished!
[2024/01/07 06:20:38]  Calculating dFdW using reverse-mode AD
[2024/01/07 06:20:38]      Adding cells with centre within boxes 1((-50 -50 -50) (50 50 50))
[2024/01/07 06:20:38]  Solving Linear Equation... 245 s
[2024/01/07 06:20:38]  Main iteration 0 KSP Residual norm 0.000000000000e+00 245 s
[2024/01/07 06:20:38]  Main iteration 0 KSP Residual norm 0.000000000000e+00 245 s 
[2024/01/07 06:20:38]  Total iterations 0
[2024/01/07 06:20:38]  Solving Linear Equation... Completed! 245 s
[2024/01/07 06:20:38]  Residual tolerance satisfied, solution finished!
[2024/01/07 06:20:42]  Computing total derivatives....
[2024/01/07 06:20:42]  Computing total derivatives for alphaPorosity
[2024/01/07 06:20:42]  Calculating dFdField using reverse-mode AD for alphaPorosity
[2024/01/07 06:20:42]      Adding all faces of patches 1(inlet) ...
[2024/01/07 06:20:42]      Found matching patch inlet with 0 faces.
[2024/01/07 06:20:42]      Adding all faces of patches 1(outlet) ...
[2024/01/07 06:20:42]      Found matching patch outlet with 0 faces.
[2024/01/07 06:20:42]  Calculating [dRdField]^T * Psi using reverse-mode AD
[2024/01/07 06:20:42]  Calculating dFdField using reverse-mode AD for alphaPorosity
[2024/01/07 06:20:42]      Adding cells with centre within boxes 1((-50 -50 -50) (50 50 50))
[2024/01/07 06:20:42]  Calculating [dRdField]^T * Psi using reverse-mode AD
[2024/01/07 06:20:42]  Objective Function Sensitivity: 
[2024/01/07 06:20:42]  {'PL': {'alphaPorosity': array([ 0.000927092226699 ,  0.0009429458720173,  0.0009583364851942, ...,
[2024/01/07 06:20:42]         -0.0000002078138244, -0.0000002178198825, -0.0000002248857596])}, 'VOLUME': {'alphaPorosity': array([0.000000000025, 0.000000000025, 0.000000000025, ...,
[2024/01/07 06:20:42]         0.000000000025, 0.000000000025, 0.000000000025])}, 'fail': False}
[2024/01/07 06:20:42]  Adjoint Runtime: 3.77565 s
[2024/01/07 06:20:42]    36  5.6399242e+00 0.00e+00 3.94e-02  -2.8 3.85e-04    -  1.00e+00 1.00e+00f  1
[2024/01/07 06:20:42]  
[2024/01/07 06:20:42]  
[2024/01/07 06:20:42]  +--------------------------------------------------------------------------+
[2024/01/07 06:20:42]  |                  Evaluating Objective Functions 038                      |
[2024/01/07 06:20:42]  +--------------------------------------------------------------------------+
[2024/01/07 06:20:42]  Design Variables: 
[2024/01/07 06:20:42]  OrderedDict([('alphaPorosity', array([  1.9025632575149891,   1.8707664157060626,   1.840898680997681 ,
[2024/01/07 06:20:42]         ..., 322.49296698441424  , 323.08117259854197  ,
[2024/01/07 06:20:42]         323.49828780765955  ]))])
[2024/01/07 06:20:42]  DVGeo PointSet UpToDate: False
[2024/01/07 06:20:42]  Updating DVGeo PointSet....
[2024/01/07 06:20:42]  DVGeo PointSet UpToDate: True
[2024/01/07 06:20:42]  Warping the volume mesh....
[2024/01/07 06:20:42]  Setting up primal boundary conditions based on pyOptions: 
[2024/01/07 06:20:42]  Setting primal boundary conditions...
[2024/01/07 06:20:42]  Setting U = (0.1 0 0) at inlet
[2024/01/07 06:20:42]  Setting primal boundary conditions...
[2024/01/07 06:20:42]  Setting p = 0 at outlet
[2024/01/07 06:20:42]  nuTilda not found, skip it.
[2024/01/07 06:20:42]  Setting nut wall BC for wallBoundary. BCType=nutkWallFunction
[2024/01/07 06:20:42]  Running Primal Solver 038
[2024/01/07 06:20:42]  Previous solution time 70 not found and nothing deleted.
[2024/01/07 06:20:42]  No finite volume options present
[2024/01/07 06:20:42]  
[2024/01/07 06:20:42]  Starting time loop
[2024/01/07 06:20:42]  
[2024/01/07 06:20:42]  Checking mesh quality for time = 0
[2024/01/07 06:20:42]      Overall domain bounding box (7.181318501078189e-16 -1.399990449424424e-15 -5.718082257688551e-15) (0.02999999999999962 0.01500000000001617 0.001000000000005718)
[2024/01/07 06:20:42]      Mesh has 3 geometric (non-empty/wedge) directions 3{1}
[2024/01/07 06:20:42]      Mesh has 3 solution (non-empty) directions 3{1}
[2024/01/07 06:20:42]      Boundary openness (-6.947448714353218e-18 9.793123156124281e-19 -3.04020355740097e-16) OK.
[2024/01/07 06:20:42]      Max cell openness = 3.176373552203076e-16 OK.
[2024/01/07 06:20:42]      Max aspect ratio = 3.333333333492265 OK.
[2024/01/07 06:20:42]      Minimum face area = 1.499999999935995e-07. Maximum face area = 5.000000000129904e-07.  Face area magnitudes OK.
[2024/01/07 06:20:42]      Min volume = 1.499999999944929e-10. Max volume = 1.500000000034984e-10.  Total volume = 4.500000000002841e-07.  Cell volumes OK.
[2024/01/07 06:20:42]      Mesh non-orthogonality Max: 0 average: 0
[2024/01/07 06:20:42]      Non-orthogonality check OK.
[2024/01/07 06:20:42]      Face pyramids OK.
[2024/01/07 06:20:42]      Max skewness = 9.432792296734318e-11 OK.
[2024/01/07 06:20:42]      Coupled point location match (average 0) OK.
[2024/01/07 06:20:42]  
[2024/01/07 06:20:42]  Mesh OK.
[2024/01/07 06:20:42]  
[2024/01/07 06:20:42]  Time = 1
[2024/01/07 06:20:42]  
[2024/01/07 06:20:42]  U Initial residual: (1.282913803302215e-05 2.708944485759646e-05 0.001140670497651263)
[2024/01/07 06:20:42]  U   Final residual: (4.698049337964301e-07 2.645401801968109e-06 4.610287781944102e-05)
[2024/01/07 06:20:42]  p Initial residual: 0.0005543931653208269
[2024/01/07 06:20:42]  p   Final residual: 5.054847248544215e-05
[2024/01/07 06:20:42]  Time step continuity errors : sum local = 0.0001849819661747568
[2024/01/07 06:20:42]                                   global = -3.440569400723534e-06
[2024/01/07 06:20:42]                               cumulative = 0.001722887778764666
[2024/01/07 06:20:42]  yPlus min: 0 max: 0 mean: 0
[2024/01/07 06:20:42]  PL-part1-totalPressure: 15.24401949405403
[2024/01/07 06:20:42]  PL-part2-totalPressure: -9.601897964055276
[2024/01/07 06:20:42]  VOLUME-part1-variableVolSum: 1.000198050630516e-05
[2024/01/07 06:20:42]  ExecutionTime = 177.53 s  ClockTime = 250 s
[2024/01/07 06:20:42]  
[2024/01/07 06:20:42]  Time = 65
[2024/01/07 06:20:42]  Minimal residual 9.054010016657426e-07 satisfied the prescribed tolerance 1e-06
[2024/01/07 06:20:42]  
[2024/01/07 06:20:42]  PL-part1-totalPressure: 15.24230715236532
[2024/01/07 06:20:42]  PL-part2-totalPressure: -9.601743287587489
[2024/01/07 06:20:42]  VOLUME-part1-variableVolSum: 1.000198050630516e-05
[2024/01/07 06:20:42]  Printing Primal Residual Statistics.
[2024/01/07 06:20:42]  U Residual Norm2: (0.005600370113641166 0.002114050032211275 1.132256540208244e-13)
[2024/01/07 06:20:42]  U Residual Mean: (4.23188802803089e-05 1.583988299685449e-05 1.476412756576435e-15)
[2024/01/07 06:20:47]  U Residual Max: (0.0004963057258731141 0.0003285407364632675 1.082890631426313e-14)
[2024/01/07 06:20:47]  p Residual Norm2: 0.001034616953997726
[2024/01/07 06:20:47]  p Residual Mean: 3.02659417167011e-06
[2024/01/07 06:20:47]  p Residual Max: 0.0006305020772823448
[2024/01/07 06:20:47]  phi Residual Norm2: 3.221729920680369e-06
[2024/01/07 06:20:47]  phi Residual Mean: 7.771674133397648e-09
[2024/01/07 06:20:47]  phi Residual Max: 2.66514604873444e-07
[2024/01/07 06:20:47]  End
[2024/01/07 06:20:47]  
[2024/01/07 06:20:47]  Objective Functions: 
[2024/01/07 06:20:47]  {'PL': 5.640563864777835, 'VOLUME': 1.0001980506305164e-05, 'fail': False}
[2024/01/07 06:20:47]  Flow Runtime: 2.86571
[2024/01/07 06:20:47]  
[2024/01/07 06:20:47]  
[2024/01/07 06:20:47]  +--------------------------------------------------------------------------+
[2024/01/07 06:20:47]  |              Evaluating Objective Function Sensitivities 038             |
[2024/01/07 06:20:47]  +--------------------------------------------------------------------------+
[2024/01/07 06:20:47]  writeDeformedFFDs is deprecated since v3.0.1!
[2024/01/07 06:20:47]  Moving time 65 to 0.00000038
[2024/01/07 06:20:47]  Running adjoint Solver 038
[2024/01/07 06:20:47]  dRdWT Jacobian Free created!
[2024/01/07 06:20:47]  Solver Type: gmres
[2024/01/07 06:20:47]  GMRES Restart: 2000
[2024/01/07 06:20:47]  ASM Overlap: 1
[2024/01/07 06:20:47]  Global PC Iters: 0
[2024/01/07 06:20:47]  Local PC Iters: 1
[2024/01/07 06:20:47]  Mat ReOrdering: rcm
[2024/01/07 06:20:47]  ILU PC Fill Level: 1
[2024/01/07 06:20:47]  GMRES Max Iterations: 2000
[2024/01/07 06:20:47]  GMRES Relative Tolerance: 1e-06
[2024/01/07 06:20:47]  GMRES Absolute Tolerance: 1e-14
[2024/01/07 06:20:47]  Calculating dFdW using reverse-mode AD
[2024/01/07 06:20:47]      Adding all faces of patches 1(inlet) ...
[2024/01/07 06:20:47]      Found matching patch inlet with 0 faces.
[2024/01/07 06:20:47]      Adding all faces of patches 1(outlet) ...
[2024/01/07 06:20:47]      Found matching patch outlet with 0 faces.
[2024/01/07 06:20:47]  Solving Linear Equation... 251 s
[2024/01/07 06:20:47]  Main iteration 0 KSP Residual norm 1.968255737543e+00 251 s
[2024/01/07 06:20:47]  Main iteration 44 KSP Residual norm 1.242854528171e-06 252 s 
[2024/01/07 06:20:47]  Total iterations 44
[2024/01/07 06:20:47]  Solving Linear Equation... Completed! 252 s
[2024/01/07 06:20:47]  Residual tolerance satisfied, solution finished!
[2024/01/07 06:20:47]  Calculating dFdW using reverse-mode AD
[2024/01/07 06:20:47]      Adding cells with centre within boxes 1((-50 -50 -50) (50 50 50))
[2024/01/07 06:20:47]  Solving Linear Equation... 252 s
[2024/01/07 06:20:47]  Main iteration 0 KSP Residual norm 0.000000000000e+00 252 s
[2024/01/07 06:20:47]  Main iteration 0 KSP Residual norm 0.000000000000e+00 252 s 
[2024/01/07 06:20:47]  Total iterations 0
[2024/01/07 06:20:47]  Solving Linear Equation... Completed! 252 s
[2024/01/07 06:20:47]  Residual tolerance satisfied, solution finished!
[2024/01/07 06:20:47]  Computing total derivatives....
[2024/01/07 06:20:47]  Computing total derivatives for alphaPorosity
[2024/01/07 06:20:47]  Calculating dFdField using reverse-mode AD for alphaPorosity
[2024/01/07 06:20:47]      Adding all faces of patches 1(inlet) ...
[2024/01/07 06:20:47]      Found matching patch inlet with 0 faces.
[2024/01/07 06:20:47]      Adding all faces of patches 1(outlet) ...
[2024/01/07 06:20:47]      Found matching patch outlet with 0 faces.
[2024/01/07 06:20:47]  Calculating [dRdField]^T * Psi using reverse-mode AD
[2024/01/07 06:20:47]  Calculating dFdField using reverse-mode AD for alphaPorosity
[2024/01/07 06:20:47]      Adding cells with centre within boxes 1((-50 -50 -50) (50 50 50))
[2024/01/07 06:20:47]  Calculating [dRdField]^T * Psi using reverse-mode AD
[2024/01/07 06:20:47]  Objective Function Sensitivity: 
[2024/01/07 06:20:47]  {'PL': {'alphaPorosity': array([ 0.0009275681397691,  0.0009434264584528,  0.0009588207403146, ...,
[2024/01/07 06:20:47]         -0.0000002081805756, -0.0000002182326535, -0.0000002253366095])}, 'VOLUME': {'alphaPorosity': array([0.000000000025, 0.000000000025, 0.000000000025, ...,
[2024/01/07 06:20:47]         0.000000000025, 0.000000000025, 0.000000000025])}, 'fail': False}
[2024/01/07 06:20:47]  Adjoint Runtime: 3.81701 s
[2024/01/07 06:20:47]    37  5.6405639e+00 0.00e+00 5.45e-02  -2.8 1.25e-03    -  1.00e+00 1.00e+00f  1
[2024/01/07 06:20:47]  
[2024/01/07 06:20:47]  
[2024/01/07 06:20:47]  +--------------------------------------------------------------------------+
[2024/01/07 06:20:47]  |                  Evaluating Objective Functions 039                      |
[2024/01/07 06:20:47]  +--------------------------------------------------------------------------+
[2024/01/07 06:20:47]  Design Variables: 
[2024/01/07 06:20:47]  OrderedDict([('alphaPorosity', array([  1.9022361610383718,   1.870447053541507 ,   1.8405870688985846,
[2024/01/07 06:20:47]         ..., 322.4751464615195   , 323.0630522718165   ,
[2024/01/07 06:20:47]         323.4798287825303   ]))])
[2024/01/07 06:20:47]  DVGeo PointSet UpToDate: False
[2024/01/07 06:20:47]  Updating DVGeo PointSet....
[2024/01/07 06:20:47]  DVGeo PointSet UpToDate: True
[2024/01/07 06:20:47]  Warping the volume mesh....
[2024/01/07 06:20:47]  Setting up primal boundary conditions based on pyOptions: 
[2024/01/07 06:20:47]  Setting primal boundary conditions...
[2024/01/07 06:20:47]  Setting U = (0.1 0 0) at inlet
[2024/01/07 06:20:47]  Setting primal boundary conditions...
[2024/01/07 06:20:47]  Setting p = 0 at outlet
[2024/01/07 06:20:47]  nuTilda not found, skip it.
[2024/01/07 06:20:47]  Setting nut wall BC for wallBoundary. BCType=nutkWallFunction
[2024/01/07 06:20:47]  Running Primal Solver 039
[2024/01/07 06:20:47]  Previous solution time 65 not found and nothing deleted.
[2024/01/07 06:20:47]  No finite volume options present
[2024/01/07 06:20:47]  
[2024/01/07 06:20:47]  Starting time loop
[2024/01/07 06:20:47]  
[2024/01/07 06:20:47]  Checking mesh quality for time = 0
[2024/01/07 06:20:51]      Overall domain bounding box (7.181318501078189e-16 -1.399990449424424e-15 -5.718082257688551e-15) (0.02999999999999962 0.01500000000001617 0.001000000000005718)
[2024/01/07 06:20:51]      Mesh has 3 geometric (non-empty/wedge) directions 3{1}
[2024/01/07 06:20:51]      Mesh has 3 solution (non-empty) directions 3{1}
[2024/01/07 06:20:51]      Boundary openness (-6.947448714353218e-18 9.793123156124281e-19 -3.04020355740097e-16) OK.
[2024/01/07 06:20:51]      Max cell openness = 3.176373552203076e-16 OK.
[2024/01/07 06:20:51]      Max aspect ratio = 3.333333333492265 OK.
[2024/01/07 06:20:51]      Minimum face area = 1.499999999935995e-07. Maximum face area = 5.000000000129904e-07.  Face area magnitudes OK.
[2024/01/07 06:20:51]      Min volume = 1.499999999944929e-10. Max volume = 1.500000000034984e-10.  Total volume = 4.500000000002841e-07.  Cell volumes OK.
[2024/01/07 06:20:51]      Mesh non-orthogonality Max: 0 average: 0
[2024/01/07 06:20:51]      Non-orthogonality check OK.
[2024/01/07 06:20:51]      Face pyramids OK.
[2024/01/07 06:20:51]      Max skewness = 9.432792296734318e-11 OK.
[2024/01/07 06:20:51]      Coupled point location match (average 0) OK.
[2024/01/07 06:20:51]  
[2024/01/07 06:20:51]  Mesh OK.
[2024/01/07 06:20:51]  
[2024/01/07 06:20:51]  Time = 1
[2024/01/07 06:20:51]  
[2024/01/07 06:20:51]  U Initial residual: (3.989536302214843e-06 8.65137002292598e-06 0.001102466122104785)
[2024/01/07 06:20:51]  U   Final residual: (1.879635312621436e-07 4.305398444502438e-07 4.512822813403847e-05)
[2024/01/07 06:20:51]  p Initial residual: 0.0001337143161940589
[2024/01/07 06:20:51]  p   Final residual: 8.549805174837635e-06
[2024/01/07 06:20:51]  Time step continuity errors : sum local = 3.129138350117311e-05
[2024/01/07 06:20:51]                                   global = -1.017479640958497e-06
[2024/01/07 06:20:51]                               cumulative = 0.001721870299123708
[2024/01/07 06:20:51]  yPlus min: 0 max: 0 mean: 0
[2024/01/07 06:20:51]  PL-part1-totalPressure: 15.24348817332537
[2024/01/07 06:20:51]  PL-part2-totalPressure: -9.6017420211315
[2024/01/07 06:20:51]  VOLUME-part1-variableVolSum: 1.000198154663157e-05
[2024/01/07 06:20:51]  ExecutionTime = 181.96 s  ClockTime = 257 s
[2024/01/07 06:20:51]  
[2024/01/07 06:20:51]  Time = 40
[2024/01/07 06:20:51]  Minimal residual 9.496016782649146e-07 satisfied the prescribed tolerance 1e-06
[2024/01/07 06:20:51]  
[2024/01/07 06:20:51]  PL-part1-totalPressure: 15.24272440744678
[2024/01/07 06:20:51]  PL-part2-totalPressure: -9.601734582160553
[2024/01/07 06:20:51]  VOLUME-part1-variableVolSum: 1.000198154663157e-05
[2024/01/07 06:20:51]  Printing Primal Residual Statistics.
[2024/01/07 06:20:51]  U Residual Norm2: (0.004893869222518381 0.002768449152132383 1.182621596527217e-13)
[2024/01/07 06:20:51]  U Residual Mean: (4.155981811308267e-05 2.37182006833176e-05 1.512969955933034e-15)
[2024/01/07 06:20:51]  U Residual Max: (0.0005249050517608378 0.0002543309282658779 1.028385428953135e-14)
[2024/01/07 06:20:51]  p Residual Norm2: 0.0003871323836185744
[2024/01/07 06:20:51]  p Residual Mean: 2.742627439816634e-06
[2024/01/07 06:20:51]  p Residual Max: 0.0001124801093945176
[2024/01/07 06:20:51]  phi Residual Norm2: 3.317744853193965e-06
[2024/01/07 06:20:51]  phi Residual Mean: 9.379604387855766e-09
[2024/01/07 06:20:51]  phi Residual Max: 3.244692380785842e-07
[2024/01/07 06:20:51]  End
[2024/01/07 06:20:51]  
[2024/01/07 06:20:51]  Objective Functions: 
[2024/01/07 06:20:51]  {'PL': 5.640989825286232, 'VOLUME': 1.0001981546631569e-05, 'fail': False}
[2024/01/07 06:20:51]  Flow Runtime: 2.75483
[2024/01/07 06:20:51]  
[2024/01/07 06:20:51]  
[2024/01/07 06:20:51]  +--------------------------------------------------------------------------+
[2024/01/07 06:20:51]  |                  Evaluating Objective Functions 040                      |
[2024/01/07 06:20:51]  +--------------------------------------------------------------------------+
[2024/01/07 06:20:51]  Design Variables: 
[2024/01/07 06:20:51]  OrderedDict([('alphaPorosity', array([  1.9023997092766805,   1.870606734623785 ,   1.840742874948133 ,
[2024/01/07 06:20:51]         ..., 322.4840567229669   , 323.07211243517924  ,
[2024/01/07 06:20:51]         323.48905829509494  ]))])
[2024/01/07 06:20:51]  DVGeo PointSet UpToDate: False
[2024/01/07 06:20:51]  Updating DVGeo PointSet....
[2024/01/07 06:20:51]  DVGeo PointSet UpToDate: True
[2024/01/07 06:20:51]  Warping the volume mesh....
[2024/01/07 06:20:51]  Setting up primal boundary conditions based on pyOptions: 
[2024/01/07 06:20:51]  Setting primal boundary conditions...
[2024/01/07 06:20:51]  Setting U = (0.1 0 0) at inlet
[2024/01/07 06:20:51]  Setting primal boundary conditions...
[2024/01/07 06:20:51]  Setting p = 0 at outlet
[2024/01/07 06:20:51]  nuTilda not found, skip it.
[2024/01/07 06:20:51]  Setting nut wall BC for wallBoundary. BCType=nutkWallFunction
[2024/01/07 06:20:51]  Running Primal Solver 040
[2024/01/07 06:20:51]  Previous solution time 40 found and deleted.
[2024/01/07 06:20:51]  No finite volume options present
[2024/01/07 06:20:51]  
[2024/01/07 06:20:51]  Starting time loop
[2024/01/07 06:20:51]  
[2024/01/07 06:20:51]  Checking mesh quality for time = 0
[2024/01/07 06:20:51]      Overall domain bounding box (7.181318501078189e-16 -1.399990449424424e-15 -5.718082257688551e-15) (0.02999999999999962 0.01500000000001617 0.001000000000005718)
[2024/01/07 06:20:51]      Mesh has 3 geometric (non-empty/wedge) directions 3{1}
[2024/01/07 06:20:51]      Mesh has 3 solution (non-empty) directions 3{1}
[2024/01/07 06:20:51]      Boundary openness (-6.947448714353218e-18 9.793123156124281e-19 -3.04020355740097e-16) OK.
[2024/01/07 06:20:51]      Max cell openness = 3.176373552203076e-16 OK.
[2024/01/07 06:20:51]      Max aspect ratio = 3.333333333492265 OK.
[2024/01/07 06:20:51]      Minimum face area = 1.499999999935995e-07. Maximum face area = 5.000000000129904e-07.  Face area magnitudes OK.
[2024/01/07 06:20:56]      Min volume = 1.499999999944929e-10. Max volume = 1.500000000034984e-10.  Total volume = 4.500000000002841e-07.  Cell volumes OK.
[2024/01/07 06:20:56]      Mesh non-orthogonality Max: 0 average: 0
[2024/01/07 06:20:56]      Non-orthogonality check OK.
[2024/01/07 06:20:56]      Face pyramids OK.
[2024/01/07 06:20:56]      Max skewness = 9.432792296734318e-11 OK.
[2024/01/07 06:20:56]      Coupled point location match (average 0) OK.
[2024/01/07 06:20:56]  
[2024/01/07 06:20:56]  Mesh OK.
[2024/01/07 06:20:56]  
[2024/01/07 06:20:56]  Time = 1
[2024/01/07 06:20:56]  
[2024/01/07 06:20:56]  U Initial residual: (1.970177632174067e-06 4.905709618328441e-06 0.001130254331118601)
[2024/01/07 06:20:56]  U   Final residual: (9.021724379124446e-08 2.426359623918952e-07 4.544197003108972e-05)
[2024/01/07 06:20:56]  p Initial residual: 6.669027161970917e-05
[2024/01/07 06:20:56]  p   Final residual: 4.283536652659331e-06
[2024/01/07 06:20:56]  Time step continuity errors : sum local = 1.56758335423407e-05
[2024/01/07 06:20:56]                                   global = 5.816158461433389e-07
[2024/01/07 06:20:56]                               cumulative = 0.001722451914969851
[2024/01/07 06:20:56]  yPlus min: 0 max: 0 mean: 0
[2024/01/07 06:20:56]  PL-part1-totalPressure: 15.24212639288869
[2024/01/07 06:20:56]  PL-part2-totalPressure: -9.601735223041505
[2024/01/07 06:20:56]  VOLUME-part1-variableVolSum: 1.000198102646836e-05
[2024/01/07 06:20:56]  ExecutionTime = 183.58 s  ClockTime = 260 s
[2024/01/07 06:20:56]  
[2024/01/07 06:20:56]  Time = 31
[2024/01/07 06:20:56]  Minimal residual 9.715643858024136e-07 satisfied the prescribed tolerance 1e-06
[2024/01/07 06:20:56]  
[2024/01/07 06:20:56]  PL-part1-totalPressure: 15.24232179592993
[2024/01/07 06:20:56]  PL-part2-totalPressure: -9.601745941446724
[2024/01/07 06:20:56]  VOLUME-part1-variableVolSum: 1.000198102646836e-05
[2024/01/07 06:20:56]  Printing Primal Residual Statistics.
[2024/01/07 06:20:56]  U Residual Norm2: (0.003531215886909059 0.002298556354496754 1.133325421421572e-13)
[2024/01/07 06:20:56]  U Residual Mean: (3.312331162296681e-05 2.178682092169547e-05 1.455271405617185e-15)
[2024/01/07 06:20:56]  U Residual Max: (0.0003767262393397086 0.0001880818639770077 1.122235874063998e-14)
[2024/01/07 06:20:56]  p Residual Norm2: 0.0003532930608992814
[2024/01/07 06:20:56]  p Residual Mean: 2.672837950602604e-06
[2024/01/07 06:20:56]  p Residual Max: 7.404876321404446e-05
[2024/01/07 06:20:56]  phi Residual Norm2: 2.480114981183618e-06
[2024/01/07 06:20:56]  phi Residual Mean: 7.806236917002547e-09
[2024/01/07 06:20:56]  phi Residual Max: 2.473765294873607e-07
[2024/01/07 06:20:56]  End
[2024/01/07 06:20:56]  
[2024/01/07 06:20:56]  Objective Functions: 
[2024/01/07 06:20:56]  {'PL': 5.640575854483204, 'VOLUME': 1.0001981026468363e-05, 'fail': False}
[2024/01/07 06:20:56]  Flow Runtime: 2.8853
[2024/01/07 06:20:56]  
[2024/01/07 06:20:56]  
[2024/01/07 06:20:56]  +--------------------------------------------------------------------------+
[2024/01/07 06:20:56]  |              Evaluating Objective Function Sensitivities 039             |
[2024/01/07 06:20:56]  +--------------------------------------------------------------------------+
[2024/01/07 06:20:56]  writeDeformedFFDs is deprecated since v3.0.1!
[2024/01/07 06:20:56]  Moving time 31 to 0.00000039
[2024/01/07 06:20:56]  Running adjoint Solver 039
[2024/01/07 06:20:56]  dRdWT Jacobian Free created!
[2024/01/07 06:20:56]  Solver Type: gmres
[2024/01/07 06:20:56]  GMRES Restart: 2000
[2024/01/07 06:20:56]  ASM Overlap: 1
[2024/01/07 06:20:56]  Global PC Iters: 0
[2024/01/07 06:20:56]  Local PC Iters: 1
[2024/01/07 06:20:56]  Mat ReOrdering: rcm
[2024/01/07 06:20:56]  ILU PC Fill Level: 1
[2024/01/07 06:20:56]  GMRES Max Iterations: 2000
[2024/01/07 06:20:56]  GMRES Relative Tolerance: 1e-06
[2024/01/07 06:20:56]  GMRES Absolute Tolerance: 1e-14
[2024/01/07 06:20:56]  Calculating dFdW using reverse-mode AD
[2024/01/07 06:20:56]      Adding all faces of patches 1(inlet) ...
[2024/01/07 06:20:56]      Found matching patch inlet with 0 faces.
[2024/01/07 06:20:56]      Adding all faces of patches 1(outlet) ...
[2024/01/07 06:20:56]      Found matching patch outlet with 0 faces.
[2024/01/07 06:20:56]  Solving Linear Equation... 260 s
[2024/01/07 06:20:56]  Main iteration 0 KSP Residual norm 1.968256007209e+00 260 s
[2024/01/07 06:20:56]  Main iteration 44 KSP Residual norm 1.242712803447e-06 261 s 
[2024/01/07 06:20:56]  Total iterations 44
[2024/01/07 06:20:56]  Solving Linear Equation... Completed! 261 s
[2024/01/07 06:20:56]  Residual tolerance satisfied, solution finished!
[2024/01/07 06:20:56]  Calculating dFdW using reverse-mode AD
[2024/01/07 06:20:56]      Adding cells with centre within boxes 1((-50 -50 -50) (50 50 50))
[2024/01/07 06:20:56]  Solving Linear Equation... 262 s
[2024/01/07 06:20:56]  Main iteration 0 KSP Residual norm 0.000000000000e+00 262 s
[2024/01/07 06:20:56]  Main iteration 0 KSP Residual norm 0.000000000000e+00 262 s 
[2024/01/07 06:20:56]  Total iterations 0
[2024/01/07 06:20:56]  Solving Linear Equation... Completed! 262 s
[2024/01/07 06:20:56]  Residual tolerance satisfied, solution finished!
[2024/01/07 06:20:56]  Computing total derivatives....
[2024/01/07 06:20:56]  Computing total derivatives for alphaPorosity
[2024/01/07 06:20:56]  Calculating dFdField using reverse-mode AD for alphaPorosity
[2024/01/07 06:20:56]      Adding all faces of patches 1(inlet) ...
[2024/01/07 06:20:56]      Found matching patch inlet with 0 faces.
[2024/01/07 06:20:56]      Adding all faces of patches 1(outlet) ...
[2024/01/07 06:20:56]      Found matching patch outlet with 0 faces.
[2024/01/07 06:20:56]  Calculating [dRdField]^T * Psi using reverse-mode AD
[2024/01/07 06:20:56]  Calculating dFdField using reverse-mode AD for alphaPorosity
[2024/01/07 06:20:56]      Adding cells with centre within boxes 1((-50 -50 -50) (50 50 50))
[2024/01/07 06:20:56]  Calculating [dRdField]^T * Psi using reverse-mode AD
[2024/01/07 06:20:56]  Objective Function Sensitivity: 
[2024/01/07 06:20:56]  {'PL': {'alphaPorosity': array([ 0.0009276560508447,  0.0009435142468709,  0.000958908249155 , ...,
[2024/01/07 06:20:59]         -0.0000002083219381, -0.0000002183698104, -0.000000225468644 ])}, 'VOLUME': {'alphaPorosity': array([0.000000000025, 0.000000000025, 0.000000000025, ...,
[2024/01/07 06:20:59]         0.000000000025, 0.000000000025, 0.000000000025])}, 'fail': False}
[2024/01/07 06:20:59]  Adjoint Runtime: 3.77953 s
[2024/01/07 06:20:59]    38  5.6405759e+00 0.00e+00 3.87e-02  -2.8 1.07e-04    -  1.00e+00 5.00e-01f  2
[2024/01/07 06:20:59]  
[2024/01/07 06:20:59]  
[2024/01/07 06:20:59]  +--------------------------------------------------------------------------+
[2024/01/07 06:20:59]  |                  Evaluating Objective Functions 041                      |
[2024/01/07 06:20:59]  +--------------------------------------------------------------------------+
[2024/01/07 06:20:59]  Design Variables: 
[2024/01/07 06:20:59]  OrderedDict([('alphaPorosity', array([  1.9020041923239708,   1.8702225221980113,   1.8403698081541184,
[2024/01/07 06:20:59]         ..., 322.4648363017934   , 323.0526110207647   ,
[2024/01/07 06:20:59]         323.4692270578037   ]))])
[2024/01/07 06:20:59]  DVGeo PointSet UpToDate: False
[2024/01/07 06:20:59]  Updating DVGeo PointSet....
[2024/01/07 06:20:59]  DVGeo PointSet UpToDate: True
[2024/01/07 06:20:59]  Warping the volume mesh....
[2024/01/07 06:20:59]  Setting up primal boundary conditions based on pyOptions: 
[2024/01/07 06:20:59]  Setting primal boundary conditions...
[2024/01/07 06:20:59]  Setting U = (0.1 0 0) at inlet
[2024/01/07 06:20:59]  Setting primal boundary conditions...
[2024/01/07 06:20:59]  Setting p = 0 at outlet
[2024/01/07 06:20:59]  nuTilda not found, skip it.
[2024/01/07 06:20:59]  Setting nut wall BC for wallBoundary. BCType=nutkWallFunction
[2024/01/07 06:20:59]  Running Primal Solver 041
[2024/01/07 06:20:59]  Previous solution time 31 not found and nothing deleted.
[2024/01/07 06:20:59]  No finite volume options present
[2024/01/07 06:20:59]  
[2024/01/07 06:20:59]  Starting time loop
[2024/01/07 06:20:59]  
[2024/01/07 06:20:59]  Checking mesh quality for time = 0
[2024/01/07 06:20:59]      Overall domain bounding box (7.181318501078189e-16 -1.399990449424424e-15 -5.718082257688551e-15) (0.02999999999999962 0.01500000000001617 0.001000000000005718)
[2024/01/07 06:20:59]      Mesh has 3 geometric (non-empty/wedge) directions 3{1}
[2024/01/07 06:20:59]      Mesh has 3 solution (non-empty) directions 3{1}
[2024/01/07 06:20:59]      Boundary openness (-6.947448714353218e-18 9.793123156124281e-19 -3.04020355740097e-16) OK.
[2024/01/07 06:20:59]      Max cell openness = 3.176373552203076e-16 OK.
[2024/01/07 06:20:59]      Max aspect ratio = 3.333333333492265 OK.
[2024/01/07 06:20:59]      Minimum face area = 1.499999999935995e-07. Maximum face area = 5.000000000129904e-07.  Face area magnitudes OK.
[2024/01/07 06:20:59]      Min volume = 1.499999999944929e-10. Max volume = 1.500000000034984e-10.  Total volume = 4.500000000002841e-07.  Cell volumes OK.
[2024/01/07 06:20:59]      Mesh non-orthogonality Max: 0 average: 0
[2024/01/07 06:20:59]      Non-orthogonality check OK.
[2024/01/07 06:20:59]      Face pyramids OK.
[2024/01/07 06:20:59]      Max skewness = 9.432792296734318e-11 OK.
[2024/01/07 06:20:59]      Coupled point location match (average 0) OK.
[2024/01/07 06:20:59]  
[2024/01/07 06:20:59]  Mesh OK.
[2024/01/07 06:20:59]  
[2024/01/07 06:20:59]  Time = 1
[2024/01/07 06:20:59]  
[2024/01/07 06:20:59]  U Initial residual: (3.900921394473628e-06 8.948528828313532e-06 0.00108646139151683)
[2024/01/07 06:20:59]  U   Final residual: (1.966016404871744e-07 4.814771853607921e-07 4.3847098439765e-05)
[2024/01/07 06:20:59]  p Initial residual: 0.0001255096066553029
[2024/01/07 06:20:59]  p   Final residual: 7.74344541131454e-06
[2024/01/07 06:20:59]  Time step continuity errors : sum local = 2.833868145415254e-05
[2024/01/07 06:20:59]                                   global = -4.098895463152721e-07
[2024/01/07 06:20:59]                               cumulative = 0.001722042025423536
[2024/01/07 06:20:59]  yPlus min: 0 max: 0 mean: 0
[2024/01/07 06:20:59]  PL-part1-totalPressure: 15.24372601262363
[2024/01/07 06:20:59]  PL-part2-totalPressure: -9.601745242057465
[2024/01/07 06:20:59]  VOLUME-part1-variableVolSum: 1.000198220868848e-05
[2024/01/07 06:20:59]  ExecutionTime = 187.8 s  ClockTime = 266 s
[2024/01/07 06:20:59]  
[2024/01/07 06:20:59]  Time = 41
[2024/01/07 06:20:59]  Minimal residual 9.486621192844732e-07 satisfied the prescribed tolerance 1e-06
[2024/01/07 06:20:59]  
[2024/01/07 06:20:59]  PL-part1-totalPressure: 15.24289711560558
[2024/01/07 06:20:59]  PL-part2-totalPressure: -9.601709369000503
[2024/01/07 06:20:59]  VOLUME-part1-variableVolSum: 1.000198220868848e-05
[2024/01/07 06:20:59]  Printing Primal Residual Statistics.
[2024/01/07 06:20:59]  U Residual Norm2: (0.005240935343784338 0.003040576267223141 1.117510140769973e-13)
[2024/01/07 06:20:59]  U Residual Mean: (4.275443751904893e-05 2.601900967924901e-05 1.442642420096146e-15)
[2024/01/07 06:20:59]  U Residual Max: (0.0005432897359582967 0.0002708447689632187 9.588684958329344e-15)
[2024/01/07 06:20:59]  p Residual Norm2: 0.0003671916593046059
[2024/01/07 06:20:59]  p Residual Mean: 2.696294400068667e-06
[2024/01/07 06:20:59]  p Residual Max: 7.775222287000701e-05
[2024/01/07 06:20:59]  phi Residual Norm2: 3.551402376477695e-06
[2024/01/07 06:20:59]  phi Residual Mean: 9.824082712350373e-09
[2024/01/07 06:20:59]  phi Residual Max: 3.362726050879353e-07
[2024/01/07 06:20:59]  End
[2024/01/07 06:20:59]  
[2024/01/07 06:20:59]  Objective Functions: 
[2024/01/07 06:20:59]  {'PL': 5.641187746605077, 'VOLUME': 1.0001982208688475e-05, 'fail': False}
[2024/01/07 06:20:59]  Flow Runtime: 2.89714
[2024/01/07 06:20:59]  
[2024/01/07 06:20:59]  
[2024/01/07 06:20:59]  +--------------------------------------------------------------------------+
[2024/01/07 06:20:59]  |                  Evaluating Objective Functions 042                      |
[2024/01/07 06:20:59]  +--------------------------------------------------------------------------+
[2024/01/07 06:20:59]  Design Variables: 
[2024/01/07 06:21:03]  OrderedDict([('alphaPorosity', array([  1.9022019508003256,   1.8704146284108982,   1.840556341551126 ,
[2024/01/07 06:21:03]         ..., 322.47444651238015  , 323.06236172797196  ,
[2024/01/07 06:21:03]         323.4791426764493   ]))])
[2024/01/07 06:21:03]  DVGeo PointSet UpToDate: False
[2024/01/07 06:21:03]  Updating DVGeo PointSet....
[2024/01/07 06:21:03]  DVGeo PointSet UpToDate: True
[2024/01/07 06:21:03]  Warping the volume mesh....
[2024/01/07 06:21:03]  Setting up primal boundary conditions based on pyOptions: 
[2024/01/07 06:21:03]  Setting primal boundary conditions...
[2024/01/07 06:21:03]  Setting U = (0.1 0 0) at inlet
[2024/01/07 06:21:03]  Setting primal boundary conditions...
[2024/01/07 06:21:03]  Setting p = 0 at outlet
[2024/01/07 06:21:03]  nuTilda not found, skip it.
[2024/01/07 06:21:03]  Setting nut wall BC for wallBoundary. BCType=nutkWallFunction
[2024/01/07 06:21:03]  Running Primal Solver 042
[2024/01/07 06:21:03]  Previous solution time 41 found and deleted.
[2024/01/07 06:21:03]  No finite volume options present
[2024/01/07 06:21:03]  
[2024/01/07 06:21:03]  Starting time loop
[2024/01/07 06:21:03]  
[2024/01/07 06:21:03]  Checking mesh quality for time = 0
[2024/01/07 06:21:03]      Overall domain bounding box (7.181318501078189e-16 -1.399990449424424e-15 -5.718082257688551e-15) (0.02999999999999962 0.01500000000001617 0.001000000000005718)
[2024/01/07 06:21:03]      Mesh has 3 geometric (non-empty/wedge) directions 3{1}
[2024/01/07 06:21:03]      Mesh has 3 solution (non-empty) directions 3{1}
[2024/01/07 06:21:03]      Boundary openness (-6.947448714353218e-18 9.793123156124281e-19 -3.04020355740097e-16) OK.
[2024/01/07 06:21:03]      Max cell openness = 3.176373552203076e-16 OK.
[2024/01/07 06:21:03]      Max aspect ratio = 3.333333333492265 OK.
[2024/01/07 06:21:03]      Minimum face area = 1.499999999935995e-07. Maximum face area = 5.000000000129904e-07.  Face area magnitudes OK.
[2024/01/07 06:21:03]      Min volume = 1.499999999944929e-10. Max volume = 1.500000000034984e-10.  Total volume = 4.500000000002841e-07.  Cell volumes OK.
[2024/01/07 06:21:03]      Mesh non-orthogonality Max: 0 average: 0
[2024/01/07 06:21:03]      Non-orthogonality check OK.
[2024/01/07 06:21:03]      Face pyramids OK.
[2024/01/07 06:21:03]      Max skewness = 9.432792296734318e-11 OK.
[2024/01/07 06:21:03]      Coupled point location match (average 0) OK.
[2024/01/07 06:21:03]  
[2024/01/07 06:21:03]  Mesh OK.
[2024/01/07 06:21:03]  
[2024/01/07 06:21:03]  Time = 1
[2024/01/07 06:21:03]  
[2024/01/07 06:21:03]  U Initial residual: (2.071249479406099e-06 5.12694957577665e-06 0.001077462551693756)
[2024/01/07 06:21:03]  U   Final residual: (1.00230834789622e-07 2.684538186544096e-07 4.373231794699387e-05)
[2024/01/07 06:21:03]  p Initial residual: 6.27452471689558e-05
[2024/01/07 06:21:03]  p   Final residual: 3.864121397999131e-06
[2024/01/07 06:21:03]  Time step continuity errors : sum local = 1.414020243041985e-05
[2024/01/07 06:21:03]                                   global = 2.239434583101989e-07
[2024/01/07 06:21:03]                               cumulative = 0.001722265968881846
[2024/01/07 06:21:03]  yPlus min: 0 max: 0 mean: 0
[2024/01/07 06:21:03]  PL-part1-totalPressure: 15.24219161134221
[2024/01/07 06:21:03]  PL-part2-totalPressure: -9.60170955717123
[2024/01/07 06:21:03]  VOLUME-part1-variableVolSum: 1.000198161757842e-05
[2024/01/07 06:21:03]  ExecutionTime = 189.42 s  ClockTime = 269 s
[2024/01/07 06:21:03]  
[2024/01/07 06:21:03]  Time = 32
[2024/01/07 06:21:03]  Minimal residual 9.488957216291729e-07 satisfied the prescribed tolerance 1e-06
[2024/01/07 06:21:03]  
[2024/01/07 06:21:03]  PL-part1-totalPressure: 15.24245737722621
[2024/01/07 06:21:03]  PL-part2-totalPressure: -9.601718836467787
[2024/01/07 06:21:03]  VOLUME-part1-variableVolSum: 1.000198161757842e-05
[2024/01/07 06:21:03]  Printing Primal Residual Statistics.
[2024/01/07 06:21:03]  U Residual Norm2: (0.003813178520841447 0.002368117177201287 1.154554852076379e-13)
[2024/01/07 06:21:03]  U Residual Mean: (3.571044588422913e-05 2.252207344150098e-05 1.480983907105464e-15)
[2024/01/07 06:21:03]  U Residual Max: (0.0003804080471354609 0.0001979772709732597 9.776749013930749e-15)
[2024/01/07 06:21:03]  p Residual Norm2: 0.0003630975658042385
[2024/01/07 06:21:03]  p Residual Mean: 2.692691636012999e-06
[2024/01/07 06:21:03]  p Residual Max: 7.369465763841383e-05
[2024/01/07 06:21:03]  phi Residual Norm2: 2.636798889879092e-06
[2024/01/07 06:21:03]  phi Residual Mean: 8.304679658149491e-09
[2024/01/07 06:21:03]  phi Residual Max: 2.508123270231624e-07
[2024/01/07 06:21:03]  End
[2024/01/07 06:21:03]  
[2024/01/07 06:21:03]  Objective Functions: 
[2024/01/07 06:21:03]  {'PL': 5.64073854075842, 'VOLUME': 1.0001981617578418e-05, 'fail': False}
[2024/01/07 06:21:03]  Flow Runtime: 2.84692
[2024/01/07 06:21:03]  
[2024/01/07 06:21:03]  
[2024/01/07 06:21:03]  +--------------------------------------------------------------------------+
[2024/01/07 06:21:03]  |              Evaluating Objective Function Sensitivities 040             |
[2024/01/07 06:21:03]  +--------------------------------------------------------------------------+
[2024/01/07 06:21:03]  writeDeformedFFDs is deprecated since v3.0.1!
[2024/01/07 06:21:03]  Moving time 32 to 0.00000040
[2024/01/07 06:21:03]  Running adjoint Solver 040
[2024/01/07 06:21:03]  dRdWT Jacobian Free created!
[2024/01/07 06:21:03]  Solver Type: gmres
[2024/01/07 06:21:03]  GMRES Restart: 2000
[2024/01/07 06:21:03]  ASM Overlap: 1
[2024/01/07 06:21:03]  Global PC Iters: 0
[2024/01/07 06:21:03]  Local PC Iters: 1
[2024/01/07 06:21:03]  Mat ReOrdering: rcm
[2024/01/07 06:21:03]  ILU PC Fill Level: 1
[2024/01/07 06:21:03]  GMRES Max Iterations: 2000
[2024/01/07 06:21:03]  GMRES Relative Tolerance: 1e-06
[2024/01/07 06:21:03]  GMRES Absolute Tolerance: 1e-14
[2024/01/07 06:21:03]  Calculating dFdW using reverse-mode AD
[2024/01/07 06:21:03]      Adding all faces of patches 1(inlet) ...
[2024/01/07 06:21:03]      Found matching patch inlet with 0 faces.
[2024/01/07 06:21:03]      Adding all faces of patches 1(outlet) ...
[2024/01/07 06:21:03]      Found matching patch outlet with 0 faces.
[2024/01/07 06:21:03]  Solving Linear Equation... 270 s
[2024/01/07 06:21:08]  Main iteration 0 KSP Residual norm 1.968253252994e+00 270 s
[2024/01/07 06:21:08]  Main iteration 44 KSP Residual norm 1.243530412022e-06 271 s 
[2024/01/07 06:21:08]  Total iterations 44
[2024/01/07 06:21:08]  Solving Linear Equation... Completed! 271 s
[2024/01/07 06:21:08]  Residual tolerance satisfied, solution finished!
[2024/01/07 06:21:08]  Calculating dFdW using reverse-mode AD
[2024/01/07 06:21:08]      Adding cells with centre within boxes 1((-50 -50 -50) (50 50 50))
[2024/01/07 06:21:08]  Solving Linear Equation... 271 s
[2024/01/07 06:21:08]  Main iteration 0 KSP Residual norm 0.000000000000e+00 271 s
[2024/01/07 06:21:08]  Main iteration 0 KSP Residual norm 0.000000000000e+00 271 s 
[2024/01/07 06:21:08]  Total iterations 0
[2024/01/07 06:21:08]  Solving Linear Equation... Completed! 271 s
[2024/01/07 06:21:08]  Residual tolerance satisfied, solution finished!
[2024/01/07 06:21:08]  Computing total derivatives....
[2024/01/07 06:21:08]  Computing total derivatives for alphaPorosity
[2024/01/07 06:21:08]  Calculating dFdField using reverse-mode AD for alphaPorosity
[2024/01/07 06:21:08]      Adding all faces of patches 1(inlet) ...
[2024/01/07 06:21:08]      Found matching patch inlet with 0 faces.
[2024/01/07 06:21:08]      Adding all faces of patches 1(outlet) ...
[2024/01/07 06:21:08]      Found matching patch outlet with 0 faces.
[2024/01/07 06:21:08]  Calculating [dRdField]^T * Psi using reverse-mode AD
[2024/01/07 06:21:08]  Calculating dFdField using reverse-mode AD for alphaPorosity
[2024/01/07 06:21:08]      Adding cells with centre within boxes 1((-50 -50 -50) (50 50 50))
[2024/01/07 06:21:08]  Calculating [dRdField]^T * Psi using reverse-mode AD
[2024/01/07 06:21:08]  Objective Function Sensitivity: 
[2024/01/07 06:21:08]  {'PL': {'alphaPorosity': array([ 0.0009277451667331,  0.000943603622641 ,  0.0009589977194864, ...,
[2024/01/07 06:21:08]         -0.0000002083836661, -0.00000021839526  , -0.000000225463517 ])}, 'VOLUME': {'alphaPorosity': array([0.000000000025, 0.000000000025, 0.000000000025, ...,
[2024/01/07 06:21:08]         0.000000000025, 0.000000000025, 0.000000000025])}, 'fail': False}
[2024/01/07 06:21:08]  Adjoint Runtime: 3.76797 s
[2024/01/07 06:21:08]    39  5.6407385e+00 0.00e+00 3.90e-02  -2.8 8.25e-05    -  1.00e+00 5.00e-01f  2
[2024/01/07 06:21:08]  
[2024/01/07 06:21:08]  
[2024/01/07 06:21:08]  +--------------------------------------------------------------------------+
[2024/01/07 06:21:08]  |                  Evaluating Objective Functions 043                      |
[2024/01/07 06:21:08]  +--------------------------------------------------------------------------+
[2024/01/07 06:21:08]  Design Variables: 
[2024/01/07 06:21:08]  OrderedDict([('alphaPorosity', array([  1.9013474150956546,   1.8695817173861828,   1.8397449690262226,
[2024/01/07 06:21:08]         ..., 322.43898875554817  , 323.0270634329766   ,
[2024/01/07 06:21:08]         323.443874269822    ]))])
[2024/01/07 06:21:08]  DVGeo PointSet UpToDate: False
[2024/01/07 06:21:08]  Updating DVGeo PointSet....
[2024/01/07 06:21:08]  DVGeo PointSet UpToDate: True
[2024/01/07 06:21:08]  Warping the volume mesh....
[2024/01/07 06:21:08]  Setting up primal boundary conditions based on pyOptions: 
[2024/01/07 06:21:08]  Setting primal boundary conditions...
[2024/01/07 06:21:08]  Setting U = (0.1 0 0) at inlet
[2024/01/07 06:21:08]  Setting primal boundary conditions...
[2024/01/07 06:21:08]  Setting p = 0 at outlet
[2024/01/07 06:21:08]  nuTilda not found, skip it.
[2024/01/07 06:21:08]  Setting nut wall BC for wallBoundary. BCType=nutkWallFunction
[2024/01/07 06:21:08]  Running Primal Solver 043
[2024/01/07 06:21:08]  Previous solution time 32 not found and nothing deleted.
[2024/01/07 06:21:08]  No finite volume options present
[2024/01/07 06:21:08]  
[2024/01/07 06:21:08]  Starting time loop
[2024/01/07 06:21:08]  
[2024/01/07 06:21:08]  Checking mesh quality for time = 0
[2024/01/07 06:21:08]      Overall domain bounding box (7.181318501078189e-16 -1.399990449424424e-15 -5.718082257688551e-15) (0.02999999999999962 0.01500000000001617 0.001000000000005718)
[2024/01/07 06:21:08]      Mesh has 3 geometric (non-empty/wedge) directions 3{1}
[2024/01/07 06:21:08]      Mesh has 3 solution (non-empty) directions 3{1}
[2024/01/07 06:21:08]      Boundary openness (-6.947448714353218e-18 9.793123156124281e-19 -3.04020355740097e-16) OK.
[2024/01/07 06:21:08]      Max cell openness = 3.176373552203076e-16 OK.
[2024/01/07 06:21:08]      Max aspect ratio = 3.333333333492265 OK.
[2024/01/07 06:21:08]      Minimum face area = 1.499999999935995e-07. Maximum face area = 5.000000000129904e-07.  Face area magnitudes OK.
[2024/01/07 06:21:08]      Min volume = 1.499999999944929e-10. Max volume = 1.500000000034984e-10.  Total volume = 4.500000000002841e-07.  Cell volumes OK.
[2024/01/07 06:21:08]      Mesh non-orthogonality Max: 0 average: 0
[2024/01/07 06:21:08]      Non-orthogonality check OK.
[2024/01/07 06:21:08]      Face pyramids OK.
[2024/01/07 06:21:08]      Max skewness = 9.432792296734318e-11 OK.
[2024/01/07 06:21:08]      Coupled point location match (average 0) OK.
[2024/01/07 06:21:08]  
[2024/01/07 06:21:08]  Mesh OK.
[2024/01/07 06:21:08]  
[2024/01/07 06:21:08]  Time = 1
[2024/01/07 06:21:08]  
[2024/01/07 06:21:08]  U Initial residual: (8.890592820021609e-06 2.035032644124034e-05 0.0011067410347769)
[2024/01/07 06:21:08]  U   Final residual: (3.812817354520618e-07 8.74283143066032e-07 4.519745441013073e-05)
[2024/01/07 06:21:08]  p Initial residual: 0.000407578418804422
[2024/01/07 06:21:08]  p   Final residual: 3.647468831572211e-05
[2024/01/07 06:21:08]  Time step continuity errors : sum local = 0.0001334786883496619
[2024/01/07 06:21:08]                                   global = -1.226838021772761e-06
[2024/01/07 06:21:08]                               cumulative = 0.001721039130860073
[2024/01/07 06:21:08]  yPlus min: 0 max: 0 mean: 0
[2024/01/07 06:21:12]  PL-part1-totalPressure: 15.24439959275035
[2024/01/07 06:21:12]  PL-part2-totalPressure: -9.601717146651854
[2024/01/07 06:21:12]  VOLUME-part1-variableVolSum: 1.00019825699879e-05
[2024/01/07 06:21:12]  ExecutionTime = 193.69 s  ClockTime = 276 s
[2024/01/07 06:21:12]  
[2024/01/07 06:21:12]  Time = 55
[2024/01/07 06:21:12]  Minimal residual 9.806781322220002e-07 satisfied the prescribed tolerance 1e-06
[2024/01/07 06:21:12]  
[2024/01/07 06:21:12]  PL-part1-totalPressure: 15.2433773795031
[2024/01/07 06:21:12]  PL-part2-totalPressure: -9.601625014448254
[2024/01/07 06:21:12]  VOLUME-part1-variableVolSum: 1.00019825699879e-05
[2024/01/07 06:21:12]  Printing Primal Residual Statistics.
[2024/01/07 06:21:12]  U Residual Norm2: (0.00784511961658862 0.003899395725388746 1.187328726112897e-13)
[2024/01/07 06:21:12]  U Residual Mean: (6.277798015722769e-05 3.261656139539483e-05 1.532750144806338e-15)
[2024/01/07 06:21:12]  U Residual Max: (0.0006969471673876626 0.0003084456133891633 1.03703577004649e-14)
[2024/01/07 06:21:12]  p Residual Norm2: 0.0003680829311703613
[2024/01/07 06:21:12]  p Residual Mean: 2.802905991109208e-06
[2024/01/07 06:21:12]  p Residual Max: 0.0001035789886705797
[2024/01/07 06:21:12]  phi Residual Norm2: 4.975235039884966e-06
[2024/01/07 06:21:12]  phi Residual Mean: 1.312997035805511e-08
[2024/01/07 06:21:12]  phi Residual Max: 4.294566140950558e-07
[2024/01/07 06:21:12]  End
[2024/01/07 06:21:12]  
[2024/01/07 06:21:12]  Objective Functions: 
[2024/01/07 06:21:12]  {'PL': 5.641752365054842, 'VOLUME': 1.0001982569987899e-05, 'fail': False}
[2024/01/07 06:21:12]  Flow Runtime: 2.93382
[2024/01/07 06:21:12]  
[2024/01/07 06:21:12]  
[2024/01/07 06:21:12]  +--------------------------------------------------------------------------+
[2024/01/07 06:21:12]  |                  Evaluating Objective Functions 044                      |
[2024/01/07 06:21:12]  +--------------------------------------------------------------------------+
[2024/01/07 06:21:12]  Design Variables: 
[2024/01/07 06:21:12]  OrderedDict([('alphaPorosity', array([  1.90177468294799  ,   1.8699981728985406,   1.8401506552886742,
[2024/01/07 06:21:12]         ..., 322.4567176339641   , 323.04471258047425  ,
[2024/01/07 06:21:12]         323.4615084731357   ]))])
[2024/01/07 06:21:12]  DVGeo PointSet UpToDate: False
[2024/01/07 06:21:12]  Updating DVGeo PointSet....
[2024/01/07 06:21:12]  DVGeo PointSet UpToDate: True
[2024/01/07 06:21:12]  Warping the volume mesh....
[2024/01/07 06:21:12]  Setting up primal boundary conditions based on pyOptions: 
[2024/01/07 06:21:12]  Setting primal boundary conditions...
[2024/01/07 06:21:12]  Setting U = (0.1 0 0) at inlet
[2024/01/07 06:21:12]  Setting primal boundary conditions...
[2024/01/07 06:21:12]  Setting p = 0 at outlet
[2024/01/07 06:21:12]  nuTilda not found, skip it.
[2024/01/07 06:21:12]  Setting nut wall BC for wallBoundary. BCType=nutkWallFunction
[2024/01/07 06:21:12]  Running Primal Solver 044
[2024/01/07 06:21:12]  Previous solution time 55 found and deleted.
[2024/01/07 06:21:12]  No finite volume options present
[2024/01/07 06:21:12]  
[2024/01/07 06:21:12]  Starting time loop
[2024/01/07 06:21:12]  
[2024/01/07 06:21:12]  Checking mesh quality for time = 0
[2024/01/07 06:21:12]      Overall domain bounding box (7.181318501078189e-16 -1.399990449424424e-15 -5.718082257688551e-15) (0.02999999999999962 0.01500000000001617 0.001000000000005718)
[2024/01/07 06:21:12]      Mesh has 3 geometric (non-empty/wedge) directions 3{1}
[2024/01/07 06:21:12]      Mesh has 3 solution (non-empty) directions 3{1}
[2024/01/07 06:21:12]      Boundary openness (-6.947448714353218e-18 9.793123156124281e-19 -3.04020355740097e-16) OK.
[2024/01/07 06:21:12]      Max cell openness = 3.176373552203076e-16 OK.
[2024/01/07 06:21:12]      Max aspect ratio = 3.333333333492265 OK.
[2024/01/07 06:21:12]      Minimum face area = 1.499999999935995e-07. Maximum face area = 5.000000000129904e-07.  Face area magnitudes OK.
[2024/01/07 06:21:12]      Min volume = 1.499999999944929e-10. Max volume = 1.500000000034984e-10.  Total volume = 4.500000000002841e-07.  Cell volumes OK.
[2024/01/07 06:21:12]      Mesh non-orthogonality Max: 0 average: 0
[2024/01/07 06:21:12]      Non-orthogonality check OK.
[2024/01/07 06:21:12]      Face pyramids OK.
[2024/01/07 06:21:12]      Max skewness = 9.432792296734318e-11 OK.
[2024/01/07 06:21:12]      Coupled point location match (average 0) OK.
[2024/01/07 06:21:12]  
[2024/01/07 06:21:12]  Mesh OK.
[2024/01/07 06:21:12]  
[2024/01/07 06:21:12]  Time = 1
[2024/01/07 06:21:12]  
[2024/01/07 06:21:12]  U Initial residual: (4.691744937287445e-06 1.115990054329965e-05 0.001145445244332962)
[2024/01/07 06:21:12]  U   Final residual: (1.952158966989828e-07 4.717380326293681e-07 4.773308162064623e-05)
[2024/01/07 06:21:12]  p Initial residual: 0.0002035427431859993
[2024/01/07 06:21:12]  p   Final residual: 1.814573867548016e-05
[2024/01/07 06:21:12]  Time step continuity errors : sum local = 6.638831333756202e-05
[2024/01/07 06:21:12]                                   global = 7.357834378337019e-07
[2024/01/07 06:21:12]                               cumulative = 0.001721774914297907
[2024/01/07 06:21:12]  yPlus min: 0 max: 0 mean: 0
[2024/01/07 06:21:12]  PL-part1-totalPressure: 15.24240511293124
[2024/01/07 06:21:12]  PL-part2-totalPressure: -9.601625137182765
[2024/01/07 06:21:12]  VOLUME-part1-variableVolSum: 1.000198209378316e-05
[2024/01/07 06:21:12]  ExecutionTime = 196.18 s  ClockTime = 279 s
[2024/01/07 06:21:12]  
[2024/01/07 06:21:12]  Time = 42
[2024/01/07 06:21:12]  Minimal residual 9.414822187605593e-07 satisfied the prescribed tolerance 1e-06
[2024/01/07 06:21:12]  
[2024/01/07 06:21:12]  PL-part1-totalPressure: 15.242696610031
[2024/01/07 06:21:12]  PL-part2-totalPressure: -9.601666407958476
[2024/01/07 06:21:12]  VOLUME-part1-variableVolSum: 1.000198209378316e-05
[2024/01/07 06:21:12]  Printing Primal Residual Statistics.
[2024/01/07 06:21:12]  U Residual Norm2: (0.005621476171071749 0.00287268809376146 1.137514151223203e-13)
[2024/01/07 06:21:12]  U Residual Mean: (4.770353290791513e-05 2.589455000871589e-05 1.462705886421649e-15)
[2024/01/07 06:21:19]  U Residual Max: (0.0005294438547100988 0.0002427929638977311 1.074028484213647e-14)
[2024/01/07 06:21:19]  p Residual Norm2: 0.0003657072146836563
[2024/01/07 06:21:19]  p Residual Mean: 2.715820905314562e-06
[2024/01/07 06:21:19]  p Residual Max: 7.061649350870098e-05
[2024/01/07 06:21:19]  phi Residual Norm2: 3.693748270458373e-06
[2024/01/07 06:21:19]  phi Residual Mean: 1.042536295029719e-08
[2024/01/07 06:21:19]  phi Residual Max: 3.324018199759895e-07
[2024/01/07 06:21:19]  End
[2024/01/07 06:21:19]  
[2024/01/07 06:21:19]  Objective Functions: 
[2024/01/07 06:21:19]  {'PL': 5.641030202072525, 'VOLUME': 1.0001982093783162e-05, 'fail': False}
[2024/01/07 06:21:19]  Flow Runtime: 3.02673
[2024/01/07 06:21:19]  
[2024/01/07 06:21:19]  
[2024/01/07 06:21:19]  +--------------------------------------------------------------------------+
[2024/01/07 06:21:19]  |              Evaluating Objective Function Sensitivities 041             |
[2024/01/07 06:21:19]  +--------------------------------------------------------------------------+
[2024/01/07 06:21:19]  writeDeformedFFDs is deprecated since v3.0.1!
[2024/01/07 06:21:19]  Moving time 42 to 0.00000041
[2024/01/07 06:21:19]  Running adjoint Solver 041
[2024/01/07 06:21:19]  dRdWT Jacobian Free created!
[2024/01/07 06:21:19]  Computing dRdWTPC 280 s
[2024/01/07 06:21:19]  Initializing dRdWCon. 280 s
[2024/01/07 06:21:19]  dRdWCon Created. 281 s
[2024/01/07 06:21:19]  Reading Coloring dRdWColoring_6
[2024/01/07 06:21:19]  Validating Coloring...
[2024/01/07 06:21:19]  No Conflicting Colors Found!
[2024/01/07 06:21:19]  Partial derivative matrix created. 281 s
[2024/01/07 06:21:19]  dRdWTPC: 0 of 348, ExecutionTime: 281 s
[2024/01/07 06:21:19]  dRdWTPC: 100 of 348, ExecutionTime: 281 s
[2024/01/07 06:21:19]  dRdWTPC: 200 of 348, ExecutionTime: 282 s
[2024/01/07 06:21:19]  dRdWTPC: 300 of 348, ExecutionTime: 283 s
[2024/01/07 06:21:19]  dRdWTPC: 347 of 348, ExecutionTime: 283 s
[2024/01/07 06:21:19]  Solver Type: gmres
[2024/01/07 06:21:19]  GMRES Restart: 2000
[2024/01/07 06:21:19]  ASM Overlap: 1
[2024/01/07 06:21:19]  Global PC Iters: 0
[2024/01/07 06:21:19]  Local PC Iters: 1
[2024/01/07 06:21:19]  Mat ReOrdering: rcm
[2024/01/07 06:21:19]  ILU PC Fill Level: 1
[2024/01/07 06:21:19]  GMRES Max Iterations: 2000
[2024/01/07 06:21:19]  GMRES Relative Tolerance: 1e-06
[2024/01/07 06:21:19]  GMRES Absolute Tolerance: 1e-14
[2024/01/07 06:21:19]  Calculating dFdW using reverse-mode AD
[2024/01/07 06:21:19]      Adding all faces of patches 1(inlet) ...
[2024/01/07 06:21:19]      Found matching patch inlet with 0 faces.
[2024/01/07 06:21:19]      Adding all faces of patches 1(outlet) ...
[2024/01/07 06:21:19]      Found matching patch outlet with 0 faces.
[2024/01/07 06:21:19]  Solving Linear Equation... 283 s
[2024/01/07 06:21:19]  Main iteration 0 KSP Residual norm 1.968247925572e+00 283 s
[2024/01/07 06:21:19]  Main iteration 44 KSP Residual norm 1.244128065930e-06 284 s 
[2024/01/07 06:21:19]  Total iterations 44
[2024/01/07 06:21:19]  Solving Linear Equation... Completed! 284 s
[2024/01/07 06:21:19]  Residual tolerance satisfied, solution finished!
[2024/01/07 06:21:19]  Calculating dFdW using reverse-mode AD
[2024/01/07 06:21:19]      Adding cells with centre within boxes 1((-50 -50 -50) (50 50 50))
[2024/01/07 06:21:19]  Solving Linear Equation... 284 s
[2024/01/07 06:21:19]  Main iteration 0 KSP Residual norm 0.000000000000e+00 284 s
[2024/01/07 06:21:19]  Main iteration 0 KSP Residual norm 0.000000000000e+00 284 s 
[2024/01/07 06:21:19]  Total iterations 0
[2024/01/07 06:21:19]  Solving Linear Equation... Completed! 284 s
[2024/01/07 06:21:19]  Residual tolerance satisfied, solution finished!
[2024/01/07 06:21:19]  Computing total derivatives....
[2024/01/07 06:21:19]  Computing total derivatives for alphaPorosity
[2024/01/07 06:21:19]  Calculating dFdField using reverse-mode AD for alphaPorosity
[2024/01/07 06:21:19]      Adding all faces of patches 1(inlet) ...
[2024/01/07 06:21:19]      Found matching patch inlet with 0 faces.
[2024/01/07 06:21:19]      Adding all faces of patches 1(outlet) ...
[2024/01/07 06:21:19]      Found matching patch outlet with 0 faces.
[2024/01/07 06:21:19]  Calculating [dRdField]^T * Psi using reverse-mode AD
[2024/01/07 06:21:19]  Calculating dFdField using reverse-mode AD for alphaPorosity
[2024/01/07 06:21:19]      Adding cells with centre within boxes 1((-50 -50 -50) (50 50 50))
[2024/01/07 06:21:19]  Calculating [dRdField]^T * Psi using reverse-mode AD
[2024/01/07 06:21:19]  Objective Function Sensitivity: 
[2024/01/07 06:21:19]  {'PL': {'alphaPorosity': array([ 0.000927943464255 ,  0.000943801615305 ,  0.0009591951354956, ...,
[2024/01/07 06:21:19]         -0.0000002086783913, -0.0000002187129931, -0.0000002257953754])}, 'VOLUME': {'alphaPorosity': array([0.000000000025, 0.000000000025, 0.000000000025, ...,
[2024/01/07 06:21:19]         0.000000000025, 0.000000000025, 0.000000000025])}, 'fail': False}
[2024/01/07 06:21:19]  Adjoint Runtime: 6.52064 s
[2024/01/07 06:21:19]  iter    objective    inf_pr   inf_du lg(mu)  ||d||  lg(rg) alpha_du alpha_pr  ls
[2024/01/07 06:21:19]    40  5.6410302e+00 0.00e+00 7.14e-02  -2.8 4.07e-04    -  1.00e+00 5.00e-01f  2
[2024/01/07 06:21:19]  
[2024/01/07 06:21:19]  
[2024/01/07 06:21:19]  +--------------------------------------------------------------------------+
[2024/01/07 06:21:19]  |                  Evaluating Objective Functions 045                      |
[2024/01/07 06:21:19]  +--------------------------------------------------------------------------+
[2024/01/07 06:21:19]  Design Variables: 
[2024/01/07 06:21:19]  OrderedDict([('alphaPorosity', array([  1.9006980421767923,   1.8689533383977974,   1.8391369312095889,
[2024/01/07 06:21:19]         ..., 322.41670881328133  , 323.0042308680163   ,
[2024/01/07 06:21:19]         323.42045219974887  ]))])
[2024/01/07 06:21:19]  DVGeo PointSet UpToDate: False
[2024/01/07 06:21:19]  Updating DVGeo PointSet....
[2024/01/07 06:21:19]  DVGeo PointSet UpToDate: True
[2024/01/07 06:21:19]  Warping the volume mesh....
[2024/01/07 06:21:19]  Setting up primal boundary conditions based on pyOptions: 
[2024/01/07 06:21:19]  Setting primal boundary conditions...
[2024/01/07 06:21:22]  Setting U = (0.1 0 0) at inlet
[2024/01/07 06:21:22]  Setting primal boundary conditions...
[2024/01/07 06:21:22]  Setting p = 0 at outlet
[2024/01/07 06:21:22]  nuTilda not found, skip it.
[2024/01/07 06:21:22]  Setting nut wall BC for wallBoundary. BCType=nutkWallFunction
[2024/01/07 06:21:22]  Running Primal Solver 045
[2024/01/07 06:21:22]  Previous solution time 42 not found and nothing deleted.
[2024/01/07 06:21:22]  No finite volume options present
[2024/01/07 06:21:22]  
[2024/01/07 06:21:22]  Starting time loop
[2024/01/07 06:21:22]  
[2024/01/07 06:21:22]  Checking mesh quality for time = 0
[2024/01/07 06:21:22]      Overall domain bounding box (7.181318501078189e-16 -1.399990449424424e-15 -5.718082257688551e-15) (0.02999999999999962 0.01500000000001617 0.001000000000005718)
[2024/01/07 06:21:22]      Mesh has 3 geometric (non-empty/wedge) directions 3{1}
[2024/01/07 06:21:22]      Mesh has 3 solution (non-empty) directions 3{1}
[2024/01/07 06:21:22]      Boundary openness (-6.947448714353218e-18 9.793123156124281e-19 -3.04020355740097e-16) OK.
[2024/01/07 06:21:22]      Max cell openness = 3.176373552203076e-16 OK.
[2024/01/07 06:21:22]      Max aspect ratio = 3.333333333492265 OK.
[2024/01/07 06:21:22]      Minimum face area = 1.499999999935995e-07. Maximum face area = 5.000000000129904e-07.  Face area magnitudes OK.
[2024/01/07 06:21:22]      Min volume = 1.499999999944929e-10. Max volume = 1.500000000034984e-10.  Total volume = 4.500000000002841e-07.  Cell volumes OK.
[2024/01/07 06:21:22]      Mesh non-orthogonality Max: 0 average: 0
[2024/01/07 06:21:22]      Non-orthogonality check OK.
[2024/01/07 06:21:22]      Face pyramids OK.
[2024/01/07 06:21:22]      Max skewness = 9.432792296734318e-11 OK.
[2024/01/07 06:21:22]      Coupled point location match (average 0) OK.
[2024/01/07 06:21:22]  
[2024/01/07 06:21:22]  Mesh OK.
[2024/01/07 06:21:22]  
[2024/01/07 06:21:22]  Time = 1
[2024/01/07 06:21:22]  
[2024/01/07 06:21:22]  U Initial residual: (8.127229087901605e-06 1.736578733888648e-05 0.001092844280672931)
[2024/01/07 06:21:22]  U   Final residual: (4.108332658324874e-07 9.155894653409136e-07 4.325392325099079e-05)
[2024/01/07 06:21:22]  p Initial residual: 0.000260700865164221
[2024/01/07 06:21:22]  p   Final residual: 1.569254265587469e-05
[2024/01/07 06:21:22]  Time step continuity errors : sum local = 5.741907687154677e-05
[2024/01/07 06:21:22]                                   global = -9.842904032703399e-07
[2024/01/07 06:21:22]                               cumulative = 0.001720790623894636
[2024/01/07 06:21:22]  yPlus min: 0 max: 0 mean: 0
[2024/01/07 06:21:22]  PL-part1-totalPressure: 15.24560758782559
[2024/01/07 06:21:22]  PL-part2-totalPressure: -9.601666368830234
[2024/01/07 06:21:22]  VOLUME-part1-variableVolSum: 1.000198664334101e-05
[2024/01/07 06:21:22]  ExecutionTime = 203.22 s  ClockTime = 289 s
[2024/01/07 06:21:22]  
[2024/01/07 06:21:22]  Time = 56
[2024/01/07 06:21:22]  Minimal residual 9.872650104483853e-07 satisfied the prescribed tolerance 1e-06
[2024/01/07 06:21:22]  
[2024/01/07 06:21:22]  PL-part1-totalPressure: 15.2436394527266
[2024/01/07 06:21:22]  PL-part2-totalPressure: -9.601546858698926
[2024/01/07 06:21:22]  VOLUME-part1-variableVolSum: 1.000198664334101e-05
[2024/01/07 06:21:22]  Printing Primal Residual Statistics.
[2024/01/07 06:21:22]  U Residual Norm2: (0.008479057756636663 0.003876520962096967 1.139892166190784e-13)
[2024/01/07 06:21:22]  U Residual Mean: (6.892174653507664e-05 3.210967969885061e-05 1.475580210388457e-15)
[2024/01/07 06:21:22]  U Residual Max: (0.0007124657050567862 0.0003088514132643105 1.056450273974312e-14)
[2024/01/07 06:21:22]  p Residual Norm2: 0.0004988886784022712
[2024/01/07 06:21:22]  p Residual Mean: 2.978911552511237e-06
[2024/01/07 06:21:22]  p Residual Max: 0.0002802645491584261
[2024/01/07 06:21:22]  phi Residual Norm2: 5.257239612934469e-06
[2024/01/07 06:21:22]  phi Residual Mean: 1.38522340200091e-08
[2024/01/07 06:21:22]  phi Residual Max: 4.333483412495787e-07
[2024/01/07 06:21:22]  End
[2024/01/07 06:21:22]  
[2024/01/07 06:21:22]  Objective Functions: 
[2024/01/07 06:21:22]  {'PL': 5.64209259402767, 'VOLUME': 1.0001986643341007e-05, 'fail': False}
[2024/01/07 06:21:22]  Flow Runtime: 3.12174
[2024/01/07 06:21:22]  
[2024/01/07 06:21:22]  
[2024/01/07 06:21:22]  +--------------------------------------------------------------------------+
[2024/01/07 06:21:22]  |                  Evaluating Objective Functions 046                      |
[2024/01/07 06:21:22]  +--------------------------------------------------------------------------+
[2024/01/07 06:21:22]  Design Variables: 
[2024/01/07 06:21:22]  OrderedDict([('alphaPorosity', array([  1.9012363625623911,   1.869475755648169 ,   1.8396437932491316,
[2024/01/07 06:21:22]         ..., 322.43671322362275  , 323.0244717242453   ,
[2024/01/07 06:21:22]         323.4409803364423   ]))])
[2024/01/07 06:21:22]  DVGeo PointSet UpToDate: False
[2024/01/07 06:21:22]  Updating DVGeo PointSet....
[2024/01/07 06:21:22]  DVGeo PointSet UpToDate: True
[2024/01/07 06:21:22]  Warping the volume mesh....
[2024/01/07 06:21:22]  Setting up primal boundary conditions based on pyOptions: 
[2024/01/07 06:21:22]  Setting primal boundary conditions...
[2024/01/07 06:21:22]  Setting U = (0.1 0 0) at inlet
[2024/01/07 06:21:22]  Setting primal boundary conditions...
[2024/01/07 06:21:22]  Setting p = 0 at outlet
[2024/01/07 06:21:22]  nuTilda not found, skip it.
[2024/01/07 06:21:22]  Setting nut wall BC for wallBoundary. BCType=nutkWallFunction
[2024/01/07 06:21:22]  Running Primal Solver 046
[2024/01/07 06:21:22]  Previous solution time 56 found and deleted.
[2024/01/07 06:21:22]  No finite volume options present
[2024/01/07 06:21:22]  
[2024/01/07 06:21:22]  Starting time loop
[2024/01/07 06:21:22]  
[2024/01/07 06:21:22]  Checking mesh quality for time = 0
[2024/01/07 06:21:22]      Overall domain bounding box (7.181318501078189e-16 -1.399990449424424e-15 -5.718082257688551e-15) (0.02999999999999962 0.01500000000001617 0.001000000000005718)
[2024/01/07 06:21:22]      Mesh has 3 geometric (non-empty/wedge) directions 3{1}
[2024/01/07 06:21:28]      Mesh has 3 solution (non-empty) directions 3{1}
[2024/01/07 06:21:28]      Boundary openness (-6.947448714353218e-18 9.793123156124281e-19 -3.04020355740097e-16) OK.
[2024/01/07 06:21:28]      Max cell openness = 3.176373552203076e-16 OK.
[2024/01/07 06:21:28]      Max aspect ratio = 3.333333333492265 OK.
[2024/01/07 06:21:28]      Minimum face area = 1.499999999935995e-07. Maximum face area = 5.000000000129904e-07.  Face area magnitudes OK.
[2024/01/07 06:21:28]      Min volume = 1.499999999944929e-10. Max volume = 1.500000000034984e-10.  Total volume = 4.500000000002841e-07.  Cell volumes OK.
[2024/01/07 06:21:28]      Mesh non-orthogonality Max: 0 average: 0
[2024/01/07 06:21:28]      Non-orthogonality check OK.
[2024/01/07 06:21:28]      Face pyramids OK.
[2024/01/07 06:21:28]      Max skewness = 9.432792296734318e-11 OK.
[2024/01/07 06:21:28]      Coupled point location match (average 0) OK.
[2024/01/07 06:21:28]  
[2024/01/07 06:21:28]  Mesh OK.
[2024/01/07 06:21:28]  
[2024/01/07 06:21:28]  Time = 1
[2024/01/07 06:21:28]  
[2024/01/07 06:21:28]  U Initial residual: (4.367467175771324e-06 9.53806382436725e-06 0.001102190756270436)
[2024/01/07 06:21:28]  U   Final residual: (2.114636500557604e-07 4.856493444774658e-07 4.471985829471375e-05)
[2024/01/07 06:21:28]  p Initial residual: 0.000130068177165826
[2024/01/07 06:21:28]  p   Final residual: 7.816760921495343e-06
[2024/01/07 06:21:28]  Time step continuity errors : sum local = 2.859539166640698e-05
[2024/01/07 06:21:28]                                   global = 5.520967178087584e-07
[2024/01/07 06:21:28]                               cumulative = 0.001721342720612445
[2024/01/07 06:21:28]  yPlus min: 0 max: 0 mean: 0
[2024/01/07 06:21:28]  PL-part1-totalPressure: 15.24218166070309
[2024/01/07 06:21:28]  PL-part2-totalPressure: -9.601546238020944
[2024/01/07 06:21:28]  VOLUME-part1-variableVolSum: 1.000198436856209e-05
[2024/01/07 06:21:28]  ExecutionTime = 205.07 s  ClockTime = 292 s
[2024/01/07 06:21:28]  
[2024/01/07 06:21:28]  Time = 41
[2024/01/07 06:21:28]  Minimal residual 9.550331607051305e-07 satisfied the prescribed tolerance 1e-06
[2024/01/07 06:21:28]  
[2024/01/07 06:21:28]  PL-part1-totalPressure: 15.24295727871441
[2024/01/07 06:21:28]  PL-part2-totalPressure: -9.601604272366481
[2024/01/07 06:21:28]  VOLUME-part1-variableVolSum: 1.000198436856209e-05
[2024/01/07 06:21:28]  Printing Primal Residual Statistics.
[2024/01/07 06:21:28]  U Residual Norm2: (0.006339740046282008 0.003036550367114658 1.185867323481272e-13)
[2024/01/07 06:21:28]  U Residual Mean: (5.539011327566112e-05 2.780805163835386e-05 1.516167696576168e-15)
[2024/01/07 06:21:28]  U Residual Max: (0.000564823813820281 0.0002633930226498826 1.063197251803077e-14)
[2024/01/07 06:21:28]  p Residual Norm2: 0.0004004385054052074
[2024/01/07 06:21:28]  p Residual Mean: 2.864869192110419e-06
[2024/01/07 06:21:28]  p Residual Max: 8.317647326958023e-05
[2024/01/07 06:21:28]  phi Residual Norm2: 4.117184918411848e-06
[2024/01/07 06:21:28]  phi Residual Mean: 1.181580905216775e-08
[2024/01/07 06:21:28]  phi Residual Max: 3.556149442427454e-07
[2024/01/07 06:21:28]  End
[2024/01/07 06:21:28]  
[2024/01/07 06:21:28]  Objective Functions: 
[2024/01/07 06:21:28]  {'PL': 5.641353006347927, 'VOLUME': 1.0001984368562085e-05, 'fail': False}
[2024/01/07 06:21:28]  Flow Runtime: 3.18647
[2024/01/07 06:21:28]  
[2024/01/07 06:21:28]  
[2024/01/07 06:21:28]  +--------------------------------------------------------------------------+
[2024/01/07 06:21:28]  |              Evaluating Objective Function Sensitivities 042             |
[2024/01/07 06:21:28]  +--------------------------------------------------------------------------+
[2024/01/07 06:21:28]  writeDeformedFFDs is deprecated since v3.0.1!
[2024/01/07 06:21:28]  Moving time 41 to 0.00000042
[2024/01/07 06:21:28]  Running adjoint Solver 042
[2024/01/07 06:21:28]  dRdWT Jacobian Free created!
[2024/01/07 06:21:28]  Solver Type: gmres
[2024/01/07 06:21:28]  GMRES Restart: 2000
[2024/01/07 06:21:28]  ASM Overlap: 1
[2024/01/07 06:21:28]  Global PC Iters: 0
[2024/01/07 06:21:28]  Local PC Iters: 1
[2024/01/07 06:21:28]  Mat ReOrdering: rcm
[2024/01/07 06:21:28]  ILU PC Fill Level: 1
[2024/01/07 06:21:28]  GMRES Max Iterations: 2000
[2024/01/07 06:21:28]  GMRES Relative Tolerance: 1e-06
[2024/01/07 06:21:28]  GMRES Absolute Tolerance: 1e-14
[2024/01/07 06:21:28]  Calculating dFdW using reverse-mode AD
[2024/01/07 06:21:28]      Adding all faces of patches 1(inlet) ...
[2024/01/07 06:21:28]      Found matching patch inlet with 0 faces.
[2024/01/07 06:21:28]      Adding all faces of patches 1(outlet) ...
[2024/01/07 06:21:28]      Found matching patch outlet with 0 faces.
[2024/01/07 06:21:28]  Solving Linear Equation... 293 s
[2024/01/07 06:21:28]  Main iteration 0 KSP Residual norm 1.968241611764e+00 293 s
[2024/01/07 06:21:28]  Main iteration 44 KSP Residual norm 1.245348410576e-06 294 s 
[2024/01/07 06:21:28]  Total iterations 44
[2024/01/07 06:21:28]  Solving Linear Equation... Completed! 294 s
[2024/01/07 06:21:28]  Residual tolerance satisfied, solution finished!
[2024/01/07 06:21:28]  Calculating dFdW using reverse-mode AD
[2024/01/07 06:21:28]      Adding cells with centre within boxes 1((-50 -50 -50) (50 50 50))
[2024/01/07 06:21:28]  Solving Linear Equation... 294 s
[2024/01/07 06:21:28]  Main iteration 0 KSP Residual norm 0.000000000000e+00 294 s
[2024/01/07 06:21:28]  Main iteration 0 KSP Residual norm 0.000000000000e+00 294 s 
[2024/01/07 06:21:28]  Total iterations 0
[2024/01/07 06:21:28]  Solving Linear Equation... Completed! 294 s
[2024/01/07 06:21:28]  Residual tolerance satisfied, solution finished!
[2024/01/07 06:21:28]  Computing total derivatives....
[2024/01/07 06:21:28]  Computing total derivatives for alphaPorosity
[2024/01/07 06:21:28]  Calculating dFdField using reverse-mode AD for alphaPorosity
[2024/01/07 06:21:28]      Adding all faces of patches 1(inlet) ...
[2024/01/07 06:21:28]      Found matching patch inlet with 0 faces.
[2024/01/07 06:21:28]      Adding all faces of patches 1(outlet) ...
[2024/01/07 06:21:28]      Found matching patch outlet with 0 faces.
[2024/01/07 06:21:28]  Calculating [dRdField]^T * Psi using reverse-mode AD
[2024/01/07 06:21:32]  Calculating dFdField using reverse-mode AD for alphaPorosity
[2024/01/07 06:21:32]      Adding cells with centre within boxes 1((-50 -50 -50) (50 50 50))
[2024/01/07 06:21:32]  Calculating [dRdField]^T * Psi using reverse-mode AD
[2024/01/07 06:21:32]  Objective Function Sensitivity: 
[2024/01/07 06:21:32]  {'PL': {'alphaPorosity': array([ 0.0009281629627207,  0.0009440222302848,  0.00095941641959  , ...,
[2024/01/07 06:21:32]         -0.0000002089319755, -0.000000218895054 , -0.0000002259158437])}, 'VOLUME': {'alphaPorosity': array([0.000000000025, 0.000000000025, 0.000000000025, ...,
[2024/01/07 06:21:32]         0.000000000025, 0.000000000025, 0.000000000025])}, 'fail': False}
[2024/01/07 06:21:32]  Adjoint Runtime: 3.89329 s
[2024/01/07 06:21:32]    41  5.6413530e+00 0.00e+00 8.42e-02  -2.8 1.61e-04    -  1.00e+00 5.00e-01f  2
[2024/01/07 06:21:32]  
[2024/01/07 06:21:32]  
[2024/01/07 06:21:32]  +--------------------------------------------------------------------------+
[2024/01/07 06:21:32]  |                  Evaluating Objective Functions 047                      |
[2024/01/07 06:21:32]  +--------------------------------------------------------------------------+
[2024/01/07 06:21:32]  Design Variables: 
[2024/01/07 06:21:32]  OrderedDict([('alphaPorosity', array([  1.9006174866249939,   1.86887480776093  ,   1.8390604385283742,
[2024/01/07 06:21:32]         ..., 322.4085653451135   , 322.99573132728784  ,
[2024/01/07 06:21:32]         323.4115889745268   ]))])
[2024/01/07 06:21:32]  DVGeo PointSet UpToDate: False
[2024/01/07 06:21:32]  Updating DVGeo PointSet....
[2024/01/07 06:21:32]  DVGeo PointSet UpToDate: True
[2024/01/07 06:21:32]  Warping the volume mesh....
[2024/01/07 06:21:32]  Setting up primal boundary conditions based on pyOptions: 
[2024/01/07 06:21:32]  Setting primal boundary conditions...
[2024/01/07 06:21:32]  Setting U = (0.1 0 0) at inlet
[2024/01/07 06:21:32]  Setting primal boundary conditions...
[2024/01/07 06:21:32]  Setting p = 0 at outlet
[2024/01/07 06:21:32]  nuTilda not found, skip it.
[2024/01/07 06:21:32]  Setting nut wall BC for wallBoundary. BCType=nutkWallFunction
[2024/01/07 06:21:32]  Running Primal Solver 047
[2024/01/07 06:21:32]  Previous solution time 41 not found and nothing deleted.
[2024/01/07 06:21:32]  No finite volume options present
[2024/01/07 06:21:32]  
[2024/01/07 06:21:32]  Starting time loop
[2024/01/07 06:21:32]  
[2024/01/07 06:21:32]  Checking mesh quality for time = 0
[2024/01/07 06:21:32]      Overall domain bounding box (7.181318501078189e-16 -1.399990449424424e-15 -5.718082257688551e-15) (0.02999999999999962 0.01500000000001617 0.001000000000005718)
[2024/01/07 06:21:32]      Mesh has 3 geometric (non-empty/wedge) directions 3{1}
[2024/01/07 06:21:32]      Mesh has 3 solution (non-empty) directions 3{1}
[2024/01/07 06:21:32]      Boundary openness (-6.947448714353218e-18 9.793123156124281e-19 -3.04020355740097e-16) OK.
[2024/01/07 06:21:32]      Max cell openness = 3.176373552203076e-16 OK.
[2024/01/07 06:21:32]      Max aspect ratio = 3.333333333492265 OK.
[2024/01/07 06:21:32]      Minimum face area = 1.499999999935995e-07. Maximum face area = 5.000000000129904e-07.  Face area magnitudes OK.
[2024/01/07 06:21:32]      Min volume = 1.499999999944929e-10. Max volume = 1.500000000034984e-10.  Total volume = 4.500000000002841e-07.  Cell volumes OK.
[2024/01/07 06:21:32]      Mesh non-orthogonality Max: 0 average: 0
[2024/01/07 06:21:32]      Non-orthogonality check OK.
[2024/01/07 06:21:32]      Face pyramids OK.
[2024/01/07 06:21:32]      Max skewness = 9.432792296734318e-11 OK.
[2024/01/07 06:21:32]      Coupled point location match (average 0) OK.
[2024/01/07 06:21:32]  
[2024/01/07 06:21:32]  Mesh OK.
[2024/01/07 06:21:32]  
[2024/01/07 06:21:32]  Time = 1
[2024/01/07 06:21:32]  
[2024/01/07 06:21:32]  U Initial residual: (5.51763938407492e-06 1.197075644363561e-05 0.001133013611586654)
[2024/01/07 06:21:32]  U   Final residual: (2.488639171728725e-07 5.59776902262536e-07 4.645056401296905e-05)
[2024/01/07 06:21:32]  p Initial residual: 0.0001758155506808333
[2024/01/07 06:21:32]  p   Final residual: 9.205135092433074e-06
[2024/01/07 06:21:32]  Time step continuity errors : sum local = 3.367832722401453e-05
[2024/01/07 06:21:32]                                   global = -6.65004937822614e-07
[2024/01/07 06:21:32]                               cumulative = 0.001720677715674622
[2024/01/07 06:21:32]  yPlus min: 0 max: 0 mean: 0
[2024/01/07 06:21:32]  PL-part1-totalPressure: 15.24486340048746
[2024/01/07 06:21:32]  PL-part2-totalPressure: -9.601604913215628
[2024/01/07 06:21:32]  VOLUME-part1-variableVolSum: 1.000198523595389e-05
[2024/01/07 06:21:32]  ExecutionTime = 209.32 s  ClockTime = 299 s
[2024/01/07 06:21:32]  
[2024/01/07 06:21:32]  Time = 43
[2024/01/07 06:21:32]  Minimal residual 9.730884846563482e-07 satisfied the prescribed tolerance 1e-06
[2024/01/07 06:21:32]  
[2024/01/07 06:21:32]  PL-part1-totalPressure: 15.24376130726624
[2024/01/07 06:21:32]  PL-part2-totalPressure: -9.601539954760538
[2024/01/07 06:21:32]  VOLUME-part1-variableVolSum: 1.000198523595389e-05
[2024/01/07 06:21:32]  Printing Primal Residual Statistics.
[2024/01/07 06:21:32]  U Residual Norm2: (0.006729986921172941 0.003151377712373737 1.13785575707027e-13)
[2024/01/07 06:21:32]  U Residual Mean: (5.936780864890514e-05 2.855924328853996e-05 1.460930736909616e-15)
[2024/01/07 06:21:32]  U Residual Max: (0.0005161063543919209 0.0002551891776045867 1.042879009810859e-14)
[2024/01/07 06:21:32]  p Residual Norm2: 0.0003801667071009263
[2024/01/07 06:21:32]  p Residual Mean: 2.897868167479363e-06
[2024/01/07 06:21:32]  p Residual Max: 7.742937273125246e-05
[2024/01/07 06:21:32]  phi Residual Norm2: 4.301808981585539e-06
[2024/01/07 06:21:32]  phi Residual Mean: 1.241170090887795e-08
[2024/01/07 06:21:32]  phi Residual Max: 3.131531967317542e-07
[2024/01/07 06:21:32]  End
[2024/01/07 06:21:32]  
[2024/01/07 06:21:32]  Objective Functions: 
[2024/01/07 06:21:35]  {'PL': 5.642221352505704, 'VOLUME': 1.0001985235953888e-05, 'fail': False}
[2024/01/07 06:21:35]  Flow Runtime: 2.90017
[2024/01/07 06:21:35]  
[2024/01/07 06:21:35]  
[2024/01/07 06:21:35]  +--------------------------------------------------------------------------+
[2024/01/07 06:21:35]  |                  Evaluating Objective Functions 048                      |
[2024/01/07 06:21:35]  +--------------------------------------------------------------------------+
[2024/01/07 06:21:35]  Design Variables: 
[2024/01/07 06:21:35]  OrderedDict([('alphaPorosity', array([  1.9009269245936928,   1.8691752817045495,   1.8393521158887531,
[2024/01/07 06:21:35]         ..., 322.42263928436813  , 323.0101015257666   ,
[2024/01/07 06:21:35]         323.4262846554845   ]))])
[2024/01/07 06:21:35]  DVGeo PointSet UpToDate: False
[2024/01/07 06:21:35]  Updating DVGeo PointSet....
[2024/01/07 06:21:35]  DVGeo PointSet UpToDate: True
[2024/01/07 06:21:35]  Warping the volume mesh....
[2024/01/07 06:21:35]  Setting up primal boundary conditions based on pyOptions: 
[2024/01/07 06:21:35]  Setting primal boundary conditions...
[2024/01/07 06:21:35]  Setting U = (0.1 0 0) at inlet
[2024/01/07 06:21:35]  Setting primal boundary conditions...
[2024/01/07 06:21:35]  Setting p = 0 at outlet
[2024/01/07 06:21:35]  nuTilda not found, skip it.
[2024/01/07 06:21:35]  Setting nut wall BC for wallBoundary. BCType=nutkWallFunction
[2024/01/07 06:21:35]  Running Primal Solver 048
[2024/01/07 06:21:35]  Previous solution time 43 found and deleted.
[2024/01/07 06:21:35]  No finite volume options present
[2024/01/07 06:21:35]  
[2024/01/07 06:21:35]  Starting time loop
[2024/01/07 06:21:35]  
[2024/01/07 06:21:35]  Checking mesh quality for time = 0
[2024/01/07 06:21:35]      Overall domain bounding box (7.181318501078189e-16 -1.399990449424424e-15 -5.718082257688551e-15) (0.02999999999999962 0.01500000000001617 0.001000000000005718)
[2024/01/07 06:21:35]      Mesh has 3 geometric (non-empty/wedge) directions 3{1}
[2024/01/07 06:21:35]      Mesh has 3 solution (non-empty) directions 3{1}
[2024/01/07 06:21:35]      Boundary openness (-6.947448714353218e-18 9.793123156124281e-19 -3.04020355740097e-16) OK.
[2024/01/07 06:21:35]      Max cell openness = 3.176373552203076e-16 OK.
[2024/01/07 06:21:35]      Max aspect ratio = 3.333333333492265 OK.
[2024/01/07 06:21:35]      Minimum face area = 1.499999999935995e-07. Maximum face area = 5.000000000129904e-07.  Face area magnitudes OK.
[2024/01/07 06:21:35]      Min volume = 1.499999999944929e-10. Max volume = 1.500000000034984e-10.  Total volume = 4.500000000002841e-07.  Cell volumes OK.
[2024/01/07 06:21:35]      Mesh non-orthogonality Max: 0 average: 0
[2024/01/07 06:21:35]      Non-orthogonality check OK.
[2024/01/07 06:21:35]      Face pyramids OK.
[2024/01/07 06:21:35]      Max skewness = 9.432792296734318e-11 OK.
[2024/01/07 06:21:35]      Coupled point location match (average 0) OK.
[2024/01/07 06:21:35]  
[2024/01/07 06:21:35]  Mesh OK.
[2024/01/07 06:21:35]  
[2024/01/07 06:21:35]  Time = 1
[2024/01/07 06:21:35]  
[2024/01/07 06:21:35]  U Initial residual: (2.941360806133424e-06 6.574162362847291e-06 0.00109125416394054)
[2024/01/07 06:21:35]  U   Final residual: (1.278285451685965e-07 3.008980292925436e-07 4.530463405917395e-05)
[2024/01/07 06:21:35]  p Initial residual: 8.792496326229239e-05
[2024/01/07 06:21:35]  p   Final residual: 4.597199557993227e-06
[2024/01/07 06:21:35]  Time step continuity errors : sum local = 1.681834497472958e-05
[2024/01/07 06:21:35]                                   global = 3.508541722419969e-07
[2024/01/07 06:21:35]                               cumulative = 0.001721028569846864
[2024/01/07 06:21:35]  yPlus min: 0 max: 0 mean: 0
[2024/01/07 06:21:35]  PL-part1-totalPressure: 15.24280414613643
[2024/01/07 06:21:35]  PL-part2-totalPressure: -9.60153902947053
[2024/01/07 06:21:35]  VOLUME-part1-variableVolSum: 1.000198480225799e-05
[2024/01/07 06:21:35]  ExecutionTime = 211 s  ClockTime = 302 s
[2024/01/07 06:21:35]  
[2024/01/07 06:21:35]  Time = 32
[2024/01/07 06:21:35]  Minimal residual 9.960906040376818e-07 satisfied the prescribed tolerance 1e-06
[2024/01/07 06:21:35]  
[2024/01/07 06:21:35]  PL-part1-totalPressure: 15.2431741161435
[2024/01/07 06:21:35]  PL-part2-totalPressure: -9.601552245024747
[2024/01/07 06:21:35]  VOLUME-part1-variableVolSum: 1.000198480225799e-05
[2024/01/07 06:21:35]  Printing Primal Residual Statistics.
[2024/01/07 06:21:35]  U Residual Norm2: (0.004700167661980679 0.002463406263494354 1.127229751034312e-13)
[2024/01/07 06:21:35]  U Residual Mean: (4.458550197518625e-05 2.35508524024472e-05 1.46509633136344e-15)
[2024/01/07 06:21:35]  U Residual Max: (0.0004015594141288936 0.0002047407877201479 1.024488102314743e-14)
[2024/01/07 06:21:35]  p Residual Norm2: 0.0004108080140288222
[2024/01/07 06:21:35]  p Residual Mean: 2.937258963050193e-06
[2024/01/07 06:21:35]  p Residual Max: 0.0001189372660464851
[2024/01/07 06:21:35]  phi Residual Norm2: 3.117937393759399e-06
[2024/01/07 06:21:35]  phi Residual Mean: 9.795108792185581e-09
[2024/01/07 06:21:35]  phi Residual Max: 2.471193552232562e-07
[2024/01/07 06:21:35]  End
[2024/01/07 06:21:35]  
[2024/01/07 06:21:35]  Objective Functions: 
[2024/01/07 06:21:35]  {'PL': 5.6416218711187565, 'VOLUME': 1.0001984802257989e-05, 'fail': False}
[2024/01/07 06:21:35]  Flow Runtime: 2.9885
[2024/01/07 06:21:35]  
[2024/01/07 06:21:35]  
[2024/01/07 06:21:35]  +--------------------------------------------------------------------------+
[2024/01/07 06:21:35]  |                  Evaluating Objective Functions 049                      |
[2024/01/07 06:21:35]  +--------------------------------------------------------------------------+
[2024/01/07 06:21:35]  Design Variables: 
[2024/01/07 06:21:35]  OrderedDict([('alphaPorosity', array([  1.901081643578042 ,   1.869325518676359 ,   1.8394979545689425,
[2024/01/07 06:21:35]         ..., 322.4296762539954   , 323.01728662500597  ,
[2024/01/07 06:21:35]         323.4336324959634   ]))])
[2024/01/07 06:21:35]  DVGeo PointSet UpToDate: False
[2024/01/07 06:21:35]  Updating DVGeo PointSet....
[2024/01/07 06:21:35]  DVGeo PointSet UpToDate: True
[2024/01/07 06:21:38]  Warping the volume mesh....
[2024/01/07 06:21:38]  Setting up primal boundary conditions based on pyOptions: 
[2024/01/07 06:21:38]  Setting primal boundary conditions...
[2024/01/07 06:21:38]  Setting U = (0.1 0 0) at inlet
[2024/01/07 06:21:38]  Setting primal boundary conditions...
[2024/01/07 06:21:38]  Setting p = 0 at outlet
[2024/01/07 06:21:38]  nuTilda not found, skip it.
[2024/01/07 06:21:38]  Setting nut wall BC for wallBoundary. BCType=nutkWallFunction
[2024/01/07 06:21:38]  Running Primal Solver 049
[2024/01/07 06:21:38]  Previous solution time 32 found and deleted.
[2024/01/07 06:21:38]  No finite volume options present
[2024/01/07 06:21:38]  
[2024/01/07 06:21:38]  Starting time loop
[2024/01/07 06:21:38]  
[2024/01/07 06:21:38]  Checking mesh quality for time = 0
[2024/01/07 06:21:38]      Overall domain bounding box (7.181318501078189e-16 -1.399990449424424e-15 -5.718082257688551e-15) (0.02999999999999962 0.01500000000001617 0.001000000000005718)
[2024/01/07 06:21:38]      Mesh has 3 geometric (non-empty/wedge) directions 3{1}
[2024/01/07 06:21:38]      Mesh has 3 solution (non-empty) directions 3{1}
[2024/01/07 06:21:38]      Boundary openness (-6.947448714353218e-18 9.793123156124281e-19 -3.04020355740097e-16) OK.
[2024/01/07 06:21:38]      Max cell openness = 3.176373552203076e-16 OK.
[2024/01/07 06:21:38]      Max aspect ratio = 3.333333333492265 OK.
[2024/01/07 06:21:38]      Minimum face area = 1.499999999935995e-07. Maximum face area = 5.000000000129904e-07.  Face area magnitudes OK.
[2024/01/07 06:21:38]      Min volume = 1.499999999944929e-10. Max volume = 1.500000000034984e-10.  Total volume = 4.500000000002841e-07.  Cell volumes OK.
[2024/01/07 06:21:38]      Mesh non-orthogonality Max: 0 average: 0
[2024/01/07 06:21:38]      Non-orthogonality check OK.
[2024/01/07 06:21:38]      Face pyramids OK.
[2024/01/07 06:21:38]      Max skewness = 9.432792296734318e-11 OK.
[2024/01/07 06:21:38]      Coupled point location match (average 0) OK.
[2024/01/07 06:21:38]  
[2024/01/07 06:21:38]  Mesh OK.
[2024/01/07 06:21:38]  
[2024/01/07 06:21:38]  Time = 1
[2024/01/07 06:21:38]  
[2024/01/07 06:21:38]  U Initial residual: (1.714538331505527e-06 3.68347884511938e-06 0.001094238965536413)
[2024/01/07 06:21:38]  U   Final residual: (7.66317125941582e-08 1.707858391218062e-07 4.420199446753942e-05)
[2024/01/07 06:21:38]  p Initial residual: 4.414607068443963e-05
[2024/01/07 06:21:38]  p   Final residual: 2.283759398256333e-06
[2024/01/07 06:21:38]  Time step continuity errors : sum local = 8.354904959777591e-06
[2024/01/07 06:21:38]                                   global = 1.593330240556816e-07
[2024/01/07 06:21:38]                               cumulative = 0.00172118790287092
[2024/01/07 06:21:38]  yPlus min: 0 max: 0 mean: 0
[2024/01/07 06:21:38]  PL-part1-totalPressure: 15.24270894774398
[2024/01/07 06:21:38]  PL-part2-totalPressure: -9.601553218084234
[2024/01/07 06:21:38]  VOLUME-part1-variableVolSum: 1.000198458541003e-05
[2024/01/07 06:21:38]  ExecutionTime = 212.95 s  ClockTime = 306 s
[2024/01/07 06:21:38]  
[2024/01/07 06:21:38]  Time = 25
[2024/01/07 06:21:38]  Minimal residual 9.66620799224646e-07 satisfied the prescribed tolerance 1e-06
[2024/01/07 06:21:38]  
[2024/01/07 06:21:38]  PL-part1-totalPressure: 15.24307601860206
[2024/01/07 06:21:38]  PL-part2-totalPressure: -9.601589914284837
[2024/01/07 06:21:38]  VOLUME-part1-variableVolSum: 1.000198458541003e-05
[2024/01/07 06:21:38]  Printing Primal Residual Statistics.
[2024/01/07 06:21:38]  U Residual Norm2: (0.004585888571263678 0.001691712525826058 1.153585417452958e-13)
[2024/01/07 06:21:38]  U Residual Mean: (4.536163060784376e-05 1.667102380528964e-05 1.487300814575895e-15)
[2024/01/07 06:21:38]  U Residual Max: (0.0003326920854995752 0.0001498784199569503 1.016771600792947e-14)
[2024/01/07 06:21:38]  p Residual Norm2: 0.0004427426009731463
[2024/01/07 06:21:38]  p Residual Mean: 3.006570660474336e-06
[2024/01/07 06:21:38]  p Residual Max: 0.0002246821509088178
[2024/01/07 06:21:38]  phi Residual Norm2: 2.920784841929121e-06
[2024/01/07 06:21:38]  phi Residual Mean: 9.080961077851139e-09
[2024/01/07 06:21:38]  phi Residual Max: 2.176863998386628e-07
[2024/01/07 06:21:38]  End
[2024/01/07 06:21:38]  
[2024/01/07 06:21:38]  Objective Functions: 
[2024/01/07 06:21:38]  {'PL': 5.641486104317224, 'VOLUME': 1.0001984585410033e-05, 'fail': False}
[2024/01/07 06:21:38]  Flow Runtime: 3.05161
[2024/01/07 06:21:38]  
[2024/01/07 06:21:38]  
[2024/01/07 06:21:38]  +--------------------------------------------------------------------------+
[2024/01/07 06:21:38]  |                  Evaluating Objective Functions 050                      |
[2024/01/07 06:21:38]  +--------------------------------------------------------------------------+
[2024/01/07 06:21:38]  Design Variables: 
[2024/01/07 06:21:38]  OrderedDict([('alphaPorosity', array([  1.9011590030702166,   1.869400637162264 ,   1.839570873909037 ,
[2024/01/07 06:21:38]         ..., 322.4331947388091   , 323.02087917462563  ,
[2024/01/07 06:21:38]         323.43730641620283  ]))])
[2024/01/07 06:21:38]  DVGeo PointSet UpToDate: False
[2024/01/07 06:21:38]  Updating DVGeo PointSet....
[2024/01/07 06:21:38]  DVGeo PointSet UpToDate: True
[2024/01/07 06:21:38]  Warping the volume mesh....
[2024/01/07 06:21:38]  Setting up primal boundary conditions based on pyOptions: 
[2024/01/07 06:21:38]  Setting primal boundary conditions...
[2024/01/07 06:21:38]  Setting U = (0.1 0 0) at inlet
[2024/01/07 06:21:38]  Setting primal boundary conditions...
[2024/01/07 06:21:38]  Setting p = 0 at outlet
[2024/01/07 06:21:38]  nuTilda not found, skip it.
[2024/01/07 06:21:38]  Setting nut wall BC for wallBoundary. BCType=nutkWallFunction
[2024/01/07 06:21:38]  Running Primal Solver 050
[2024/01/07 06:21:38]  Previous solution time 25 found and deleted.
[2024/01/07 06:21:38]  No finite volume options present
[2024/01/07 06:21:38]  
[2024/01/07 06:21:38]  Starting time loop
[2024/01/07 06:21:38]  
[2024/01/07 06:21:38]  Checking mesh quality for time = 0
[2024/01/07 06:21:43]      Overall domain bounding box (7.181318501078189e-16 -1.399990449424424e-15 -5.718082257688551e-15) (0.02999999999999962 0.01500000000001617 0.001000000000005718)
[2024/01/07 06:21:43]      Mesh has 3 geometric (non-empty/wedge) directions 3{1}
[2024/01/07 06:21:43]      Mesh has 3 solution (non-empty) directions 3{1}
[2024/01/07 06:21:43]      Boundary openness (-6.947448714353218e-18 9.793123156124281e-19 -3.04020355740097e-16) OK.
[2024/01/07 06:21:43]      Max cell openness = 3.176373552203076e-16 OK.
[2024/01/07 06:21:43]      Max aspect ratio = 3.333333333492265 OK.
[2024/01/07 06:21:43]      Minimum face area = 1.499999999935995e-07. Maximum face area = 5.000000000129904e-07.  Face area magnitudes OK.
[2024/01/07 06:21:43]      Min volume = 1.499999999944929e-10. Max volume = 1.500000000034984e-10.  Total volume = 4.500000000002841e-07.  Cell volumes OK.
[2024/01/07 06:21:43]      Mesh non-orthogonality Max: 0 average: 0
[2024/01/07 06:21:43]      Non-orthogonality check OK.
[2024/01/07 06:21:43]      Face pyramids OK.
[2024/01/07 06:21:43]      Max skewness = 9.432792296734318e-11 OK.
[2024/01/07 06:21:43]      Coupled point location match (average 0) OK.
[2024/01/07 06:21:43]  
[2024/01/07 06:21:43]  Mesh OK.
[2024/01/07 06:21:43]  
[2024/01/07 06:21:43]  Time = 1
[2024/01/07 06:21:43]  
[2024/01/07 06:21:43]  U Initial residual: (1.060469957371304e-06 2.064439288768522e-06 0.001110688161927495)
[2024/01/07 06:21:43]  U   Final residual: (4.692086711083567e-08 9.411562833617212e-08 4.231015176647107e-05)
[2024/01/07 06:21:43]  p Initial residual: 2.235999719527866e-05
[2024/01/07 06:21:43]  p   Final residual: 1.145507060043164e-06
[2024/01/07 06:21:43]  Time step continuity errors : sum local = 4.190801809714416e-06
[2024/01/07 06:21:43]                                   global = 1.49964516539622e-08
[2024/01/07 06:21:43]                               cumulative = 0.001721202899322574
[2024/01/07 06:21:43]  yPlus min: 0 max: 0 mean: 0
[2024/01/07 06:21:43]  PL-part1-totalPressure: 15.24285461774617
[2024/01/07 06:21:43]  PL-part2-totalPressure: -9.601591026676431
[2024/01/07 06:21:43]  VOLUME-part1-variableVolSum: 1.000198447698606e-05
[2024/01/07 06:21:43]  ExecutionTime = 215 s  ClockTime = 309 s
[2024/01/07 06:21:43]  
[2024/01/07 06:21:43]  Time = 19
[2024/01/07 06:21:43]  Minimal residual 9.739442026491435e-07 satisfied the prescribed tolerance 1e-06
[2024/01/07 06:21:43]  
[2024/01/07 06:21:43]  PL-part1-totalPressure: 15.24306090537163
[2024/01/07 06:21:43]  PL-part2-totalPressure: -9.601605152934034
[2024/01/07 06:21:43]  VOLUME-part1-variableVolSum: 1.000198447698606e-05
[2024/01/07 06:21:43]  Printing Primal Residual Statistics.
[2024/01/07 06:21:43]  U Residual Norm2: (0.003689311285432089 0.001259449202579575 1.101234809493903e-13)
[2024/01/07 06:21:43]  U Residual Mean: (3.783227750316702e-05 1.208940115766824e-05 1.439996638509603e-15)
[2024/01/07 06:21:43]  U Residual Max: (0.0002788814609944179 0.0001162151694802382 1.057903739033532e-14)
[2024/01/07 06:21:43]  p Residual Norm2: 0.0004430482535643843
[2024/01/07 06:21:43]  p Residual Mean: 2.897307629297637e-06
[2024/01/07 06:21:43]  p Residual Max: 0.0002277786841831778
[2024/01/07 06:21:43]  phi Residual Norm2: 2.355016671201598e-06
[2024/01/07 06:21:43]  phi Residual Mean: 7.367031028223957e-09
[2024/01/07 06:21:43]  phi Residual Max: 1.712233249066702e-07
[2024/01/07 06:21:43]  End
[2024/01/07 06:21:43]  
[2024/01/07 06:21:43]  Objective Functions: 
[2024/01/07 06:21:43]  {'PL': 5.641455752437599, 'VOLUME': 1.000198447698606e-05, 'fail': False}
[2024/01/07 06:21:43]  Flow Runtime: 2.98651
[2024/01/07 06:21:43]  
[2024/01/07 06:21:43]  
[2024/01/07 06:21:43]  +--------------------------------------------------------------------------+
[2024/01/07 06:21:43]  |                  Evaluating Objective Functions 051                      |
[2024/01/07 06:21:43]  +--------------------------------------------------------------------------+
[2024/01/07 06:21:43]  Design Variables: 
[2024/01/07 06:21:43]  OrderedDict([('alphaPorosity', array([  1.9011976828163037,   1.8694381964052165,   1.8396073335790843,
[2024/01/07 06:21:43]         ..., 322.4349539812159   , 323.02267544943544  ,
[2024/01/07 06:21:43]         323.4391433763226   ]))])
[2024/01/07 06:21:43]  DVGeo PointSet UpToDate: False
[2024/01/07 06:21:43]  Updating DVGeo PointSet....
[2024/01/07 06:21:43]  DVGeo PointSet UpToDate: True
[2024/01/07 06:21:43]  Warping the volume mesh....
[2024/01/07 06:21:43]  Setting up primal boundary conditions based on pyOptions: 
[2024/01/07 06:21:43]  Setting primal boundary conditions...
[2024/01/07 06:21:43]  Setting U = (0.1 0 0) at inlet
[2024/01/07 06:21:43]  Setting primal boundary conditions...
[2024/01/07 06:21:43]  Setting p = 0 at outlet
[2024/01/07 06:21:43]  nuTilda not found, skip it.
[2024/01/07 06:21:43]  Setting nut wall BC for wallBoundary. BCType=nutkWallFunction
[2024/01/07 06:21:43]  Running Primal Solver 051
[2024/01/07 06:21:43]  Previous solution time 19 found and deleted.
[2024/01/07 06:21:43]  No finite volume options present
[2024/01/07 06:21:43]  
[2024/01/07 06:21:43]  Starting time loop
[2024/01/07 06:21:43]  
[2024/01/07 06:21:43]  Checking mesh quality for time = 0
[2024/01/07 06:21:43]      Overall domain bounding box (7.181318501078189e-16 -1.399990449424424e-15 -5.718082257688551e-15) (0.02999999999999962 0.01500000000001617 0.001000000000005718)
[2024/01/07 06:21:43]      Mesh has 3 geometric (non-empty/wedge) directions 3{1}
[2024/01/07 06:21:43]      Mesh has 3 solution (non-empty) directions 3{1}
[2024/01/07 06:21:43]      Boundary openness (-6.947448714353218e-18 9.793123156124281e-19 -3.04020355740097e-16) OK.
[2024/01/07 06:21:43]      Max cell openness = 3.176373552203076e-16 OK.
[2024/01/07 06:21:43]      Max aspect ratio = 3.333333333492265 OK.
[2024/01/07 06:21:43]      Minimum face area = 1.499999999935995e-07. Maximum face area = 5.000000000129904e-07.  Face area magnitudes OK.
[2024/01/07 06:21:47]      Min volume = 1.499999999944929e-10. Max volume = 1.500000000034984e-10.  Total volume = 4.500000000002841e-07.  Cell volumes OK.
[2024/01/07 06:21:47]      Mesh non-orthogonality Max: 0 average: 0
[2024/01/07 06:21:47]      Non-orthogonality check OK.
[2024/01/07 06:21:47]      Face pyramids OK.
[2024/01/07 06:21:47]      Max skewness = 9.432792296734318e-11 OK.
[2024/01/07 06:21:47]      Coupled point location match (average 0) OK.
[2024/01/07 06:21:47]  
[2024/01/07 06:21:47]  Mesh OK.
[2024/01/07 06:21:47]  
[2024/01/07 06:21:47]  Time = 1
[2024/01/07 06:21:47]  
[2024/01/07 06:21:47]  U Initial residual: (6.568451890949639e-07 1.189498865898286e-06 0.001075607887820271)
[2024/01/07 06:21:47]  U   Final residual: (2.876459909706571e-08 5.581031891707503e-08 4.296867083336372e-05)
[2024/01/07 06:21:47]  p Initial residual: 1.132792601871876e-05
[2024/01/07 06:21:47]  p   Final residual: 5.688649048607815e-07
[2024/01/07 06:21:47]  Time step continuity errors : sum local = 2.081199649465322e-06
[2024/01/07 06:21:47]                                   global = -9.696030287547434e-09
[2024/01/07 06:21:47]                               cumulative = 0.001721193203292286
[2024/01/07 06:21:47]  yPlus min: 0 max: 0 mean: 0
[2024/01/07 06:21:47]  PL-part1-totalPressure: 15.24295498872912
[2024/01/07 06:21:47]  PL-part2-totalPressure: -9.601605665099433
[2024/01/07 06:21:47]  VOLUME-part1-variableVolSum: 1.000198442277407e-05
[2024/01/07 06:21:47]  ExecutionTime = 217.07 s  ClockTime = 312 s
[2024/01/07 06:21:47]  
[2024/01/07 06:21:47]  Time = 15
[2024/01/07 06:21:47]  Minimal residual 9.049799539178141e-07 satisfied the prescribed tolerance 1e-06
[2024/01/07 06:21:47]  
[2024/01/07 06:21:47]  PL-part1-totalPressure: 15.24307060767667
[2024/01/07 06:21:47]  PL-part2-totalPressure: -9.601610915336492
[2024/01/07 06:21:47]  VOLUME-part1-variableVolSum: 1.000198442277407e-05
[2024/01/07 06:21:47]  Printing Primal Residual Statistics.
[2024/01/07 06:21:47]  U Residual Norm2: (0.002887426494822287 0.0009348362559588175 1.136015942610159e-13)
[2024/01/07 06:21:47]  U Residual Mean: (3.015633554320918e-05 9.610331153031347e-06 1.452643955026901e-15)
[2024/01/07 06:21:47]  U Residual Max: (0.0002047746771041137 9.410111281682454e-05 1.152766585843497e-14)
[2024/01/07 06:21:47]  p Residual Norm2: 0.0003963400478009867
[2024/01/07 06:21:47]  p Residual Mean: 2.590026880337698e-06
[2024/01/07 06:21:47]  p Residual Max: 0.000192621219241629
[2024/01/07 06:21:47]  phi Residual Norm2: 1.84250568755294e-06
[2024/01/07 06:21:47]  phi Residual Mean: 5.890719262270177e-09
[2024/01/07 06:21:47]  phi Residual Max: 1.322898920257484e-07
[2024/01/07 06:21:47]  End
[2024/01/07 06:21:47]  
[2024/01/07 06:21:47]  Objective Functions: 
[2024/01/07 06:21:47]  {'PL': 5.641459692340177, 'VOLUME': 1.000198442277407e-05, 'fail': False}
[2024/01/07 06:21:47]  Flow Runtime: 2.93175
[2024/01/07 06:21:47]  
[2024/01/07 06:21:47]  
[2024/01/07 06:21:47]  +--------------------------------------------------------------------------+
[2024/01/07 06:21:47]  |                  Evaluating Objective Functions 052                      |
[2024/01/07 06:21:47]  +--------------------------------------------------------------------------+
[2024/01/07 06:21:47]  Design Variables: 
[2024/01/07 06:21:47]  OrderedDict([('alphaPorosity', array([  1.9012170226893474,   1.8694569760266926,   1.8396255634141079,
[2024/01/07 06:21:47]         ..., 322.43583360241934  , 323.02357358684037  ,
[2024/01/07 06:21:47]         323.44006185638244  ]))])
[2024/01/07 06:21:47]  DVGeo PointSet UpToDate: False
[2024/01/07 06:21:47]  Updating DVGeo PointSet....
[2024/01/07 06:21:47]  DVGeo PointSet UpToDate: True
[2024/01/07 06:21:47]  Warping the volume mesh....
[2024/01/07 06:21:47]  Setting up primal boundary conditions based on pyOptions: 
[2024/01/07 06:21:47]  Setting primal boundary conditions...
[2024/01/07 06:21:47]  Setting U = (0.1 0 0) at inlet
[2024/01/07 06:21:47]  Setting primal boundary conditions...
[2024/01/07 06:21:47]  Setting p = 0 at outlet
[2024/01/07 06:21:47]  nuTilda not found, skip it.
[2024/01/07 06:21:47]  Setting nut wall BC for wallBoundary. BCType=nutkWallFunction
[2024/01/07 06:21:47]  Running Primal Solver 052
[2024/01/07 06:21:47]  Previous solution time 15 found and deleted.
[2024/01/07 06:21:47]  No finite volume options present
[2024/01/07 06:21:47]  
[2024/01/07 06:21:47]  Starting time loop
[2024/01/07 06:21:47]  
[2024/01/07 06:21:47]  Checking mesh quality for time = 0
[2024/01/07 06:21:47]      Overall domain bounding box (7.181318501078189e-16 -1.399990449424424e-15 -5.718082257688551e-15) (0.02999999999999962 0.01500000000001617 0.001000000000005718)
[2024/01/07 06:21:47]      Mesh has 3 geometric (non-empty/wedge) directions 3{1}
[2024/01/07 06:21:47]      Mesh has 3 solution (non-empty) directions 3{1}
[2024/01/07 06:21:47]      Boundary openness (-6.947448714353218e-18 9.793123156124281e-19 -3.04020355740097e-16) OK.
[2024/01/07 06:21:47]      Max cell openness = 3.176373552203076e-16 OK.
[2024/01/07 06:21:47]      Max aspect ratio = 3.333333333492265 OK.
[2024/01/07 06:21:47]      Minimum face area = 1.499999999935995e-07. Maximum face area = 5.000000000129904e-07.  Face area magnitudes OK.
[2024/01/07 06:21:47]      Min volume = 1.499999999944929e-10. Max volume = 1.500000000034984e-10.  Total volume = 4.500000000002841e-07.  Cell volumes OK.
[2024/01/07 06:21:47]      Mesh non-orthogonality Max: 0 average: 0
[2024/01/07 06:21:47]      Non-orthogonality check OK.
[2024/01/07 06:21:47]      Face pyramids OK.
[2024/01/07 06:21:47]      Max skewness = 9.432792296734318e-11 OK.
[2024/01/07 06:21:47]      Coupled point location match (average 0) OK.
[2024/01/07 06:21:47]  
[2024/01/07 06:21:47]  Mesh OK.
[2024/01/07 06:21:47]  
[2024/01/07 06:21:47]  Time = 1
[2024/01/07 06:21:47]  
[2024/01/07 06:21:47]  U Initial residual: (4.156394786131317e-07 7.39142683310088e-07 0.001085217346098864)
[2024/01/07 06:21:47]  U   Final residual: (1.8122021487378e-08 3.498722128931833e-08 4.322266375221044e-05)
[2024/01/07 06:21:47]  p Initial residual: 5.779475766745738e-06
[2024/01/07 06:21:47]  p   Final residual: 2.850767572191639e-07
[2024/01/07 06:21:50]  Time step continuity errors : sum local = 1.042964579124309e-06
[2024/01/07 06:21:50]                                   global = -2.537277274510822e-09
[2024/01/07 06:21:50]                               cumulative = 0.001721190666015012
[2024/01/07 06:21:50]  yPlus min: 0 max: 0 mean: 0
[2024/01/07 06:21:50]  PL-part1-totalPressure: 15.24301715678002
[2024/01/07 06:21:50]  PL-part2-totalPressure: -9.601611167182131
[2024/01/07 06:21:50]  VOLUME-part1-variableVolSum: 1.000198439566808e-05
[2024/01/07 06:21:50]  ExecutionTime = 218.88 s  ClockTime = 315 s
[2024/01/07 06:21:50]  
[2024/01/07 06:21:50]  Time = 11
[2024/01/07 06:21:50]  Minimal residual 8.445528949537122e-07 satisfied the prescribed tolerance 1e-06
[2024/01/07 06:21:50]  
[2024/01/07 06:21:50]  PL-part1-totalPressure: 15.24306691362711
[2024/01/07 06:21:50]  PL-part2-totalPressure: -9.60161283536593
[2024/01/07 06:21:50]  VOLUME-part1-variableVolSum: 1.000198439566808e-05
[2024/01/07 06:21:50]  Printing Primal Residual Statistics.
[2024/01/07 06:21:50]  U Residual Norm2: (0.00236803567542597 0.0007947118762748025 1.135802126283841e-13)
[2024/01/07 06:21:50]  U Residual Mean: (2.460532438720736e-05 8.095584772343365e-06 1.472262636466638e-15)
[2024/01/07 06:21:50]  U Residual Max: (0.0001622174613962191 7.175972501516359e-05 1.231261632874836e-14)
[2024/01/07 06:21:50]  p Residual Norm2: 0.0003600100823373064
[2024/01/07 06:21:50]  p Residual Mean: 2.391075466609708e-06
[2024/01/07 06:21:50]  p Residual Max: 0.0001493136160642905
[2024/01/07 06:21:50]  phi Residual Norm2: 1.522412231712219e-06
[2024/01/07 06:21:50]  phi Residual Mean: 4.880009148299339e-09
[2024/01/07 06:21:50]  phi Residual Max: 1.075342039376811e-07
[2024/01/07 06:21:50]  End
[2024/01/07 06:21:50]  
[2024/01/07 06:21:50]  Objective Functions: 
[2024/01/07 06:21:50]  {'PL': 5.641454078261178, 'VOLUME': 1.0001984395668076e-05, 'fail': False}
[2024/01/07 06:21:50]  Flow Runtime: 2.94753
[2024/01/07 06:21:50]  
[2024/01/07 06:21:50]  
[2024/01/07 06:21:50]  +--------------------------------------------------------------------------+
[2024/01/07 06:21:50]  |                  Evaluating Objective Functions 053                      |
[2024/01/07 06:21:50]  +--------------------------------------------------------------------------+
[2024/01/07 06:21:50]  Design Variables: 
[2024/01/07 06:21:50]  OrderedDict([('alphaPorosity', array([  1.9012266926258696,   1.8694663658374309,   1.8396346783316198,
[2024/01/07 06:21:50]         ..., 322.43627341302107  , 323.02402265554286  ,
[2024/01/07 06:21:50]         323.44052109641234  ]))])
[2024/01/07 06:21:50]  DVGeo PointSet UpToDate: False
[2024/01/07 06:21:50]  Updating DVGeo PointSet....
[2024/01/07 06:21:50]  DVGeo PointSet UpToDate: True
[2024/01/07 06:21:50]  Warping the volume mesh....
[2024/01/07 06:21:50]  Setting up primal boundary conditions based on pyOptions: 
[2024/01/07 06:21:50]  Setting primal boundary conditions...
[2024/01/07 06:21:50]  Setting U = (0.1 0 0) at inlet
[2024/01/07 06:21:50]  Setting primal boundary conditions...
[2024/01/07 06:21:50]  Setting p = 0 at outlet
[2024/01/07 06:21:50]  nuTilda not found, skip it.
[2024/01/07 06:21:50]  Setting nut wall BC for wallBoundary. BCType=nutkWallFunction
[2024/01/07 06:21:50]  Running Primal Solver 053
[2024/01/07 06:21:50]  Previous solution time 11 found and deleted.
[2024/01/07 06:21:50]  No finite volume options present
[2024/01/07 06:21:50]  
[2024/01/07 06:21:50]  Starting time loop
[2024/01/07 06:21:50]  
[2024/01/07 06:21:50]  Checking mesh quality for time = 0
[2024/01/07 06:21:50]      Overall domain bounding box (7.181318501078189e-16 -1.399990449424424e-15 -5.718082257688551e-15) (0.02999999999999962 0.01500000000001617 0.001000000000005718)
[2024/01/07 06:21:50]      Mesh has 3 geometric (non-empty/wedge) directions 3{1}
[2024/01/07 06:21:50]      Mesh has 3 solution (non-empty) directions 3{1}
[2024/01/07 06:21:50]      Boundary openness (-6.947448714353218e-18 9.793123156124281e-19 -3.04020355740097e-16) OK.
[2024/01/07 06:21:50]      Max cell openness = 3.176373552203076e-16 OK.
[2024/01/07 06:21:50]      Max aspect ratio = 3.333333333492265 OK.
[2024/01/07 06:21:50]      Minimum face area = 1.499999999935995e-07. Maximum face area = 5.000000000129904e-07.  Face area magnitudes OK.
[2024/01/07 06:21:50]      Min volume = 1.499999999944929e-10. Max volume = 1.500000000034984e-10.  Total volume = 4.500000000002841e-07.  Cell volumes OK.
[2024/01/07 06:21:50]      Mesh non-orthogonality Max: 0 average: 0
[2024/01/07 06:21:50]      Non-orthogonality check OK.
[2024/01/07 06:21:50]      Face pyramids OK.
[2024/01/07 06:21:50]      Max skewness = 9.432792296734318e-11 OK.
[2024/01/07 06:21:50]      Coupled point location match (average 0) OK.
[2024/01/07 06:21:50]  
[2024/01/07 06:21:50]  Mesh OK.
[2024/01/07 06:21:50]  
[2024/01/07 06:21:50]  Time = 1
[2024/01/07 06:21:50]  
[2024/01/07 06:21:50]  U Initial residual: (2.937054217667693e-07 5.181923298394974e-07 0.001099876639619134)
[2024/01/07 06:21:50]  U   Final residual: (1.25496127700936e-08 2.48930552361625e-08 4.481906781264648e-05)
[2024/01/07 06:21:50]  p Initial residual: 2.976706529832775e-06
[2024/01/07 06:21:50]  p   Final residual: 1.447753582393418e-07
[2024/01/07 06:21:50]  Time step continuity errors : sum local = 5.296680529256551e-07
[2024/01/07 06:21:50]                                   global = -1.444914944064788e-08
[2024/01/07 06:21:50]                               cumulative = 0.001721176216865571
[2024/01/07 06:21:50]  yPlus min: 0 max: 0 mean: 0
[2024/01/07 06:21:50]  PL-part1-totalPressure: 15.24304790115874
[2024/01/07 06:21:50]  PL-part2-totalPressure: -9.601612944932976
[2024/01/07 06:21:50]  VOLUME-part1-variableVolSum: 1.000198438211508e-05
[2024/01/07 06:21:50]  ExecutionTime = 220.66 s  ClockTime = 318 s
[2024/01/07 06:21:50]  
[2024/01/07 06:21:50]  Time = 8
[2024/01/07 06:21:50]  Minimal residual 8.212721007773593e-07 satisfied the prescribed tolerance 1e-06
[2024/01/07 06:21:50]  
[2024/01/07 06:21:50]  PL-part1-totalPressure: 15.24308999629742
[2024/01/07 06:21:50]  PL-part2-totalPressure: -9.601614242838112
[2024/01/07 06:21:50]  VOLUME-part1-variableVolSum: 1.000198438211508e-05
[2024/01/07 06:21:53]  Printing Primal Residual Statistics.
[2024/01/07 06:21:53]  U Residual Norm2: (0.002006073824833833 0.0006557034415468525 1.173133820085712e-13)
[2024/01/07 06:21:53]  U Residual Mean: (2.139654053055886e-05 6.648765755268871e-06 1.520016774035346e-15)
[2024/01/07 06:21:53]  U Residual Max: (0.000136875502898981 6.408909652322325e-05 1.084373457136271e-14)
[2024/01/07 06:21:53]  p Residual Norm2: 0.000360761726200026
[2024/01/07 06:21:53]  p Residual Mean: 2.269242459653387e-06
[2024/01/07 06:21:53]  p Residual Max: 0.0001296798979858847
[2024/01/07 06:21:53]  phi Residual Norm2: 1.295235153540873e-06
[2024/01/07 06:21:53]  phi Residual Mean: 4.221198857014251e-09
[2024/01/07 06:21:53]  phi Residual Max: 9.081846481116027e-08
[2024/01/07 06:21:53]  End
[2024/01/07 06:21:53]  
[2024/01/07 06:21:53]  Objective Functions: 
[2024/01/07 06:21:53]  {'PL': 5.641475753459307, 'VOLUME': 1.000198438211508e-05, 'fail': False}
[2024/01/07 06:21:53]  Flow Runtime: 2.9445
[2024/01/07 06:21:53]  
[2024/01/07 06:21:53]  
[2024/01/07 06:21:53]  +--------------------------------------------------------------------------+
[2024/01/07 06:21:53]  |                  Evaluating Objective Functions 054                      |
[2024/01/07 06:21:53]  +--------------------------------------------------------------------------+
[2024/01/07 06:21:53]  Design Variables: 
[2024/01/07 06:21:53]  OrderedDict([('alphaPorosity', array([  1.9012315275941303,   1.8694710607427998,   1.839639235790376 ,
[2024/01/07 06:21:53]         ..., 322.43649331832194  , 323.0242471898941   ,
[2024/01/07 06:21:53]         323.4407507164273   ]))])
[2024/01/07 06:21:53]  DVGeo PointSet UpToDate: False
[2024/01/07 06:21:53]  Updating DVGeo PointSet....
[2024/01/07 06:21:53]  DVGeo PointSet UpToDate: True
[2024/01/07 06:21:53]  Warping the volume mesh....
[2024/01/07 06:21:53]  Setting up primal boundary conditions based on pyOptions: 
[2024/01/07 06:21:53]  Setting primal boundary conditions...
[2024/01/07 06:21:53]  Setting U = (0.1 0 0) at inlet
[2024/01/07 06:21:53]  Setting primal boundary conditions...
[2024/01/07 06:21:53]  Setting p = 0 at outlet
[2024/01/07 06:21:53]  nuTilda not found, skip it.
[2024/01/07 06:21:53]  Setting nut wall BC for wallBoundary. BCType=nutkWallFunction
[2024/01/07 06:21:53]  Running Primal Solver 054
[2024/01/07 06:21:53]  Previous solution time 8 found and deleted.
[2024/01/07 06:21:53]  No finite volume options present
[2024/01/07 06:21:53]  
[2024/01/07 06:21:53]  Starting time loop
[2024/01/07 06:21:53]  
[2024/01/07 06:21:53]  Checking mesh quality for time = 0
[2024/01/07 06:21:53]      Overall domain bounding box (7.181318501078189e-16 -1.399990449424424e-15 -5.718082257688551e-15) (0.02999999999999962 0.01500000000001617 0.001000000000005718)
[2024/01/07 06:21:53]      Mesh has 3 geometric (non-empty/wedge) directions 3{1}
[2024/01/07 06:21:53]      Mesh has 3 solution (non-empty) directions 3{1}
[2024/01/07 06:21:53]      Boundary openness (-6.947448714353218e-18 9.793123156124281e-19 -3.04020355740097e-16) OK.
[2024/01/07 06:21:53]      Max cell openness = 3.176373552203076e-16 OK.
[2024/01/07 06:21:53]      Max aspect ratio = 3.333333333492265 OK.
[2024/01/07 06:21:53]      Minimum face area = 1.499999999935995e-07. Maximum face area = 5.000000000129904e-07.  Face area magnitudes OK.
[2024/01/07 06:21:53]      Min volume = 1.499999999944929e-10. Max volume = 1.500000000034984e-10.  Total volume = 4.500000000002841e-07.  Cell volumes OK.
[2024/01/07 06:21:53]      Mesh non-orthogonality Max: 0 average: 0
[2024/01/07 06:21:53]      Non-orthogonality check OK.
[2024/01/07 06:21:53]      Face pyramids OK.
[2024/01/07 06:21:53]      Max skewness = 9.432792296734318e-11 OK.
[2024/01/07 06:21:53]      Coupled point location match (average 0) OK.
[2024/01/07 06:21:53]  
[2024/01/07 06:21:53]  Mesh OK.
[2024/01/07 06:21:53]  
[2024/01/07 06:21:53]  Time = 1
[2024/01/07 06:21:53]  
[2024/01/07 06:21:53]  U Initial residual: (2.214956791905167e-07 3.659788178371136e-07 0.00113540873317377)
[2024/01/07 06:21:53]  U   Final residual: (9.310102339703625e-09 1.737890510877379e-08 4.532918306434e-05)
[2024/01/07 06:21:53]  p Initial residual: 1.764052639936661e-06
[2024/01/07 06:21:53]  p   Final residual: 8.606713023242799e-08
[2024/01/07 06:21:53]  Time step continuity errors : sum local = 3.148819571257977e-07
[2024/01/07 06:21:53]                                   global = -6.127649368887505e-09
[2024/01/07 06:21:53]                               cumulative = 0.001721170089216202
[2024/01/07 06:21:53]  yPlus min: 0 max: 0 mean: 0
[2024/01/07 06:21:53]  PL-part1-totalPressure: 15.2430777941619
[2024/01/07 06:21:53]  PL-part2-totalPressure: -9.601614497167898
[2024/01/07 06:21:53]  VOLUME-part1-variableVolSum: 1.000198437533858e-05
[2024/01/07 06:21:53]  ExecutionTime = 223 s  ClockTime = 321 s
[2024/01/07 06:21:53]  
[2024/01/07 06:21:53]  Time = 5
[2024/01/07 06:21:53]  Minimal residual 9.309965776575312e-07 satisfied the prescribed tolerance 1e-06
[2024/01/07 06:21:53]  
[2024/01/07 06:21:53]  PL-part1-totalPressure: 15.24308210511844
[2024/01/07 06:21:53]  PL-part2-totalPressure: -9.601614772472603
[2024/01/07 06:21:53]  VOLUME-part1-variableVolSum: 1.000198437533858e-05
[2024/01/07 06:21:53]  Printing Primal Residual Statistics.
[2024/01/07 06:21:53]  U Residual Norm2: (0.001805927428211166 0.0006067881864274007 1.139513757427326e-13)
[2024/01/07 06:21:53]  U Residual Mean: (1.928360483944233e-05 6.230896061751135e-06 1.459228490899991e-15)
[2024/01/07 06:21:53]  U Residual Max: (0.0001135830812850624 5.784585753787486e-05 1.126091451015339e-14)
[2024/01/07 06:21:53]  p Residual Norm2: 0.0004466655615926657
[2024/01/07 06:21:53]  p Residual Mean: 2.510838990411667e-06
[2024/01/07 06:21:53]  p Residual Max: 0.0001174726427620837
[2024/01/07 06:21:53]  phi Residual Norm2: 1.186040348776137e-06
[2024/01/07 06:21:53]  phi Residual Mean: 4.385550200789571e-09
[2024/01/07 06:21:53]  phi Residual Max: 7.953137008739444e-08
[2024/01/07 06:21:53]  End
[2024/01/07 06:21:53]  
[2024/01/07 06:21:53]  Objective Functions: 
[2024/01/07 06:21:53]  {'PL': 5.64146733264584, 'VOLUME': 1.0001984375338584e-05, 'fail': False}
[2024/01/07 06:21:56]  Flow Runtime: 2.8581
[2024/01/07 06:21:56]  
[2024/01/07 06:21:56]  
[2024/01/07 06:21:56]  +--------------------------------------------------------------------------+
[2024/01/07 06:21:56]  |                  Evaluating Objective Functions 055                      |
[2024/01/07 06:21:56]  +--------------------------------------------------------------------------+
[2024/01/07 06:21:56]  Design Variables: 
[2024/01/07 06:21:56]  OrderedDict([('alphaPorosity', array([  1.901233945078261 ,   1.8694734081954845,   1.8396415145197538,
[2024/01/07 06:21:56]         ..., 322.43660327097234  , 323.0243594570697   ,
[2024/01/07 06:21:56]         323.44086552643483  ]))])
[2024/01/07 06:21:56]  DVGeo PointSet UpToDate: False
[2024/01/07 06:21:56]  Updating DVGeo PointSet....
[2024/01/07 06:21:56]  DVGeo PointSet UpToDate: True
[2024/01/07 06:21:56]  Warping the volume mesh....
[2024/01/07 06:21:56]  Setting up primal boundary conditions based on pyOptions: 
[2024/01/07 06:21:56]  Setting primal boundary conditions...
[2024/01/07 06:21:56]  Setting U = (0.1 0 0) at inlet
[2024/01/07 06:21:56]  Setting primal boundary conditions...
[2024/01/07 06:21:56]  Setting p = 0 at outlet
[2024/01/07 06:21:56]  nuTilda not found, skip it.
[2024/01/07 06:21:56]  Setting nut wall BC for wallBoundary. BCType=nutkWallFunction
[2024/01/07 06:21:56]  Running Primal Solver 055
[2024/01/07 06:21:56]  Previous solution time 5 found and deleted.
[2024/01/07 06:21:56]  No finite volume options present
[2024/01/07 06:21:56]  
[2024/01/07 06:21:56]  Starting time loop
[2024/01/07 06:21:56]  
[2024/01/07 06:21:56]  Checking mesh quality for time = 0
[2024/01/07 06:21:56]      Overall domain bounding box (7.181318501078189e-16 -1.399990449424424e-15 -5.718082257688551e-15) (0.02999999999999962 0.01500000000001617 0.001000000000005718)
[2024/01/07 06:21:56]      Mesh has 3 geometric (non-empty/wedge) directions 3{1}
[2024/01/07 06:21:56]      Mesh has 3 solution (non-empty) directions 3{1}
[2024/01/07 06:21:56]      Boundary openness (-6.947448714353218e-18 9.793123156124281e-19 -3.04020355740097e-16) OK.
[2024/01/07 06:21:56]      Max cell openness = 3.176373552203076e-16 OK.
[2024/01/07 06:21:56]      Max aspect ratio = 3.333333333492265 OK.
[2024/01/07 06:21:56]      Minimum face area = 1.499999999935995e-07. Maximum face area = 5.000000000129904e-07.  Face area magnitudes OK.
[2024/01/07 06:21:56]      Min volume = 1.499999999944929e-10. Max volume = 1.500000000034984e-10.  Total volume = 4.500000000002841e-07.  Cell volumes OK.
[2024/01/07 06:21:56]      Mesh non-orthogonality Max: 0 average: 0
[2024/01/07 06:21:56]      Non-orthogonality check OK.
[2024/01/07 06:21:56]      Face pyramids OK.
[2024/01/07 06:21:56]      Max skewness = 9.432792296734318e-11 OK.
[2024/01/07 06:21:56]      Coupled point location match (average 0) OK.
[2024/01/07 06:21:56]  
[2024/01/07 06:21:56]  Mesh OK.
[2024/01/07 06:21:56]  
[2024/01/07 06:21:56]  Time = 1
[2024/01/07 06:21:56]  
[2024/01/07 06:21:56]  U Initial residual: (1.854722881352678e-07 3.139453232105799e-07 0.001089859866952924)
[2024/01/07 06:21:56]  U   Final residual: (7.721022945681467e-09 1.528986396983903e-08 4.647159213451542e-05)
[2024/01/07 06:21:56]  p Initial residual: 1.156472189792975e-06
[2024/01/07 06:21:56]  p   Final residual: 6.926548210959919e-08
[2024/01/07 06:21:56]  Time step continuity errors : sum local = 2.53412209013394e-07
[2024/01/07 06:21:56]                                   global = -2.690288905980043e-08
[2024/01/07 06:21:56]                               cumulative = 0.001721143186327143
[2024/01/07 06:21:56]  yPlus min: 0 max: 0 mean: 0
[2024/01/07 06:21:56]  PL-part1-totalPressure: 15.24308728061569
[2024/01/07 06:21:56]  PL-part2-totalPressure: -9.601614927641553
[2024/01/07 06:21:56]  VOLUME-part1-variableVolSum: 1.000198437195033e-05
[2024/01/07 06:21:56]  ExecutionTime = 224.96 s  ClockTime = 324 s
[2024/01/07 06:21:56]  
[2024/01/07 06:21:56]  Time = 3
[2024/01/07 06:21:56]  Minimal residual 9.086353733765784e-07 satisfied the prescribed tolerance 1e-06
[2024/01/07 06:21:56]  
[2024/01/07 06:21:56]  PL-part1-totalPressure: 15.24308963014351
[2024/01/07 06:21:56]  PL-part2-totalPressure: -9.601615224293507
[2024/01/07 06:21:56]  VOLUME-part1-variableVolSum: 1.000198437195033e-05
[2024/01/07 06:21:56]  Printing Primal Residual Statistics.
[2024/01/07 06:21:56]  U Residual Norm2: (0.001686621363370433 0.0005543815834662288 1.126363328868022e-13)
[2024/01/07 06:21:56]  U Residual Mean: (1.787529800588308e-05 5.568319686633667e-06 1.468895400593271e-15)
[2024/01/07 06:21:56]  U Residual Max: (0.0001058786001786327 5.51063217983927e-05 1.016929510568067e-14)
[2024/01/07 06:21:56]  p Residual Norm2: 0.0005187538105481996
[2024/01/07 06:21:56]  p Residual Mean: 2.474135910522805e-06
[2024/01/07 06:21:56]  p Residual Max: 0.0001617612451873472
[2024/01/07 06:21:56]  phi Residual Norm2: 1.10664083067048e-06
[2024/01/07 06:21:56]  phi Residual Mean: 3.574591911145325e-09
[2024/01/07 06:21:56]  phi Residual Max: 7.716164896016175e-08
[2024/01/07 06:21:56]  End
[2024/01/07 06:21:56]  
[2024/01/07 06:21:56]  Objective Functions: 
[2024/01/07 06:21:56]  {'PL': 5.641474405850007, 'VOLUME': 1.0001984371950334e-05, 'fail': False}
[2024/01/07 06:21:56]  Flow Runtime: 2.85258
[2024/01/07 06:21:56]  
[2024/01/07 06:21:56]  
[2024/01/07 06:21:56]  +--------------------------------------------------------------------------+
[2024/01/07 06:21:56]  |                  Evaluating Objective Functions 056                      |
[2024/01/07 06:21:56]  +--------------------------------------------------------------------------+
[2024/01/07 06:21:56]  Design Variables: 
[2024/01/07 06:21:56]  OrderedDict([('alphaPorosity', array([  1.9012351538203258,   1.8694745819218266,   1.8396426538844426,
[2024/01/07 06:21:56]         ..., 322.43665824729754  , 323.02441559065755  ,
[2024/01/07 06:21:56]         323.44092293143854  ]))])
[2024/01/07 06:21:56]  DVGeo PointSet UpToDate: False
[2024/01/07 06:21:56]  Updating DVGeo PointSet....
[2024/01/07 06:21:56]  DVGeo PointSet UpToDate: True
[2024/01/07 06:21:56]  Warping the volume mesh....
[2024/01/07 06:21:59]  Setting up primal boundary conditions based on pyOptions: 
[2024/01/07 06:21:59]  Setting primal boundary conditions...
[2024/01/07 06:21:59]  Setting U = (0.1 0 0) at inlet
[2024/01/07 06:21:59]  Setting primal boundary conditions...
[2024/01/07 06:21:59]  Setting p = 0 at outlet
[2024/01/07 06:21:59]  nuTilda not found, skip it.
[2024/01/07 06:21:59]  Setting nut wall BC for wallBoundary. BCType=nutkWallFunction
[2024/01/07 06:21:59]  Running Primal Solver 056
[2024/01/07 06:21:59]  Previous solution time 3 found and deleted.
[2024/01/07 06:21:59]  No finite volume options present
[2024/01/07 06:21:59]  
[2024/01/07 06:21:59]  Starting time loop
[2024/01/07 06:21:59]  
[2024/01/07 06:21:59]  Checking mesh quality for time = 0
[2024/01/07 06:21:59]      Overall domain bounding box (7.181318501078189e-16 -1.399990449424424e-15 -5.718082257688551e-15) (0.02999999999999962 0.01500000000001617 0.001000000000005718)
[2024/01/07 06:21:59]      Mesh has 3 geometric (non-empty/wedge) directions 3{1}
[2024/01/07 06:21:59]      Mesh has 3 solution (non-empty) directions 3{1}
[2024/01/07 06:21:59]      Boundary openness (-6.947448714353218e-18 9.793123156124281e-19 -3.04020355740097e-16) OK.
[2024/01/07 06:21:59]      Max cell openness = 3.176373552203076e-16 OK.
[2024/01/07 06:21:59]      Max aspect ratio = 3.333333333492265 OK.
[2024/01/07 06:21:59]      Minimum face area = 1.499999999935995e-07. Maximum face area = 5.000000000129904e-07.  Face area magnitudes OK.
[2024/01/07 06:21:59]      Min volume = 1.499999999944929e-10. Max volume = 1.500000000034984e-10.  Total volume = 4.500000000002841e-07.  Cell volumes OK.
[2024/01/07 06:21:59]      Mesh non-orthogonality Max: 0 average: 0
[2024/01/07 06:21:59]      Non-orthogonality check OK.
[2024/01/07 06:21:59]      Face pyramids OK.
[2024/01/07 06:21:59]      Max skewness = 9.432792296734318e-11 OK.
[2024/01/07 06:21:59]      Coupled point location match (average 0) OK.
[2024/01/07 06:21:59]  
[2024/01/07 06:21:59]  Mesh OK.
[2024/01/07 06:21:59]  
[2024/01/07 06:21:59]  Time = 1
[2024/01/07 06:21:59]  
[2024/01/07 06:21:59]  U Initial residual: (1.651995254818329e-07 2.679759425857794e-07 0.001097143423403731)
[2024/01/07 06:21:59]  U   Final residual: (6.809415164293908e-09 1.30167227934389e-08 4.608538120742486e-05)
[2024/01/07 06:21:59]  p Initial residual: 9.711766715829928e-07
[2024/01/07 06:21:59]  p   Final residual: 6.675902606680001e-08
[2024/01/07 06:21:59]  Time step continuity errors : sum local = 2.442423894757813e-07
[2024/01/07 06:21:59]                                   global = -3.210721168059727e-08
[2024/01/07 06:21:59]                               cumulative = 0.001721111079115462
[2024/01/07 06:21:59]  yPlus min: 0 max: 0 mean: 0
[2024/01/07 06:21:59]  PL-part1-totalPressure: 15.24308968802392
[2024/01/07 06:21:59]  PL-part2-totalPressure: -9.601615326876956
[2024/01/07 06:21:59]  VOLUME-part1-variableVolSum: 1.000198437025621e-05
[2024/01/07 06:21:59]  ExecutionTime = 226.56 s  ClockTime = 326 s
[2024/01/07 06:21:59]  
[2024/01/07 06:21:59]  Time = 1
[2024/01/07 06:21:59]  Minimal residual 9.711766715829928e-07 satisfied the prescribed tolerance 1e-06
[2024/01/07 06:21:59]  
[2024/01/07 06:21:59]  PL-part1-totalPressure: 15.24308968802392
[2024/01/07 06:21:59]  PL-part2-totalPressure: -9.601615326876956
[2024/01/07 06:21:59]  VOLUME-part1-variableVolSum: 1.000198437025621e-05
[2024/01/07 06:21:59]  Printing Primal Residual Statistics.
[2024/01/07 06:21:59]  U Residual Norm2: (0.0016819424014375 0.000561228040741158 1.165855813663816e-13)
[2024/01/07 06:21:59]  U Residual Mean: (1.798534860790066e-05 5.659018176121455e-06 1.494008115812666e-15)
[2024/01/07 06:21:59]  U Residual Max: (0.0001064654880993388 6.629232553478914e-05 1.104981178570784e-14)
[2024/01/07 06:21:59]  p Residual Norm2: 0.0006844585731951286
[2024/01/07 06:21:59]  p Residual Mean: 2.909912431863966e-06
[2024/01/07 06:21:59]  p Residual Max: 0.0002309846086964019
[2024/01/07 06:21:59]  phi Residual Norm2: 1.130806706131104e-06
[2024/01/07 06:21:59]  phi Residual Mean: 3.599812349187547e-09
[2024/01/07 06:21:59]  phi Residual Max: 8.942666549587016e-08
[2024/01/07 06:21:59]  End
[2024/01/07 06:21:59]  
[2024/01/07 06:21:59]  Objective Functions: 
[2024/01/07 06:21:59]  {'PL': 5.64147436114696, 'VOLUME': 1.0001984370256209e-05, 'fail': False}
[2024/01/07 06:21:59]  Flow Runtime: 2.90328
[2024/01/07 06:21:59]  
[2024/01/07 06:21:59]  
[2024/01/07 06:21:59]  +--------------------------------------------------------------------------+
[2024/01/07 06:21:59]  |                  Evaluating Objective Functions 057                      |
[2024/01/07 06:21:59]  +--------------------------------------------------------------------------+
[2024/01/07 06:21:59]  Design Variables: 
[2024/01/07 06:21:59]  OrderedDict([('alphaPorosity', array([  1.9012357581913586,   1.8694751687849978,   1.8396432235667874,
[2024/01/07 06:21:59]         ..., 322.4366857354602   , 323.0244436574514   ,
[2024/01/07 06:21:59]         323.44095163394036  ]))])
[2024/01/07 06:21:59]  DVGeo PointSet UpToDate: False
[2024/01/07 06:21:59]  Updating DVGeo PointSet....
[2024/01/07 06:21:59]  DVGeo PointSet UpToDate: True
[2024/01/07 06:21:59]  Warping the volume mesh....
[2024/01/07 06:21:59]  Setting up primal boundary conditions based on pyOptions: 
[2024/01/07 06:21:59]  Setting primal boundary conditions...
[2024/01/07 06:21:59]  Setting U = (0.1 0 0) at inlet
[2024/01/07 06:21:59]  Setting primal boundary conditions...
[2024/01/07 06:21:59]  Setting p = 0 at outlet
[2024/01/07 06:21:59]  nuTilda not found, skip it.
[2024/01/07 06:21:59]  Setting nut wall BC for wallBoundary. BCType=nutkWallFunction
[2024/01/07 06:21:59]  Running Primal Solver 057
[2024/01/07 06:21:59]  Previous solution time 1 found and deleted.
[2024/01/07 06:21:59]  No finite volume options present
[2024/01/07 06:21:59]  
[2024/01/07 06:21:59]  Starting time loop
[2024/01/07 06:21:59]  
[2024/01/07 06:21:59]  Checking mesh quality for time = 0
[2024/01/07 06:21:59]      Overall domain bounding box (7.181318501078189e-16 -1.399990449424424e-15 -5.718082257688551e-15) (0.02999999999999962 0.01500000000001617 0.001000000000005718)
[2024/01/07 06:22:04]      Mesh has 3 geometric (non-empty/wedge) directions 3{1}
[2024/01/07 06:22:04]      Mesh has 3 solution (non-empty) directions 3{1}
[2024/01/07 06:22:04]      Boundary openness (-6.947448714353218e-18 9.793123156124281e-19 -3.04020355740097e-16) OK.
[2024/01/07 06:22:04]      Max cell openness = 3.176373552203076e-16 OK.
[2024/01/07 06:22:04]      Max aspect ratio = 3.333333333492265 OK.
[2024/01/07 06:22:04]      Minimum face area = 1.499999999935995e-07. Maximum face area = 5.000000000129904e-07.  Face area magnitudes OK.
[2024/01/07 06:22:04]      Min volume = 1.499999999944929e-10. Max volume = 1.500000000034984e-10.  Total volume = 4.500000000002841e-07.  Cell volumes OK.
[2024/01/07 06:22:04]      Mesh non-orthogonality Max: 0 average: 0
[2024/01/07 06:22:04]      Non-orthogonality check OK.
[2024/01/07 06:22:04]      Face pyramids OK.
[2024/01/07 06:22:04]      Max skewness = 9.432792296734318e-11 OK.
[2024/01/07 06:22:04]      Coupled point location match (average 0) OK.
[2024/01/07 06:22:04]  
[2024/01/07 06:22:04]  Mesh OK.
[2024/01/07 06:22:04]  
[2024/01/07 06:22:04]  Time = 1
[2024/01/07 06:22:04]  
[2024/01/07 06:22:04]  U Initial residual: (1.616461551902194e-07 2.638905671790893e-07 0.001115847658640357)
[2024/01/07 06:22:04]  U   Final residual: (6.63417234625046e-09 1.284082911070318e-08 4.520322651631418e-05)
[2024/01/07 06:22:04]  p Initial residual: 9.768969158758408e-07
[2024/01/07 06:22:04]  p   Final residual: 6.566498618322018e-08
[2024/01/07 06:22:04]  Time step continuity errors : sum local = 2.402398111162923e-07
[2024/01/07 06:22:04]                                   global = -2.9237015433389e-08
[2024/01/07 06:22:04]                               cumulative = 0.001721081842100029
[2024/01/07 06:22:04]  yPlus min: 0 max: 0 mean: 0
[2024/01/07 06:22:04]  PL-part1-totalPressure: 15.24309006015648
[2024/01/07 06:22:04]  PL-part2-totalPressure: -9.601615420861318
[2024/01/07 06:22:04]  VOLUME-part1-variableVolSum: 1.000198436940915e-05
[2024/01/07 06:22:04]  ExecutionTime = 228.1 s  ClockTime = 330 s
[2024/01/07 06:22:04]  
[2024/01/07 06:22:04]  Time = 1
[2024/01/07 06:22:04]  Minimal residual 9.768969158758408e-07 satisfied the prescribed tolerance 1e-06
[2024/01/07 06:22:04]  
[2024/01/07 06:22:04]  PL-part1-totalPressure: 15.24309006015648
[2024/01/07 06:22:04]  PL-part2-totalPressure: -9.601615420861318
[2024/01/07 06:22:04]  VOLUME-part1-variableVolSum: 1.000198436940915e-05
[2024/01/07 06:22:04]  Printing Primal Residual Statistics.
[2024/01/07 06:22:04]  U Residual Norm2: (0.001634924156821817 0.0005479302933775223 1.144180451620119e-13)
[2024/01/07 06:22:04]  U Residual Mean: (1.757018009796411e-05 5.621170705791701e-06 1.473158694267381e-15)
[2024/01/07 06:22:04]  U Residual Max: (0.0001030197283573564 5.90905489228355e-05 1.016651784763524e-14)
[2024/01/07 06:22:04]  p Residual Norm2: 0.000675505451418642
[2024/01/07 06:22:04]  p Residual Mean: 2.857677416287242e-06
[2024/01/07 06:22:04]  p Residual Max: 0.0002302755657101196
[2024/01/07 06:22:04]  phi Residual Norm2: 1.096941277095703e-06
[2024/01/07 06:22:04]  phi Residual Mean: 3.4947604389049e-09
[2024/01/07 06:22:04]  phi Residual Max: 8.447626474927378e-08
[2024/01/07 06:22:04]  End
[2024/01/07 06:22:04]  
[2024/01/07 06:22:04]  Objective Functions: 
[2024/01/07 06:22:04]  {'PL': 5.641474639295165, 'VOLUME': 1.0001984369409147e-05, 'fail': False}
[2024/01/07 06:22:04]  Flow Runtime: 2.98711
[2024/01/07 06:22:04]  
[2024/01/07 06:22:04]  
[2024/01/07 06:22:04]  +--------------------------------------------------------------------------+
[2024/01/07 06:22:04]  |                  Evaluating Objective Functions 058                      |
[2024/01/07 06:22:04]  +--------------------------------------------------------------------------+
[2024/01/07 06:22:04]  Design Variables: 
[2024/01/07 06:22:04]  OrderedDict([('alphaPorosity', array([  1.901236060376875 ,   1.8694754622165835,   1.8396435084079594,
[2024/01/07 06:22:04]         ..., 322.43669947954146  , 323.02445769084835  ,
[2024/01/07 06:22:04]         323.4409659851913   ]))])
[2024/01/07 06:22:04]  DVGeo PointSet UpToDate: False
[2024/01/07 06:22:04]  Updating DVGeo PointSet....
[2024/01/07 06:22:04]  DVGeo PointSet UpToDate: True
[2024/01/07 06:22:04]  Warping the volume mesh....
[2024/01/07 06:22:04]  Setting up primal boundary conditions based on pyOptions: 
[2024/01/07 06:22:04]  Setting primal boundary conditions...
[2024/01/07 06:22:04]  Setting U = (0.1 0 0) at inlet
[2024/01/07 06:22:04]  Setting primal boundary conditions...
[2024/01/07 06:22:04]  Setting p = 0 at outlet
[2024/01/07 06:22:04]  nuTilda not found, skip it.
[2024/01/07 06:22:04]  Setting nut wall BC for wallBoundary. BCType=nutkWallFunction
[2024/01/07 06:22:04]  Running Primal Solver 058
[2024/01/07 06:22:04]  Previous solution time 1 found and deleted.
[2024/01/07 06:22:04]  No finite volume options present
[2024/01/07 06:22:04]  
[2024/01/07 06:22:04]  Starting time loop
[2024/01/07 06:22:04]  
[2024/01/07 06:22:04]  Checking mesh quality for time = 0
[2024/01/07 06:22:04]      Overall domain bounding box (7.181318501078189e-16 -1.399990449424424e-15 -5.718082257688551e-15) (0.02999999999999962 0.01500000000001617 0.001000000000005718)
[2024/01/07 06:22:04]      Mesh has 3 geometric (non-empty/wedge) directions 3{1}
[2024/01/07 06:22:04]      Mesh has 3 solution (non-empty) directions 3{1}
[2024/01/07 06:22:04]      Boundary openness (-6.947448714353218e-18 9.793123156124281e-19 -3.04020355740097e-16) OK.
[2024/01/07 06:22:04]      Max cell openness = 3.176373552203076e-16 OK.
[2024/01/07 06:22:04]      Max aspect ratio = 3.333333333492265 OK.
[2024/01/07 06:22:04]      Minimum face area = 1.499999999935995e-07. Maximum face area = 5.000000000129904e-07.  Face area magnitudes OK.
[2024/01/07 06:22:04]      Min volume = 1.499999999944929e-10. Max volume = 1.500000000034984e-10.  Total volume = 4.500000000002841e-07.  Cell volumes OK.
[2024/01/07 06:22:04]      Mesh non-orthogonality Max: 0 average: 0
[2024/01/07 06:22:04]      Non-orthogonality check OK.
[2024/01/07 06:22:07]      Face pyramids OK.
[2024/01/07 06:22:07]      Max skewness = 9.432792296734318e-11 OK.
[2024/01/07 06:22:07]      Coupled point location match (average 0) OK.
[2024/01/07 06:22:07]  
[2024/01/07 06:22:07]  Mesh OK.
[2024/01/07 06:22:07]  
[2024/01/07 06:22:07]  Time = 1
[2024/01/07 06:22:07]  
[2024/01/07 06:22:07]  U Initial residual: (1.556118167735989e-07 2.578012469813444e-07 0.001100224829801979)
[2024/01/07 06:22:07]  U   Final residual: (6.348222400770246e-09 1.254054660644663e-08 4.464170509769707e-05)
[2024/01/07 06:22:07]  p Initial residual: 8.832136554891499e-07
[2024/01/07 06:22:07]  p   Final residual: 4.912881073635206e-08
[2024/01/07 06:22:07]  Time step continuity errors : sum local = 1.797411206706729e-07
[2024/01/07 06:22:07]                                   global = -2.387637606155626e-08
[2024/01/07 06:22:07]                               cumulative = 0.001721057965723967
[2024/01/07 06:22:07]  yPlus min: 0 max: 0 mean: 0
[2024/01/07 06:22:07]  PL-part1-totalPressure: 15.24309252234699
[2024/01/07 06:22:07]  PL-part2-totalPressure: -9.601615519744289
[2024/01/07 06:22:07]  VOLUME-part1-variableVolSum: 1.000198436898562e-05
[2024/01/07 06:22:07]  ExecutionTime = 229.68 s  ClockTime = 333 s
[2024/01/07 06:22:07]  
[2024/01/07 06:22:07]  Time = 1
[2024/01/07 06:22:07]  Minimal residual 8.832136554891499e-07 satisfied the prescribed tolerance 1e-06
[2024/01/07 06:22:07]  
[2024/01/07 06:22:07]  PL-part1-totalPressure: 15.24309252234699
[2024/01/07 06:22:07]  PL-part2-totalPressure: -9.601615519744289
[2024/01/07 06:22:07]  VOLUME-part1-variableVolSum: 1.000198436898562e-05
[2024/01/07 06:22:07]  Printing Primal Residual Statistics.
[2024/01/07 06:22:07]  U Residual Norm2: (0.001570734332974785 0.0005261081324849345 1.098346075772064e-13)
[2024/01/07 06:22:07]  U Residual Mean: (1.681105769890487e-05 5.458775085534156e-06 1.419955611930183e-15)
[2024/01/07 06:22:07]  U Residual Max: (9.687840733851871e-05 5.13627645304382e-05 1.03156121304505e-14)
[2024/01/07 06:22:07]  p Residual Norm2: 0.0005742920302055878
[2024/01/07 06:22:07]  p Residual Mean: 2.508832753503316e-06
[2024/01/07 06:22:07]  p Residual Max: 0.0001912810354956631
[2024/01/07 06:22:07]  phi Residual Norm2: 1.039736694788642e-06
[2024/01/07 06:22:07]  phi Residual Mean: 3.361127599376202e-09
[2024/01/07 06:22:07]  phi Residual Max: 7.226952740229248e-08
[2024/01/07 06:22:07]  End
[2024/01/07 06:22:07]  
[2024/01/07 06:22:07]  Objective Functions: 
[2024/01/07 06:22:07]  {'PL': 5.6414770026027, 'VOLUME': 1.0001984368985615e-05, 'fail': False}
[2024/01/07 06:22:07]  Flow Runtime: 2.94103
[2024/01/07 06:22:07]  
[2024/01/07 06:22:07]  
[2024/01/07 06:22:07]  +--------------------------------------------------------------------------+
[2024/01/07 06:22:07]  |                  Evaluating Objective Functions 059                      |
[2024/01/07 06:22:07]  +--------------------------------------------------------------------------+
[2024/01/07 06:22:07]  Design Variables: 
[2024/01/07 06:22:07]  OrderedDict([('alphaPorosity', array([  1.901236211469633 ,   1.869475608932376 ,   1.8396436508285454,
[2024/01/07 06:22:07]         ..., 322.43670635158213  , 323.0244647075468   ,
[2024/01/07 06:22:07]         323.44097316081684  ]))])
[2024/01/07 06:22:07]  DVGeo PointSet UpToDate: False
[2024/01/07 06:22:07]  Updating DVGeo PointSet....
[2024/01/07 06:22:07]  DVGeo PointSet UpToDate: True
[2024/01/07 06:22:07]  Warping the volume mesh....
[2024/01/07 06:22:07]  Setting up primal boundary conditions based on pyOptions: 
[2024/01/07 06:22:07]  Setting primal boundary conditions...
[2024/01/07 06:22:07]  Setting U = (0.1 0 0) at inlet
[2024/01/07 06:22:07]  Setting primal boundary conditions...
[2024/01/07 06:22:07]  Setting p = 0 at outlet
[2024/01/07 06:22:07]  nuTilda not found, skip it.
[2024/01/07 06:22:07]  Setting nut wall BC for wallBoundary. BCType=nutkWallFunction
[2024/01/07 06:22:07]  Running Primal Solver 059
[2024/01/07 06:22:07]  Previous solution time 1 found and deleted.
[2024/01/07 06:22:07]  No finite volume options present
[2024/01/07 06:22:07]  
[2024/01/07 06:22:07]  Starting time loop
[2024/01/07 06:22:07]  
[2024/01/07 06:22:07]  Checking mesh quality for time = 0
[2024/01/07 06:22:07]      Overall domain bounding box (7.181318501078189e-16 -1.399990449424424e-15 -5.718082257688551e-15) (0.02999999999999962 0.01500000000001617 0.001000000000005718)
[2024/01/07 06:22:07]      Mesh has 3 geometric (non-empty/wedge) directions 3{1}
[2024/01/07 06:22:07]      Mesh has 3 solution (non-empty) directions 3{1}
[2024/01/07 06:22:07]      Boundary openness (-6.947448714353218e-18 9.793123156124281e-19 -3.04020355740097e-16) OK.
[2024/01/07 06:22:07]      Max cell openness = 3.176373552203076e-16 OK.
[2024/01/07 06:22:07]      Max aspect ratio = 3.333333333492265 OK.
[2024/01/07 06:22:07]      Minimum face area = 1.499999999935995e-07. Maximum face area = 5.000000000129904e-07.  Face area magnitudes OK.
[2024/01/07 06:22:07]      Min volume = 1.499999999944929e-10. Max volume = 1.500000000034984e-10.  Total volume = 4.500000000002841e-07.  Cell volumes OK.
[2024/01/07 06:22:07]      Mesh non-orthogonality Max: 0 average: 0
[2024/01/07 06:22:07]      Non-orthogonality check OK.
[2024/01/07 06:22:07]      Face pyramids OK.
[2024/01/07 06:22:07]      Max skewness = 9.432792296734318e-11 OK.
[2024/01/07 06:22:07]      Coupled point location match (average 0) OK.
[2024/01/07 06:22:07]  
[2024/01/07 06:22:07]  Mesh OK.
[2024/01/07 06:22:07]  
[2024/01/07 06:22:07]  Time = 1
[2024/01/07 06:22:07]  
[2024/01/07 06:22:07]  U Initial residual: (1.477417412533894e-07 2.481623620449518e-07 0.00106056132514333)
[2024/01/07 06:22:07]  U   Final residual: (6.006726815631764e-09 1.205834723351922e-08 4.16542754370248e-05)
[2024/01/07 06:22:07]  p Initial residual: 7.511693270463887e-07
[2024/01/07 06:22:07]  p   Final residual: 4.238065202395126e-08
[2024/01/07 06:22:07]  Time step continuity errors : sum local = 1.550525649080083e-07
[2024/01/07 06:22:07]                                   global = -2.325170124310549e-08
[2024/01/07 06:22:07]                               cumulative = 0.001721034714022724
[2024/01/07 06:22:07]  yPlus min: 0 max: 0 mean: 0
[2024/01/07 06:22:11]  PL-part1-totalPressure: 15.24309688111805
[2024/01/07 06:22:11]  PL-part2-totalPressure: -9.601615626612658
[2024/01/07 06:22:11]  VOLUME-part1-variableVolSum: 1.000198436877385e-05
[2024/01/07 06:22:11]  ExecutionTime = 231.15 s  ClockTime = 335 s
[2024/01/07 06:22:11]  
[2024/01/07 06:22:11]  Time = 1
[2024/01/07 06:22:11]  Minimal residual 7.511693270463887e-07 satisfied the prescribed tolerance 1e-06
[2024/01/07 06:22:11]  
[2024/01/07 06:22:11]  PL-part1-totalPressure: 15.24309688111805
[2024/01/07 06:22:11]  PL-part2-totalPressure: -9.601615626612658
[2024/01/07 06:22:11]  VOLUME-part1-variableVolSum: 1.000198436877385e-05
[2024/01/07 06:22:11]  Printing Primal Residual Statistics.
[2024/01/07 06:22:11]  U Residual Norm2: (0.001503348574014184 0.0004989024157881909 1.136265901956844e-13)
[2024/01/07 06:22:11]  U Residual Mean: (1.590024836629055e-05 5.155772947740091e-06 1.471846279286982e-15)
[2024/01/07 06:22:11]  U Residual Max: (9.215526020400766e-05 5.011447314262618e-05 1.054391551382256e-14)
[2024/01/07 06:22:11]  p Residual Norm2: 0.0004541005239340185
[2024/01/07 06:22:11]  p Residual Mean: 2.119757989848964e-06
[2024/01/07 06:22:11]  p Residual Max: 0.0001417095498117008
[2024/01/07 06:22:11]  phi Residual Norm2: 9.813664840318658e-07
[2024/01/07 06:22:11]  phi Residual Mean: 3.270794436040646e-09
[2024/01/07 06:22:11]  phi Residual Max: 6.723324389406257e-08
[2024/01/07 06:22:11]  End
[2024/01/07 06:22:11]  
[2024/01/07 06:22:11]  Objective Functions: 
[2024/01/07 06:22:11]  {'PL': 5.641481254505395, 'VOLUME': 1.000198436877385e-05, 'fail': False}
[2024/01/07 06:22:11]  Flow Runtime: 2.91316
[2024/01/07 06:22:11]  
[2024/01/07 06:22:11]  
[2024/01/07 06:22:11]  +--------------------------------------------------------------------------+
[2024/01/07 06:22:11]  |                  Evaluating Objective Functions 060                      |
[2024/01/07 06:22:11]  +--------------------------------------------------------------------------+
[2024/01/07 06:22:11]  Design Variables: 
[2024/01/07 06:22:11]  OrderedDict([('alphaPorosity', array([  1.9012362870160122,   1.8694756822902725,   1.8396437220388386,
[2024/01/07 06:22:11]         ..., 322.4367097876024   , 323.0244682158961   ,
[2024/01/07 06:22:11]         323.4409767486295   ]))])
[2024/01/07 06:22:11]  DVGeo PointSet UpToDate: False
[2024/01/07 06:22:11]  Updating DVGeo PointSet....
[2024/01/07 06:22:11]  DVGeo PointSet UpToDate: True
[2024/01/07 06:22:11]  Warping the volume mesh....
[2024/01/07 06:22:11]  Setting up primal boundary conditions based on pyOptions: 
[2024/01/07 06:22:11]  Setting primal boundary conditions...
[2024/01/07 06:22:11]  Setting U = (0.1 0 0) at inlet
[2024/01/07 06:22:11]  Setting primal boundary conditions...
[2024/01/07 06:22:11]  Setting p = 0 at outlet
[2024/01/07 06:22:11]  nuTilda not found, skip it.
[2024/01/07 06:22:11]  Setting nut wall BC for wallBoundary. BCType=nutkWallFunction
[2024/01/07 06:22:11]  Running Primal Solver 060
[2024/01/07 06:22:11]  Previous solution time 1 found and deleted.
[2024/01/07 06:22:11]  No finite volume options present
[2024/01/07 06:22:11]  
[2024/01/07 06:22:11]  Starting time loop
[2024/01/07 06:22:11]  
[2024/01/07 06:22:11]  Checking mesh quality for time = 0
[2024/01/07 06:22:11]      Overall domain bounding box (7.181318501078189e-16 -1.399990449424424e-15 -5.718082257688551e-15) (0.02999999999999962 0.01500000000001617 0.001000000000005718)
[2024/01/07 06:22:11]      Mesh has 3 geometric (non-empty/wedge) directions 3{1}
[2024/01/07 06:22:11]      Mesh has 3 solution (non-empty) directions 3{1}
[2024/01/07 06:22:11]      Boundary openness (-6.947448714353218e-18 9.793123156124281e-19 -3.04020355740097e-16) OK.
[2024/01/07 06:22:11]      Max cell openness = 3.176373552203076e-16 OK.
[2024/01/07 06:22:11]      Max aspect ratio = 3.333333333492265 OK.
[2024/01/07 06:22:11]      Minimum face area = 1.499999999935995e-07. Maximum face area = 5.000000000129904e-07.  Face area magnitudes OK.
[2024/01/07 06:22:11]      Min volume = 1.499999999944929e-10. Max volume = 1.500000000034984e-10.  Total volume = 4.500000000002841e-07.  Cell volumes OK.
[2024/01/07 06:22:11]      Mesh non-orthogonality Max: 0 average: 0
[2024/01/07 06:22:11]      Non-orthogonality check OK.
[2024/01/07 06:22:11]      Face pyramids OK.
[2024/01/07 06:22:11]      Max skewness = 9.432792296734318e-11 OK.
[2024/01/07 06:22:11]      Coupled point location match (average 0) OK.
[2024/01/07 06:22:11]  
[2024/01/07 06:22:11]  Mesh OK.
[2024/01/07 06:22:11]  
[2024/01/07 06:22:11]  Time = 1
[2024/01/07 06:22:11]  
[2024/01/07 06:22:11]  U Initial residual: (1.391504260716209e-07 2.333610827157536e-07 0.001099229705862421)
[2024/01/07 06:22:11]  U   Final residual: (5.64508129287822e-09 1.130325114768194e-08 4.378363161435341e-05)
[2024/01/07 06:22:11]  p Initial residual: 6.385173522365921e-07
[2024/01/07 06:22:11]  p   Final residual: 4.581576110242556e-08
[2024/01/07 06:22:11]  Time step continuity errors : sum local = 1.676202163033259e-07
[2024/01/07 06:22:11]                                   global = -2.119557069862228e-08
[2024/01/07 06:22:11]                               cumulative = 0.001721013518452025
[2024/01/07 06:22:11]  yPlus min: 0 max: 0 mean: 0
[2024/01/07 06:22:11]  PL-part1-totalPressure: 15.2431025941747
[2024/01/07 06:22:11]  PL-part2-totalPressure: -9.601615728680162
[2024/01/07 06:22:11]  VOLUME-part1-variableVolSum: 1.000198436866797e-05
[2024/01/07 06:22:11]  ExecutionTime = 232.8 s  ClockTime = 338 s
[2024/01/07 06:22:11]  
[2024/01/07 06:22:11]  Time = 1
[2024/01/07 06:22:11]  Minimal residual 6.385173522365921e-07 satisfied the prescribed tolerance 1e-06
[2024/01/07 06:22:11]  
[2024/01/07 06:22:11]  PL-part1-totalPressure: 15.2431025941747
[2024/01/07 06:22:11]  PL-part2-totalPressure: -9.601615728680162
[2024/01/07 06:22:11]  VOLUME-part1-variableVolSum: 1.000198436866797e-05
[2024/01/07 06:22:11]  Printing Primal Residual Statistics.
[2024/01/07 06:22:11]  U Residual Norm2: (0.001437761563135948 0.0004682143430900943 1.159577846236021e-13)
[2024/01/07 06:22:11]  U Residual Mean: (1.51084658165643e-05 4.774681283854606e-06 1.503960309309982e-15)
[2024/01/07 06:22:14]  U Residual Max: (8.912044502573657e-05 4.883971334956883e-05 9.623507524154021e-15)
[2024/01/07 06:22:14]  p Residual Norm2: 0.0003520458246912024
[2024/01/07 06:22:14]  p Residual Mean: 1.809743307301861e-06
[2024/01/07 06:22:14]  p Residual Max: 0.0001006061087510475
[2024/01/07 06:22:14]  phi Residual Norm2: 9.278233165159993e-07
[2024/01/07 06:22:14]  phi Residual Mean: 3.139306908538381e-09
[2024/01/07 06:22:14]  phi Residual Max: 6.217983503400039e-08
[2024/01/07 06:22:14]  End
[2024/01/07 06:22:14]  
[2024/01/07 06:22:14]  Objective Functions: 
[2024/01/07 06:22:14]  {'PL': 5.641486865494535, 'VOLUME': 1.0001984368667971e-05, 'fail': False}
[2024/01/07 06:22:14]  Flow Runtime: 2.90387
[2024/01/07 06:22:14]  
[2024/01/07 06:22:14]  
[2024/01/07 06:22:14]  +--------------------------------------------------------------------------+
[2024/01/07 06:22:14]  |                  Evaluating Objective Functions 061                      |
[2024/01/07 06:22:14]  +--------------------------------------------------------------------------+
[2024/01/07 06:22:14]  Design Variables: 
[2024/01/07 06:22:14]  OrderedDict([('alphaPorosity', array([  1.9012363247892017,   1.8694757189692206,   1.8396437576439852,
[2024/01/07 06:22:14]         ..., 322.4367115056126   , 323.02446997007064  ,
[2024/01/07 06:22:14]         323.44097854253596  ]))])
[2024/01/07 06:22:14]  DVGeo PointSet UpToDate: False
[2024/01/07 06:22:14]  Updating DVGeo PointSet....
[2024/01/07 06:22:14]  DVGeo PointSet UpToDate: True
[2024/01/07 06:22:14]  Warping the volume mesh....
[2024/01/07 06:22:14]  Setting up primal boundary conditions based on pyOptions: 
[2024/01/07 06:22:14]  Setting primal boundary conditions...
[2024/01/07 06:22:14]  Setting U = (0.1 0 0) at inlet
[2024/01/07 06:22:14]  Setting primal boundary conditions...
[2024/01/07 06:22:14]  Setting p = 0 at outlet
[2024/01/07 06:22:14]  nuTilda not found, skip it.
[2024/01/07 06:22:14]  Setting nut wall BC for wallBoundary. BCType=nutkWallFunction
[2024/01/07 06:22:14]  Running Primal Solver 061
[2024/01/07 06:22:14]  Previous solution time 1 found and deleted.
[2024/01/07 06:22:14]  No finite volume options present
[2024/01/07 06:22:14]  
[2024/01/07 06:22:14]  Starting time loop
[2024/01/07 06:22:14]  
[2024/01/07 06:22:14]  Checking mesh quality for time = 0
[2024/01/07 06:22:14]      Overall domain bounding box (7.181318501078189e-16 -1.399990449424424e-15 -5.718082257688551e-15) (0.02999999999999962 0.01500000000001617 0.001000000000005718)
[2024/01/07 06:22:14]      Mesh has 3 geometric (non-empty/wedge) directions 3{1}
[2024/01/07 06:22:14]      Mesh has 3 solution (non-empty) directions 3{1}
[2024/01/07 06:22:14]      Boundary openness (-6.947448714353218e-18 9.793123156124281e-19 -3.04020355740097e-16) OK.
[2024/01/07 06:22:14]      Max cell openness = 3.176373552203076e-16 OK.
[2024/01/07 06:22:14]      Max aspect ratio = 3.333333333492265 OK.
[2024/01/07 06:22:14]      Minimum face area = 1.499999999935995e-07. Maximum face area = 5.000000000129904e-07.  Face area magnitudes OK.
[2024/01/07 06:22:14]      Min volume = 1.499999999944929e-10. Max volume = 1.500000000034984e-10.  Total volume = 4.500000000002841e-07.  Cell volumes OK.
[2024/01/07 06:22:14]      Mesh non-orthogonality Max: 0 average: 0
[2024/01/07 06:22:14]      Non-orthogonality check OK.
[2024/01/07 06:22:14]      Face pyramids OK.
[2024/01/07 06:22:14]      Max skewness = 9.432792296734318e-11 OK.
[2024/01/07 06:22:14]      Coupled point location match (average 0) OK.
[2024/01/07 06:22:14]  
[2024/01/07 06:22:14]  Mesh OK.
[2024/01/07 06:22:14]  
[2024/01/07 06:22:14]  Time = 1
[2024/01/07 06:22:14]  
[2024/01/07 06:22:14]  U Initial residual: (1.319320249691004e-07 2.156458499829063e-07 0.001123228598214382)
[2024/01/07 06:22:14]  U   Final residual: (5.304960803117894e-09 1.033457191671011e-08 4.419753992961401e-05)
[2024/01/07 06:22:14]  p Initial residual: 5.457336669510472e-07
[2024/01/07 06:22:14]  p   Final residual: 4.50041962481972e-08
[2024/01/07 06:22:14]  Time step continuity errors : sum local = 1.646511186400118e-07
[2024/01/07 06:22:14]                                   global = -2.163473187066597e-08
[2024/01/07 06:22:14]                               cumulative = 0.001720991883720155
[2024/01/07 06:22:14]  yPlus min: 0 max: 0 mean: 0
[2024/01/07 06:22:14]  PL-part1-totalPressure: 15.24310839976104
[2024/01/07 06:22:14]  PL-part2-totalPressure: -9.601615816182807
[2024/01/07 06:22:14]  VOLUME-part1-variableVolSum: 1.000198436861502e-05
[2024/01/07 06:22:14]  ExecutionTime = 234.36 s  ClockTime = 341 s
[2024/01/07 06:22:14]  
[2024/01/07 06:22:14]  Time = 1
[2024/01/07 06:22:14]  Minimal residual 5.457336669510472e-07 satisfied the prescribed tolerance 1e-06
[2024/01/07 06:22:14]  
[2024/01/07 06:22:14]  PL-part1-totalPressure: 15.24310839976104
[2024/01/07 06:22:14]  PL-part2-totalPressure: -9.601615816182807
[2024/01/07 06:22:14]  VOLUME-part1-variableVolSum: 1.000198436861502e-05
[2024/01/07 06:22:14]  Printing Primal Residual Statistics.
[2024/01/07 06:22:14]  U Residual Norm2: (0.001375677966203642 0.000437189375325855 1.162006954418398e-13)
[2024/01/07 06:22:14]  U Residual Mean: (1.442699344659325e-05 4.395162638669831e-06 1.501347036078213e-15)
[2024/01/07 06:22:14]  U Residual Max: (8.624353245023642e-05 4.748057459402766e-05 1.089683235514001e-14)
[2024/01/07 06:22:14]  p Residual Norm2: 0.0002769231203140219
[2024/01/07 06:22:14]  p Residual Mean: 1.552376237840853e-06
[2024/01/07 06:22:14]  p Residual Max: 9.796409958761178e-05
[2024/01/07 06:22:14]  phi Residual Norm2: 8.784843108381462e-07
[2024/01/07 06:22:14]  phi Residual Mean: 2.943344145249797e-09
[2024/01/07 06:22:14]  phi Residual Max: 5.758711670015877e-08
[2024/01/07 06:22:14]  End
[2024/01/07 06:22:14]  
[2024/01/07 06:22:14]  Objective Functions: 
[2024/01/07 06:22:14]  {'PL': 5.641492583578232, 'VOLUME': 1.0001984368615025e-05, 'fail': False}
[2024/01/07 06:22:14]  Flow Runtime: 2.89073
[2024/01/07 06:22:14]  
[2024/01/07 06:22:14]  
[2024/01/07 06:22:14]  +--------------------------------------------------------------------------+
[2024/01/07 06:22:14]  |                  Evaluating Objective Functions 062                      |
[2024/01/07 06:22:17]  +--------------------------------------------------------------------------+
[2024/01/07 06:22:17]  Design Variables: 
[2024/01/07 06:22:17]  OrderedDict([('alphaPorosity', array([  1.9012363436757964,   1.8694757373086948,   1.8396437754465584,
[2024/01/07 06:22:17]         ..., 322.4367123646177   , 323.024470847158    ,
[2024/01/07 06:22:17]         323.44097943948907  ]))])
[2024/01/07 06:22:17]  DVGeo PointSet UpToDate: False
[2024/01/07 06:22:17]  Updating DVGeo PointSet....
[2024/01/07 06:22:17]  DVGeo PointSet UpToDate: True
[2024/01/07 06:22:17]  Warping the volume mesh....
[2024/01/07 06:22:17]  Setting up primal boundary conditions based on pyOptions: 
[2024/01/07 06:22:17]  Setting primal boundary conditions...
[2024/01/07 06:22:17]  Setting U = (0.1 0 0) at inlet
[2024/01/07 06:22:17]  Setting primal boundary conditions...
[2024/01/07 06:22:17]  Setting p = 0 at outlet
[2024/01/07 06:22:17]  nuTilda not found, skip it.
[2024/01/07 06:22:17]  Setting nut wall BC for wallBoundary. BCType=nutkWallFunction
[2024/01/07 06:22:17]  Running Primal Solver 062
[2024/01/07 06:22:17]  Previous solution time 1 found and deleted.
[2024/01/07 06:22:17]  No finite volume options present
[2024/01/07 06:22:17]  
[2024/01/07 06:22:17]  Starting time loop
[2024/01/07 06:22:17]  
[2024/01/07 06:22:17]  Checking mesh quality for time = 0
[2024/01/07 06:22:17]      Overall domain bounding box (7.181318501078189e-16 -1.399990449424424e-15 -5.718082257688551e-15) (0.02999999999999962 0.01500000000001617 0.001000000000005718)
[2024/01/07 06:22:17]      Mesh has 3 geometric (non-empty/wedge) directions 3{1}
[2024/01/07 06:22:17]      Mesh has 3 solution (non-empty) directions 3{1}
[2024/01/07 06:22:17]      Boundary openness (-6.947448714353218e-18 9.793123156124281e-19 -3.04020355740097e-16) OK.
[2024/01/07 06:22:17]      Max cell openness = 3.176373552203076e-16 OK.
[2024/01/07 06:22:17]      Max aspect ratio = 3.333333333492265 OK.
[2024/01/07 06:22:17]      Minimum face area = 1.499999999935995e-07. Maximum face area = 5.000000000129904e-07.  Face area magnitudes OK.
[2024/01/07 06:22:17]      Min volume = 1.499999999944929e-10. Max volume = 1.500000000034984e-10.  Total volume = 4.500000000002841e-07.  Cell volumes OK.
[2024/01/07 06:22:17]      Mesh non-orthogonality Max: 0 average: 0
[2024/01/07 06:22:17]      Non-orthogonality check OK.
[2024/01/07 06:22:17]      Face pyramids OK.
[2024/01/07 06:22:17]      Max skewness = 9.432792296734318e-11 OK.
[2024/01/07 06:22:17]      Coupled point location match (average 0) OK.
[2024/01/07 06:22:17]  
[2024/01/07 06:22:17]  Mesh OK.
[2024/01/07 06:22:17]  
[2024/01/07 06:22:17]  Time = 1
[2024/01/07 06:22:17]  
[2024/01/07 06:22:17]  U Initial residual: (1.258547551847096e-07 1.982907887237454e-07 0.001121323768994836)
[2024/01/07 06:22:17]  U   Final residual: (4.994179594108898e-09 9.325462034020743e-09 4.767979771458584e-05)
[2024/01/07 06:22:17]  p Initial residual: 4.637619362400644e-07
[2024/01/07 06:22:17]  p   Final residual: 3.895372675541608e-08
[2024/01/07 06:22:17]  Time step continuity errors : sum local = 1.425150972798039e-07
[2024/01/07 06:22:17]                                   global = -1.595403212452648e-08
[2024/01/07 06:22:17]                               cumulative = 0.00172097592968803
[2024/01/07 06:22:17]  yPlus min: 0 max: 0 mean: 0
[2024/01/07 06:22:17]  PL-part1-totalPressure: 15.24311347062036
[2024/01/07 06:22:17]  PL-part2-totalPressure: -9.601615893733165
[2024/01/07 06:22:17]  VOLUME-part1-variableVolSum: 1.000198436858856e-05
[2024/01/07 06:22:17]  ExecutionTime = 236.82 s  ClockTime = 344 s
[2024/01/07 06:22:17]  
[2024/01/07 06:22:17]  Time = 1
[2024/01/07 06:22:17]  Minimal residual 4.637619362400644e-07 satisfied the prescribed tolerance 1e-06
[2024/01/07 06:22:17]  
[2024/01/07 06:22:17]  PL-part1-totalPressure: 15.24311347062036
[2024/01/07 06:22:17]  PL-part2-totalPressure: -9.601615893733165
[2024/01/07 06:22:17]  VOLUME-part1-variableVolSum: 1.000198436858856e-05
[2024/01/07 06:22:17]  Printing Primal Residual Statistics.
[2024/01/07 06:22:17]  U Residual Norm2: (0.001316796578378714 0.0004091064821321174 1.11425092436429e-13)
[2024/01/07 06:22:17]  U Residual Mean: (1.373325490551625e-05 4.076588023477544e-06 1.448992713615031e-15)
[2024/01/07 06:22:17]  U Residual Max: (8.318682263963595e-05 4.601752872124276e-05 9.952308839293908e-15)
[2024/01/07 06:22:17]  p Residual Norm2: 0.0002257030276129134
[2024/01/07 06:22:17]  p Residual Mean: 1.320125839992764e-06
[2024/01/07 06:22:17]  p Residual Max: 9.509175328067041e-05
[2024/01/07 06:22:17]  phi Residual Norm2: 8.332709291538037e-07
[2024/01/07 06:22:17]  phi Residual Mean: 2.711938825944431e-09
[2024/01/07 06:22:17]  phi Residual Max: 5.381755330920523e-08
[2024/01/07 06:22:17]  End
[2024/01/07 06:22:17]  
[2024/01/07 06:22:17]  Objective Functions: 
[2024/01/07 06:22:17]  {'PL': 5.641497576887192, 'VOLUME': 1.0001984368588557e-05, 'fail': False}
[2024/01/07 06:22:17]  Flow Runtime: 2.94791
[2024/01/07 06:22:17]  
[2024/01/07 06:22:17]  
[2024/01/07 06:22:17]  +--------------------------------------------------------------------------+
[2024/01/07 06:22:17]  |                  Evaluating Objective Functions 063                      |
[2024/01/07 06:22:17]  +--------------------------------------------------------------------------+
[2024/01/07 06:22:17]  Design Variables: 
[2024/01/07 06:22:17]  OrderedDict([('alphaPorosity', array([  1.901236353119094 ,   1.8694757464784317,   1.8396437843478453,
[2024/01/07 06:22:17]         ..., 322.43671279412024  , 323.0244712857017   ,
[2024/01/07 06:22:17]         323.4409798879657   ]))])
[2024/01/07 06:22:17]  DVGeo PointSet UpToDate: False
[2024/01/07 06:22:17]  Updating DVGeo PointSet....
[2024/01/07 06:22:17]  DVGeo PointSet UpToDate: True
[2024/01/07 06:22:17]  Warping the volume mesh....
[2024/01/07 06:22:17]  Setting up primal boundary conditions based on pyOptions: 
[2024/01/07 06:22:17]  Setting primal boundary conditions...
[2024/01/07 06:22:17]  Setting U = (0.1 0 0) at inlet
[2024/01/07 06:22:17]  Setting primal boundary conditions...
[2024/01/07 06:22:17]  Setting p = 0 at outlet
[2024/01/07 06:22:17]  nuTilda not found, skip it.
[2024/01/07 06:22:21]  Setting nut wall BC for wallBoundary. BCType=nutkWallFunction
[2024/01/07 06:22:21]  Running Primal Solver 063
[2024/01/07 06:22:21]  Previous solution time 1 found and deleted.
[2024/01/07 06:22:21]  No finite volume options present
[2024/01/07 06:22:21]  
[2024/01/07 06:22:21]  Starting time loop
[2024/01/07 06:22:21]  
[2024/01/07 06:22:21]  Checking mesh quality for time = 0
[2024/01/07 06:22:21]      Overall domain bounding box (7.181318501078189e-16 -1.399990449424424e-15 -5.718082257688551e-15) (0.02999999999999962 0.01500000000001617 0.001000000000005718)
[2024/01/07 06:22:21]      Mesh has 3 geometric (non-empty/wedge) directions 3{1}
[2024/01/07 06:22:21]      Mesh has 3 solution (non-empty) directions 3{1}
[2024/01/07 06:22:21]      Boundary openness (-6.947448714353218e-18 9.793123156124281e-19 -3.04020355740097e-16) OK.
[2024/01/07 06:22:21]      Max cell openness = 3.176373552203076e-16 OK.
[2024/01/07 06:22:21]      Max aspect ratio = 3.333333333492265 OK.
[2024/01/07 06:22:21]      Minimum face area = 1.499999999935995e-07. Maximum face area = 5.000000000129904e-07.  Face area magnitudes OK.
[2024/01/07 06:22:21]      Min volume = 1.499999999944929e-10. Max volume = 1.500000000034984e-10.  Total volume = 4.500000000002841e-07.  Cell volumes OK.
[2024/01/07 06:22:21]      Mesh non-orthogonality Max: 0 average: 0
[2024/01/07 06:22:21]      Non-orthogonality check OK.
[2024/01/07 06:22:21]      Face pyramids OK.
[2024/01/07 06:22:21]      Max skewness = 9.432792296734318e-11 OK.
[2024/01/07 06:22:21]      Coupled point location match (average 0) OK.
[2024/01/07 06:22:21]  
[2024/01/07 06:22:21]  Mesh OK.
[2024/01/07 06:22:21]  
[2024/01/07 06:22:21]  Time = 1
[2024/01/07 06:22:21]  
[2024/01/07 06:22:21]  U Initial residual: (1.197422794697615e-07 1.838231846478108e-07 0.001082273287938756)
[2024/01/07 06:22:21]  U   Final residual: (4.703475384238577e-09 8.468934418579764e-09 4.315278649363778e-05)
[2024/01/07 06:22:21]  p Initial residual: 3.905413893057373e-07
[2024/01/07 06:22:21]  p   Final residual: 2.929826481820588e-08
[2024/01/07 06:22:21]  Time step continuity errors : sum local = 1.071899160219594e-07
[2024/01/07 06:22:21]                                   global = -1.586121900805602e-08
[2024/01/07 06:22:21]                               cumulative = 0.001720960068469022
[2024/01/07 06:22:21]  yPlus min: 0 max: 0 mean: 0
[2024/01/07 06:22:21]  PL-part1-totalPressure: 15.24311747556259
[2024/01/07 06:22:21]  PL-part2-totalPressure: -9.601615967433537
[2024/01/07 06:22:21]  VOLUME-part1-variableVolSum: 1.000198436857532e-05
[2024/01/07 06:22:21]  ExecutionTime = 238.4 s  ClockTime = 347 s
[2024/01/07 06:22:21]  
[2024/01/07 06:22:21]  Time = 1
[2024/01/07 06:22:21]  Minimal residual 3.905413893057373e-07 satisfied the prescribed tolerance 1e-06
[2024/01/07 06:22:21]  
[2024/01/07 06:22:21]  PL-part1-totalPressure: 15.24311747556259
[2024/01/07 06:22:21]  PL-part2-totalPressure: -9.601615967433537
[2024/01/07 06:22:21]  VOLUME-part1-variableVolSum: 1.000198436857532e-05
[2024/01/07 06:22:21]  Printing Primal Residual Statistics.
[2024/01/07 06:22:21]  U Residual Norm2: (0.001260768652338147 0.0003857237193771961 1.110714729676135e-13)
[2024/01/07 06:22:21]  U Residual Mean: (1.302563156616742e-05 3.813243075038921e-06 1.420253955172991e-15)
[2024/01/07 06:22:21]  U Residual Max: (7.989399553443022e-05 4.446650365930171e-05 1.120593372274408e-14)
[2024/01/07 06:22:21]  p Residual Norm2: 0.0001923415021282254
[2024/01/07 06:22:21]  p Residual Mean: 1.124793306518336e-06
[2024/01/07 06:22:21]  p Residual Max: 9.182163344161355e-05
[2024/01/07 06:22:21]  phi Residual Norm2: 7.922195767967054e-07
[2024/01/07 06:22:21]  phi Residual Mean: 2.497965386172413e-09
[2024/01/07 06:22:21]  phi Residual Max: 5.069172503199111e-08
[2024/01/07 06:22:21]  End
[2024/01/07 06:22:21]  
[2024/01/07 06:22:21]  Objective Functions: 
[2024/01/07 06:22:21]  {'PL': 5.641501508129053, 'VOLUME': 1.0001984368575323e-05, 'fail': False}
[2024/01/07 06:22:21]  Flow Runtime: 2.91038
[2024/01/07 06:22:21]  
[2024/01/07 06:22:21]  
[2024/01/07 06:22:21]  +--------------------------------------------------------------------------+
[2024/01/07 06:22:21]  |                  Evaluating Objective Functions 064                      |
[2024/01/07 06:22:21]  +--------------------------------------------------------------------------+
[2024/01/07 06:22:21]  Design Variables: 
[2024/01/07 06:22:21]  OrderedDict([('alphaPorosity', array([  1.9012363578407425,   1.8694757510633004,   1.8396437887984882,
[2024/01/07 06:22:21]         ..., 322.4367130088715   , 323.02447150497346  ,
[2024/01/07 06:22:21]         323.440980112204    ]))])
[2024/01/07 06:22:21]  DVGeo PointSet UpToDate: False
[2024/01/07 06:22:21]  Updating DVGeo PointSet....
[2024/01/07 06:22:21]  DVGeo PointSet UpToDate: True
[2024/01/07 06:22:21]  Warping the volume mesh....
[2024/01/07 06:22:21]  Setting up primal boundary conditions based on pyOptions: 
[2024/01/07 06:22:21]  Setting primal boundary conditions...
[2024/01/07 06:22:21]  Setting U = (0.1 0 0) at inlet
[2024/01/07 06:22:21]  Setting primal boundary conditions...
[2024/01/07 06:22:21]  Setting p = 0 at outlet
[2024/01/07 06:22:21]  nuTilda not found, skip it.
[2024/01/07 06:22:21]  Setting nut wall BC for wallBoundary. BCType=nutkWallFunction
[2024/01/07 06:22:21]  Running Primal Solver 064
[2024/01/07 06:22:21]  Previous solution time 1 found and deleted.
[2024/01/07 06:22:21]  No finite volume options present
[2024/01/07 06:22:21]  
[2024/01/07 06:22:21]  Starting time loop
[2024/01/07 06:22:21]  
[2024/01/07 06:22:21]  Checking mesh quality for time = 0
[2024/01/07 06:22:21]      Overall domain bounding box (7.181318501078189e-16 -1.399990449424424e-15 -5.718082257688551e-15) (0.02999999999999962 0.01500000000001617 0.001000000000005718)
[2024/01/07 06:22:21]      Mesh has 3 geometric (non-empty/wedge) directions 3{1}
[2024/01/07 06:22:21]      Mesh has 3 solution (non-empty) directions 3{1}
[2024/01/07 06:22:21]      Boundary openness (-6.947448714353218e-18 9.793123156124281e-19 -3.04020355740097e-16) OK.
[2024/01/07 06:22:25]      Max cell openness = 3.176373552203076e-16 OK.
[2024/01/07 06:22:25]      Max aspect ratio = 3.333333333492265 OK.
[2024/01/07 06:22:25]      Minimum face area = 1.499999999935995e-07. Maximum face area = 5.000000000129904e-07.  Face area magnitudes OK.
[2024/01/07 06:22:25]      Min volume = 1.499999999944929e-10. Max volume = 1.500000000034984e-10.  Total volume = 4.500000000002841e-07.  Cell volumes OK.
[2024/01/07 06:22:25]      Mesh non-orthogonality Max: 0 average: 0
[2024/01/07 06:22:25]      Non-orthogonality check OK.
[2024/01/07 06:22:25]      Face pyramids OK.
[2024/01/07 06:22:25]      Max skewness = 9.432792296734318e-11 OK.
[2024/01/07 06:22:25]      Coupled point location match (average 0) OK.
[2024/01/07 06:22:25]  
[2024/01/07 06:22:25]  Mesh OK.
[2024/01/07 06:22:25]  
[2024/01/07 06:22:25]  Time = 1
[2024/01/07 06:22:25]  
[2024/01/07 06:22:25]  U Initial residual: (1.135412187367983e-07 1.718998053485387e-07 0.001060534529009711)
[2024/01/07 06:22:25]  U   Final residual: (4.430545102199561e-09 7.808817706507414e-09 4.186738478077371e-05)
[2024/01/07 06:22:25]  p Initial residual: 3.342646898533242e-07
[2024/01/07 06:22:25]  p   Final residual: 2.236818855273217e-08
[2024/01/07 06:22:25]  Time step continuity errors : sum local = 8.183573333873572e-08
[2024/01/07 06:22:25]                                   global = -1.484087667025016e-08
[2024/01/07 06:22:25]                               cumulative = 0.001720945227592352
[2024/01/07 06:22:25]  yPlus min: 0 max: 0 mean: 0
[2024/01/07 06:22:25]  PL-part1-totalPressure: 15.24312091809245
[2024/01/07 06:22:25]  PL-part2-totalPressure: -9.601616030737672
[2024/01/07 06:22:25]  VOLUME-part1-variableVolSum: 1.00019843685687e-05
[2024/01/07 06:22:25]  ExecutionTime = 239.87 s  ClockTime = 350 s
[2024/01/07 06:22:25]  
[2024/01/07 06:22:25]  Time = 1
[2024/01/07 06:22:25]  Minimal residual 3.342646898533242e-07 satisfied the prescribed tolerance 1e-06
[2024/01/07 06:22:25]  
[2024/01/07 06:22:25]  PL-part1-totalPressure: 15.24312091809245
[2024/01/07 06:22:25]  PL-part2-totalPressure: -9.601616030737672
[2024/01/07 06:22:25]  VOLUME-part1-variableVolSum: 1.00019843685687e-05
[2024/01/07 06:22:25]  Printing Primal Residual Statistics.
[2024/01/07 06:22:25]  U Residual Norm2: (0.001207322906768103 0.0003670343506391099 1.128807181617694e-13)
[2024/01/07 06:22:25]  U Residual Mean: (1.233493388521558e-05 3.595670513621873e-06 1.458122203155397e-15)
[2024/01/07 06:22:25]  U Residual Max: (7.64280044107668e-05 4.287921348355983e-05 1.12692232493274e-14)
[2024/01/07 06:22:25]  p Residual Norm2: 0.0001707723242079641
[2024/01/07 06:22:25]  p Residual Mean: 9.858002704525505e-07
[2024/01/07 06:22:25]  p Residual Max: 8.846030604329672e-05
[2024/01/07 06:22:25]  phi Residual Norm2: 7.54678906604708e-07
[2024/01/07 06:22:25]  phi Residual Mean: 2.340425359666862e-09
[2024/01/07 06:22:25]  phi Residual Max: 4.871997307060233e-08
[2024/01/07 06:22:25]  End
[2024/01/07 06:22:25]  
[2024/01/07 06:22:25]  Objective Functions: 
[2024/01/07 06:22:25]  {'PL': 5.6415048873547775, 'VOLUME': 1.0001984368568702e-05, 'fail': False}
[2024/01/07 06:22:25]  Flow Runtime: 2.83486
[2024/01/07 06:22:25]  
[2024/01/07 06:22:25]  
[2024/01/07 06:22:25]  +--------------------------------------------------------------------------+
[2024/01/07 06:22:25]  |                  Evaluating Objective Functions 065                      |
[2024/01/07 06:22:25]  +--------------------------------------------------------------------------+
[2024/01/07 06:22:25]  Design Variables: 
[2024/01/07 06:22:25]  OrderedDict([('alphaPorosity', array([  1.9012363602015667,   1.8694757533557345,   1.83964379102381  ,
[2024/01/07 06:22:25]         ..., 322.4367131162471   , 323.0244716146094   ,
[2024/01/07 06:22:25]         323.44098022432314  ]))])
[2024/01/07 06:22:25]  DVGeo PointSet UpToDate: False
[2024/01/07 06:22:25]  Updating DVGeo PointSet....
[2024/01/07 06:22:25]  DVGeo PointSet UpToDate: True
[2024/01/07 06:22:25]  Warping the volume mesh....
[2024/01/07 06:22:25]  Setting up primal boundary conditions based on pyOptions: 
[2024/01/07 06:22:25]  Setting primal boundary conditions...
[2024/01/07 06:22:25]  Setting U = (0.1 0 0) at inlet
[2024/01/07 06:22:25]  Setting primal boundary conditions...
[2024/01/07 06:22:25]  Setting p = 0 at outlet
[2024/01/07 06:22:25]  nuTilda not found, skip it.
[2024/01/07 06:22:25]  Setting nut wall BC for wallBoundary. BCType=nutkWallFunction
[2024/01/07 06:22:25]  Running Primal Solver 065
[2024/01/07 06:22:25]  Previous solution time 1 found and deleted.
[2024/01/07 06:22:25]  No finite volume options present
[2024/01/07 06:22:25]  
[2024/01/07 06:22:25]  Starting time loop
[2024/01/07 06:22:25]  
[2024/01/07 06:22:25]  Checking mesh quality for time = 0
[2024/01/07 06:22:25]      Overall domain bounding box (7.181318501078189e-16 -1.399990449424424e-15 -5.718082257688551e-15) (0.02999999999999962 0.01500000000001617 0.001000000000005718)
[2024/01/07 06:22:25]      Mesh has 3 geometric (non-empty/wedge) directions 3{1}
[2024/01/07 06:22:25]      Mesh has 3 solution (non-empty) directions 3{1}
[2024/01/07 06:22:25]      Boundary openness (-6.947448714353218e-18 9.793123156124281e-19 -3.04020355740097e-16) OK.
[2024/01/07 06:22:25]      Max cell openness = 3.176373552203076e-16 OK.
[2024/01/07 06:22:25]      Max aspect ratio = 3.333333333492265 OK.
[2024/01/07 06:22:25]      Minimum face area = 1.499999999935995e-07. Maximum face area = 5.000000000129904e-07.  Face area magnitudes OK.
[2024/01/07 06:22:25]      Min volume = 1.499999999944929e-10. Max volume = 1.500000000034984e-10.  Total volume = 4.500000000002841e-07.  Cell volumes OK.
[2024/01/07 06:22:25]      Mesh non-orthogonality Max: 0 average: 0
[2024/01/07 06:22:25]      Non-orthogonality check OK.
[2024/01/07 06:22:25]      Face pyramids OK.
[2024/01/07 06:22:25]      Max skewness = 9.432792296734318e-11 OK.
[2024/01/07 06:22:25]      Coupled point location match (average 0) OK.
[2024/01/07 06:22:25]  
[2024/01/07 06:22:25]  Mesh OK.
[2024/01/07 06:22:25]  
[2024/01/07 06:22:25]  Time = 1
[2024/01/07 06:22:25]  
[2024/01/07 06:22:28]  U Initial residual: (1.075039997360966e-07 1.620677883402711e-07 0.001089025557632111)
[2024/01/07 06:22:28]  U   Final residual: (4.174075456455826e-09 7.29982841981403e-09 4.409771925068238e-05)
[2024/01/07 06:22:28]  p Initial residual: 2.954323251348743e-07
[2024/01/07 06:22:28]  p   Final residual: 1.913409829202212e-08
[2024/01/07 06:22:28]  Time step continuity errors : sum local = 7.000358790449249e-08
[2024/01/07 06:22:28]                                   global = -1.359168271684687e-08
[2024/01/07 06:22:28]                               cumulative = 0.001720931635909635
[2024/01/07 06:22:28]  yPlus min: 0 max: 0 mean: 0
[2024/01/07 06:22:28]  PL-part1-totalPressure: 15.24312418267387
[2024/01/07 06:22:28]  PL-part2-totalPressure: -9.60161608256268
[2024/01/07 06:22:28]  VOLUME-part1-variableVolSum: 1.000198436856539e-05
[2024/01/07 06:22:28]  ExecutionTime = 241.44 s  ClockTime = 353 s
[2024/01/07 06:22:28]  
[2024/01/07 06:22:28]  Time = 1
[2024/01/07 06:22:28]  Minimal residual 2.954323251348743e-07 satisfied the prescribed tolerance 1e-06
[2024/01/07 06:22:28]  
[2024/01/07 06:22:28]  PL-part1-totalPressure: 15.24312418267387
[2024/01/07 06:22:28]  PL-part2-totalPressure: -9.60161608256268
[2024/01/07 06:22:28]  VOLUME-part1-variableVolSum: 1.000198436856539e-05
[2024/01/07 06:22:28]  Printing Primal Residual Statistics.
[2024/01/07 06:22:28]  U Residual Norm2: (0.001156522800079651 0.0003514104560629857 1.113703586981675e-13)
[2024/01/07 06:22:28]  U Residual Mean: (1.168578908763442e-05 3.408435181359319e-06 1.429007550420775e-15)
[2024/01/07 06:22:28]  U Residual Max: (7.288000616001433e-05 4.133366109970726e-05 1.125028737784393e-14)
[2024/01/07 06:22:28]  p Residual Norm2: 0.0001560436482370957
[2024/01/07 06:22:28]  p Residual Mean: 8.844580079951858e-07
[2024/01/07 06:22:28]  p Residual Max: 8.511919586559297e-05
[2024/01/07 06:22:28]  phi Residual Norm2: 7.197545627781423e-07
[2024/01/07 06:22:28]  phi Residual Mean: 2.212906339851329e-09
[2024/01/07 06:22:28]  phi Residual Max: 4.646707856557199e-08
[2024/01/07 06:22:28]  End
[2024/01/07 06:22:28]  
[2024/01/07 06:22:28]  Objective Functions: 
[2024/01/07 06:22:28]  {'PL': 5.641508100111185, 'VOLUME': 1.0001984368565394e-05, 'fail': False}
[2024/01/07 06:22:28]  Flow Runtime: 3.00126
[2024/01/07 06:22:28]  
[2024/01/07 06:22:28]  
[2024/01/07 06:22:28]  +--------------------------------------------------------------------------+
[2024/01/07 06:22:28]  |                  Evaluating Objective Functions 066                      |
[2024/01/07 06:22:28]  +--------------------------------------------------------------------------+
[2024/01/07 06:22:28]  Design Variables: 
[2024/01/07 06:22:28]  OrderedDict([('alphaPorosity', array([  1.9012363613819792,   1.8694757545019518,   1.8396437921364708,
[2024/01/07 06:22:28]         ..., 322.43671316993493  , 323.0244716694273   ,
[2024/01/07 06:22:28]         323.4409802803827   ]))])
[2024/01/07 06:22:28]  DVGeo PointSet UpToDate: False
[2024/01/07 06:22:28]  Updating DVGeo PointSet....
[2024/01/07 06:22:28]  DVGeo PointSet UpToDate: True
[2024/01/07 06:22:28]  Warping the volume mesh....
[2024/01/07 06:22:28]  Setting up primal boundary conditions based on pyOptions: 
[2024/01/07 06:22:28]  Setting primal boundary conditions...
[2024/01/07 06:22:28]  Setting U = (0.1 0 0) at inlet
[2024/01/07 06:22:28]  Setting primal boundary conditions...
[2024/01/07 06:22:28]  Setting p = 0 at outlet
[2024/01/07 06:22:28]  nuTilda not found, skip it.
[2024/01/07 06:22:28]  Setting nut wall BC for wallBoundary. BCType=nutkWallFunction
[2024/01/07 06:22:28]  Running Primal Solver 066
[2024/01/07 06:22:28]  Previous solution time 1 found and deleted.
[2024/01/07 06:22:28]  No finite volume options present
[2024/01/07 06:22:28]  
[2024/01/07 06:22:28]  Starting time loop
[2024/01/07 06:22:28]  
[2024/01/07 06:22:28]  Checking mesh quality for time = 0
[2024/01/07 06:22:28]      Overall domain bounding box (7.181318501078189e-16 -1.399990449424424e-15 -5.718082257688551e-15) (0.02999999999999962 0.01500000000001617 0.001000000000005718)
[2024/01/07 06:22:28]      Mesh has 3 geometric (non-empty/wedge) directions 3{1}
[2024/01/07 06:22:28]      Mesh has 3 solution (non-empty) directions 3{1}
[2024/01/07 06:22:28]      Boundary openness (-6.947448714353218e-18 9.793123156124281e-19 -3.04020355740097e-16) OK.
[2024/01/07 06:22:28]      Max cell openness = 3.176373552203076e-16 OK.
[2024/01/07 06:22:28]      Max aspect ratio = 3.333333333492265 OK.
[2024/01/07 06:22:28]      Minimum face area = 1.499999999935995e-07. Maximum face area = 5.000000000129904e-07.  Face area magnitudes OK.
[2024/01/07 06:22:28]      Min volume = 1.499999999944929e-10. Max volume = 1.500000000034984e-10.  Total volume = 4.500000000002841e-07.  Cell volumes OK.
[2024/01/07 06:22:28]      Mesh non-orthogonality Max: 0 average: 0
[2024/01/07 06:22:28]      Non-orthogonality check OK.
[2024/01/07 06:22:28]      Face pyramids OK.
[2024/01/07 06:22:28]      Max skewness = 9.432792296734318e-11 OK.
[2024/01/07 06:22:28]      Coupled point location match (average 0) OK.
[2024/01/07 06:22:28]  
[2024/01/07 06:22:28]  Mesh OK.
[2024/01/07 06:22:28]  
[2024/01/07 06:22:28]  Time = 1
[2024/01/07 06:22:28]  
[2024/01/07 06:22:28]  U Initial residual: (1.018371308035544e-07 1.536169804794584e-07 0.001067291277942283)
[2024/01/07 06:22:28]  U   Final residual: (3.935478836244191e-09 6.87236643440642e-09 4.262348243040322e-05)
[2024/01/07 06:22:28]  p Initial residual: 2.663754981656074e-07
[2024/01/07 06:22:28]  p   Final residual: 1.791768826506337e-08
[2024/01/07 06:22:28]  Time step continuity errors : sum local = 6.555327512225243e-08
[2024/01/07 06:22:28]                                   global = -1.251981126787286e-08
[2024/01/07 06:22:28]                               cumulative = 0.001720919116098367
[2024/01/07 06:22:28]  yPlus min: 0 max: 0 mean: 0
[2024/01/07 06:22:28]  PL-part1-totalPressure: 15.24312731851276
[2024/01/07 06:22:28]  PL-part2-totalPressure: -9.601616126612603
[2024/01/07 06:22:28]  VOLUME-part1-variableVolSum: 1.000198436856374e-05
[2024/01/07 06:22:31]  ExecutionTime = 242.94 s  ClockTime = 356 s
[2024/01/07 06:22:31]  
[2024/01/07 06:22:31]  Time = 1
[2024/01/07 06:22:31]  Minimal residual 2.663754981656074e-07 satisfied the prescribed tolerance 1e-06
[2024/01/07 06:22:31]  
[2024/01/07 06:22:31]  PL-part1-totalPressure: 15.24312731851276
[2024/01/07 06:22:31]  PL-part2-totalPressure: -9.601616126612603
[2024/01/07 06:22:31]  VOLUME-part1-variableVolSum: 1.000198436856374e-05
[2024/01/07 06:22:31]  Printing Primal Residual Statistics.
[2024/01/07 06:22:31]  U Residual Norm2: (0.001108725823117458 0.0003364057586730306 1.143437571712174e-13)
[2024/01/07 06:22:31]  U Residual Mean: (1.109350537819813e-05 3.226228526513701e-06 1.46758003267809e-15)
[2024/01/07 06:22:31]  U Residual Max: (6.935083700954081e-05 3.987216126466464e-05 1.10134254871845e-14)
[2024/01/07 06:22:31]  p Residual Norm2: 0.0001451866715490127
[2024/01/07 06:22:31]  p Residual Mean: 7.99352958069539e-07
[2024/01/07 06:22:31]  p Residual Max: 8.196047561600227e-05
[2024/01/07 06:22:31]  phi Residual Norm2: 6.87067011470271e-07
[2024/01/07 06:22:31]  phi Residual Mean: 2.09431839938305e-09
[2024/01/07 06:22:31]  phi Residual Max: 4.468895333313325e-08
[2024/01/07 06:22:31]  End
[2024/01/07 06:22:31]  
[2024/01/07 06:22:31]  Objective Functions: 
[2024/01/07 06:22:31]  {'PL': 5.6415111919001575, 'VOLUME': 1.000198436856374e-05, 'fail': False}
[2024/01/07 06:22:31]  Flow Runtime: 2.9331
[2024/01/07 06:22:31]  
[2024/01/07 06:22:31]  
[2024/01/07 06:22:31]  +--------------------------------------------------------------------------+
[2024/01/07 06:22:31]  |                  Evaluating Objective Functions 067                      |
[2024/01/07 06:22:31]  +--------------------------------------------------------------------------+
[2024/01/07 06:22:31]  Design Variables: 
[2024/01/07 06:22:31]  OrderedDict([('alphaPorosity', array([  1.9012363619721853,   1.8694757550750605,   1.8396437926928013,
[2024/01/07 06:22:31]         ..., 322.4367131967789   , 323.0244716968363   ,
[2024/01/07 06:22:31]         323.44098030841246  ]))])
[2024/01/07 06:22:31]  DVGeo PointSet UpToDate: False
[2024/01/07 06:22:31]  Updating DVGeo PointSet....
[2024/01/07 06:22:31]  DVGeo PointSet UpToDate: True
[2024/01/07 06:22:31]  Warping the volume mesh....
[2024/01/07 06:22:31]  Setting up primal boundary conditions based on pyOptions: 
[2024/01/07 06:22:31]  Setting primal boundary conditions...
[2024/01/07 06:22:31]  Setting U = (0.1 0 0) at inlet
[2024/01/07 06:22:31]  Setting primal boundary conditions...
[2024/01/07 06:22:31]  Setting p = 0 at outlet
[2024/01/07 06:22:31]  nuTilda not found, skip it.
[2024/01/07 06:22:31]  Setting nut wall BC for wallBoundary. BCType=nutkWallFunction
[2024/01/07 06:22:31]  Running Primal Solver 067
[2024/01/07 06:22:31]  Previous solution time 1 found and deleted.
[2024/01/07 06:22:31]  No finite volume options present
[2024/01/07 06:22:31]  
[2024/01/07 06:22:31]  Starting time loop
[2024/01/07 06:22:31]  
[2024/01/07 06:22:31]  Checking mesh quality for time = 0
[2024/01/07 06:22:31]      Overall domain bounding box (7.181318501078189e-16 -1.399990449424424e-15 -5.718082257688551e-15) (0.02999999999999962 0.01500000000001617 0.001000000000005718)
[2024/01/07 06:22:31]      Mesh has 3 geometric (non-empty/wedge) directions 3{1}
[2024/01/07 06:22:31]      Mesh has 3 solution (non-empty) directions 3{1}
[2024/01/07 06:22:31]      Boundary openness (-6.947448714353218e-18 9.793123156124281e-19 -3.04020355740097e-16) OK.
[2024/01/07 06:22:31]      Max cell openness = 3.176373552203076e-16 OK.
[2024/01/07 06:22:31]      Max aspect ratio = 3.333333333492265 OK.
[2024/01/07 06:22:31]      Minimum face area = 1.499999999935995e-07. Maximum face area = 5.000000000129904e-07.  Face area magnitudes OK.
[2024/01/07 06:22:31]      Min volume = 1.499999999944929e-10. Max volume = 1.500000000034984e-10.  Total volume = 4.500000000002841e-07.  Cell volumes OK.
[2024/01/07 06:22:31]      Mesh non-orthogonality Max: 0 average: 0
[2024/01/07 06:22:31]      Non-orthogonality check OK.
[2024/01/07 06:22:31]      Face pyramids OK.
[2024/01/07 06:22:31]      Max skewness = 9.432792296734318e-11 OK.
[2024/01/07 06:22:31]      Coupled point location match (average 0) OK.
[2024/01/07 06:22:31]  
[2024/01/07 06:22:31]  Mesh OK.
[2024/01/07 06:22:31]  
[2024/01/07 06:22:31]  Time = 1
[2024/01/07 06:22:31]  
[2024/01/07 06:22:31]  U Initial residual: (9.667012270859946e-08 1.454002057495047e-07 0.001096037056726018)
[2024/01/07 06:22:31]  U   Final residual: (3.715880745618325e-09 6.455519589773613e-09 4.448434489471479e-05)
[2024/01/07 06:22:31]  p Initial residual: 2.429018445172581e-07
[2024/01/07 06:22:31]  p   Final residual: 1.730789667522112e-08
[2024/01/07 06:22:31]  Time step continuity errors : sum local = 6.332231742369025e-08
[2024/01/07 06:22:31]                                   global = -1.144646243444205e-08
[2024/01/07 06:22:31]                               cumulative = 0.001720907669635933
[2024/01/07 06:22:31]  yPlus min: 0 max: 0 mean: 0
[2024/01/07 06:22:31]  PL-part1-totalPressure: 15.24313025898455
[2024/01/07 06:22:31]  PL-part2-totalPressure: -9.601616165992771
[2024/01/07 06:22:31]  VOLUME-part1-variableVolSum: 1.000198436856291e-05
[2024/01/07 06:22:31]  ExecutionTime = 244.43 s  ClockTime = 359 s
[2024/01/07 06:22:31]  
[2024/01/07 06:22:31]  Time = 1
[2024/01/07 06:22:31]  Minimal residual 2.429018445172581e-07 satisfied the prescribed tolerance 1e-06
[2024/01/07 06:22:31]  
[2024/01/07 06:22:31]  PL-part1-totalPressure: 15.24313025898455
[2024/01/07 06:22:31]  PL-part2-totalPressure: -9.601616165992771
[2024/01/07 06:22:31]  VOLUME-part1-variableVolSum: 1.000198436856291e-05
[2024/01/07 06:22:31]  Printing Primal Residual Statistics.
[2024/01/07 06:22:31]  U Residual Norm2: (0.001063887926811109 0.0003206324939946118 1.160670522784956e-13)
[2024/01/07 06:22:31]  U Residual Mean: (1.055653112618781e-05 3.040641966895718e-06 1.490508571437974e-15)
[2024/01/07 06:22:31]  U Residual Max: (6.687024554707932e-05 3.849835844083049e-05 1.038121560435382e-14)
[2024/01/07 06:22:31]  p Residual Norm2: 0.0001366369060900261
[2024/01/07 06:22:35]  p Residual Mean: 7.345364788678521e-07
[2024/01/07 06:22:35]  p Residual Max: 7.909831356779173e-05
[2024/01/07 06:22:35]  phi Residual Norm2: 6.563844633011198e-07
[2024/01/07 06:22:35]  phi Residual Mean: 1.984850434242259e-09
[2024/01/07 06:22:35]  phi Residual Max: 4.304597543674557e-08
[2024/01/07 06:22:35]  End
[2024/01/07 06:22:35]  
[2024/01/07 06:22:35]  Objective Functions: 
[2024/01/07 06:22:35]  {'PL': 5.641514092991779, 'VOLUME': 1.0001984368562914e-05, 'fail': False}
[2024/01/07 06:22:35]  Flow Runtime: 2.92125
[2024/01/07 06:22:35]  
[2024/01/07 06:22:35]  
[2024/01/07 06:22:35]  +--------------------------------------------------------------------------+
[2024/01/07 06:22:35]  |                  Evaluating Objective Functions 068                      |
[2024/01/07 06:22:35]  +--------------------------------------------------------------------------+
[2024/01/07 06:22:35]  Design Variables: 
[2024/01/07 06:22:35]  OrderedDict([('alphaPorosity', array([  1.9012363622672883,   1.8694757553616146,   1.8396437929709666,
[2024/01/07 06:22:35]         ..., 322.4367132102008   , 323.0244717105408   ,
[2024/01/07 06:22:35]         323.4409803224274   ]))])
[2024/01/07 06:22:35]  DVGeo PointSet UpToDate: False
[2024/01/07 06:22:35]  Updating DVGeo PointSet....
[2024/01/07 06:22:35]  DVGeo PointSet UpToDate: True
[2024/01/07 06:22:35]  Warping the volume mesh....
[2024/01/07 06:22:35]  Setting up primal boundary conditions based on pyOptions: 
[2024/01/07 06:22:35]  Setting primal boundary conditions...
[2024/01/07 06:22:35]  Setting U = (0.1 0 0) at inlet
[2024/01/07 06:22:35]  Setting primal boundary conditions...
[2024/01/07 06:22:35]  Setting p = 0 at outlet
[2024/01/07 06:22:35]  nuTilda not found, skip it.
[2024/01/07 06:22:35]  Setting nut wall BC for wallBoundary. BCType=nutkWallFunction
[2024/01/07 06:22:35]  Running Primal Solver 068
[2024/01/07 06:22:35]  Previous solution time 1 found and deleted.
[2024/01/07 06:22:35]  No finite volume options present
[2024/01/07 06:22:35]  
[2024/01/07 06:22:35]  Starting time loop
[2024/01/07 06:22:35]  
[2024/01/07 06:22:35]  Checking mesh quality for time = 0
[2024/01/07 06:22:35]      Overall domain bounding box (7.181318501078189e-16 -1.399990449424424e-15 -5.718082257688551e-15) (0.02999999999999962 0.01500000000001617 0.001000000000005718)
[2024/01/07 06:22:35]      Mesh has 3 geometric (non-empty/wedge) directions 3{1}
[2024/01/07 06:22:35]      Mesh has 3 solution (non-empty) directions 3{1}
[2024/01/07 06:22:35]      Boundary openness (-6.947448714353218e-18 9.793123156124281e-19 -3.04020355740097e-16) OK.
[2024/01/07 06:22:35]      Max cell openness = 3.176373552203076e-16 OK.
[2024/01/07 06:22:35]      Max aspect ratio = 3.333333333492265 OK.
[2024/01/07 06:22:35]      Minimum face area = 1.499999999935995e-07. Maximum face area = 5.000000000129904e-07.  Face area magnitudes OK.
[2024/01/07 06:22:35]      Min volume = 1.499999999944929e-10. Max volume = 1.500000000034984e-10.  Total volume = 4.500000000002841e-07.  Cell volumes OK.
[2024/01/07 06:22:35]      Mesh non-orthogonality Max: 0 average: 0
[2024/01/07 06:22:35]      Non-orthogonality check OK.
[2024/01/07 06:22:35]      Face pyramids OK.
[2024/01/07 06:22:35]      Max skewness = 9.432792296734318e-11 OK.
[2024/01/07 06:22:35]      Coupled point location match (average 0) OK.
[2024/01/07 06:22:35]  
[2024/01/07 06:22:35]  Mesh OK.
[2024/01/07 06:22:35]  
[2024/01/07 06:22:35]  Time = 1
[2024/01/07 06:22:35]  
[2024/01/07 06:22:35]  U Initial residual: (9.198741596703177e-08 1.370337856913572e-07 0.001113195116073954)
[2024/01/07 06:22:35]  U   Final residual: (3.514809581461756e-09 6.018637939094052e-09 4.510191659361818e-05)
[2024/01/07 06:22:35]  p Initial residual: 2.244273918285492e-07
[2024/01/07 06:22:35]  p   Final residual: 1.717325727862699e-08
[2024/01/07 06:22:35]  Time step continuity errors : sum local = 6.282974213397407e-08
[2024/01/07 06:22:35]                                   global = -1.04465381632771e-08
[2024/01/07 06:22:35]                               cumulative = 0.00172089722309777
[2024/01/07 06:22:35]  yPlus min: 0 max: 0 mean: 0
[2024/01/07 06:22:35]  PL-part1-totalPressure: 15.24313295822781
[2024/01/07 06:22:35]  PL-part2-totalPressure: -9.601616200789234
[2024/01/07 06:22:35]  VOLUME-part1-variableVolSum: 1.00019843685625e-05
[2024/01/07 06:22:35]  ExecutionTime = 245.97 s  ClockTime = 362 s
[2024/01/07 06:22:35]  
[2024/01/07 06:22:35]  Time = 1
[2024/01/07 06:22:35]  Minimal residual 2.244273918285492e-07 satisfied the prescribed tolerance 1e-06
[2024/01/07 06:22:35]  
[2024/01/07 06:22:35]  PL-part1-totalPressure: 15.24313295822781
[2024/01/07 06:22:35]  PL-part2-totalPressure: -9.601616200789234
[2024/01/07 06:22:35]  VOLUME-part1-variableVolSum: 1.00019843685625e-05
[2024/01/07 06:22:35]  Printing Primal Residual Statistics.
[2024/01/07 06:22:35]  U Residual Norm2: (0.001021530285833443 0.0003047371558598987 1.158842093103261e-13)
[2024/01/07 06:22:35]  U Residual Mean: (1.006046575215192e-05 2.861136738123648e-06 1.508265683032788e-15)
[2024/01/07 06:22:35]  U Residual Max: (6.444947827954906e-05 3.719389039269494e-05 1.144023211533181e-14)
[2024/01/07 06:22:35]  p Residual Norm2: 0.000129417108437267
[2024/01/07 06:22:35]  p Residual Mean: 6.8165669791427e-07
[2024/01/07 06:22:35]  p Residual Max: 7.647956146960392e-05
[2024/01/07 06:22:35]  phi Residual Norm2: 6.274743225859387e-07
[2024/01/07 06:22:35]  phi Residual Mean: 1.881825745146721e-09
[2024/01/07 06:22:35]  phi Residual Max: 4.147775854763688e-08
[2024/01/07 06:22:35]  End
[2024/01/07 06:22:35]  
[2024/01/07 06:22:35]  Objective Functions: 
[2024/01/07 06:22:35]  {'PL': 5.6415167574385805, 'VOLUME': 1.0001984368562499e-05, 'fail': False}
[2024/01/07 06:22:35]  Flow Runtime: 2.90744
[2024/01/07 06:22:35]  
[2024/01/07 06:22:35]  
[2024/01/07 06:22:35]  +--------------------------------------------------------------------------+
[2024/01/07 06:22:35]  |                  Evaluating Objective Functions 069                      |
[2024/01/07 06:22:35]  +--------------------------------------------------------------------------+
[2024/01/07 06:22:35]  Design Variables: 
[2024/01/07 06:22:38]  OrderedDict([('alphaPorosity', array([  1.9012363624148396,   1.8694757555048918,   1.839643793110049 ,
[2024/01/07 06:22:38]         ..., 322.4367132169118   , 323.02447171739306  ,
[2024/01/07 06:22:38]         323.4409803294348   ]))])
[2024/01/07 06:22:38]  DVGeo PointSet UpToDate: False
[2024/01/07 06:22:38]  Updating DVGeo PointSet....
[2024/01/07 06:22:38]  DVGeo PointSet UpToDate: True
[2024/01/07 06:22:38]  Warping the volume mesh....
[2024/01/07 06:22:38]  Setting up primal boundary conditions based on pyOptions: 
[2024/01/07 06:22:38]  Setting primal boundary conditions...
[2024/01/07 06:22:38]  Setting U = (0.1 0 0) at inlet
[2024/01/07 06:22:38]  Setting primal boundary conditions...
[2024/01/07 06:22:38]  Setting p = 0 at outlet
[2024/01/07 06:22:38]  nuTilda not found, skip it.
[2024/01/07 06:22:38]  Setting nut wall BC for wallBoundary. BCType=nutkWallFunction
[2024/01/07 06:22:38]  Running Primal Solver 069
[2024/01/07 06:22:38]  Previous solution time 1 found and deleted.
[2024/01/07 06:22:38]  No finite volume options present
[2024/01/07 06:22:38]  
[2024/01/07 06:22:38]  Starting time loop
[2024/01/07 06:22:38]  
[2024/01/07 06:22:38]  Checking mesh quality for time = 0
[2024/01/07 06:22:38]      Overall domain bounding box (7.181318501078189e-16 -1.399990449424424e-15 -5.718082257688551e-15) (0.02999999999999962 0.01500000000001617 0.001000000000005718)
[2024/01/07 06:22:38]      Mesh has 3 geometric (non-empty/wedge) directions 3{1}
[2024/01/07 06:22:38]      Mesh has 3 solution (non-empty) directions 3{1}
[2024/01/07 06:22:38]      Boundary openness (-6.947448714353218e-18 9.793123156124281e-19 -3.04020355740097e-16) OK.
[2024/01/07 06:22:38]      Max cell openness = 3.176373552203076e-16 OK.
[2024/01/07 06:22:38]      Max aspect ratio = 3.333333333492265 OK.
[2024/01/07 06:22:38]      Minimum face area = 1.499999999935995e-07. Maximum face area = 5.000000000129904e-07.  Face area magnitudes OK.
[2024/01/07 06:22:38]      Min volume = 1.499999999944929e-10. Max volume = 1.500000000034984e-10.  Total volume = 4.500000000002841e-07.  Cell volumes OK.
[2024/01/07 06:22:38]      Mesh non-orthogonality Max: 0 average: 0
[2024/01/07 06:22:38]      Non-orthogonality check OK.
[2024/01/07 06:22:38]      Face pyramids OK.
[2024/01/07 06:22:38]      Max skewness = 9.432792296734318e-11 OK.
[2024/01/07 06:22:38]      Coupled point location match (average 0) OK.
[2024/01/07 06:22:38]  
[2024/01/07 06:22:38]  Mesh OK.
[2024/01/07 06:22:38]  
[2024/01/07 06:22:38]  Time = 1
[2024/01/07 06:22:38]  
[2024/01/07 06:22:38]  U Initial residual: (8.76624544435017e-08 1.289415942889484e-07 0.001126663040768492)
[2024/01/07 06:22:38]  U   Final residual: (3.329221255210583e-09 5.583420219773974e-09 4.643327976233813e-05)
[2024/01/07 06:22:38]  p Initial residual: 2.066134173796347e-07
[2024/01/07 06:22:38]  p   Final residual: 1.607736520607609e-08
[2024/01/07 06:22:38]  Time step continuity errors : sum local = 5.882034753152735e-08
[2024/01/07 06:22:38]                                   global = -9.860316237623541e-09
[2024/01/07 06:22:38]                               cumulative = 0.001720887362781532
[2024/01/07 06:22:38]  yPlus min: 0 max: 0 mean: 0
[2024/01/07 06:22:38]  PL-part1-totalPressure: 15.24313541893155
[2024/01/07 06:22:38]  PL-part2-totalPressure: -9.601616229200824
[2024/01/07 06:22:38]  VOLUME-part1-variableVolSum: 1.000198436856229e-05
[2024/01/07 06:22:38]  ExecutionTime = 247.44 s  ClockTime = 365 s
[2024/01/07 06:22:38]  
[2024/01/07 06:22:38]  Time = 1
[2024/01/07 06:22:38]  Minimal residual 2.066134173796347e-07 satisfied the prescribed tolerance 1e-06
[2024/01/07 06:22:38]  
[2024/01/07 06:22:38]  PL-part1-totalPressure: 15.24313541893155
[2024/01/07 06:22:38]  PL-part2-totalPressure: -9.601616229200824
[2024/01/07 06:22:38]  VOLUME-part1-variableVolSum: 1.000198436856229e-05
[2024/01/07 06:22:38]  Printing Primal Residual Statistics.
[2024/01/07 06:22:38]  U Residual Norm2: (0.0009810916877488031 0.0002899389995182514 1.145051583487355e-13)
[2024/01/07 06:22:38]  U Residual Mean: (9.589747418436528e-06 2.698392433165232e-06 1.480392913321129e-15)
[2024/01/07 06:22:38]  U Residual Max: (6.20710047785078e-05 3.593685373837197e-05 1.008706360262824e-14)
[2024/01/07 06:22:38]  p Residual Norm2: 0.000123012008715709
[2024/01/07 06:22:38]  p Residual Mean: 6.309070154923618e-07
[2024/01/07 06:22:38]  p Residual Max: 7.397781992550056e-05
[2024/01/07 06:22:38]  phi Residual Norm2: 6.001609551358388e-07
[2024/01/07 06:22:38]  phi Residual Mean: 1.782156186156249e-09
[2024/01/07 06:22:38]  phi Residual Max: 3.998981089459339e-08
[2024/01/07 06:22:38]  End
[2024/01/07 06:22:38]  
[2024/01/07 06:22:38]  Objective Functions: 
[2024/01/07 06:22:38]  {'PL': 5.641519189730726, 'VOLUME': 1.000198436856229e-05, 'fail': False}
[2024/01/07 06:22:38]  Flow Runtime: 2.82949
[2024/01/07 06:22:38]  
[2024/01/07 06:22:38]  
[2024/01/07 06:22:38]  +--------------------------------------------------------------------------+
[2024/01/07 06:22:38]  |                  Evaluating Objective Functions 070                      |
[2024/01/07 06:22:38]  +--------------------------------------------------------------------------+
[2024/01/07 06:22:38]  Design Variables: 
[2024/01/07 06:22:38]  OrderedDict([('alphaPorosity', array([  1.9012363624886153,   1.8694757555765302,   1.8396437931795904,
[2024/01/07 06:22:38]         ..., 322.4367132202673   , 323.0244717208192   ,
[2024/01/07 06:22:38]         323.4409803329386   ]))])
[2024/01/07 06:22:38]  DVGeo PointSet UpToDate: False
[2024/01/07 06:22:38]  Updating DVGeo PointSet....
[2024/01/07 06:22:38]  DVGeo PointSet UpToDate: True
[2024/01/07 06:22:38]  Warping the volume mesh....
[2024/01/07 06:22:38]  Setting up primal boundary conditions based on pyOptions: 
[2024/01/07 06:22:38]  Setting primal boundary conditions...
[2024/01/07 06:22:38]  Setting U = (0.1 0 0) at inlet
[2024/01/07 06:22:38]  Setting primal boundary conditions...
[2024/01/07 06:22:38]  Setting p = 0 at outlet
[2024/01/07 06:22:38]  nuTilda not found, skip it.
[2024/01/07 06:22:38]  Setting nut wall BC for wallBoundary. BCType=nutkWallFunction
[2024/01/07 06:22:38]  Running Primal Solver 070
[2024/01/07 06:22:42]  Previous solution time 1 found and deleted.
[2024/01/07 06:22:42]  No finite volume options present
[2024/01/07 06:22:42]  
[2024/01/07 06:22:42]  Starting time loop
[2024/01/07 06:22:42]  
[2024/01/07 06:22:42]  Checking mesh quality for time = 0
[2024/01/07 06:22:42]      Overall domain bounding box (7.181318501078189e-16 -1.399990449424424e-15 -5.718082257688551e-15) (0.02999999999999962 0.01500000000001617 0.001000000000005718)
[2024/01/07 06:22:42]      Mesh has 3 geometric (non-empty/wedge) directions 3{1}
[2024/01/07 06:22:42]      Mesh has 3 solution (non-empty) directions 3{1}
[2024/01/07 06:22:42]      Boundary openness (-6.947448714353218e-18 9.793123156124281e-19 -3.04020355740097e-16) OK.
[2024/01/07 06:22:42]      Max cell openness = 3.176373552203076e-16 OK.
[2024/01/07 06:22:42]      Max aspect ratio = 3.333333333492265 OK.
[2024/01/07 06:22:42]      Minimum face area = 1.499999999935995e-07. Maximum face area = 5.000000000129904e-07.  Face area magnitudes OK.
[2024/01/07 06:22:42]      Min volume = 1.499999999944929e-10. Max volume = 1.500000000034984e-10.  Total volume = 4.500000000002841e-07.  Cell volumes OK.
[2024/01/07 06:22:42]      Mesh non-orthogonality Max: 0 average: 0
[2024/01/07 06:22:42]      Non-orthogonality check OK.
[2024/01/07 06:22:42]      Face pyramids OK.
[2024/01/07 06:22:42]      Max skewness = 9.432792296734318e-11 OK.
[2024/01/07 06:22:42]      Coupled point location match (average 0) OK.
[2024/01/07 06:22:42]  
[2024/01/07 06:22:42]  Mesh OK.
[2024/01/07 06:22:42]  
[2024/01/07 06:22:42]  Time = 1
[2024/01/07 06:22:42]  
[2024/01/07 06:22:42]  U Initial residual: (8.355904926243341e-08 1.216048022011714e-07 0.001105680570790115)
[2024/01/07 06:22:42]  U   Final residual: (3.154689158755631e-09 5.188892341668735e-09 4.591574544810911e-05)
[2024/01/07 06:22:42]  p Initial residual: 1.893545138931272e-07
[2024/01/07 06:22:42]  p   Final residual: 1.429985209930451e-08
[2024/01/07 06:22:42]  Time step continuity errors : sum local = 5.23171808396807e-08
[2024/01/07 06:22:42]                                   global = -9.632231000632977e-09
[2024/01/07 06:22:42]                               cumulative = 0.001720877730550532
[2024/01/07 06:22:42]  yPlus min: 0 max: 0 mean: 0
[2024/01/07 06:22:42]  PL-part1-totalPressure: 15.24313770201009
[2024/01/07 06:22:42]  PL-part2-totalPressure: -9.60161624937294
[2024/01/07 06:22:42]  VOLUME-part1-variableVolSum: 1.000198436856219e-05
[2024/01/07 06:22:42]  ExecutionTime = 248.9 s  ClockTime = 368 s
[2024/01/07 06:22:42]  
[2024/01/07 06:22:42]  Time = 1
[2024/01/07 06:22:42]  Minimal residual 1.893545138931272e-07 satisfied the prescribed tolerance 1e-06
[2024/01/07 06:22:42]  
[2024/01/07 06:22:42]  PL-part1-totalPressure: 15.24313770201009
[2024/01/07 06:22:42]  PL-part2-totalPressure: -9.60161624937294
[2024/01/07 06:22:42]  VOLUME-part1-variableVolSum: 1.000198436856219e-05
[2024/01/07 06:22:42]  Printing Primal Residual Statistics.
[2024/01/07 06:22:42]  U Residual Norm2: (0.0009421773594915588 0.0002769692030395927 1.167140515430663e-13)
[2024/01/07 06:22:42]  U Residual Mean: (9.135843467176872e-06 2.555575266777626e-06 1.520692559554558e-15)
[2024/01/07 06:22:42]  U Residual Max: (5.972779996477051e-05 3.471991908232663e-05 1.114505198260893e-14)
[2024/01/07 06:22:42]  p Residual Norm2: 0.0001172970199071424
[2024/01/07 06:22:42]  p Residual Mean: 5.826284573908815e-07
[2024/01/07 06:22:42]  p Residual Max: 7.150466631687895e-05
[2024/01/07 06:22:42]  phi Residual Norm2: 5.743641789317211e-07
[2024/01/07 06:22:42]  phi Residual Mean: 1.688371573473935e-09
[2024/01/07 06:22:42]  phi Residual Max: 3.856016306347151e-08
[2024/01/07 06:22:42]  End
[2024/01/07 06:22:42]  
[2024/01/07 06:22:42]  Objective Functions: 
[2024/01/07 06:22:42]  {'PL': 5.641521452637148, 'VOLUME': 1.000198436856219e-05, 'fail': False}
[2024/01/07 06:22:42]  Flow Runtime: 2.84132
[2024/01/07 06:22:42]  
[2024/01/07 06:22:42]  
[2024/01/07 06:22:42]  +--------------------------------------------------------------------------+
[2024/01/07 06:22:42]  |                  Evaluating Objective Functions 071                      |
[2024/01/07 06:22:42]  +--------------------------------------------------------------------------+
[2024/01/07 06:22:42]  Design Variables: 
[2024/01/07 06:22:42]  OrderedDict([('alphaPorosity', array([  1.9012363625255033,   1.8694757556123496,   1.839643793214361 ,
[2024/01/07 06:22:42]         ..., 322.436713221945    , 323.0244717225322   ,
[2024/01/07 06:22:42]         323.44098033469044  ]))])
[2024/01/07 06:22:42]  DVGeo PointSet UpToDate: False
[2024/01/07 06:22:42]  Updating DVGeo PointSet....
[2024/01/07 06:22:42]  DVGeo PointSet UpToDate: True
[2024/01/07 06:22:42]  Warping the volume mesh....
[2024/01/07 06:22:42]  Setting up primal boundary conditions based on pyOptions: 
[2024/01/07 06:22:42]  Setting primal boundary conditions...
[2024/01/07 06:22:42]  Setting U = (0.1 0 0) at inlet
[2024/01/07 06:22:42]  Setting primal boundary conditions...
[2024/01/07 06:22:42]  Setting p = 0 at outlet
[2024/01/07 06:22:42]  nuTilda not found, skip it.
[2024/01/07 06:22:42]  Setting nut wall BC for wallBoundary. BCType=nutkWallFunction
[2024/01/07 06:22:42]  Running Primal Solver 071
[2024/01/07 06:22:42]  Previous solution time 1 found and deleted.
[2024/01/07 06:22:42]  No finite volume options present
[2024/01/07 06:22:42]  
[2024/01/07 06:22:42]  Starting time loop
[2024/01/07 06:22:42]  
[2024/01/07 06:22:42]  Checking mesh quality for time = 0
[2024/01/07 06:22:42]      Overall domain bounding box (7.181318501078189e-16 -1.399990449424424e-15 -5.718082257688551e-15) (0.02999999999999962 0.01500000000001617 0.001000000000005718)
[2024/01/07 06:22:42]      Mesh has 3 geometric (non-empty/wedge) directions 3{1}
[2024/01/07 06:22:42]      Mesh has 3 solution (non-empty) directions 3{1}
[2024/01/07 06:22:42]      Boundary openness (-6.947448714353218e-18 9.793123156124281e-19 -3.04020355740097e-16) OK.
[2024/01/07 06:22:42]      Max cell openness = 3.176373552203076e-16 OK.
[2024/01/07 06:22:42]      Max aspect ratio = 3.333333333492265 OK.
[2024/01/07 06:22:46]      Minimum face area = 1.499999999935995e-07. Maximum face area = 5.000000000129904e-07.  Face area magnitudes OK.
[2024/01/07 06:22:46]      Min volume = 1.499999999944929e-10. Max volume = 1.500000000034984e-10.  Total volume = 4.500000000002841e-07.  Cell volumes OK.
[2024/01/07 06:22:46]      Mesh non-orthogonality Max: 0 average: 0
[2024/01/07 06:22:46]      Non-orthogonality check OK.
[2024/01/07 06:22:46]      Face pyramids OK.
[2024/01/07 06:22:46]      Max skewness = 9.432792296734318e-11 OK.
[2024/01/07 06:22:46]      Coupled point location match (average 0) OK.
[2024/01/07 06:22:46]  
[2024/01/07 06:22:46]  Mesh OK.
[2024/01/07 06:22:46]  
[2024/01/07 06:22:46]  Time = 1
[2024/01/07 06:22:46]  
[2024/01/07 06:22:46]  U Initial residual: (7.960252442933953e-08 1.151667924219564e-07 0.001135704510156084)
[2024/01/07 06:22:46]  U   Final residual: (2.988800825815431e-09 4.854777774602882e-09 4.831381916925478e-05)
[2024/01/07 06:22:46]  p Initial residual: 1.750831175439353e-07
[2024/01/07 06:22:46]  p   Final residual: 1.282381903665846e-08
[2024/01/07 06:22:46]  Time step continuity errors : sum local = 4.691699969028706e-08
[2024/01/07 06:22:46]                                   global = -9.473505797422264e-09
[2024/01/07 06:22:46]                               cumulative = 0.001720868257044734
[2024/01/07 06:22:46]  yPlus min: 0 max: 0 mean: 0
[2024/01/07 06:22:46]  PL-part1-totalPressure: 15.24313986687591
[2024/01/07 06:22:46]  PL-part2-totalPressure: -9.601616261554303
[2024/01/07 06:22:46]  VOLUME-part1-variableVolSum: 1.000198436856213e-05
[2024/01/07 06:22:46]  ExecutionTime = 250.78 s  ClockTime = 371 s
[2024/01/07 06:22:46]  
[2024/01/07 06:22:46]  Time = 1
[2024/01/07 06:22:46]  Minimal residual 1.750831175439353e-07 satisfied the prescribed tolerance 1e-06
[2024/01/07 06:22:46]  
[2024/01/07 06:22:46]  PL-part1-totalPressure: 15.24313986687591
[2024/01/07 06:22:46]  PL-part2-totalPressure: -9.601616261554303
[2024/01/07 06:22:46]  VOLUME-part1-variableVolSum: 1.000198436856213e-05
[2024/01/07 06:22:46]  Printing Primal Residual Statistics.
[2024/01/07 06:22:46]  U Residual Norm2: (0.0009046582664849472 0.0002656849832950874 1.136823563643171e-13)
[2024/01/07 06:22:46]  U Residual Mean: (8.698040579115587e-06 2.42758701391707e-06 1.495073591566395e-15)
[2024/01/07 06:22:46]  U Residual Max: (5.74245270412721e-05 3.355424556128472e-05 1.048179843997154e-14)
[2024/01/07 06:22:46]  p Residual Norm2: 0.0001122414544543294
[2024/01/07 06:22:46]  p Residual Mean: 5.416138886504264e-07
[2024/01/07 06:22:46]  p Residual Max: 6.904450057986914e-05
[2024/01/07 06:22:46]  phi Residual Norm2: 5.499501191245036e-07
[2024/01/07 06:22:46]  phi Residual Mean: 1.603803652475668e-09
[2024/01/07 06:22:46]  phi Residual Max: 3.716079957188971e-08
[2024/01/07 06:22:46]  End
[2024/01/07 06:22:46]  
[2024/01/07 06:22:46]  Objective Functions: 
[2024/01/07 06:22:46]  {'PL': 5.641523605321606, 'VOLUME': 1.0001984368562134e-05, 'fail': False}
[2024/01/07 06:22:46]  Flow Runtime: 2.99958
[2024/01/07 06:22:46]  
[2024/01/07 06:22:46]  
[2024/01/07 06:22:46]  +--------------------------------------------------------------------------+
[2024/01/07 06:22:46]  |                  Evaluating Objective Functions 072                      |
[2024/01/07 06:22:46]  +--------------------------------------------------------------------------+
[2024/01/07 06:22:46]  Design Variables: 
[2024/01/07 06:22:46]  OrderedDict([('alphaPorosity', array([  1.9012363625439472,   1.8694757556302593,   1.8396437932317462,
[2024/01/07 06:22:46]         ..., 322.4367132227839   , 323.0244717233888   ,
[2024/01/07 06:22:46]         323.4409803355664   ]))])
[2024/01/07 06:22:46]  DVGeo PointSet UpToDate: False
[2024/01/07 06:22:46]  Updating DVGeo PointSet....
[2024/01/07 06:22:46]  DVGeo PointSet UpToDate: True
[2024/01/07 06:22:46]  Warping the volume mesh....
[2024/01/07 06:22:46]  Setting up primal boundary conditions based on pyOptions: 
[2024/01/07 06:22:46]  Setting primal boundary conditions...
[2024/01/07 06:22:46]  Setting U = (0.1 0 0) at inlet
[2024/01/07 06:22:46]  Setting primal boundary conditions...
[2024/01/07 06:22:46]  Setting p = 0 at outlet
[2024/01/07 06:22:46]  nuTilda not found, skip it.
[2024/01/07 06:22:46]  Setting nut wall BC for wallBoundary. BCType=nutkWallFunction
[2024/01/07 06:22:46]  Running Primal Solver 072
[2024/01/07 06:22:46]  Previous solution time 1 found and deleted.
[2024/01/07 06:22:46]  No finite volume options present
[2024/01/07 06:22:46]  
[2024/01/07 06:22:46]  Starting time loop
[2024/01/07 06:22:46]  
[2024/01/07 06:22:46]  Checking mesh quality for time = 0
[2024/01/07 06:22:46]      Overall domain bounding box (7.181318501078189e-16 -1.399990449424424e-15 -5.718082257688551e-15) (0.02999999999999962 0.01500000000001617 0.001000000000005718)
[2024/01/07 06:22:46]      Mesh has 3 geometric (non-empty/wedge) directions 3{1}
[2024/01/07 06:22:46]      Mesh has 3 solution (non-empty) directions 3{1}
[2024/01/07 06:22:46]      Boundary openness (-6.947448714353218e-18 9.793123156124281e-19 -3.04020355740097e-16) OK.
[2024/01/07 06:22:46]      Max cell openness = 3.176373552203076e-16 OK.
[2024/01/07 06:22:46]      Max aspect ratio = 3.333333333492265 OK.
[2024/01/07 06:22:46]      Minimum face area = 1.499999999935995e-07. Maximum face area = 5.000000000129904e-07.  Face area magnitudes OK.
[2024/01/07 06:22:46]      Min volume = 1.499999999944929e-10. Max volume = 1.500000000034984e-10.  Total volume = 4.500000000002841e-07.  Cell volumes OK.
[2024/01/07 06:22:46]      Mesh non-orthogonality Max: 0 average: 0
[2024/01/07 06:22:46]      Non-orthogonality check OK.
[2024/01/07 06:22:46]      Face pyramids OK.
[2024/01/07 06:22:46]      Max skewness = 9.432792296734318e-11 OK.
[2024/01/07 06:22:46]      Coupled point location match (average 0) OK.
[2024/01/07 06:22:46]  
[2024/01/07 06:22:46]  Mesh OK.
[2024/01/07 06:22:46]  
[2024/01/07 06:22:46]  Time = 1
[2024/01/07 06:22:46]  
[2024/01/07 06:22:46]  U Initial residual: (7.578652145582314e-08 1.093982670142002e-07 0.00111666157639181)
[2024/01/07 06:22:49]  U   Final residual: (2.830703882949182e-09 4.56764457841903e-09 4.504415516924006e-05)
[2024/01/07 06:22:49]  p Initial residual: 1.640116718979726e-07
[2024/01/07 06:22:49]  p   Final residual: 1.192378979963579e-08
[2024/01/07 06:22:49]  Time step continuity errors : sum local = 4.362417995533387e-08
[2024/01/07 06:22:49]                                   global = -9.185335392494349e-09
[2024/01/07 06:22:49]                               cumulative = 0.001720859071709342
[2024/01/07 06:22:49]  yPlus min: 0 max: 0 mean: 0
[2024/01/07 06:22:49]  PL-part1-totalPressure: 15.2431419103893
[2024/01/07 06:22:49]  PL-part2-totalPressure: -9.601616268574276
[2024/01/07 06:22:49]  VOLUME-part1-variableVolSum: 1.000198436856211e-05
[2024/01/07 06:22:49]  ExecutionTime = 252.3 s  ClockTime = 374 s
[2024/01/07 06:22:49]  
[2024/01/07 06:22:49]  Time = 1
[2024/01/07 06:22:49]  Minimal residual 1.640116718979726e-07 satisfied the prescribed tolerance 1e-06
[2024/01/07 06:22:49]  
[2024/01/07 06:22:49]  PL-part1-totalPressure: 15.2431419103893
[2024/01/07 06:22:49]  PL-part2-totalPressure: -9.601616268574276
[2024/01/07 06:22:49]  VOLUME-part1-variableVolSum: 1.000198436856211e-05
[2024/01/07 06:22:49]  Printing Primal Residual Statistics.
[2024/01/07 06:22:49]  U Residual Norm2: (0.0008686394256351588 0.0002552724922268078 1.139222425571425e-13)
[2024/01/07 06:22:49]  U Residual Mean: (8.280734882070345e-06 2.306691911058528e-06 1.48825485669318e-15)
[2024/01/07 06:22:49]  U Residual Max: (5.51738043730321e-05 3.245440889076967e-05 1.053731652134219e-14)
[2024/01/07 06:22:49]  p Residual Norm2: 0.0001077309666909008
[2024/01/07 06:22:49]  p Residual Mean: 5.065850903180969e-07
[2024/01/07 06:22:49]  p Residual Max: 6.664888238200578e-05
[2024/01/07 06:22:49]  phi Residual Norm2: 5.267218042480555e-07
[2024/01/07 06:22:49]  phi Residual Mean: 1.526370051558507e-09
[2024/01/07 06:22:49]  phi Residual Max: 3.577301300899362e-08
[2024/01/07 06:22:49]  End
[2024/01/07 06:22:49]  
[2024/01/07 06:22:49]  Objective Functions: 
[2024/01/07 06:22:49]  {'PL': 5.6415256418150275, 'VOLUME': 1.000198436856211e-05, 'fail': False}
[2024/01/07 06:22:49]  Flow Runtime: 2.96883
[2024/01/07 06:22:49]  
[2024/01/07 06:22:49]  
[2024/01/07 06:22:49]  +--------------------------------------------------------------------------+
[2024/01/07 06:22:49]  |                  Evaluating Objective Functions 073                      |
[2024/01/07 06:22:49]  +--------------------------------------------------------------------------+
[2024/01/07 06:22:49]  Design Variables: 
[2024/01/07 06:22:49]  OrderedDict([('alphaPorosity', array([  1.9012363625531692,   1.869475755639214 ,   1.839643793240439 ,
[2024/01/07 06:22:49]         ..., 322.4367132232033   , 323.02447172381704  ,
[2024/01/07 06:22:49]         323.4409803360043   ]))])
[2024/01/07 06:22:49]  DVGeo PointSet UpToDate: False
[2024/01/07 06:22:49]  Updating DVGeo PointSet....
[2024/01/07 06:22:49]  DVGeo PointSet UpToDate: True
[2024/01/07 06:22:49]  Warping the volume mesh....
[2024/01/07 06:22:49]  Setting up primal boundary conditions based on pyOptions: 
[2024/01/07 06:22:49]  Setting primal boundary conditions...
[2024/01/07 06:22:49]  Setting U = (0.1 0 0) at inlet
[2024/01/07 06:22:49]  Setting primal boundary conditions...
[2024/01/07 06:22:49]  Setting p = 0 at outlet
[2024/01/07 06:22:49]  nuTilda not found, skip it.
[2024/01/07 06:22:49]  Setting nut wall BC for wallBoundary. BCType=nutkWallFunction
[2024/01/07 06:22:49]  Running Primal Solver 073
[2024/01/07 06:22:49]  Previous solution time 1 found and deleted.
[2024/01/07 06:22:49]  No finite volume options present
[2024/01/07 06:22:49]  
[2024/01/07 06:22:49]  Starting time loop
[2024/01/07 06:22:49]  
[2024/01/07 06:22:49]  Checking mesh quality for time = 0
[2024/01/07 06:22:49]      Overall domain bounding box (7.181318501078189e-16 -1.399990449424424e-15 -5.718082257688551e-15) (0.02999999999999962 0.01500000000001617 0.001000000000005718)
[2024/01/07 06:22:49]      Mesh has 3 geometric (non-empty/wedge) directions 3{1}
[2024/01/07 06:22:49]      Mesh has 3 solution (non-empty) directions 3{1}
[2024/01/07 06:22:49]      Boundary openness (-6.947448714353218e-18 9.793123156124281e-19 -3.04020355740097e-16) OK.
[2024/01/07 06:22:49]      Max cell openness = 3.176373552203076e-16 OK.
[2024/01/07 06:22:49]      Max aspect ratio = 3.333333333492265 OK.
[2024/01/07 06:22:49]      Minimum face area = 1.499999999935995e-07. Maximum face area = 5.000000000129904e-07.  Face area magnitudes OK.
[2024/01/07 06:22:49]      Min volume = 1.499999999944929e-10. Max volume = 1.500000000034984e-10.  Total volume = 4.500000000002841e-07.  Cell volumes OK.
[2024/01/07 06:22:49]      Mesh non-orthogonality Max: 0 average: 0
[2024/01/07 06:22:49]      Non-orthogonality check OK.
[2024/01/07 06:22:49]      Face pyramids OK.
[2024/01/07 06:22:49]      Max skewness = 9.432792296734318e-11 OK.
[2024/01/07 06:22:49]      Coupled point location match (average 0) OK.
[2024/01/07 06:22:49]  
[2024/01/07 06:22:49]  Mesh OK.
[2024/01/07 06:22:49]  
[2024/01/07 06:22:49]  Time = 1
[2024/01/07 06:22:49]  
[2024/01/07 06:22:49]  U Initial residual: (7.214929305966708e-08 1.039498948295609e-07 0.001111444134519689)
[2024/01/07 06:22:49]  U   Final residual: (2.681287677293357e-09 4.304025842515583e-09 4.525022269409547e-05)
[2024/01/07 06:22:49]  p Initial residual: 1.542690484848674e-07
[2024/01/07 06:22:49]  p   Final residual: 1.142977542115444e-08
[2024/01/07 06:22:49]  Time step continuity errors : sum local = 4.181679111699017e-08
[2024/01/07 06:22:49]                                   global = -8.780112935343091e-09
[2024/01/07 06:22:49]                               cumulative = 0.001720850291596406
[2024/01/07 06:22:49]  yPlus min: 0 max: 0 mean: 0
[2024/01/07 06:22:49]  PL-part1-totalPressure: 15.24314379057075
[2024/01/07 06:22:49]  PL-part2-totalPressure: -9.601616273726638
[2024/01/07 06:22:49]  VOLUME-part1-variableVolSum: 1.00019843685621e-05
[2024/01/07 06:22:49]  ExecutionTime = 253.85 s  ClockTime = 377 s
[2024/01/07 06:22:49]  
[2024/01/07 06:22:49]  Time = 1
[2024/01/07 06:22:52]  Minimal residual 1.542690484848674e-07 satisfied the prescribed tolerance 1e-06
[2024/01/07 06:22:52]  
[2024/01/07 06:22:52]  PL-part1-totalPressure: 15.24314379057075
[2024/01/07 06:22:52]  PL-part2-totalPressure: -9.601616273726638
[2024/01/07 06:22:52]  VOLUME-part1-variableVolSum: 1.00019843685621e-05
[2024/01/07 06:22:52]  Printing Primal Residual Statistics.
[2024/01/07 06:22:52]  U Residual Norm2: (0.0008342227190623381 0.0002449903487792953 1.14991962381588e-13)
[2024/01/07 06:22:52]  U Residual Mean: (7.887304176125762e-06 2.188350543787258e-06 1.486495132028076e-15)
[2024/01/07 06:22:52]  U Residual Max: (5.298555214894307e-05 3.142265541900002e-05 1.207843860564458e-14)
[2024/01/07 06:22:52]  p Residual Norm2: 0.0001036204785668717
[2024/01/07 06:22:52]  p Residual Mean: 4.744207970424162e-07
[2024/01/07 06:22:52]  p Residual Max: 6.438989514251348e-05
[2024/01/07 06:22:52]  phi Residual Norm2: 5.045322501811715e-07
[2024/01/07 06:22:52]  phi Residual Mean: 1.452046109600965e-09
[2024/01/07 06:22:52]  phi Residual Max: 3.43950299524895e-08
[2024/01/07 06:22:52]  End
[2024/01/07 06:22:52]  
[2024/01/07 06:22:52]  Objective Functions: 
[2024/01/07 06:22:52]  {'PL': 5.641527516844111, 'VOLUME': 1.0001984368562097e-05, 'fail': False}
[2024/01/07 06:22:52]  Flow Runtime: 2.99869
[2024/01/07 06:22:52]  
[2024/01/07 06:22:52]  
[2024/01/07 06:22:52]  +--------------------------------------------------------------------------+
[2024/01/07 06:22:52]  |                  Evaluating Objective Functions 074                      |
[2024/01/07 06:22:52]  +--------------------------------------------------------------------------+
[2024/01/07 06:22:52]  Design Variables: 
[2024/01/07 06:22:52]  OrderedDict([('alphaPorosity', array([  1.9012363625577802,   1.8694757556436914,   1.8396437932447853,
[2024/01/07 06:22:52]         ..., 322.4367132234131   , 323.0244717240312   ,
[2024/01/07 06:22:52]         323.4409803362233   ]))])
[2024/01/07 06:22:52]  DVGeo PointSet UpToDate: False
[2024/01/07 06:22:52]  Updating DVGeo PointSet....
[2024/01/07 06:22:52]  DVGeo PointSet UpToDate: True
[2024/01/07 06:22:52]  Warping the volume mesh....
[2024/01/07 06:22:52]  Setting up primal boundary conditions based on pyOptions: 
[2024/01/07 06:22:52]  Setting primal boundary conditions...
[2024/01/07 06:22:52]  Setting U = (0.1 0 0) at inlet
[2024/01/07 06:22:52]  Setting primal boundary conditions...
[2024/01/07 06:22:52]  Setting p = 0 at outlet
[2024/01/07 06:22:52]  nuTilda not found, skip it.
[2024/01/07 06:22:52]  Setting nut wall BC for wallBoundary. BCType=nutkWallFunction
[2024/01/07 06:22:52]  Running Primal Solver 074
[2024/01/07 06:22:52]  Previous solution time 1 found and deleted.
[2024/01/07 06:22:52]  No finite volume options present
[2024/01/07 06:22:52]  
[2024/01/07 06:22:52]  Starting time loop
[2024/01/07 06:22:52]  
[2024/01/07 06:22:52]  Checking mesh quality for time = 0
[2024/01/07 06:22:52]      Overall domain bounding box (7.181318501078189e-16 -1.399990449424424e-15 -5.718082257688551e-15) (0.02999999999999962 0.01500000000001617 0.001000000000005718)
[2024/01/07 06:22:52]      Mesh has 3 geometric (non-empty/wedge) directions 3{1}
[2024/01/07 06:22:52]      Mesh has 3 solution (non-empty) directions 3{1}
[2024/01/07 06:22:52]      Boundary openness (-6.947448714353218e-18 9.793123156124281e-19 -3.04020355740097e-16) OK.
[2024/01/07 06:22:52]      Max cell openness = 3.176373552203076e-16 OK.
[2024/01/07 06:22:52]      Max aspect ratio = 3.333333333492265 OK.
[2024/01/07 06:22:52]      Minimum face area = 1.499999999935995e-07. Maximum face area = 5.000000000129904e-07.  Face area magnitudes OK.
[2024/01/07 06:22:52]      Min volume = 1.499999999944929e-10. Max volume = 1.500000000034984e-10.  Total volume = 4.500000000002841e-07.  Cell volumes OK.
[2024/01/07 06:22:52]      Mesh non-orthogonality Max: 0 average: 0
[2024/01/07 06:22:52]      Non-orthogonality check OK.
[2024/01/07 06:22:52]      Face pyramids OK.
[2024/01/07 06:22:52]      Max skewness = 9.432792296734318e-11 OK.
[2024/01/07 06:22:52]      Coupled point location match (average 0) OK.
[2024/01/07 06:22:52]  
[2024/01/07 06:22:52]  Mesh OK.
[2024/01/07 06:22:52]  
[2024/01/07 06:22:52]  Time = 1
[2024/01/07 06:22:52]  
[2024/01/07 06:22:52]  U Initial residual: (6.872026335259653e-08 9.86163206396749e-08 0.001110073540832231)
[2024/01/07 06:22:52]  U   Final residual: (2.540858459119367e-09 4.050174492349163e-09 4.673500274378752e-05)
[2024/01/07 06:22:52]  p Initial residual: 1.448515195711374e-07
[2024/01/07 06:22:52]  p   Final residual: 1.105333229494652e-08
[2024/01/07 06:22:52]  Time step continuity errors : sum local = 4.043954825513415e-08
[2024/01/07 06:22:52]                                   global = -8.313560837630305e-09
[2024/01/07 06:22:52]                               cumulative = 0.001720841978035569
[2024/01/07 06:22:52]  yPlus min: 0 max: 0 mean: 0
[2024/01/07 06:22:52]  PL-part1-totalPressure: 15.24314549162447
[2024/01/07 06:22:52]  PL-part2-totalPressure: -9.601616278284673
[2024/01/07 06:22:52]  VOLUME-part1-variableVolSum: 1.000198436856209e-05
[2024/01/07 06:22:52]  ExecutionTime = 255.34 s  ClockTime = 380 s
[2024/01/07 06:22:52]  
[2024/01/07 06:22:52]  Time = 1
[2024/01/07 06:22:52]  Minimal residual 1.448515195711374e-07 satisfied the prescribed tolerance 1e-06
[2024/01/07 06:22:52]  
[2024/01/07 06:22:52]  PL-part1-totalPressure: 15.24314549162447
[2024/01/07 06:22:52]  PL-part2-totalPressure: -9.601616278284673
[2024/01/07 06:22:52]  VOLUME-part1-variableVolSum: 1.000198436856209e-05
[2024/01/07 06:22:52]  Printing Primal Residual Statistics.
[2024/01/07 06:22:52]  U Residual Norm2: (0.0008013422089893073 0.0002346551887086076 1.154645819960503e-13)
[2024/01/07 06:22:52]  U Residual Mean: (7.517369737315834e-06 2.073663058171391e-06 1.504364324858773e-15)
[2024/01/07 06:22:52]  U Residual Max: (5.086324962366717e-05 3.044705126897806e-05 1.056275074572725e-14)
[2024/01/07 06:22:52]  p Residual Norm2: 9.980269930763149e-05
[2024/01/07 06:22:52]  p Residual Mean: 4.450251288551332e-07
[2024/01/07 06:22:52]  p Residual Max: 6.229814501830695e-05
[2024/01/07 06:22:55]  phi Residual Norm2: 4.832956778651159e-07
[2024/01/07 06:22:55]  phi Residual Mean: 1.380366981623891e-09
[2024/01/07 06:22:55]  phi Residual Max: 3.303495515772379e-08
[2024/01/07 06:22:55]  End
[2024/01/07 06:22:55]  
[2024/01/07 06:22:55]  Objective Functions: 
[2024/01/07 06:22:55]  {'PL': 5.641529213339801, 'VOLUME': 1.000198436856209e-05, 'fail': False}
[2024/01/07 06:22:55]  Flow Runtime: 2.87485
[2024/01/07 06:22:55]  
[2024/01/07 06:22:55]  
[2024/01/07 06:22:55]  +--------------------------------------------------------------------------+
[2024/01/07 06:22:55]  |                  Evaluating Objective Functions 075                      |
[2024/01/07 06:22:55]  +--------------------------------------------------------------------------+
[2024/01/07 06:22:55]  Design Variables: 
[2024/01/07 06:22:55]  OrderedDict([('alphaPorosity', array([  1.9012363625600857,   1.8694757556459303,   1.8396437932469585,
[2024/01/07 06:22:55]         ..., 322.4367132235179   , 323.02447172413827  ,
[2024/01/07 06:22:55]         323.44098033633276  ]))])
[2024/01/07 06:22:55]  DVGeo PointSet UpToDate: False
[2024/01/07 06:22:55]  Updating DVGeo PointSet....
[2024/01/07 06:22:55]  DVGeo PointSet UpToDate: True
[2024/01/07 06:22:55]  Warping the volume mesh....
[2024/01/07 06:22:55]  Setting up primal boundary conditions based on pyOptions: 
[2024/01/07 06:22:55]  Setting primal boundary conditions...
[2024/01/07 06:22:55]  Setting U = (0.1 0 0) at inlet
[2024/01/07 06:22:55]  Setting primal boundary conditions...
[2024/01/07 06:22:55]  Setting p = 0 at outlet
[2024/01/07 06:22:55]  nuTilda not found, skip it.
[2024/01/07 06:22:55]  Setting nut wall BC for wallBoundary. BCType=nutkWallFunction
[2024/01/07 06:22:55]  Running Primal Solver 075
[2024/01/07 06:22:55]  Previous solution time 1 found and deleted.
[2024/01/07 06:22:55]  No finite volume options present
[2024/01/07 06:22:55]  
[2024/01/07 06:22:55]  Starting time loop
[2024/01/07 06:22:55]  
[2024/01/07 06:22:55]  Checking mesh quality for time = 0
[2024/01/07 06:22:55]      Overall domain bounding box (7.181318501078189e-16 -1.399990449424424e-15 -5.718082257688551e-15) (0.02999999999999962 0.01500000000001617 0.001000000000005718)
[2024/01/07 06:22:55]      Mesh has 3 geometric (non-empty/wedge) directions 3{1}
[2024/01/07 06:22:55]      Mesh has 3 solution (non-empty) directions 3{1}
[2024/01/07 06:22:55]      Boundary openness (-6.947448714353218e-18 9.793123156124281e-19 -3.04020355740097e-16) OK.
[2024/01/07 06:22:55]      Max cell openness = 3.176373552203076e-16 OK.
[2024/01/07 06:22:55]      Max aspect ratio = 3.333333333492265 OK.
[2024/01/07 06:22:55]      Minimum face area = 1.499999999935995e-07. Maximum face area = 5.000000000129904e-07.  Face area magnitudes OK.
[2024/01/07 06:22:55]      Min volume = 1.499999999944929e-10. Max volume = 1.500000000034984e-10.  Total volume = 4.500000000002841e-07.  Cell volumes OK.
[2024/01/07 06:22:55]      Mesh non-orthogonality Max: 0 average: 0
[2024/01/07 06:22:55]      Non-orthogonality check OK.
[2024/01/07 06:22:55]      Face pyramids OK.
[2024/01/07 06:22:55]      Max skewness = 9.432792296734318e-11 OK.
[2024/01/07 06:22:55]      Coupled point location match (average 0) OK.
[2024/01/07 06:22:55]  
[2024/01/07 06:22:55]  Mesh OK.
[2024/01/07 06:22:55]  
[2024/01/07 06:22:55]  Time = 1
[2024/01/07 06:22:55]  
[2024/01/07 06:22:55]  U Initial residual: (6.549612323992163e-08 9.344663683635033e-08 0.001123452595749963)
[2024/01/07 06:22:55]  U   Final residual: (2.409015492331286e-09 3.805440869518596e-09 4.503497116944713e-05)
[2024/01/07 06:22:55]  p Initial residual: 1.357299077767239e-07
[2024/01/07 06:22:55]  p   Final residual: 1.060834749708794e-08
[2024/01/07 06:22:55]  Time step continuity errors : sum local = 3.881153929550269e-08
[2024/01/07 06:22:55]                                   global = -7.886875400953726e-09
[2024/01/07 06:22:55]                               cumulative = 0.001720834091160168
[2024/01/07 06:22:55]  yPlus min: 0 max: 0 mean: 0
[2024/01/07 06:22:55]  PL-part1-totalPressure: 15.24314704275987
[2024/01/07 06:22:55]  PL-part2-totalPressure: -9.601616281138915
[2024/01/07 06:22:55]  VOLUME-part1-variableVolSum: 1.000198436856209e-05
[2024/01/07 06:22:55]  ExecutionTime = 256.88 s  ClockTime = 383 s
[2024/01/07 06:22:55]  
[2024/01/07 06:22:55]  Time = 1
[2024/01/07 06:22:55]  Minimal residual 1.357299077767239e-07 satisfied the prescribed tolerance 1e-06
[2024/01/07 06:22:55]  
[2024/01/07 06:22:55]  PL-part1-totalPressure: 15.24314704275987
[2024/01/07 06:22:55]  PL-part2-totalPressure: -9.601616281138915
[2024/01/07 06:22:55]  VOLUME-part1-variableVolSum: 1.000198436856209e-05
[2024/01/07 06:22:55]  Printing Primal Residual Statistics.
[2024/01/07 06:22:55]  U Residual Norm2: (0.0007697949459516132 0.0002245841932430252 1.154729127372196e-13)
[2024/01/07 06:22:55]  U Residual Mean: (7.167259846237674e-06 1.965325395735784e-06 1.488158365499903e-15)
[2024/01/07 06:22:55]  U Residual Max: (4.880535989504331e-05 2.95098277643957e-05 1.099529719678174e-14)
[2024/01/07 06:22:55]  p Residual Norm2: 9.621757712045009e-05
[2024/01/07 06:22:55]  p Residual Mean: 4.178728801665418e-07
[2024/01/07 06:22:55]  p Residual Max: 6.034161074496675e-05
[2024/01/07 06:22:55]  phi Residual Norm2: 4.62959184117723e-07
[2024/01/07 06:22:55]  phi Residual Mean: 1.311918813198895e-09
[2024/01/07 06:22:55]  phi Residual Max: 3.170421104927868e-08
[2024/01/07 06:22:55]  End
[2024/01/07 06:22:55]  
[2024/01/07 06:22:55]  Objective Functions: 
[2024/01/07 06:22:55]  {'PL': 5.641530761620958, 'VOLUME': 1.0001984368562085e-05, 'fail': False}
[2024/01/07 06:22:55]  Flow Runtime: 2.94075
[2024/01/07 06:22:55]  
[2024/01/07 06:22:55]  
[2024/01/07 06:22:55]  +--------------------------------------------------------------------------+
[2024/01/07 06:22:55]  |                  Evaluating Objective Functions 076                      |
[2024/01/07 06:22:55]  +--------------------------------------------------------------------------+
[2024/01/07 06:22:55]  Design Variables: 
[2024/01/07 06:22:55]  OrderedDict([('alphaPorosity', array([  1.9012363625612385,   1.8694757556470494,   1.8396437932480452,
[2024/01/07 06:22:59]         ..., 322.43671322357034  , 323.0244717241918   ,
[2024/01/07 06:22:59]         323.44098033638755  ]))])
[2024/01/07 06:22:59]  DVGeo PointSet UpToDate: False
[2024/01/07 06:22:59]  Updating DVGeo PointSet....
[2024/01/07 06:22:59]  DVGeo PointSet UpToDate: True
[2024/01/07 06:22:59]  Warping the volume mesh....
[2024/01/07 06:22:59]  Setting up primal boundary conditions based on pyOptions: 
[2024/01/07 06:22:59]  Setting primal boundary conditions...
[2024/01/07 06:22:59]  Setting U = (0.1 0 0) at inlet
[2024/01/07 06:22:59]  Setting primal boundary conditions...
[2024/01/07 06:22:59]  Setting p = 0 at outlet
[2024/01/07 06:22:59]  nuTilda not found, skip it.
[2024/01/07 06:22:59]  Setting nut wall BC for wallBoundary. BCType=nutkWallFunction
[2024/01/07 06:22:59]  Running Primal Solver 076
[2024/01/07 06:22:59]  Previous solution time 1 found and deleted.
[2024/01/07 06:22:59]  No finite volume options present
[2024/01/07 06:22:59]  
[2024/01/07 06:22:59]  Starting time loop
[2024/01/07 06:22:59]  
[2024/01/07 06:22:59]  Checking mesh quality for time = 0
[2024/01/07 06:22:59]      Overall domain bounding box (7.181318501078189e-16 -1.399990449424424e-15 -5.718082257688551e-15) (0.02999999999999962 0.01500000000001617 0.001000000000005718)
[2024/01/07 06:22:59]      Mesh has 3 geometric (non-empty/wedge) directions 3{1}
[2024/01/07 06:22:59]      Mesh has 3 solution (non-empty) directions 3{1}
[2024/01/07 06:22:59]      Boundary openness (-6.947448714353218e-18 9.793123156124281e-19 -3.04020355740097e-16) OK.
[2024/01/07 06:22:59]      Max cell openness = 3.176373552203076e-16 OK.
[2024/01/07 06:22:59]      Max aspect ratio = 3.333333333492265 OK.
[2024/01/07 06:22:59]      Minimum face area = 1.499999999935995e-07. Maximum face area = 5.000000000129904e-07.  Face area magnitudes OK.
[2024/01/07 06:22:59]      Min volume = 1.499999999944929e-10. Max volume = 1.500000000034984e-10.  Total volume = 4.500000000002841e-07.  Cell volumes OK.
[2024/01/07 06:22:59]      Mesh non-orthogonality Max: 0 average: 0
[2024/01/07 06:22:59]      Non-orthogonality check OK.
[2024/01/07 06:22:59]      Face pyramids OK.
[2024/01/07 06:22:59]      Max skewness = 9.432792296734318e-11 OK.
[2024/01/07 06:22:59]      Coupled point location match (average 0) OK.
[2024/01/07 06:22:59]  
[2024/01/07 06:22:59]  Mesh OK.
[2024/01/07 06:22:59]  
[2024/01/07 06:22:59]  Time = 1
[2024/01/07 06:22:59]  
[2024/01/07 06:22:59]  U Initial residual: (6.244485649974868e-08 8.856254308435143e-08 0.001111304088338884)
[2024/01/07 06:22:59]  U   Final residual: (2.284740107595496e-09 3.57556338907979e-09 4.34596172527743e-05)
[2024/01/07 06:22:59]  p Initial residual: 1.268742397980466e-07
[2024/01/07 06:22:59]  p   Final residual: 1.001326416456587e-08
[2024/01/07 06:22:59]  Time step continuity errors : sum local = 3.663438304205541e-08
[2024/01/07 06:22:59]                                   global = -7.56554882945605e-09
[2024/01/07 06:22:59]                               cumulative = 0.001720826525611338
[2024/01/07 06:22:59]  yPlus min: 0 max: 0 mean: 0
[2024/01/07 06:22:59]  PL-part1-totalPressure: 15.24314849210444
[2024/01/07 06:22:59]  PL-part2-totalPressure: -9.601616280277218
[2024/01/07 06:22:59]  VOLUME-part1-variableVolSum: 1.000198436856209e-05
[2024/01/07 06:22:59]  ExecutionTime = 258.36 s  ClockTime = 386 s
[2024/01/07 06:22:59]  
[2024/01/07 06:22:59]  Time = 1
[2024/01/07 06:22:59]  Minimal residual 1.268742397980466e-07 satisfied the prescribed tolerance 1e-06
[2024/01/07 06:22:59]  
[2024/01/07 06:22:59]  PL-part1-totalPressure: 15.24314849210444
[2024/01/07 06:22:59]  PL-part2-totalPressure: -9.601616280277218
[2024/01/07 06:22:59]  VOLUME-part1-variableVolSum: 1.000198436856209e-05
[2024/01/07 06:22:59]  Printing Primal Residual Statistics.
[2024/01/07 06:22:59]  U Residual Norm2: (0.0007393765052295545 0.0002151474115311931 1.137418289661427e-13)
[2024/01/07 06:22:59]  U Residual Mean: (6.833213373231928e-06 1.865926394096293e-06 1.462750440896548e-15)
[2024/01/07 06:22:59]  U Residual Max: (4.685065506593311e-05 2.859679041777863e-05 9.863091414469158e-15)
[2024/01/07 06:22:59]  p Residual Norm2: 9.284969615467852e-05
[2024/01/07 06:22:59]  p Residual Mean: 3.925241147477163e-07
[2024/01/07 06:22:59]  p Residual Max: 5.846170047272774e-05
[2024/01/07 06:22:59]  phi Residual Norm2: 4.434908300470755e-07
[2024/01/07 06:22:59]  phi Residual Mean: 1.247278022295767e-09
[2024/01/07 06:22:59]  phi Residual Max: 3.041357291856464e-08
[2024/01/07 06:22:59]  End
[2024/01/07 06:22:59]  
[2024/01/07 06:22:59]  Objective Functions: 
[2024/01/07 06:22:59]  {'PL': 5.64153221182722, 'VOLUME': 1.0001984368562085e-05, 'fail': False}
[2024/01/07 06:22:59]  Flow Runtime: 2.88132
[2024/01/07 06:22:59]  
[2024/01/07 06:22:59]  
[2024/01/07 06:22:59]  +--------------------------------------------------------------------------+
[2024/01/07 06:22:59]  |                  Evaluating Objective Functions 077                      |
[2024/01/07 06:22:59]  +--------------------------------------------------------------------------+
[2024/01/07 06:22:59]  Design Variables: 
[2024/01/07 06:22:59]  OrderedDict([('alphaPorosity', array([  1.901236362561815 ,   1.8694757556476091,   1.8396437932485885,
[2024/01/07 06:22:59]         ..., 322.43671322359654  , 323.02447172421853  ,
[2024/01/07 06:22:59]         323.44098033641495  ]))])
[2024/01/07 06:22:59]  DVGeo PointSet UpToDate: False
[2024/01/07 06:22:59]  Updating DVGeo PointSet....
[2024/01/07 06:22:59]  DVGeo PointSet UpToDate: True
[2024/01/07 06:22:59]  Warping the volume mesh....
[2024/01/07 06:22:59]  Setting up primal boundary conditions based on pyOptions: 
[2024/01/07 06:22:59]  Setting primal boundary conditions...
[2024/01/07 06:22:59]  Setting U = (0.1 0 0) at inlet
[2024/01/07 06:22:59]  Setting primal boundary conditions...
[2024/01/07 06:22:59]  Setting p = 0 at outlet
[2024/01/07 06:22:59]  nuTilda not found, skip it.
[2024/01/07 06:22:59]  Setting nut wall BC for wallBoundary. BCType=nutkWallFunction
[2024/01/07 06:22:59]  Running Primal Solver 077
[2024/01/07 06:22:59]  Previous solution time 1 found and deleted.
[2024/01/07 06:22:59]  No finite volume options present
[2024/01/07 06:22:59]  
[2024/01/07 06:22:59]  Starting time loop
[2024/01/07 06:22:59]  
[2024/01/07 06:23:03]  Checking mesh quality for time = 0
[2024/01/07 06:23:03]      Overall domain bounding box (7.181318501078189e-16 -1.399990449424424e-15 -5.718082257688551e-15) (0.02999999999999962 0.01500000000001617 0.001000000000005718)
[2024/01/07 06:23:03]      Mesh has 3 geometric (non-empty/wedge) directions 3{1}
[2024/01/07 06:23:03]      Mesh has 3 solution (non-empty) directions 3{1}
[2024/01/07 06:23:03]      Boundary openness (-6.947448714353218e-18 9.793123156124281e-19 -3.04020355740097e-16) OK.
[2024/01/07 06:23:03]      Max cell openness = 3.176373552203076e-16 OK.
[2024/01/07 06:23:03]      Max aspect ratio = 3.333333333492265 OK.
[2024/01/07 06:23:03]      Minimum face area = 1.499999999935995e-07. Maximum face area = 5.000000000129904e-07.  Face area magnitudes OK.
[2024/01/07 06:23:03]      Min volume = 1.499999999944929e-10. Max volume = 1.500000000034984e-10.  Total volume = 4.500000000002841e-07.  Cell volumes OK.
[2024/01/07 06:23:03]      Mesh non-orthogonality Max: 0 average: 0
[2024/01/07 06:23:03]      Non-orthogonality check OK.
[2024/01/07 06:23:03]      Face pyramids OK.
[2024/01/07 06:23:03]      Max skewness = 9.432792296734318e-11 OK.
[2024/01/07 06:23:03]      Coupled point location match (average 0) OK.
[2024/01/07 06:23:03]  
[2024/01/07 06:23:03]  Mesh OK.
[2024/01/07 06:23:03]  
[2024/01/07 06:23:03]  Time = 1
[2024/01/07 06:23:03]  
[2024/01/07 06:23:03]  U Initial residual: (5.953367641256669e-08 8.408126929792274e-08 0.001092521901827591)
[2024/01/07 06:23:03]  U   Final residual: (2.166811045090283e-09 3.368322117903624e-09 4.364717927650941e-05)
[2024/01/07 06:23:03]  p Initial residual: 1.189483696703158e-07
[2024/01/07 06:23:03]  p   Final residual: 9.388374260925013e-09
[2024/01/07 06:23:03]  Time step continuity errors : sum local = 3.434817329817187e-08
[2024/01/07 06:23:03]                                   global = -7.337629435657674e-09
[2024/01/07 06:23:03]                               cumulative = 0.001720819187981903
[2024/01/07 06:23:03]  yPlus min: 0 max: 0 mean: 0
[2024/01/07 06:23:03]  PL-part1-totalPressure: 15.24314987318031
[2024/01/07 06:23:03]  PL-part2-totalPressure: -9.601616274521263
[2024/01/07 06:23:03]  VOLUME-part1-variableVolSum: 1.000198436856209e-05
[2024/01/07 06:23:03]  ExecutionTime = 259.9 s  ClockTime = 389 s
[2024/01/07 06:23:03]  
[2024/01/07 06:23:03]  Time = 1
[2024/01/07 06:23:03]  Minimal residual 1.189483696703158e-07 satisfied the prescribed tolerance 1e-06
[2024/01/07 06:23:03]  
[2024/01/07 06:23:03]  PL-part1-totalPressure: 15.24314987318031
[2024/01/07 06:23:03]  PL-part2-totalPressure: -9.601616274521263
[2024/01/07 06:23:03]  VOLUME-part1-variableVolSum: 1.000198436856209e-05
[2024/01/07 06:23:03]  Printing Primal Residual Statistics.
[2024/01/07 06:23:03]  U Residual Norm2: (0.0007099781457218355 0.0002064271172135583 1.139498007280678e-13)
[2024/01/07 06:23:03]  U Residual Mean: (6.513297497918848e-06 1.774159895715756e-06 1.460625811275564e-15)
[2024/01/07 06:23:03]  U Residual Max: (4.517907560219747e-05 2.770189719536464e-05 9.61777138141855e-15)
[2024/01/07 06:23:03]  p Residual Norm2: 8.969887333312269e-05
[2024/01/07 06:23:03]  p Residual Mean: 3.704547914818539e-07
[2024/01/07 06:23:03]  p Residual Max: 5.661678721958913e-05
[2024/01/07 06:23:03]  phi Residual Norm2: 4.248578823243644e-07
[2024/01/07 06:23:03]  phi Residual Mean: 1.186851058834769e-09
[2024/01/07 06:23:03]  phi Residual Max: 2.916909840111329e-08
[2024/01/07 06:23:03]  End
[2024/01/07 06:23:03]  
[2024/01/07 06:23:03]  Objective Functions: 
[2024/01/07 06:23:03]  {'PL': 5.641533598659052, 'VOLUME': 1.0001984368562085e-05, 'fail': False}
[2024/01/07 06:23:03]  Flow Runtime: 2.90089
[2024/01/07 06:23:03]  
[2024/01/07 06:23:03]  
[2024/01/07 06:23:03]  +--------------------------------------------------------------------------+
[2024/01/07 06:23:03]  |                  Evaluating Objective Functions 078                      |
[2024/01/07 06:23:03]  +--------------------------------------------------------------------------+
[2024/01/07 06:23:03]  Design Variables: 
[2024/01/07 06:23:03]  OrderedDict([('alphaPorosity', array([  1.9012363625621032,   1.8694757556478891,   1.83964379324886  ,
[2024/01/07 06:23:03]         ..., 322.4367132236097   , 323.02447172423194  ,
[2024/01/07 06:23:03]         323.4409803364286   ]))])
[2024/01/07 06:23:03]  DVGeo PointSet UpToDate: False
[2024/01/07 06:23:03]  Updating DVGeo PointSet....
[2024/01/07 06:23:03]  DVGeo PointSet UpToDate: True
[2024/01/07 06:23:03]  Warping the volume mesh....
[2024/01/07 06:23:03]  Setting up primal boundary conditions based on pyOptions: 
[2024/01/07 06:23:03]  Setting primal boundary conditions...
[2024/01/07 06:23:03]  Setting U = (0.1 0 0) at inlet
[2024/01/07 06:23:03]  Setting primal boundary conditions...
[2024/01/07 06:23:03]  Setting p = 0 at outlet
[2024/01/07 06:23:03]  nuTilda not found, skip it.
[2024/01/07 06:23:03]  Setting nut wall BC for wallBoundary. BCType=nutkWallFunction
[2024/01/07 06:23:03]  Running Primal Solver 078
[2024/01/07 06:23:03]  Previous solution time 1 found and deleted.
[2024/01/07 06:23:03]  No finite volume options present
[2024/01/07 06:23:03]  
[2024/01/07 06:23:03]  Starting time loop
[2024/01/07 06:23:03]  
[2024/01/07 06:23:03]  Checking mesh quality for time = 0
[2024/01/07 06:23:03]      Overall domain bounding box (7.181318501078189e-16 -1.399990449424424e-15 -5.718082257688551e-15) (0.02999999999999962 0.01500000000001617 0.001000000000005718)
[2024/01/07 06:23:03]      Mesh has 3 geometric (non-empty/wedge) directions 3{1}
[2024/01/07 06:23:03]      Mesh has 3 solution (non-empty) directions 3{1}
[2024/01/07 06:23:03]      Boundary openness (-6.947448714353218e-18 9.793123156124281e-19 -3.04020355740097e-16) OK.
[2024/01/07 06:23:03]      Max cell openness = 3.176373552203076e-16 OK.
[2024/01/07 06:23:03]      Max aspect ratio = 3.333333333492265 OK.
[2024/01/07 06:23:03]      Minimum face area = 1.499999999935995e-07. Maximum face area = 5.000000000129904e-07.  Face area magnitudes OK.
[2024/01/07 06:23:07]      Min volume = 1.499999999944929e-10. Max volume = 1.500000000034984e-10.  Total volume = 4.500000000002841e-07.  Cell volumes OK.
[2024/01/07 06:23:07]      Mesh non-orthogonality Max: 0 average: 0
[2024/01/07 06:23:07]      Non-orthogonality check OK.
[2024/01/07 06:23:07]      Face pyramids OK.
[2024/01/07 06:23:07]      Max skewness = 9.432792296734318e-11 OK.
[2024/01/07 06:23:07]      Coupled point location match (average 0) OK.
[2024/01/07 06:23:07]  
[2024/01/07 06:23:07]  Mesh OK.
[2024/01/07 06:23:07]  
[2024/01/07 06:23:07]  Time = 1
[2024/01/07 06:23:07]  
[2024/01/07 06:23:07]  U Initial residual: (5.674572728897265e-08 7.994456482193254e-08 0.001090842610530896)
[2024/01/07 06:23:07]  U   Final residual: (2.054886043666608e-09 3.182110754626977e-09 4.584845782127185e-05)
[2024/01/07 06:23:07]  p Initial residual: 1.125548668787754e-07
[2024/01/07 06:23:07]  p   Final residual: 8.911064123151836e-09
[2024/01/07 06:23:07]  Time step continuity errors : sum local = 3.260189577287663e-08
[2024/01/07 06:23:07]                                   global = -7.146815505645405e-09
[2024/01/07 06:23:07]                               cumulative = 0.001720812041166397
[2024/01/07 06:23:07]  yPlus min: 0 max: 0 mean: 0
[2024/01/07 06:23:07]  PL-part1-totalPressure: 15.24315118996117
[2024/01/07 06:23:07]  PL-part2-totalPressure: -9.601616264248669
[2024/01/07 06:23:07]  VOLUME-part1-variableVolSum: 1.000198436856209e-05
[2024/01/07 06:23:07]  ExecutionTime = 261.42 s  ClockTime = 392 s
[2024/01/07 06:23:07]  
[2024/01/07 06:23:07]  Time = 1
[2024/01/07 06:23:07]  Minimal residual 1.125548668787754e-07 satisfied the prescribed tolerance 1e-06
[2024/01/07 06:23:07]  
[2024/01/07 06:23:07]  PL-part1-totalPressure: 15.24315118996117
[2024/01/07 06:23:07]  PL-part2-totalPressure: -9.601616264248669
[2024/01/07 06:23:07]  VOLUME-part1-variableVolSum: 1.000198436856209e-05
[2024/01/07 06:23:07]  Printing Primal Residual Statistics.
[2024/01/07 06:23:07]  U Residual Norm2: (0.0006815889741733363 0.0001982252326643933 1.140758018755308e-13)
[2024/01/07 06:23:07]  U Residual Mean: (6.210433586252863e-06 1.687996466255914e-06 1.460499493196922e-15)
[2024/01/07 06:23:07]  U Residual Max: (4.352825186448861e-05 2.682551081079065e-05 1.155602427050154e-14)
[2024/01/07 06:23:07]  p Residual Norm2: 8.674119997090054e-05
[2024/01/07 06:23:07]  p Residual Mean: 3.511341664979638e-07
[2024/01/07 06:23:07]  p Residual Max: 5.479915087580676e-05
[2024/01/07 06:23:07]  phi Residual Norm2: 4.070051221267956e-07
[2024/01/07 06:23:07]  phi Residual Mean: 1.130016664823448e-09
[2024/01/07 06:23:07]  phi Residual Max: 2.79691836665088e-08
[2024/01/07 06:23:07]  End
[2024/01/07 06:23:07]  
[2024/01/07 06:23:07]  Objective Functions: 
[2024/01/07 06:23:07]  {'PL': 5.641534925712502, 'VOLUME': 1.0001984368562085e-05, 'fail': False}
[2024/01/07 06:23:07]  Flow Runtime: 2.88566
[2024/01/07 06:23:07]  
[2024/01/07 06:23:07]  
[2024/01/07 06:23:07]  +--------------------------------------------------------------------------+
[2024/01/07 06:23:07]  |                  Evaluating Objective Functions 079                      |
[2024/01/07 06:23:07]  +--------------------------------------------------------------------------+
[2024/01/07 06:23:07]  Design Variables: 
[2024/01/07 06:23:07]  OrderedDict([('alphaPorosity', array([  1.901236362562247,   1.869475755648029,   1.839643793248996, ...,
[2024/01/07 06:23:07]         322.43671322361627 , 323.02447172423865 , 323.4409803364354  ]))])
[2024/01/07 06:23:07]  DVGeo PointSet UpToDate: False
[2024/01/07 06:23:07]  Updating DVGeo PointSet....
[2024/01/07 06:23:07]  DVGeo PointSet UpToDate: True
[2024/01/07 06:23:07]  Warping the volume mesh....
[2024/01/07 06:23:07]  Setting up primal boundary conditions based on pyOptions: 
[2024/01/07 06:23:07]  Setting primal boundary conditions...
[2024/01/07 06:23:07]  Setting U = (0.1 0 0) at inlet
[2024/01/07 06:23:07]  Setting primal boundary conditions...
[2024/01/07 06:23:07]  Setting p = 0 at outlet
[2024/01/07 06:23:07]  nuTilda not found, skip it.
[2024/01/07 06:23:07]  Setting nut wall BC for wallBoundary. BCType=nutkWallFunction
[2024/01/07 06:23:07]  Running Primal Solver 079
[2024/01/07 06:23:07]  Previous solution time 1 found and deleted.
[2024/01/07 06:23:07]  No finite volume options present
[2024/01/07 06:23:07]  
[2024/01/07 06:23:07]  Starting time loop
[2024/01/07 06:23:07]  
[2024/01/07 06:23:07]  Checking mesh quality for time = 0
[2024/01/07 06:23:07]      Overall domain bounding box (7.181318501078189e-16 -1.399990449424424e-15 -5.718082257688551e-15) (0.02999999999999962 0.01500000000001617 0.001000000000005718)
[2024/01/07 06:23:07]      Mesh has 3 geometric (non-empty/wedge) directions 3{1}
[2024/01/07 06:23:07]      Mesh has 3 solution (non-empty) directions 3{1}
[2024/01/07 06:23:07]      Boundary openness (-6.947448714353218e-18 9.793123156124281e-19 -3.04020355740097e-16) OK.
[2024/01/07 06:23:07]      Max cell openness = 3.176373552203076e-16 OK.
[2024/01/07 06:23:07]      Max aspect ratio = 3.333333333492265 OK.
[2024/01/07 06:23:07]      Minimum face area = 1.499999999935995e-07. Maximum face area = 5.000000000129904e-07.  Face area magnitudes OK.
[2024/01/07 06:23:07]      Min volume = 1.499999999944929e-10. Max volume = 1.500000000034984e-10.  Total volume = 4.500000000002841e-07.  Cell volumes OK.
[2024/01/07 06:23:07]      Mesh non-orthogonality Max: 0 average: 0
[2024/01/07 06:23:07]      Non-orthogonality check OK.
[2024/01/07 06:23:07]      Face pyramids OK.
[2024/01/07 06:23:07]      Max skewness = 9.432792296734318e-11 OK.
[2024/01/07 06:23:07]      Coupled point location match (average 0) OK.
[2024/01/07 06:23:07]  
[2024/01/07 06:23:07]  Mesh OK.
[2024/01/07 06:23:07]  
[2024/01/07 06:23:07]  Time = 1
[2024/01/07 06:23:07]  
[2024/01/07 06:23:07]  U Initial residual: (5.410644442019107e-08 7.606101339777029e-08 0.001090758212803554)
[2024/01/07 06:23:07]  U   Final residual: (1.94851256822869e-09 3.00926643825841e-09 4.384140353706494e-05)
[2024/01/07 06:23:07]  p Initial residual: 1.070346412668562e-07
[2024/01/07 06:23:07]  p   Final residual: 8.63059157175612e-09
[2024/01/07 06:23:10]  Time step continuity errors : sum local = 3.157576449861968e-08
[2024/01/07 06:23:10]                                   global = -6.947864609651716e-09
[2024/01/07 06:23:10]                               cumulative = 0.001720805093301787
[2024/01/07 06:23:10]  yPlus min: 0 max: 0 mean: 0
[2024/01/07 06:23:10]  PL-part1-totalPressure: 15.24315242648005
[2024/01/07 06:23:10]  PL-part2-totalPressure: -9.601616250848283
[2024/01/07 06:23:10]  VOLUME-part1-variableVolSum: 1.000198436856209e-05
[2024/01/07 06:23:10]  ExecutionTime = 262.93 s  ClockTime = 395 s
[2024/01/07 06:23:10]  
[2024/01/07 06:23:10]  Time = 1
[2024/01/07 06:23:10]  Minimal residual 1.070346412668562e-07 satisfied the prescribed tolerance 1e-06
[2024/01/07 06:23:10]  
[2024/01/07 06:23:10]  PL-part1-totalPressure: 15.24315242648005
[2024/01/07 06:23:10]  PL-part2-totalPressure: -9.601616250848283
[2024/01/07 06:23:10]  VOLUME-part1-variableVolSum: 1.000198436856209e-05
[2024/01/07 06:23:10]  Printing Primal Residual Statistics.
[2024/01/07 06:23:10]  U Residual Norm2: (0.0006542301303676026 0.0001902836822259267 1.177076858446896e-13)
[2024/01/07 06:23:10]  U Residual Mean: (5.92571722902494e-06 1.606050541355072e-06 1.535677648301041e-15)
[2024/01/07 06:23:10]  U Residual Max: (4.189575939794743e-05 2.596940337917797e-05 1.001476449507228e-14)
[2024/01/07 06:23:10]  p Residual Norm2: 8.392925383112749e-05
[2024/01/07 06:23:10]  p Residual Mean: 3.331167019955636e-07
[2024/01/07 06:23:10]  p Residual Max: 5.302461188822388e-05
[2024/01/07 06:23:10]  phi Residual Norm2: 3.898670059817999e-07
[2024/01/07 06:23:10]  phi Residual Mean: 1.075839018029372e-09
[2024/01/07 06:23:10]  phi Residual Max: 2.680582795916875e-08
[2024/01/07 06:23:10]  End
[2024/01/07 06:23:10]  
[2024/01/07 06:23:10]  Objective Functions: 
[2024/01/07 06:23:10]  {'PL': 5.641536175631771, 'VOLUME': 1.0001984368562085e-05, 'fail': False}
[2024/01/07 06:23:10]  Flow Runtime: 2.96103
[2024/01/07 06:23:10]  
[2024/01/07 06:23:10]  
[2024/01/07 06:23:10]  +--------------------------------------------------------------------------+
[2024/01/07 06:23:10]  |                  Evaluating Objective Functions 080                      |
[2024/01/07 06:23:10]  +--------------------------------------------------------------------------+
[2024/01/07 06:23:10]  Design Variables: 
[2024/01/07 06:23:10]  OrderedDict([('alphaPorosity', array([  1.9012363625623192,   1.869475755648099 ,   1.8396437932490637,
[2024/01/07 06:23:10]         ..., 322.4367132236195   , 323.024471724242    ,
[2024/01/07 06:23:10]         323.4409803364389   ]))])
[2024/01/07 06:23:10]  DVGeo PointSet UpToDate: False
[2024/01/07 06:23:10]  Updating DVGeo PointSet....
[2024/01/07 06:23:10]  DVGeo PointSet UpToDate: True
[2024/01/07 06:23:10]  Warping the volume mesh....
[2024/01/07 06:23:10]  Setting up primal boundary conditions based on pyOptions: 
[2024/01/07 06:23:10]  Setting primal boundary conditions...
[2024/01/07 06:23:10]  Setting U = (0.1 0 0) at inlet
[2024/01/07 06:23:10]  Setting primal boundary conditions...
[2024/01/07 06:23:10]  Setting p = 0 at outlet
[2024/01/07 06:23:10]  nuTilda not found, skip it.
[2024/01/07 06:23:10]  Setting nut wall BC for wallBoundary. BCType=nutkWallFunction
[2024/01/07 06:23:10]  Running Primal Solver 080
[2024/01/07 06:23:10]  Previous solution time 1 found and deleted.
[2024/01/07 06:23:10]  No finite volume options present
[2024/01/07 06:23:10]  
[2024/01/07 06:23:10]  Starting time loop
[2024/01/07 06:23:10]  
[2024/01/07 06:23:10]  Checking mesh quality for time = 0
[2024/01/07 06:23:10]      Overall domain bounding box (7.181318501078189e-16 -1.399990449424424e-15 -5.718082257688551e-15) (0.02999999999999962 0.01500000000001617 0.001000000000005718)
[2024/01/07 06:23:10]      Mesh has 3 geometric (non-empty/wedge) directions 3{1}
[2024/01/07 06:23:10]      Mesh has 3 solution (non-empty) directions 3{1}
[2024/01/07 06:23:10]      Boundary openness (-6.947448714353218e-18 9.793123156124281e-19 -3.04020355740097e-16) OK.
[2024/01/07 06:23:10]      Max cell openness = 3.176373552203076e-16 OK.
[2024/01/07 06:23:10]      Max aspect ratio = 3.333333333492265 OK.
[2024/01/07 06:23:10]      Minimum face area = 1.499999999935995e-07. Maximum face area = 5.000000000129904e-07.  Face area magnitudes OK.
[2024/01/07 06:23:10]      Min volume = 1.499999999944929e-10. Max volume = 1.500000000034984e-10.  Total volume = 4.500000000002841e-07.  Cell volumes OK.
[2024/01/07 06:23:10]      Mesh non-orthogonality Max: 0 average: 0
[2024/01/07 06:23:10]      Non-orthogonality check OK.
[2024/01/07 06:23:10]      Face pyramids OK.
[2024/01/07 06:23:10]      Max skewness = 9.432792296734318e-11 OK.
[2024/01/07 06:23:10]      Coupled point location match (average 0) OK.
[2024/01/07 06:23:10]  
[2024/01/07 06:23:10]  Mesh OK.
[2024/01/07 06:23:10]  
[2024/01/07 06:23:10]  Time = 1
[2024/01/07 06:23:10]  
[2024/01/07 06:23:10]  U Initial residual: (5.162535070663684e-08 7.236778907565731e-08 0.001147006687349558)
[2024/01/07 06:23:10]  U   Final residual: (1.847869816004152e-09 2.845482944930815e-09 4.735784184889738e-05)
[2024/01/07 06:23:10]  p Initial residual: 1.016078579100274e-07
[2024/01/07 06:23:10]  p   Final residual: 8.445318891436809e-09
[2024/01/07 06:23:10]  Time step continuity errors : sum local = 3.089793163707071e-08
[2024/01/07 06:23:10]                                   global = -6.725798208479313e-09
[2024/01/07 06:23:10]                               cumulative = 0.001720798367503579
[2024/01/07 06:23:10]  yPlus min: 0 max: 0 mean: 0
[2024/01/07 06:23:10]  PL-part1-totalPressure: 15.24315356930863
[2024/01/07 06:23:10]  PL-part2-totalPressure: -9.601616235586953
[2024/01/07 06:23:10]  VOLUME-part1-variableVolSum: 1.000198436856209e-05
[2024/01/07 06:23:10]  ExecutionTime = 264.43 s  ClockTime = 398 s
[2024/01/07 06:23:10]  
[2024/01/07 06:23:10]  Time = 1
[2024/01/07 06:23:10]  Minimal residual 1.016078579100274e-07 satisfied the prescribed tolerance 1e-06
[2024/01/07 06:23:10]  
[2024/01/07 06:23:10]  PL-part1-totalPressure: 15.24315356930863
[2024/01/07 06:23:10]  PL-part2-totalPressure: -9.601616235586953
[2024/01/07 06:23:13]  VOLUME-part1-variableVolSum: 1.000198436856209e-05
[2024/01/07 06:23:13]  Printing Primal Residual Statistics.
[2024/01/07 06:23:13]  U Residual Norm2: (0.0006278875680280433 0.0001824847755344127 1.142822229346829e-13)
[2024/01/07 06:23:13]  U Residual Mean: (5.654241297128694e-06 1.52784182905058e-06 1.492700033441779e-15)
[2024/01/07 06:23:13]  U Residual Max: (4.038520988380867e-05 2.513328211539712e-05 1.087771028167446e-14)
[2024/01/07 06:23:13]  p Residual Norm2: 8.122104729059581e-05
[2024/01/07 06:23:13]  p Residual Mean: 3.153054499771269e-07
[2024/01/07 06:23:13]  p Residual Max: 5.131044087261742e-05
[2024/01/07 06:23:13]  phi Residual Norm2: 3.733895811431332e-07
[2024/01/07 06:23:13]  phi Residual Mean: 1.023625847340811e-09
[2024/01/07 06:23:13]  phi Residual Max: 2.566939646460658e-08
[2024/01/07 06:23:13]  End
[2024/01/07 06:23:13]  
[2024/01/07 06:23:13]  Objective Functions: 
[2024/01/07 06:23:13]  {'PL': 5.641537333721674, 'VOLUME': 1.0001984368562085e-05, 'fail': False}
[2024/01/07 06:23:13]  Flow Runtime: 2.85841
[2024/01/07 06:23:13]  
[2024/01/07 06:23:13]  
[2024/01/07 06:23:13]  +--------------------------------------------------------------------------+
[2024/01/07 06:23:13]  |                  Evaluating Objective Functions 081                      |
[2024/01/07 06:23:13]  +--------------------------------------------------------------------------+
[2024/01/07 06:23:13]  Design Variables: 
[2024/01/07 06:23:13]  OrderedDict([('alphaPorosity', array([  1.9012363625623552,   1.8694757556481338,   1.8396437932490979,
[2024/01/07 06:23:13]         ..., 322.4367132236211   , 323.02447172424365  ,
[2024/01/07 06:23:13]         323.44098033644053  ]))])
[2024/01/07 06:23:13]  DVGeo PointSet UpToDate: False
[2024/01/07 06:23:13]  Updating DVGeo PointSet....
[2024/01/07 06:23:13]  DVGeo PointSet UpToDate: True
[2024/01/07 06:23:13]  Warping the volume mesh....
[2024/01/07 06:23:13]  Setting up primal boundary conditions based on pyOptions: 
[2024/01/07 06:23:13]  Setting primal boundary conditions...
[2024/01/07 06:23:13]  Setting U = (0.1 0 0) at inlet
[2024/01/07 06:23:13]  Setting primal boundary conditions...
[2024/01/07 06:23:13]  Setting p = 0 at outlet
[2024/01/07 06:23:13]  nuTilda not found, skip it.
[2024/01/07 06:23:13]  Setting nut wall BC for wallBoundary. BCType=nutkWallFunction
[2024/01/07 06:23:13]  Running Primal Solver 081
[2024/01/07 06:23:13]  Previous solution time 1 found and deleted.
[2024/01/07 06:23:13]  No finite volume options present
[2024/01/07 06:23:13]  
[2024/01/07 06:23:13]  Starting time loop
[2024/01/07 06:23:13]  
[2024/01/07 06:23:13]  Checking mesh quality for time = 0
[2024/01/07 06:23:13]      Overall domain bounding box (7.181318501078189e-16 -1.399990449424424e-15 -5.718082257688551e-15) (0.02999999999999962 0.01500000000001617 0.001000000000005718)
[2024/01/07 06:23:13]      Mesh has 3 geometric (non-empty/wedge) directions 3{1}
[2024/01/07 06:23:13]      Mesh has 3 solution (non-empty) directions 3{1}
[2024/01/07 06:23:13]      Boundary openness (-6.947448714353218e-18 9.793123156124281e-19 -3.04020355740097e-16) OK.
[2024/01/07 06:23:13]      Max cell openness = 3.176373552203076e-16 OK.
[2024/01/07 06:23:13]      Max aspect ratio = 3.333333333492265 OK.
[2024/01/07 06:23:13]      Minimum face area = 1.499999999935995e-07. Maximum face area = 5.000000000129904e-07.  Face area magnitudes OK.
[2024/01/07 06:23:13]      Min volume = 1.499999999944929e-10. Max volume = 1.500000000034984e-10.  Total volume = 4.500000000002841e-07.  Cell volumes OK.
[2024/01/07 06:23:13]      Mesh non-orthogonality Max: 0 average: 0
[2024/01/07 06:23:13]      Non-orthogonality check OK.
[2024/01/07 06:23:13]      Face pyramids OK.
[2024/01/07 06:23:13]      Max skewness = 9.432792296734318e-11 OK.
[2024/01/07 06:23:13]      Coupled point location match (average 0) OK.
[2024/01/07 06:23:13]  
[2024/01/07 06:23:13]  Mesh OK.
[2024/01/07 06:23:13]  
[2024/01/07 06:23:13]  Time = 1
[2024/01/07 06:23:13]  
[2024/01/07 06:23:13]  U Initial residual: (4.925968151339975e-08 6.884287687485764e-08 0.00111503211328973)
[2024/01/07 06:23:13]  U   Final residual: (1.752651152852006e-09 2.68851207725663e-09 4.95831926971381e-05)
[2024/01/07 06:23:13]  p Initial residual: 9.61357616939915e-08
[2024/01/07 06:23:13]  p   Final residual: 8.241686401296441e-09
[2024/01/07 06:23:13]  Time step continuity errors : sum local = 3.015292967102564e-08
[2024/01/07 06:23:13]                                   global = -6.484636547755247e-09
[2024/01/07 06:23:13]                               cumulative = 0.001720791882867031
[2024/01/07 06:23:13]  yPlus min: 0 max: 0 mean: 0
[2024/01/07 06:23:13]  PL-part1-totalPressure: 15.24315462171018
[2024/01/07 06:23:13]  PL-part2-totalPressure: -9.601616218865317
[2024/01/07 06:23:13]  VOLUME-part1-variableVolSum: 1.000198436856208e-05
[2024/01/07 06:23:13]  ExecutionTime = 265.96 s  ClockTime = 401 s
[2024/01/07 06:23:13]  
[2024/01/07 06:23:13]  Time = 1
[2024/01/07 06:23:13]  Minimal residual 9.61357616939915e-08 satisfied the prescribed tolerance 1e-06
[2024/01/07 06:23:13]  
[2024/01/07 06:23:13]  PL-part1-totalPressure: 15.24315462171018
[2024/01/07 06:23:13]  PL-part2-totalPressure: -9.601616218865317
[2024/01/07 06:23:13]  VOLUME-part1-variableVolSum: 1.000198436856208e-05
[2024/01/07 06:23:13]  Printing Primal Residual Statistics.
[2024/01/07 06:23:13]  U Residual Norm2: (0.000602496848802574 0.000174889840838025 1.116440852825923e-13)
[2024/01/07 06:23:13]  U Residual Mean: (5.394310682967368e-06 1.45328328528323e-06 1.462579329851119e-15)
[2024/01/07 06:23:13]  U Residual Max: (3.895743858572942e-05 2.431468639541023e-05 9.402893310451892e-15)
[2024/01/07 06:23:13]  p Residual Norm2: 7.859662933720684e-05
[2024/01/07 06:23:13]  p Residual Mean: 2.981064896931701e-07
[2024/01/07 06:23:13]  p Residual Max: 4.965967715525569e-05
[2024/01/07 06:23:13]  phi Residual Norm2: 3.575354324602406e-07
[2024/01/07 06:23:13]  phi Residual Mean: 9.7333810009717e-10
[2024/01/07 06:23:13]  phi Residual Max: 2.455372730929861e-08
[2024/01/07 06:23:13]  End
[2024/01/07 06:23:13]  
[2024/01/07 06:23:13]  Objective Functions: 
[2024/01/07 06:23:16]  {'PL': 5.641538402844866, 'VOLUME': 1.0001984368562084e-05, 'fail': False}
[2024/01/07 06:23:16]  Flow Runtime: 2.93114
[2024/01/07 06:23:16]  
[2024/01/07 06:23:16]  
[2024/01/07 06:23:16]  +--------------------------------------------------------------------------+
[2024/01/07 06:23:16]  |                  Evaluating Objective Functions 082                      |
[2024/01/07 06:23:16]  +--------------------------------------------------------------------------+
[2024/01/07 06:23:16]  Design Variables: 
[2024/01/07 06:23:16]  OrderedDict([('alphaPorosity', array([  1.9012363625623734,   1.8694757556481512,   1.8396437932491145,
[2024/01/07 06:23:16]         ..., 322.43671322362195  , 323.02447172424445  ,
[2024/01/07 06:23:16]         323.44098033644144  ]))])
[2024/01/07 06:23:16]  DVGeo PointSet UpToDate: False
[2024/01/07 06:23:16]  Updating DVGeo PointSet....
[2024/01/07 06:23:16]  DVGeo PointSet UpToDate: True
[2024/01/07 06:23:16]  Warping the volume mesh....
[2024/01/07 06:23:16]  Setting up primal boundary conditions based on pyOptions: 
[2024/01/07 06:23:16]  Setting primal boundary conditions...
[2024/01/07 06:23:16]  Setting U = (0.1 0 0) at inlet
[2024/01/07 06:23:16]  Setting primal boundary conditions...
[2024/01/07 06:23:16]  Setting p = 0 at outlet
[2024/01/07 06:23:16]  nuTilda not found, skip it.
[2024/01/07 06:23:16]  Setting nut wall BC for wallBoundary. BCType=nutkWallFunction
[2024/01/07 06:23:16]  Running Primal Solver 082
[2024/01/07 06:23:16]  Previous solution time 1 found and deleted.
[2024/01/07 06:23:16]  No finite volume options present
[2024/01/07 06:23:16]  
[2024/01/07 06:23:16]  Starting time loop
[2024/01/07 06:23:16]  
[2024/01/07 06:23:16]  Checking mesh quality for time = 0
[2024/01/07 06:23:16]      Overall domain bounding box (7.181318501078189e-16 -1.399990449424424e-15 -5.718082257688551e-15) (0.02999999999999962 0.01500000000001617 0.001000000000005718)
[2024/01/07 06:23:16]      Mesh has 3 geometric (non-empty/wedge) directions 3{1}
[2024/01/07 06:23:16]      Mesh has 3 solution (non-empty) directions 3{1}
[2024/01/07 06:23:16]      Boundary openness (-6.947448714353218e-18 9.793123156124281e-19 -3.04020355740097e-16) OK.
[2024/01/07 06:23:16]      Max cell openness = 3.176373552203076e-16 OK.
[2024/01/07 06:23:16]      Max aspect ratio = 3.333333333492265 OK.
[2024/01/07 06:23:16]      Minimum face area = 1.499999999935995e-07. Maximum face area = 5.000000000129904e-07.  Face area magnitudes OK.
[2024/01/07 06:23:16]      Min volume = 1.499999999944929e-10. Max volume = 1.500000000034984e-10.  Total volume = 4.500000000002841e-07.  Cell volumes OK.
[2024/01/07 06:23:16]      Mesh non-orthogonality Max: 0 average: 0
[2024/01/07 06:23:16]      Non-orthogonality check OK.
[2024/01/07 06:23:16]      Face pyramids OK.
[2024/01/07 06:23:16]      Max skewness = 9.432792296734318e-11 OK.
[2024/01/07 06:23:16]      Coupled point location match (average 0) OK.
[2024/01/07 06:23:16]  
[2024/01/07 06:23:16]  Mesh OK.
[2024/01/07 06:23:16]  
[2024/01/07 06:23:16]  Time = 1
[2024/01/07 06:23:16]  
[2024/01/07 06:23:16]  U Initial residual: (4.699466641197848e-08 6.548231115162229e-08 0.001092514908494301)
[2024/01/07 06:23:16]  U   Final residual: (1.662159290826166e-09 2.539741371844348e-09 4.420696832320782e-05)
[2024/01/07 06:23:16]  p Initial residual: 9.083243470510824e-08
[2024/01/07 06:23:16]  p   Final residual: 7.958968600184948e-09
[2024/01/07 06:23:16]  Time step continuity errors : sum local = 2.9118586378072e-08
[2024/01/07 06:23:16]                                   global = -6.23856160240758e-09
[2024/01/07 06:23:16]                               cumulative = 0.001720785644305429
[2024/01/07 06:23:16]  yPlus min: 0 max: 0 mean: 0
[2024/01/07 06:23:16]  PL-part1-totalPressure: 15.2431556000513
[2024/01/07 06:23:16]  PL-part2-totalPressure: -9.601616200295442
[2024/01/07 06:23:16]  VOLUME-part1-variableVolSum: 1.000198436856209e-05
[2024/01/07 06:23:16]  ExecutionTime = 268.39 s  ClockTime = 404 s
[2024/01/07 06:23:16]  
[2024/01/07 06:23:16]  Time = 1
[2024/01/07 06:23:16]  Minimal residual 9.083243470510824e-08 satisfied the prescribed tolerance 1e-06
[2024/01/07 06:23:16]  
[2024/01/07 06:23:16]  PL-part1-totalPressure: 15.2431556000513
[2024/01/07 06:23:16]  PL-part2-totalPressure: -9.601616200295442
[2024/01/07 06:23:16]  VOLUME-part1-variableVolSum: 1.000198436856209e-05
[2024/01/07 06:23:16]  Printing Primal Residual Statistics.
[2024/01/07 06:23:16]  U Residual Norm2: (0.0005779774221041379 0.0001676237911507515 1.116287764601777e-13)
[2024/01/07 06:23:16]  U Residual Mean: (5.14452843600047e-06 1.383211833334211e-06 1.475540019849319e-15)
[2024/01/07 06:23:16]  U Residual Max: (3.773577264110095e-05 2.351076423434684e-05 1.030218790247569e-14)
[2024/01/07 06:23:16]  p Residual Norm2: 7.605397951808529e-05
[2024/01/07 06:23:16]  p Residual Mean: 2.822333135490296e-07
[2024/01/07 06:23:16]  p Residual Max: 4.806131930016618e-05
[2024/01/07 06:23:16]  phi Residual Norm2: 3.422789745598676e-07
[2024/01/07 06:23:16]  phi Residual Mean: 9.253434649882135e-10
[2024/01/07 06:23:16]  phi Residual Max: 2.345886210373836e-08
[2024/01/07 06:23:16]  End
[2024/01/07 06:23:16]  
[2024/01/07 06:23:16]  Objective Functions: 
[2024/01/07 06:23:16]  {'PL': 5.6415393997558585, 'VOLUME': 1.0001984368562085e-05, 'fail': False}
[2024/01/07 06:23:16]  Flow Runtime: 3.03123
[2024/01/07 06:23:16]  
[2024/01/07 06:23:16]  
[2024/01/07 06:23:16]  +--------------------------------------------------------------------------+
[2024/01/07 06:23:16]  |                  Evaluating Objective Functions 083                      |
[2024/01/07 06:23:16]  +--------------------------------------------------------------------------+
[2024/01/07 06:23:16]  Design Variables: 
[2024/01/07 06:23:16]  OrderedDict([('alphaPorosity', array([  1.9012363625623823,   1.8694757556481603,   1.8396437932491234,
[2024/01/07 06:23:16]         ..., 322.43671322362235  , 323.0244717242449   ,
[2024/01/07 06:23:16]         323.44098033644184  ]))])
[2024/01/07 06:23:16]  DVGeo PointSet UpToDate: False
[2024/01/07 06:23:16]  Updating DVGeo PointSet....
[2024/01/07 06:23:19]  DVGeo PointSet UpToDate: True
[2024/01/07 06:23:19]  Warping the volume mesh....
[2024/01/07 06:23:19]  Setting up primal boundary conditions based on pyOptions: 
[2024/01/07 06:23:19]  Setting primal boundary conditions...
[2024/01/07 06:23:19]  Setting U = (0.1 0 0) at inlet
[2024/01/07 06:23:19]  Setting primal boundary conditions...
[2024/01/07 06:23:19]  Setting p = 0 at outlet
[2024/01/07 06:23:19]  nuTilda not found, skip it.
[2024/01/07 06:23:19]  Setting nut wall BC for wallBoundary. BCType=nutkWallFunction
[2024/01/07 06:23:19]  Running Primal Solver 083
[2024/01/07 06:23:19]  Previous solution time 1 found and deleted.
[2024/01/07 06:23:19]  No finite volume options present
[2024/01/07 06:23:19]  
[2024/01/07 06:23:19]  Starting time loop
[2024/01/07 06:23:19]  
[2024/01/07 06:23:19]  Checking mesh quality for time = 0
[2024/01/07 06:23:19]      Overall domain bounding box (7.181318501078189e-16 -1.399990449424424e-15 -5.718082257688551e-15) (0.02999999999999962 0.01500000000001617 0.001000000000005718)
[2024/01/07 06:23:19]      Mesh has 3 geometric (non-empty/wedge) directions 3{1}
[2024/01/07 06:23:19]      Mesh has 3 solution (non-empty) directions 3{1}
[2024/01/07 06:23:19]      Boundary openness (-6.947448714353218e-18 9.793123156124281e-19 -3.04020355740097e-16) OK.
[2024/01/07 06:23:19]      Max cell openness = 3.176373552203076e-16 OK.
[2024/01/07 06:23:19]      Max aspect ratio = 3.333333333492265 OK.
[2024/01/07 06:23:19]      Minimum face area = 1.499999999935995e-07. Maximum face area = 5.000000000129904e-07.  Face area magnitudes OK.
[2024/01/07 06:23:19]      Min volume = 1.499999999944929e-10. Max volume = 1.500000000034984e-10.  Total volume = 4.500000000002841e-07.  Cell volumes OK.
[2024/01/07 06:23:19]      Mesh non-orthogonality Max: 0 average: 0
[2024/01/07 06:23:19]      Non-orthogonality check OK.
[2024/01/07 06:23:19]      Face pyramids OK.
[2024/01/07 06:23:19]      Max skewness = 9.432792296734318e-11 OK.
[2024/01/07 06:23:19]      Coupled point location match (average 0) OK.
[2024/01/07 06:23:19]  
[2024/01/07 06:23:19]  Mesh OK.
[2024/01/07 06:23:19]  
[2024/01/07 06:23:19]  Time = 1
[2024/01/07 06:23:19]  
[2024/01/07 06:23:19]  U Initial residual: (4.481812763862557e-08 6.23239446137361e-08 0.001102221181773099)
[2024/01/07 06:23:19]  U   Final residual: (1.575800196559423e-09 2.401313838022639e-09 4.106496695110808e-05)
[2024/01/07 06:23:19]  p Initial residual: 8.59973130197261e-08
[2024/01/07 06:23:19]  p   Final residual: 7.611422509086927e-09
[2024/01/07 06:23:19]  Time step continuity errors : sum local = 2.78470580490881e-08
[2024/01/07 06:23:19]                                   global = -6.004880707260376e-09
[2024/01/07 06:23:19]                               cumulative = 0.001720779639424721
[2024/01/07 06:23:19]  yPlus min: 0 max: 0 mean: 0
[2024/01/07 06:23:19]  PL-part1-totalPressure: 15.24315652116349
[2024/01/07 06:23:19]  PL-part2-totalPressure: -9.601616179278098
[2024/01/07 06:23:19]  VOLUME-part1-variableVolSum: 1.000198436856209e-05
[2024/01/07 06:23:19]  ExecutionTime = 269.88 s  ClockTime = 407 s
[2024/01/07 06:23:19]  
[2024/01/07 06:23:19]  Time = 1
[2024/01/07 06:23:19]  Minimal residual 8.59973130197261e-08 satisfied the prescribed tolerance 1e-06
[2024/01/07 06:23:19]  
[2024/01/07 06:23:19]  PL-part1-totalPressure: 15.24315652116349
[2024/01/07 06:23:19]  PL-part2-totalPressure: -9.601616179278098
[2024/01/07 06:23:19]  VOLUME-part1-variableVolSum: 1.000198436856209e-05
[2024/01/07 06:23:19]  Printing Primal Residual Statistics.
[2024/01/07 06:23:19]  U Residual Norm2: (0.0005542717652501201 0.0001607432478016534 1.178677318491732e-13)
[2024/01/07 06:23:19]  U Residual Mean: (4.903817128601598e-06 1.317914594409798e-06 1.523778659428335e-15)
[2024/01/07 06:23:19]  U Residual Max: (3.658738022727093e-05 2.271985747481775e-05 9.85239403470902e-15)
[2024/01/07 06:23:19]  p Residual Norm2: 7.359651823111608e-05
[2024/01/07 06:23:19]  p Residual Mean: 2.677655659323535e-07
[2024/01/07 06:23:19]  p Residual Max: 4.650079630027726e-05
[2024/01/07 06:23:19]  phi Residual Norm2: 3.276009130268881e-07
[2024/01/07 06:23:19]  phi Residual Mean: 8.7973399430836e-10
[2024/01/07 06:23:19]  phi Residual Max: 2.246732305928381e-08
[2024/01/07 06:23:19]  End
[2024/01/07 06:23:19]  
[2024/01/07 06:23:19]  Objective Functions: 
[2024/01/07 06:23:19]  {'PL': 5.641540341885388, 'VOLUME': 1.0001984368562087e-05, 'fail': False}
[2024/01/07 06:23:19]  Flow Runtime: 2.84796
[2024/01/07 06:23:19]  
[2024/01/07 06:23:19]  
[2024/01/07 06:23:19]  +--------------------------------------------------------------------------+
[2024/01/07 06:23:19]  |                  Evaluating Objective Functions 084                      |
[2024/01/07 06:23:19]  +--------------------------------------------------------------------------+
[2024/01/07 06:23:19]  Design Variables: 
[2024/01/07 06:23:19]  OrderedDict([('alphaPorosity', array([  1.9012363625623867,   1.8694757556481645,   1.8396437932491274,
[2024/01/07 06:23:19]         ..., 322.4367132236226   , 323.0244717242451   ,
[2024/01/07 06:23:19]         323.44098033644207  ]))])
[2024/01/07 06:23:19]  DVGeo PointSet UpToDate: False
[2024/01/07 06:23:19]  Updating DVGeo PointSet....
[2024/01/07 06:23:19]  DVGeo PointSet UpToDate: True
[2024/01/07 06:23:19]  Warping the volume mesh....
[2024/01/07 06:23:19]  Setting up primal boundary conditions based on pyOptions: 
[2024/01/07 06:23:19]  Setting primal boundary conditions...
[2024/01/07 06:23:19]  Setting U = (0.1 0 0) at inlet
[2024/01/07 06:23:19]  Setting primal boundary conditions...
[2024/01/07 06:23:19]  Setting p = 0 at outlet
[2024/01/07 06:23:19]  nuTilda not found, skip it.
[2024/01/07 06:23:19]  Setting nut wall BC for wallBoundary. BCType=nutkWallFunction
[2024/01/07 06:23:19]  Running Primal Solver 084
[2024/01/07 06:23:19]  Previous solution time 1 found and deleted.
[2024/01/07 06:23:19]  No finite volume options present
[2024/01/07 06:23:19]  
[2024/01/07 06:23:19]  Starting time loop
[2024/01/07 06:23:19]  
[2024/01/07 06:23:19]  Checking mesh quality for time = 0
[2024/01/07 06:23:23]      Overall domain bounding box (7.181318501078189e-16 -1.399990449424424e-15 -5.718082257688551e-15) (0.02999999999999962 0.01500000000001617 0.001000000000005718)
[2024/01/07 06:23:23]      Mesh has 3 geometric (non-empty/wedge) directions 3{1}
[2024/01/07 06:23:23]      Mesh has 3 solution (non-empty) directions 3{1}
[2024/01/07 06:23:23]      Boundary openness (-6.947448714353218e-18 9.793123156124281e-19 -3.04020355740097e-16) OK.
[2024/01/07 06:23:23]      Max cell openness = 3.176373552203076e-16 OK.
[2024/01/07 06:23:23]      Max aspect ratio = 3.333333333492265 OK.
[2024/01/07 06:23:23]      Minimum face area = 1.499999999935995e-07. Maximum face area = 5.000000000129904e-07.  Face area magnitudes OK.
[2024/01/07 06:23:23]      Min volume = 1.499999999944929e-10. Max volume = 1.500000000034984e-10.  Total volume = 4.500000000002841e-07.  Cell volumes OK.
[2024/01/07 06:23:23]      Mesh non-orthogonality Max: 0 average: 0
[2024/01/07 06:23:23]      Non-orthogonality check OK.
[2024/01/07 06:23:23]      Face pyramids OK.
[2024/01/07 06:23:23]      Max skewness = 9.432792296734318e-11 OK.
[2024/01/07 06:23:23]      Coupled point location match (average 0) OK.
[2024/01/07 06:23:23]  
[2024/01/07 06:23:23]  Mesh OK.
[2024/01/07 06:23:23]  
[2024/01/07 06:23:23]  Time = 1
[2024/01/07 06:23:23]  
[2024/01/07 06:23:23]  U Initial residual: (4.272067193847358e-08 5.938086484120671e-08 0.001138218091315738)
[2024/01/07 06:23:23]  U   Final residual: (1.493337454509663e-09 2.272017523452043e-09 4.658004274398422e-05)
[2024/01/07 06:23:23]  p Initial residual: 8.173890445275003e-08
[2024/01/07 06:23:23]  p   Final residual: 7.275239764535272e-09
[2024/01/07 06:23:23]  Time step continuity errors : sum local = 2.661710351470632e-08
[2024/01/07 06:23:23]                                   global = -5.815806519716064e-09
[2024/01/07 06:23:23]                               cumulative = 0.001720773823618202
[2024/01/07 06:23:23]  yPlus min: 0 max: 0 mean: 0
[2024/01/07 06:23:23]  PL-part1-totalPressure: 15.24315739287192
[2024/01/07 06:23:23]  PL-part2-totalPressure: -9.601616155485367
[2024/01/07 06:23:23]  VOLUME-part1-variableVolSum: 1.000198436856209e-05
[2024/01/07 06:23:23]  ExecutionTime = 271.4 s  ClockTime = 410 s
[2024/01/07 06:23:23]  
[2024/01/07 06:23:23]  Time = 1
[2024/01/07 06:23:23]  Minimal residual 8.173890445275003e-08 satisfied the prescribed tolerance 1e-06
[2024/01/07 06:23:23]  
[2024/01/07 06:23:23]  PL-part1-totalPressure: 15.24315739287192
[2024/01/07 06:23:23]  PL-part2-totalPressure: -9.601616155485367
[2024/01/07 06:23:23]  VOLUME-part1-variableVolSum: 1.000198436856209e-05
[2024/01/07 06:23:23]  Printing Primal Residual Statistics.
[2024/01/07 06:23:23]  U Residual Norm2: (0.0005313559393473495 0.0001541976766422993 1.138530201172457e-13)
[2024/01/07 06:23:23]  U Residual Mean: (4.671922949090911e-06 1.256578811134426e-06 1.477543518047412e-15)
[2024/01/07 06:23:23]  U Residual Max: (3.545267100224514e-05 2.194214311279641e-05 1.133450667751691e-14)
[2024/01/07 06:23:23]  p Residual Norm2: 7.122208005633494e-05
[2024/01/07 06:23:23]  p Residual Mean: 2.546008616816024e-07
[2024/01/07 06:23:23]  p Residual Max: 4.49690794350866e-05
[2024/01/07 06:23:23]  phi Residual Norm2: 3.134803530571366e-07
[2024/01/07 06:23:23]  phi Residual Mean: 8.364362072164103e-10
[2024/01/07 06:23:23]  phi Residual Max: 2.171196808780111e-08
[2024/01/07 06:23:23]  End
[2024/01/07 06:23:23]  
[2024/01/07 06:23:23]  Objective Functions: 
[2024/01/07 06:23:23]  {'PL': 5.641541237386551, 'VOLUME': 1.0001984368562085e-05, 'fail': False}
[2024/01/07 06:23:23]  Flow Runtime: 2.90529
[2024/01/07 06:23:23]  
[2024/01/07 06:23:23]  
[2024/01/07 06:23:23]  +--------------------------------------------------------------------------+
[2024/01/07 06:23:23]  |                  Evaluating Objective Functions 085                      |
[2024/01/07 06:23:23]  +--------------------------------------------------------------------------+
[2024/01/07 06:23:23]  Design Variables: 
[2024/01/07 06:23:23]  OrderedDict([('alphaPorosity', array([  1.9012363625623891,   1.8694757556481667,   1.8396437932491296,
[2024/01/07 06:23:23]         ..., 322.4367132236227   , 323.0244717242452   ,
[2024/01/07 06:23:23]         323.4409803364421   ]))])
[2024/01/07 06:23:23]  DVGeo PointSet UpToDate: False
[2024/01/07 06:23:23]  Updating DVGeo PointSet....
[2024/01/07 06:23:23]  DVGeo PointSet UpToDate: True
[2024/01/07 06:23:23]  Warping the volume mesh....
[2024/01/07 06:23:23]  Setting up primal boundary conditions based on pyOptions: 
[2024/01/07 06:23:23]  Setting primal boundary conditions...
[2024/01/07 06:23:23]  Setting U = (0.1 0 0) at inlet
[2024/01/07 06:23:23]  Setting primal boundary conditions...
[2024/01/07 06:23:23]  Setting p = 0 at outlet
[2024/01/07 06:23:23]  nuTilda not found, skip it.
[2024/01/07 06:23:23]  Setting nut wall BC for wallBoundary. BCType=nutkWallFunction
[2024/01/07 06:23:23]  Running Primal Solver 085
[2024/01/07 06:23:23]  Previous solution time 1 found and deleted.
[2024/01/07 06:23:23]  No finite volume options present
[2024/01/07 06:23:23]  
[2024/01/07 06:23:23]  Starting time loop
[2024/01/07 06:23:23]  
[2024/01/07 06:23:23]  Checking mesh quality for time = 0
[2024/01/07 06:23:23]      Overall domain bounding box (7.181318501078189e-16 -1.399990449424424e-15 -5.718082257688551e-15) (0.02999999999999962 0.01500000000001617 0.001000000000005718)
[2024/01/07 06:23:23]      Mesh has 3 geometric (non-empty/wedge) directions 3{1}
[2024/01/07 06:23:23]      Mesh has 3 solution (non-empty) directions 3{1}
[2024/01/07 06:23:23]      Boundary openness (-6.947448714353218e-18 9.793123156124281e-19 -3.04020355740097e-16) OK.
[2024/01/07 06:23:23]      Max cell openness = 3.176373552203076e-16 OK.
[2024/01/07 06:23:23]      Max aspect ratio = 3.333333333492265 OK.
[2024/01/07 06:23:23]      Minimum face area = 1.499999999935995e-07. Maximum face area = 5.000000000129904e-07.  Face area magnitudes OK.
[2024/01/07 06:23:28]      Min volume = 1.499999999944929e-10. Max volume = 1.500000000034984e-10.  Total volume = 4.500000000002841e-07.  Cell volumes OK.
[2024/01/07 06:23:28]      Mesh non-orthogonality Max: 0 average: 0
[2024/01/07 06:23:28]      Non-orthogonality check OK.
[2024/01/07 06:23:28]      Face pyramids OK.
[2024/01/07 06:23:28]      Max skewness = 9.432792296734318e-11 OK.
[2024/01/07 06:23:28]      Coupled point location match (average 0) OK.
[2024/01/07 06:23:28]  
[2024/01/07 06:23:28]  Mesh OK.
[2024/01/07 06:23:28]  
[2024/01/07 06:23:28]  Time = 1
[2024/01/07 06:23:28]  
[2024/01/07 06:23:28]  U Initial residual: (4.070007568719712e-08 5.661655785667541e-08 0.001103576752356018)
[2024/01/07 06:23:28]  U   Final residual: (1.414702855931357e-09 2.150268799796048e-09 4.464772139661673e-05)
[2024/01/07 06:23:28]  p Initial residual: 7.786428797423527e-08
[2024/01/07 06:23:28]  p   Final residual: 6.991760566936343e-09
[2024/01/07 06:23:28]  Time step continuity errors : sum local = 2.557997406711932e-08
[2024/01/07 06:23:28]                                   global = -5.627480511719831e-09
[2024/01/07 06:23:28]                               cumulative = 0.00172076819613769
[2024/01/07 06:23:28]  yPlus min: 0 max: 0 mean: 0
[2024/01/07 06:23:28]  PL-part1-totalPressure: 15.2431582154872
[2024/01/07 06:23:28]  PL-part2-totalPressure: -9.601616129088796
[2024/01/07 06:23:28]  VOLUME-part1-variableVolSum: 1.000198436856209e-05
[2024/01/07 06:23:28]  ExecutionTime = 272.9 s  ClockTime = 413 s
[2024/01/07 06:23:28]  
[2024/01/07 06:23:28]  Time = 1
[2024/01/07 06:23:28]  Minimal residual 7.786428797423527e-08 satisfied the prescribed tolerance 1e-06
[2024/01/07 06:23:28]  
[2024/01/07 06:23:28]  PL-part1-totalPressure: 15.2431582154872
[2024/01/07 06:23:28]  PL-part2-totalPressure: -9.601616129088796
[2024/01/07 06:23:28]  VOLUME-part1-variableVolSum: 1.000198436856209e-05
[2024/01/07 06:23:28]  Printing Primal Residual Statistics.
[2024/01/07 06:23:28]  U Residual Norm2: (0.0005092238038267972 0.0001479100065952342 1.14284371317467e-13)
[2024/01/07 06:23:28]  U Residual Mean: (4.449185548160776e-06 1.197668949748883e-06 1.472066787414888e-15)
[2024/01/07 06:23:28]  U Residual Max: (3.433373361882985e-05 2.117840097426438e-05 9.744696324719015e-15)
[2024/01/07 06:23:28]  p Residual Norm2: 6.891862211041672e-05
[2024/01/07 06:23:28]  p Residual Mean: 2.424615750478695e-07
[2024/01/07 06:23:28]  p Residual Max: 4.34649075850323e-05
[2024/01/07 06:23:28]  phi Residual Norm2: 2.998964673147906e-07
[2024/01/07 06:23:28]  phi Residual Mean: 7.952372388050958e-10
[2024/01/07 06:23:28]  phi Residual Max: 2.097360467664967e-08
[2024/01/07 06:23:28]  End
[2024/01/07 06:23:28]  
[2024/01/07 06:23:28]  Objective Functions: 
[2024/01/07 06:23:28]  {'PL': 5.641542086398408, 'VOLUME': 1.0001984368562085e-05, 'fail': False}
[2024/01/07 06:23:28]  Flow Runtime: 2.87813
[2024/01/07 06:23:28]  
[2024/01/07 06:23:28]  
[2024/01/07 06:23:28]  +--------------------------------------------------------------------------+
[2024/01/07 06:23:28]  |                  Evaluating Objective Functions 086                      |
[2024/01/07 06:23:28]  +--------------------------------------------------------------------------+
[2024/01/07 06:23:28]  Design Variables: 
[2024/01/07 06:23:28]  OrderedDict([('alphaPorosity', array([  1.9012363625623903,   1.8694757556481678,   1.8396437932491305,
[2024/01/07 06:23:28]         ..., 322.4367132236227   , 323.02447172424525  ,
[2024/01/07 06:23:28]         323.44098033644224  ]))])
[2024/01/07 06:23:28]  DVGeo PointSet UpToDate: False
[2024/01/07 06:23:28]  Updating DVGeo PointSet....
[2024/01/07 06:23:28]  DVGeo PointSet UpToDate: True
[2024/01/07 06:23:28]  Warping the volume mesh....
[2024/01/07 06:23:28]  Setting up primal boundary conditions based on pyOptions: 
[2024/01/07 06:23:28]  Setting primal boundary conditions...
[2024/01/07 06:23:28]  Setting U = (0.1 0 0) at inlet
[2024/01/07 06:23:28]  Setting primal boundary conditions...
[2024/01/07 06:23:28]  Setting p = 0 at outlet
[2024/01/07 06:23:28]  nuTilda not found, skip it.
[2024/01/07 06:23:28]  Setting nut wall BC for wallBoundary. BCType=nutkWallFunction
[2024/01/07 06:23:28]  Running Primal Solver 086
[2024/01/07 06:23:28]  Previous solution time 1 found and deleted.
[2024/01/07 06:23:28]  No finite volume options present
[2024/01/07 06:23:28]  
[2024/01/07 06:23:28]  Starting time loop
[2024/01/07 06:23:28]  
[2024/01/07 06:23:28]  Checking mesh quality for time = 0
[2024/01/07 06:23:28]      Overall domain bounding box (7.181318501078189e-16 -1.399990449424424e-15 -5.718082257688551e-15) (0.02999999999999962 0.01500000000001617 0.001000000000005718)
[2024/01/07 06:23:28]      Mesh has 3 geometric (non-empty/wedge) directions 3{1}
[2024/01/07 06:23:28]      Mesh has 3 solution (non-empty) directions 3{1}
[2024/01/07 06:23:28]      Boundary openness (-6.947448714353218e-18 9.793123156124281e-19 -3.04020355740097e-16) OK.
[2024/01/07 06:23:28]      Max cell openness = 3.176373552203076e-16 OK.
[2024/01/07 06:23:28]      Max aspect ratio = 3.333333333492265 OK.
[2024/01/07 06:23:28]      Minimum face area = 1.499999999935995e-07. Maximum face area = 5.000000000129904e-07.  Face area magnitudes OK.
[2024/01/07 06:23:28]      Min volume = 1.499999999944929e-10. Max volume = 1.500000000034984e-10.  Total volume = 4.500000000002841e-07.  Cell volumes OK.
[2024/01/07 06:23:28]      Mesh non-orthogonality Max: 0 average: 0
[2024/01/07 06:23:28]      Non-orthogonality check OK.
[2024/01/07 06:23:28]      Face pyramids OK.
[2024/01/07 06:23:28]      Max skewness = 9.432792296734318e-11 OK.
[2024/01/07 06:23:28]      Coupled point location match (average 0) OK.
[2024/01/07 06:23:28]  
[2024/01/07 06:23:28]  Mesh OK.
[2024/01/07 06:23:28]  
[2024/01/07 06:23:28]  Time = 1
[2024/01/07 06:23:28]  
[2024/01/07 06:23:28]  U Initial residual: (3.875928856744416e-08 5.396177414333931e-08 0.001099499842518818)
[2024/01/07 06:23:28]  U   Final residual: (1.339744414906273e-09 2.032903970789352e-09 4.693136783818756e-05)
[2024/01/07 06:23:28]  p Initial residual: 7.419894502096133e-08
[2024/01/07 06:23:28]  p   Final residual: 6.781537841921608e-09
[2024/01/07 06:23:31]  Time step continuity errors : sum local = 2.481085740196672e-08
[2024/01/07 06:23:31]                                   global = -5.454321450336627e-09
[2024/01/07 06:23:31]                               cumulative = 0.001720762741816239
[2024/01/07 06:23:31]  yPlus min: 0 max: 0 mean: 0
[2024/01/07 06:23:31]  PL-part1-totalPressure: 15.24315898524726
[2024/01/07 06:23:31]  PL-part2-totalPressure: -9.601616100650922
[2024/01/07 06:23:31]  VOLUME-part1-variableVolSum: 1.000198436856208e-05
[2024/01/07 06:23:31]  ExecutionTime = 274.4 s  ClockTime = 416 s
[2024/01/07 06:23:31]  
[2024/01/07 06:23:31]  Time = 1
[2024/01/07 06:23:31]  Minimal residual 7.419894502096133e-08 satisfied the prescribed tolerance 1e-06
[2024/01/07 06:23:31]  
[2024/01/07 06:23:31]  PL-part1-totalPressure: 15.24315898524726
[2024/01/07 06:23:31]  PL-part2-totalPressure: -9.601616100650922
[2024/01/07 06:23:31]  VOLUME-part1-variableVolSum: 1.000198436856208e-05
[2024/01/07 06:23:31]  Printing Primal Residual Statistics.
[2024/01/07 06:23:31]  U Residual Norm2: (0.0004878620886979542 0.0001418210995893716 1.153707641219034e-13)
[2024/01/07 06:23:31]  U Residual Mean: (4.235878343564897e-06 1.141274281101787e-06 1.492821437983207e-15)
[2024/01/07 06:23:31]  U Residual Max: (3.323156082624124e-05 2.04300213905162e-05 1.03326982626519e-14)
[2024/01/07 06:23:31]  p Residual Norm2: 6.667533419165849e-05
[2024/01/07 06:23:31]  p Residual Mean: 2.308333413981663e-07
[2024/01/07 06:23:31]  p Residual Max: 4.199116806264425e-05
[2024/01/07 06:23:31]  phi Residual Norm2: 2.868249797471494e-07
[2024/01/07 06:23:31]  phi Residual Mean: 7.556333356691587e-10
[2024/01/07 06:23:31]  phi Residual Max: 2.025177696328517e-08
[2024/01/07 06:23:31]  End
[2024/01/07 06:23:31]  
[2024/01/07 06:23:31]  Objective Functions: 
[2024/01/07 06:23:31]  {'PL': 5.6415428845963405, 'VOLUME': 1.0001984368562084e-05, 'fail': False}
[2024/01/07 06:23:31]  Flow Runtime: 2.91951
[2024/01/07 06:23:31]  
[2024/01/07 06:23:31]  
[2024/01/07 06:23:31]  +--------------------------------------------------------------------------+
[2024/01/07 06:23:31]  |                  Evaluating Objective Functions 087                      |
[2024/01/07 06:23:31]  +--------------------------------------------------------------------------+
[2024/01/07 06:23:31]  Design Variables: 
[2024/01/07 06:23:31]  OrderedDict([('alphaPorosity', array([  1.901236362562391 ,   1.8694757556481687,   1.8396437932491314,
[2024/01/07 06:23:31]         ..., 322.43671322362275  , 323.0244717242453   ,
[2024/01/07 06:23:31]         323.4409803364423   ]))])
[2024/01/07 06:23:31]  DVGeo PointSet UpToDate: False
[2024/01/07 06:23:31]  Updating DVGeo PointSet....
[2024/01/07 06:23:31]  DVGeo PointSet UpToDate: True
[2024/01/07 06:23:31]  Warping the volume mesh....
[2024/01/07 06:23:31]  Setting up primal boundary conditions based on pyOptions: 
[2024/01/07 06:23:31]  Setting primal boundary conditions...
[2024/01/07 06:23:31]  Setting U = (0.1 0 0) at inlet
[2024/01/07 06:23:31]  Setting primal boundary conditions...
[2024/01/07 06:23:31]  Setting p = 0 at outlet
[2024/01/07 06:23:31]  nuTilda not found, skip it.
[2024/01/07 06:23:31]  Setting nut wall BC for wallBoundary. BCType=nutkWallFunction
[2024/01/07 06:23:31]  Running Primal Solver 087
[2024/01/07 06:23:31]  Previous solution time 1 found and deleted.
[2024/01/07 06:23:31]  No finite volume options present
[2024/01/07 06:23:31]  
[2024/01/07 06:23:31]  Starting time loop
[2024/01/07 06:23:31]  
[2024/01/07 06:23:31]  Checking mesh quality for time = 0
[2024/01/07 06:23:31]      Overall domain bounding box (7.181318501078189e-16 -1.399990449424424e-15 -5.718082257688551e-15) (0.02999999999999962 0.01500000000001617 0.001000000000005718)
[2024/01/07 06:23:31]      Mesh has 3 geometric (non-empty/wedge) directions 3{1}
[2024/01/07 06:23:31]      Mesh has 3 solution (non-empty) directions 3{1}
[2024/01/07 06:23:31]      Boundary openness (-6.947448714353218e-18 9.793123156124281e-19 -3.04020355740097e-16) OK.
[2024/01/07 06:23:31]      Max cell openness = 3.176373552203076e-16 OK.
[2024/01/07 06:23:31]      Max aspect ratio = 3.333333333492265 OK.
[2024/01/07 06:23:31]      Minimum face area = 1.499999999935995e-07. Maximum face area = 5.000000000129904e-07.  Face area magnitudes OK.
[2024/01/07 06:23:31]      Min volume = 1.499999999944929e-10. Max volume = 1.500000000034984e-10.  Total volume = 4.500000000002841e-07.  Cell volumes OK.
[2024/01/07 06:23:31]      Mesh non-orthogonality Max: 0 average: 0
[2024/01/07 06:23:31]      Non-orthogonality check OK.
[2024/01/07 06:23:31]      Face pyramids OK.
[2024/01/07 06:23:31]      Max skewness = 9.432792296734318e-11 OK.
[2024/01/07 06:23:31]      Coupled point location match (average 0) OK.
[2024/01/07 06:23:31]  
[2024/01/07 06:23:31]  Mesh OK.
[2024/01/07 06:23:31]  
[2024/01/07 06:23:31]  Time = 1
[2024/01/07 06:23:31]  
[2024/01/07 06:23:31]  U Initial residual: (3.690069617145646e-08 5.142037909981846e-08 0.001115003069341938)
[2024/01/07 06:23:31]  U   Final residual: (1.268340041807102e-09 1.920100724900427e-09 4.728253389056829e-05)
[2024/01/07 06:23:31]  p Initial residual: 7.055326973951415e-08
[2024/01/07 06:23:31]  p   Final residual: 6.601385264562577e-09
[2024/01/07 06:23:31]  Time step continuity errors : sum local = 2.415175623851328e-08
[2024/01/07 06:23:31]                                   global = -5.283241380268366e-09
[2024/01/07 06:23:31]                               cumulative = 0.001720757458574859
[2024/01/07 06:23:31]  yPlus min: 0 max: 0 mean: 0
[2024/01/07 06:23:31]  PL-part1-totalPressure: 15.24315970170949
[2024/01/07 06:23:31]  PL-part2-totalPressure: -9.601616070669282
[2024/01/07 06:23:31]  VOLUME-part1-variableVolSum: 1.000198436856209e-05
[2024/01/07 06:23:31]  ExecutionTime = 275.97 s  ClockTime = 419 s
[2024/01/07 06:23:31]  
[2024/01/07 06:23:31]  Time = 1
[2024/01/07 06:23:31]  Minimal residual 7.055326973951415e-08 satisfied the prescribed tolerance 1e-06
[2024/01/07 06:23:31]  
[2024/01/07 06:23:31]  PL-part1-totalPressure: 15.24315970170949
[2024/01/07 06:23:31]  PL-part2-totalPressure: -9.601616070669282
[2024/01/07 06:30:03]  VOLUME-part1-variableVolSum: 1.000198436856209e-05
[2024/01/07 06:30:03]  Printing Primal Residual Statistics.
[2024/01/07 06:30:03]  U Residual Norm2: (0.0004672440443500342 0.0001359308986530223 1.151165858317308e-13)
[2024/01/07 06:30:03]  U Residual Mean: (4.031334421432517e-06 1.087342672517041e-06 1.496287186828837e-15)
[2024/01/07 06:30:03]  U Residual Max: (3.214738924839367e-05 1.969849539118496e-05 1.03689200591324e-14)
[2024/01/07 06:30:03]  p Residual Norm2: 6.448485806450488e-05
[2024/01/07 06:30:03]  p Residual Mean: 2.194848765380461e-07
[2024/01/07 06:30:03]  p Residual Max: 4.055108188716958e-05
[2024/01/07 06:30:03]  phi Residual Norm2: 2.742421469148334e-07
[2024/01/07 06:30:03]  phi Residual Mean: 7.176220767410122e-10
[2024/01/07 06:30:03]  phi Residual Max: 1.954536702303594e-08
[2024/01/07 06:30:03]  End
[2024/01/07 06:30:03]  
[2024/01/07 06:30:03]  Objective Functions: 
[2024/01/07 06:30:03]  {'PL': 5.641543631040211, 'VOLUME': 1.0001984368562085e-05, 'fail': False}
[2024/01/07 06:30:03]  Flow Runtime: 2.91122
[2024/01/07 06:30:03]  
[2024/01/07 06:30:03]  
[2024/01/07 06:30:03]  +--------------------------------------------------------------------------+
[2024/01/07 06:30:03]  |              Evaluating Objective Function Sensitivities 043             |
[2024/01/07 06:30:03]  +--------------------------------------------------------------------------+
[2024/01/07 06:30:03]  writeDeformedFFDs is deprecated since v3.0.1!
[2024/01/07 06:30:03]  Moving time 1 to 0.00000043
[2024/01/07 06:30:03]  Running adjoint Solver 043
[2024/01/07 06:30:03]  dRdWT Jacobian Free created!
[2024/01/07 06:30:03]  Solver Type: gmres
[2024/01/07 06:30:03]  GMRES Restart: 2000
[2024/01/07 06:30:03]  ASM Overlap: 1
[2024/01/07 06:30:03]  Global PC Iters: 0
[2024/01/07 06:30:03]  Local PC Iters: 1
[2024/01/07 06:30:03]  Mat ReOrdering: rcm
[2024/01/07 06:30:03]  ILU PC Fill Level: 1
[2024/01/07 06:30:03]  GMRES Max Iterations: 2000
[2024/01/07 06:30:03]  GMRES Relative Tolerance: 1e-06
[2024/01/07 06:30:03]  GMRES Absolute Tolerance: 1e-14
[2024/01/07 06:30:03]  Calculating dFdW using reverse-mode AD
[2024/01/07 06:30:03]      Adding all faces of patches 1(inlet) ...
[2024/01/07 06:30:03]      Found matching patch inlet with 0 faces.
[2024/01/07 06:30:03]      Adding all faces of patches 1(outlet) ...
[2024/01/07 06:30:03]      Found matching patch outlet with 0 faces.
[2024/01/07 06:30:03]  Solving Linear Equation... 806 s
[2024/01/07 06:30:03]  Main iteration 0 KSP Residual norm 1.968242810631e+00 806 s
[2024/01/07 06:30:03]  Main iteration 44 KSP Residual norm 1.245406493199e-06 807 s 
[2024/01/07 06:30:03]  Total iterations 44
[2024/01/07 06:30:03]  Solving Linear Equation... Completed! 807 s
[2024/01/07 06:30:03]  Residual tolerance satisfied, solution finished!
[2024/01/07 06:30:03]  Calculating dFdW using reverse-mode AD
[2024/01/07 06:30:03]      Adding cells with centre within boxes 1((-50 -50 -50) (50 50 50))
[2024/01/07 06:30:03]  Solving Linear Equation... 807 s
[2024/01/07 06:30:03]  Main iteration 0 KSP Residual norm 0.000000000000e+00 807 s
[2024/01/07 06:30:03]  Main iteration 0 KSP Residual norm 0.000000000000e+00 807 s 
[2024/01/07 06:30:03]  Total iterations 0
[2024/01/07 06:30:03]  Solving Linear Equation... Completed! 807 s
[2024/01/07 06:30:03]  Residual tolerance satisfied, solution finished!
[2024/01/07 06:30:03]  Computing total derivatives....
[2024/01/07 06:30:03]  Computing total derivatives for alphaPorosity
[2024/01/07 06:30:03]  Calculating dFdField using reverse-mode AD for alphaPorosity
[2024/01/07 06:30:03]      Adding all faces of patches 1(inlet) ...
[2024/01/07 06:30:03]      Found matching patch inlet with 0 faces.
[2024/01/07 06:30:03]      Adding all faces of patches 1(outlet) ...
[2024/01/07 06:30:03]      Found matching patch outlet with 0 faces.
[2024/01/07 06:30:03]  Calculating [dRdField]^T * Psi using reverse-mode AD
[2024/01/07 06:30:03]  Calculating dFdField using reverse-mode AD for alphaPorosity
[2024/01/07 06:30:03]      Adding cells with centre within boxes 1((-50 -50 -50) (50 50 50))
[2024/01/07 06:30:03]  Calculating [dRdField]^T * Psi using reverse-mode AD
[2024/01/07 06:30:03]  Objective Function Sensitivity: 
[2024/01/07 06:30:03]  {'PL': {'alphaPorosity': array([ 0.0009281543459124,  0.000944012074233 ,  0.0009594046849532, ...,
[2024/01/07 06:30:03]         -0.0000002088992236, -0.0000002188605305, -0.0000002258797112])}, 'VOLUME': {'alphaPorosity': array([0.000000000025, 0.000000000025, 0.000000000025, ...,
[2024/01/07 06:30:03]         0.000000000025, 0.000000000025, 0.000000000025])}, 'fail': False}
[2024/01/07 06:30:03]  Adjoint Runtime: 3.83588 s
[2024/01/07 06:30:03]    42  5.6415436e+00 0.00e+00 5.73e-02  -2.8 1.84e-04    -  1.00e+00 1.36e-312h1037
[2024/01/07 06:30:03]  
[2024/01/07 06:30:03]  
[2024/01/07 06:30:03]  +--------------------------------------------------------------------------+
[2024/01/07 06:30:03]  |                  Evaluating Objective Functions 088                      |
[2024/01/07 06:30:03]  +--------------------------------------------------------------------------+
[2024/01/07 06:30:03]  Design Variables: 
[2024/01/07 06:30:03]  OrderedDict([('alphaPorosity', array([  1.9006347011628228,   1.8688944781687795,   1.8390824925726672,
[2024/01/07 06:30:03]         ..., 322.4090519127384   , 322.99621959366675  ,
[2024/01/07 06:30:03]         323.4120801820859   ]))])
[2024/01/07 06:30:03]  DVGeo PointSet UpToDate: False
[2024/01/07 06:30:03]  Updating DVGeo PointSet....
[2024/01/07 06:30:03]  DVGeo PointSet UpToDate: True
[2024/01/07 06:30:03]  Warping the volume mesh....
[2024/01/07 06:30:03]  Setting up primal boundary conditions based on pyOptions: 
[2024/01/07 06:30:03]  Setting primal boundary conditions...
[2024/01/07 06:30:03]  Setting U = (0.1 0 0) at inlet
[2024/01/07 06:30:03]  Setting primal boundary conditions...
[2024/01/07 06:30:03]  Setting p = 0 at outlet
[2024/01/07 06:30:03]  nuTilda not found, skip it.
[2024/01/07 06:30:03]  Setting nut wall BC for wallBoundary. BCType=nutkWallFunction
[2024/01/07 06:30:03]  Running Primal Solver 088
[2024/01/07 06:30:10]  Previous solution time 1 not found and nothing deleted.
[2024/01/07 06:30:10]  No finite volume options present
[2024/01/07 06:30:10]  
[2024/01/07 06:30:10]  Starting time loop
[2024/01/07 06:30:10]  
[2024/01/07 06:30:10]  Checking mesh quality for time = 0
[2024/01/07 06:30:10]      Overall domain bounding box (7.181318501078189e-16 -1.399990449424424e-15 -5.718082257688551e-15) (0.02999999999999962 0.01500000000001617 0.001000000000005718)
[2024/01/07 06:30:10]      Mesh has 3 geometric (non-empty/wedge) directions 3{1}
[2024/01/07 06:30:10]      Mesh has 3 solution (non-empty) directions 3{1}
[2024/01/07 06:30:10]      Boundary openness (-6.947448714353218e-18 9.793123156124281e-19 -3.04020355740097e-16) OK.
[2024/01/07 06:30:10]      Max cell openness = 3.176373552203076e-16 OK.
[2024/01/07 06:30:10]      Max aspect ratio = 3.333333333492265 OK.
[2024/01/07 06:30:10]      Minimum face area = 1.499999999935995e-07. Maximum face area = 5.000000000129904e-07.  Face area magnitudes OK.
[2024/01/07 06:30:10]      Min volume = 1.499999999944929e-10. Max volume = 1.500000000034984e-10.  Total volume = 4.500000000002841e-07.  Cell volumes OK.
[2024/01/07 06:30:10]      Mesh non-orthogonality Max: 0 average: 0
[2024/01/07 06:30:10]      Non-orthogonality check OK.
[2024/01/07 06:30:10]      Face pyramids OK.
[2024/01/07 06:30:10]      Max skewness = 9.432792296734318e-11 OK.
[2024/01/07 06:30:10]      Coupled point location match (average 0) OK.
[2024/01/07 06:30:10]  
[2024/01/07 06:30:10]  Mesh OK.
[2024/01/07 06:30:10]  
[2024/01/07 06:30:10]  Time = 1
[2024/01/07 06:30:10]  
[2024/01/07 06:30:10]  U Initial residual: (5.425624731939754e-06 1.092583370860886e-05 0.001117627463568553)
[2024/01/07 06:30:10]  U   Final residual: (2.490764686770785e-07 5.205094756593984e-07 4.629562959121184e-05)
[2024/01/07 06:30:10]  p Initial residual: 0.0001741214862640226
[2024/01/07 06:30:10]  p   Final residual: 9.079082345617168e-06
[2024/01/07 06:30:10]  Time step continuity errors : sum local = 3.321772122873132e-05
[2024/01/07 06:30:10]                                   global = -6.073208125823236e-07
[2024/01/07 06:30:10]                               cumulative = 0.001720150137762277
[2024/01/07 06:30:10]  yPlus min: 0 max: 0 mean: 0
[2024/01/07 06:30:10]  PL-part1-totalPressure: 15.24501391645241
[2024/01/07 06:30:10]  PL-part2-totalPressure: -9.601615455528526
[2024/01/07 06:30:10]  VOLUME-part1-variableVolSum: 1.000198511390372e-05
[2024/01/07 06:30:10]  ExecutionTime = 480.37 s  ClockTime = 813 s
[2024/01/07 06:30:10]  
[2024/01/07 06:30:10]  Time = 42
[2024/01/07 06:30:10]  Minimal residual 9.920598766608771e-07 satisfied the prescribed tolerance 1e-06
[2024/01/07 06:30:10]  
[2024/01/07 06:30:10]  PL-part1-totalPressure: 15.24374922251998
[2024/01/07 06:30:10]  PL-part2-totalPressure: -9.60153512316352
[2024/01/07 06:30:10]  VOLUME-part1-variableVolSum: 1.000198511390372e-05
[2024/01/07 06:30:10]  Printing Primal Residual Statistics.
[2024/01/07 06:30:10]  U Residual Norm2: (0.007000442369766584 0.003023400866144656 1.15635845326179e-13)
[2024/01/07 06:30:10]  U Residual Mean: (6.338586080985644e-05 2.736091433520961e-05 1.494121951872431e-15)
[2024/01/07 06:30:10]  U Residual Max: (0.0005222342830484283 0.0002642499681209109 1.129587219285329e-14)
[2024/01/07 06:30:10]  p Residual Norm2: 0.0004340622697818137
[2024/01/07 06:30:10]  p Residual Mean: 3.069619392049147e-06
[2024/01/07 06:30:10]  p Residual Max: 0.0002030291190999411
[2024/01/07 06:30:10]  phi Residual Norm2: 4.440673294929743e-06
[2024/01/07 06:30:10]  phi Residual Mean: 1.293045473729979e-08
[2024/01/07 06:30:10]  phi Residual Max: 3.168430756173094e-07
[2024/01/07 06:30:10]  End
[2024/01/07 06:30:10]  
[2024/01/07 06:30:10]  Objective Functions: 
[2024/01/07 06:30:10]  {'PL': 5.642214099356462, 'VOLUME': 1.0001985113903716e-05, 'fail': False}
[2024/01/07 06:30:10]  Flow Runtime: 3.01492
[2024/01/07 06:30:10]  
[2024/01/07 06:30:10]  
[2024/01/07 06:30:10]  +--------------------------------------------------------------------------+
[2024/01/07 06:30:10]  |                  Evaluating Objective Functions 089                      |
[2024/01/07 06:30:10]  +--------------------------------------------------------------------------+
[2024/01/07 06:30:10]  Design Variables: 
[2024/01/07 06:30:10]  OrderedDict([('alphaPorosity', array([  1.9009355318626069,   1.8691851169084743,   1.8393631429108994,
[2024/01/07 06:30:10]         ..., 322.4228825681805   , 323.01034565895606  ,
[2024/01/07 06:30:10]         323.42653025926415  ]))])
[2024/01/07 06:30:10]  DVGeo PointSet UpToDate: False
[2024/01/07 06:30:10]  Updating DVGeo PointSet....
[2024/01/07 06:30:10]  DVGeo PointSet UpToDate: True
[2024/01/07 06:30:10]  Warping the volume mesh....
[2024/01/07 06:30:10]  Setting up primal boundary conditions based on pyOptions: 
[2024/01/07 06:30:10]  Setting primal boundary conditions...
[2024/01/07 06:30:10]  Setting U = (0.1 0 0) at inlet
[2024/01/07 06:30:10]  Setting primal boundary conditions...
[2024/01/07 06:30:10]  Setting p = 0 at outlet
[2024/01/07 06:30:10]  nuTilda not found, skip it.
[2024/01/07 06:30:10]  Setting nut wall BC for wallBoundary. BCType=nutkWallFunction
[2024/01/07 06:30:10]  Running Primal Solver 089
[2024/01/07 06:30:10]  Previous solution time 42 found and deleted.
[2024/01/07 06:30:10]  No finite volume options present
[2024/01/07 06:30:10]  
[2024/01/07 06:30:10]  Starting time loop
[2024/01/07 06:30:10]  
[2024/01/07 06:30:10]  Checking mesh quality for time = 0
[2024/01/07 06:30:10]      Overall domain bounding box (7.181318501078189e-16 -1.399990449424424e-15 -5.718082257688551e-15) (0.02999999999999962 0.01500000000001617 0.001000000000005718)
[2024/01/07 06:30:10]      Mesh has 3 geometric (non-empty/wedge) directions 3{1}
[2024/01/07 06:30:10]      Mesh has 3 solution (non-empty) directions 3{1}
[2024/01/07 06:30:10]      Boundary openness (-6.947448714353218e-18 9.793123156124281e-19 -3.04020355740097e-16) OK.
[2024/01/07 06:30:10]      Max cell openness = 3.176373552203076e-16 OK.
[2024/01/07 06:30:10]      Max aspect ratio = 3.333333333492265 OK.
[2024/01/07 06:30:15]      Minimum face area = 1.499999999935995e-07. Maximum face area = 5.000000000129904e-07.  Face area magnitudes OK.
[2024/01/07 06:30:15]      Min volume = 1.499999999944929e-10. Max volume = 1.500000000034984e-10.  Total volume = 4.500000000002841e-07.  Cell volumes OK.
[2024/01/07 06:30:15]      Mesh non-orthogonality Max: 0 average: 0
[2024/01/07 06:30:15]      Non-orthogonality check OK.
[2024/01/07 06:30:15]      Face pyramids OK.
[2024/01/07 06:30:15]      Max skewness = 9.432792296734318e-11 OK.
[2024/01/07 06:30:15]      Coupled point location match (average 0) OK.
[2024/01/07 06:30:15]  
[2024/01/07 06:30:15]  Mesh OK.
[2024/01/07 06:30:15]  
[2024/01/07 06:30:15]  Time = 1
[2024/01/07 06:30:15]  
[2024/01/07 06:30:15]  U Initial residual: (2.930206574782311e-06 6.452608171419675e-06 0.001115706324271324)
[2024/01/07 06:30:15]  U   Final residual: (1.262958044469171e-07 2.961775160044838e-07 4.364420659202087e-05)
[2024/01/07 06:30:15]  p Initial residual: 8.7083020199458e-05
[2024/01/07 06:30:15]  p   Final residual: 4.532863111995314e-06
[2024/01/07 06:30:15]  Time step continuity errors : sum local = 1.658300303787877e-05
[2024/01/07 06:30:15]                                   global = 3.442547038859575e-07
[2024/01/07 06:30:15]                               cumulative = 0.001720494392466163
[2024/01/07 06:30:15]  yPlus min: 0 max: 0 mean: 0
[2024/01/07 06:30:15]  PL-part1-totalPressure: 15.24281361298604
[2024/01/07 06:30:15]  PL-part2-totalPressure: -9.601534532314709
[2024/01/07 06:30:15]  VOLUME-part1-variableVolSum: 1.00019847412329e-05
[2024/01/07 06:30:15]  ExecutionTime = 483.62 s  ClockTime = 819 s
[2024/01/07 06:30:15]  
[2024/01/07 06:30:15]  Time = 32
[2024/01/07 06:30:15]  Minimal residual 9.922479363189272e-07 satisfied the prescribed tolerance 1e-06
[2024/01/07 06:30:15]  
[2024/01/07 06:30:15]  PL-part1-totalPressure: 15.24317233208857
[2024/01/07 06:30:15]  PL-part2-totalPressure: -9.601553537572707
[2024/01/07 06:30:15]  VOLUME-part1-variableVolSum: 1.00019847412329e-05
[2024/01/07 06:30:15]  Printing Primal Residual Statistics.
[2024/01/07 06:30:15]  U Residual Norm2: (0.004625556212154774 0.002461395552461133 1.114033281387426e-13)
[2024/01/07 06:30:15]  U Residual Mean: (4.403041893645443e-05 2.350312609662919e-05 1.44131945369231e-15)
[2024/01/07 06:30:15]  U Residual Max: (0.0003941776828859656 0.000202785332200528 1.043917424942458e-14)
[2024/01/07 06:30:15]  p Residual Norm2: 0.0004145358874853063
[2024/01/07 06:30:15]  p Residual Mean: 2.920031007620427e-06
[2024/01/07 06:30:15]  p Residual Max: 0.0001244641321162072
[2024/01/07 06:30:15]  phi Residual Norm2: 3.069941382700626e-06
[2024/01/07 06:30:15]  phi Residual Mean: 9.694199749275935e-09
[2024/01/07 06:30:15]  phi Residual Max: 2.425804124436673e-07
[2024/01/07 06:30:15]  End
[2024/01/07 06:30:15]  
[2024/01/07 06:30:15]  Objective Functions: 
[2024/01/07 06:30:15]  {'PL': 5.6416187945158605, 'VOLUME': 1.0001984741232899e-05, 'fail': False}
[2024/01/07 06:30:15]  Flow Runtime: 2.92917
[2024/01/07 06:30:15]  
[2024/01/07 06:30:15]  
[2024/01/07 06:30:15]  +--------------------------------------------------------------------------+
[2024/01/07 06:30:15]  |                  Evaluating Objective Functions 090                      |
[2024/01/07 06:30:15]  +--------------------------------------------------------------------------+
[2024/01/07 06:30:15]  Design Variables: 
[2024/01/07 06:30:15]  OrderedDict([('alphaPorosity', array([  1.9010859472124992,   1.8693304362783216,   1.8395034680800155,
[2024/01/07 06:30:15]         ..., 322.4297978959017   , 323.0174086916007   ,
[2024/01/07 06:30:15]         323.4337552978532   ]))])
[2024/01/07 06:30:15]  DVGeo PointSet UpToDate: False
[2024/01/07 06:30:15]  Updating DVGeo PointSet....
[2024/01/07 06:30:15]  DVGeo PointSet UpToDate: True
[2024/01/07 06:30:15]  Warping the volume mesh....
[2024/01/07 06:30:15]  Setting up primal boundary conditions based on pyOptions: 
[2024/01/07 06:30:15]  Setting primal boundary conditions...
[2024/01/07 06:30:15]  Setting U = (0.1 0 0) at inlet
[2024/01/07 06:30:15]  Setting primal boundary conditions...
[2024/01/07 06:30:15]  Setting p = 0 at outlet
[2024/01/07 06:30:15]  nuTilda not found, skip it.
[2024/01/07 06:30:15]  Setting nut wall BC for wallBoundary. BCType=nutkWallFunction
[2024/01/07 06:30:15]  Running Primal Solver 090
[2024/01/07 06:30:15]  Previous solution time 32 found and deleted.
[2024/01/07 06:30:15]  No finite volume options present
[2024/01/07 06:30:15]  
[2024/01/07 06:30:15]  Starting time loop
[2024/01/07 06:30:15]  
[2024/01/07 06:30:15]  Checking mesh quality for time = 0
[2024/01/07 06:30:15]      Overall domain bounding box (7.181318501078189e-16 -1.399990449424424e-15 -5.718082257688551e-15) (0.02999999999999962 0.01500000000001617 0.001000000000005718)
[2024/01/07 06:30:15]      Mesh has 3 geometric (non-empty/wedge) directions 3{1}
[2024/01/07 06:30:15]      Mesh has 3 solution (non-empty) directions 3{1}
[2024/01/07 06:30:15]      Boundary openness (-6.947448714353218e-18 9.793123156124281e-19 -3.04020355740097e-16) OK.
[2024/01/07 06:30:15]      Max cell openness = 3.176373552203076e-16 OK.
[2024/01/07 06:30:15]      Max aspect ratio = 3.333333333492265 OK.
[2024/01/07 06:30:15]      Minimum face area = 1.499999999935995e-07. Maximum face area = 5.000000000129904e-07.  Face area magnitudes OK.
[2024/01/07 06:30:15]      Min volume = 1.499999999944929e-10. Max volume = 1.500000000034984e-10.  Total volume = 4.500000000002841e-07.  Cell volumes OK.
[2024/01/07 06:30:15]      Mesh non-orthogonality Max: 0 average: 0
[2024/01/07 06:30:15]      Non-orthogonality check OK.
[2024/01/07 06:30:15]      Face pyramids OK.
[2024/01/07 06:30:15]      Max skewness = 9.432792296734318e-11 OK.
[2024/01/07 06:30:15]      Coupled point location match (average 0) OK.
[2024/01/07 06:30:15]  
[2024/01/07 06:30:15]  Mesh OK.
[2024/01/07 06:30:15]  
[2024/01/07 06:30:15]  Time = 1
[2024/01/07 06:30:15]  
[2024/01/07 06:30:15]  U Initial residual: (1.683223615853885e-06 3.647883506738733e-06 0.001076556076867585)
[2024/01/07 06:30:19]  U   Final residual: (7.508074850141192e-08 1.68874335741818e-07 4.397300391496841e-05)
[2024/01/07 06:30:19]  p Initial residual: 4.375380262212015e-05
[2024/01/07 06:30:19]  p   Final residual: 2.253082005835283e-06
[2024/01/07 06:30:19]  Time step continuity errors : sum local = 8.242684639318767e-06
[2024/01/07 06:30:19]                                   global = 1.538775249513475e-07
[2024/01/07 06:30:19]                               cumulative = 0.001720648269991114
[2024/01/07 06:30:19]  yPlus min: 0 max: 0 mean: 0
[2024/01/07 06:30:19]  PL-part1-totalPressure: 15.24271740600969
[2024/01/07 06:30:19]  PL-part2-totalPressure: -9.601554460506632
[2024/01/07 06:30:19]  VOLUME-part1-variableVolSum: 1.000198455489749e-05
[2024/01/07 06:30:19]  ExecutionTime = 485.49 s  ClockTime = 823 s
[2024/01/07 06:30:19]  
[2024/01/07 06:30:19]  Time = 25
[2024/01/07 06:30:19]  Minimal residual 9.440829170727546e-07 satisfied the prescribed tolerance 1e-06
[2024/01/07 06:30:19]  
[2024/01/07 06:30:19]  PL-part1-totalPressure: 15.24307539289093
[2024/01/07 06:30:19]  PL-part2-totalPressure: -9.601590129550024
[2024/01/07 06:30:19]  VOLUME-part1-variableVolSum: 1.000198455489749e-05
[2024/01/07 06:30:19]  Printing Primal Residual Statistics.
[2024/01/07 06:30:19]  U Residual Norm2: (0.004466710985653917 0.001665217675830512 1.152160204375932e-13)
[2024/01/07 06:30:19]  U Residual Mean: (4.413171208816475e-05 1.647186748911171e-05 1.454737422402354e-15)
[2024/01/07 06:30:19]  U Residual Max: (0.0003268137638872126 0.0001436128787146718 1.189455840931503e-14)
[2024/01/07 06:30:19]  p Residual Norm2: 0.0004232714162888102
[2024/01/07 06:30:19]  p Residual Mean: 2.935174895027781e-06
[2024/01/07 06:30:19]  p Residual Max: 0.0002052903025039597
[2024/01/07 06:30:19]  phi Residual Norm2: 2.849568998686586e-06
[2024/01/07 06:30:19]  phi Residual Mean: 8.877601958845682e-09
[2024/01/07 06:30:19]  phi Residual Max: 2.137704669971361e-07
[2024/01/07 06:30:19]  End
[2024/01/07 06:30:19]  
[2024/01/07 06:30:19]  Objective Functions: 
[2024/01/07 06:30:19]  {'PL': 5.641485263340906, 'VOLUME': 1.000198455489749e-05, 'fail': False}
[2024/01/07 06:30:19]  Flow Runtime: 2.93391
[2024/01/07 06:30:19]  
[2024/01/07 06:30:19]  
[2024/01/07 06:30:19]  +--------------------------------------------------------------------------+
[2024/01/07 06:30:19]  |                  Evaluating Objective Functions 091                      |
[2024/01/07 06:30:19]  +--------------------------------------------------------------------------+
[2024/01/07 06:30:19]  Design Variables: 
[2024/01/07 06:30:19]  OrderedDict([('alphaPorosity', array([  1.9011611548874452,   1.869403095963245 ,   1.8395736306645738,
[2024/01/07 06:30:19]         ..., 322.4332555597622   , 323.020940207923    ,
[2024/01/07 06:30:19]         323.43736781714773  ]))])
[2024/01/07 06:30:19]  DVGeo PointSet UpToDate: False
[2024/01/07 06:30:19]  Updating DVGeo PointSet....
[2024/01/07 06:30:19]  DVGeo PointSet UpToDate: True
[2024/01/07 06:30:19]  Warping the volume mesh....
[2024/01/07 06:30:19]  Setting up primal boundary conditions based on pyOptions: 
[2024/01/07 06:30:19]  Setting primal boundary conditions...
[2024/01/07 06:30:19]  Setting U = (0.1 0 0) at inlet
[2024/01/07 06:30:19]  Setting primal boundary conditions...
[2024/01/07 06:30:19]  Setting p = 0 at outlet
[2024/01/07 06:30:19]  nuTilda not found, skip it.
[2024/01/07 06:30:19]  Setting nut wall BC for wallBoundary. BCType=nutkWallFunction
[2024/01/07 06:30:19]  Running Primal Solver 091
[2024/01/07 06:30:19]  Previous solution time 25 found and deleted.
[2024/01/07 06:30:19]  No finite volume options present
[2024/01/07 06:30:19]  
[2024/01/07 06:30:19]  Starting time loop
[2024/01/07 06:30:19]  
[2024/01/07 06:30:19]  Checking mesh quality for time = 0
[2024/01/07 06:30:19]      Overall domain bounding box (7.181318501078189e-16 -1.399990449424424e-15 -5.718082257688551e-15) (0.02999999999999962 0.01500000000001617 0.001000000000005718)
[2024/01/07 06:30:19]      Mesh has 3 geometric (non-empty/wedge) directions 3{1}
[2024/01/07 06:30:19]      Mesh has 3 solution (non-empty) directions 3{1}
[2024/01/07 06:30:19]      Boundary openness (-6.947448714353218e-18 9.793123156124281e-19 -3.04020355740097e-16) OK.
[2024/01/07 06:30:19]      Max cell openness = 3.176373552203076e-16 OK.
[2024/01/07 06:30:19]      Max aspect ratio = 3.333333333492265 OK.
[2024/01/07 06:30:19]      Minimum face area = 1.499999999935995e-07. Maximum face area = 5.000000000129904e-07.  Face area magnitudes OK.
[2024/01/07 06:30:19]      Min volume = 1.499999999944929e-10. Max volume = 1.500000000034984e-10.  Total volume = 4.500000000002841e-07.  Cell volumes OK.
[2024/01/07 06:30:19]      Mesh non-orthogonality Max: 0 average: 0
[2024/01/07 06:30:19]      Non-orthogonality check OK.
[2024/01/07 06:30:19]      Face pyramids OK.
[2024/01/07 06:30:19]      Max skewness = 9.432792296734318e-11 OK.
[2024/01/07 06:30:19]      Coupled point location match (average 0) OK.
[2024/01/07 06:30:19]  
[2024/01/07 06:30:19]  Mesh OK.
[2024/01/07 06:30:19]  
[2024/01/07 06:30:19]  Time = 1
[2024/01/07 06:30:19]  
[2024/01/07 06:30:19]  U Initial residual: (1.035718146422304e-06 2.037974475453209e-06 0.001086596807879182)
[2024/01/07 06:30:19]  U   Final residual: (4.586457556074668e-08 9.28634061940675e-08 4.563175444461892e-05)
[2024/01/07 06:30:19]  p Initial residual: 2.215031827931979e-05
[2024/01/07 06:30:19]  p   Final residual: 1.129930425523288e-06
[2024/01/07 06:30:19]  Time step continuity errors : sum local = 4.133817709210073e-06
[2024/01/07 06:30:19]                                   global = 1.341096970458032e-08
[2024/01/07 06:30:19]                               cumulative = 0.001720661680960819
[2024/01/07 06:30:19]  yPlus min: 0 max: 0 mean: 0
[2024/01/07 06:30:19]  PL-part1-totalPressure: 15.24285914408519
[2024/01/07 06:30:19]  PL-part2-totalPressure: -9.601591233626555
[2024/01/07 06:30:19]  VOLUME-part1-variableVolSum: 1.000198446172979e-05
[2024/01/07 06:30:19]  ExecutionTime = 488.1 s  ClockTime = 827 s
[2024/01/07 06:30:19]  
[2024/01/07 06:30:19]  Time = 19
[2024/01/07 06:30:25]  Minimal residual 9.530889816771144e-07 satisfied the prescribed tolerance 1e-06
[2024/01/07 06:30:25]  
[2024/01/07 06:30:25]  PL-part1-totalPressure: 15.24306207907438
[2024/01/07 06:30:25]  PL-part2-totalPressure: -9.60160530589093
[2024/01/07 06:30:25]  VOLUME-part1-variableVolSum: 1.000198446172979e-05
[2024/01/07 06:30:25]  Printing Primal Residual Statistics.
[2024/01/07 06:30:25]  U Residual Norm2: (0.003592797494132185 0.001233756181372749 1.16331223570704e-13)
[2024/01/07 06:30:25]  U Residual Mean: (3.688169947398127e-05 1.186211075265245e-05 1.492697835215027e-15)
[2024/01/07 06:30:25]  U Residual Max: (0.000273795173399094 0.0001115697358424761 1.19519988783549e-14)
[2024/01/07 06:30:25]  p Residual Norm2: 0.0004282149253211966
[2024/01/07 06:30:25]  p Residual Mean: 2.833880964134739e-06
[2024/01/07 06:30:25]  p Residual Max: 0.0002162559382760288
[2024/01/07 06:30:25]  phi Residual Norm2: 2.29660894600022e-06
[2024/01/07 06:30:25]  phi Residual Mean: 7.194853208568541e-09
[2024/01/07 06:30:25]  phi Residual Max: 1.679970377145891e-07
[2024/01/07 06:30:25]  End
[2024/01/07 06:30:25]  
[2024/01/07 06:30:25]  Objective Functions: 
[2024/01/07 06:30:25]  {'PL': 5.641456773183455, 'VOLUME': 1.0001984461729789e-05, 'fail': False}
[2024/01/07 06:30:25]  Flow Runtime: 2.92768
[2024/01/07 06:30:25]  
[2024/01/07 06:30:25]  
[2024/01/07 06:30:25]  +--------------------------------------------------------------------------+
[2024/01/07 06:30:25]  |              Evaluating Objective Function Sensitivities 044             |
[2024/01/07 06:30:25]  +--------------------------------------------------------------------------+
[2024/01/07 06:30:25]  writeDeformedFFDs is deprecated since v3.0.1!
[2024/01/07 06:30:25]  Moving time 19 to 0.00000044
[2024/01/07 06:30:25]  Running adjoint Solver 044
[2024/01/07 06:30:25]  dRdWT Jacobian Free created!
[2024/01/07 06:30:25]  Solver Type: gmres
[2024/01/07 06:30:25]  GMRES Restart: 2000
[2024/01/07 06:30:25]  ASM Overlap: 1
[2024/01/07 06:30:25]  Global PC Iters: 0
[2024/01/07 06:30:25]  Local PC Iters: 1
[2024/01/07 06:30:25]  Mat ReOrdering: rcm
[2024/01/07 06:30:25]  ILU PC Fill Level: 1
[2024/01/07 06:30:25]  GMRES Max Iterations: 2000
[2024/01/07 06:30:25]  GMRES Relative Tolerance: 1e-06
[2024/01/07 06:30:25]  GMRES Absolute Tolerance: 1e-14
[2024/01/07 06:30:25]  Calculating dFdW using reverse-mode AD
[2024/01/07 06:30:25]      Adding all faces of patches 1(inlet) ...
[2024/01/07 06:30:25]      Found matching patch inlet with 0 faces.
[2024/01/07 06:30:25]      Adding all faces of patches 1(outlet) ...
[2024/01/07 06:30:25]      Found matching patch outlet with 0 faces.
[2024/01/07 06:30:25]  Solving Linear Equation... 828 s
[2024/01/07 06:30:25]  Main iteration 0 KSP Residual norm 1.968241716784e+00 828 s
[2024/01/07 06:30:25]  Main iteration 44 KSP Residual norm 1.245413236073e-06 829 s 
[2024/01/07 06:30:25]  Total iterations 44
[2024/01/07 06:30:25]  Solving Linear Equation... Completed! 829 s
[2024/01/07 06:30:25]  Residual tolerance satisfied, solution finished!
[2024/01/07 06:30:25]  Calculating dFdW using reverse-mode AD
[2024/01/07 06:30:25]      Adding cells with centre within boxes 1((-50 -50 -50) (50 50 50))
[2024/01/07 06:30:25]  Solving Linear Equation... 829 s
[2024/01/07 06:30:25]  Main iteration 0 KSP Residual norm 0.000000000000e+00 829 s
[2024/01/07 06:30:25]  Main iteration 0 KSP Residual norm 0.000000000000e+00 829 s 
[2024/01/07 06:30:25]  Total iterations 0
[2024/01/07 06:30:25]  Solving Linear Equation... Completed! 829 s
[2024/01/07 06:30:25]  Residual tolerance satisfied, solution finished!
[2024/01/07 06:30:25]  Computing total derivatives....
[2024/01/07 06:30:25]  Computing total derivatives for alphaPorosity
[2024/01/07 06:30:25]  Calculating dFdField using reverse-mode AD for alphaPorosity
[2024/01/07 06:30:25]      Adding all faces of patches 1(inlet) ...
[2024/01/07 06:30:25]      Found matching patch inlet with 0 faces.
[2024/01/07 06:30:25]      Adding all faces of patches 1(outlet) ...
[2024/01/07 06:30:25]      Found matching patch outlet with 0 faces.
[2024/01/07 06:30:25]  Calculating [dRdField]^T * Psi using reverse-mode AD
[2024/01/07 06:30:25]  Calculating dFdField using reverse-mode AD for alphaPorosity
[2024/01/07 06:30:25]      Adding cells with centre within boxes 1((-50 -50 -50) (50 50 50))
[2024/01/07 06:30:25]  Calculating [dRdField]^T * Psi using reverse-mode AD
[2024/01/07 06:30:25]  Objective Function Sensitivity: 
[2024/01/07 06:30:25]  {'PL': {'alphaPorosity': array([ 0.000928197069119 ,  0.0009440556066405,  0.0009594489336553, ...,
[2024/01/07 06:30:25]         -0.0000002089617254, -0.000000218920686 , -0.0000002259373134])}, 'VOLUME': {'alphaPorosity': array([0.000000000025, 0.000000000025, 0.000000000025, ...,
[2024/01/07 06:30:25]         0.000000000025, 0.000000000025, 0.000000000025])}, 'fail': False}
[2024/01/07 06:30:25]  Adjoint Runtime: 3.87154 s
[2024/01/07 06:30:25]    43  5.6414568e+00 0.00e+00 5.76e-02  -2.8 1.83e-04    -  1.00e+00 1.25e-01f  4
[2024/01/07 06:30:25]  
[2024/01/07 06:30:25]  
[2024/01/07 06:30:25]  +--------------------------------------------------------------------------+
[2024/01/07 06:30:25]  |                  Evaluating Objective Functions 092                      |
[2024/01/07 06:30:25]  +--------------------------------------------------------------------------+
[2024/01/07 06:30:25]  Design Variables: 
[2024/01/07 06:30:25]  OrderedDict([('alphaPorosity', array([  1.900594611531665 ,   1.8688550743957704,   1.8390438117680632,
[2024/01/07 06:30:25]         ..., 322.38874889720637  , 322.97511603858237  ,
[2024/01/07 06:30:25]         323.39010709888316  ]))])
[2024/01/07 06:30:25]  DVGeo PointSet UpToDate: False
[2024/01/07 06:30:25]  Updating DVGeo PointSet....
[2024/01/07 06:30:25]  DVGeo PointSet UpToDate: True
[2024/01/07 06:30:25]  Warping the volume mesh....
[2024/01/07 06:30:25]  Setting up primal boundary conditions based on pyOptions: 
[2024/01/07 06:30:25]  Setting primal boundary conditions...
[2024/01/07 06:30:25]  Setting U = (0.1 0 0) at inlet
[2024/01/07 06:30:25]  Setting primal boundary conditions...
[2024/01/07 06:30:31]  Setting p = 0 at outlet
[2024/01/07 06:30:31]  nuTilda not found, skip it.
[2024/01/07 06:30:31]  Setting nut wall BC for wallBoundary. BCType=nutkWallFunction
[2024/01/07 06:30:31]  Running Primal Solver 092
[2024/01/07 06:30:31]  Previous solution time 19 not found and nothing deleted.
[2024/01/07 06:30:31]  No finite volume options present
[2024/01/07 06:30:31]  
[2024/01/07 06:30:31]  Starting time loop
[2024/01/07 06:30:31]  
[2024/01/07 06:30:31]  Checking mesh quality for time = 0
[2024/01/07 06:30:31]      Overall domain bounding box (7.181318501078189e-16 -1.399990449424424e-15 -5.718082257688551e-15) (0.02999999999999962 0.01500000000001617 0.001000000000005718)
[2024/01/07 06:30:31]      Mesh has 3 geometric (non-empty/wedge) directions 3{1}
[2024/01/07 06:30:31]      Mesh has 3 solution (non-empty) directions 3{1}
[2024/01/07 06:30:31]      Boundary openness (-6.947448714353218e-18 9.793123156124281e-19 -3.04020355740097e-16) OK.
[2024/01/07 06:30:31]      Max cell openness = 3.176373552203076e-16 OK.
[2024/01/07 06:30:31]      Max aspect ratio = 3.333333333492265 OK.
[2024/01/07 06:30:31]      Minimum face area = 1.499999999935995e-07. Maximum face area = 5.000000000129904e-07.  Face area magnitudes OK.
[2024/01/07 06:30:31]      Min volume = 1.499999999944929e-10. Max volume = 1.500000000034984e-10.  Total volume = 4.500000000002841e-07.  Cell volumes OK.
[2024/01/07 06:30:31]      Mesh non-orthogonality Max: 0 average: 0
[2024/01/07 06:30:31]      Non-orthogonality check OK.
[2024/01/07 06:30:31]      Face pyramids OK.
[2024/01/07 06:30:31]      Max skewness = 9.432792296734318e-11 OK.
[2024/01/07 06:30:31]      Coupled point location match (average 0) OK.
[2024/01/07 06:30:31]  
[2024/01/07 06:30:31]  Mesh OK.
[2024/01/07 06:30:31]  
[2024/01/07 06:30:31]  Time = 1
[2024/01/07 06:30:31]  
[2024/01/07 06:30:31]  U Initial residual: (8.374507841181589e-06 1.767998778557642e-05 0.001115244559436783)
[2024/01/07 06:30:31]  U   Final residual: (8.339422797179138e-07 1.727905372677321e-06 4.853441123367555e-05)
[2024/01/07 06:30:31]  p Initial residual: 0.0003882123185019251
[2024/01/07 06:30:31]  p   Final residual: 3.174528759183126e-05
[2024/01/07 06:30:31]  Time step continuity errors : sum local = 0.000116158254380995
[2024/01/07 06:30:31]                                   global = -1.101375634972673e-06
[2024/01/07 06:30:31]                               cumulative = 0.001719560305325846
[2024/01/07 06:30:31]  yPlus min: 0 max: 0 mean: 0
[2024/01/07 06:30:31]  PL-part1-totalPressure: 15.24476591032803
[2024/01/07 06:30:31]  PL-part2-totalPressure: -9.601604597133049
[2024/01/07 06:30:31]  VOLUME-part1-variableVolSum: 1.000198078629886e-05
[2024/01/07 06:30:31]  ExecutionTime = 493.18 s  ClockTime = 835 s
[2024/01/07 06:30:31]  
[2024/01/07 06:30:31]  Time = 49
[2024/01/07 06:30:31]  Minimal residual 9.647676724798652e-07 satisfied the prescribed tolerance 1e-06
[2024/01/07 06:30:31]  
[2024/01/07 06:30:31]  PL-part1-totalPressure: 15.24378204653799
[2024/01/07 06:30:31]  PL-part2-totalPressure: -9.601497508922831
[2024/01/07 06:30:31]  VOLUME-part1-variableVolSum: 1.000198078629886e-05
[2024/01/07 06:30:31]  Printing Primal Residual Statistics.
[2024/01/07 06:30:31]  U Residual Norm2: (0.006062090718430611 0.002882377964522978 1.151030904721248e-13)
[2024/01/07 06:30:31]  U Residual Mean: (5.222837897036485e-05 2.480699530912462e-05 1.48662432936947e-15)
[2024/01/07 06:30:31]  U Residual Max: (0.0004690044408355298 0.0002515171587833542 1.039406227866565e-14)
[2024/01/07 06:30:31]  p Residual Norm2: 0.0004701281400980007
[2024/01/07 06:30:31]  p Residual Mean: 2.819613930288006e-06
[2024/01/07 06:30:31]  p Residual Max: 0.0002720572524776111
[2024/01/07 06:30:31]  phi Residual Norm2: 3.793840117089138e-06
[2024/01/07 06:30:31]  phi Residual Mean: 1.06882054264975e-08
[2024/01/07 06:30:31]  phi Residual Max: 2.906156697553724e-07
[2024/01/07 06:30:31]  End
[2024/01/07 06:30:31]  
[2024/01/07 06:30:31]  Objective Functions: 
[2024/01/07 06:30:31]  {'PL': 5.64228453761516, 'VOLUME': 1.0001980786298863e-05, 'fail': False}
[2024/01/07 06:30:31]  Flow Runtime: 3.05715
[2024/01/07 06:30:31]  
[2024/01/07 06:30:31]  
[2024/01/07 06:30:31]  +--------------------------------------------------------------------------+
[2024/01/07 06:30:31]  |                  Evaluating Objective Functions 093                      |
[2024/01/07 06:30:31]  +--------------------------------------------------------------------------+
[2024/01/07 06:30:31]  Design Variables: 
[2024/01/07 06:30:31]  OrderedDict([('alphaPorosity', array([  1.9008778832095552,   1.8691290851795077,   1.8393087212163184,
[2024/01/07 06:30:31]         ..., 322.4110022284843   , 322.9980281232527   ,
[2024/01/07 06:30:31]         323.4137374580155   ]))])
[2024/01/07 06:30:31]  DVGeo PointSet UpToDate: False
[2024/01/07 06:30:31]  Updating DVGeo PointSet....
[2024/01/07 06:30:31]  DVGeo PointSet UpToDate: True
[2024/01/07 06:30:31]  Warping the volume mesh....
[2024/01/07 06:30:31]  Setting up primal boundary conditions based on pyOptions: 
[2024/01/07 06:30:31]  Setting primal boundary conditions...
[2024/01/07 06:30:31]  Setting U = (0.1 0 0) at inlet
[2024/01/07 06:30:31]  Setting primal boundary conditions...
[2024/01/07 06:30:31]  Setting p = 0 at outlet
[2024/01/07 06:30:31]  nuTilda not found, skip it.
[2024/01/07 06:30:31]  Setting nut wall BC for wallBoundary. BCType=nutkWallFunction
[2024/01/07 06:30:31]  Running Primal Solver 093
[2024/01/07 06:30:31]  Previous solution time 49 found and deleted.
[2024/01/07 06:30:31]  No finite volume options present
[2024/01/07 06:30:31]  
[2024/01/07 06:30:31]  Starting time loop
[2024/01/07 06:30:31]  
[2024/01/07 06:30:31]  Checking mesh quality for time = 0
[2024/01/07 06:30:31]      Overall domain bounding box (7.181318501078189e-16 -1.399990449424424e-15 -5.718082257688551e-15) (0.02999999999999962 0.01500000000001617 0.001000000000005718)
[2024/01/07 06:30:31]      Mesh has 3 geometric (non-empty/wedge) directions 3{1}
[2024/01/07 06:30:31]      Mesh has 3 solution (non-empty) directions 3{1}
[2024/01/07 06:30:37]      Boundary openness (-6.947448714353218e-18 9.793123156124281e-19 -3.04020355740097e-16) OK.
[2024/01/07 06:30:37]      Max cell openness = 3.176373552203076e-16 OK.
[2024/01/07 06:30:37]      Max aspect ratio = 3.333333333492265 OK.
[2024/01/07 06:30:37]      Minimum face area = 1.499999999935995e-07. Maximum face area = 5.000000000129904e-07.  Face area magnitudes OK.
[2024/01/07 06:30:37]      Min volume = 1.499999999944929e-10. Max volume = 1.500000000034984e-10.  Total volume = 4.500000000002841e-07.  Cell volumes OK.
[2024/01/07 06:30:37]      Mesh non-orthogonality Max: 0 average: 0
[2024/01/07 06:30:37]      Non-orthogonality check OK.
[2024/01/07 06:30:37]      Face pyramids OK.
[2024/01/07 06:30:37]      Max skewness = 9.432792296734318e-11 OK.
[2024/01/07 06:30:37]      Coupled point location match (average 0) OK.
[2024/01/07 06:30:37]  
[2024/01/07 06:30:37]  Mesh OK.
[2024/01/07 06:30:37]  
[2024/01/07 06:30:37]  Time = 1
[2024/01/07 06:30:37]  
[2024/01/07 06:30:37]  U Initial residual: (4.445734576509621e-06 9.750394711289051e-06 0.00110978619489679)
[2024/01/07 06:30:37]  U   Final residual: (4.391666093040316e-07 9.602800940454314e-07 4.647162943504942e-05)
[2024/01/07 06:30:37]  p Initial residual: 0.0001940143508646201
[2024/01/07 06:30:37]  p   Final residual: 1.579869582462761e-05
[2024/01/07 06:30:37]  Time step continuity errors : sum local = 5.781248144580624e-05
[2024/01/07 06:30:37]                                   global = 6.485742654589352e-07
[2024/01/07 06:30:37]                               cumulative = 0.001720208879591305
[2024/01/07 06:30:37]  yPlus min: 0 max: 0 mean: 0
[2024/01/07 06:30:37]  PL-part1-totalPressure: 15.24292963263986
[2024/01/07 06:30:37]  PL-part2-totalPressure: -9.601496444979658
[2024/01/07 06:30:37]  VOLUME-part1-variableVolSum: 1.000198262401433e-05
[2024/01/07 06:30:37]  ExecutionTime = 496.58 s  ClockTime = 841 s
[2024/01/07 06:30:37]  
[2024/01/07 06:30:37]  Time = 37
[2024/01/07 06:30:37]  Minimal residual 9.428391488179697e-07 satisfied the prescribed tolerance 1e-06
[2024/01/07 06:30:37]  
[2024/01/07 06:30:37]  PL-part1-totalPressure: 15.24327031035915
[2024/01/07 06:30:37]  PL-part2-totalPressure: -9.60153793587272
[2024/01/07 06:30:37]  VOLUME-part1-variableVolSum: 1.000198262401433e-05
[2024/01/07 06:30:37]  Printing Primal Residual Statistics.
[2024/01/07 06:30:37]  U Residual Norm2: (0.004410140594807637 0.00221541171113028 1.20408989876827e-13)
[2024/01/07 06:30:37]  U Residual Mean: (3.990631419233781e-05 2.15736747351543e-05 1.546137314995447e-15)
[2024/01/07 06:30:37]  U Residual Max: (0.0003833298516657813 0.00016780995610155 1.188911733849154e-14)
[2024/01/07 06:30:37]  p Residual Norm2: 0.0003284545773751683
[2024/01/07 06:30:37]  p Residual Mean: 2.583276323640103e-06
[2024/01/07 06:30:37]  p Residual Max: 7.990530562310503e-05
[2024/01/07 06:30:37]  phi Residual Norm2: 2.882497156478033e-06
[2024/01/07 06:30:37]  phi Residual Mean: 8.685443931719485e-09
[2024/01/07 06:30:37]  phi Residual Max: 2.519647705373486e-07
[2024/01/07 06:30:37]  End
[2024/01/07 06:30:37]  
[2024/01/07 06:30:37]  Objective Functions: 
[2024/01/07 06:30:37]  {'PL': 5.6417323744864305, 'VOLUME': 1.0001982624014326e-05, 'fail': False}
[2024/01/07 06:30:37]  Flow Runtime: 3.05056
[2024/01/07 06:30:37]  
[2024/01/07 06:30:37]  
[2024/01/07 06:30:37]  +--------------------------------------------------------------------------+
[2024/01/07 06:30:37]  |                  Evaluating Objective Functions 094                      |
[2024/01/07 06:30:37]  +--------------------------------------------------------------------------+
[2024/01/07 06:30:37]  Design Variables: 
[2024/01/07 06:30:37]  OrderedDict([('alphaPorosity', array([  1.9010195190485   ,   1.8692660905713765,   1.8394411759404463,
[2024/01/07 06:30:37]         ..., 322.42212889412326  , 323.0094841655878   ,
[2024/01/07 06:30:37]         323.4255526375816   ]))])
[2024/01/07 06:30:37]  DVGeo PointSet UpToDate: False
[2024/01/07 06:30:37]  Updating DVGeo PointSet....
[2024/01/07 06:30:37]  DVGeo PointSet UpToDate: True
[2024/01/07 06:30:37]  Warping the volume mesh....
[2024/01/07 06:30:37]  Setting up primal boundary conditions based on pyOptions: 
[2024/01/07 06:30:37]  Setting primal boundary conditions...
[2024/01/07 06:30:37]  Setting U = (0.1 0 0) at inlet
[2024/01/07 06:30:37]  Setting primal boundary conditions...
[2024/01/07 06:30:37]  Setting p = 0 at outlet
[2024/01/07 06:30:37]  nuTilda not found, skip it.
[2024/01/07 06:30:37]  Setting nut wall BC for wallBoundary. BCType=nutkWallFunction
[2024/01/07 06:30:37]  Running Primal Solver 094
[2024/01/07 06:30:37]  Previous solution time 37 found and deleted.
[2024/01/07 06:30:37]  No finite volume options present
[2024/01/07 06:30:37]  
[2024/01/07 06:30:37]  Starting time loop
[2024/01/07 06:30:37]  
[2024/01/07 06:30:37]  Checking mesh quality for time = 0
[2024/01/07 06:30:37]      Overall domain bounding box (7.181318501078189e-16 -1.399990449424424e-15 -5.718082257688551e-15) (0.02999999999999962 0.01500000000001617 0.001000000000005718)
[2024/01/07 06:30:37]      Mesh has 3 geometric (non-empty/wedge) directions 3{1}
[2024/01/07 06:30:37]      Mesh has 3 solution (non-empty) directions 3{1}
[2024/01/07 06:30:37]      Boundary openness (-6.947448714353218e-18 9.793123156124281e-19 -3.04020355740097e-16) OK.
[2024/01/07 06:30:37]      Max cell openness = 3.176373552203076e-16 OK.
[2024/01/07 06:30:37]      Max aspect ratio = 3.333333333492265 OK.
[2024/01/07 06:30:37]      Minimum face area = 1.499999999935995e-07. Maximum face area = 5.000000000129904e-07.  Face area magnitudes OK.
[2024/01/07 06:30:37]      Min volume = 1.499999999944929e-10. Max volume = 1.500000000034984e-10.  Total volume = 4.500000000002841e-07.  Cell volumes OK.
[2024/01/07 06:30:37]      Mesh non-orthogonality Max: 0 average: 0
[2024/01/07 06:30:37]      Non-orthogonality check OK.
[2024/01/07 06:30:37]      Face pyramids OK.
[2024/01/07 06:30:37]      Max skewness = 9.432792296734318e-11 OK.
[2024/01/07 06:30:41]      Coupled point location match (average 0) OK.
[2024/01/07 06:30:41]  
[2024/01/07 06:30:41]  Mesh OK.
[2024/01/07 06:30:41]  
[2024/01/07 06:30:41]  Time = 1
[2024/01/07 06:30:41]  
[2024/01/07 06:30:41]  U Initial residual: (2.423801361379674e-06 5.23705374611237e-06 0.001155060073268148)
[2024/01/07 06:30:41]  U   Final residual: (8.904402235605648e-08 1.911256189840458e-07 4.883494204430582e-05)
[2024/01/07 06:30:41]  p Initial residual: 9.808984695799599e-05
[2024/01/07 06:30:41]  p   Final residual: 8.242937321709088e-06
[2024/01/07 06:30:41]  Time step continuity errors : sum local = 3.015980021930273e-05
[2024/01/07 06:30:41]                                   global = 2.264918922694284e-07
[2024/01/07 06:30:41]                               cumulative = 0.001720435371483574
[2024/01/07 06:30:41]  yPlus min: 0 max: 0 mean: 0
[2024/01/07 06:30:41]  PL-part1-totalPressure: 15.24282681465249
[2024/01/07 06:30:41]  PL-part2-totalPressure: -9.601539309966805
[2024/01/07 06:30:41]  VOLUME-part1-variableVolSum: 1.000198354287206e-05
[2024/01/07 06:30:41]  ExecutionTime = 498.49 s  ClockTime = 845 s
[2024/01/07 06:30:41]  
[2024/01/07 06:30:41]  Time = 30
[2024/01/07 06:30:41]  Minimal residual 9.228615426426898e-07 satisfied the prescribed tolerance 1e-06
[2024/01/07 06:30:41]  
[2024/01/07 06:30:41]  PL-part1-totalPressure: 15.24320777304288
[2024/01/07 06:30:41]  PL-part2-totalPressure: -9.601582733888677
[2024/01/07 06:30:41]  VOLUME-part1-variableVolSum: 1.000198354287206e-05
[2024/01/07 06:30:41]  Printing Primal Residual Statistics.
[2024/01/07 06:30:41]  U Residual Norm2: (0.003416995690733058 0.001253468978261621 1.155801892630564e-13)
[2024/01/07 06:30:41]  U Residual Mean: (3.320407154110027e-05 1.203376418779982e-05 1.482536597019402e-15)
[2024/01/07 06:30:41]  U Residual Max: (0.0002791383674831671 0.0001325086522138141 1.102839592561252e-14)
[2024/01/07 06:30:41]  p Residual Norm2: 0.0004754653433768999
[2024/01/07 06:30:41]  p Residual Mean: 2.573449307463924e-06
[2024/01/07 06:30:41]  p Residual Max: 0.0002828280450733289
[2024/01/07 06:30:41]  phi Residual Norm2: 2.153326906268082e-06
[2024/01/07 06:30:41]  phi Residual Mean: 6.55268424454055e-09
[2024/01/07 06:30:41]  phi Residual Max: 1.788190877524872e-07
[2024/01/07 06:30:41]  End
[2024/01/07 06:30:41]  
[2024/01/07 06:30:41]  Objective Functions: 
[2024/01/07 06:30:41]  {'PL': 5.641625039154205, 'VOLUME': 1.0001983542872056e-05, 'fail': False}
[2024/01/07 06:30:41]  Flow Runtime: 2.94992
[2024/01/07 06:30:41]  
[2024/01/07 06:30:41]  
[2024/01/07 06:30:41]  +--------------------------------------------------------------------------+
[2024/01/07 06:30:41]  |                  Evaluating Objective Functions 095                      |
[2024/01/07 06:30:41]  +--------------------------------------------------------------------------+
[2024/01/07 06:30:41]  Design Variables: 
[2024/01/07 06:30:41]  OrderedDict([('alphaPorosity', array([  1.9010903369679728,   1.8693345932673107,   1.8395074033025098,
[2024/01/07 06:30:41]         ..., 322.4276922269427   , 323.01521218675543  ,
[2024/01/07 06:30:41]         323.4314602273647   ]))])
[2024/01/07 06:30:41]  DVGeo PointSet UpToDate: False
[2024/01/07 06:30:41]  Updating DVGeo PointSet....
[2024/01/07 06:30:41]  DVGeo PointSet UpToDate: True
[2024/01/07 06:30:41]  Warping the volume mesh....
[2024/01/07 06:30:41]  Setting up primal boundary conditions based on pyOptions: 
[2024/01/07 06:30:41]  Setting primal boundary conditions...
[2024/01/07 06:30:41]  Setting U = (0.1 0 0) at inlet
[2024/01/07 06:30:41]  Setting primal boundary conditions...
[2024/01/07 06:30:41]  Setting p = 0 at outlet
[2024/01/07 06:30:41]  nuTilda not found, skip it.
[2024/01/07 06:30:41]  Setting nut wall BC for wallBoundary. BCType=nutkWallFunction
[2024/01/07 06:30:41]  Running Primal Solver 095
[2024/01/07 06:30:41]  Previous solution time 30 found and deleted.
[2024/01/07 06:30:41]  No finite volume options present
[2024/01/07 06:30:41]  
[2024/01/07 06:30:41]  Starting time loop
[2024/01/07 06:30:41]  
[2024/01/07 06:30:41]  Checking mesh quality for time = 0
[2024/01/07 06:30:41]      Overall domain bounding box (7.181318501078189e-16 -1.399990449424424e-15 -5.718082257688551e-15) (0.02999999999999962 0.01500000000001617 0.001000000000005718)
[2024/01/07 06:30:41]      Mesh has 3 geometric (non-empty/wedge) directions 3{1}
[2024/01/07 06:30:41]      Mesh has 3 solution (non-empty) directions 3{1}
[2024/01/07 06:30:41]      Boundary openness (-6.947448714353218e-18 9.793123156124281e-19 -3.04020355740097e-16) OK.
[2024/01/07 06:30:41]      Max cell openness = 3.176373552203076e-16 OK.
[2024/01/07 06:30:41]      Max aspect ratio = 3.333333333492265 OK.
[2024/01/07 06:30:41]      Minimum face area = 1.499999999935995e-07. Maximum face area = 5.000000000129904e-07.  Face area magnitudes OK.
[2024/01/07 06:30:41]      Min volume = 1.499999999944929e-10. Max volume = 1.500000000034984e-10.  Total volume = 4.500000000002841e-07.  Cell volumes OK.
[2024/01/07 06:30:41]      Mesh non-orthogonality Max: 0 average: 0
[2024/01/07 06:30:41]      Non-orthogonality check OK.
[2024/01/07 06:30:41]      Face pyramids OK.
[2024/01/07 06:30:41]      Max skewness = 9.432792296734318e-11 OK.
[2024/01/07 06:30:41]      Coupled point location match (average 0) OK.
[2024/01/07 06:30:41]  
[2024/01/07 06:30:41]  Mesh OK.
[2024/01/07 06:30:41]  
[2024/01/07 06:30:41]  Time = 1
[2024/01/07 06:30:41]  
[2024/01/07 06:30:41]  U Initial residual: (1.327441144338718e-06 2.667620002135394e-06 0.001107051130929839)
[2024/01/07 06:30:41]  U   Final residual: (4.874797935177697e-08 9.874604023920739e-08 4.593248727388957e-05)
[2024/01/07 06:30:41]  p Initial residual: 4.93075520738469e-05
[2024/01/07 06:30:41]  p   Final residual: 4.140847598044917e-06
[2024/01/07 06:30:41]  Time step continuity errors : sum local = 1.51501346270858e-05
[2024/01/07 06:30:41]                                   global = 5.057661344362405e-08
[2024/01/07 06:30:41]                               cumulative = 0.001720485948097018
[2024/01/07 06:30:41]  yPlus min: 0 max: 0 mean: 0
[2024/01/07 06:30:41]  PL-part1-totalPressure: 15.24298770020963
[2024/01/07 06:30:45]  PL-part2-totalPressure: -9.601582924919249
[2024/01/07 06:30:45]  VOLUME-part1-variableVolSum: 1.000198400230093e-05
[2024/01/07 06:30:45]  ExecutionTime = 500.35 s  ClockTime = 849 s
[2024/01/07 06:30:45]  
[2024/01/07 06:30:45]  Time = 22
[2024/01/07 06:30:45]  Minimal residual 9.757546673283955e-07 satisfied the prescribed tolerance 1e-06
[2024/01/07 06:30:45]  
[2024/01/07 06:30:45]  PL-part1-totalPressure: 15.24315892825845
[2024/01/07 06:30:45]  PL-part2-totalPressure: -9.601590906662043
[2024/01/07 06:30:45]  VOLUME-part1-variableVolSum: 1.000198400230093e-05
[2024/01/07 06:30:45]  Printing Primal Residual Statistics.
[2024/01/07 06:30:45]  U Residual Norm2: (0.002723779504629659 0.001083784042253141 1.140148575253982e-13)
[2024/01/07 06:30:45]  U Residual Mean: (2.734614716041814e-05 1.041054875287695e-05 1.47865828736268e-15)
[2024/01/07 06:30:45]  U Residual Max: (0.0002282869571075263 0.0001054254726469139 1.12142356516568e-14)
[2024/01/07 06:30:45]  p Residual Norm2: 0.0003720146791365341
[2024/01/07 06:30:45]  p Residual Mean: 2.704356269413034e-06
[2024/01/07 06:30:45]  p Residual Max: 0.0001859831878561318
[2024/01/07 06:30:45]  phi Residual Norm2: 1.769535781870347e-06
[2024/01/07 06:30:45]  phi Residual Mean: 5.53046487506972e-09
[2024/01/07 06:30:45]  phi Residual Max: 1.510252971337367e-07
[2024/01/07 06:30:45]  End
[2024/01/07 06:30:45]  
[2024/01/07 06:30:45]  Objective Functions: 
[2024/01/07 06:30:45]  {'PL': 5.641568021596408, 'VOLUME': 1.0001984002300926e-05, 'fail': False}
[2024/01/07 06:30:45]  Flow Runtime: 2.94859
[2024/01/07 06:30:45]  
[2024/01/07 06:30:45]  
[2024/01/07 06:30:45]  +--------------------------------------------------------------------------+
[2024/01/07 06:30:45]  |                  Evaluating Objective Functions 096                      |
[2024/01/07 06:30:45]  +--------------------------------------------------------------------------+
[2024/01/07 06:30:45]  Design Variables: 
[2024/01/07 06:30:45]  OrderedDict([('alphaPorosity', array([  1.9011257459277089,   1.8693688446152779,   1.839540516983542 ,
[2024/01/07 06:30:45]         ..., 322.4304738933525   , 323.01807619733927  ,
[2024/01/07 06:30:45]         323.4344140222562   ]))])
[2024/01/07 06:30:45]  DVGeo PointSet UpToDate: False
[2024/01/07 06:30:45]  Updating DVGeo PointSet....
[2024/01/07 06:30:45]  DVGeo PointSet UpToDate: True
[2024/01/07 06:30:45]  Warping the volume mesh....
[2024/01/07 06:30:45]  Setting up primal boundary conditions based on pyOptions: 
[2024/01/07 06:30:45]  Setting primal boundary conditions...
[2024/01/07 06:30:45]  Setting U = (0.1 0 0) at inlet
[2024/01/07 06:30:45]  Setting primal boundary conditions...
[2024/01/07 06:30:45]  Setting p = 0 at outlet
[2024/01/07 06:30:45]  nuTilda not found, skip it.
[2024/01/07 06:30:45]  Setting nut wall BC for wallBoundary. BCType=nutkWallFunction
[2024/01/07 06:30:45]  Running Primal Solver 096
[2024/01/07 06:30:45]  Previous solution time 22 found and deleted.
[2024/01/07 06:30:45]  No finite volume options present
[2024/01/07 06:30:45]  
[2024/01/07 06:30:45]  Starting time loop
[2024/01/07 06:30:45]  
[2024/01/07 06:30:45]  Checking mesh quality for time = 0
[2024/01/07 06:30:45]      Overall domain bounding box (7.181318501078189e-16 -1.399990449424424e-15 -5.718082257688551e-15) (0.02999999999999962 0.01500000000001617 0.001000000000005718)
[2024/01/07 06:30:45]      Mesh has 3 geometric (non-empty/wedge) directions 3{1}
[2024/01/07 06:30:45]      Mesh has 3 solution (non-empty) directions 3{1}
[2024/01/07 06:30:45]      Boundary openness (-6.947448714353218e-18 9.793123156124281e-19 -3.04020355740097e-16) OK.
[2024/01/07 06:30:45]      Max cell openness = 3.176373552203076e-16 OK.
[2024/01/07 06:30:45]      Max aspect ratio = 3.333333333492265 OK.
[2024/01/07 06:30:45]      Minimum face area = 1.499999999935995e-07. Maximum face area = 5.000000000129904e-07.  Face area magnitudes OK.
[2024/01/07 06:30:45]      Min volume = 1.499999999944929e-10. Max volume = 1.500000000034984e-10.  Total volume = 4.500000000002841e-07.  Cell volumes OK.
[2024/01/07 06:30:45]      Mesh non-orthogonality Max: 0 average: 0
[2024/01/07 06:30:45]      Non-orthogonality check OK.
[2024/01/07 06:30:45]      Face pyramids OK.
[2024/01/07 06:30:45]      Max skewness = 9.432792296734318e-11 OK.
[2024/01/07 06:30:45]      Coupled point location match (average 0) OK.
[2024/01/07 06:30:45]  
[2024/01/07 06:30:45]  Mesh OK.
[2024/01/07 06:30:45]  
[2024/01/07 06:30:45]  Time = 1
[2024/01/07 06:30:45]  
[2024/01/07 06:30:45]  U Initial residual: (7.48222337952051e-07 1.506670818499674e-06 0.001104468177977507)
[2024/01/07 06:30:45]  U   Final residual: (2.808350100877101e-08 5.65325640829529e-08 4.307095887290026e-05)
[2024/01/07 06:30:45]  p Initial residual: 2.481823356226471e-05
[2024/01/07 06:30:45]  p   Final residual: 2.060464596631647e-06
[2024/01/07 06:30:45]  Time step continuity errors : sum local = 7.538455582495581e-06
[2024/01/07 06:30:45]                                   global = 1.998376551680051e-09
[2024/01/07 06:30:45]                               cumulative = 0.00172048794647357
[2024/01/07 06:30:45]  yPlus min: 0 max: 0 mean: 0
[2024/01/07 06:30:45]  PL-part1-totalPressure: 15.24305125778134
[2024/01/07 06:30:45]  PL-part2-totalPressure: -9.6015914913917
[2024/01/07 06:30:45]  VOLUME-part1-variableVolSum: 1.000198423201536e-05
[2024/01/07 06:30:45]  ExecutionTime = 502.29 s  ClockTime = 852 s
[2024/01/07 06:30:45]  
[2024/01/07 06:30:45]  Time = 17
[2024/01/07 06:30:45]  Minimal residual 9.248008614975354e-07 satisfied the prescribed tolerance 1e-06
[2024/01/07 06:30:45]  
[2024/01/07 06:30:45]  PL-part1-totalPressure: 15.24314512567905
[2024/01/07 06:30:45]  PL-part2-totalPressure: -9.601597608693927
[2024/01/07 06:30:45]  VOLUME-part1-variableVolSum: 1.000198423201536e-05
[2024/01/07 06:30:45]  Printing Primal Residual Statistics.
[2024/01/07 06:30:45]  U Residual Norm2: (0.002165932705385812 0.0007241475770399587 1.142551314633445e-13)
[2024/01/07 06:30:45]  U Residual Mean: (2.227806145747864e-05 7.584322594274685e-06 1.476818404688047e-15)
[2024/01/07 06:30:49]  U Residual Max: (0.0001596929338503195 6.62586742554705e-05 1.008345726689684e-14)
[2024/01/07 06:30:49]  p Residual Norm2: 0.000331579737960371
[2024/01/07 06:30:49]  p Residual Mean: 2.394375755895397e-06
[2024/01/07 06:30:49]  p Residual Max: 0.0001438439250823851
[2024/01/07 06:30:49]  phi Residual Norm2: 1.393506278129546e-06
[2024/01/07 06:30:49]  phi Residual Mean: 4.464921097157204e-09
[2024/01/07 06:30:49]  phi Residual Max: 1.098774925944665e-07
[2024/01/07 06:30:49]  End
[2024/01/07 06:30:49]  
[2024/01/07 06:30:49]  Objective Functions: 
[2024/01/07 06:30:49]  {'PL': 5.641547516985119, 'VOLUME': 1.000198423201536e-05, 'fail': False}
[2024/01/07 06:30:49]  Flow Runtime: 2.90361
[2024/01/07 06:30:49]  
[2024/01/07 06:30:49]  
[2024/01/07 06:30:49]  +--------------------------------------------------------------------------+
[2024/01/07 06:30:49]  |                  Evaluating Objective Functions 097                      |
[2024/01/07 06:30:49]  +--------------------------------------------------------------------------+
[2024/01/07 06:30:49]  Design Variables: 
[2024/01/07 06:30:49]  OrderedDict([('alphaPorosity', array([  1.901143450407577 ,   1.8693859702892615,   1.8395570738240579,
[2024/01/07 06:30:49]         ..., 322.43186472655736  , 323.01950820263113  ,
[2024/01/07 06:30:49]         323.43589091970193  ]))])
[2024/01/07 06:30:49]  DVGeo PointSet UpToDate: False
[2024/01/07 06:30:49]  Updating DVGeo PointSet....
[2024/01/07 06:30:49]  DVGeo PointSet UpToDate: True
[2024/01/07 06:30:49]  Warping the volume mesh....
[2024/01/07 06:30:49]  Setting up primal boundary conditions based on pyOptions: 
[2024/01/07 06:30:49]  Setting primal boundary conditions...
[2024/01/07 06:30:49]  Setting U = (0.1 0 0) at inlet
[2024/01/07 06:30:49]  Setting primal boundary conditions...
[2024/01/07 06:30:49]  Setting p = 0 at outlet
[2024/01/07 06:30:49]  nuTilda not found, skip it.
[2024/01/07 06:30:49]  Setting nut wall BC for wallBoundary. BCType=nutkWallFunction
[2024/01/07 06:30:49]  Running Primal Solver 097
[2024/01/07 06:30:49]  Previous solution time 17 found and deleted.
[2024/01/07 06:30:49]  No finite volume options present
[2024/01/07 06:30:49]  
[2024/01/07 06:30:49]  Starting time loop
[2024/01/07 06:30:49]  
[2024/01/07 06:30:49]  Checking mesh quality for time = 0
[2024/01/07 06:30:49]      Overall domain bounding box (7.181318501078189e-16 -1.399990449424424e-15 -5.718082257688551e-15) (0.02999999999999962 0.01500000000001617 0.001000000000005718)
[2024/01/07 06:30:49]      Mesh has 3 geometric (non-empty/wedge) directions 3{1}
[2024/01/07 06:30:49]      Mesh has 3 solution (non-empty) directions 3{1}
[2024/01/07 06:30:49]      Boundary openness (-6.947448714353218e-18 9.793123156124281e-19 -3.04020355740097e-16) OK.
[2024/01/07 06:30:49]      Max cell openness = 3.176373552203076e-16 OK.
[2024/01/07 06:30:49]      Max aspect ratio = 3.333333333492265 OK.
[2024/01/07 06:30:49]      Minimum face area = 1.499999999935995e-07. Maximum face area = 5.000000000129904e-07.  Face area magnitudes OK.
[2024/01/07 06:30:49]      Min volume = 1.499999999944929e-10. Max volume = 1.500000000034984e-10.  Total volume = 4.500000000002841e-07.  Cell volumes OK.
[2024/01/07 06:30:49]      Mesh non-orthogonality Max: 0 average: 0
[2024/01/07 06:30:49]      Non-orthogonality check OK.
[2024/01/07 06:30:49]      Face pyramids OK.
[2024/01/07 06:30:49]      Max skewness = 9.432792296734318e-11 OK.
[2024/01/07 06:30:49]      Coupled point location match (average 0) OK.
[2024/01/07 06:30:49]  
[2024/01/07 06:30:49]  Mesh OK.
[2024/01/07 06:30:49]  
[2024/01/07 06:30:49]  Time = 1
[2024/01/07 06:30:49]  
[2024/01/07 06:30:49]  U Initial residual: (4.416035127709258e-07 8.463010831080752e-07 0.001103133113780455)
[2024/01/07 06:30:49]  U   Final residual: (1.686005942708089e-08 3.315562032941614e-08 4.527502180832464e-05)
[2024/01/07 06:30:49]  p Initial residual: 1.252658161535395e-05
[2024/01/07 06:30:49]  p   Final residual: 1.110538243635972e-06
[2024/01/07 06:30:49]  Time step continuity errors : sum local = 4.062994052558305e-06
[2024/01/07 06:30:49]                                   global = 2.24258952374948e-08
[2024/01/07 06:30:49]                               cumulative = 0.001720510372368807
[2024/01/07 06:30:49]  yPlus min: 0 max: 0 mean: 0
[2024/01/07 06:30:49]  PL-part1-totalPressure: 15.24309732162336
[2024/01/07 06:30:49]  PL-part2-totalPressure: -9.601597863416977
[2024/01/07 06:30:49]  VOLUME-part1-variableVolSum: 1.000198434687257e-05
[2024/01/07 06:30:49]  ExecutionTime = 504.14 s  ClockTime = 856 s
[2024/01/07 06:30:49]  
[2024/01/07 06:30:49]  Time = 13
[2024/01/07 06:30:49]  Minimal residual 8.995981624448856e-07 satisfied the prescribed tolerance 1e-06
[2024/01/07 06:30:49]  
[2024/01/07 06:30:49]  PL-part1-totalPressure: 15.24314295423931
[2024/01/07 06:30:49]  PL-part2-totalPressure: -9.601600538350215
[2024/01/07 06:30:49]  VOLUME-part1-variableVolSum: 1.000198434687257e-05
[2024/01/07 06:30:49]  Printing Primal Residual Statistics.
[2024/01/07 06:30:49]  U Residual Norm2: (0.001746648725119855 0.0006423074191638146 1.12326291563372e-13)
[2024/01/07 06:30:49]  U Residual Mean: (1.814895080401921e-05 6.51824305799398e-06 1.456482530634001e-15)
[2024/01/07 06:30:49]  U Residual Max: (0.0001228207473344956 5.742049541312966e-05 9.750107607928468e-15)
[2024/01/07 06:30:49]  p Residual Norm2: 0.0003403149221433334
[2024/01/07 06:30:49]  p Residual Mean: 2.416918742316137e-06
[2024/01/07 06:30:49]  p Residual Max: 0.0001125848492756685
[2024/01/07 06:30:49]  phi Residual Norm2: 1.138720198487046e-06
[2024/01/07 06:30:49]  phi Residual Mean: 3.832401450603934e-09
[2024/01/07 06:30:49]  phi Residual Max: 8.327080333850854e-08
[2024/01/07 06:30:49]  End
[2024/01/07 06:30:49]  
[2024/01/07 06:30:49]  Objective Functions: 
[2024/01/07 06:30:49]  {'PL': 5.6415424158890914, 'VOLUME': 1.0001984346872572e-05, 'fail': False}
[2024/01/07 06:30:49]  Flow Runtime: 2.84272
[2024/01/07 06:30:49]  
[2024/01/07 06:30:49]  
[2024/01/07 06:30:49]  +--------------------------------------------------------------------------+
[2024/01/07 06:30:49]  |                  Evaluating Objective Functions 098                      |
[2024/01/07 06:30:53]  +--------------------------------------------------------------------------+
[2024/01/07 06:30:53]  Design Variables: 
[2024/01/07 06:30:53]  OrderedDict([('alphaPorosity', array([  1.901152302647511 ,   1.8693945331262531,   1.8395653522443158,
[2024/01/07 06:30:53]         ..., 322.4325601431598   , 323.0202242052771   ,
[2024/01/07 06:30:53]         323.43662936842486  ]))])
[2024/01/07 06:30:53]  DVGeo PointSet UpToDate: False
[2024/01/07 06:30:53]  Updating DVGeo PointSet....
[2024/01/07 06:30:53]  DVGeo PointSet UpToDate: True
[2024/01/07 06:30:53]  Warping the volume mesh....
[2024/01/07 06:30:53]  Setting up primal boundary conditions based on pyOptions: 
[2024/01/07 06:30:53]  Setting primal boundary conditions...
[2024/01/07 06:30:53]  Setting U = (0.1 0 0) at inlet
[2024/01/07 06:30:53]  Setting primal boundary conditions...
[2024/01/07 06:30:53]  Setting p = 0 at outlet
[2024/01/07 06:30:53]  nuTilda not found, skip it.
[2024/01/07 06:30:53]  Setting nut wall BC for wallBoundary. BCType=nutkWallFunction
[2024/01/07 06:30:53]  Running Primal Solver 098
[2024/01/07 06:30:53]  Previous solution time 13 found and deleted.
[2024/01/07 06:30:53]  No finite volume options present
[2024/01/07 06:30:53]  
[2024/01/07 06:30:53]  Starting time loop
[2024/01/07 06:30:53]  
[2024/01/07 06:30:53]  Checking mesh quality for time = 0
[2024/01/07 06:30:53]      Overall domain bounding box (7.181318501078189e-16 -1.399990449424424e-15 -5.718082257688551e-15) (0.02999999999999962 0.01500000000001617 0.001000000000005718)
[2024/01/07 06:30:53]      Mesh has 3 geometric (non-empty/wedge) directions 3{1}
[2024/01/07 06:30:53]      Mesh has 3 solution (non-empty) directions 3{1}
[2024/01/07 06:30:53]      Boundary openness (-6.947448714353218e-18 9.793123156124281e-19 -3.04020355740097e-16) OK.
[2024/01/07 06:30:53]      Max cell openness = 3.176373552203076e-16 OK.
[2024/01/07 06:30:53]      Max aspect ratio = 3.333333333492265 OK.
[2024/01/07 06:30:53]      Minimum face area = 1.499999999935995e-07. Maximum face area = 5.000000000129904e-07.  Face area magnitudes OK.
[2024/01/07 06:30:53]      Min volume = 1.499999999944929e-10. Max volume = 1.500000000034984e-10.  Total volume = 4.500000000002841e-07.  Cell volumes OK.
[2024/01/07 06:30:53]      Mesh non-orthogonality Max: 0 average: 0
[2024/01/07 06:30:53]      Non-orthogonality check OK.
[2024/01/07 06:30:53]      Face pyramids OK.
[2024/01/07 06:30:53]      Max skewness = 9.432792296734318e-11 OK.
[2024/01/07 06:30:53]      Coupled point location match (average 0) OK.
[2024/01/07 06:30:53]  
[2024/01/07 06:30:53]  Mesh OK.
[2024/01/07 06:30:53]  
[2024/01/07 06:30:53]  Time = 1
[2024/01/07 06:30:53]  
[2024/01/07 06:30:53]  U Initial residual: (2.791612767729327e-07 5.351103102123812e-07 0.001088122837745063)
[2024/01/07 06:30:53]  U   Final residual: (1.083094161512851e-08 2.178619909507126e-08 4.403834246954282e-05)
[2024/01/07 06:30:53]  p Initial residual: 6.442749953125736e-06
[2024/01/07 06:30:53]  p   Final residual: 4.849872281640951e-07
[2024/01/07 06:30:53]  Time step continuity errors : sum local = 1.774356611544382e-06
[2024/01/07 06:30:53]                                   global = -2.553317304323301e-08
[2024/01/07 06:30:53]                               cumulative = 0.001720484839195764
[2024/01/07 06:30:53]  yPlus min: 0 max: 0 mean: 0
[2024/01/07 06:30:53]  PL-part1-totalPressure: 15.24312459176067
[2024/01/07 06:30:53]  PL-part2-totalPressure: -9.601600772698644
[2024/01/07 06:30:53]  VOLUME-part1-variableVolSum: 1.000198440430118e-05
[2024/01/07 06:30:53]  ExecutionTime = 505.95 s  ClockTime = 860 s
[2024/01/07 06:30:53]  
[2024/01/07 06:30:53]  Time = 10
[2024/01/07 06:30:53]  Minimal residual 8.884565554335091e-07 satisfied the prescribed tolerance 1e-06
[2024/01/07 06:30:53]  
[2024/01/07 06:30:53]  PL-part1-totalPressure: 15.24315425025542
[2024/01/07 06:30:53]  PL-part2-totalPressure: -9.601602703840474
[2024/01/07 06:30:53]  VOLUME-part1-variableVolSum: 1.000198440430118e-05
[2024/01/07 06:30:53]  Printing Primal Residual Statistics.
[2024/01/07 06:30:53]  U Residual Norm2: (0.001427649868158741 0.0004698253282000173 1.159703393786246e-13)
[2024/01/07 06:30:53]  U Residual Mean: (1.48935953445328e-05 4.840069533798329e-06 1.500850556584408e-15)
[2024/01/07 06:30:53]  U Residual Max: (9.797969331626355e-05 5.31053495007594e-05 1.050733901758278e-14)
[2024/01/07 06:30:53]  p Residual Norm2: 0.0003800698836717454
[2024/01/07 06:30:53]  p Residual Mean: 2.316097052714949e-06
[2024/01/07 06:30:53]  p Residual Max: 0.0001074550055366634
[2024/01/07 06:30:53]  phi Residual Norm2: 9.296814068247739e-07
[2024/01/07 06:30:53]  phi Residual Mean: 3.098556002081032e-09
[2024/01/07 06:30:53]  phi Residual Max: 6.79853992250513e-08
[2024/01/07 06:30:53]  End
[2024/01/07 06:30:53]  
[2024/01/07 06:30:53]  Objective Functions: 
[2024/01/07 06:30:53]  {'PL': 5.64155154641495, 'VOLUME': 1.0001984404301175e-05, 'fail': False}
[2024/01/07 06:30:53]  Flow Runtime: 2.86719
[2024/01/07 06:30:53]  
[2024/01/07 06:30:53]  
[2024/01/07 06:30:53]  +--------------------------------------------------------------------------+
[2024/01/07 06:30:53]  |                  Evaluating Objective Functions 099                      |
[2024/01/07 06:30:53]  +--------------------------------------------------------------------------+
[2024/01/07 06:30:53]  Design Variables: 
[2024/01/07 06:30:53]  OrderedDict([('alphaPorosity', array([  1.9011567287674782,   1.8693988145447493,   1.839569491454445 ,
[2024/01/07 06:30:53]         ..., 322.4329078514609   , 323.02058220660007  ,
[2024/01/07 06:30:53]         323.4369985927863   ]))])
[2024/01/07 06:30:53]  DVGeo PointSet UpToDate: False
[2024/01/07 06:30:53]  Updating DVGeo PointSet....
[2024/01/07 06:30:53]  DVGeo PointSet UpToDate: True
[2024/01/07 06:30:53]  Warping the volume mesh....
[2024/01/07 06:30:53]  Setting up primal boundary conditions based on pyOptions: 
[2024/01/07 06:30:53]  Setting primal boundary conditions...
[2024/01/07 06:30:53]  Setting U = (0.1 0 0) at inlet
[2024/01/07 06:30:53]  Setting primal boundary conditions...
[2024/01/07 06:30:53]  Setting p = 0 at outlet
[2024/01/07 06:30:53]  nuTilda not found, skip it.
[2024/01/07 06:30:57]  Setting nut wall BC for wallBoundary. BCType=nutkWallFunction
[2024/01/07 06:30:57]  Running Primal Solver 099
[2024/01/07 06:30:57]  Previous solution time 10 found and deleted.
[2024/01/07 06:30:57]  No finite volume options present
[2024/01/07 06:30:57]  
[2024/01/07 06:30:57]  Starting time loop
[2024/01/07 06:30:57]  
[2024/01/07 06:30:57]  Checking mesh quality for time = 0
[2024/01/07 06:30:57]      Overall domain bounding box (7.181318501078189e-16 -1.399990449424424e-15 -5.718082257688551e-15) (0.02999999999999962 0.01500000000001617 0.001000000000005718)
[2024/01/07 06:30:57]      Mesh has 3 geometric (non-empty/wedge) directions 3{1}
[2024/01/07 06:30:57]      Mesh has 3 solution (non-empty) directions 3{1}
[2024/01/07 06:30:57]      Boundary openness (-6.947448714353218e-18 9.793123156124281e-19 -3.04020355740097e-16) OK.
[2024/01/07 06:30:57]      Max cell openness = 3.176373552203076e-16 OK.
[2024/01/07 06:30:57]      Max aspect ratio = 3.333333333492265 OK.
[2024/01/07 06:30:57]      Minimum face area = 1.499999999935995e-07. Maximum face area = 5.000000000129904e-07.  Face area magnitudes OK.
[2024/01/07 06:30:57]      Min volume = 1.499999999944929e-10. Max volume = 1.500000000034984e-10.  Total volume = 4.500000000002841e-07.  Cell volumes OK.
[2024/01/07 06:30:57]      Mesh non-orthogonality Max: 0 average: 0
[2024/01/07 06:30:57]      Non-orthogonality check OK.
[2024/01/07 06:30:57]      Face pyramids OK.
[2024/01/07 06:30:57]      Max skewness = 9.432792296734318e-11 OK.
[2024/01/07 06:30:57]      Coupled point location match (average 0) OK.
[2024/01/07 06:30:57]  
[2024/01/07 06:30:57]  Mesh OK.
[2024/01/07 06:30:57]  
[2024/01/07 06:30:57]  Time = 1
[2024/01/07 06:30:57]  
[2024/01/07 06:30:57]  U Initial residual: (1.87191932271808e-07 3.308639403903515e-07 0.001121119169631078)
[2024/01/07 06:30:57]  U   Final residual: (7.346619270221968e-09 1.396070153712756e-08 4.566351456282562e-05)
[2024/01/07 06:30:57]  p Initial residual: 3.433491144466699e-06
[2024/01/07 06:30:57]  p   Final residual: 3.083804110393114e-07
[2024/01/07 06:30:57]  Time step continuity errors : sum local = 1.128227569404198e-06
[2024/01/07 06:30:57]                                   global = -2.345902004272965e-08
[2024/01/07 06:30:57]                               cumulative = 0.001720461380175721
[2024/01/07 06:30:57]  yPlus min: 0 max: 0 mean: 0
[2024/01/07 06:30:57]  PL-part1-totalPressure: 15.24314200998367
[2024/01/07 06:30:57]  PL-part2-totalPressure: -9.601602835241827
[2024/01/07 06:30:57]  VOLUME-part1-variableVolSum: 1.000198443301549e-05
[2024/01/07 06:30:57]  ExecutionTime = 507.78 s  ClockTime = 863 s
[2024/01/07 06:30:57]  
[2024/01/07 06:30:57]  Time = 7
[2024/01/07 06:30:57]  Minimal residual 9.72602497026621e-07 satisfied the prescribed tolerance 1e-06
[2024/01/07 06:30:57]  
[2024/01/07 06:30:57]  PL-part1-totalPressure: 15.24316629337102
[2024/01/07 06:30:57]  PL-part2-totalPressure: -9.601603551485631
[2024/01/07 06:30:57]  VOLUME-part1-variableVolSum: 1.000198443301549e-05
[2024/01/07 06:30:57]  Printing Primal Residual Statistics.
[2024/01/07 06:30:57]  U Residual Norm2: (0.001221035471591634 0.0003998810304259472 1.138884493716705e-13)
[2024/01/07 06:30:57]  U Residual Mean: (1.345554267966935e-05 4.329152080971384e-06 1.475947886666385e-15)
[2024/01/07 06:30:57]  U Residual Max: (8.099917938264589e-05 4.401494968009345e-05 1.079372339194685e-14)
[2024/01/07 06:30:57]  p Residual Norm2: 0.0004705192412634209
[2024/01/07 06:30:57]  p Residual Mean: 2.445796141466759e-06
[2024/01/07 06:30:57]  p Residual Max: 0.0001585796517946062
[2024/01/07 06:30:57]  phi Residual Norm2: 7.955927443017683e-07
[2024/01/07 06:30:57]  phi Residual Mean: 2.87545043016226e-09
[2024/01/07 06:30:57]  phi Residual Max: 5.222379325482796e-08
[2024/01/07 06:30:57]  End
[2024/01/07 06:30:57]  
[2024/01/07 06:30:57]  Objective Functions: 
[2024/01/07 06:30:57]  {'PL': 5.641562741885391, 'VOLUME': 1.0001984433015485e-05, 'fail': False}
[2024/01/07 06:30:57]  Flow Runtime: 2.93403
[2024/01/07 06:30:57]  
[2024/01/07 06:30:57]  
[2024/01/07 06:30:57]  +--------------------------------------------------------------------------+
[2024/01/07 06:30:57]  |                  Evaluating Objective Functions 100                      |
[2024/01/07 06:30:57]  +--------------------------------------------------------------------------+
[2024/01/07 06:30:57]  Design Variables: 
[2024/01/07 06:30:57]  OrderedDict([('alphaPorosity', array([  1.9011589418274617,   1.869400955253997 ,   1.8395715610595091,
[2024/01/07 06:30:57]         ..., 322.4330817056116   , 323.0207612072615   ,
[2024/01/07 06:30:57]         323.43718320496697  ]))])
[2024/01/07 06:30:57]  DVGeo PointSet UpToDate: False
[2024/01/07 06:30:57]  Updating DVGeo PointSet....
[2024/01/07 06:30:57]  DVGeo PointSet UpToDate: True
[2024/01/07 06:30:57]  Warping the volume mesh....
[2024/01/07 06:30:57]  Setting up primal boundary conditions based on pyOptions: 
[2024/01/07 06:30:57]  Setting primal boundary conditions...
[2024/01/07 06:30:57]  Setting U = (0.1 0 0) at inlet
[2024/01/07 06:30:57]  Setting primal boundary conditions...
[2024/01/07 06:30:57]  Setting p = 0 at outlet
[2024/01/07 06:30:57]  nuTilda not found, skip it.
[2024/01/07 06:30:57]  Setting nut wall BC for wallBoundary. BCType=nutkWallFunction
[2024/01/07 06:30:57]  Running Primal Solver 100
[2024/01/07 06:30:57]  Previous solution time 7 found and deleted.
[2024/01/07 06:30:57]  No finite volume options present
[2024/01/07 06:30:57]  
[2024/01/07 06:30:57]  Starting time loop
[2024/01/07 06:30:57]  
[2024/01/07 06:30:57]  Checking mesh quality for time = 0
[2024/01/07 06:30:57]      Overall domain bounding box (7.181318501078189e-16 -1.399990449424424e-15 -5.718082257688551e-15) (0.02999999999999962 0.01500000000001617 0.001000000000005718)
[2024/01/07 06:30:57]      Mesh has 3 geometric (non-empty/wedge) directions 3{1}
[2024/01/07 06:30:57]      Mesh has 3 solution (non-empty) directions 3{1}
[2024/01/07 06:30:57]      Boundary openness (-6.947448714353218e-18 9.793123156124281e-19 -3.04020355740097e-16) OK.
[2024/01/07 06:31:03]      Max cell openness = 3.176373552203076e-16 OK.
[2024/01/07 06:31:03]      Max aspect ratio = 3.333333333492265 OK.
[2024/01/07 06:31:03]      Minimum face area = 1.499999999935995e-07. Maximum face area = 5.000000000129904e-07.  Face area magnitudes OK.
[2024/01/07 06:31:03]      Min volume = 1.499999999944929e-10. Max volume = 1.500000000034984e-10.  Total volume = 4.500000000002841e-07.  Cell volumes OK.
[2024/01/07 06:31:03]      Mesh non-orthogonality Max: 0 average: 0
[2024/01/07 06:31:03]      Non-orthogonality check OK.
[2024/01/07 06:31:03]      Face pyramids OK.
[2024/01/07 06:31:03]      Max skewness = 9.432792296734318e-11 OK.
[2024/01/07 06:31:03]      Coupled point location match (average 0) OK.
[2024/01/07 06:31:03]  
[2024/01/07 06:31:03]  Mesh OK.
[2024/01/07 06:31:03]  
[2024/01/07 06:31:03]  Time = 1
[2024/01/07 06:31:03]  
[2024/01/07 06:31:03]  U Initial residual: (1.427361600180602e-07 2.43234558443613e-07 0.001102655437561249)
[2024/01/07 06:31:03]  U   Final residual: (5.555699258490534e-09 1.031227185569452e-08 4.407087014364995e-05)
[2024/01/07 06:31:03]  p Initial residual: 1.981149973912533e-06
[2024/01/07 06:31:03]  p   Final residual: 1.328210747331244e-07
[2024/01/07 06:31:03]  Time step continuity errors : sum local = 4.859334010354733e-07
[2024/01/07 06:31:03]                                   global = -1.710522827107476e-08
[2024/01/07 06:31:03]                               cumulative = 0.00172044427494745
[2024/01/07 06:31:03]  yPlus min: 0 max: 0 mean: 0
[2024/01/07 06:31:03]  PL-part1-totalPressure: 15.24316326063477
[2024/01/07 06:31:03]  PL-part2-totalPressure: -9.601603776073695
[2024/01/07 06:31:03]  VOLUME-part1-variableVolSum: 1.000198444737263e-05
[2024/01/07 06:31:03]  ExecutionTime = 509.64 s  ClockTime = 867 s
[2024/01/07 06:31:03]  
[2024/01/07 06:31:03]  Time = 5
[2024/01/07 06:31:03]  Minimal residual 8.998488992714504e-07 satisfied the prescribed tolerance 1e-06
[2024/01/07 06:31:03]  
[2024/01/07 06:31:03]  PL-part1-totalPressure: 15.24315524650456
[2024/01/07 06:31:03]  PL-part2-totalPressure: -9.601604143530677
[2024/01/07 06:31:03]  VOLUME-part1-variableVolSum: 1.000198444737263e-05
[2024/01/07 06:31:03]  Printing Primal Residual Statistics.
[2024/01/07 06:31:03]  U Residual Norm2: (0.001069869697022322 0.00037976356657421 1.151034998449221e-13)
[2024/01/07 06:31:03]  U Residual Mean: (1.129099498578652e-05 4.136952851972924e-06 1.482245857413016e-15)
[2024/01/07 06:31:03]  U Residual Max: (6.58041361762951e-05 3.627893267621474e-05 1.007631513307231e-14)
[2024/01/07 06:31:03]  p Residual Norm2: 0.0005235056878538463
[2024/01/07 06:31:03]  p Residual Mean: 2.336011216526039e-06
[2024/01/07 06:31:03]  p Residual Max: 0.0002059689799655142
[2024/01/07 06:31:03]  phi Residual Norm2: 7.058669921832788e-07
[2024/01/07 06:31:03]  phi Residual Mean: 2.55097212985002e-09
[2024/01/07 06:31:03]  phi Residual Max: 4.944441545556502e-08
[2024/01/07 06:31:03]  End
[2024/01/07 06:31:03]  
[2024/01/07 06:31:03]  Objective Functions: 
[2024/01/07 06:31:03]  {'PL': 5.641551102973883, 'VOLUME': 1.0001984447372634e-05, 'fail': False}
[2024/01/07 06:31:03]  Flow Runtime: 3.00106
[2024/01/07 06:31:03]  
[2024/01/07 06:31:03]  
[2024/01/07 06:31:03]  +--------------------------------------------------------------------------+
[2024/01/07 06:31:03]  |                  Evaluating Objective Functions 101                      |
[2024/01/07 06:31:03]  +--------------------------------------------------------------------------+
[2024/01/07 06:31:03]  Design Variables: 
[2024/01/07 06:31:03]  OrderedDict([('alphaPorosity', array([  1.9011600483574533,   1.8694020256086212,   1.8395725958620415,
[2024/01/07 06:31:03]         ..., 322.4331686326869   , 323.0208507075923   ,
[2024/01/07 06:31:03]         323.4372755110574   ]))])
[2024/01/07 06:31:03]  DVGeo PointSet UpToDate: False
[2024/01/07 06:31:03]  Updating DVGeo PointSet....
[2024/01/07 06:31:03]  DVGeo PointSet UpToDate: True
[2024/01/07 06:31:03]  Warping the volume mesh....
[2024/01/07 06:31:03]  Setting up primal boundary conditions based on pyOptions: 
[2024/01/07 06:31:03]  Setting primal boundary conditions...
[2024/01/07 06:31:03]  Setting U = (0.1 0 0) at inlet
[2024/01/07 06:31:03]  Setting primal boundary conditions...
[2024/01/07 06:31:03]  Setting p = 0 at outlet
[2024/01/07 06:31:03]  nuTilda not found, skip it.
[2024/01/07 06:31:03]  Setting nut wall BC for wallBoundary. BCType=nutkWallFunction
[2024/01/07 06:31:03]  Running Primal Solver 101
[2024/01/07 06:31:03]  Previous solution time 5 found and deleted.
[2024/01/07 06:31:03]  No finite volume options present
[2024/01/07 06:31:03]  
[2024/01/07 06:31:03]  Starting time loop
[2024/01/07 06:31:03]  
[2024/01/07 06:31:03]  Checking mesh quality for time = 0
[2024/01/07 06:31:03]      Overall domain bounding box (7.181318501078189e-16 -1.399990449424424e-15 -5.718082257688551e-15) (0.02999999999999962 0.01500000000001617 0.001000000000005718)
[2024/01/07 06:31:03]      Mesh has 3 geometric (non-empty/wedge) directions 3{1}
[2024/01/07 06:31:03]      Mesh has 3 solution (non-empty) directions 3{1}
[2024/01/07 06:31:03]      Boundary openness (-6.947448714353218e-18 9.793123156124281e-19 -3.04020355740097e-16) OK.
[2024/01/07 06:31:03]      Max cell openness = 3.176373552203076e-16 OK.
[2024/01/07 06:31:03]      Max aspect ratio = 3.333333333492265 OK.
[2024/01/07 06:31:03]      Minimum face area = 1.499999999935995e-07. Maximum face area = 5.000000000129904e-07.  Face area magnitudes OK.
[2024/01/07 06:31:03]      Min volume = 1.499999999944929e-10. Max volume = 1.500000000034984e-10.  Total volume = 4.500000000002841e-07.  Cell volumes OK.
[2024/01/07 06:31:03]      Mesh non-orthogonality Max: 0 average: 0
[2024/01/07 06:31:03]      Non-orthogonality check OK.
[2024/01/07 06:31:03]      Face pyramids OK.
[2024/01/07 06:31:03]      Max skewness = 9.432792296734318e-11 OK.
[2024/01/07 06:31:03]      Coupled point location match (average 0) OK.
[2024/01/07 06:31:03]  
[2024/01/07 06:31:03]  Mesh OK.
[2024/01/07 06:31:03]  
[2024/01/07 06:31:03]  Time = 1
[2024/01/07 06:31:03]  
[2024/01/07 06:31:06]  U Initial residual: (1.136401785033641e-07 2.138974214613764e-07 0.001107179086128761)
[2024/01/07 06:31:06]  U   Final residual: (4.450231375660107e-09 9.757555188359106e-09 4.593311903097026e-05)
[2024/01/07 06:31:06]  p Initial residual: 1.242981477561952e-06
[2024/01/07 06:31:06]  p   Final residual: 6.981563348253916e-08
[2024/01/07 06:31:06]  Time step continuity errors : sum local = 2.554241836028894e-07
[2024/01/07 06:31:06]                                   global = -2.925801613102893e-08
[2024/01/07 06:31:06]                               cumulative = 0.001720415016931319
[2024/01/07 06:31:06]  yPlus min: 0 max: 0 mean: 0
[2024/01/07 06:31:06]  PL-part1-totalPressure: 15.24316028187231
[2024/01/07 06:31:06]  PL-part2-totalPressure: -9.601604098140635
[2024/01/07 06:31:06]  VOLUME-part1-variableVolSum: 1.000198445455121e-05
[2024/01/07 06:31:06]  ExecutionTime = 511.43 s  ClockTime = 871 s
[2024/01/07 06:31:06]  
[2024/01/07 06:31:06]  Time = 3
[2024/01/07 06:31:06]  Minimal residual 9.342607674601717e-07 satisfied the prescribed tolerance 1e-06
[2024/01/07 06:31:06]  
[2024/01/07 06:31:06]  PL-part1-totalPressure: 15.24316833673272
[2024/01/07 06:31:06]  PL-part2-totalPressure: -9.601604204609242
[2024/01/07 06:31:06]  VOLUME-part1-variableVolSum: 1.000198445455121e-05
[2024/01/07 06:31:06]  Printing Primal Residual Statistics.
[2024/01/07 06:31:06]  U Residual Norm2: (0.00098871695767826 0.0003268127397301705 1.12773524776889e-13)
[2024/01/07 06:31:06]  U Residual Mean: (1.046943968171168e-05 3.324756633494503e-06 1.463643346551829e-15)
[2024/01/07 06:31:06]  U Residual Max: (6.187147522784819e-05 3.395674465545007e-05 1.13479935744403e-14)
[2024/01/07 06:31:06]  p Residual Norm2: 0.000651343937377745
[2024/01/07 06:31:06]  p Residual Mean: 2.441482425600121e-06
[2024/01/07 06:31:06]  p Residual Max: 0.0002980188686693053
[2024/01/07 06:31:06]  phi Residual Norm2: 6.56427543753099e-07
[2024/01/07 06:31:06]  phi Residual Mean: 2.175872237889755e-09
[2024/01/07 06:31:06]  phi Residual Max: 4.982652817126147e-08
[2024/01/07 06:31:06]  End
[2024/01/07 06:31:06]  
[2024/01/07 06:31:06]  Objective Functions: 
[2024/01/07 06:31:06]  {'PL': 5.641564132123481, 'VOLUME': 1.000198445455121e-05, 'fail': False}
[2024/01/07 06:31:06]  Flow Runtime: 2.87587
[2024/01/07 06:31:06]  
[2024/01/07 06:31:06]  
[2024/01/07 06:31:06]  +--------------------------------------------------------------------------+
[2024/01/07 06:31:06]  |                  Evaluating Objective Functions 102                      |
[2024/01/07 06:31:06]  +--------------------------------------------------------------------------+
[2024/01/07 06:31:06]  Design Variables: 
[2024/01/07 06:31:06]  OrderedDict([('alphaPorosity', array([  1.9011606016224492,   1.869402560785933 ,   1.8395731132633077,
[2024/01/07 06:31:06]         ..., 322.43321209622457  , 323.02089545775766  ,
[2024/01/07 06:31:06]         323.4373216641025   ]))])
[2024/01/07 06:31:06]  DVGeo PointSet UpToDate: False
[2024/01/07 06:31:06]  Updating DVGeo PointSet....
[2024/01/07 06:31:06]  DVGeo PointSet UpToDate: True
[2024/01/07 06:31:06]  Warping the volume mesh....
[2024/01/07 06:31:06]  Setting up primal boundary conditions based on pyOptions: 
[2024/01/07 06:31:06]  Setting primal boundary conditions...
[2024/01/07 06:31:06]  Setting U = (0.1 0 0) at inlet
[2024/01/07 06:31:06]  Setting primal boundary conditions...
[2024/01/07 06:31:06]  Setting p = 0 at outlet
[2024/01/07 06:31:06]  nuTilda not found, skip it.
[2024/01/07 06:31:06]  Setting nut wall BC for wallBoundary. BCType=nutkWallFunction
[2024/01/07 06:31:06]  Running Primal Solver 102
[2024/01/07 06:31:06]  Previous solution time 3 found and deleted.
[2024/01/07 06:31:06]  No finite volume options present
[2024/01/07 06:31:06]  
[2024/01/07 06:31:06]  Starting time loop
[2024/01/07 06:31:06]  
[2024/01/07 06:31:06]  Checking mesh quality for time = 0
[2024/01/07 06:31:06]      Overall domain bounding box (7.181318501078189e-16 -1.399990449424424e-15 -5.718082257688551e-15) (0.02999999999999962 0.01500000000001617 0.001000000000005718)
[2024/01/07 06:31:06]      Mesh has 3 geometric (non-empty/wedge) directions 3{1}
[2024/01/07 06:31:06]      Mesh has 3 solution (non-empty) directions 3{1}
[2024/01/07 06:31:06]      Boundary openness (-6.947448714353218e-18 9.793123156124281e-19 -3.04020355740097e-16) OK.
[2024/01/07 06:31:06]      Max cell openness = 3.176373552203076e-16 OK.
[2024/01/07 06:31:06]      Max aspect ratio = 3.333333333492265 OK.
[2024/01/07 06:31:06]      Minimum face area = 1.499999999935995e-07. Maximum face area = 5.000000000129904e-07.  Face area magnitudes OK.
[2024/01/07 06:31:06]      Min volume = 1.499999999944929e-10. Max volume = 1.500000000034984e-10.  Total volume = 4.500000000002841e-07.  Cell volumes OK.
[2024/01/07 06:31:06]      Mesh non-orthogonality Max: 0 average: 0
[2024/01/07 06:31:06]      Non-orthogonality check OK.
[2024/01/07 06:31:06]      Face pyramids OK.
[2024/01/07 06:31:06]      Max skewness = 9.432792296734318e-11 OK.
[2024/01/07 06:31:06]      Coupled point location match (average 0) OK.
[2024/01/07 06:31:06]  
[2024/01/07 06:31:06]  Mesh OK.
[2024/01/07 06:31:06]  
[2024/01/07 06:31:06]  Time = 1
[2024/01/07 06:31:06]  
[2024/01/07 06:31:06]  U Initial residual: (9.756382596823197e-08 1.619159496919247e-07 0.001093379286684862)
[2024/01/07 06:31:06]  U   Final residual: (3.878643612200115e-09 7.233987662131514e-09 4.246932637281823e-05)
[2024/01/07 06:31:06]  p Initial residual: 1.011970846827464e-06
[2024/01/07 06:31:06]  p   Final residual: 5.194268762041938e-08
[2024/01/07 06:31:06]  Time step continuity errors : sum local = 1.900351616398696e-07
[2024/01/07 06:31:06]                                   global = -3.033912851706672e-08
[2024/01/07 06:31:06]                               cumulative = 0.001720384677802802
[2024/01/07 06:31:06]  yPlus min: 0 max: 0 mean: 0
[2024/01/07 06:31:06]  PL-part1-totalPressure: 15.24316935689665
[2024/01/07 06:31:06]  PL-part2-totalPressure: -9.601604342044681
[2024/01/07 06:31:06]  VOLUME-part1-variableVolSum: 1.00019844581405e-05
[2024/01/07 06:31:10]  ExecutionTime = 513.21 s  ClockTime = 874 s
[2024/01/07 06:31:10]  
[2024/01/07 06:31:10]  Time = 2
[2024/01/07 06:31:10]  Minimal residual 8.540412590223807e-07 satisfied the prescribed tolerance 1e-06
[2024/01/07 06:31:10]  
[2024/01/07 06:31:10]  PL-part1-totalPressure: 15.24317038867851
[2024/01/07 06:31:10]  PL-part2-totalPressure: -9.601604456966134
[2024/01/07 06:31:10]  VOLUME-part1-variableVolSum: 1.00019844581405e-05
[2024/01/07 06:31:10]  Printing Primal Residual Statistics.
[2024/01/07 06:31:10]  U Residual Norm2: (0.000929538079821054 0.0003091665897388164 1.1657368486273e-13)
[2024/01/07 06:31:10]  U Residual Mean: (9.781432933674885e-06 3.123343601032896e-06 1.501824459409058e-15)
[2024/01/07 06:31:10]  U Residual Max: (5.80084042125506e-05 3.273504759782053e-05 1.026153315671566e-14)
[2024/01/07 06:31:10]  p Residual Norm2: 0.0006464049474334842
[2024/01/07 06:31:10]  p Residual Mean: 2.323319756708326e-06
[2024/01/07 06:31:10]  p Residual Max: 0.0002944838264271251
[2024/01/07 06:31:10]  phi Residual Norm2: 6.198303459157103e-07
[2024/01/07 06:31:10]  phi Residual Mean: 1.97802916344036e-09
[2024/01/07 06:31:10]  phi Residual Max: 5.229065600414149e-08
[2024/01/07 06:31:10]  End
[2024/01/07 06:31:10]  
[2024/01/07 06:31:10]  Objective Functions: 
[2024/01/07 06:31:10]  {'PL': 5.6415659317123765, 'VOLUME': 1.0001984458140502e-05, 'fail': False}
[2024/01/07 06:31:10]  Flow Runtime: 2.89533
[2024/01/07 06:31:10]  
[2024/01/07 06:31:10]  
[2024/01/07 06:31:10]  +--------------------------------------------------------------------------+
[2024/01/07 06:31:10]  |                  Evaluating Objective Functions 103                      |
[2024/01/07 06:31:10]  +--------------------------------------------------------------------------+
[2024/01/07 06:31:10]  Design Variables: 
[2024/01/07 06:31:10]  OrderedDict([('alphaPorosity', array([  1.9011608782549472,   1.8694028283745892,   1.8395733719639407,
[2024/01/07 06:31:10]         ..., 322.4332338279934   , 323.0209178328403   ,
[2024/01/07 06:31:10]         323.4373447406252   ]))])
[2024/01/07 06:31:10]  DVGeo PointSet UpToDate: False
[2024/01/07 06:31:10]  Updating DVGeo PointSet....
[2024/01/07 06:31:10]  DVGeo PointSet UpToDate: True
[2024/01/07 06:31:10]  Warping the volume mesh....
[2024/01/07 06:31:10]  Setting up primal boundary conditions based on pyOptions: 
[2024/01/07 06:31:10]  Setting primal boundary conditions...
[2024/01/07 06:31:10]  Setting U = (0.1 0 0) at inlet
[2024/01/07 06:31:10]  Setting primal boundary conditions...
[2024/01/07 06:31:10]  Setting p = 0 at outlet
[2024/01/07 06:31:10]  nuTilda not found, skip it.
[2024/01/07 06:31:10]  Setting nut wall BC for wallBoundary. BCType=nutkWallFunction
[2024/01/07 06:31:10]  Running Primal Solver 103
[2024/01/07 06:31:10]  Previous solution time 2 found and deleted.
[2024/01/07 06:31:10]  No finite volume options present
[2024/01/07 06:31:10]  
[2024/01/07 06:31:10]  Starting time loop
[2024/01/07 06:31:10]  
[2024/01/07 06:31:10]  Checking mesh quality for time = 0
[2024/01/07 06:31:10]      Overall domain bounding box (7.181318501078189e-16 -1.399990449424424e-15 -5.718082257688551e-15) (0.02999999999999962 0.01500000000001617 0.001000000000005718)
[2024/01/07 06:31:10]      Mesh has 3 geometric (non-empty/wedge) directions 3{1}
[2024/01/07 06:31:10]      Mesh has 3 solution (non-empty) directions 3{1}
[2024/01/07 06:31:10]      Boundary openness (-6.947448714353218e-18 9.793123156124281e-19 -3.04020355740097e-16) OK.
[2024/01/07 06:31:10]      Max cell openness = 3.176373552203076e-16 OK.
[2024/01/07 06:31:10]      Max aspect ratio = 3.333333333492265 OK.
[2024/01/07 06:31:10]      Minimum face area = 1.499999999935995e-07. Maximum face area = 5.000000000129904e-07.  Face area magnitudes OK.
[2024/01/07 06:31:10]      Min volume = 1.499999999944929e-10. Max volume = 1.500000000034984e-10.  Total volume = 4.500000000002841e-07.  Cell volumes OK.
[2024/01/07 06:31:10]      Mesh non-orthogonality Max: 0 average: 0
[2024/01/07 06:31:10]      Non-orthogonality check OK.
[2024/01/07 06:31:10]      Face pyramids OK.
[2024/01/07 06:31:10]      Max skewness = 9.432792296734318e-11 OK.
[2024/01/07 06:31:10]      Coupled point location match (average 0) OK.
[2024/01/07 06:31:10]  
[2024/01/07 06:31:10]  Mesh OK.
[2024/01/07 06:31:10]  
[2024/01/07 06:31:10]  Time = 1
[2024/01/07 06:31:10]  
[2024/01/07 06:31:10]  U Initial residual: (8.867459798248298e-08 1.467718267900578e-07 0.001121882191057425)
[2024/01/07 06:31:10]  U   Final residual: (3.507049492534686e-09 6.639931290407594e-09 4.593799497311179e-05)
[2024/01/07 06:31:10]  p Initial residual: 8.223107868465879e-07
[2024/01/07 06:31:10]  p   Final residual: 4.384509842690234e-08
[2024/01/07 06:31:10]  Time step continuity errors : sum local = 1.604097050330278e-07
[2024/01/07 06:31:10]                                   global = -1.689825114010565e-08
[2024/01/07 06:31:10]                               cumulative = 0.001720367779551662
[2024/01/07 06:31:10]  yPlus min: 0 max: 0 mean: 0
[2024/01/07 06:31:10]  PL-part1-totalPressure: 15.24317160900054
[2024/01/07 06:31:10]  PL-part2-totalPressure: -9.6016045515999
[2024/01/07 06:31:10]  VOLUME-part1-variableVolSum: 1.000198445993514e-05
[2024/01/07 06:31:10]  ExecutionTime = 515.54 s  ClockTime = 878 s
[2024/01/07 06:31:10]  
[2024/01/07 06:31:10]  Time = 1
[2024/01/07 06:31:10]  Minimal residual 8.223107868465879e-07 satisfied the prescribed tolerance 1e-06
[2024/01/07 06:31:10]  
[2024/01/07 06:31:10]  PL-part1-totalPressure: 15.24317160900054
[2024/01/07 06:31:10]  PL-part2-totalPressure: -9.6016045515999
[2024/01/07 06:31:10]  VOLUME-part1-variableVolSum: 1.000198445993514e-05
[2024/01/07 06:31:10]  Printing Primal Residual Statistics.
[2024/01/07 06:31:10]  U Residual Norm2: (0.0009036031778850151 0.0003052211539502339 1.141006251239654e-13)
[2024/01/07 06:31:10]  U Residual Mean: (9.513549183975006e-06 3.127978130376792e-06 1.474844550819547e-15)
[2024/01/07 06:31:10]  U Residual Max: (5.593465485098648e-05 3.207735729804373e-05 1.103055384623124e-14)
[2024/01/07 06:31:10]  p Residual Norm2: 0.0006680545369697486
[2024/01/07 06:31:15]  p Residual Mean: 2.332870803884596e-06
[2024/01/07 06:31:15]  p Residual Max: 0.0003035692324036207
[2024/01/07 06:31:15]  phi Residual Norm2: 6.068515240719471e-07
[2024/01/07 06:31:15]  phi Residual Mean: 1.922583822436601e-09
[2024/01/07 06:31:15]  phi Residual Max: 5.673166683283805e-08
[2024/01/07 06:31:15]  End
[2024/01/07 06:31:15]  
[2024/01/07 06:31:15]  Objective Functions: 
[2024/01/07 06:31:15]  {'PL': 5.641567057400636, 'VOLUME': 1.0001984459935143e-05, 'fail': False}
[2024/01/07 06:31:15]  Flow Runtime: 2.93369
[2024/01/07 06:31:15]  
[2024/01/07 06:31:15]  
[2024/01/07 06:31:15]  +--------------------------------------------------------------------------+
[2024/01/07 06:31:15]  |                  Evaluating Objective Functions 104                      |
[2024/01/07 06:31:15]  +--------------------------------------------------------------------------+
[2024/01/07 06:31:15]  Design Variables: 
[2024/01/07 06:31:15]  OrderedDict([('alphaPorosity', array([  1.9011610165711963,   1.8694029621689172,   1.8395735013142573,
[2024/01/07 06:31:15]         ..., 322.4332446938778   , 323.0209290203817   ,
[2024/01/07 06:31:15]         323.4373562788864   ]))])
[2024/01/07 06:31:15]  DVGeo PointSet UpToDate: False
[2024/01/07 06:31:15]  Updating DVGeo PointSet....
[2024/01/07 06:31:15]  DVGeo PointSet UpToDate: True
[2024/01/07 06:31:15]  Warping the volume mesh....
[2024/01/07 06:31:15]  Setting up primal boundary conditions based on pyOptions: 
[2024/01/07 06:31:15]  Setting primal boundary conditions...
[2024/01/07 06:31:15]  Setting U = (0.1 0 0) at inlet
[2024/01/07 06:31:15]  Setting primal boundary conditions...
[2024/01/07 06:31:15]  Setting p = 0 at outlet
[2024/01/07 06:31:15]  nuTilda not found, skip it.
[2024/01/07 06:31:15]  Setting nut wall BC for wallBoundary. BCType=nutkWallFunction
[2024/01/07 06:31:15]  Running Primal Solver 104
[2024/01/07 06:31:15]  Previous solution time 1 found and deleted.
[2024/01/07 06:31:15]  No finite volume options present
[2024/01/07 06:31:15]  
[2024/01/07 06:31:15]  Starting time loop
[2024/01/07 06:31:15]  
[2024/01/07 06:31:15]  Checking mesh quality for time = 0
[2024/01/07 06:31:15]      Overall domain bounding box (7.181318501078189e-16 -1.399990449424424e-15 -5.718082257688551e-15) (0.02999999999999962 0.01500000000001617 0.001000000000005718)
[2024/01/07 06:31:15]      Mesh has 3 geometric (non-empty/wedge) directions 3{1}
[2024/01/07 06:31:15]      Mesh has 3 solution (non-empty) directions 3{1}
[2024/01/07 06:31:15]      Boundary openness (-6.947448714353218e-18 9.793123156124281e-19 -3.04020355740097e-16) OK.
[2024/01/07 06:31:15]      Max cell openness = 3.176373552203076e-16 OK.
[2024/01/07 06:31:15]      Max aspect ratio = 3.333333333492265 OK.
[2024/01/07 06:31:15]      Minimum face area = 1.499999999935995e-07. Maximum face area = 5.000000000129904e-07.  Face area magnitudes OK.
[2024/01/07 06:31:15]      Min volume = 1.499999999944929e-10. Max volume = 1.500000000034984e-10.  Total volume = 4.500000000002841e-07.  Cell volumes OK.
[2024/01/07 06:31:15]      Mesh non-orthogonality Max: 0 average: 0
[2024/01/07 06:31:15]      Non-orthogonality check OK.
[2024/01/07 06:31:15]      Face pyramids OK.
[2024/01/07 06:31:15]      Max skewness = 9.432792296734318e-11 OK.
[2024/01/07 06:31:15]      Coupled point location match (average 0) OK.
[2024/01/07 06:31:15]  
[2024/01/07 06:31:15]  Mesh OK.
[2024/01/07 06:31:15]  
[2024/01/07 06:31:15]  Time = 1
[2024/01/07 06:31:15]  
[2024/01/07 06:31:15]  U Initial residual: (8.465826351922869e-08 1.44011169504303e-07 0.001101567013695832)
[2024/01/07 06:31:15]  U   Final residual: (3.33728349570348e-09 6.556456588834423e-09 4.583394894704482e-05)
[2024/01/07 06:31:15]  p Initial residual: 7.406630326244673e-07
[2024/01/07 06:31:15]  p   Final residual: 3.59298326036754e-08
[2024/01/07 06:31:15]  Time step continuity errors : sum local = 1.314512728145534e-07
[2024/01/07 06:31:15]                                   global = -1.573652390330332e-08
[2024/01/07 06:31:15]                               cumulative = 0.001720352043027758
[2024/01/07 06:31:15]  yPlus min: 0 max: 0 mean: 0
[2024/01/07 06:31:15]  PL-part1-totalPressure: 15.24317333901362
[2024/01/07 06:31:15]  PL-part2-totalPressure: -9.601604631492075
[2024/01/07 06:31:15]  VOLUME-part1-variableVolSum: 1.000198446083247e-05
[2024/01/07 06:31:15]  ExecutionTime = 517.54 s  ClockTime = 882 s
[2024/01/07 06:31:15]  
[2024/01/07 06:31:15]  Time = 1
[2024/01/07 06:31:15]  Minimal residual 7.406630326244673e-07 satisfied the prescribed tolerance 1e-06
[2024/01/07 06:31:15]  
[2024/01/07 06:31:15]  PL-part1-totalPressure: 15.24317333901362
[2024/01/07 06:31:15]  PL-part2-totalPressure: -9.601604631492075
[2024/01/07 06:31:15]  VOLUME-part1-variableVolSum: 1.000198446083247e-05
[2024/01/07 06:31:15]  Printing Primal Residual Statistics.
[2024/01/07 06:31:15]  U Residual Norm2: (0.0008678315469837139 0.0002944447122937239 1.168354692946945e-13)
[2024/01/07 06:31:15]  U Residual Mean: (9.077245028025562e-06 3.047489719975572e-06 1.520412638888801e-15)
[2024/01/07 06:31:15]  U Residual Max: (5.396902218657296e-05 3.141999196409895e-05 9.612411273122052e-15)
[2024/01/07 06:31:15]  p Residual Norm2: 0.0005859491732180159
[2024/01/07 06:31:15]  p Residual Mean: 2.054547435698979e-06
[2024/01/07 06:31:15]  p Residual Max: 0.0002654923817429187
[2024/01/07 06:31:15]  phi Residual Norm2: 5.758247983276425e-07
[2024/01/07 06:31:15]  phi Residual Mean: 1.840119287087399e-09
[2024/01/07 06:31:15]  phi Residual Max: 4.829768908286399e-08
[2024/01/07 06:31:15]  End
[2024/01/07 06:31:15]  
[2024/01/07 06:31:15]  Objective Functions: 
[2024/01/07 06:31:15]  {'PL': 5.641568707521547, 'VOLUME': 1.0001984460832467e-05, 'fail': False}
[2024/01/07 06:31:15]  Flow Runtime: 2.92854
[2024/01/07 06:31:15]  
[2024/01/07 06:31:15]  
[2024/01/07 06:31:15]  +--------------------------------------------------------------------------+
[2024/01/07 06:31:15]  |                  Evaluating Objective Functions 105                      |
[2024/01/07 06:31:15]  +--------------------------------------------------------------------------+
[2024/01/07 06:31:15]  Design Variables: 
[2024/01/07 06:31:19]  OrderedDict([('alphaPorosity', array([  1.9011610857293204,   1.869403029066081 ,   1.8395735659894157,
[2024/01/07 06:31:19]         ..., 322.43325012682     , 323.02093461415234  ,
[2024/01/07 06:31:19]         323.43736204801706  ]))])
[2024/01/07 06:31:19]  DVGeo PointSet UpToDate: False
[2024/01/07 06:31:19]  Updating DVGeo PointSet....
[2024/01/07 06:31:19]  DVGeo PointSet UpToDate: True
[2024/01/07 06:31:19]  Warping the volume mesh....
[2024/01/07 06:31:19]  Setting up primal boundary conditions based on pyOptions: 
[2024/01/07 06:31:19]  Setting primal boundary conditions...
[2024/01/07 06:31:19]  Setting U = (0.1 0 0) at inlet
[2024/01/07 06:31:19]  Setting primal boundary conditions...
[2024/01/07 06:31:19]  Setting p = 0 at outlet
[2024/01/07 06:31:19]  nuTilda not found, skip it.
[2024/01/07 06:31:19]  Setting nut wall BC for wallBoundary. BCType=nutkWallFunction
[2024/01/07 06:31:19]  Running Primal Solver 105
[2024/01/07 06:31:19]  Previous solution time 1 found and deleted.
[2024/01/07 06:31:19]  No finite volume options present
[2024/01/07 06:31:19]  
[2024/01/07 06:31:19]  Starting time loop
[2024/01/07 06:31:19]  
[2024/01/07 06:31:19]  Checking mesh quality for time = 0
[2024/01/07 06:31:19]      Overall domain bounding box (7.181318501078189e-16 -1.399990449424424e-15 -5.718082257688551e-15) (0.02999999999999962 0.01500000000001617 0.001000000000005718)
[2024/01/07 06:31:19]      Mesh has 3 geometric (non-empty/wedge) directions 3{1}
[2024/01/07 06:31:19]      Mesh has 3 solution (non-empty) directions 3{1}
[2024/01/07 06:31:19]      Boundary openness (-6.947448714353218e-18 9.793123156124281e-19 -3.04020355740097e-16) OK.
[2024/01/07 06:31:19]      Max cell openness = 3.176373552203076e-16 OK.
[2024/01/07 06:31:19]      Max aspect ratio = 3.333333333492265 OK.
[2024/01/07 06:31:19]      Minimum face area = 1.499999999935995e-07. Maximum face area = 5.000000000129904e-07.  Face area magnitudes OK.
[2024/01/07 06:31:19]      Min volume = 1.499999999944929e-10. Max volume = 1.500000000034984e-10.  Total volume = 4.500000000002841e-07.  Cell volumes OK.
[2024/01/07 06:31:19]      Mesh non-orthogonality Max: 0 average: 0
[2024/01/07 06:31:19]      Non-orthogonality check OK.
[2024/01/07 06:31:19]      Face pyramids OK.
[2024/01/07 06:31:19]      Max skewness = 9.432792296734318e-11 OK.
[2024/01/07 06:31:19]      Coupled point location match (average 0) OK.
[2024/01/07 06:31:19]  
[2024/01/07 06:31:19]  Mesh OK.
[2024/01/07 06:31:19]  
[2024/01/07 06:31:19]  Time = 1
[2024/01/07 06:31:19]  
[2024/01/07 06:31:19]  U Initial residual: (7.99569167708286e-08 1.38778835565012e-07 0.001135666208761046)
[2024/01/07 06:31:19]  U   Final residual: (3.146190754305739e-09 6.343201500124189e-09 4.522265607207562e-05)
[2024/01/07 06:31:19]  p Initial residual: 6.225003098557017e-07
[2024/01/07 06:31:19]  p   Final residual: 3.011040506829433e-08
[2024/01/07 06:31:19]  Time step continuity errors : sum local = 1.101605838625521e-07
[2024/01/07 06:31:19]                                   global = -1.592194796994516e-08
[2024/01/07 06:31:19]                               cumulative = 0.001720336121079788
[2024/01/07 06:31:19]  yPlus min: 0 max: 0 mean: 0
[2024/01/07 06:31:19]  PL-part1-totalPressure: 15.24317572681788
[2024/01/07 06:31:19]  PL-part2-totalPressure: -9.601604695301154
[2024/01/07 06:31:19]  VOLUME-part1-variableVolSum: 1.000198446128113e-05
[2024/01/07 06:31:19]  ExecutionTime = 519.63 s  ClockTime = 885 s
[2024/01/07 06:31:19]  
[2024/01/07 06:31:19]  Time = 1
[2024/01/07 06:31:19]  Minimal residual 6.225003098557017e-07 satisfied the prescribed tolerance 1e-06
[2024/01/07 06:31:19]  
[2024/01/07 06:31:19]  PL-part1-totalPressure: 15.24317572681788
[2024/01/07 06:31:19]  PL-part2-totalPressure: -9.601604695301154
[2024/01/07 06:31:19]  VOLUME-part1-variableVolSum: 1.000198446128113e-05
[2024/01/07 06:31:19]  Printing Primal Residual Statistics.
[2024/01/07 06:31:19]  U Residual Norm2: (0.0008309944525047387 0.000279122787837634 1.13422376306069e-13)
[2024/01/07 06:31:19]  U Residual Mean: (8.591723774520087e-06 2.865352245834715e-06 1.478290670051863e-15)
[2024/01/07 06:31:19]  U Residual Max: (5.213354085475963e-05 3.071834828016762e-05 1.048112010627979e-14)
[2024/01/07 06:31:19]  p Residual Norm2: 0.0004645396925712076
[2024/01/07 06:31:19]  p Residual Mean: 1.700495044112224e-06
[2024/01/07 06:31:19]  p Residual Max: 0.0002088234573514248
[2024/01/07 06:31:19]  phi Residual Norm2: 5.416543399510999e-07
[2024/01/07 06:31:19]  phi Residual Mean: 1.770579893310288e-09
[2024/01/07 06:31:19]  phi Residual Max: 3.70296375788098e-08
[2024/01/07 06:31:19]  End
[2024/01/07 06:31:19]  
[2024/01/07 06:31:19]  Objective Functions: 
[2024/01/07 06:31:19]  {'PL': 5.641571031516731, 'VOLUME': 1.0001984461281126e-05, 'fail': False}
[2024/01/07 06:31:19]  Flow Runtime: 2.96774
[2024/01/07 06:31:19]  
[2024/01/07 06:31:19]  
[2024/01/07 06:31:19]  +--------------------------------------------------------------------------+
[2024/01/07 06:31:19]  |                  Evaluating Objective Functions 106                      |
[2024/01/07 06:31:19]  +--------------------------------------------------------------------------+
[2024/01/07 06:31:19]  Design Variables: 
[2024/01/07 06:31:19]  OrderedDict([('alphaPorosity', array([  1.901161120308383 ,   1.8694030625146631,   1.8395735983269947,
[2024/01/07 06:31:19]         ..., 322.43325284329114  , 323.02093741103766  ,
[2024/01/07 06:31:19]         323.43736493258245  ]))])
[2024/01/07 06:31:19]  DVGeo PointSet UpToDate: False
[2024/01/07 06:31:19]  Updating DVGeo PointSet....
[2024/01/07 06:31:19]  DVGeo PointSet UpToDate: True
[2024/01/07 06:31:19]  Warping the volume mesh....
[2024/01/07 06:31:19]  Setting up primal boundary conditions based on pyOptions: 
[2024/01/07 06:31:19]  Setting primal boundary conditions...
[2024/01/07 06:31:19]  Setting U = (0.1 0 0) at inlet
[2024/01/07 06:31:19]  Setting primal boundary conditions...
[2024/01/07 06:31:19]  Setting p = 0 at outlet
[2024/01/07 06:31:19]  nuTilda not found, skip it.
[2024/01/07 06:31:19]  Setting nut wall BC for wallBoundary. BCType=nutkWallFunction
[2024/01/07 06:31:19]  Running Primal Solver 106
[2024/01/07 06:31:23]  Previous solution time 1 found and deleted.
[2024/01/07 06:31:23]  No finite volume options present
[2024/01/07 06:31:23]  
[2024/01/07 06:31:23]  Starting time loop
[2024/01/07 06:31:23]  
[2024/01/07 06:31:23]  Checking mesh quality for time = 0
[2024/01/07 06:31:23]      Overall domain bounding box (7.181318501078189e-16 -1.399990449424424e-15 -5.718082257688551e-15) (0.02999999999999962 0.01500000000001617 0.001000000000005718)
[2024/01/07 06:31:23]      Mesh has 3 geometric (non-empty/wedge) directions 3{1}
[2024/01/07 06:31:23]      Mesh has 3 solution (non-empty) directions 3{1}
[2024/01/07 06:31:23]      Boundary openness (-6.947448714353218e-18 9.793123156124281e-19 -3.04020355740097e-16) OK.
[2024/01/07 06:31:23]      Max cell openness = 3.176373552203076e-16 OK.
[2024/01/07 06:31:23]      Max aspect ratio = 3.333333333492265 OK.
[2024/01/07 06:31:23]      Minimum face area = 1.499999999935995e-07. Maximum face area = 5.000000000129904e-07.  Face area magnitudes OK.
[2024/01/07 06:31:23]      Min volume = 1.499999999944929e-10. Max volume = 1.500000000034984e-10.  Total volume = 4.500000000002841e-07.  Cell volumes OK.
[2024/01/07 06:31:23]      Mesh non-orthogonality Max: 0 average: 0
[2024/01/07 06:31:23]      Non-orthogonality check OK.
[2024/01/07 06:31:23]      Face pyramids OK.
[2024/01/07 06:31:23]      Max skewness = 9.432792296734318e-11 OK.
[2024/01/07 06:31:23]      Coupled point location match (average 0) OK.
[2024/01/07 06:31:23]  
[2024/01/07 06:31:23]  Mesh OK.
[2024/01/07 06:31:23]  
[2024/01/07 06:31:23]  Time = 1
[2024/01/07 06:31:23]  
[2024/01/07 06:31:23]  U Initial residual: (7.525241615772798e-08 1.297509069839868e-07 0.00110425704069873)
[2024/01/07 06:31:23]  U   Final residual: (2.953477701163422e-09 5.924305183375616e-09 4.478834561474479e-05)
[2024/01/07 06:31:23]  p Initial residual: 5.097898089238711e-07
[2024/01/07 06:31:23]  p   Final residual: 3.44633869511394e-08
[2024/01/07 06:31:23]  Time step continuity errors : sum local = 1.260862249257792e-07
[2024/01/07 06:31:23]                                   global = -1.338249987722463e-08
[2024/01/07 06:31:23]                               cumulative = 0.001720322738579911
[2024/01/07 06:31:23]  yPlus min: 0 max: 0 mean: 0
[2024/01/07 06:31:23]  PL-part1-totalPressure: 15.24317879331595
[2024/01/07 06:31:23]  PL-part2-totalPressure: -9.601604752325454
[2024/01/07 06:31:23]  VOLUME-part1-variableVolSum: 1.000198446150546e-05
[2024/01/07 06:31:23]  ExecutionTime = 521.4299999999999 s  ClockTime = 889 s
[2024/01/07 06:31:23]  
[2024/01/07 06:31:23]  Time = 1
[2024/01/07 06:31:23]  Minimal residual 5.097898089238711e-07 satisfied the prescribed tolerance 1e-06
[2024/01/07 06:31:23]  
[2024/01/07 06:31:23]  PL-part1-totalPressure: 15.24317879331595
[2024/01/07 06:31:23]  PL-part2-totalPressure: -9.601604752325454
[2024/01/07 06:31:23]  VOLUME-part1-variableVolSum: 1.000198446150546e-05
[2024/01/07 06:31:23]  Printing Primal Residual Statistics.
[2024/01/07 06:31:23]  U Residual Norm2: (0.0007955475309328582 0.0002612087686626047 1.136477791601229e-13)
[2024/01/07 06:31:23]  U Residual Mean: (8.161417220097799e-06 2.614840832103591e-06 1.47582510873816e-15)
[2024/01/07 06:31:23]  U Residual Max: (5.040118377719338e-05 3.002281986097532e-05 9.719704769347669e-15)
[2024/01/07 06:31:23]  p Residual Norm2: 0.0003478396342164226
[2024/01/07 06:31:23]  p Residual Mean: 1.395250586919443e-06
[2024/01/07 06:31:23]  p Residual Max: 0.0001527709255413253
[2024/01/07 06:31:23]  phi Residual Norm2: 5.103370427622373e-07
[2024/01/07 06:31:23]  phi Residual Mean: 1.686453212542448e-09
[2024/01/07 06:31:23]  phi Residual Max: 3.301632546214757e-08
[2024/01/07 06:31:23]  End
[2024/01/07 06:31:23]  
[2024/01/07 06:31:23]  Objective Functions: 
[2024/01/07 06:31:23]  {'PL': 5.641574040990498, 'VOLUME': 1.0001984461505455e-05, 'fail': False}
[2024/01/07 06:31:23]  Flow Runtime: 2.87166
[2024/01/07 06:31:23]  
[2024/01/07 06:31:23]  
[2024/01/07 06:31:23]  +--------------------------------------------------------------------------+
[2024/01/07 06:31:23]  |                  Evaluating Objective Functions 107                      |
[2024/01/07 06:31:23]  +--------------------------------------------------------------------------+
[2024/01/07 06:31:23]  Design Variables: 
[2024/01/07 06:31:23]  OrderedDict([('alphaPorosity', array([  1.901161137597914 ,   1.8694030792389542,   1.8395736144957842,
[2024/01/07 06:31:23]         ..., 322.43325420152667  , 323.02093880948036  ,
[2024/01/07 06:31:23]         323.43736637486506  ]))])
[2024/01/07 06:31:23]  DVGeo PointSet UpToDate: False
[2024/01/07 06:31:23]  Updating DVGeo PointSet....
[2024/01/07 06:31:23]  DVGeo PointSet UpToDate: True
[2024/01/07 06:31:23]  Warping the volume mesh....
[2024/01/07 06:31:23]  Setting up primal boundary conditions based on pyOptions: 
[2024/01/07 06:31:23]  Setting primal boundary conditions...
[2024/01/07 06:31:23]  Setting U = (0.1 0 0) at inlet
[2024/01/07 06:31:23]  Setting primal boundary conditions...
[2024/01/07 06:31:23]  Setting p = 0 at outlet
[2024/01/07 06:31:23]  nuTilda not found, skip it.
[2024/01/07 06:31:23]  Setting nut wall BC for wallBoundary. BCType=nutkWallFunction
[2024/01/07 06:31:23]  Running Primal Solver 107
[2024/01/07 06:31:23]  Previous solution time 1 found and deleted.
[2024/01/07 06:31:23]  No finite volume options present
[2024/01/07 06:31:23]  
[2024/01/07 06:31:23]  Starting time loop
[2024/01/07 06:31:23]  
[2024/01/07 06:31:23]  Checking mesh quality for time = 0
[2024/01/07 06:31:23]      Overall domain bounding box (7.181318501078189e-16 -1.399990449424424e-15 -5.718082257688551e-15) (0.02999999999999962 0.01500000000001617 0.001000000000005718)
[2024/01/07 06:31:23]      Mesh has 3 geometric (non-empty/wedge) directions 3{1}
[2024/01/07 06:31:23]      Mesh has 3 solution (non-empty) directions 3{1}
[2024/01/07 06:31:23]      Boundary openness (-6.947448714353218e-18 9.793123156124281e-19 -3.04020355740097e-16) OK.
[2024/01/07 06:31:23]      Max cell openness = 3.176373552203076e-16 OK.
[2024/01/07 06:31:23]      Max aspect ratio = 3.333333333492265 OK.
[2024/01/07 06:31:29]      Minimum face area = 1.499999999935995e-07. Maximum face area = 5.000000000129904e-07.  Face area magnitudes OK.
[2024/01/07 06:31:29]      Min volume = 1.499999999944929e-10. Max volume = 1.500000000034984e-10.  Total volume = 4.500000000002841e-07.  Cell volumes OK.
[2024/01/07 06:31:29]      Mesh non-orthogonality Max: 0 average: 0
[2024/01/07 06:31:29]      Non-orthogonality check OK.
[2024/01/07 06:31:29]      Face pyramids OK.
[2024/01/07 06:31:29]      Max skewness = 9.432792296734318e-11 OK.
[2024/01/07 06:31:29]      Coupled point location match (average 0) OK.
[2024/01/07 06:31:29]  
[2024/01/07 06:31:29]  Mesh OK.
[2024/01/07 06:31:29]  
[2024/01/07 06:31:29]  Time = 1
[2024/01/07 06:31:29]  
[2024/01/07 06:31:29]  U Initial residual: (7.128668975935865e-08 1.181213568262054e-07 0.00110234979424079)
[2024/01/07 06:31:29]  U   Final residual: (2.777253663178314e-09 5.335348466595835e-09 4.391865592028933e-05)
[2024/01/07 06:31:29]  p Initial residual: 4.153163772676674e-07
[2024/01/07 06:31:29]  p   Final residual: 3.30446376468417e-08
[2024/01/07 06:31:29]  Time step continuity errors : sum local = 1.208956811199191e-07
[2024/01/07 06:31:29]                                   global = -1.125732096287874e-08
[2024/01/07 06:31:29]                               cumulative = 0.001720311481258948
[2024/01/07 06:31:29]  yPlus min: 0 max: 0 mean: 0
[2024/01/07 06:31:29]  PL-part1-totalPressure: 15.24318207122394
[2024/01/07 06:31:29]  PL-part2-totalPressure: -9.601604817475424
[2024/01/07 06:31:29]  VOLUME-part1-variableVolSum: 1.000198446161762e-05
[2024/01/07 06:31:29]  ExecutionTime = 523.24 s  ClockTime = 893 s
[2024/01/07 06:31:29]  
[2024/01/07 06:31:29]  Time = 1
[2024/01/07 06:31:29]  Minimal residual 4.153163772676674e-07 satisfied the prescribed tolerance 1e-06
[2024/01/07 06:31:29]  
[2024/01/07 06:31:29]  PL-part1-totalPressure: 15.24318207122394
[2024/01/07 06:31:29]  PL-part2-totalPressure: -9.601604817475424
[2024/01/07 06:31:29]  VOLUME-part1-variableVolSum: 1.000198446161762e-05
[2024/01/07 06:31:29]  Printing Primal Residual Statistics.
[2024/01/07 06:31:29]  U Residual Norm2: (0.0007616245158181888 0.0002436760215042594 1.161457460983277e-13)
[2024/01/07 06:31:29]  U Residual Mean: (7.78645497562338e-06 2.374439213223689e-06 1.471463674022765e-15)
[2024/01/07 06:31:29]  U Residual Max: (4.870518554445091e-05 2.93644553901462e-05 1.150029552646688e-14)
[2024/01/07 06:31:29]  p Residual Norm2: 0.0002545038813617859
[2024/01/07 06:31:29]  p Residual Mean: 1.13536711368802e-06
[2024/01/07 06:31:29]  p Residual Max: 0.000106189432985713
[2024/01/07 06:31:29]  phi Residual Norm2: 4.822578109347033e-07
[2024/01/07 06:31:29]  phi Residual Mean: 1.575559661474924e-09
[2024/01/07 06:31:29]  phi Residual Max: 3.081560876899815e-08
[2024/01/07 06:31:29]  End
[2024/01/07 06:31:29]  
[2024/01/07 06:31:29]  Objective Functions: 
[2024/01/07 06:31:29]  {'PL': 5.641577253748517, 'VOLUME': 1.0001984461617623e-05, 'fail': False}
[2024/01/07 06:31:29]  Flow Runtime: 2.8772
[2024/01/07 06:31:29]  
[2024/01/07 06:31:29]  
[2024/01/07 06:31:29]  +--------------------------------------------------------------------------+
[2024/01/07 06:31:29]  |                  Evaluating Objective Functions 108                      |
[2024/01/07 06:31:29]  +--------------------------------------------------------------------------+
[2024/01/07 06:31:29]  Design Variables: 
[2024/01/07 06:31:29]  OrderedDict([('alphaPorosity', array([  1.9011611462426794,   1.8694030876010994,   1.839573622580179 ,
[2024/01/07 06:31:29]         ..., 322.43325488064437  , 323.0209395087017   ,
[2024/01/07 06:31:29]         323.4373670960064   ]))])
[2024/01/07 06:31:29]  DVGeo PointSet UpToDate: False
[2024/01/07 06:31:29]  Updating DVGeo PointSet....
[2024/01/07 06:31:29]  DVGeo PointSet UpToDate: True
[2024/01/07 06:31:29]  Warping the volume mesh....
[2024/01/07 06:31:29]  Setting up primal boundary conditions based on pyOptions: 
[2024/01/07 06:31:29]  Setting primal boundary conditions...
[2024/01/07 06:31:29]  Setting U = (0.1 0 0) at inlet
[2024/01/07 06:31:29]  Setting primal boundary conditions...
[2024/01/07 06:31:29]  Setting p = 0 at outlet
[2024/01/07 06:31:29]  nuTilda not found, skip it.
[2024/01/07 06:31:29]  Setting nut wall BC for wallBoundary. BCType=nutkWallFunction
[2024/01/07 06:31:29]  Running Primal Solver 108
[2024/01/07 06:31:29]  Previous solution time 1 found and deleted.
[2024/01/07 06:31:29]  No finite volume options present
[2024/01/07 06:31:29]  
[2024/01/07 06:31:29]  Starting time loop
[2024/01/07 06:31:29]  
[2024/01/07 06:31:29]  Checking mesh quality for time = 0
[2024/01/07 06:31:29]      Overall domain bounding box (7.181318501078189e-16 -1.399990449424424e-15 -5.718082257688551e-15) (0.02999999999999962 0.01500000000001617 0.001000000000005718)
[2024/01/07 06:31:29]      Mesh has 3 geometric (non-empty/wedge) directions 3{1}
[2024/01/07 06:31:29]      Mesh has 3 solution (non-empty) directions 3{1}
[2024/01/07 06:31:29]      Boundary openness (-6.947448714353218e-18 9.793123156124281e-19 -3.04020355740097e-16) OK.
[2024/01/07 06:31:29]      Max cell openness = 3.176373552203076e-16 OK.
[2024/01/07 06:31:29]      Max aspect ratio = 3.333333333492265 OK.
[2024/01/07 06:31:29]      Minimum face area = 1.499999999935995e-07. Maximum face area = 5.000000000129904e-07.  Face area magnitudes OK.
[2024/01/07 06:31:29]      Min volume = 1.499999999944929e-10. Max volume = 1.500000000034984e-10.  Total volume = 4.500000000002841e-07.  Cell volumes OK.
[2024/01/07 06:31:29]      Mesh non-orthogonality Max: 0 average: 0
[2024/01/07 06:31:29]      Non-orthogonality check OK.
[2024/01/07 06:31:29]      Face pyramids OK.
[2024/01/07 06:31:29]      Max skewness = 9.432792296734318e-11 OK.
[2024/01/07 06:31:29]      Coupled point location match (average 0) OK.
[2024/01/07 06:31:29]  
[2024/01/07 06:31:29]  Mesh OK.
[2024/01/07 06:31:29]  
[2024/01/07 06:31:29]  Time = 1
[2024/01/07 06:31:29]  
[2024/01/07 06:31:29]  U Initial residual: (6.793016440482524e-08 1.071382881028361e-07 0.001099152645428031)
[2024/01/07 06:31:32]  U   Final residual: (2.618870056566763e-09 4.733441575370657e-09 4.488156239160356e-05)
[2024/01/07 06:31:32]  p Initial residual: 3.326702482508196e-07
[2024/01/07 06:31:32]  p   Final residual: 2.666082939889515e-08
[2024/01/07 06:31:32]  Time step continuity errors : sum local = 9.754017753117086e-08
[2024/01/07 06:31:32]                                   global = -1.015586497752617e-08
[2024/01/07 06:31:32]                               cumulative = 0.001720301325393971
[2024/01/07 06:31:32]  yPlus min: 0 max: 0 mean: 0
[2024/01/07 06:31:32]  PL-part1-totalPressure: 15.24318497016101
[2024/01/07 06:31:32]  PL-part2-totalPressure: -9.601604892380172
[2024/01/07 06:31:32]  VOLUME-part1-variableVolSum: 1.00019844616737e-05
[2024/01/07 06:31:32]  ExecutionTime = 525.0700000000001 s  ClockTime = 897 s
[2024/01/07 06:31:32]  
[2024/01/07 06:31:32]  Time = 1
[2024/01/07 06:31:32]  Minimal residual 3.326702482508196e-07 satisfied the prescribed tolerance 1e-06
[2024/01/07 06:31:32]  
[2024/01/07 06:31:32]  PL-part1-totalPressure: 15.24318497016101
[2024/01/07 06:31:32]  PL-part2-totalPressure: -9.601604892380172
[2024/01/07 06:31:32]  VOLUME-part1-variableVolSum: 1.00019844616737e-05
[2024/01/07 06:31:32]  Printing Primal Residual Statistics.
[2024/01/07 06:31:32]  U Residual Norm2: (0.0007290191467282475 0.0002291040224482308 1.148927820740992e-13)
[2024/01/07 06:31:32]  U Residual Mean: (7.405300563023563e-06 2.201508122404389e-06 1.474745231283616e-15)
[2024/01/07 06:31:32]  U Residual Max: (4.69884591143277e-05 2.869630348323327e-05 1.06115098521216e-14)
[2024/01/07 06:31:32]  p Residual Norm2: 0.0001873052409626669
[2024/01/07 06:31:32]  p Residual Mean: 9.109031650095019e-07
[2024/01/07 06:31:32]  p Residual Max: 7.113629407033977e-05
[2024/01/07 06:31:32]  phi Residual Norm2: 4.568806287038479e-07
[2024/01/07 06:31:32]  phi Residual Mean: 1.445230498468408e-09
[2024/01/07 06:31:32]  phi Residual Max: 2.981667946795595e-08
[2024/01/07 06:31:32]  End
[2024/01/07 06:31:32]  
[2024/01/07 06:31:32]  Objective Functions: 
[2024/01/07 06:31:32]  {'PL': 5.641580077780835, 'VOLUME': 1.0001984461673705e-05, 'fail': False}
[2024/01/07 06:31:32]  Flow Runtime: 2.98056
[2024/01/07 06:31:32]  
[2024/01/07 06:31:32]  
[2024/01/07 06:31:32]  +--------------------------------------------------------------------------+
[2024/01/07 06:31:32]  |                  Evaluating Objective Functions 109                      |
[2024/01/07 06:31:32]  +--------------------------------------------------------------------------+
[2024/01/07 06:31:32]  Design Variables: 
[2024/01/07 06:31:32]  OrderedDict([('alphaPorosity', array([  1.9011611505650623,   1.8694030917821722,   1.8395736266223763,
[2024/01/07 06:31:32]         ..., 322.4332552202033   , 323.0209398583123   ,
[2024/01/07 06:31:32]         323.4373674565771   ]))])
[2024/01/07 06:31:32]  DVGeo PointSet UpToDate: False
[2024/01/07 06:31:32]  Updating DVGeo PointSet....
[2024/01/07 06:31:32]  DVGeo PointSet UpToDate: True
[2024/01/07 06:31:32]  Warping the volume mesh....
[2024/01/07 06:31:32]  Setting up primal boundary conditions based on pyOptions: 
[2024/01/07 06:31:32]  Setting primal boundary conditions...
[2024/01/07 06:31:32]  Setting U = (0.1 0 0) at inlet
[2024/01/07 06:31:32]  Setting primal boundary conditions...
[2024/01/07 06:31:32]  Setting p = 0 at outlet
[2024/01/07 06:31:32]  nuTilda not found, skip it.
[2024/01/07 06:31:32]  Setting nut wall BC for wallBoundary. BCType=nutkWallFunction
[2024/01/07 06:31:32]  Running Primal Solver 109
[2024/01/07 06:31:32]  Previous solution time 1 found and deleted.
[2024/01/07 06:31:32]  No finite volume options present
[2024/01/07 06:31:32]  
[2024/01/07 06:31:32]  Starting time loop
[2024/01/07 06:31:32]  
[2024/01/07 06:31:32]  Checking mesh quality for time = 0
[2024/01/07 06:31:32]      Overall domain bounding box (7.181318501078189e-16 -1.399990449424424e-15 -5.718082257688551e-15) (0.02999999999999962 0.01500000000001617 0.001000000000005718)
[2024/01/07 06:31:32]      Mesh has 3 geometric (non-empty/wedge) directions 3{1}
[2024/01/07 06:31:32]      Mesh has 3 solution (non-empty) directions 3{1}
[2024/01/07 06:31:32]      Boundary openness (-6.947448714353218e-18 9.793123156124281e-19 -3.04020355740097e-16) OK.
[2024/01/07 06:31:32]      Max cell openness = 3.176373552203076e-16 OK.
[2024/01/07 06:31:32]      Max aspect ratio = 3.333333333492265 OK.
[2024/01/07 06:31:32]      Minimum face area = 1.499999999935995e-07. Maximum face area = 5.000000000129904e-07.  Face area magnitudes OK.
[2024/01/07 06:31:32]      Min volume = 1.499999999944929e-10. Max volume = 1.500000000034984e-10.  Total volume = 4.500000000002841e-07.  Cell volumes OK.
[2024/01/07 06:31:32]      Mesh non-orthogonality Max: 0 average: 0
[2024/01/07 06:31:32]      Non-orthogonality check OK.
[2024/01/07 06:31:32]      Face pyramids OK.
[2024/01/07 06:31:32]      Max skewness = 9.432792296734318e-11 OK.
[2024/01/07 06:31:32]      Coupled point location match (average 0) OK.
[2024/01/07 06:31:32]  
[2024/01/07 06:31:32]  Mesh OK.
[2024/01/07 06:31:32]  
[2024/01/07 06:31:32]  Time = 1
[2024/01/07 06:31:32]  
[2024/01/07 06:31:32]  U Initial residual: (6.456609061313549e-08 9.926863042275197e-08 0.001101423541463943)
[2024/01/07 06:31:32]  U   Final residual: (2.466542134540732e-09 4.294891420344091e-09 4.448540594314616e-05)
[2024/01/07 06:31:32]  p Initial residual: 2.654378483829538e-07
[2024/01/07 06:31:32]  p   Final residual: 1.908837810192914e-08
[2024/01/07 06:31:32]  Time step continuity errors : sum local = 6.98359473706787e-08
[2024/01/07 06:31:32]                                   global = -1.016417076421914e-08
[2024/01/07 06:31:32]                               cumulative = 0.001720291161223207
[2024/01/07 06:31:32]  yPlus min: 0 max: 0 mean: 0
[2024/01/07 06:31:32]  PL-part1-totalPressure: 15.243187310768
[2024/01/07 06:31:32]  PL-part2-totalPressure: -9.601604963232569
[2024/01/07 06:31:32]  VOLUME-part1-variableVolSum: 1.000198446170174e-05
[2024/01/07 06:31:32]  ExecutionTime = 526.88 s  ClockTime = 900 s
[2024/01/07 06:31:32]  
[2024/01/07 06:31:32]  Time = 1
[2024/01/07 06:31:36]  Minimal residual 2.654378483829538e-07 satisfied the prescribed tolerance 1e-06
[2024/01/07 06:31:36]  
[2024/01/07 06:31:36]  PL-part1-totalPressure: 15.243187310768
[2024/01/07 06:31:36]  PL-part2-totalPressure: -9.601604963232569
[2024/01/07 06:31:36]  VOLUME-part1-variableVolSum: 1.000198446170174e-05
[2024/01/07 06:31:36]  Printing Primal Residual Statistics.
[2024/01/07 06:31:36]  U Residual Norm2: (0.0006976456068817957 0.0002175666007249744 1.137841124624987e-13)
[2024/01/07 06:31:36]  U Residual Mean: (7.006517153913065e-06 2.073160016167537e-06 1.490441031097439e-15)
[2024/01/07 06:31:36]  U Residual Max: (4.524856311260983e-05 2.795499872221274e-05 1.054082127455141e-14)
[2024/01/07 06:31:36]  p Residual Norm2: 0.0001426052862158932
[2024/01/07 06:31:36]  p Residual Mean: 7.421003066483005e-07
[2024/01/07 06:31:36]  p Residual Max: 5.666387579944773e-05
[2024/01/07 06:31:36]  phi Residual Norm2: 4.342626199210323e-07
[2024/01/07 06:31:36]  phi Residual Mean: 1.330788709932474e-09
[2024/01/07 06:31:36]  phi Residual Max: 2.88541591899372e-08
[2024/01/07 06:31:36]  End
[2024/01/07 06:31:36]  
[2024/01/07 06:31:36]  Objective Functions: 
[2024/01/07 06:31:36]  {'PL': 5.641582347535429, 'VOLUME': 1.0001984461701743e-05, 'fail': False}
[2024/01/07 06:31:36]  Flow Runtime: 2.80755
[2024/01/07 06:31:36]  
[2024/01/07 06:31:36]  
[2024/01/07 06:31:36]  +--------------------------------------------------------------------------+
[2024/01/07 06:31:36]  |                  Evaluating Objective Functions 110                      |
[2024/01/07 06:31:36]  +--------------------------------------------------------------------------+
[2024/01/07 06:31:36]  Design Variables: 
[2024/01/07 06:31:36]  OrderedDict([('alphaPorosity', array([  1.9011611527262537,   1.8694030938727086,   1.8395736286434752,
[2024/01/07 06:31:36]         ..., 322.4332553899827   , 323.0209400331177   ,
[2024/01/07 06:31:36]         323.43736763686246  ]))])
[2024/01/07 06:31:36]  DVGeo PointSet UpToDate: False
[2024/01/07 06:31:36]  Updating DVGeo PointSet....
[2024/01/07 06:31:36]  DVGeo PointSet UpToDate: True
[2024/01/07 06:31:36]  Warping the volume mesh....
[2024/01/07 06:31:36]  Setting up primal boundary conditions based on pyOptions: 
[2024/01/07 06:31:36]  Setting primal boundary conditions...
[2024/01/07 06:31:36]  Setting U = (0.1 0 0) at inlet
[2024/01/07 06:31:36]  Setting primal boundary conditions...
[2024/01/07 06:31:36]  Setting p = 0 at outlet
[2024/01/07 06:31:36]  nuTilda not found, skip it.
[2024/01/07 06:31:36]  Setting nut wall BC for wallBoundary. BCType=nutkWallFunction
[2024/01/07 06:31:36]  Running Primal Solver 110
[2024/01/07 06:31:36]  Previous solution time 1 found and deleted.
[2024/01/07 06:31:36]  No finite volume options present
[2024/01/07 06:31:36]  
[2024/01/07 06:31:36]  Starting time loop
[2024/01/07 06:31:36]  
[2024/01/07 06:31:36]  Checking mesh quality for time = 0
[2024/01/07 06:31:36]      Overall domain bounding box (7.181318501078189e-16 -1.399990449424424e-15 -5.718082257688551e-15) (0.02999999999999962 0.01500000000001617 0.001000000000005718)
[2024/01/07 06:31:36]      Mesh has 3 geometric (non-empty/wedge) directions 3{1}
[2024/01/07 06:31:36]      Mesh has 3 solution (non-empty) directions 3{1}
[2024/01/07 06:31:36]      Boundary openness (-6.947448714353218e-18 9.793123156124281e-19 -3.04020355740097e-16) OK.
[2024/01/07 06:31:36]      Max cell openness = 3.176373552203076e-16 OK.
[2024/01/07 06:31:36]      Max aspect ratio = 3.333333333492265 OK.
[2024/01/07 06:31:36]      Minimum face area = 1.499999999935995e-07. Maximum face area = 5.000000000129904e-07.  Face area magnitudes OK.
[2024/01/07 06:31:36]      Min volume = 1.499999999944929e-10. Max volume = 1.500000000034984e-10.  Total volume = 4.500000000002841e-07.  Cell volumes OK.
[2024/01/07 06:31:36]      Mesh non-orthogonality Max: 0 average: 0
[2024/01/07 06:31:36]      Non-orthogonality check OK.
[2024/01/07 06:31:36]      Face pyramids OK.
[2024/01/07 06:31:36]      Max skewness = 9.432792296734318e-11 OK.
[2024/01/07 06:31:36]      Coupled point location match (average 0) OK.
[2024/01/07 06:31:36]  
[2024/01/07 06:31:36]  Mesh OK.
[2024/01/07 06:31:36]  
[2024/01/07 06:31:36]  Time = 1
[2024/01/07 06:31:36]  
[2024/01/07 06:31:36]  U Initial residual: (6.106944703988629e-08 9.344931085483652e-08 0.001113358275624484)
[2024/01/07 06:31:36]  U   Final residual: (2.318330237967939e-09 3.990942687574175e-09 4.431518662435424e-05)
[2024/01/07 06:31:36]  p Initial residual: 2.199955705179321e-07
[2024/01/07 06:31:36]  p   Final residual: 1.420254755674002e-08
[2024/01/07 06:31:36]  Time step continuity errors : sum local = 5.196085808734468e-08
[2024/01/07 06:31:36]                                   global = -9.169933799535172e-09
[2024/01/07 06:31:36]                               cumulative = 0.001720281991289407
[2024/01/07 06:31:36]  yPlus min: 0 max: 0 mean: 0
[2024/01/07 06:31:36]  PL-part1-totalPressure: 15.24318936852382
[2024/01/07 06:31:36]  PL-part2-totalPressure: -9.601605017426056
[2024/01/07 06:31:36]  VOLUME-part1-variableVolSum: 1.000198446171577e-05
[2024/01/07 06:31:36]  ExecutionTime = 529.38 s  ClockTime = 904 s
[2024/01/07 06:31:36]  
[2024/01/07 06:31:36]  Time = 1
[2024/01/07 06:31:36]  Minimal residual 2.199955705179321e-07 satisfied the prescribed tolerance 1e-06
[2024/01/07 06:31:36]  
[2024/01/07 06:31:36]  PL-part1-totalPressure: 15.24318936852382
[2024/01/07 06:31:36]  PL-part2-totalPressure: -9.601605017426056
[2024/01/07 06:31:36]  VOLUME-part1-variableVolSum: 1.000198446171577e-05
[2024/01/07 06:31:36]  Printing Primal Residual Statistics.
[2024/01/07 06:31:36]  U Residual Norm2: (0.0006675662725289026 0.0002082236204220443 1.134764609989896e-13)
[2024/01/07 06:31:36]  U Residual Mean: (6.613925547563306e-06 1.962900652589031e-06 1.470028763303925e-15)
[2024/01/07 06:31:36]  U Residual Max: (4.353211971053206e-05 2.713309852320211e-05 1.148305511364182e-14)
[2024/01/07 06:31:36]  p Residual Norm2: 0.0001147495053793156
[2024/01/07 06:31:36]  p Residual Mean: 6.244833284666308e-07
[2024/01/07 06:31:36]  p Residual Max: 5.505655438363002e-05
[2024/01/07 06:31:41]  phi Residual Norm2: 4.137525915955068e-07
[2024/01/07 06:31:41]  phi Residual Mean: 1.245562900817036e-09
[2024/01/07 06:31:41]  phi Residual Max: 2.78646864823555e-08
[2024/01/07 06:31:41]  End
[2024/01/07 06:31:41]  
[2024/01/07 06:31:41]  Objective Functions: 
[2024/01/07 06:31:41]  {'PL': 5.641584351097768, 'VOLUME': 1.0001984461715769e-05, 'fail': False}
[2024/01/07 06:31:41]  Flow Runtime: 2.95097
[2024/01/07 06:31:41]  
[2024/01/07 06:31:41]  
[2024/01/07 06:31:41]  +--------------------------------------------------------------------------+
[2024/01/07 06:31:41]  |                  Evaluating Objective Functions 111                      |
[2024/01/07 06:31:41]  +--------------------------------------------------------------------------+
[2024/01/07 06:31:41]  Design Variables: 
[2024/01/07 06:31:41]  OrderedDict([('alphaPorosity', array([  1.9011611538068496,   1.869403094917977 ,   1.8395736296540244,
[2024/01/07 06:31:41]         ..., 322.43325547487245  , 323.0209401205204   ,
[2024/01/07 06:31:41]         323.43736772700504  ]))])
[2024/01/07 06:31:41]  DVGeo PointSet UpToDate: False
[2024/01/07 06:31:41]  Updating DVGeo PointSet....
[2024/01/07 06:31:41]  DVGeo PointSet UpToDate: True
[2024/01/07 06:31:41]  Warping the volume mesh....
[2024/01/07 06:31:41]  Setting up primal boundary conditions based on pyOptions: 
[2024/01/07 06:31:41]  Setting primal boundary conditions...
[2024/01/07 06:31:41]  Setting U = (0.1 0 0) at inlet
[2024/01/07 06:31:41]  Setting primal boundary conditions...
[2024/01/07 06:31:41]  Setting p = 0 at outlet
[2024/01/07 06:31:41]  nuTilda not found, skip it.
[2024/01/07 06:31:41]  Setting nut wall BC for wallBoundary. BCType=nutkWallFunction
[2024/01/07 06:31:41]  Running Primal Solver 111
[2024/01/07 06:31:41]  Previous solution time 1 found and deleted.
[2024/01/07 06:31:41]  No finite volume options present
[2024/01/07 06:31:41]  
[2024/01/07 06:31:41]  Starting time loop
[2024/01/07 06:31:41]  
[2024/01/07 06:31:41]  Checking mesh quality for time = 0
[2024/01/07 06:31:41]      Overall domain bounding box (7.181318501078189e-16 -1.399990449424424e-15 -5.718082257688551e-15) (0.02999999999999962 0.01500000000001617 0.001000000000005718)
[2024/01/07 06:31:41]      Mesh has 3 geometric (non-empty/wedge) directions 3{1}
[2024/01/07 06:31:41]      Mesh has 3 solution (non-empty) directions 3{1}
[2024/01/07 06:31:41]      Boundary openness (-6.947448714353218e-18 9.793123156124281e-19 -3.04020355740097e-16) OK.
[2024/01/07 06:31:41]      Max cell openness = 3.176373552203076e-16 OK.
[2024/01/07 06:31:41]      Max aspect ratio = 3.333333333492265 OK.
[2024/01/07 06:31:41]      Minimum face area = 1.499999999935995e-07. Maximum face area = 5.000000000129904e-07.  Face area magnitudes OK.
[2024/01/07 06:31:41]      Min volume = 1.499999999944929e-10. Max volume = 1.500000000034984e-10.  Total volume = 4.500000000002841e-07.  Cell volumes OK.
[2024/01/07 06:31:41]      Mesh non-orthogonality Max: 0 average: 0
[2024/01/07 06:31:41]      Non-orthogonality check OK.
[2024/01/07 06:31:41]      Face pyramids OK.
[2024/01/07 06:31:41]      Max skewness = 9.432792296734318e-11 OK.
[2024/01/07 06:31:41]      Coupled point location match (average 0) OK.
[2024/01/07 06:31:41]  
[2024/01/07 06:31:41]  Mesh OK.
[2024/01/07 06:31:41]  
[2024/01/07 06:31:41]  Time = 1
[2024/01/07 06:31:41]  
[2024/01/07 06:31:41]  U Initial residual: (5.76372598465829e-08 8.846554771276924e-08 0.001098097521583758)
[2024/01/07 06:31:41]  U   Final residual: (2.177717169245274e-09 3.752931219701218e-09 4.457582785418656e-05)
[2024/01/07 06:31:41]  p Initial residual: 1.863973630552655e-07
[2024/01/07 06:31:41]  p   Final residual: 1.216389760712267e-08
[2024/01/07 06:31:41]  Time step continuity errors : sum local = 4.450234197102018e-08
[2024/01/07 06:31:41]                                   global = -8.037474626056509e-09
[2024/01/07 06:31:41]                               cumulative = 0.001720273953814781
[2024/01/07 06:31:41]  yPlus min: 0 max: 0 mean: 0
[2024/01/07 06:31:41]  PL-part1-totalPressure: 15.24319128157145
[2024/01/07 06:31:41]  PL-part2-totalPressure: -9.60160505606615
[2024/01/07 06:31:41]  VOLUME-part1-variableVolSum: 1.000198446172278e-05
[2024/01/07 06:31:41]  ExecutionTime = 531.29 s  ClockTime = 907 s
[2024/01/07 06:31:41]  
[2024/01/07 06:31:41]  Time = 1
[2024/01/07 06:31:41]  Minimal residual 1.863973630552655e-07 satisfied the prescribed tolerance 1e-06
[2024/01/07 06:31:41]  
[2024/01/07 06:31:41]  PL-part1-totalPressure: 15.24319128157145
[2024/01/07 06:31:41]  PL-part2-totalPressure: -9.60160505606615
[2024/01/07 06:31:41]  VOLUME-part1-variableVolSum: 1.000198446172278e-05
[2024/01/07 06:31:41]  Printing Primal Residual Statistics.
[2024/01/07 06:31:41]  U Residual Norm2: (0.0006390534008159791 0.0001997263269342932 1.131030611939605e-13)
[2024/01/07 06:31:41]  U Residual Mean: (6.248259560297884e-06 1.855764210762993e-06 1.472964210124197e-15)
[2024/01/07 06:31:41]  U Residual Max: (4.186141317585879e-05 2.626919502612957e-05 1.014626641064646e-14)
[2024/01/07 06:31:41]  p Residual Norm2: 9.794903313146054e-05
[2024/01/07 06:31:41]  p Residual Mean: 5.363069272450506e-07
[2024/01/07 06:31:41]  p Residual Max: 5.328386533585629e-05
[2024/01/07 06:31:41]  phi Residual Norm2: 3.94669297844931e-07
[2024/01/07 06:31:41]  phi Residual Mean: 1.178762764264726e-09
[2024/01/07 06:31:41]  phi Residual Max: 2.686375858060447e-08
[2024/01/07 06:31:41]  End
[2024/01/07 06:31:41]  
[2024/01/07 06:31:41]  Objective Functions: 
[2024/01/07 06:31:41]  {'PL': 5.6415862255053, 'VOLUME': 1.0001984461722777e-05, 'fail': False}
[2024/01/07 06:31:41]  Flow Runtime: 2.82579
[2024/01/07 06:31:41]  
[2024/01/07 06:31:41]  
[2024/01/07 06:31:41]  +--------------------------------------------------------------------------+
[2024/01/07 06:31:41]  |                  Evaluating Objective Functions 112                      |
[2024/01/07 06:31:41]  +--------------------------------------------------------------------------+
[2024/01/07 06:31:41]  Design Variables: 
[2024/01/07 06:31:41]  OrderedDict([('alphaPorosity', array([  1.9011611543471474,   1.8694030954406111,   1.839573630159299 ,
[2024/01/07 06:31:44]         ..., 322.4332555173173   , 323.02094016422166  ,
[2024/01/07 06:31:44]         323.4373677720764   ]))])
[2024/01/07 06:31:44]  DVGeo PointSet UpToDate: False
[2024/01/07 06:31:44]  Updating DVGeo PointSet....
[2024/01/07 06:31:44]  DVGeo PointSet UpToDate: True
[2024/01/07 06:31:44]  Warping the volume mesh....
[2024/01/07 06:31:44]  Setting up primal boundary conditions based on pyOptions: 
[2024/01/07 06:31:44]  Setting primal boundary conditions...
[2024/01/07 06:31:44]  Setting U = (0.1 0 0) at inlet
[2024/01/07 06:31:44]  Setting primal boundary conditions...
[2024/01/07 06:31:44]  Setting p = 0 at outlet
[2024/01/07 06:31:44]  nuTilda not found, skip it.
[2024/01/07 06:31:44]  Setting nut wall BC for wallBoundary. BCType=nutkWallFunction
[2024/01/07 06:31:44]  Running Primal Solver 112
[2024/01/07 06:31:44]  Previous solution time 1 found and deleted.
[2024/01/07 06:31:44]  No finite volume options present
[2024/01/07 06:31:44]  
[2024/01/07 06:31:44]  Starting time loop
[2024/01/07 06:31:44]  
[2024/01/07 06:31:44]  Checking mesh quality for time = 0
[2024/01/07 06:31:44]      Overall domain bounding box (7.181318501078189e-16 -1.399990449424424e-15 -5.718082257688551e-15) (0.02999999999999962 0.01500000000001617 0.001000000000005718)
[2024/01/07 06:31:44]      Mesh has 3 geometric (non-empty/wedge) directions 3{1}
[2024/01/07 06:31:44]      Mesh has 3 solution (non-empty) directions 3{1}
[2024/01/07 06:31:44]      Boundary openness (-6.947448714353218e-18 9.793123156124281e-19 -3.04020355740097e-16) OK.
[2024/01/07 06:31:44]      Max cell openness = 3.176373552203076e-16 OK.
[2024/01/07 06:31:44]      Max aspect ratio = 3.333333333492265 OK.
[2024/01/07 06:31:44]      Minimum face area = 1.499999999935995e-07. Maximum face area = 5.000000000129904e-07.  Face area magnitudes OK.
[2024/01/07 06:31:44]      Min volume = 1.499999999944929e-10. Max volume = 1.500000000034984e-10.  Total volume = 4.500000000002841e-07.  Cell volumes OK.
[2024/01/07 06:31:44]      Mesh non-orthogonality Max: 0 average: 0
[2024/01/07 06:31:44]      Non-orthogonality check OK.
[2024/01/07 06:31:44]      Face pyramids OK.
[2024/01/07 06:31:44]      Max skewness = 9.432792296734318e-11 OK.
[2024/01/07 06:31:44]      Coupled point location match (average 0) OK.
[2024/01/07 06:31:44]  
[2024/01/07 06:31:44]  Mesh OK.
[2024/01/07 06:31:44]  
[2024/01/07 06:31:44]  Time = 1
[2024/01/07 06:31:44]  
[2024/01/07 06:31:44]  U Initial residual: (5.444496565344308e-08 8.363055232239557e-08 0.001100245981598094)
[2024/01/07 06:31:44]  U   Final residual: (2.048434089654041e-09 3.53285083302571e-09 4.701456513950208e-05)
[2024/01/07 06:31:44]  p Initial residual: 1.613390677217871e-07
[2024/01/07 06:31:44]  p   Final residual: 1.072392072092945e-08
[2024/01/07 06:31:44]  Time step continuity errors : sum local = 3.92341072050535e-08
[2024/01/07 06:31:44]                                   global = -7.432586154285604e-09
[2024/01/07 06:31:44]                               cumulative = 0.001720266521228627
[2024/01/07 06:31:44]  yPlus min: 0 max: 0 mean: 0
[2024/01/07 06:31:44]  PL-part1-totalPressure: 15.24319301422969
[2024/01/07 06:31:44]  PL-part2-totalPressure: -9.601605087115393
[2024/01/07 06:31:44]  VOLUME-part1-variableVolSum: 1.000198446172629e-05
[2024/01/07 06:31:44]  ExecutionTime = 533.49 s  ClockTime = 911 s
[2024/01/07 06:31:44]  
[2024/01/07 06:31:44]  Time = 1
[2024/01/07 06:31:44]  Minimal residual 1.613390677217871e-07 satisfied the prescribed tolerance 1e-06
[2024/01/07 06:31:44]  
[2024/01/07 06:31:44]  PL-part1-totalPressure: 15.24319301422969
[2024/01/07 06:31:44]  PL-part2-totalPressure: -9.601605087115393
[2024/01/07 06:31:44]  VOLUME-part1-variableVolSum: 1.000198446172629e-05
[2024/01/07 06:31:44]  Printing Primal Residual Statistics.
[2024/01/07 06:31:44]  U Residual Norm2: (0.0006123641106371868 0.0001905632585513336 1.209708082775308e-13)
[2024/01/07 06:31:44]  U Residual Mean: (5.918776807450297e-06 1.742691585587263e-06 1.535942975053994e-15)
[2024/01/07 06:31:44]  U Residual Max: (4.023737892877577e-05 2.540060379307985e-05 1.094005937412798e-14)
[2024/01/07 06:31:44]  p Residual Norm2: 8.777983881009511e-05
[2024/01/07 06:31:44]  p Residual Mean: 4.654983201625798e-07
[2024/01/07 06:31:44]  p Residual Max: 5.145756209140059e-05
[2024/01/07 06:31:44]  phi Residual Norm2: 3.767078513477141e-07
[2024/01/07 06:31:44]  phi Residual Mean: 1.114384466908614e-09
[2024/01/07 06:31:44]  phi Residual Max: 2.585896243820202e-08
[2024/01/07 06:31:44]  End
[2024/01/07 06:31:44]  
[2024/01/07 06:31:44]  Objective Functions: 
[2024/01/07 06:31:44]  {'PL': 5.641587927114296, 'VOLUME': 1.0001984461726285e-05, 'fail': False}
[2024/01/07 06:31:44]  Flow Runtime: 2.91746
[2024/01/07 06:31:44]  
[2024/01/07 06:31:44]  
[2024/01/07 06:31:44]  +--------------------------------------------------------------------------+
[2024/01/07 06:31:44]  |                  Evaluating Objective Functions 113                      |
[2024/01/07 06:31:44]  +--------------------------------------------------------------------------+
[2024/01/07 06:31:44]  Design Variables: 
[2024/01/07 06:31:44]  OrderedDict([('alphaPorosity', array([  1.9011611546172962,   1.869403095701928 ,   1.8395736304119366,
[2024/01/07 06:31:44]         ..., 322.4332555385398   , 323.0209401860724   ,
[2024/01/07 06:31:44]         323.4373677946121   ]))])
[2024/01/07 06:31:44]  DVGeo PointSet UpToDate: False
[2024/01/07 06:31:44]  Updating DVGeo PointSet....
[2024/01/07 06:31:44]  DVGeo PointSet UpToDate: True
[2024/01/07 06:31:44]  Warping the volume mesh....
[2024/01/07 06:31:44]  Setting up primal boundary conditions based on pyOptions: 
[2024/01/07 06:31:44]  Setting primal boundary conditions...
[2024/01/07 06:31:44]  Setting U = (0.1 0 0) at inlet
[2024/01/07 06:31:44]  Setting primal boundary conditions...
[2024/01/07 06:31:44]  Setting p = 0 at outlet
[2024/01/07 06:31:44]  nuTilda not found, skip it.
[2024/01/07 06:31:44]  Setting nut wall BC for wallBoundary. BCType=nutkWallFunction
[2024/01/07 06:31:44]  Running Primal Solver 113
[2024/01/07 06:31:44]  Previous solution time 1 found and deleted.
[2024/01/07 06:31:44]  No finite volume options present
[2024/01/07 06:31:44]  
[2024/01/07 06:31:44]  Starting time loop
[2024/01/07 06:31:44]  
[2024/01/07 06:31:49]  Checking mesh quality for time = 0
[2024/01/07 06:31:49]      Overall domain bounding box (7.181318501078189e-16 -1.399990449424424e-15 -5.718082257688551e-15) (0.02999999999999962 0.01500000000001617 0.001000000000005718)
[2024/01/07 06:31:49]      Mesh has 3 geometric (non-empty/wedge) directions 3{1}
[2024/01/07 06:31:49]      Mesh has 3 solution (non-empty) directions 3{1}
[2024/01/07 06:31:49]      Boundary openness (-6.947448714353218e-18 9.793123156124281e-19 -3.04020355740097e-16) OK.
[2024/01/07 06:31:49]      Max cell openness = 3.176373552203076e-16 OK.
[2024/01/07 06:31:49]      Max aspect ratio = 3.333333333492265 OK.
[2024/01/07 06:31:49]      Minimum face area = 1.499999999935995e-07. Maximum face area = 5.000000000129904e-07.  Face area magnitudes OK.
[2024/01/07 06:31:49]      Min volume = 1.499999999944929e-10. Max volume = 1.500000000034984e-10.  Total volume = 4.500000000002841e-07.  Cell volumes OK.
[2024/01/07 06:31:49]      Mesh non-orthogonality Max: 0 average: 0
[2024/01/07 06:31:49]      Non-orthogonality check OK.
[2024/01/07 06:31:49]      Face pyramids OK.
[2024/01/07 06:31:49]      Max skewness = 9.432792296734318e-11 OK.
[2024/01/07 06:31:49]      Coupled point location match (average 0) OK.
[2024/01/07 06:31:49]  
[2024/01/07 06:31:49]  Mesh OK.
[2024/01/07 06:31:49]  
[2024/01/07 06:31:49]  Time = 1
[2024/01/07 06:31:49]  
[2024/01/07 06:31:49]  U Initial residual: (5.157074555581519e-08 7.853119476574222e-08 0.001147004181722037)
[2024/01/07 06:31:49]  U   Final residual: (1.93164880344036e-09 3.300282651109095e-09 4.920198040461884e-05)
[2024/01/07 06:31:49]  p Initial residual: 1.426650992331895e-07
[2024/01/07 06:31:49]  p   Final residual: 1.02974532525552e-08
[2024/01/07 06:31:49]  Time step continuity errors : sum local = 3.767385383128881e-08
[2024/01/07 06:31:49]                                   global = -6.779857392908997e-09
[2024/01/07 06:31:49]                               cumulative = 0.001720259741371234
[2024/01/07 06:31:49]  yPlus min: 0 max: 0 mean: 0
[2024/01/07 06:31:49]  PL-part1-totalPressure: 15.24319455788318
[2024/01/07 06:31:49]  PL-part2-totalPressure: -9.601605116304279
[2024/01/07 06:31:49]  VOLUME-part1-variableVolSum: 1.000198446172804e-05
[2024/01/07 06:31:49]  ExecutionTime = 535.38 s  ClockTime = 915 s
[2024/01/07 06:31:49]  
[2024/01/07 06:31:49]  Time = 1
[2024/01/07 06:31:49]  Minimal residual 1.426650992331895e-07 satisfied the prescribed tolerance 1e-06
[2024/01/07 06:31:49]  
[2024/01/07 06:31:49]  PL-part1-totalPressure: 15.24319455788318
[2024/01/07 06:31:49]  PL-part2-totalPressure: -9.601605116304279
[2024/01/07 06:31:49]  VOLUME-part1-variableVolSum: 1.000198446172804e-05
[2024/01/07 06:31:49]  Printing Primal Residual Statistics.
[2024/01/07 06:31:49]  U Residual Norm2: (0.0005872818114512425 0.0001807034213043436 1.148393854771173e-13)
[2024/01/07 06:31:49]  U Residual Mean: (5.62198467185328e-06 1.628330797387828e-06 1.487105720856583e-15)
[2024/01/07 06:31:49]  U Residual Max: (3.866038917799131e-05 2.454430224918536e-05 1.010288736792447e-14)
[2024/01/07 06:31:49]  p Residual Norm2: 8.139062946833465e-05
[2024/01/07 06:31:49]  p Residual Mean: 4.158621326539645e-07
[2024/01/07 06:31:49]  p Residual Max: 4.973389093954617e-05
[2024/01/07 06:31:49]  phi Residual Norm2: 3.597353811701499e-07
[2024/01/07 06:31:49]  phi Residual Mean: 1.051591290782039e-09
[2024/01/07 06:31:49]  phi Residual Max: 2.485177205129503e-08
[2024/01/07 06:31:49]  End
[2024/01/07 06:31:49]  
[2024/01/07 06:31:49]  Objective Functions: 
[2024/01/07 06:31:49]  {'PL': 5.641589441578896, 'VOLUME': 1.0001984461728035e-05, 'fail': False}
[2024/01/07 06:31:49]  Flow Runtime: 2.88217
[2024/01/07 06:31:49]  
[2024/01/07 06:31:49]  
[2024/01/07 06:31:49]  +--------------------------------------------------------------------------+
[2024/01/07 06:31:49]  |                  Evaluating Objective Functions 114                      |
[2024/01/07 06:31:49]  +--------------------------------------------------------------------------+
[2024/01/07 06:31:49]  Design Variables: 
[2024/01/07 06:31:49]  OrderedDict([('alphaPorosity', array([  1.9011611547523706,   1.8694030958325865,   1.839573630538255 ,
[2024/01/07 06:31:49]         ..., 322.43325554915094  , 323.0209401969977   ,
[2024/01/07 06:31:49]         323.4373678058799   ]))])
[2024/01/07 06:31:49]  DVGeo PointSet UpToDate: False
[2024/01/07 06:31:49]  Updating DVGeo PointSet....
[2024/01/07 06:31:49]  DVGeo PointSet UpToDate: True
[2024/01/07 06:31:49]  Warping the volume mesh....
[2024/01/07 06:31:49]  Setting up primal boundary conditions based on pyOptions: 
[2024/01/07 06:31:49]  Setting primal boundary conditions...
[2024/01/07 06:31:49]  Setting U = (0.1 0 0) at inlet
[2024/01/07 06:31:49]  Setting primal boundary conditions...
[2024/01/07 06:31:49]  Setting p = 0 at outlet
[2024/01/07 06:31:49]  nuTilda not found, skip it.
[2024/01/07 06:31:49]  Setting nut wall BC for wallBoundary. BCType=nutkWallFunction
[2024/01/07 06:31:49]  Running Primal Solver 114
[2024/01/07 06:31:49]  Previous solution time 1 found and deleted.
[2024/01/07 06:31:49]  No finite volume options present
[2024/01/07 06:31:49]  
[2024/01/07 06:31:49]  Starting time loop
[2024/01/07 06:31:49]  
[2024/01/07 06:31:49]  Checking mesh quality for time = 0
[2024/01/07 06:31:49]      Overall domain bounding box (7.181318501078189e-16 -1.399990449424424e-15 -5.718082257688551e-15) (0.02999999999999962 0.01500000000001617 0.001000000000005718)
[2024/01/07 06:31:49]      Mesh has 3 geometric (non-empty/wedge) directions 3{1}
[2024/01/07 06:31:49]      Mesh has 3 solution (non-empty) directions 3{1}
[2024/01/07 06:31:49]      Boundary openness (-6.947448714353218e-18 9.793123156124281e-19 -3.04020355740097e-16) OK.
[2024/01/07 06:31:49]      Max cell openness = 3.176373552203076e-16 OK.
[2024/01/07 06:31:49]      Max aspect ratio = 3.333333333492265 OK.
[2024/01/07 06:31:49]      Minimum face area = 1.499999999935995e-07. Maximum face area = 5.000000000129904e-07.  Face area magnitudes OK.
[2024/01/07 06:31:54]      Min volume = 1.499999999944929e-10. Max volume = 1.500000000034984e-10.  Total volume = 4.500000000002841e-07.  Cell volumes OK.
[2024/01/07 06:31:54]      Mesh non-orthogonality Max: 0 average: 0
[2024/01/07 06:31:54]      Non-orthogonality check OK.
[2024/01/07 06:31:54]      Face pyramids OK.
[2024/01/07 06:31:54]      Max skewness = 9.432792296734318e-11 OK.
[2024/01/07 06:31:54]      Coupled point location match (average 0) OK.
[2024/01/07 06:31:54]  
[2024/01/07 06:31:54]  Mesh OK.
[2024/01/07 06:31:54]  
[2024/01/07 06:31:54]  Time = 1
[2024/01/07 06:31:54]  
[2024/01/07 06:31:54]  U Initial residual: (4.898283962924021e-08 7.337466884213462e-08 0.001110589130610458)
[2024/01/07 06:31:54]  U   Final residual: (1.825734614965714e-09 3.057488939628388e-09 4.724139611552577e-05)
[2024/01/07 06:31:54]  p Initial residual: 1.279374017318195e-07
[2024/01/07 06:31:54]  p   Final residual: 1.000125545533328e-08
[2024/01/07 06:31:54]  Time step continuity errors : sum local = 3.659020505673024e-08
[2024/01/07 06:31:54]                                   global = -6.227680263653509e-09
[2024/01/07 06:31:54]                               cumulative = 0.001720253513690971
[2024/01/07 06:31:54]  yPlus min: 0 max: 0 mean: 0
[2024/01/07 06:31:54]  PL-part1-totalPressure: 15.24319595029924
[2024/01/07 06:31:54]  PL-part2-totalPressure: -9.601605144389668
[2024/01/07 06:31:54]  VOLUME-part1-variableVolSum: 1.000198446172891e-05
[2024/01/07 06:31:54]  ExecutionTime = 537.36 s  ClockTime = 918 s
[2024/01/07 06:31:54]  
[2024/01/07 06:31:54]  Time = 1
[2024/01/07 06:31:54]  Minimal residual 1.279374017318195e-07 satisfied the prescribed tolerance 1e-06
[2024/01/07 06:31:54]  
[2024/01/07 06:31:54]  PL-part1-totalPressure: 15.24319595029924
[2024/01/07 06:31:54]  PL-part2-totalPressure: -9.601605144389668
[2024/01/07 06:31:54]  VOLUME-part1-variableVolSum: 1.000198446172891e-05
[2024/01/07 06:31:54]  Printing Primal Residual Statistics.
[2024/01/07 06:31:54]  U Residual Norm2: (0.0005633477791358926 0.0001711969268004024 1.146637994970247e-13)
[2024/01/07 06:31:54]  U Residual Mean: (5.347366957379013e-06 1.526820403829458e-06 1.46589209924628e-15)
[2024/01/07 06:31:54]  U Residual Max: (3.71318385949948e-05 2.369814259439718e-05 9.910718205204411e-15)
[2024/01/07 06:31:54]  p Residual Norm2: 7.694432161155365e-05
[2024/01/07 06:31:54]  p Residual Mean: 3.767669785696809e-07
[2024/01/07 06:31:54]  p Residual Max: 4.814460192873323e-05
[2024/01/07 06:31:54]  phi Residual Norm2: 3.435913467694713e-07
[2024/01/07 06:31:54]  phi Residual Mean: 9.923252936674948e-10
[2024/01/07 06:31:54]  phi Residual Max: 2.385811987139334e-08
[2024/01/07 06:31:54]  End
[2024/01/07 06:31:54]  
[2024/01/07 06:31:54]  Objective Functions: 
[2024/01/07 06:31:54]  {'PL': 5.641590805909569, 'VOLUME': 1.0001984461728911e-05, 'fail': False}
[2024/01/07 06:31:54]  Flow Runtime: 2.85273
[2024/01/07 06:31:54]  
[2024/01/07 06:31:54]  
[2024/01/07 06:31:54]  +--------------------------------------------------------------------------+
[2024/01/07 06:31:54]  |                  Evaluating Objective Functions 115                      |
[2024/01/07 06:31:54]  +--------------------------------------------------------------------------+
[2024/01/07 06:31:54]  Design Variables: 
[2024/01/07 06:31:54]  OrderedDict([('alphaPorosity', array([  1.9011611548199079,   1.869403095897916 ,   1.8395736306014143,
[2024/01/07 06:31:54]         ..., 322.4332555544566   , 323.0209402024604   ,
[2024/01/07 06:31:54]         323.43736781151387  ]))])
[2024/01/07 06:31:54]  DVGeo PointSet UpToDate: False
[2024/01/07 06:31:54]  Updating DVGeo PointSet....
[2024/01/07 06:31:54]  DVGeo PointSet UpToDate: True
[2024/01/07 06:31:54]  Warping the volume mesh....
[2024/01/07 06:31:54]  Setting up primal boundary conditions based on pyOptions: 
[2024/01/07 06:31:54]  Setting primal boundary conditions...
[2024/01/07 06:31:54]  Setting U = (0.1 0 0) at inlet
[2024/01/07 06:31:54]  Setting primal boundary conditions...
[2024/01/07 06:31:54]  Setting p = 0 at outlet
[2024/01/07 06:31:54]  nuTilda not found, skip it.
[2024/01/07 06:31:54]  Setting nut wall BC for wallBoundary. BCType=nutkWallFunction
[2024/01/07 06:31:54]  Running Primal Solver 115
[2024/01/07 06:31:54]  Previous solution time 1 found and deleted.
[2024/01/07 06:31:54]  No finite volume options present
[2024/01/07 06:31:54]  
[2024/01/07 06:31:54]  Starting time loop
[2024/01/07 06:31:54]  
[2024/01/07 06:31:54]  Checking mesh quality for time = 0
[2024/01/07 06:31:54]      Overall domain bounding box (7.181318501078189e-16 -1.399990449424424e-15 -5.718082257688551e-15) (0.02999999999999962 0.01500000000001617 0.001000000000005718)
[2024/01/07 06:31:54]      Mesh has 3 geometric (non-empty/wedge) directions 3{1}
[2024/01/07 06:31:54]      Mesh has 3 solution (non-empty) directions 3{1}
[2024/01/07 06:31:54]      Boundary openness (-6.947448714353218e-18 9.793123156124281e-19 -3.04020355740097e-16) OK.
[2024/01/07 06:31:54]      Max cell openness = 3.176373552203076e-16 OK.
[2024/01/07 06:31:54]      Max aspect ratio = 3.333333333492265 OK.
[2024/01/07 06:31:54]      Minimum face area = 1.499999999935995e-07. Maximum face area = 5.000000000129904e-07.  Face area magnitudes OK.
[2024/01/07 06:31:54]      Min volume = 1.499999999944929e-10. Max volume = 1.500000000034984e-10.  Total volume = 4.500000000002841e-07.  Cell volumes OK.
[2024/01/07 06:31:54]      Mesh non-orthogonality Max: 0 average: 0
[2024/01/07 06:31:54]      Non-orthogonality check OK.
[2024/01/07 06:31:54]      Face pyramids OK.
[2024/01/07 06:31:54]      Max skewness = 9.432792296734318e-11 OK.
[2024/01/07 06:31:54]      Coupled point location match (average 0) OK.
[2024/01/07 06:31:54]  
[2024/01/07 06:31:54]  Mesh OK.
[2024/01/07 06:31:54]  
[2024/01/07 06:31:54]  Time = 1
[2024/01/07 06:31:54]  
[2024/01/07 06:31:54]  U Initial residual: (4.658897363375585e-08 6.879758683335781e-08 0.001094809040115394)
[2024/01/07 06:31:54]  U   Final residual: (1.727570038963207e-09 2.83204210377719e-09 4.22410511207006e-05)
[2024/01/07 06:31:54]  p Initial residual: 1.144735977629293e-07
[2024/01/07 06:31:54]  p   Final residual: 8.975746861868973e-09
[2024/01/07 06:31:58]  Time step continuity errors : sum local = 3.283832099064001e-08
[2024/01/07 06:31:58]                                   global = -5.925854875520298e-09
[2024/01/07 06:31:58]                               cumulative = 0.001720247587836095
[2024/01/07 06:31:58]  yPlus min: 0 max: 0 mean: 0
[2024/01/07 06:31:58]  PL-part1-totalPressure: 15.24319724840206
[2024/01/07 06:31:58]  PL-part2-totalPressure: -9.601605168108595
[2024/01/07 06:31:58]  VOLUME-part1-variableVolSum: 1.000198446172935e-05
[2024/01/07 06:31:58]  ExecutionTime = 539.34 s  ClockTime = 922 s
[2024/01/07 06:31:58]  
[2024/01/07 06:31:58]  Time = 1
[2024/01/07 06:31:58]  Minimal residual 1.144735977629293e-07 satisfied the prescribed tolerance 1e-06
[2024/01/07 06:31:58]  
[2024/01/07 06:31:58]  PL-part1-totalPressure: 15.24319724840206
[2024/01/07 06:31:58]  PL-part2-totalPressure: -9.601605168108595
[2024/01/07 06:31:58]  VOLUME-part1-variableVolSum: 1.000198446172935e-05
[2024/01/07 06:31:58]  Printing Primal Residual Statistics.
[2024/01/07 06:31:58]  U Residual Norm2: (0.0005402245514265938 0.0001629004152086634 1.135732663702278e-13)
[2024/01/07 06:31:58]  U Residual Mean: (5.08599858918426e-06 1.44260546318099e-06 1.479137106131529e-15)
[2024/01/07 06:31:58]  U Residual Max: (3.56478286436257e-05 2.285165850490767e-05 1.065595028429096e-14)
[2024/01/07 06:31:58]  p Residual Norm2: 7.344197353490053e-05
[2024/01/07 06:31:58]  p Residual Mean: 3.420116145611804e-07
[2024/01/07 06:31:58]  p Residual Max: 4.663467593461114e-05
[2024/01/07 06:31:58]  phi Residual Norm2: 3.282633049100755e-07
[2024/01/07 06:31:58]  phi Residual Mean: 9.380472449436644e-10
[2024/01/07 06:31:58]  phi Residual Max: 2.290603204819966e-08
[2024/01/07 06:31:58]  End
[2024/01/07 06:31:58]  
[2024/01/07 06:31:58]  Objective Functions: 
[2024/01/07 06:31:58]  {'PL': 5.641592080293469, 'VOLUME': 1.0001984461729348e-05, 'fail': False}
[2024/01/07 06:31:58]  Flow Runtime: 2.79759
[2024/01/07 06:31:58]  
[2024/01/07 06:31:58]  
[2024/01/07 06:31:58]  +--------------------------------------------------------------------------+
[2024/01/07 06:31:58]  |                  Evaluating Objective Functions 116                      |
[2024/01/07 06:31:58]  +--------------------------------------------------------------------------+
[2024/01/07 06:31:58]  Design Variables: 
[2024/01/07 06:31:58]  OrderedDict([('alphaPorosity', array([  1.9011611548536766,   1.8694030959305805,   1.8395736306329942,
[2024/01/07 06:31:58]         ..., 322.43325555710936  , 323.02094020519166  ,
[2024/01/07 06:31:58]         323.43736781433074  ]))])
[2024/01/07 06:31:58]  DVGeo PointSet UpToDate: False
[2024/01/07 06:31:58]  Updating DVGeo PointSet....
[2024/01/07 06:31:58]  DVGeo PointSet UpToDate: True
[2024/01/07 06:31:58]  Warping the volume mesh....
[2024/01/07 06:31:58]  Setting up primal boundary conditions based on pyOptions: 
[2024/01/07 06:31:58]  Setting primal boundary conditions...
[2024/01/07 06:31:58]  Setting U = (0.1 0 0) at inlet
[2024/01/07 06:31:58]  Setting primal boundary conditions...
[2024/01/07 06:31:58]  Setting p = 0 at outlet
[2024/01/07 06:31:58]  nuTilda not found, skip it.
[2024/01/07 06:31:58]  Setting nut wall BC for wallBoundary. BCType=nutkWallFunction
[2024/01/07 06:31:58]  Running Primal Solver 116
[2024/01/07 06:31:58]  Previous solution time 1 found and deleted.
[2024/01/07 06:31:58]  No finite volume options present
[2024/01/07 06:31:58]  
[2024/01/07 06:31:58]  Starting time loop
[2024/01/07 06:31:58]  
[2024/01/07 06:31:58]  Checking mesh quality for time = 0
[2024/01/07 06:31:58]      Overall domain bounding box (7.181318501078189e-16 -1.399990449424424e-15 -5.718082257688551e-15) (0.02999999999999962 0.01500000000001617 0.001000000000005718)
[2024/01/07 06:31:58]      Mesh has 3 geometric (non-empty/wedge) directions 3{1}
[2024/01/07 06:31:58]      Mesh has 3 solution (non-empty) directions 3{1}
[2024/01/07 06:31:58]      Boundary openness (-6.947448714353218e-18 9.793123156124281e-19 -3.04020355740097e-16) OK.
[2024/01/07 06:31:58]      Max cell openness = 3.176373552203076e-16 OK.
[2024/01/07 06:31:58]      Max aspect ratio = 3.333333333492265 OK.
[2024/01/07 06:31:58]      Minimum face area = 1.499999999935995e-07. Maximum face area = 5.000000000129904e-07.  Face area magnitudes OK.
[2024/01/07 06:31:58]      Min volume = 1.499999999944929e-10. Max volume = 1.500000000034984e-10.  Total volume = 4.500000000002841e-07.  Cell volumes OK.
[2024/01/07 06:31:58]      Mesh non-orthogonality Max: 0 average: 0
[2024/01/07 06:31:58]      Non-orthogonality check OK.
[2024/01/07 06:31:58]      Face pyramids OK.
[2024/01/07 06:31:58]      Max skewness = 9.432792296734318e-11 OK.
[2024/01/07 06:31:58]      Coupled point location match (average 0) OK.
[2024/01/07 06:31:58]  
[2024/01/07 06:31:58]  Mesh OK.
[2024/01/07 06:31:58]  
[2024/01/07 06:31:58]  Time = 1
[2024/01/07 06:31:58]  
[2024/01/07 06:31:58]  U Initial residual: (4.431101110496705e-08 6.500070724951794e-08 0.001104741268531176)
[2024/01/07 06:31:58]  U   Final residual: (1.63452088334425e-09 2.645940791805382e-09 4.493871656097039e-05)
[2024/01/07 06:31:58]  p Initial residual: 1.026441799000784e-07
[2024/01/07 06:31:58]  p   Final residual: 7.702235749090153e-09
[2024/01/07 06:31:58]  Time step continuity errors : sum local = 2.817910298872654e-08
[2024/01/07 06:31:58]                                   global = -5.823831808855931e-09
[2024/01/07 06:31:58]                               cumulative = 0.001720241764004286
[2024/01/07 06:31:58]  yPlus min: 0 max: 0 mean: 0
[2024/01/07 06:31:58]  PL-part1-totalPressure: 15.24319850351674
[2024/01/07 06:31:58]  PL-part2-totalPressure: -9.601605183879489
[2024/01/07 06:31:58]  VOLUME-part1-variableVolSum: 1.000198446172957e-05
[2024/01/07 06:31:58]  ExecutionTime = 541.5599999999999 s  ClockTime = 926 s
[2024/01/07 06:31:58]  
[2024/01/07 06:31:58]  Time = 1
[2024/01/07 06:31:58]  Minimal residual 1.026441799000784e-07 satisfied the prescribed tolerance 1e-06
[2024/01/07 06:31:58]  
[2024/01/07 06:31:58]  PL-part1-totalPressure: 15.24319850351674
[2024/01/07 06:31:58]  PL-part2-totalPressure: -9.601605183879489
[2024/01/07 06:32:02]  VOLUME-part1-variableVolSum: 1.000198446172957e-05
[2024/01/07 06:32:02]  Printing Primal Residual Statistics.
[2024/01/07 06:32:02]  U Residual Norm2: (0.0005178029566131771 0.0001558668194689043 1.121585944307135e-13)
[2024/01/07 06:32:02]  U Residual Mean: (4.833596900653891e-06 1.371011730816857e-06 1.465216848338311e-15)
[2024/01/07 06:32:02]  U Residual Max: (3.419868206111509e-05 2.200501811688849e-05 1.021841639531663e-14)
[2024/01/07 06:32:02]  p Residual Norm2: 7.048797560448922e-05
[2024/01/07 06:32:02]  p Residual Mean: 3.122806640857674e-07
[2024/01/07 06:32:02]  p Residual Max: 4.513051388940437e-05
[2024/01/07 06:32:02]  phi Residual Norm2: 3.137829480929158e-07
[2024/01/07 06:32:02]  phi Residual Mean: 8.888867918767829e-10
[2024/01/07 06:32:02]  phi Residual Max: 2.200793002871789e-08
[2024/01/07 06:32:02]  End
[2024/01/07 06:32:02]  
[2024/01/07 06:32:02]  Objective Functions: 
[2024/01/07 06:32:02]  {'PL': 5.641593319637256, 'VOLUME': 1.0001984461729567e-05, 'fail': False}
[2024/01/07 06:32:02]  Flow Runtime: 2.93372
[2024/01/07 06:32:02]  
[2024/01/07 06:32:02]  
[2024/01/07 06:32:02]  +--------------------------------------------------------------------------+
[2024/01/07 06:32:02]  |                  Evaluating Objective Functions 117                      |
[2024/01/07 06:32:02]  +--------------------------------------------------------------------------+
[2024/01/07 06:32:02]  Design Variables: 
[2024/01/07 06:32:02]  OrderedDict([('alphaPorosity', array([  1.901161154870561 ,   1.8694030959469128,   1.839573630648784 ,
[2024/01/07 06:32:02]         ..., 322.4332555584358   , 323.0209402065574   ,
[2024/01/07 06:32:02]         323.43736781573926  ]))])
[2024/01/07 06:32:02]  DVGeo PointSet UpToDate: False
[2024/01/07 06:32:02]  Updating DVGeo PointSet....
[2024/01/07 06:32:02]  DVGeo PointSet UpToDate: True
[2024/01/07 06:32:02]  Warping the volume mesh....
[2024/01/07 06:32:02]  Setting up primal boundary conditions based on pyOptions: 
[2024/01/07 06:32:02]  Setting primal boundary conditions...
[2024/01/07 06:32:02]  Setting U = (0.1 0 0) at inlet
[2024/01/07 06:32:02]  Setting primal boundary conditions...
[2024/01/07 06:32:02]  Setting p = 0 at outlet
[2024/01/07 06:32:02]  nuTilda not found, skip it.
[2024/01/07 06:32:02]  Setting nut wall BC for wallBoundary. BCType=nutkWallFunction
[2024/01/07 06:32:02]  Running Primal Solver 117
[2024/01/07 06:32:02]  Previous solution time 1 found and deleted.
[2024/01/07 06:32:02]  No finite volume options present
[2024/01/07 06:32:02]  
[2024/01/07 06:32:02]  Starting time loop
[2024/01/07 06:32:02]  
[2024/01/07 06:32:02]  Checking mesh quality for time = 0
[2024/01/07 06:32:02]      Overall domain bounding box (7.181318501078189e-16 -1.399990449424424e-15 -5.718082257688551e-15) (0.02999999999999962 0.01500000000001617 0.001000000000005718)
[2024/01/07 06:32:02]      Mesh has 3 geometric (non-empty/wedge) directions 3{1}
[2024/01/07 06:32:02]      Mesh has 3 solution (non-empty) directions 3{1}
[2024/01/07 06:32:02]      Boundary openness (-6.947448714353218e-18 9.793123156124281e-19 -3.04020355740097e-16) OK.
[2024/01/07 06:32:02]      Max cell openness = 3.176373552203076e-16 OK.
[2024/01/07 06:32:02]      Max aspect ratio = 3.333333333492265 OK.
[2024/01/07 06:32:02]      Minimum face area = 1.499999999935995e-07. Maximum face area = 5.000000000129904e-07.  Face area magnitudes OK.
[2024/01/07 06:32:02]      Min volume = 1.499999999944929e-10. Max volume = 1.500000000034984e-10.  Total volume = 4.500000000002841e-07.  Cell volumes OK.
[2024/01/07 06:32:02]      Mesh non-orthogonality Max: 0 average: 0
[2024/01/07 06:32:02]      Non-orthogonality check OK.
[2024/01/07 06:32:02]      Face pyramids OK.
[2024/01/07 06:32:02]      Max skewness = 9.432792296734318e-11 OK.
[2024/01/07 06:32:02]      Coupled point location match (average 0) OK.
[2024/01/07 06:32:02]  
[2024/01/07 06:32:02]  Mesh OK.
[2024/01/07 06:32:02]  
[2024/01/07 06:32:02]  Time = 1
[2024/01/07 06:32:02]  
[2024/01/07 06:32:02]  U Initial residual: (4.211139447112016e-08 6.177389048593839e-08 0.001094424268176165)
[2024/01/07 06:32:02]  U   Final residual: (1.545686114067195e-09 2.494627900751608e-09 4.373333506549772e-05)
[2024/01/07 06:32:02]  p Initial residual: 9.438554284176835e-08
[2024/01/07 06:32:02]  p   Final residual: 6.948740609232226e-09
[2024/01/07 06:32:02]  Time step continuity errors : sum local = 2.542240180665534e-08
[2024/01/07 06:32:02]                                   global = -5.732987693851015e-09
[2024/01/07 06:32:02]                               cumulative = 0.001720236031016592
[2024/01/07 06:32:02]  yPlus min: 0 max: 0 mean: 0
[2024/01/07 06:32:02]  PL-part1-totalPressure: 15.24319972102476
[2024/01/07 06:32:02]  PL-part2-totalPressure: -9.601605191192645
[2024/01/07 06:32:02]  VOLUME-part1-variableVolSum: 1.000198446172968e-05
[2024/01/07 06:32:02]  ExecutionTime = 544.23 s  ClockTime = 929 s
[2024/01/07 06:32:02]  
[2024/01/07 06:32:02]  Time = 1
[2024/01/07 06:32:02]  Minimal residual 9.438554284176835e-08 satisfied the prescribed tolerance 1e-06
[2024/01/07 06:32:02]  
[2024/01/07 06:32:02]  PL-part1-totalPressure: 15.24319972102476
[2024/01/07 06:32:02]  PL-part2-totalPressure: -9.601605191192645
[2024/01/07 06:32:02]  VOLUME-part1-variableVolSum: 1.000198446172968e-05
[2024/01/07 06:32:02]  Printing Primal Residual Statistics.
[2024/01/07 06:32:02]  U Residual Norm2: (0.0004961675631632161 0.0001495874904838589 1.104754170753102e-13)
[2024/01/07 06:32:02]  U Residual Mean: (4.59022094939886e-06 1.304323408986114e-06 1.443376293946072e-15)
[2024/01/07 06:32:02]  U Residual Max: (3.277424629710701e-05 2.117246023480845e-05 9.761363792306492e-15)
[2024/01/07 06:32:02]  p Residual Norm2: 6.788664710215714e-05
[2024/01/07 06:32:02]  p Residual Mean: 2.904613851720117e-07
[2024/01/07 06:32:02]  p Residual Max: 4.359342299721007e-05
[2024/01/07 06:32:02]  phi Residual Norm2: 3.000582671907323e-07
[2024/01/07 06:32:02]  phi Residual Mean: 8.44764146154485e-10
[2024/01/07 06:32:02]  phi Residual Max: 2.115501824929351e-08
[2024/01/07 06:32:02]  End
[2024/01/07 06:32:02]  
[2024/01/07 06:32:02]  Objective Functions: 
[2024/01/07 06:32:06]  {'PL': 5.641594529832112, 'VOLUME': 1.000198446172968e-05, 'fail': False}
[2024/01/07 06:32:06]  Flow Runtime: 2.8988
[2024/01/07 06:32:06]  
[2024/01/07 06:32:06]  
[2024/01/07 06:32:06]  +--------------------------------------------------------------------------+
[2024/01/07 06:32:06]  |                  Evaluating Objective Functions 118                      |
[2024/01/07 06:32:06]  +--------------------------------------------------------------------------+
[2024/01/07 06:32:06]  Design Variables: 
[2024/01/07 06:32:06]  OrderedDict([('alphaPorosity', array([  1.901161154879003,   1.869403095955079,   1.839573630656679, ...,
[2024/01/07 06:32:06]         322.433255559099   , 323.0209402072402  , 323.4373678164435  ]))])
[2024/01/07 06:32:06]  DVGeo PointSet UpToDate: False
[2024/01/07 06:32:06]  Updating DVGeo PointSet....
[2024/01/07 06:32:06]  DVGeo PointSet UpToDate: True
[2024/01/07 06:32:06]  Warping the volume mesh....
[2024/01/07 06:32:06]  Setting up primal boundary conditions based on pyOptions: 
[2024/01/07 06:32:06]  Setting primal boundary conditions...
[2024/01/07 06:32:06]  Setting U = (0.1 0 0) at inlet
[2024/01/07 06:32:06]  Setting primal boundary conditions...
[2024/01/07 06:32:06]  Setting p = 0 at outlet
[2024/01/07 06:32:06]  nuTilda not found, skip it.
[2024/01/07 06:32:06]  Setting nut wall BC for wallBoundary. BCType=nutkWallFunction
[2024/01/07 06:32:06]  Running Primal Solver 118
[2024/01/07 06:32:06]  Previous solution time 1 found and deleted.
[2024/01/07 06:32:06]  No finite volume options present
[2024/01/07 06:32:06]  
[2024/01/07 06:32:06]  Starting time loop
[2024/01/07 06:32:06]  
[2024/01/07 06:32:06]  Checking mesh quality for time = 0
[2024/01/07 06:32:06]      Overall domain bounding box (7.181318501078189e-16 -1.399990449424424e-15 -5.718082257688551e-15) (0.02999999999999962 0.01500000000001617 0.001000000000005718)
[2024/01/07 06:32:06]      Mesh has 3 geometric (non-empty/wedge) directions 3{1}
[2024/01/07 06:32:06]      Mesh has 3 solution (non-empty) directions 3{1}
[2024/01/07 06:32:06]      Boundary openness (-6.947448714353218e-18 9.793123156124281e-19 -3.04020355740097e-16) OK.
[2024/01/07 06:32:06]      Max cell openness = 3.176373552203076e-16 OK.
[2024/01/07 06:32:06]      Max aspect ratio = 3.333333333492265 OK.
[2024/01/07 06:32:06]      Minimum face area = 1.499999999935995e-07. Maximum face area = 5.000000000129904e-07.  Face area magnitudes OK.
[2024/01/07 06:32:06]      Min volume = 1.499999999944929e-10. Max volume = 1.500000000034984e-10.  Total volume = 4.500000000002841e-07.  Cell volumes OK.
[2024/01/07 06:32:06]      Mesh non-orthogonality Max: 0 average: 0
[2024/01/07 06:32:06]      Non-orthogonality check OK.
[2024/01/07 06:32:06]      Face pyramids OK.
[2024/01/07 06:32:06]      Max skewness = 9.432792296734318e-11 OK.
[2024/01/07 06:32:06]      Coupled point location match (average 0) OK.
[2024/01/07 06:32:06]  
[2024/01/07 06:32:06]  Mesh OK.
[2024/01/07 06:32:06]  
[2024/01/07 06:32:06]  Time = 1
[2024/01/07 06:32:06]  
[2024/01/07 06:32:06]  U Initial residual: (3.999051437379458e-08 5.876911288824212e-08 0.001078088956119244)
[2024/01/07 06:32:06]  U   Final residual: (1.460760185796549e-09 2.357951297007427e-09 4.343183005080982e-05)
[2024/01/07 06:32:06]  p Initial residual: 8.851723603738074e-08
[2024/01/07 06:32:06]  p   Final residual: 6.667815945878226e-09
[2024/01/07 06:32:06]  Time step continuity errors : sum local = 2.439462254129412e-08
[2024/01/07 06:32:06]                                   global = -5.552709471752003e-09
[2024/01/07 06:32:06]                               cumulative = 0.00172023047830712
[2024/01/07 06:32:06]  yPlus min: 0 max: 0 mean: 0
[2024/01/07 06:32:06]  PL-part1-totalPressure: 15.24320085298206
[2024/01/07 06:32:06]  PL-part2-totalPressure: -9.601605192900024
[2024/01/07 06:32:06]  VOLUME-part1-variableVolSum: 1.000198446172974e-05
[2024/01/07 06:32:06]  ExecutionTime = 545.99 s  ClockTime = 933 s
[2024/01/07 06:32:06]  
[2024/01/07 06:32:06]  Time = 1
[2024/01/07 06:32:06]  Minimal residual 8.851723603738074e-08 satisfied the prescribed tolerance 1e-06
[2024/01/07 06:32:06]  
[2024/01/07 06:32:06]  PL-part1-totalPressure: 15.24320085298206
[2024/01/07 06:32:06]  PL-part2-totalPressure: -9.601605192900024
[2024/01/07 06:32:06]  VOLUME-part1-variableVolSum: 1.000198446172974e-05
[2024/01/07 06:32:06]  Printing Primal Residual Statistics.
[2024/01/07 06:32:06]  U Residual Norm2: (0.0004754661345364397 0.0001434659936931242 1.131267539412208e-13)
[2024/01/07 06:32:06]  U Residual Mean: (4.358844822985383e-06 1.237832114186517e-06 1.462194488806899e-15)
[2024/01/07 06:32:06]  U Residual Max: (3.136948459392386e-05 2.036898269774934e-05 1.171316906638968e-14)
[2024/01/07 06:32:06]  p Residual Norm2: 6.548386956924573e-05
[2024/01/07 06:32:06]  p Residual Mean: 2.714679422568237e-07
[2024/01/07 06:32:06]  p Residual Max: 4.204694669320425e-05
[2024/01/07 06:32:06]  phi Residual Norm2: 2.869607534199633e-07
[2024/01/07 06:32:06]  phi Residual Mean: 8.037387777558949e-10
[2024/01/07 06:32:06]  phi Residual Max: 2.032580189893121e-08
[2024/01/07 06:32:06]  End
[2024/01/07 06:32:06]  
[2024/01/07 06:32:06]  Objective Functions: 
[2024/01/07 06:32:06]  {'PL': 5.641595660082032, 'VOLUME': 1.0001984461729736e-05, 'fail': False}
[2024/01/07 06:32:06]  Flow Runtime: 2.83641
[2024/01/07 06:32:06]  
[2024/01/07 06:32:06]  
[2024/01/07 06:32:06]  +--------------------------------------------------------------------------+
[2024/01/07 06:32:06]  |                  Evaluating Objective Functions 119                      |
[2024/01/07 06:32:06]  +--------------------------------------------------------------------------+
[2024/01/07 06:32:06]  Design Variables: 
[2024/01/07 06:32:06]  OrderedDict([('alphaPorosity', array([  1.9011611548832241,   1.869403095959162 ,   1.8395736306606263,
[2024/01/07 06:32:06]         ..., 322.43325555943056  , 323.02094020758165  ,
[2024/01/07 06:32:06]         323.4373678167956   ]))])
[2024/01/07 06:32:06]  DVGeo PointSet UpToDate: False
[2024/01/07 06:32:06]  Updating DVGeo PointSet....
[2024/01/07 06:32:06]  DVGeo PointSet UpToDate: True
[2024/01/07 06:32:10]  Warping the volume mesh....
[2024/01/07 06:32:10]  Setting up primal boundary conditions based on pyOptions: 
[2024/01/07 06:32:10]  Setting primal boundary conditions...
[2024/01/07 06:32:10]  Setting U = (0.1 0 0) at inlet
[2024/01/07 06:32:10]  Setting primal boundary conditions...
[2024/01/07 06:32:10]  Setting p = 0 at outlet
[2024/01/07 06:32:10]  nuTilda not found, skip it.
[2024/01/07 06:32:10]  Setting nut wall BC for wallBoundary. BCType=nutkWallFunction
[2024/01/07 06:32:10]  Running Primal Solver 119
[2024/01/07 06:32:10]  Previous solution time 1 found and deleted.
[2024/01/07 06:32:10]  No finite volume options present
[2024/01/07 06:32:10]  
[2024/01/07 06:32:10]  Starting time loop
[2024/01/07 06:32:10]  
[2024/01/07 06:32:10]  Checking mesh quality for time = 0
[2024/01/07 06:32:10]      Overall domain bounding box (7.181318501078189e-16 -1.399990449424424e-15 -5.718082257688551e-15) (0.02999999999999962 0.01500000000001617 0.001000000000005718)
[2024/01/07 06:32:10]      Mesh has 3 geometric (non-empty/wedge) directions 3{1}
[2024/01/07 06:32:10]      Mesh has 3 solution (non-empty) directions 3{1}
[2024/01/07 06:32:10]      Boundary openness (-6.947448714353218e-18 9.793123156124281e-19 -3.04020355740097e-16) OK.
[2024/01/07 06:32:10]      Max cell openness = 3.176373552203076e-16 OK.
[2024/01/07 06:32:10]      Max aspect ratio = 3.333333333492265 OK.
[2024/01/07 06:32:10]      Minimum face area = 1.499999999935995e-07. Maximum face area = 5.000000000129904e-07.  Face area magnitudes OK.
[2024/01/07 06:32:10]      Min volume = 1.499999999944929e-10. Max volume = 1.500000000034984e-10.  Total volume = 4.500000000002841e-07.  Cell volumes OK.
[2024/01/07 06:32:10]      Mesh non-orthogonality Max: 0 average: 0
[2024/01/07 06:32:10]      Non-orthogonality check OK.
[2024/01/07 06:32:10]      Face pyramids OK.
[2024/01/07 06:32:10]      Max skewness = 9.432792296734318e-11 OK.
[2024/01/07 06:32:10]      Coupled point location match (average 0) OK.
[2024/01/07 06:32:10]  
[2024/01/07 06:32:10]  Mesh OK.
[2024/01/07 06:32:10]  
[2024/01/07 06:32:10]  Time = 1
[2024/01/07 06:32:10]  
[2024/01/07 06:32:10]  U Initial residual: (3.797423653759226e-08 5.577328590691842e-08 0.001092220932552339)
[2024/01/07 06:32:10]  U   Final residual: (1.380708832309151e-09 2.223622199099397e-09 4.519109378374748e-05)
[2024/01/07 06:32:10]  p Initial residual: 8.321345370536916e-08
[2024/01/07 06:32:10]  p   Final residual: 6.542100735809169e-09
[2024/01/07 06:32:10]  Time step continuity errors : sum local = 2.393468867579535e-08
[2024/01/07 06:32:10]                                   global = -5.285777396958621e-09
[2024/01/07 06:32:10]                               cumulative = 0.001720225192529723
[2024/01/07 06:32:10]  yPlus min: 0 max: 0 mean: 0
[2024/01/07 06:32:10]  PL-part1-totalPressure: 15.24320185504243
[2024/01/07 06:32:10]  PL-part2-totalPressure: -9.601605192431473
[2024/01/07 06:32:10]  VOLUME-part1-variableVolSum: 1.000198446172976e-05
[2024/01/07 06:32:10]  ExecutionTime = 547.78 s  ClockTime = 936 s
[2024/01/07 06:32:10]  
[2024/01/07 06:32:10]  Time = 1
[2024/01/07 06:32:10]  Minimal residual 8.321345370536916e-08 satisfied the prescribed tolerance 1e-06
[2024/01/07 06:32:10]  
[2024/01/07 06:32:10]  PL-part1-totalPressure: 15.24320185504243
[2024/01/07 06:32:10]  PL-part2-totalPressure: -9.601605192431473
[2024/01/07 06:32:10]  VOLUME-part1-variableVolSum: 1.000198446172976e-05
[2024/01/07 06:32:10]  Printing Primal Residual Statistics.
[2024/01/07 06:32:10]  U Residual Norm2: (0.000455736664186015 0.0001372269031058579 1.191224615488158e-13)
[2024/01/07 06:32:10]  U Residual Mean: (4.143193644059533e-06 1.171610973879319e-06 1.499002092929016e-15)
[2024/01/07 06:32:10]  U Residual Max: (2.998698823275525e-05 1.960065072137418e-05 1.130518751991943e-14)
[2024/01/07 06:32:10]  p Residual Norm2: 6.319288166794618e-05
[2024/01/07 06:32:10]  p Residual Mean: 2.535345206335215e-07
[2024/01/07 06:32:10]  p Residual Max: 4.054603925077748e-05
[2024/01/07 06:32:10]  phi Residual Norm2: 2.744065612459764e-07
[2024/01/07 06:32:10]  phi Residual Mean: 7.63338642220477e-10
[2024/01/07 06:32:10]  phi Residual Max: 1.949709170369446e-08
[2024/01/07 06:32:10]  End
[2024/01/07 06:32:10]  
[2024/01/07 06:32:10]  Objective Functions: 
[2024/01/07 06:32:10]  {'PL': 5.641596662610958, 'VOLUME': 1.0001984461729762e-05, 'fail': False}
[2024/01/07 06:32:10]  Flow Runtime: 2.92147
[2024/01/07 06:32:10]  
[2024/01/07 06:32:10]  
[2024/01/07 06:32:10]  +--------------------------------------------------------------------------+
[2024/01/07 06:32:10]  |                  Evaluating Objective Functions 120                      |
[2024/01/07 06:32:10]  +--------------------------------------------------------------------------+
[2024/01/07 06:32:10]  Design Variables: 
[2024/01/07 06:32:10]  OrderedDict([('alphaPorosity', array([  1.9011611548853344,   1.8694030959612036,   1.8395736306626   ,
[2024/01/07 06:32:10]         ..., 322.43325555959643  , 323.02094020775235  ,
[2024/01/07 06:32:10]         323.4373678169717   ]))])
[2024/01/07 06:32:10]  DVGeo PointSet UpToDate: False
[2024/01/07 06:32:10]  Updating DVGeo PointSet....
[2024/01/07 06:32:10]  DVGeo PointSet UpToDate: True
[2024/01/07 06:32:10]  Warping the volume mesh....
[2024/01/07 06:32:10]  Setting up primal boundary conditions based on pyOptions: 
[2024/01/07 06:32:10]  Setting primal boundary conditions...
[2024/01/07 06:32:10]  Setting U = (0.1 0 0) at inlet
[2024/01/07 06:32:10]  Setting primal boundary conditions...
[2024/01/07 06:32:10]  Setting p = 0 at outlet
[2024/01/07 06:32:10]  nuTilda not found, skip it.
[2024/01/07 06:32:10]  Setting nut wall BC for wallBoundary. BCType=nutkWallFunction
[2024/01/07 06:32:10]  Running Primal Solver 120
[2024/01/07 06:32:10]  Previous solution time 1 found and deleted.
[2024/01/07 06:32:10]  No finite volume options present
[2024/01/07 06:32:10]  
[2024/01/07 06:32:10]  Starting time loop
[2024/01/07 06:32:10]  
[2024/01/07 06:32:10]  Checking mesh quality for time = 0
[2024/01/07 06:32:15]      Overall domain bounding box (7.181318501078189e-16 -1.399990449424424e-15 -5.718082257688551e-15) (0.02999999999999962 0.01500000000001617 0.001000000000005718)
[2024/01/07 06:32:15]      Mesh has 3 geometric (non-empty/wedge) directions 3{1}
[2024/01/07 06:32:15]      Mesh has 3 solution (non-empty) directions 3{1}
[2024/01/07 06:32:15]      Boundary openness (-6.947448714353218e-18 9.793123156124281e-19 -3.04020355740097e-16) OK.
[2024/01/07 06:32:15]      Max cell openness = 3.176373552203076e-16 OK.
[2024/01/07 06:32:15]      Max aspect ratio = 3.333333333492265 OK.
[2024/01/07 06:32:15]      Minimum face area = 1.499999999935995e-07. Maximum face area = 5.000000000129904e-07.  Face area magnitudes OK.
[2024/01/07 06:32:15]      Min volume = 1.499999999944929e-10. Max volume = 1.500000000034984e-10.  Total volume = 4.500000000002841e-07.  Cell volumes OK.
[2024/01/07 06:32:15]      Mesh non-orthogonality Max: 0 average: 0
[2024/01/07 06:32:15]      Non-orthogonality check OK.
[2024/01/07 06:32:15]      Face pyramids OK.
[2024/01/07 06:32:15]      Max skewness = 9.432792296734318e-11 OK.
[2024/01/07 06:32:15]      Coupled point location match (average 0) OK.
[2024/01/07 06:32:15]  
[2024/01/07 06:32:15]  Mesh OK.
[2024/01/07 06:32:15]  
[2024/01/07 06:32:15]  Time = 1
[2024/01/07 06:32:15]  
[2024/01/07 06:32:15]  U Initial residual: (3.609502995809231e-08 5.278902872277598e-08 0.001119847270374128)
[2024/01/07 06:32:15]  U   Final residual: (1.306030907734119e-09 2.0893188715032e-09 4.212873140665643e-05)
[2024/01/07 06:32:15]  p Initial residual: 7.803805679931989e-08
[2024/01/07 06:32:15]  p   Final residual: 6.478486592107904e-09
[2024/01/07 06:32:15]  Time step continuity errors : sum local = 2.370195208528182e-08
[2024/01/07 06:32:15]                                   global = -4.993471329370293e-09
[2024/01/07 06:32:15]                               cumulative = 0.001720220199058394
[2024/01/07 06:32:15]  yPlus min: 0 max: 0 mean: 0
[2024/01/07 06:32:15]  PL-part1-totalPressure: 15.24320273200091
[2024/01/07 06:32:15]  PL-part2-totalPressure: -9.601605191197082
[2024/01/07 06:32:15]  VOLUME-part1-variableVolSum: 1.000198446172978e-05
[2024/01/07 06:32:15]  ExecutionTime = 549.58 s  ClockTime = 940 s
[2024/01/07 06:32:15]  
[2024/01/07 06:32:15]  Time = 1
[2024/01/07 06:32:15]  Minimal residual 7.803805679931989e-08 satisfied the prescribed tolerance 1e-06
[2024/01/07 06:32:15]  
[2024/01/07 06:32:15]  PL-part1-totalPressure: 15.24320273200091
[2024/01/07 06:32:15]  PL-part2-totalPressure: -9.601605191197082
[2024/01/07 06:32:15]  VOLUME-part1-variableVolSum: 1.000198446172978e-05
[2024/01/07 06:32:15]  Printing Primal Residual Statistics.
[2024/01/07 06:32:15]  U Residual Norm2: (0.0004368661550968256 0.0001310562746816005 1.153473999038089e-13)
[2024/01/07 06:32:15]  U Residual Mean: (3.944697625662116e-06 1.109251688560669e-06 1.486069857535607e-15)
[2024/01/07 06:32:15]  U Residual Max: (2.870726674730761e-05 1.886491199054596e-05 1.045340415739129e-14)
[2024/01/07 06:32:15]  p Residual Norm2: 6.097177281331901e-05
[2024/01/07 06:32:15]  p Residual Mean: 2.375717727990045e-07
[2024/01/07 06:32:15]  p Residual Max: 3.911917426699273e-05
[2024/01/07 06:32:15]  phi Residual Norm2: 2.623502769402639e-07
[2024/01/07 06:32:15]  phi Residual Mean: 7.237476695190141e-10
[2024/01/07 06:32:15]  phi Residual Max: 1.865743887510059e-08
[2024/01/07 06:32:15]  End
[2024/01/07 06:32:15]  
[2024/01/07 06:32:15]  Objective Functions: 
[2024/01/07 06:32:15]  {'PL': 5.641597540803829, 'VOLUME': 1.0001984461729777e-05, 'fail': False}
[2024/01/07 06:32:15]  Flow Runtime: 2.88731
[2024/01/07 06:32:15]  
[2024/01/07 06:32:15]  
[2024/01/07 06:32:15]  +--------------------------------------------------------------------------+
[2024/01/07 06:32:15]  |                  Evaluating Objective Functions 121                      |
[2024/01/07 06:32:15]  +--------------------------------------------------------------------------+
[2024/01/07 06:32:15]  Design Variables: 
[2024/01/07 06:32:15]  OrderedDict([('alphaPorosity', array([  1.9011611548863898,   1.8694030959622243,   1.8395736306635868,
[2024/01/07 06:32:15]         ..., 322.43325555967925  , 323.02094020783767  ,
[2024/01/07 06:32:15]         323.4373678170597   ]))])
[2024/01/07 06:32:15]  DVGeo PointSet UpToDate: False
[2024/01/07 06:32:15]  Updating DVGeo PointSet....
[2024/01/07 06:32:15]  DVGeo PointSet UpToDate: True
[2024/01/07 06:32:15]  Warping the volume mesh....
[2024/01/07 06:32:15]  Setting up primal boundary conditions based on pyOptions: 
[2024/01/07 06:32:15]  Setting primal boundary conditions...
[2024/01/07 06:32:15]  Setting U = (0.1 0 0) at inlet
[2024/01/07 06:32:15]  Setting primal boundary conditions...
[2024/01/07 06:32:15]  Setting p = 0 at outlet
[2024/01/07 06:32:15]  nuTilda not found, skip it.
[2024/01/07 06:32:15]  Setting nut wall BC for wallBoundary. BCType=nutkWallFunction
[2024/01/07 06:32:15]  Running Primal Solver 121
[2024/01/07 06:32:15]  Previous solution time 1 found and deleted.
[2024/01/07 06:32:15]  No finite volume options present
[2024/01/07 06:32:15]  
[2024/01/07 06:32:15]  Starting time loop
[2024/01/07 06:32:15]  
[2024/01/07 06:32:15]  Checking mesh quality for time = 0
[2024/01/07 06:32:15]      Overall domain bounding box (7.181318501078189e-16 -1.399990449424424e-15 -5.718082257688551e-15) (0.02999999999999962 0.01500000000001617 0.001000000000005718)
[2024/01/07 06:32:15]      Mesh has 3 geometric (non-empty/wedge) directions 3{1}
[2024/01/07 06:32:15]      Mesh has 3 solution (non-empty) directions 3{1}
[2024/01/07 06:32:15]      Boundary openness (-6.947448714353218e-18 9.793123156124281e-19 -3.04020355740097e-16) OK.
[2024/01/07 06:32:15]      Max cell openness = 3.176373552203076e-16 OK.
[2024/01/07 06:32:15]      Max aspect ratio = 3.333333333492265 OK.
[2024/01/07 06:32:15]      Minimum face area = 1.499999999935995e-07. Maximum face area = 5.000000000129904e-07.  Face area magnitudes OK.
[2024/01/07 06:32:19]      Min volume = 1.499999999944929e-10. Max volume = 1.500000000034984e-10.  Total volume = 4.500000000002841e-07.  Cell volumes OK.
[2024/01/07 06:32:19]      Mesh non-orthogonality Max: 0 average: 0
[2024/01/07 06:32:19]      Non-orthogonality check OK.
[2024/01/07 06:32:19]      Face pyramids OK.
[2024/01/07 06:32:19]      Max skewness = 9.432792296734318e-11 OK.
[2024/01/07 06:32:19]      Coupled point location match (average 0) OK.
[2024/01/07 06:32:19]  
[2024/01/07 06:32:19]  Mesh OK.
[2024/01/07 06:32:19]  
[2024/01/07 06:32:19]  Time = 1
[2024/01/07 06:32:19]  
[2024/01/07 06:32:19]  U Initial residual: (3.436536623991457e-08 4.997821512524763e-08 0.001110085366646204)
[2024/01/07 06:32:19]  U   Final residual: (1.236534610091297e-09 1.961802802368522e-09 4.699361093158492e-05)
[2024/01/07 06:32:19]  p Initial residual: 7.298492876944304e-08
[2024/01/07 06:32:19]  p   Final residual: 6.222216276218575e-09
[2024/01/07 06:32:19]  Time step continuity errors : sum local = 2.276436882909967e-08
[2024/01/07 06:32:19]                                   global = -4.724850452540054e-09
[2024/01/07 06:32:19]                               cumulative = 0.001720215474207942
[2024/01/07 06:32:19]  yPlus min: 0 max: 0 mean: 0
[2024/01/07 06:32:19]  PL-part1-totalPressure: 15.24320352654674
[2024/01/07 06:32:19]  PL-part2-totalPressure: -9.601605188458016
[2024/01/07 06:32:19]  VOLUME-part1-variableVolSum: 1.000198446172978e-05
[2024/01/07 06:32:19]  ExecutionTime = 551.37 s  ClockTime = 944 s
[2024/01/07 06:32:19]  
[2024/01/07 06:32:19]  Time = 1
[2024/01/07 06:32:19]  Minimal residual 7.298492876944304e-08 satisfied the prescribed tolerance 1e-06
[2024/01/07 06:32:19]  
[2024/01/07 06:32:19]  PL-part1-totalPressure: 15.24320352654674
[2024/01/07 06:32:19]  PL-part2-totalPressure: -9.601605188458016
[2024/01/07 06:32:19]  VOLUME-part1-variableVolSum: 1.000198446172978e-05
[2024/01/07 06:32:19]  Printing Primal Residual Statistics.
[2024/01/07 06:32:19]  U Residual Norm2: (0.0004187028320964614 0.000125287540310915 1.124356099150027e-13)
[2024/01/07 06:32:19]  U Residual Mean: (3.757641025626163e-06 1.053908609357326e-06 1.45678724617618e-15)
[2024/01/07 06:32:19]  U Residual Max: (2.771074998353384e-05 1.815551730210974e-05 1.028230064478229e-14)
[2024/01/07 06:32:19]  p Residual Norm2: 5.880316777285384e-05
[2024/01/07 06:32:19]  p Residual Mean: 2.229462968698151e-07
[2024/01/07 06:32:19]  p Residual Max: 3.775411563403702e-05
[2024/01/07 06:32:19]  phi Residual Norm2: 2.50775574667499e-07
[2024/01/07 06:32:19]  phi Residual Mean: 6.859766532357407e-10
[2024/01/07 06:32:19]  phi Residual Max: 1.781310912761868e-08
[2024/01/07 06:32:19]  End
[2024/01/07 06:32:19]  
[2024/01/07 06:32:19]  Objective Functions: 
[2024/01/07 06:32:19]  {'PL': 5.641598338088723, 'VOLUME': 1.000198446172978e-05, 'fail': False}
[2024/01/07 06:32:19]  Flow Runtime: 2.86974
[2024/01/07 06:32:19]  
[2024/01/07 06:32:19]  
[2024/01/07 06:32:19]  +--------------------------------------------------------------------------+
[2024/01/07 06:32:19]  |                  Evaluating Objective Functions 122                      |
[2024/01/07 06:32:19]  +--------------------------------------------------------------------------+
[2024/01/07 06:32:19]  Design Variables: 
[2024/01/07 06:32:19]  OrderedDict([('alphaPorosity', array([  1.9011611548869174,   1.8694030959627348,   1.8395736306640804,
[2024/01/07 06:32:19]         ..., 322.43325555972075  , 323.02094020788036  ,
[2024/01/07 06:32:19]         323.43736781710373  ]))])
[2024/01/07 06:32:19]  DVGeo PointSet UpToDate: False
[2024/01/07 06:32:19]  Updating DVGeo PointSet....
[2024/01/07 06:32:19]  DVGeo PointSet UpToDate: True
[2024/01/07 06:32:19]  Warping the volume mesh....
[2024/01/07 06:32:19]  Setting up primal boundary conditions based on pyOptions: 
[2024/01/07 06:32:19]  Setting primal boundary conditions...
[2024/01/07 06:32:19]  Setting U = (0.1 0 0) at inlet
[2024/01/07 06:32:19]  Setting primal boundary conditions...
[2024/01/07 06:32:19]  Setting p = 0 at outlet
[2024/01/07 06:32:19]  nuTilda not found, skip it.
[2024/01/07 06:32:19]  Setting nut wall BC for wallBoundary. BCType=nutkWallFunction
[2024/01/07 06:32:19]  Running Primal Solver 122
[2024/01/07 06:32:19]  Previous solution time 1 found and deleted.
[2024/01/07 06:32:19]  No finite volume options present
[2024/01/07 06:32:19]  
[2024/01/07 06:32:19]  Starting time loop
[2024/01/07 06:32:19]  
[2024/01/07 06:32:19]  Checking mesh quality for time = 0
[2024/01/07 06:32:19]      Overall domain bounding box (7.181318501078189e-16 -1.399990449424424e-15 -5.718082257688551e-15) (0.02999999999999962 0.01500000000001617 0.001000000000005718)
[2024/01/07 06:32:19]      Mesh has 3 geometric (non-empty/wedge) directions 3{1}
[2024/01/07 06:32:19]      Mesh has 3 solution (non-empty) directions 3{1}
[2024/01/07 06:32:19]      Boundary openness (-6.947448714353218e-18 9.793123156124281e-19 -3.04020355740097e-16) OK.
[2024/01/07 06:32:19]      Max cell openness = 3.176373552203076e-16 OK.
[2024/01/07 06:32:19]      Max aspect ratio = 3.333333333492265 OK.
[2024/01/07 06:32:19]      Minimum face area = 1.499999999935995e-07. Maximum face area = 5.000000000129904e-07.  Face area magnitudes OK.
[2024/01/07 06:32:19]      Min volume = 1.499999999944929e-10. Max volume = 1.500000000034984e-10.  Total volume = 4.500000000002841e-07.  Cell volumes OK.
[2024/01/07 06:32:19]      Mesh non-orthogonality Max: 0 average: 0
[2024/01/07 06:32:19]      Non-orthogonality check OK.
[2024/01/07 06:32:19]      Face pyramids OK.
[2024/01/07 06:32:19]      Max skewness = 9.432792296734318e-11 OK.
[2024/01/07 06:32:19]      Coupled point location match (average 0) OK.
[2024/01/07 06:32:19]  
[2024/01/07 06:32:19]  Mesh OK.
[2024/01/07 06:32:19]  
[2024/01/07 06:32:19]  Time = 1
[2024/01/07 06:32:19]  
[2024/01/07 06:32:19]  U Initial residual: (3.273544419578095e-08 4.748326574419763e-08 0.001088282518131639)
[2024/01/07 06:32:19]  U   Final residual: (1.170938348278249e-09 1.847125301537798e-09 4.440829353928872e-05)
[2024/01/07 06:32:19]  p Initial residual: 6.826384200719425e-08
[2024/01/07 06:32:19]  p   Final residual: 5.770660172664651e-09
[2024/01/07 06:32:23]  Time step continuity errors : sum local = 2.111232495926022e-08
[2024/01/07 06:32:23]                                   global = -4.523417363778769e-09
[2024/01/07 06:32:23]                               cumulative = 0.001720210950790578
[2024/01/07 06:32:23]  yPlus min: 0 max: 0 mean: 0
[2024/01/07 06:32:23]  PL-part1-totalPressure: 15.24320428257598
[2024/01/07 06:32:23]  PL-part2-totalPressure: -9.601605182857895
[2024/01/07 06:32:23]  VOLUME-part1-variableVolSum: 1.000198446172979e-05
[2024/01/07 06:32:23]  ExecutionTime = 553.1799999999999 s  ClockTime = 947 s
[2024/01/07 06:32:23]  
[2024/01/07 06:32:23]  Time = 1
[2024/01/07 06:32:23]  Minimal residual 6.826384200719425e-08 satisfied the prescribed tolerance 1e-06
[2024/01/07 06:32:23]  
[2024/01/07 06:32:23]  PL-part1-totalPressure: 15.24320428257598
[2024/01/07 06:32:23]  PL-part2-totalPressure: -9.601605182857895
[2024/01/07 06:32:23]  VOLUME-part1-variableVolSum: 1.000198446172979e-05
[2024/01/07 06:32:23]  Printing Primal Residual Statistics.
[2024/01/07 06:32:23]  U Residual Norm2: (0.0004011520364182601 0.0001200566328227577 1.136547297314493e-13)
[2024/01/07 06:32:23]  U Residual Mean: (3.577131183724387e-06 1.004878510341701e-06 1.461026122519537e-15)
[2024/01/07 06:32:23]  U Residual Max: (2.676511984245344e-05 1.746826742521357e-05 1.096168781696374e-14)
[2024/01/07 06:32:23]  p Residual Norm2: 5.670595766547749e-05
[2024/01/07 06:32:23]  p Residual Mean: 2.095638494598314e-07
[2024/01/07 06:32:23]  p Residual Max: 3.642273259363863e-05
[2024/01/07 06:32:23]  phi Residual Norm2: 2.396924090275286e-07
[2024/01/07 06:32:23]  phi Residual Mean: 6.508434871712414e-10
[2024/01/07 06:32:23]  phi Residual Max: 1.698090314799927e-08
[2024/01/07 06:32:23]  End
[2024/01/07 06:32:23]  
[2024/01/07 06:32:23]  Objective Functions: 
[2024/01/07 06:32:23]  {'PL': 5.64159909971808, 'VOLUME': 1.0001984461729785e-05, 'fail': False}
[2024/01/07 06:32:23]  Flow Runtime: 2.91447
[2024/01/07 06:32:23]  
[2024/01/07 06:32:23]  
[2024/01/07 06:32:23]  +--------------------------------------------------------------------------+
[2024/01/07 06:32:23]  |                  Evaluating Objective Functions 123                      |
[2024/01/07 06:32:23]  +--------------------------------------------------------------------------+
[2024/01/07 06:32:23]  Design Variables: 
[2024/01/07 06:32:23]  OrderedDict([('alphaPorosity', array([  1.9011611548871814,   1.8694030959629901,   1.839573630664327 ,
[2024/01/07 06:32:23]         ..., 322.43325555974144  , 323.0209402079017   ,
[2024/01/07 06:32:23]         323.43736781712573  ]))])
[2024/01/07 06:32:23]  DVGeo PointSet UpToDate: False
[2024/01/07 06:32:23]  Updating DVGeo PointSet....
[2024/01/07 06:32:23]  DVGeo PointSet UpToDate: True
[2024/01/07 06:32:23]  Warping the volume mesh....
[2024/01/07 06:32:23]  Setting up primal boundary conditions based on pyOptions: 
[2024/01/07 06:32:23]  Setting primal boundary conditions...
[2024/01/07 06:32:23]  Setting U = (0.1 0 0) at inlet
[2024/01/07 06:32:23]  Setting primal boundary conditions...
[2024/01/07 06:32:23]  Setting p = 0 at outlet
[2024/01/07 06:32:23]  nuTilda not found, skip it.
[2024/01/07 06:32:23]  Setting nut wall BC for wallBoundary. BCType=nutkWallFunction
[2024/01/07 06:32:23]  Running Primal Solver 123
[2024/01/07 06:32:23]  Previous solution time 1 found and deleted.
[2024/01/07 06:32:23]  No finite volume options present
[2024/01/07 06:32:23]  
[2024/01/07 06:32:23]  Starting time loop
[2024/01/07 06:32:23]  
[2024/01/07 06:32:23]  Checking mesh quality for time = 0
[2024/01/07 06:32:23]      Overall domain bounding box (7.181318501078189e-16 -1.399990449424424e-15 -5.718082257688551e-15) (0.02999999999999962 0.01500000000001617 0.001000000000005718)
[2024/01/07 06:32:23]      Mesh has 3 geometric (non-empty/wedge) directions 3{1}
[2024/01/07 06:32:23]      Mesh has 3 solution (non-empty) directions 3{1}
[2024/01/07 06:32:23]      Boundary openness (-6.947448714353218e-18 9.793123156124281e-19 -3.04020355740097e-16) OK.
[2024/01/07 06:32:23]      Max cell openness = 3.176373552203076e-16 OK.
[2024/01/07 06:32:23]      Max aspect ratio = 3.333333333492265 OK.
[2024/01/07 06:32:23]      Minimum face area = 1.499999999935995e-07. Maximum face area = 5.000000000129904e-07.  Face area magnitudes OK.
[2024/01/07 06:32:23]      Min volume = 1.499999999944929e-10. Max volume = 1.500000000034984e-10.  Total volume = 4.500000000002841e-07.  Cell volumes OK.
[2024/01/07 06:32:23]      Mesh non-orthogonality Max: 0 average: 0
[2024/01/07 06:32:23]      Non-orthogonality check OK.
[2024/01/07 06:32:23]      Face pyramids OK.
[2024/01/07 06:32:23]      Max skewness = 9.432792296734318e-11 OK.
[2024/01/07 06:32:23]      Coupled point location match (average 0) OK.
[2024/01/07 06:32:23]  
[2024/01/07 06:32:23]  Mesh OK.
[2024/01/07 06:32:23]  
[2024/01/07 06:32:23]  Time = 1
[2024/01/07 06:32:23]  
[2024/01/07 06:32:23]  U Initial residual: (3.116262179060811e-08 4.527303860725666e-08 0.001091479132785638)
[2024/01/07 06:32:23]  U   Final residual: (1.108319751650939e-09 1.745393368491314e-09 4.258490134784989e-05)
[2024/01/07 06:32:23]  p Initial residual: 6.433238744556017e-08
[2024/01/07 06:32:23]  p   Final residual: 5.352395207625178e-09
[2024/01/07 06:32:23]  Time step continuity errors : sum local = 1.958208103761715e-08
[2024/01/07 06:32:23]                                   global = -4.396604436963975e-09
[2024/01/07 06:32:23]                               cumulative = 0.001720206554186141
[2024/01/07 06:32:23]  yPlus min: 0 max: 0 mean: 0
[2024/01/07 06:32:23]  PL-part1-totalPressure: 15.24320501777768
[2024/01/07 06:32:23]  PL-part2-totalPressure: -9.601605173733478
[2024/01/07 06:32:23]  VOLUME-part1-variableVolSum: 1.000198446172979e-05
[2024/01/07 06:32:23]  ExecutionTime = 554.95 s  ClockTime = 951 s
[2024/01/07 06:32:23]  
[2024/01/07 06:32:23]  Time = 1
[2024/01/07 06:32:23]  Minimal residual 6.433238744556017e-08 satisfied the prescribed tolerance 1e-06
[2024/01/07 06:32:23]  
[2024/01/07 06:32:23]  PL-part1-totalPressure: 15.24320501777768
[2024/01/07 06:32:23]  PL-part2-totalPressure: -9.601605173733478
[2024/01/07 06:32:27]  VOLUME-part1-variableVolSum: 1.000198446172979e-05
[2024/01/07 06:32:27]  Printing Primal Residual Statistics.
[2024/01/07 06:32:27]  U Residual Norm2: (0.0003842005702675212 0.0001152379181539902 1.129068359504088e-13)
[2024/01/07 06:32:27]  U Residual Mean: (3.402779763787063e-06 9.591216063816217e-07 1.44732774749123e-15)
[2024/01/07 06:32:27]  U Residual Max: (2.584417891404733e-05 1.680359104716533e-05 1.058494215314722e-14)
[2024/01/07 06:32:27]  p Residual Norm2: 5.470538125565249e-05
[2024/01/07 06:32:27]  p Residual Mean: 1.985331174967071e-07
[2024/01/07 06:32:27]  p Residual Max: 3.510720968269478e-05
[2024/01/07 06:32:27]  phi Residual Norm2: 2.290982954239923e-07
[2024/01/07 06:32:27]  phi Residual Mean: 6.184017587331845e-10
[2024/01/07 06:32:27]  phi Residual Max: 1.61848616106412e-08
[2024/01/07 06:32:27]  End
[2024/01/07 06:32:27]  
[2024/01/07 06:32:27]  Objective Functions: 
[2024/01/07 06:32:27]  {'PL': 5.641599844044199, 'VOLUME': 1.0001984461729789e-05, 'fail': False}
[2024/01/07 06:32:27]  Flow Runtime: 2.78026
[2024/01/07 06:32:27]  
[2024/01/07 06:32:27]  
[2024/01/07 06:32:27]  +--------------------------------------------------------------------------+
[2024/01/07 06:32:27]  |                  Evaluating Objective Functions 124                      |
[2024/01/07 06:32:27]  +--------------------------------------------------------------------------+
[2024/01/07 06:32:27]  Design Variables: 
[2024/01/07 06:32:27]  OrderedDict([('alphaPorosity', array([  1.901161154887313 ,   1.8694030959631174,   1.8395736306644506,
[2024/01/07 06:32:27]         ..., 322.43325555975184  , 323.02094020791236  ,
[2024/01/07 06:32:27]         323.4373678171367   ]))])
[2024/01/07 06:32:27]  DVGeo PointSet UpToDate: False
[2024/01/07 06:32:27]  Updating DVGeo PointSet....
[2024/01/07 06:32:27]  DVGeo PointSet UpToDate: True
[2024/01/07 06:32:27]  Warping the volume mesh....
[2024/01/07 06:32:27]  Setting up primal boundary conditions based on pyOptions: 
[2024/01/07 06:32:27]  Setting primal boundary conditions...
[2024/01/07 06:32:27]  Setting U = (0.1 0 0) at inlet
[2024/01/07 06:32:27]  Setting primal boundary conditions...
[2024/01/07 06:32:27]  Setting p = 0 at outlet
[2024/01/07 06:32:27]  nuTilda not found, skip it.
[2024/01/07 06:32:27]  Setting nut wall BC for wallBoundary. BCType=nutkWallFunction
[2024/01/07 06:32:27]  Running Primal Solver 124
[2024/01/07 06:32:27]  Previous solution time 1 found and deleted.
[2024/01/07 06:32:27]  No finite volume options present
[2024/01/07 06:32:27]  
[2024/01/07 06:32:27]  Starting time loop
[2024/01/07 06:32:27]  
[2024/01/07 06:32:27]  Checking mesh quality for time = 0
[2024/01/07 06:32:27]      Overall domain bounding box (7.181318501078189e-16 -1.399990449424424e-15 -5.718082257688551e-15) (0.02999999999999962 0.01500000000001617 0.001000000000005718)
[2024/01/07 06:32:27]      Mesh has 3 geometric (non-empty/wedge) directions 3{1}
[2024/01/07 06:32:27]      Mesh has 3 solution (non-empty) directions 3{1}
[2024/01/07 06:32:27]      Boundary openness (-6.947448714353218e-18 9.793123156124281e-19 -3.04020355740097e-16) OK.
[2024/01/07 06:32:27]      Max cell openness = 3.176373552203076e-16 OK.
[2024/01/07 06:32:27]      Max aspect ratio = 3.333333333492265 OK.
[2024/01/07 06:32:27]      Minimum face area = 1.499999999935995e-07. Maximum face area = 5.000000000129904e-07.  Face area magnitudes OK.
[2024/01/07 06:32:27]      Min volume = 1.499999999944929e-10. Max volume = 1.500000000034984e-10.  Total volume = 4.500000000002841e-07.  Cell volumes OK.
[2024/01/07 06:32:27]      Mesh non-orthogonality Max: 0 average: 0
[2024/01/07 06:32:27]      Non-orthogonality check OK.
[2024/01/07 06:32:27]      Face pyramids OK.
[2024/01/07 06:32:27]      Max skewness = 9.432792296734318e-11 OK.
[2024/01/07 06:32:27]      Coupled point location match (average 0) OK.
[2024/01/07 06:32:27]  
[2024/01/07 06:32:27]  Mesh OK.
[2024/01/07 06:32:27]  
[2024/01/07 06:32:27]  Time = 1
[2024/01/07 06:32:27]  
[2024/01/07 06:32:27]  U Initial residual: (2.964349163709613e-08 4.321084842143256e-08 0.001081117822672921)
[2024/01/07 06:32:27]  U   Final residual: (1.048494174360351e-09 1.653008937185419e-09 4.279353005418701e-05)
[2024/01/07 06:32:27]  p Initial residual: 6.126982712479344e-08
[2024/01/07 06:32:27]  p   Final residual: 5.13492951704264e-09
[2024/01/07 06:32:27]  Time step continuity errors : sum local = 1.878647190454056e-08
[2024/01/07 06:32:27]                                   global = -4.277185757061525e-09
[2024/01/07 06:32:27]                               cumulative = 0.001720202277000384
[2024/01/07 06:32:27]  yPlus min: 0 max: 0 mean: 0
[2024/01/07 06:32:27]  PL-part1-totalPressure: 15.24320572180176
[2024/01/07 06:32:27]  PL-part2-totalPressure: -9.601605161535392
[2024/01/07 06:32:27]  VOLUME-part1-variableVolSum: 1.000198446172979e-05
[2024/01/07 06:32:27]  ExecutionTime = 556.72 s  ClockTime = 954 s
[2024/01/07 06:32:27]  
[2024/01/07 06:32:27]  Time = 1
[2024/01/07 06:32:27]  Minimal residual 6.126982712479344e-08 satisfied the prescribed tolerance 1e-06
[2024/01/07 06:32:27]  
[2024/01/07 06:32:27]  PL-part1-totalPressure: 15.24320572180176
[2024/01/07 06:32:27]  PL-part2-totalPressure: -9.601605161535392
[2024/01/07 06:32:27]  VOLUME-part1-variableVolSum: 1.000198446172979e-05
[2024/01/07 06:32:27]  Printing Primal Residual Statistics.
[2024/01/07 06:32:27]  U Residual Norm2: (0.0003678741865965135 0.0001106357681674884 1.148726800091562e-13)
[2024/01/07 06:32:27]  U Residual Mean: (3.236153338071642e-06 9.14500682357262e-07 1.489512148894874e-15)
[2024/01/07 06:32:27]  U Residual Max: (2.495053474715903e-05 1.616408386173607e-05 9.62666652020559e-15)
[2024/01/07 06:32:27]  p Residual Norm2: 5.279535948393378e-05
[2024/01/07 06:32:27]  p Residual Mean: 1.892419771531515e-07
[2024/01/07 06:32:27]  p Residual Max: 3.381058408783325e-05
[2024/01/07 06:32:27]  phi Residual Norm2: 2.189642385325193e-07
[2024/01/07 06:32:27]  phi Residual Mean: 5.878930160082069e-10
[2024/01/07 06:32:27]  phi Residual Max: 1.562899615959641e-08
[2024/01/07 06:32:27]  End
[2024/01/07 06:32:27]  
[2024/01/07 06:32:27]  Objective Functions: 
[2024/01/07 06:32:31]  {'PL': 5.641600560266365, 'VOLUME': 1.0001984461729789e-05, 'fail': False}
[2024/01/07 06:32:31]  Flow Runtime: 2.85893
[2024/01/07 06:32:31]  
[2024/01/07 06:32:31]  
[2024/01/07 06:32:31]  +--------------------------------------------------------------------------+
[2024/01/07 06:32:31]  |                  Evaluating Objective Functions 125                      |
[2024/01/07 06:32:31]  +--------------------------------------------------------------------------+
[2024/01/07 06:32:31]  Design Variables: 
[2024/01/07 06:32:31]  OrderedDict([('alphaPorosity', array([  1.9011611548873792,   1.8694030959631813,   1.839573630664512 ,
[2024/01/07 06:32:31]         ..., 322.433255559757    , 323.0209402079177   ,
[2024/01/07 06:32:31]         323.4373678171423   ]))])
[2024/01/07 06:32:31]  DVGeo PointSet UpToDate: False
[2024/01/07 06:32:31]  Updating DVGeo PointSet....
[2024/01/07 06:32:31]  DVGeo PointSet UpToDate: True
[2024/01/07 06:32:31]  Warping the volume mesh....
[2024/01/07 06:32:31]  Setting up primal boundary conditions based on pyOptions: 
[2024/01/07 06:32:31]  Setting primal boundary conditions...
[2024/01/07 06:32:31]  Setting U = (0.1 0 0) at inlet
[2024/01/07 06:32:31]  Setting primal boundary conditions...
[2024/01/07 06:32:31]  Setting p = 0 at outlet
[2024/01/07 06:32:31]  nuTilda not found, skip it.
[2024/01/07 06:32:31]  Setting nut wall BC for wallBoundary. BCType=nutkWallFunction
[2024/01/07 06:32:31]  Running Primal Solver 125
[2024/01/07 06:32:31]  Previous solution time 1 found and deleted.
[2024/01/07 06:32:31]  No finite volume options present
[2024/01/07 06:32:31]  
[2024/01/07 06:32:31]  Starting time loop
[2024/01/07 06:32:31]  
[2024/01/07 06:32:31]  Checking mesh quality for time = 0
[2024/01/07 06:32:31]      Overall domain bounding box (7.181318501078189e-16 -1.399990449424424e-15 -5.718082257688551e-15) (0.02999999999999962 0.01500000000001617 0.001000000000005718)
[2024/01/07 06:32:31]      Mesh has 3 geometric (non-empty/wedge) directions 3{1}
[2024/01/07 06:32:31]      Mesh has 3 solution (non-empty) directions 3{1}
[2024/01/07 06:32:31]      Boundary openness (-6.947448714353218e-18 9.793123156124281e-19 -3.04020355740097e-16) OK.
[2024/01/07 06:32:31]      Max cell openness = 3.176373552203076e-16 OK.
[2024/01/07 06:32:31]      Max aspect ratio = 3.333333333492265 OK.
[2024/01/07 06:32:31]      Minimum face area = 1.499999999935995e-07. Maximum face area = 5.000000000129904e-07.  Face area magnitudes OK.
[2024/01/07 06:32:31]      Min volume = 1.499999999944929e-10. Max volume = 1.500000000034984e-10.  Total volume = 4.500000000002841e-07.  Cell volumes OK.
[2024/01/07 06:32:31]      Mesh non-orthogonality Max: 0 average: 0
[2024/01/07 06:32:31]      Non-orthogonality check OK.
[2024/01/07 06:32:31]      Face pyramids OK.
[2024/01/07 06:32:31]      Max skewness = 9.432792296734318e-11 OK.
[2024/01/07 06:32:31]      Coupled point location match (average 0) OK.
[2024/01/07 06:32:31]  
[2024/01/07 06:32:31]  Mesh OK.
[2024/01/07 06:32:31]  
[2024/01/07 06:32:31]  Time = 1
[2024/01/07 06:32:31]  
[2024/01/07 06:32:31]  U Initial residual: (2.819168854609715e-08 4.120027094734425e-08 0.001112511713140058)
[2024/01/07 06:32:31]  U   Final residual: (9.915012371613954e-10 1.563045166420543e-09 4.63344823690526e-05)
[2024/01/07 06:32:31]  p Initial residual: 5.841178808374897e-08
[2024/01/07 06:32:31]  p   Final residual: 5.062773469728873e-09
[2024/01/07 06:32:31]  Time step continuity errors : sum local = 1.852248439648712e-08
[2024/01/07 06:32:31]                                   global = -4.1577888179453e-09
[2024/01/07 06:32:31]                               cumulative = 0.001720198119211566
[2024/01/07 06:32:31]  yPlus min: 0 max: 0 mean: 0
[2024/01/07 06:32:31]  PL-part1-totalPressure: 15.2432063732002
[2024/01/07 06:32:31]  PL-part2-totalPressure: -9.601605147340774
[2024/01/07 06:32:31]  VOLUME-part1-variableVolSum: 1.000198446172979e-05
[2024/01/07 06:32:31]  ExecutionTime = 558.54 s  ClockTime = 958 s
[2024/01/07 06:32:31]  
[2024/01/07 06:32:31]  Time = 1
[2024/01/07 06:32:31]  Minimal residual 5.841178808374897e-08 satisfied the prescribed tolerance 1e-06
[2024/01/07 06:32:31]  
[2024/01/07 06:32:31]  PL-part1-totalPressure: 15.2432063732002
[2024/01/07 06:32:31]  PL-part2-totalPressure: -9.601605147340774
[2024/01/07 06:32:31]  VOLUME-part1-variableVolSum: 1.000198446172979e-05
[2024/01/07 06:32:31]  Printing Primal Residual Statistics.
[2024/01/07 06:32:31]  U Residual Norm2: (0.0003521837149404465 0.0001061125172856061 1.157637305166628e-13)
[2024/01/07 06:32:31]  U Residual Mean: (3.078123030683219e-06 8.706441050100688e-07 1.497018407207679e-15)
[2024/01/07 06:32:31]  U Residual Max: (2.408180985957742e-05 1.555167093036935e-05 9.654252681931423e-15)
[2024/01/07 06:32:31]  p Residual Norm2: 5.095178271401177e-05
[2024/01/07 06:32:31]  p Residual Mean: 1.798718552574538e-07
[2024/01/07 06:32:31]  p Residual Max: 3.254952088450629e-05
[2024/01/07 06:32:31]  phi Residual Norm2: 2.092461644393422e-07
[2024/01/07 06:32:31]  phi Residual Mean: 5.583742259127058e-10
[2024/01/07 06:32:31]  phi Residual Max: 1.50899814231856e-08
[2024/01/07 06:32:31]  End
[2024/01/07 06:32:31]  
[2024/01/07 06:32:31]  Objective Functions: 
[2024/01/07 06:32:31]  {'PL': 5.641601225859425, 'VOLUME': 1.0001984461729789e-05, 'fail': False}
[2024/01/07 06:32:31]  Flow Runtime: 2.81557
[2024/01/07 06:32:31]  
[2024/01/07 06:32:31]  
[2024/01/07 06:32:31]  +--------------------------------------------------------------------------+
[2024/01/07 06:32:31]  |                  Evaluating Objective Functions 126                      |
[2024/01/07 06:32:31]  +--------------------------------------------------------------------------+
[2024/01/07 06:32:31]  Design Variables: 
[2024/01/07 06:32:31]  OrderedDict([('alphaPorosity', array([  1.901161154887412,   1.869403095963213,   1.839573630664543, ...,
[2024/01/07 06:32:31]         322.43325555975963 , 323.0209402079204  , 323.43736781714495 ]))])
[2024/01/07 06:32:31]  DVGeo PointSet UpToDate: False
[2024/01/07 06:32:31]  Updating DVGeo PointSet....
[2024/01/07 06:32:31]  DVGeo PointSet UpToDate: True
[2024/01/07 06:32:35]  Warping the volume mesh....
[2024/01/07 06:32:35]  Setting up primal boundary conditions based on pyOptions: 
[2024/01/07 06:32:35]  Setting primal boundary conditions...
[2024/01/07 06:32:35]  Setting U = (0.1 0 0) at inlet
[2024/01/07 06:32:35]  Setting primal boundary conditions...
[2024/01/07 06:32:35]  Setting p = 0 at outlet
[2024/01/07 06:32:35]  nuTilda not found, skip it.
[2024/01/07 06:32:35]  Setting nut wall BC for wallBoundary. BCType=nutkWallFunction
[2024/01/07 06:32:35]  Running Primal Solver 126
[2024/01/07 06:32:35]  Previous solution time 1 found and deleted.
[2024/01/07 06:32:35]  No finite volume options present
[2024/01/07 06:32:35]  
[2024/01/07 06:32:35]  Starting time loop
[2024/01/07 06:32:35]  
[2024/01/07 06:32:35]  Checking mesh quality for time = 0
[2024/01/07 06:32:35]      Overall domain bounding box (7.181318501078189e-16 -1.399990449424424e-15 -5.718082257688551e-15) (0.02999999999999962 0.01500000000001617 0.001000000000005718)
[2024/01/07 06:32:35]      Mesh has 3 geometric (non-empty/wedge) directions 3{1}
[2024/01/07 06:32:35]      Mesh has 3 solution (non-empty) directions 3{1}
[2024/01/07 06:32:35]      Boundary openness (-6.947448714353218e-18 9.793123156124281e-19 -3.04020355740097e-16) OK.
[2024/01/07 06:32:35]      Max cell openness = 3.176373552203076e-16 OK.
[2024/01/07 06:32:35]      Max aspect ratio = 3.333333333492265 OK.
[2024/01/07 06:32:35]      Minimum face area = 1.499999999935995e-07. Maximum face area = 5.000000000129904e-07.  Face area magnitudes OK.
[2024/01/07 06:32:35]      Min volume = 1.499999999944929e-10. Max volume = 1.500000000034984e-10.  Total volume = 4.500000000002841e-07.  Cell volumes OK.
[2024/01/07 06:32:35]      Mesh non-orthogonality Max: 0 average: 0
[2024/01/07 06:32:35]      Non-orthogonality check OK.
[2024/01/07 06:32:35]      Face pyramids OK.
[2024/01/07 06:32:35]      Max skewness = 9.432792296734318e-11 OK.
[2024/01/07 06:32:35]      Coupled point location match (average 0) OK.
[2024/01/07 06:32:35]  
[2024/01/07 06:32:35]  Mesh OK.
[2024/01/07 06:32:35]  
[2024/01/07 06:32:35]  Time = 1
[2024/01/07 06:32:35]  
[2024/01/07 06:32:35]  U Initial residual: (2.681479944914709e-08 3.922414121950988e-08 0.001118122491898544)
[2024/01/07 06:32:35]  U   Final residual: (9.375740558878442e-10 1.476133740853259e-09 4.675707930732952e-05)
[2024/01/07 06:32:35]  p Initial residual: 5.526581672415951e-08
[2024/01/07 06:32:35]  p   Final residual: 5.005092259008318e-09
[2024/01/07 06:32:35]  Time step continuity errors : sum local = 1.831145416295484e-08
[2024/01/07 06:32:35]                                   global = -4.028973540331482e-09
[2024/01/07 06:32:35]                               cumulative = 0.001720194090238025
[2024/01/07 06:32:35]  yPlus min: 0 max: 0 mean: 0
[2024/01/07 06:32:35]  PL-part1-totalPressure: 15.24320696179647
[2024/01/07 06:32:35]  PL-part2-totalPressure: -9.60160513199766
[2024/01/07 06:32:35]  VOLUME-part1-variableVolSum: 1.000198446172978e-05
[2024/01/07 06:32:35]  ExecutionTime = 560.34 s  ClockTime = 962 s
[2024/01/07 06:32:35]  
[2024/01/07 06:32:35]  Time = 1
[2024/01/07 06:32:35]  Minimal residual 5.526581672415951e-08 satisfied the prescribed tolerance 1e-06
[2024/01/07 06:32:35]  
[2024/01/07 06:32:35]  PL-part1-totalPressure: 15.24320696179647
[2024/01/07 06:32:35]  PL-part2-totalPressure: -9.60160513199766
[2024/01/07 06:32:35]  VOLUME-part1-variableVolSum: 1.000198446172978e-05
[2024/01/07 06:32:35]  Printing Primal Residual Statistics.
[2024/01/07 06:32:35]  U Residual Norm2: (0.0003370999939124157 0.000101672355530673 1.164243149059384e-13)
[2024/01/07 06:32:35]  U Residual Mean: (2.927999648193125e-06 8.28342730194278e-07 1.519643245674173e-15)
[2024/01/07 06:32:35]  U Residual Max: (2.323448280017182e-05 1.497406557160463e-05 1.040086994707306e-14)
[2024/01/07 06:32:35]  p Residual Norm2: 4.915516278313016e-05
[2024/01/07 06:32:35]  p Residual Mean: 1.6995987176727e-07
[2024/01/07 06:32:35]  p Residual Max: 3.133866344154549e-05
[2024/01/07 06:32:35]  phi Residual Norm2: 1.999083585206132e-07
[2024/01/07 06:32:35]  phi Residual Mean: 5.297322217784569e-10
[2024/01/07 06:32:35]  phi Residual Max: 1.456733398382393e-08
[2024/01/07 06:32:35]  End
[2024/01/07 06:32:35]  
[2024/01/07 06:32:35]  Objective Functions: 
[2024/01/07 06:32:35]  {'PL': 5.641601829798811, 'VOLUME': 1.0001984461729784e-05, 'fail': False}
[2024/01/07 06:32:35]  Flow Runtime: 2.89165
[2024/01/07 06:32:35]  
[2024/01/07 06:32:35]  
[2024/01/07 06:32:35]  +--------------------------------------------------------------------------+
[2024/01/07 06:32:35]  |                  Evaluating Objective Functions 127                      |
[2024/01/07 06:32:35]  +--------------------------------------------------------------------------+
[2024/01/07 06:32:35]  Design Variables: 
[2024/01/07 06:32:35]  OrderedDict([('alphaPorosity', array([  1.9011611548874285,   1.869403095963229 ,   1.8395736306645583,
[2024/01/07 06:32:35]         ..., 322.4332555597609   , 323.0209402079217   ,
[2024/01/07 06:32:35]         323.43736781714637  ]))])
[2024/01/07 06:32:35]  DVGeo PointSet UpToDate: False
[2024/01/07 06:32:35]  Updating DVGeo PointSet....
[2024/01/07 06:32:35]  DVGeo PointSet UpToDate: True
[2024/01/07 06:32:35]  Warping the volume mesh....
[2024/01/07 06:32:35]  Setting up primal boundary conditions based on pyOptions: 
[2024/01/07 06:32:35]  Setting primal boundary conditions...
[2024/01/07 06:32:35]  Setting U = (0.1 0 0) at inlet
[2024/01/07 06:32:35]  Setting primal boundary conditions...
[2024/01/07 06:32:35]  Setting p = 0 at outlet
[2024/01/07 06:32:35]  nuTilda not found, skip it.
[2024/01/07 06:32:35]  Setting nut wall BC for wallBoundary. BCType=nutkWallFunction
[2024/01/07 06:32:35]  Running Primal Solver 127
[2024/01/07 06:32:35]  Previous solution time 1 found and deleted.
[2024/01/07 06:32:35]  No finite volume options present
[2024/01/07 06:32:35]  
[2024/01/07 06:32:35]  Starting time loop
[2024/01/07 06:32:35]  
[2024/01/07 06:32:35]  Checking mesh quality for time = 0
[2024/01/07 06:32:40]      Overall domain bounding box (7.181318501078189e-16 -1.399990449424424e-15 -5.718082257688551e-15) (0.02999999999999962 0.01500000000001617 0.001000000000005718)
[2024/01/07 06:32:40]      Mesh has 3 geometric (non-empty/wedge) directions 3{1}
[2024/01/07 06:32:40]      Mesh has 3 solution (non-empty) directions 3{1}
[2024/01/07 06:32:40]      Boundary openness (-6.947448714353218e-18 9.793123156124281e-19 -3.04020355740097e-16) OK.
[2024/01/07 06:32:40]      Max cell openness = 3.176373552203076e-16 OK.
[2024/01/07 06:32:40]      Max aspect ratio = 3.333333333492265 OK.
[2024/01/07 06:32:40]      Minimum face area = 1.499999999935995e-07. Maximum face area = 5.000000000129904e-07.  Face area magnitudes OK.
[2024/01/07 06:32:40]      Min volume = 1.499999999944929e-10. Max volume = 1.500000000034984e-10.  Total volume = 4.500000000002841e-07.  Cell volumes OK.
[2024/01/07 06:32:40]      Mesh non-orthogonality Max: 0 average: 0
[2024/01/07 06:32:40]      Non-orthogonality check OK.
[2024/01/07 06:32:40]      Face pyramids OK.
[2024/01/07 06:32:40]      Max skewness = 9.432792296734318e-11 OK.
[2024/01/07 06:32:40]      Coupled point location match (average 0) OK.
[2024/01/07 06:32:40]  
[2024/01/07 06:32:40]  Mesh OK.
[2024/01/07 06:32:40]  
[2024/01/07 06:32:40]  Time = 1
[2024/01/07 06:32:40]  
[2024/01/07 06:32:40]  U Initial residual: (2.5506826276132e-08 3.731791439009e-08 0.001135124242812845)
[2024/01/07 06:32:40]  U   Final residual: (8.865014223657887e-10 1.392765189798655e-09 4.335766214596881e-05)
[2024/01/07 06:32:40]  p Initial residual: 5.207730953334362e-08
[2024/01/07 06:32:40]  p   Final residual: 4.892857097053633e-09
[2024/01/07 06:32:40]  Time step continuity errors : sum local = 1.790083385419747e-08
[2024/01/07 06:32:40]                                   global = -3.874283375944234e-09
[2024/01/07 06:32:40]                               cumulative = 0.001720190215954649
[2024/01/07 06:32:40]  yPlus min: 0 max: 0 mean: 0
[2024/01/07 06:32:40]  PL-part1-totalPressure: 15.24320749582927
[2024/01/07 06:32:40]  PL-part2-totalPressure: -9.601605115878977
[2024/01/07 06:32:40]  VOLUME-part1-variableVolSum: 1.000198446172979e-05
[2024/01/07 06:32:40]  ExecutionTime = 562.52 s  ClockTime = 965 s
[2024/01/07 06:32:40]  
[2024/01/07 06:32:40]  Time = 1
[2024/01/07 06:32:40]  Minimal residual 5.207730953334362e-08 satisfied the prescribed tolerance 1e-06
[2024/01/07 06:32:40]  
[2024/01/07 06:32:40]  PL-part1-totalPressure: 15.24320749582927
[2024/01/07 06:32:40]  PL-part2-totalPressure: -9.601605115878977
[2024/01/07 06:32:40]  VOLUME-part1-variableVolSum: 1.000198446172979e-05
[2024/01/07 06:32:40]  Printing Primal Residual Statistics.
[2024/01/07 06:32:40]  U Residual Norm2: (0.0003225686290364 9.740460068501211e-05 1.15571801151816e-13)
[2024/01/07 06:32:40]  U Residual Mean: (2.784656848619041e-06 7.886485662074927e-07 1.511869322222099e-15)
[2024/01/07 06:32:40]  U Residual Max: (2.240796470553974e-05 1.442256851802437e-05 1.038098518667168e-14)
[2024/01/07 06:32:40]  p Residual Norm2: 4.74004050814599e-05
[2024/01/07 06:32:40]  p Residual Mean: 1.604145469378587e-07
[2024/01/07 06:32:40]  p Residual Max: 3.018112775934743e-05
[2024/01/07 06:32:40]  phi Residual Norm2: 1.909248389322732e-07
[2024/01/07 06:32:40]  phi Residual Mean: 5.023782804699889e-10
[2024/01/07 06:32:40]  phi Residual Max: 1.40582592151206e-08
[2024/01/07 06:32:40]  End
[2024/01/07 06:32:40]  
[2024/01/07 06:32:40]  Objective Functions: 
[2024/01/07 06:32:40]  {'PL': 5.641602379950298, 'VOLUME': 1.0001984461729787e-05, 'fail': False}
[2024/01/07 06:32:40]  Flow Runtime: 2.85993
[2024/01/07 06:32:40]  
[2024/01/07 06:32:40]  
[2024/01/07 06:32:40]  +--------------------------------------------------------------------------+
[2024/01/07 06:32:40]  |                  Evaluating Objective Functions 128                      |
[2024/01/07 06:32:40]  +--------------------------------------------------------------------------+
[2024/01/07 06:32:40]  Design Variables: 
[2024/01/07 06:32:40]  OrderedDict([('alphaPorosity', array([  1.901161154887437 ,   1.8694030959632373,   1.8395736306645663,
[2024/01/07 06:32:40]         ..., 322.43325555976156  , 323.0209402079223   ,
[2024/01/07 06:32:40]         323.43736781714705  ]))])
[2024/01/07 06:32:40]  DVGeo PointSet UpToDate: False
[2024/01/07 06:32:40]  Updating DVGeo PointSet....
[2024/01/07 06:32:40]  DVGeo PointSet UpToDate: True
[2024/01/07 06:32:40]  Warping the volume mesh....
[2024/01/07 06:32:40]  Setting up primal boundary conditions based on pyOptions: 
[2024/01/07 06:32:40]  Setting primal boundary conditions...
[2024/01/07 06:32:40]  Setting U = (0.1 0 0) at inlet
[2024/01/07 06:32:40]  Setting primal boundary conditions...
[2024/01/07 06:32:40]  Setting p = 0 at outlet
[2024/01/07 06:32:40]  nuTilda not found, skip it.
[2024/01/07 06:32:40]  Setting nut wall BC for wallBoundary. BCType=nutkWallFunction
[2024/01/07 06:32:40]  Running Primal Solver 128
[2024/01/07 06:32:40]  Previous solution time 1 found and deleted.
[2024/01/07 06:32:40]  No finite volume options present
[2024/01/07 06:32:40]  
[2024/01/07 06:32:40]  Starting time loop
[2024/01/07 06:32:40]  
[2024/01/07 06:32:40]  Checking mesh quality for time = 0
[2024/01/07 06:32:40]      Overall domain bounding box (7.181318501078189e-16 -1.399990449424424e-15 -5.718082257688551e-15) (0.02999999999999962 0.01500000000001617 0.001000000000005718)
[2024/01/07 06:32:40]      Mesh has 3 geometric (non-empty/wedge) directions 3{1}
[2024/01/07 06:32:40]      Mesh has 3 solution (non-empty) directions 3{1}
[2024/01/07 06:32:40]      Boundary openness (-6.947448714353218e-18 9.793123156124281e-19 -3.04020355740097e-16) OK.
[2024/01/07 06:32:40]      Max cell openness = 3.176373552203076e-16 OK.
[2024/01/07 06:32:40]      Max aspect ratio = 3.333333333492265 OK.
[2024/01/07 06:32:40]      Minimum face area = 1.499999999935995e-07. Maximum face area = 5.000000000129904e-07.  Face area magnitudes OK.
[2024/01/07 06:32:45]      Min volume = 1.499999999944929e-10. Max volume = 1.500000000034984e-10.  Total volume = 4.500000000002841e-07.  Cell volumes OK.
[2024/01/07 06:32:45]      Mesh non-orthogonality Max: 0 average: 0
[2024/01/07 06:32:45]      Non-orthogonality check OK.
[2024/01/07 06:32:45]      Face pyramids OK.
[2024/01/07 06:32:45]      Max skewness = 9.432792296734318e-11 OK.
[2024/01/07 06:32:45]      Coupled point location match (average 0) OK.
[2024/01/07 06:32:45]  
[2024/01/07 06:32:45]  Mesh OK.
[2024/01/07 06:32:45]  
[2024/01/07 06:32:45]  Time = 1
[2024/01/07 06:32:45]  
[2024/01/07 06:32:45]  U Initial residual: (2.425795571874294e-08 3.552907280669397e-08 0.001129243833875034)
[2024/01/07 06:32:45]  U   Final residual: (8.379886222610247e-10 1.315039170776649e-09 4.505210044697837e-05)
[2024/01/07 06:32:45]  p Initial residual: 4.918651150801662e-08
[2024/01/07 06:32:45]  p   Final residual: 4.698881988672224e-09
[2024/01/07 06:32:45]  Time step continuity errors : sum local = 1.719116511333989e-08
[2024/01/07 06:32:45]                                   global = -3.723600226451204e-09
[2024/01/07 06:32:45]                               cumulative = 0.001720186492354423
[2024/01/07 06:32:45]  yPlus min: 0 max: 0 mean: 0
[2024/01/07 06:32:45]  PL-part1-totalPressure: 15.24320799196133
[2024/01/07 06:32:45]  PL-part2-totalPressure: -9.601605099033291
[2024/01/07 06:32:45]  VOLUME-part1-variableVolSum: 1.000198446172979e-05
[2024/01/07 06:32:45]  ExecutionTime = 564.4299999999999 s  ClockTime = 969 s
[2024/01/07 06:32:45]  
[2024/01/07 06:32:45]  Time = 1
[2024/01/07 06:32:45]  Minimal residual 4.918651150801662e-08 satisfied the prescribed tolerance 1e-06
[2024/01/07 06:32:45]  
[2024/01/07 06:32:45]  PL-part1-totalPressure: 15.24320799196133
[2024/01/07 06:32:45]  PL-part2-totalPressure: -9.601605099033291
[2024/01/07 06:32:45]  VOLUME-part1-variableVolSum: 1.000198446172979e-05
[2024/01/07 06:32:45]  Printing Primal Residual Statistics.
[2024/01/07 06:32:45]  U Residual Norm2: (0.0003085431831882323 9.335863450333493e-05 1.170774095407907e-13)
[2024/01/07 06:32:45]  U Residual Mean: (2.646579190664967e-06 7.517927968557334e-07 1.506150427221882e-15)
[2024/01/07 06:32:45]  U Residual Max: (2.167190345270242e-05 1.388963669568533e-05 1.147358392287307e-14)
[2024/01/07 06:32:45]  p Residual Norm2: 4.5696567340402e-05
[2024/01/07 06:32:45]  p Residual Mean: 1.516420922628382e-07
[2024/01/07 06:32:45]  p Residual Max: 2.906997107942037e-05
[2024/01/07 06:32:45]  phi Residual Norm2: 1.822790919890616e-07
[2024/01/07 06:32:45]  phi Residual Mean: 4.763794290549044e-10
[2024/01/07 06:32:45]  phi Residual Max: 1.35608582809661e-08
[2024/01/07 06:32:45]  End
[2024/01/07 06:32:45]  
[2024/01/07 06:32:45]  Objective Functions: 
[2024/01/07 06:32:45]  {'PL': 5.641602892928038, 'VOLUME': 1.0001984461729785e-05, 'fail': False}
[2024/01/07 06:32:45]  Flow Runtime: 2.90595
[2024/01/07 06:32:45]  
[2024/01/07 06:32:45]  
[2024/01/07 06:32:45]  +--------------------------------------------------------------------------+
[2024/01/07 06:32:45]  |                  Evaluating Objective Functions 129                      |
[2024/01/07 06:32:45]  +--------------------------------------------------------------------------+
[2024/01/07 06:32:45]  Design Variables: 
[2024/01/07 06:32:45]  OrderedDict([('alphaPorosity', array([  1.901161154887441,   1.869403095963241,   1.83957363066457 , ...,
[2024/01/07 06:32:45]         322.43325555976185 , 323.02094020792265 , 323.4373678171474  ]))])
[2024/01/07 06:32:45]  DVGeo PointSet UpToDate: False
[2024/01/07 06:32:45]  Updating DVGeo PointSet....
[2024/01/07 06:32:45]  DVGeo PointSet UpToDate: True
[2024/01/07 06:32:45]  Warping the volume mesh....
[2024/01/07 06:32:45]  Setting up primal boundary conditions based on pyOptions: 
[2024/01/07 06:32:45]  Setting primal boundary conditions...
[2024/01/07 06:32:45]  Setting U = (0.1 0 0) at inlet
[2024/01/07 06:32:45]  Setting primal boundary conditions...
[2024/01/07 06:32:45]  Setting p = 0 at outlet
[2024/01/07 06:32:45]  nuTilda not found, skip it.
[2024/01/07 06:32:45]  Setting nut wall BC for wallBoundary. BCType=nutkWallFunction
[2024/01/07 06:32:45]  Running Primal Solver 129
[2024/01/07 06:32:45]  Previous solution time 1 found and deleted.
[2024/01/07 06:32:45]  No finite volume options present
[2024/01/07 06:32:45]  
[2024/01/07 06:32:45]  Starting time loop
[2024/01/07 06:32:45]  
[2024/01/07 06:32:45]  Checking mesh quality for time = 0
[2024/01/07 06:32:45]      Overall domain bounding box (7.181318501078189e-16 -1.399990449424424e-15 -5.718082257688551e-15) (0.02999999999999962 0.01500000000001617 0.001000000000005718)
[2024/01/07 06:32:45]      Mesh has 3 geometric (non-empty/wedge) directions 3{1}
[2024/01/07 06:32:45]      Mesh has 3 solution (non-empty) directions 3{1}
[2024/01/07 06:32:45]      Boundary openness (-6.947448714353218e-18 9.793123156124281e-19 -3.04020355740097e-16) OK.
[2024/01/07 06:32:45]      Max cell openness = 3.176373552203076e-16 OK.
[2024/01/07 06:32:45]      Max aspect ratio = 3.333333333492265 OK.
[2024/01/07 06:32:45]      Minimum face area = 1.499999999935995e-07. Maximum face area = 5.000000000129904e-07.  Face area magnitudes OK.
[2024/01/07 06:32:45]      Min volume = 1.499999999944929e-10. Max volume = 1.500000000034984e-10.  Total volume = 4.500000000002841e-07.  Cell volumes OK.
[2024/01/07 06:32:45]      Mesh non-orthogonality Max: 0 average: 0
[2024/01/07 06:32:45]      Non-orthogonality check OK.
[2024/01/07 06:32:45]      Face pyramids OK.
[2024/01/07 06:32:45]      Max skewness = 9.432792296734318e-11 OK.
[2024/01/07 06:32:45]      Coupled point location match (average 0) OK.
[2024/01/07 06:32:45]  
[2024/01/07 06:32:45]  Mesh OK.
[2024/01/07 06:32:45]  
[2024/01/07 06:32:45]  Time = 1
[2024/01/07 06:32:45]  
[2024/01/07 06:32:45]  U Initial residual: (2.305497426792927e-08 3.386815343217353e-08 0.001125000934698108)
[2024/01/07 06:32:45]  U   Final residual: (7.916273428026387e-10 1.243428842314649e-09 4.773723065084682e-05)
[2024/01/07 06:32:45]  p Initial residual: 4.66410972325457e-08
[2024/01/07 06:32:45]  p   Final residual: 4.451601913463859e-09
[2024/01/07 06:32:48]  Time step continuity errors : sum local = 1.62864742305469e-08
[2024/01/07 06:32:48]                                   global = -3.592200724632588e-09
[2024/01/07 06:32:48]                               cumulative = 0.001720182900153698
[2024/01/07 06:32:48]  yPlus min: 0 max: 0 mean: 0
[2024/01/07 06:32:48]  PL-part1-totalPressure: 15.2432084634403
[2024/01/07 06:32:48]  PL-part2-totalPressure: -9.601605081357505
[2024/01/07 06:32:48]  VOLUME-part1-variableVolSum: 1.000198446172979e-05
[2024/01/07 06:32:48]  ExecutionTime = 566.36 s  ClockTime = 973 s
[2024/01/07 06:32:48]  
[2024/01/07 06:32:48]  Time = 1
[2024/01/07 06:32:48]  Minimal residual 4.66410972325457e-08 satisfied the prescribed tolerance 1e-06
[2024/01/07 06:32:48]  
[2024/01/07 06:32:48]  PL-part1-totalPressure: 15.2432084634403
[2024/01/07 06:32:48]  PL-part2-totalPressure: -9.601605081357505
[2024/01/07 06:32:48]  VOLUME-part1-variableVolSum: 1.000198446172979e-05
[2024/01/07 06:32:48]  Printing Primal Residual Statistics.
[2024/01/07 06:32:48]  U Residual Norm2: (0.0002950015399809461 8.951169832564597e-05 1.173643714479132e-13)
[2024/01/07 06:32:48]  U Residual Mean: (2.513303330653262e-06 7.171496138576838e-07 1.5416262437423e-15)
[2024/01/07 06:32:48]  U Residual Max: (2.094577509503814e-05 1.337471823825709e-05 1.123980797570105e-14)
[2024/01/07 06:32:48]  p Residual Norm2: 4.405562309874688e-05
[2024/01/07 06:32:48]  p Residual Mean: 1.436903319441001e-07
[2024/01/07 06:32:48]  p Residual Max: 2.799616618121617e-05
[2024/01/07 06:32:48]  phi Residual Norm2: 1.739623729235553e-07
[2024/01/07 06:32:48]  phi Residual Mean: 4.517359122855334e-10
[2024/01/07 06:32:48]  phi Residual Max: 1.30739681521843e-08
[2024/01/07 06:32:48]  End
[2024/01/07 06:32:48]  
[2024/01/07 06:32:48]  Objective Functions: 
[2024/01/07 06:32:48]  {'PL': 5.6416033820827955, 'VOLUME': 1.0001984461729789e-05, 'fail': False}
[2024/01/07 06:32:48]  Flow Runtime: 2.81406
[2024/01/07 06:32:48]  
[2024/01/07 06:32:48]  
[2024/01/07 06:32:48]  +--------------------------------------------------------------------------+
[2024/01/07 06:32:48]  |                  Evaluating Objective Functions 130                      |
[2024/01/07 06:32:48]  +--------------------------------------------------------------------------+
[2024/01/07 06:32:48]  Design Variables: 
[2024/01/07 06:32:48]  OrderedDict([('alphaPorosity', array([  1.901161154887443 ,   1.8694030959632433,   1.8395736306645718,
[2024/01/07 06:32:48]         ..., 322.4332555597621   , 323.0209402079229   ,
[2024/01/07 06:32:48]         323.4373678171476   ]))])
[2024/01/07 06:32:48]  DVGeo PointSet UpToDate: False
[2024/01/07 06:32:48]  Updating DVGeo PointSet....
[2024/01/07 06:32:48]  DVGeo PointSet UpToDate: True
[2024/01/07 06:32:48]  Warping the volume mesh....
[2024/01/07 06:32:48]  Setting up primal boundary conditions based on pyOptions: 
[2024/01/07 06:32:48]  Setting primal boundary conditions...
[2024/01/07 06:32:48]  Setting U = (0.1 0 0) at inlet
[2024/01/07 06:32:48]  Setting primal boundary conditions...
[2024/01/07 06:32:48]  Setting p = 0 at outlet
[2024/01/07 06:32:48]  nuTilda not found, skip it.
[2024/01/07 06:32:48]  Setting nut wall BC for wallBoundary. BCType=nutkWallFunction
[2024/01/07 06:32:48]  Running Primal Solver 130
[2024/01/07 06:32:48]  Previous solution time 1 found and deleted.
[2024/01/07 06:32:48]  No finite volume options present
[2024/01/07 06:32:48]  
[2024/01/07 06:32:48]  Starting time loop
[2024/01/07 06:32:48]  
[2024/01/07 06:32:48]  Checking mesh quality for time = 0
[2024/01/07 06:32:48]      Overall domain bounding box (7.181318501078189e-16 -1.399990449424424e-15 -5.718082257688551e-15) (0.02999999999999962 0.01500000000001617 0.001000000000005718)
[2024/01/07 06:32:48]      Mesh has 3 geometric (non-empty/wedge) directions 3{1}
[2024/01/07 06:32:48]      Mesh has 3 solution (non-empty) directions 3{1}
[2024/01/07 06:32:48]      Boundary openness (-6.947448714353218e-18 9.793123156124281e-19 -3.04020355740097e-16) OK.
[2024/01/07 06:32:48]      Max cell openness = 3.176373552203076e-16 OK.
[2024/01/07 06:32:48]      Max aspect ratio = 3.333333333492265 OK.
[2024/01/07 06:32:48]      Minimum face area = 1.499999999935995e-07. Maximum face area = 5.000000000129904e-07.  Face area magnitudes OK.
[2024/01/07 06:32:48]      Min volume = 1.499999999944929e-10. Max volume = 1.500000000034984e-10.  Total volume = 4.500000000002841e-07.  Cell volumes OK.
[2024/01/07 06:32:48]      Mesh non-orthogonality Max: 0 average: 0
[2024/01/07 06:32:48]      Non-orthogonality check OK.
[2024/01/07 06:32:48]      Face pyramids OK.
[2024/01/07 06:32:48]      Max skewness = 9.432792296734318e-11 OK.
[2024/01/07 06:32:48]      Coupled point location match (average 0) OK.
[2024/01/07 06:32:48]  
[2024/01/07 06:32:48]  Mesh OK.
[2024/01/07 06:32:48]  
[2024/01/07 06:32:48]  Time = 1
[2024/01/07 06:32:48]  
[2024/01/07 06:32:48]  U Initial residual: (2.189384070766389e-08 3.230706233328715e-08 0.001151579118199494)
[2024/01/07 06:32:48]  U   Final residual: (7.473145869412521e-10 1.17749858604745e-09 4.523965812951195e-05)
[2024/01/07 06:32:48]  p Initial residual: 4.434202158645277e-08
[2024/01/07 06:32:48]  p   Final residual: 4.227706238781644e-09
[2024/01/07 06:32:48]  Time step continuity errors : sum local = 1.546733821014995e-08
[2024/01/07 06:32:48]                                   global = -3.463505309555685e-09
[2024/01/07 06:32:48]                               cumulative = 0.001720179436648389
[2024/01/07 06:32:48]  yPlus min: 0 max: 0 mean: 0
[2024/01/07 06:32:48]  PL-part1-totalPressure: 15.24320891432625
[2024/01/07 06:32:48]  PL-part2-totalPressure: -9.601605062823531
[2024/01/07 06:32:48]  VOLUME-part1-variableVolSum: 1.000198446172979e-05
[2024/01/07 06:32:48]  ExecutionTime = 568.1799999999999 s  ClockTime = 976 s
[2024/01/07 06:32:48]  
[2024/01/07 06:32:48]  Time = 1
[2024/01/07 06:32:48]  Minimal residual 4.434202158645277e-08 satisfied the prescribed tolerance 1e-06
[2024/01/07 06:32:48]  
[2024/01/07 06:32:48]  PL-part1-totalPressure: 15.24320891432625
[2024/01/07 06:32:48]  PL-part2-totalPressure: -9.601605062823531
[2024/01/07 06:32:52]  VOLUME-part1-variableVolSum: 1.000198446172979e-05
[2024/01/07 06:32:52]  Printing Primal Residual Statistics.
[2024/01/07 06:32:52]  U Residual Norm2: (0.0002819342582175447 8.581309817923366e-05 1.130515204594037e-13)
[2024/01/07 06:32:52]  U Residual Mean: (2.385429758137928e-06 6.838117773875764e-07 1.455318448254724e-15)
[2024/01/07 06:32:52]  U Residual Max: (2.023179884780291e-05 1.287806750405185e-05 9.969017064111295e-15)
[2024/01/07 06:32:52]  p Residual Norm2: 4.248379910548691e-05
[2024/01/07 06:32:52]  p Residual Mean: 1.366753158233383e-07
[2024/01/07 06:32:52]  p Residual Max: 2.695527269303219e-05
[2024/01/07 06:32:52]  phi Residual Norm2: 1.65967897822374e-07
[2024/01/07 06:32:52]  phi Residual Mean: 4.28331886822748e-10
[2024/01/07 06:32:52]  phi Residual Max: 1.259772265998086e-08
[2024/01/07 06:32:52]  End
[2024/01/07 06:32:52]  
[2024/01/07 06:32:52]  Objective Functions: 
[2024/01/07 06:32:52]  {'PL': 5.641603851502719, 'VOLUME': 1.0001984461729789e-05, 'fail': False}
[2024/01/07 06:32:52]  Flow Runtime: 2.83449
[2024/01/07 06:32:52]  
[2024/01/07 06:32:52]  
[2024/01/07 06:32:52]  +--------------------------------------------------------------------------+
[2024/01/07 06:32:52]  |                  Evaluating Objective Functions 131                      |
[2024/01/07 06:32:52]  +--------------------------------------------------------------------------+
[2024/01/07 06:32:52]  Design Variables: 
[2024/01/07 06:32:52]  OrderedDict([('alphaPorosity', array([  1.901161154887444 ,   1.869403095963244 ,   1.8395736306645727,
[2024/01/07 06:32:52]         ..., 322.43325555976213  , 323.02094020792293  ,
[2024/01/07 06:32:52]         323.4373678171477   ]))])
[2024/01/07 06:32:52]  DVGeo PointSet UpToDate: False
[2024/01/07 06:32:52]  Updating DVGeo PointSet....
[2024/01/07 06:32:52]  DVGeo PointSet UpToDate: True
[2024/01/07 06:32:52]  Warping the volume mesh....
[2024/01/07 06:32:52]  Setting up primal boundary conditions based on pyOptions: 
[2024/01/07 06:32:52]  Setting primal boundary conditions...
[2024/01/07 06:32:52]  Setting U = (0.1 0 0) at inlet
[2024/01/07 06:32:52]  Setting primal boundary conditions...
[2024/01/07 06:32:52]  Setting p = 0 at outlet
[2024/01/07 06:32:52]  nuTilda not found, skip it.
[2024/01/07 06:32:52]  Setting nut wall BC for wallBoundary. BCType=nutkWallFunction
[2024/01/07 06:32:52]  Running Primal Solver 131
[2024/01/07 06:32:52]  Previous solution time 1 found and deleted.
[2024/01/07 06:32:52]  No finite volume options present
[2024/01/07 06:32:52]  
[2024/01/07 06:32:52]  Starting time loop
[2024/01/07 06:32:52]  
[2024/01/07 06:32:52]  Checking mesh quality for time = 0
[2024/01/07 06:32:52]      Overall domain bounding box (7.181318501078189e-16 -1.399990449424424e-15 -5.718082257688551e-15) (0.02999999999999962 0.01500000000001617 0.001000000000005718)
[2024/01/07 06:32:52]      Mesh has 3 geometric (non-empty/wedge) directions 3{1}
[2024/01/07 06:32:52]      Mesh has 3 solution (non-empty) directions 3{1}
[2024/01/07 06:32:52]      Boundary openness (-6.947448714353218e-18 9.793123156124281e-19 -3.04020355740097e-16) OK.
[2024/01/07 06:32:52]      Max cell openness = 3.176373552203076e-16 OK.
[2024/01/07 06:32:52]      Max aspect ratio = 3.333333333492265 OK.
[2024/01/07 06:32:52]      Minimum face area = 1.499999999935995e-07. Maximum face area = 5.000000000129904e-07.  Face area magnitudes OK.
[2024/01/07 06:32:52]      Min volume = 1.499999999944929e-10. Max volume = 1.500000000034984e-10.  Total volume = 4.500000000002841e-07.  Cell volumes OK.
[2024/01/07 06:32:52]      Mesh non-orthogonality Max: 0 average: 0
[2024/01/07 06:32:52]      Non-orthogonality check OK.
[2024/01/07 06:32:52]      Face pyramids OK.
[2024/01/07 06:32:52]      Max skewness = 9.432792296734318e-11 OK.
[2024/01/07 06:32:52]      Coupled point location match (average 0) OK.
[2024/01/07 06:32:52]  
[2024/01/07 06:32:52]  Mesh OK.
[2024/01/07 06:32:52]  
[2024/01/07 06:32:52]  Time = 1
[2024/01/07 06:32:52]  
[2024/01/07 06:32:52]  U Initial residual: (2.077978010597245e-08 3.080496368007784e-08 0.001087161190686138)
[2024/01/07 06:32:52]  U   Final residual: (7.050770611972258e-10 1.113673543038269e-09 4.496412684515481e-05)
[2024/01/07 06:32:52]  p Initial residual: 4.226787635155994e-08
[2024/01/07 06:32:52]  p   Final residual: 4.084172679574645e-09
[2024/01/07 06:32:52]  Time step continuity errors : sum local = 1.494221549783317e-08
[2024/01/07 06:32:52]                                   global = -3.34792651984794e-09
[2024/01/07 06:32:52]                               cumulative = 0.001720176088721869
[2024/01/07 06:32:52]  yPlus min: 0 max: 0 mean: 0
[2024/01/07 06:32:52]  PL-part1-totalPressure: 15.24320933974712
[2024/01/07 06:32:52]  PL-part2-totalPressure: -9.601605043496489
[2024/01/07 06:32:52]  VOLUME-part1-variableVolSum: 1.000198446172979e-05
[2024/01/07 06:32:52]  ExecutionTime = 569.96 s  ClockTime = 980 s
[2024/01/07 06:32:52]  
[2024/01/07 06:32:52]  Time = 1
[2024/01/07 06:32:52]  Minimal residual 4.226787635155994e-08 satisfied the prescribed tolerance 1e-06
[2024/01/07 06:32:52]  
[2024/01/07 06:32:52]  PL-part1-totalPressure: 15.24320933974712
[2024/01/07 06:32:52]  PL-part2-totalPressure: -9.601605043496489
[2024/01/07 06:32:52]  VOLUME-part1-variableVolSum: 1.000198446172979e-05
[2024/01/07 06:32:52]  Printing Primal Residual Statistics.
[2024/01/07 06:32:52]  U Residual Norm2: (0.0002693314528225845 8.221837432512342e-05 1.151456013628621e-13)
[2024/01/07 06:32:52]  U Residual Mean: (2.263231927112109e-06 6.513555884612565e-07 1.481864706080125e-15)
[2024/01/07 06:32:52]  U Residual Max: (1.953001333454552e-05 1.240021812887182e-05 1.070073333939939e-14)
[2024/01/07 06:32:52]  p Residual Norm2: 4.097957939759456e-05
[2024/01/07 06:32:52]  p Residual Mean: 1.301571280888437e-07
[2024/01/07 06:32:52]  p Residual Max: 2.594779802951431e-05
[2024/01/07 06:32:52]  phi Residual Norm2: 1.58284704400173e-07
[2024/01/07 06:32:52]  phi Residual Mean: 4.059232314737177e-10
[2024/01/07 06:32:52]  phi Residual Max: 1.213363206410073e-08
[2024/01/07 06:32:52]  End
[2024/01/07 06:32:52]  
[2024/01/07 06:32:52]  Objective Functions: 
[2024/01/07 06:32:58]  {'PL': 5.641604296250632, 'VOLUME': 1.0001984461729789e-05, 'fail': False}
[2024/01/07 06:32:58]  Flow Runtime: 2.85836
[2024/01/07 06:32:58]  
[2024/01/07 06:32:58]  
[2024/01/07 06:32:58]  +--------------------------------------------------------------------------+
[2024/01/07 06:32:58]  |                  Evaluating Objective Functions 132                      |
[2024/01/07 06:32:58]  +--------------------------------------------------------------------------+
[2024/01/07 06:32:58]  Design Variables: 
[2024/01/07 06:32:58]  OrderedDict([('alphaPorosity', array([  1.9011611548874445,   1.8694030959632446,   1.8395736306645731,
[2024/01/07 06:32:58]         ..., 322.43325555976213  , 323.02094020792293  ,
[2024/01/07 06:32:58]         323.4373678171477   ]))])
[2024/01/07 06:32:58]  DVGeo PointSet UpToDate: False
[2024/01/07 06:32:58]  Updating DVGeo PointSet....
[2024/01/07 06:32:58]  DVGeo PointSet UpToDate: True
[2024/01/07 06:32:58]  Warping the volume mesh....
[2024/01/07 06:32:58]  Setting up primal boundary conditions based on pyOptions: 
[2024/01/07 06:32:58]  Setting primal boundary conditions...
[2024/01/07 06:32:58]  Setting U = (0.1 0 0) at inlet
[2024/01/07 06:32:58]  Setting primal boundary conditions...
[2024/01/07 06:32:58]  Setting p = 0 at outlet
[2024/01/07 06:32:58]  nuTilda not found, skip it.
[2024/01/07 06:32:58]  Setting nut wall BC for wallBoundary. BCType=nutkWallFunction
[2024/01/07 06:32:58]  Running Primal Solver 132
[2024/01/07 06:32:58]  Previous solution time 1 found and deleted.
[2024/01/07 06:32:58]  No finite volume options present
[2024/01/07 06:32:58]  
[2024/01/07 06:32:58]  Starting time loop
[2024/01/07 06:32:58]  
[2024/01/07 06:32:58]  Checking mesh quality for time = 0
[2024/01/07 06:32:58]      Overall domain bounding box (7.181318501078189e-16 -1.399990449424424e-15 -5.718082257688551e-15) (0.02999999999999962 0.01500000000001617 0.001000000000005718)
[2024/01/07 06:32:58]      Mesh has 3 geometric (non-empty/wedge) directions 3{1}
[2024/01/07 06:32:58]      Mesh has 3 solution (non-empty) directions 3{1}
[2024/01/07 06:32:58]      Boundary openness (-6.947448714353218e-18 9.793123156124281e-19 -3.04020355740097e-16) OK.
[2024/01/07 06:32:58]      Max cell openness = 3.176373552203076e-16 OK.
[2024/01/07 06:32:58]      Max aspect ratio = 3.333333333492265 OK.
[2024/01/07 06:32:58]      Minimum face area = 1.499999999935995e-07. Maximum face area = 5.000000000129904e-07.  Face area magnitudes OK.
[2024/01/07 06:32:58]      Min volume = 1.499999999944929e-10. Max volume = 1.500000000034984e-10.  Total volume = 4.500000000002841e-07.  Cell volumes OK.
[2024/01/07 06:32:58]      Mesh non-orthogonality Max: 0 average: 0
[2024/01/07 06:32:58]      Non-orthogonality check OK.
[2024/01/07 06:32:58]      Face pyramids OK.
[2024/01/07 06:32:58]      Max skewness = 9.432792296734318e-11 OK.
[2024/01/07 06:32:58]      Coupled point location match (average 0) OK.
[2024/01/07 06:32:58]  
[2024/01/07 06:32:58]  Mesh OK.
[2024/01/07 06:32:58]  
[2024/01/07 06:32:58]  Time = 1
[2024/01/07 06:32:58]  
[2024/01/07 06:32:58]  U Initial residual: (1.971517588968081e-08 2.934266031384534e-08 0.001107007513993255)
[2024/01/07 06:32:58]  U   Final residual: (6.649787859518158e-10 1.051731535210696e-09 4.523696825078671e-05)
[2024/01/07 06:32:58]  p Initial residual: 4.024595674966504e-08
[2024/01/07 06:32:58]  p   Final residual: 3.985212037857845e-09
[2024/01/07 06:32:58]  Time step continuity errors : sum local = 1.458015703184838e-08
[2024/01/07 06:32:58]                                   global = -3.240339331066735e-09
[2024/01/07 06:32:58]                               cumulative = 0.001720172848382538
[2024/01/07 06:32:58]  yPlus min: 0 max: 0 mean: 0
[2024/01/07 06:32:58]  PL-part1-totalPressure: 15.24320973399138
[2024/01/07 06:32:58]  PL-part2-totalPressure: -9.601605023388935
[2024/01/07 06:32:58]  VOLUME-part1-variableVolSum: 1.000198446172979e-05
[2024/01/07 06:32:58]  ExecutionTime = 571.78 s  ClockTime = 984 s
[2024/01/07 06:32:58]  
[2024/01/07 06:32:58]  Time = 1
[2024/01/07 06:32:58]  Minimal residual 4.024595674966504e-08 satisfied the prescribed tolerance 1e-06
[2024/01/07 06:32:58]  
[2024/01/07 06:32:58]  PL-part1-totalPressure: 15.24320973399138
[2024/01/07 06:32:58]  PL-part2-totalPressure: -9.601605023388935
[2024/01/07 06:32:58]  VOLUME-part1-variableVolSum: 1.000198446172979e-05
[2024/01/07 06:32:58]  Printing Primal Residual Statistics.
[2024/01/07 06:32:58]  U Residual Norm2: (0.0002571764150026392 7.872018960478484e-05 1.143111784162817e-13)
[2024/01/07 06:32:58]  U Residual Mean: (2.146535285314245e-06 6.198844659868002e-07 1.486985824722549e-15)
[2024/01/07 06:32:58]  U Residual Max: (1.8839292112105e-05 1.194074515686872e-05 1.105816129624459e-14)
[2024/01/07 06:32:58]  p Residual Norm2: 3.953432682512106e-05
[2024/01/07 06:32:58]  p Residual Mean: 1.238381831329762e-07
[2024/01/07 06:32:58]  p Residual Max: 2.497629817875533e-05
[2024/01/07 06:32:58]  phi Residual Norm2: 1.508968963522723e-07
[2024/01/07 06:32:58]  phi Residual Mean: 3.843718501787442e-10
[2024/01/07 06:32:58]  phi Residual Max: 1.168155025136052e-08
[2024/01/07 06:32:58]  End
[2024/01/07 06:32:58]  
[2024/01/07 06:32:58]  Objective Functions: 
[2024/01/07 06:32:58]  {'PL': 5.641604710602445, 'VOLUME': 1.0001984461729789e-05, 'fail': False}
[2024/01/07 06:32:58]  Flow Runtime: 2.98038
[2024/01/07 06:32:58]  
[2024/01/07 06:32:58]  
[2024/01/07 06:32:58]  +--------------------------------------------------------------------------+
[2024/01/07 06:32:58]  |                  Evaluating Objective Functions 133                      |
[2024/01/07 06:32:58]  +--------------------------------------------------------------------------+
[2024/01/07 06:32:58]  Design Variables: 
[2024/01/07 06:32:58]  OrderedDict([('alphaPorosity', array([  1.9011611548874452,   1.869403095963245 ,   1.8395736306645738,
[2024/01/07 06:32:58]         ..., 322.4332555597622   , 323.020940207923    ,
[2024/01/07 06:32:58]         323.43736781714773  ]))])
[2024/01/07 06:32:58]  DVGeo PointSet UpToDate: False
[2024/01/07 06:32:58]  Updating DVGeo PointSet....
[2024/01/07 06:49:45]  DVGeo PointSet UpToDate: True
[2024/01/07 06:49:45]  Warping the volume mesh....
[2024/01/07 06:49:45]  Setting up primal boundary conditions based on pyOptions: 
[2024/01/07 06:49:45]  Setting primal boundary conditions...
[2024/01/07 06:49:45]  Setting U = (0.1 0 0) at inlet
[2024/01/07 06:49:45]  Setting primal boundary conditions...
[2024/01/07 06:49:45]  Setting p = 0 at outlet
[2024/01/07 06:49:45]  nuTilda not found, skip it.
[2024/01/07 06:49:45]  Setting nut wall BC for wallBoundary. BCType=nutkWallFunction
[2024/01/07 06:49:45]  Running Primal Solver 133
[2024/01/07 06:49:45]  Previous solution time 1 found and deleted.
[2024/01/07 06:49:45]  No finite volume options present
[2024/01/07 06:49:45]  
[2024/01/07 06:49:45]  Starting time loop
[2024/01/07 06:49:45]  
[2024/01/07 06:49:45]  Checking mesh quality for time = 0
[2024/01/07 06:49:45]      Overall domain bounding box (7.181318501078189e-16 -1.399990449424424e-15 -5.718082257688551e-15) (0.02999999999999962 0.01500000000001617 0.001000000000005718)
[2024/01/07 06:49:45]      Mesh has 3 geometric (non-empty/wedge) directions 3{1}
[2024/01/07 06:49:45]      Mesh has 3 solution (non-empty) directions 3{1}
[2024/01/07 06:49:45]      Boundary openness (-6.947448714353218e-18 9.793123156124281e-19 -3.04020355740097e-16) OK.
[2024/01/07 06:49:45]      Max cell openness = 3.176373552203076e-16 OK.
[2024/01/07 06:49:45]      Max aspect ratio = 3.333333333492265 OK.
[2024/01/07 06:49:45]      Minimum face area = 1.499999999935995e-07. Maximum face area = 5.000000000129904e-07.  Face area magnitudes OK.
[2024/01/07 06:49:45]      Min volume = 1.499999999944929e-10. Max volume = 1.500000000034984e-10.  Total volume = 4.500000000002841e-07.  Cell volumes OK.
[2024/01/07 06:49:45]      Mesh non-orthogonality Max: 0 average: 0
[2024/01/07 06:49:45]      Non-orthogonality check OK.
[2024/01/07 06:49:45]      Face pyramids OK.
[2024/01/07 06:49:45]      Max skewness = 9.432792296734318e-11 OK.
[2024/01/07 06:49:45]      Coupled point location match (average 0) OK.
[2024/01/07 06:49:45]  
[2024/01/07 06:49:45]  Mesh OK.
[2024/01/07 06:49:45]  
[2024/01/07 06:49:45]  Time = 1
[2024/01/07 06:49:45]  
[2024/01/07 06:49:45]  U Initial residual: (1.869851241043144e-08 2.792470337247016e-08 0.001110734846002394)
[2024/01/07 06:49:45]  U   Final residual: (6.271067111400282e-10 9.9204419096426e-10 4.344498649780308e-05)
[2024/01/07 06:49:45]  p Initial residual: 3.821530195418895e-08
[2024/01/07 06:49:45]  p   Final residual: 1.324273307446695e-09
[2024/01/07 06:49:45]  Time step continuity errors : sum local = 4.844939985126718e-09
[2024/01/07 06:49:45]                                   global = -8.60638907898756e-10
[2024/01/07 06:49:45]                               cumulative = 0.00172017198774363
[2024/01/07 06:49:45]  yPlus min: 0 max: 0 mean: 0
[2024/01/07 06:49:45]  PL-part1-totalPressure: 15.24321018689559
[2024/01/07 06:49:45]  PL-part2-totalPressure: -9.601605005779192
[2024/01/07 06:49:45]  VOLUME-part1-variableVolSum: 1.000198446172979e-05
[2024/01/07 06:49:45]  ExecutionTime = 574.03 s  ClockTime = 988 s
[2024/01/07 06:49:45]  
[2024/01/07 06:49:45]  Time = 1
[2024/01/07 06:49:45]  Minimal residual 3.821530195418895e-08 satisfied the prescribed tolerance 1e-06
[2024/01/07 06:49:45]  
[2024/01/07 06:49:45]  PL-part1-totalPressure: 15.24321018689559
[2024/01/07 06:49:45]  PL-part2-totalPressure: -9.601605005779192
[2024/01/07 06:49:45]  VOLUME-part1-variableVolSum: 1.000198446172979e-05
[2024/01/07 06:49:45]  Printing Primal Residual Statistics.
[2024/01/07 06:49:45]  U Residual Norm2: (0.0002452458294887254 7.553840923369777e-05 1.126157585202284e-13)
[2024/01/07 06:49:45]  U Residual Mean: (2.034419584583429e-06 5.894654331432354e-07 1.470120957379376e-15)
[2024/01/07 06:49:45]  U Residual Max: (1.817995352637602e-05 1.156510583444348e-05 9.656837305315701e-15)
[2024/01/07 06:49:45]  p Residual Norm2: 3.817147416226263e-05
[2024/01/07 06:49:45]  p Residual Mean: 1.147305197999193e-07
[2024/01/07 06:49:45]  p Residual Max: 2.406153235216385e-05
[2024/01/07 06:49:45]  phi Residual Norm2: 1.437851841307708e-07
[2024/01/07 06:49:45]  phi Residual Mean: 3.63628125596831e-10
[2024/01/07 06:49:45]  phi Residual Max: 1.121275777559019e-08
[2024/01/07 06:49:45]  End
[2024/01/07 06:49:45]  
[2024/01/07 06:49:45]  Objective Functions: 
[2024/01/07 06:49:45]  {'PL': 5.6416051811164, 'VOLUME': 1.0001984461729789e-05, 'fail': False}
[2024/01/07 06:49:45]  Flow Runtime: 2.91713
[2024/01/07 06:49:45]  
[2024/01/07 06:49:45]  
[2024/01/07 06:49:45]  +--------------------------------------------------------------------------+
[2024/01/07 06:49:45]  |              Evaluating Objective Function Sensitivities 045             |
[2024/01/07 06:49:45]  +--------------------------------------------------------------------------+
[2024/01/07 06:49:45]  writeDeformedFFDs is deprecated since v3.0.1!
[2024/01/07 06:49:45]  Moving time 1 to 0.00000045
[2024/01/07 06:49:45]  Running adjoint Solver 045
[2024/01/07 06:49:45]  dRdWT Jacobian Free created!
[2024/01/07 06:49:45]  Solver Type: gmres
[2024/01/07 06:49:45]  GMRES Restart: 2000
[2024/01/07 06:49:45]  ASM Overlap: 1
[2024/01/07 06:49:45]  Global PC Iters: 0
[2024/01/07 06:49:45]  Local PC Iters: 1
[2024/01/07 06:49:45]  Mat ReOrdering: rcm
[2024/01/07 06:49:45]  ILU PC Fill Level: 1
[2024/01/07 06:49:45]  GMRES Max Iterations: 2000
[2024/01/07 06:49:45]  GMRES Relative Tolerance: 1e-06
[2024/01/07 06:49:45]  GMRES Absolute Tolerance: 1e-14
[2024/01/07 06:49:45]  Calculating dFdW using reverse-mode AD
[2024/01/07 06:49:45]      Adding all faces of patches 1(inlet) ...
[2024/01/07 06:49:45]      Found matching patch inlet with 0 faces.
[2024/01/07 06:49:45]      Adding all faces of patches 1(outlet) ...
[2024/01/07 06:49:45]      Found matching patch outlet with 0 faces.
[2024/01/07 06:49:45]  Solving Linear Equation... 1991 s
[2024/01/07 06:49:45]  Main iteration 0 KSP Residual norm 1.968241686289e+00 1991 s
[2024/01/07 06:49:45]  Main iteration 44 KSP Residual norm 1.245427113162e-06 1992 s 
[2024/01/07 06:49:45]  Total iterations 44
[2024/01/07 06:49:45]  Solving Linear Equation... Completed! 1992 s
[2024/01/07 06:49:45]  Residual tolerance satisfied, solution finished!
[2024/01/07 06:49:45]  Calculating dFdW using reverse-mode AD
[2024/01/07 06:49:51]      Adding cells with centre within boxes 1((-50 -50 -50) (50 50 50))
[2024/01/07 06:49:51]  Solving Linear Equation... 1992 s
[2024/01/07 06:49:51]  Main iteration 0 KSP Residual norm 0.000000000000e+00 1992 s
[2024/01/07 06:49:51]  Main iteration 0 KSP Residual norm 0.000000000000e+00 1992 s 
[2024/01/07 06:49:51]  Total iterations 0
[2024/01/07 06:49:51]  Solving Linear Equation... Completed! 1992 s
[2024/01/07 06:49:51]  Residual tolerance satisfied, solution finished!
[2024/01/07 06:49:51]  Computing total derivatives....
[2024/01/07 06:49:51]  Computing total derivatives for alphaPorosity
[2024/01/07 06:49:51]  Calculating dFdField using reverse-mode AD for alphaPorosity
[2024/01/07 06:49:51]      Adding all faces of patches 1(inlet) ...
[2024/01/07 06:49:51]      Found matching patch inlet with 0 faces.
[2024/01/07 06:49:51]      Adding all faces of patches 1(outlet) ...
[2024/01/07 06:49:51]      Found matching patch outlet with 0 faces.
[2024/01/07 06:49:51]  Calculating [dRdField]^T * Psi using reverse-mode AD
[2024/01/07 06:49:51]  Calculating dFdField using reverse-mode AD for alphaPorosity
[2024/01/07 06:49:51]      Adding cells with centre within boxes 1((-50 -50 -50) (50 50 50))
[2024/01/07 06:49:51]  Calculating [dRdField]^T * Psi using reverse-mode AD
[2024/01/07 06:49:51]  Objective Function Sensitivity: 
[2024/01/07 06:49:51]  {'PL': {'alphaPorosity': array([ 0.0009281876104475,  0.0009440455178201,  0.0009594382393918, ...,
[2024/01/07 06:49:51]         -0.0000002089336983, -0.0000002188924339, -0.0000002259089841])}, 'VOLUME': {'alphaPorosity': array([0.000000000025, 0.000000000025, 0.000000000025, ...,
[2024/01/07 06:49:51]         0.000000000025, 0.000000000025, 0.000000000025])}, 'fail': False}
[2024/01/07 06:49:51]  Adjoint Runtime: 3.87802 s
[2024/01/07 06:49:51]    44  5.6416052e+00 0.00e+00 3.53e-02  -2.8 4.89e-04    -  1.00e+00 1.70e-313h1040
[2024/01/07 06:49:51]  
[2024/01/07 06:49:51]  
[2024/01/07 06:49:51]  +--------------------------------------------------------------------------+
[2024/01/07 06:49:51]  |                  Evaluating Objective Functions 134                      |
[2024/01/07 06:49:51]  +--------------------------------------------------------------------------+
[2024/01/07 06:49:51]  Design Variables: 
[2024/01/07 06:49:51]  OrderedDict([('alphaPorosity', array([  1.9006129252883426,   1.8688740151928795,   1.8390633025409664,
[2024/01/07 06:49:51]         ..., 322.3889416608828   , 322.9753057562731   ,
[2024/01/07 06:49:51]         323.3902949286473   ]))])
[2024/01/07 06:49:51]  DVGeo PointSet UpToDate: False
[2024/01/07 06:49:51]  Updating DVGeo PointSet....
[2024/01/07 06:49:51]  DVGeo PointSet UpToDate: True
[2024/01/07 06:49:51]  Warping the volume mesh....
[2024/01/07 06:49:51]  Setting up primal boundary conditions based on pyOptions: 
[2024/01/07 06:49:51]  Setting primal boundary conditions...
[2024/01/07 06:49:51]  Setting U = (0.1 0 0) at inlet
[2024/01/07 06:49:51]  Setting primal boundary conditions...
[2024/01/07 06:49:51]  Setting p = 0 at outlet
[2024/01/07 06:49:51]  nuTilda not found, skip it.
[2024/01/07 06:49:51]  Setting nut wall BC for wallBoundary. BCType=nutkWallFunction
[2024/01/07 06:49:51]  Running Primal Solver 134
[2024/01/07 06:49:51]  Previous solution time 1 not found and nothing deleted.
[2024/01/07 06:49:51]  No finite volume options present
[2024/01/07 06:49:51]  
[2024/01/07 06:49:51]  Starting time loop
[2024/01/07 06:49:51]  
[2024/01/07 06:49:51]  Checking mesh quality for time = 0
[2024/01/07 06:49:51]      Overall domain bounding box (7.181318501078189e-16 -1.399990449424424e-15 -5.718082257688551e-15) (0.02999999999999962 0.01500000000001617 0.001000000000005718)
[2024/01/07 06:49:51]      Mesh has 3 geometric (non-empty/wedge) directions 3{1}
[2024/01/07 06:49:51]      Mesh has 3 solution (non-empty) directions 3{1}
[2024/01/07 06:49:51]      Boundary openness (-6.947448714353218e-18 9.793123156124281e-19 -3.04020355740097e-16) OK.
[2024/01/07 06:49:51]      Max cell openness = 3.176373552203076e-16 OK.
[2024/01/07 06:49:51]      Max aspect ratio = 3.333333333492265 OK.
[2024/01/07 06:49:51]      Minimum face area = 1.499999999935995e-07. Maximum face area = 5.000000000129904e-07.  Face area magnitudes OK.
[2024/01/07 06:49:51]      Min volume = 1.499999999944929e-10. Max volume = 1.500000000034984e-10.  Total volume = 4.500000000002841e-07.  Cell volumes OK.
[2024/01/07 06:49:51]      Mesh non-orthogonality Max: 0 average: 0
[2024/01/07 06:49:51]      Non-orthogonality check OK.
[2024/01/07 06:49:51]      Face pyramids OK.
[2024/01/07 06:49:51]      Max skewness = 9.432792296734318e-11 OK.
[2024/01/07 06:49:51]      Coupled point location match (average 0) OK.
[2024/01/07 06:49:51]  
[2024/01/07 06:49:51]  Mesh OK.
[2024/01/07 06:49:51]  
[2024/01/07 06:49:51]  Time = 1
[2024/01/07 06:49:51]  
[2024/01/07 06:49:51]  U Initial residual: (8.424935489772413e-06 1.756397692321911e-05 0.001098130294931628)
[2024/01/07 06:49:51]  U   Final residual: (3.077499261140117e-07 1.721833213629876e-06 4.518244430425113e-05)
[2024/01/07 06:49:51]  p Initial residual: 0.00038823580547835
[2024/01/07 06:49:51]  p   Final residual: 3.264830847047555e-05
[2024/01/07 06:49:51]  Time step continuity errors : sum local = 0.0001194635524761358
[2024/01/07 06:49:51]                                   global = -1.019064224803178e-06
[2024/01/07 06:49:51]                               cumulative = 0.001719152923518827
[2024/01/07 06:49:51]  yPlus min: 0 max: 0 mean: 0
[2024/01/07 06:49:51]  PL-part1-totalPressure: 15.24498725441752
[2024/01/07 06:49:51]  PL-part2-totalPressure: -9.601603953366485
[2024/01/07 06:49:51]  VOLUME-part1-variableVolSum: 1.000198073018402e-05
[2024/01/07 06:49:51]  ExecutionTime = 1093.41 s  ClockTime = 1998 s
[2024/01/07 06:49:51]  
[2024/01/07 06:49:51]  Time = 49
[2024/01/07 06:49:51]  Minimal residual 9.841024872920123e-07 satisfied the prescribed tolerance 1e-06
[2024/01/07 06:49:51]  
[2024/01/07 06:49:56]  PL-part1-totalPressure: 15.24377629718481
[2024/01/07 06:49:56]  PL-part2-totalPressure: -9.601497014954745
[2024/01/07 06:49:56]  VOLUME-part1-variableVolSum: 1.000198073018402e-05
[2024/01/07 06:49:56]  Printing Primal Residual Statistics.
[2024/01/07 06:49:56]  U Residual Norm2: (0.006305834106741791 0.002912472894155522 1.131699833365254e-13)
[2024/01/07 06:49:56]  U Residual Mean: (5.41981354696366e-05 2.497607425242407e-05 1.466195628732311e-15)
[2024/01/07 06:49:56]  U Residual Max: (0.0004885444543945017 0.0002576843395947215 1.063610112699511e-14)
[2024/01/07 06:49:56]  p Residual Norm2: 0.0005095031833987531
[2024/01/07 06:49:56]  p Residual Mean: 2.902389788770137e-06
[2024/01/07 06:49:56]  p Residual Max: 0.0003147883493918198
[2024/01/07 06:49:56]  phi Residual Norm2: 3.923694150457557e-06
[2024/01/07 06:49:56]  phi Residual Mean: 1.097759369026548e-08
[2024/01/07 06:49:56]  phi Residual Max: 3.024356543335421e-07
[2024/01/07 06:49:56]  End
[2024/01/07 06:49:56]  
[2024/01/07 06:49:56]  Objective Functions: 
[2024/01/07 06:49:56]  {'PL': 5.642279282230062, 'VOLUME': 1.000198073018402e-05, 'fail': False}
[2024/01/07 06:49:56]  Flow Runtime: 3.07793
[2024/01/07 06:49:56]  
[2024/01/07 06:49:56]  
[2024/01/07 06:49:56]  +--------------------------------------------------------------------------+
[2024/01/07 06:49:56]  |                  Evaluating Objective Functions 135                      |
[2024/01/07 06:49:56]  +--------------------------------------------------------------------------+
[2024/01/07 06:49:56]  Design Variables: 
[2024/01/07 06:49:56]  OrderedDict([('alphaPorosity', array([  1.9008870400878937,   1.8691385555780624,   1.8393184666027702,
[2024/01/07 06:49:56]         ..., 322.4110986103225   , 322.99812298209804  ,
[2024/01/07 06:49:56]         323.4138313728975   ]))])
[2024/01/07 06:49:56]  DVGeo PointSet UpToDate: False
[2024/01/07 06:49:56]  Updating DVGeo PointSet....
[2024/01/07 06:49:56]  DVGeo PointSet UpToDate: True
[2024/01/07 06:49:56]  Warping the volume mesh....
[2024/01/07 06:49:56]  Setting up primal boundary conditions based on pyOptions: 
[2024/01/07 06:49:56]  Setting primal boundary conditions...
[2024/01/07 06:49:56]  Setting U = (0.1 0 0) at inlet
[2024/01/07 06:49:56]  Setting primal boundary conditions...
[2024/01/07 06:49:56]  Setting p = 0 at outlet
[2024/01/07 06:49:56]  nuTilda not found, skip it.
[2024/01/07 06:49:56]  Setting nut wall BC for wallBoundary. BCType=nutkWallFunction
[2024/01/07 06:49:56]  Running Primal Solver 135
[2024/01/07 06:49:56]  Previous solution time 49 found and deleted.
[2024/01/07 06:49:56]  No finite volume options present
[2024/01/07 06:49:56]  
[2024/01/07 06:49:56]  Starting time loop
[2024/01/07 06:49:56]  
[2024/01/07 06:49:56]  Checking mesh quality for time = 0
[2024/01/07 06:49:56]      Overall domain bounding box (7.181318501078189e-16 -1.399990449424424e-15 -5.718082257688551e-15) (0.02999999999999962 0.01500000000001617 0.001000000000005718)
[2024/01/07 06:49:56]      Mesh has 3 geometric (non-empty/wedge) directions 3{1}
[2024/01/07 06:49:56]      Mesh has 3 solution (non-empty) directions 3{1}
[2024/01/07 06:49:56]      Boundary openness (-6.947448714353218e-18 9.793123156124281e-19 -3.04020355740097e-16) OK.
[2024/01/07 06:49:56]      Max cell openness = 3.176373552203076e-16 OK.
[2024/01/07 06:49:56]      Max aspect ratio = 3.333333333492265 OK.
[2024/01/07 06:49:56]      Minimum face area = 1.499999999935995e-07. Maximum face area = 5.000000000129904e-07.  Face area magnitudes OK.
[2024/01/07 06:49:56]      Min volume = 1.499999999944929e-10. Max volume = 1.500000000034984e-10.  Total volume = 4.500000000002841e-07.  Cell volumes OK.
[2024/01/07 06:49:56]      Mesh non-orthogonality Max: 0 average: 0
[2024/01/07 06:49:56]      Non-orthogonality check OK.
[2024/01/07 06:49:56]      Face pyramids OK.
[2024/01/07 06:49:56]      Max skewness = 9.432792296734318e-11 OK.
[2024/01/07 06:49:56]      Coupled point location match (average 0) OK.
[2024/01/07 06:49:56]  
[2024/01/07 06:49:56]  Mesh OK.
[2024/01/07 06:49:56]  
[2024/01/07 06:49:56]  Time = 1
[2024/01/07 06:49:56]  
[2024/01/07 06:49:56]  U Initial residual: (4.442682428187411e-06 9.723444219707208e-06 0.001095686134100214)
[2024/01/07 06:49:56]  U   Final residual: (4.375674809314542e-07 9.562256175922028e-07 4.470565674340671e-05)
[2024/01/07 06:49:56]  p Initial residual: 0.0001932929495375031
[2024/01/07 06:49:56]  p   Final residual: 1.569828480322366e-05
[2024/01/07 06:49:56]  Time step continuity errors : sum local = 5.744507003389596e-05
[2024/01/07 06:49:56]                                   global = 6.422209097514742e-07
[2024/01/07 06:49:56]                               cumulative = 0.001719795144428579
[2024/01/07 06:49:56]  yPlus min: 0 max: 0 mean: 0
[2024/01/07 06:49:56]  PL-part1-totalPressure: 15.24293028012661
[2024/01/07 06:49:56]  PL-part2-totalPressure: -9.601496042700614
[2024/01/07 06:49:56]  VOLUME-part1-variableVolSum: 1.00019825959569e-05
[2024/01/07 06:49:56]  ExecutionTime = 1096.26 s  ClockTime = 2004 s
[2024/01/07 06:49:56]  
[2024/01/07 06:49:56]  Time = 37
[2024/01/07 06:49:56]  Minimal residual 9.378815683034613e-07 satisfied the prescribed tolerance 1e-06
[2024/01/07 06:49:56]  
[2024/01/07 06:49:56]  PL-part1-totalPressure: 15.24326837752301
[2024/01/07 06:49:56]  PL-part2-totalPressure: -9.601538762956995
[2024/01/07 06:49:56]  VOLUME-part1-variableVolSum: 1.00019825959569e-05
[2024/01/07 06:49:56]  Printing Primal Residual Statistics.
[2024/01/07 06:49:56]  U Residual Norm2: (0.004363465338045449 0.002199696416731455 1.166633407042701e-13)
[2024/01/07 06:49:56]  U Residual Mean: (3.955338013573764e-05 2.141220977097974e-05 1.492639369112764e-15)
[2024/01/07 06:49:56]  U Residual Max: (0.0003784702229623349 0.0001668504199294762 1.045601228509478e-14)
[2024/01/07 06:49:56]  p Residual Norm2: 0.0003301070710921345
[2024/01/07 06:49:56]  p Residual Mean: 2.569872035030961e-06
[2024/01/07 06:49:56]  p Residual Max: 8.500944534212701e-05
[2024/01/07 06:49:56]  phi Residual Norm2: 2.853764211502716e-06
[2024/01/07 06:49:56]  phi Residual Mean: 8.612209910658618e-09
[2024/01/07 06:50:03]  phi Residual Max: 2.488517427411565e-07
[2024/01/07 06:50:03]  End
[2024/01/07 06:50:03]  
[2024/01/07 06:50:03]  Objective Functions: 
[2024/01/07 06:50:03]  {'PL': 5.641729614566014, 'VOLUME': 1.0001982595956902e-05, 'fail': False}
[2024/01/07 06:50:03]  Flow Runtime: 3.0176
[2024/01/07 06:50:03]  
[2024/01/07 06:50:03]  
[2024/01/07 06:50:03]  +--------------------------------------------------------------------------+
[2024/01/07 06:50:03]  |                  Evaluating Objective Functions 136                      |
[2024/01/07 06:50:03]  +--------------------------------------------------------------------------+
[2024/01/07 06:50:03]  Design Variables: 
[2024/01/07 06:50:03]  OrderedDict([('alphaPorosity', array([  1.9010240974876695,   1.8692708257706536,   1.839446048633672 ,
[2024/01/07 06:50:03]         ..., 322.42217708504234  , 323.0095315950105   ,
[2024/01/07 06:50:03]         323.4255995950226   ]))])
[2024/01/07 06:50:03]  DVGeo PointSet UpToDate: False
[2024/01/07 06:50:03]  Updating DVGeo PointSet....
[2024/01/07 06:50:03]  DVGeo PointSet UpToDate: True
[2024/01/07 06:50:03]  Warping the volume mesh....
[2024/01/07 06:50:03]  Setting up primal boundary conditions based on pyOptions: 
[2024/01/07 06:50:03]  Setting primal boundary conditions...
[2024/01/07 06:50:03]  Setting U = (0.1 0 0) at inlet
[2024/01/07 06:50:03]  Setting primal boundary conditions...
[2024/01/07 06:50:03]  Setting p = 0 at outlet
[2024/01/07 06:50:03]  nuTilda not found, skip it.
[2024/01/07 06:50:03]  Setting nut wall BC for wallBoundary. BCType=nutkWallFunction
[2024/01/07 06:50:03]  Running Primal Solver 136
[2024/01/07 06:50:03]  Previous solution time 37 found and deleted.
[2024/01/07 06:50:03]  No finite volume options present
[2024/01/07 06:50:03]  
[2024/01/07 06:50:03]  Starting time loop
[2024/01/07 06:50:03]  
[2024/01/07 06:50:03]  Checking mesh quality for time = 0
[2024/01/07 06:50:03]      Overall domain bounding box (7.181318501078189e-16 -1.399990449424424e-15 -5.718082257688551e-15) (0.02999999999999962 0.01500000000001617 0.001000000000005718)
[2024/01/07 06:50:03]      Mesh has 3 geometric (non-empty/wedge) directions 3{1}
[2024/01/07 06:50:03]      Mesh has 3 solution (non-empty) directions 3{1}
[2024/01/07 06:50:03]      Boundary openness (-6.947448714353218e-18 9.793123156124281e-19 -3.04020355740097e-16) OK.
[2024/01/07 06:50:03]      Max cell openness = 3.176373552203076e-16 OK.
[2024/01/07 06:50:03]      Max aspect ratio = 3.333333333492265 OK.
[2024/01/07 06:50:03]      Minimum face area = 1.499999999935995e-07. Maximum face area = 5.000000000129904e-07.  Face area magnitudes OK.
[2024/01/07 06:50:03]      Min volume = 1.499999999944929e-10. Max volume = 1.500000000034984e-10.  Total volume = 4.500000000002841e-07.  Cell volumes OK.
[2024/01/07 06:50:03]      Mesh non-orthogonality Max: 0 average: 0
[2024/01/07 06:50:03]      Non-orthogonality check OK.
[2024/01/07 06:50:03]      Face pyramids OK.
[2024/01/07 06:50:03]      Max skewness = 9.432792296734318e-11 OK.
[2024/01/07 06:50:03]      Coupled point location match (average 0) OK.
[2024/01/07 06:50:03]  
[2024/01/07 06:50:03]  Mesh OK.
[2024/01/07 06:50:03]  
[2024/01/07 06:50:03]  Time = 1
[2024/01/07 06:50:03]  
[2024/01/07 06:50:03]  U Initial residual: (2.404696631342942e-06 5.209959788055902e-06 0.001114583329735236)
[2024/01/07 06:50:03]  U   Final residual: (8.815990686753556e-08 1.898589831190075e-07 4.672462886087819e-05)
[2024/01/07 06:50:03]  p Initial residual: 9.771312875944824e-05
[2024/01/07 06:50:03]  p   Final residual: 8.191394133180442e-06
[2024/01/07 06:50:03]  Time step continuity errors : sum local = 2.997121984831168e-05
[2024/01/07 06:50:03]                                   global = 2.196500357025766e-07
[2024/01/07 06:50:03]                               cumulative = 0.001720014794464281
[2024/01/07 06:50:03]  yPlus min: 0 max: 0 mean: 0
[2024/01/07 06:50:03]  PL-part1-totalPressure: 15.24282835856019
[2024/01/07 06:50:03]  PL-part2-totalPressure: -9.601540120371862
[2024/01/07 06:50:03]  VOLUME-part1-variableVolSum: 1.000198352884335e-05
[2024/01/07 06:50:03]  ExecutionTime = 1098.51 s  ClockTime = 2008 s
[2024/01/07 06:50:03]  
[2024/01/07 06:50:03]  Time = 30
[2024/01/07 06:50:03]  Minimal residual 9.102424782072781e-07 satisfied the prescribed tolerance 1e-06
[2024/01/07 06:50:03]  
[2024/01/07 06:50:03]  PL-part1-totalPressure: 15.24320735766113
[2024/01/07 06:50:03]  PL-part2-totalPressure: -9.60158307536358
[2024/01/07 06:50:03]  VOLUME-part1-variableVolSum: 1.000198352884335e-05
[2024/01/07 06:50:03]  Printing Primal Residual Statistics.
[2024/01/07 06:50:03]  U Residual Norm2: (0.003366138648711809 0.001239467805589844 1.116203540161809e-13)
[2024/01/07 06:50:03]  U Residual Mean: (3.274717615453521e-05 1.19160622153664e-05 1.453029264148418e-15)
[2024/01/07 06:50:03]  U Residual Max: (0.0002755106862624146 0.0001295539344666752 1.053506913664046e-14)
[2024/01/07 06:50:03]  p Residual Norm2: 0.0004656680546073937
[2024/01/07 06:50:03]  p Residual Mean: 2.538459601532847e-06
[2024/01/07 06:50:03]  p Residual Max: 0.0002761259330645683
[2024/01/07 06:50:03]  phi Residual Norm2: 2.123273450047986e-06
[2024/01/07 06:50:03]  phi Residual Mean: 6.471736900382093e-09
[2024/01/07 06:50:03]  phi Residual Max: 1.768144774243104e-07
[2024/01/07 06:50:03]  End
[2024/01/07 06:50:03]  
[2024/01/07 06:50:03]  Objective Functions: 
[2024/01/07 06:50:03]  {'PL': 5.641624282297547, 'VOLUME': 1.0001983528843347e-05, 'fail': False}
[2024/01/07 06:50:03]  Flow Runtime: 3.00653
[2024/01/07 06:50:03]  
[2024/01/07 06:50:03]  
[2024/01/07 06:50:03]  +--------------------------------------------------------------------------+
[2024/01/07 06:50:03]  |              Evaluating Objective Function Sensitivities 046             |
[2024/01/07 06:50:03]  +--------------------------------------------------------------------------+
[2024/01/07 06:50:03]  writeDeformedFFDs is deprecated since v3.0.1!
[2024/01/07 06:50:03]  Moving time 30 to 0.00000046
[2024/01/07 06:50:03]  Running adjoint Solver 046
[2024/01/07 06:50:03]  dRdWT Jacobian Free created!
[2024/01/07 06:50:03]  Computing dRdWTPC 2010 s
[2024/01/07 06:50:03]  Initializing dRdWCon. 2010 s
[2024/01/07 06:50:03]  dRdWCon Created. 2011 s
[2024/01/07 06:50:11]  Reading Coloring dRdWColoring_6
[2024/01/07 06:50:11]  Validating Coloring...
[2024/01/07 06:50:11]  No Conflicting Colors Found!
[2024/01/07 06:50:11]  Partial derivative matrix created. 2011 s
[2024/01/07 06:50:11]  dRdWTPC: 0 of 348, ExecutionTime: 2011 s
[2024/01/07 06:50:11]  dRdWTPC: 100 of 348, ExecutionTime: 2011 s
[2024/01/07 06:50:11]  dRdWTPC: 200 of 348, ExecutionTime: 2012 s
[2024/01/07 06:50:11]  dRdWTPC: 300 of 348, ExecutionTime: 2013 s
[2024/01/07 06:50:11]  dRdWTPC: 347 of 348, ExecutionTime: 2013 s
[2024/01/07 06:50:11]  Solver Type: gmres
[2024/01/07 06:50:11]  GMRES Restart: 2000
[2024/01/07 06:50:11]  ASM Overlap: 1
[2024/01/07 06:50:11]  Global PC Iters: 0
[2024/01/07 06:50:11]  Local PC Iters: 1
[2024/01/07 06:50:11]  Mat ReOrdering: rcm
[2024/01/07 06:50:11]  ILU PC Fill Level: 1
[2024/01/07 06:50:11]  GMRES Max Iterations: 2000
[2024/01/07 06:50:11]  GMRES Relative Tolerance: 1e-06
[2024/01/07 06:50:11]  GMRES Absolute Tolerance: 1e-14
[2024/01/07 06:50:11]  Calculating dFdW using reverse-mode AD
[2024/01/07 06:50:11]      Adding all faces of patches 1(inlet) ...
[2024/01/07 06:50:11]      Found matching patch inlet with 0 faces.
[2024/01/07 06:50:11]      Adding all faces of patches 1(outlet) ...
[2024/01/07 06:50:11]      Found matching patch outlet with 0 faces.
[2024/01/07 06:50:11]  Solving Linear Equation... 2013 s
[2024/01/07 06:50:11]  Main iteration 0 KSP Residual norm 1.968239457861e+00 2013 s
[2024/01/07 06:50:11]  Main iteration 44 KSP Residual norm 1.245257932526e-06 2014 s 
[2024/01/07 06:50:11]  Total iterations 44
[2024/01/07 06:50:11]  Solving Linear Equation... Completed! 2014 s
[2024/01/07 06:50:11]  Residual tolerance satisfied, solution finished!
[2024/01/07 06:50:11]  Calculating dFdW using reverse-mode AD
[2024/01/07 06:50:11]      Adding cells with centre within boxes 1((-50 -50 -50) (50 50 50))
[2024/01/07 06:50:11]  Solving Linear Equation... 2014 s
[2024/01/07 06:50:11]  Main iteration 0 KSP Residual norm 0.000000000000e+00 2014 s
[2024/01/07 06:50:11]  Main iteration 0 KSP Residual norm 0.000000000000e+00 2014 s 
[2024/01/07 06:50:11]  Total iterations 0
[2024/01/07 06:50:11]  Solving Linear Equation... Completed! 2014 s
[2024/01/07 06:50:11]  Residual tolerance satisfied, solution finished!
[2024/01/07 06:50:11]  Computing total derivatives....
[2024/01/07 06:50:11]  Computing total derivatives for alphaPorosity
[2024/01/07 06:50:11]  Calculating dFdField using reverse-mode AD for alphaPorosity
[2024/01/07 06:50:11]      Adding all faces of patches 1(inlet) ...
[2024/01/07 06:50:11]      Found matching patch inlet with 0 faces.
[2024/01/07 06:50:11]      Adding all faces of patches 1(outlet) ...
[2024/01/07 06:50:11]      Found matching patch outlet with 0 faces.
[2024/01/07 06:50:11]  Calculating [dRdField]^T * Psi using reverse-mode AD
[2024/01/07 06:50:11]  Calculating dFdField using reverse-mode AD for alphaPorosity
[2024/01/07 06:50:11]      Adding cells with centre within boxes 1((-50 -50 -50) (50 50 50))
[2024/01/07 06:50:11]  Calculating [dRdField]^T * Psi using reverse-mode AD
[2024/01/07 06:50:11]  Objective Function Sensitivity: 
[2024/01/07 06:50:11]  {'PL': {'alphaPorosity': array([ 0.0009282718946552,  0.0009441307039414,  0.0009595241523219, ...,
[2024/01/07 06:50:11]         -0.000000208995849 , -0.0000002189906937, -0.0000002260368886])}, 'VOLUME': {'alphaPorosity': array([0.000000000025, 0.000000000025, 0.000000000025, ...,
[2024/01/07 06:50:11]         0.000000000025, 0.000000000025, 0.000000000025])}, 'fail': False}
[2024/01/07 06:50:11]  Adjoint Runtime: 6.73974 s
[2024/01/07 06:50:11]    45  5.6416243e+00 0.00e+00 4.19e-02  -2.8 4.93e-04    -  1.00e+00 2.50e-01f  3
[2024/01/07 06:50:11]  
[2024/01/07 06:50:11]  
[2024/01/07 06:50:11]  +--------------------------------------------------------------------------+
[2024/01/07 06:50:11]  |                  Evaluating Objective Functions 137                      |
[2024/01/07 06:50:11]  +--------------------------------------------------------------------------+
[2024/01/07 06:50:11]  Design Variables: 
[2024/01/07 06:50:11]  OrderedDict([('alphaPorosity', array([  1.9003321502254211,   1.8686006887750168,   1.8387973737755752,
[2024/01/07 06:50:11]         ..., 322.3883339457041   , 322.9749374976484   ,
[2024/01/07 06:50:11]         323.39016061137715  ]))])
[2024/01/07 06:50:11]  DVGeo PointSet UpToDate: False
[2024/01/07 06:50:11]  Updating DVGeo PointSet....
[2024/01/07 06:50:11]  DVGeo PointSet UpToDate: True
[2024/01/07 06:50:11]  Warping the volume mesh....
[2024/01/07 06:50:11]  Setting up primal boundary conditions based on pyOptions: 
[2024/01/07 06:50:11]  Setting primal boundary conditions...
[2024/01/07 06:50:11]  Setting U = (0.1 0 0) at inlet
[2024/01/07 06:50:11]  Setting primal boundary conditions...
[2024/01/07 06:50:11]  Setting p = 0 at outlet
[2024/01/07 06:50:11]  nuTilda not found, skip it.
[2024/01/07 06:50:11]  Setting nut wall BC for wallBoundary. BCType=nutkWallFunction
[2024/01/07 06:50:11]  Running Primal Solver 137
[2024/01/07 06:50:11]  Previous solution time 30 not found and nothing deleted.
[2024/01/07 06:50:11]  No finite volume options present
[2024/01/07 06:50:11]  
[2024/01/07 06:50:11]  Starting time loop
[2024/01/07 06:50:11]  
[2024/01/07 06:50:11]  Checking mesh quality for time = 0
[2024/01/07 06:50:11]      Overall domain bounding box (7.181318501078189e-16 -1.399990449424424e-15 -5.718082257688551e-15) (0.02999999999999962 0.01500000000001617 0.001000000000005718)
[2024/01/07 06:50:11]      Mesh has 3 geometric (non-empty/wedge) directions 3{1}
[2024/01/07 06:50:11]      Mesh has 3 solution (non-empty) directions 3{1}
[2024/01/07 06:50:11]      Boundary openness (-6.947448714353218e-18 9.793123156124281e-19 -3.04020355740097e-16) OK.
[2024/01/07 06:50:11]      Max cell openness = 3.176373552203076e-16 OK.
[2024/01/07 06:50:11]      Max aspect ratio = 3.333333333492265 OK.
[2024/01/07 06:50:11]      Minimum face area = 1.499999999935995e-07. Maximum face area = 5.000000000129904e-07.  Face area magnitudes OK.
[2024/01/07 06:50:18]      Min volume = 1.499999999944929e-10. Max volume = 1.500000000034984e-10.  Total volume = 4.500000000002841e-07.  Cell volumes OK.
[2024/01/07 06:50:18]      Mesh non-orthogonality Max: 0 average: 0
[2024/01/07 06:50:18]      Non-orthogonality check OK.
[2024/01/07 06:50:18]      Face pyramids OK.
[2024/01/07 06:50:18]      Max skewness = 9.432792296734318e-11 OK.
[2024/01/07 06:50:18]      Coupled point location match (average 0) OK.
[2024/01/07 06:50:18]  
[2024/01/07 06:50:18]  Mesh OK.
[2024/01/07 06:50:18]  
[2024/01/07 06:50:18]  Time = 1
[2024/01/07 06:50:18]  
[2024/01/07 06:50:18]  U Initial residual: (6.123198848866294e-06 1.218814166229394e-05 0.001085281484266239)
[2024/01/07 06:50:18]  U   Final residual: (2.699222326311091e-07 5.559141180161687e-07 4.158916224514633e-05)
[2024/01/07 06:50:18]  p Initial residual: 0.0002066669075626693
[2024/01/07 06:50:18]  p   Final residual: 1.018596180099748e-05
[2024/01/07 06:50:18]  Time step continuity errors : sum local = 3.727076279261884e-05
[2024/01/07 06:50:18]                                   global = -6.841149715392563e-07
[2024/01/07 06:50:18]                               cumulative = 0.001719330679492742
[2024/01/07 06:50:18]  yPlus min: 0 max: 0 mean: 0
[2024/01/07 06:50:18]  PL-part1-totalPressure: 15.24533242510892
[2024/01/07 06:50:18]  PL-part2-totalPressure: -9.601582557442642
[2024/01/07 06:50:18]  VOLUME-part1-variableVolSum: 1.00019847895319e-05
[2024/01/07 06:50:18]  ExecutionTime = 1106.72 s  ClockTime = 2020 s
[2024/01/07 06:50:18]  
[2024/01/07 06:50:18]  Time = 43
[2024/01/07 06:50:18]  Minimal residual 9.942128756697294e-07 satisfied the prescribed tolerance 1e-06
[2024/01/07 06:50:18]  
[2024/01/07 06:50:18]  PL-part1-totalPressure: 15.24392043297791
[2024/01/07 06:50:18]  PL-part2-totalPressure: -9.601491257364145
[2024/01/07 06:50:18]  VOLUME-part1-variableVolSum: 1.00019847895319e-05
[2024/01/07 06:50:18]  Printing Primal Residual Statistics.
[2024/01/07 06:50:18]  U Residual Norm2: (0.007427564592685449 0.003277467960066702 1.212395500696222e-13)
[2024/01/07 06:50:18]  U Residual Mean: (6.581216680955067e-05 2.983672306572812e-05 1.594655829005373e-15)
[2024/01/07 06:50:18]  U Residual Max: (0.0005662562691046702 0.0002595231974971135 1.015468256372959e-14)
[2024/01/07 06:50:18]  p Residual Norm2: 0.0004169262090389324
[2024/01/07 06:50:18]  p Residual Mean: 3.045572778043154e-06
[2024/01/07 06:50:18]  p Residual Max: 0.0001715322350764844
[2024/01/07 06:50:18]  phi Residual Norm2: 4.706350283086399e-06
[2024/01/07 06:50:18]  phi Residual Mean: 1.353575806752992e-08
[2024/01/07 06:50:18]  phi Residual Max: 3.527950924431273e-07
[2024/01/07 06:50:18]  End
[2024/01/07 06:50:18]  
[2024/01/07 06:50:18]  Objective Functions: 
[2024/01/07 06:50:18]  {'PL': 5.64242917561376, 'VOLUME': 1.00019847895319e-05, 'fail': False}
[2024/01/07 06:50:18]  Flow Runtime: 3.01611
[2024/01/07 06:50:18]  
[2024/01/07 06:50:18]  
[2024/01/07 06:50:18]  +--------------------------------------------------------------------------+
[2024/01/07 06:50:18]  |                  Evaluating Objective Functions 138                      |
[2024/01/07 06:50:18]  +--------------------------------------------------------------------------+
[2024/01/07 06:50:18]  Design Variables: 
[2024/01/07 06:50:18]  OrderedDict([('alphaPorosity', array([  1.9006781238565453,   1.8689357572728351,   1.8391217112046236,
[2024/01/07 06:50:18]         ..., 322.4052555153732   , 322.9922345463294   ,
[2024/01/07 06:50:18]         323.4078801031999   ]))])
[2024/01/07 06:50:18]  DVGeo PointSet UpToDate: False
[2024/01/07 06:50:18]  Updating DVGeo PointSet....
[2024/01/07 06:50:18]  DVGeo PointSet UpToDate: True
[2024/01/07 06:50:18]  Warping the volume mesh....
[2024/01/07 06:50:18]  Setting up primal boundary conditions based on pyOptions: 
[2024/01/07 06:50:18]  Setting primal boundary conditions...
[2024/01/07 06:50:18]  Setting U = (0.1 0 0) at inlet
[2024/01/07 06:50:18]  Setting primal boundary conditions...
[2024/01/07 06:50:18]  Setting p = 0 at outlet
[2024/01/07 06:50:18]  nuTilda not found, skip it.
[2024/01/07 06:50:18]  Setting nut wall BC for wallBoundary. BCType=nutkWallFunction
[2024/01/07 06:50:18]  Running Primal Solver 138
[2024/01/07 06:50:18]  Previous solution time 43 found and deleted.
[2024/01/07 06:50:18]  No finite volume options present
[2024/01/07 06:50:18]  
[2024/01/07 06:50:18]  Starting time loop
[2024/01/07 06:50:18]  
[2024/01/07 06:50:18]  Checking mesh quality for time = 0
[2024/01/07 06:50:18]      Overall domain bounding box (7.181318501078189e-16 -1.399990449424424e-15 -5.718082257688551e-15) (0.02999999999999962 0.01500000000001617 0.001000000000005718)
[2024/01/07 06:50:18]      Mesh has 3 geometric (non-empty/wedge) directions 3{1}
[2024/01/07 06:50:18]      Mesh has 3 solution (non-empty) directions 3{1}
[2024/01/07 06:50:18]      Boundary openness (-6.947448714353218e-18 9.793123156124281e-19 -3.04020355740097e-16) OK.
[2024/01/07 06:50:18]      Max cell openness = 3.176373552203076e-16 OK.
[2024/01/07 06:50:18]      Max aspect ratio = 3.333333333492265 OK.
[2024/01/07 06:50:18]      Minimum face area = 1.499999999935995e-07. Maximum face area = 5.000000000129904e-07.  Face area magnitudes OK.
[2024/01/07 06:50:18]      Min volume = 1.499999999944929e-10. Max volume = 1.500000000034984e-10.  Total volume = 4.500000000002841e-07.  Cell volumes OK.
[2024/01/07 06:50:18]      Mesh non-orthogonality Max: 0 average: 0
[2024/01/07 06:50:18]      Non-orthogonality check OK.
[2024/01/07 06:50:18]      Face pyramids OK.
[2024/01/07 06:50:18]      Max skewness = 9.432792296734318e-11 OK.
[2024/01/07 06:50:18]      Coupled point location match (average 0) OK.
[2024/01/07 06:50:18]  
[2024/01/07 06:50:18]  Mesh OK.
[2024/01/07 06:50:18]  
[2024/01/07 06:50:18]  Time = 1
[2024/01/07 06:50:18]  
[2024/01/07 06:50:18]  U Initial residual: (3.309906499548471e-06 7.129084821830346e-06 0.001190920266317461)
[2024/01/07 06:50:18]  U   Final residual: (1.390293385761601e-07 3.154139474393369e-07 4.830237912076381e-05)
[2024/01/07 06:50:18]  p Initial residual: 0.0001033230768877352
[2024/01/07 06:50:18]  p   Final residual: 5.081523495263776e-06
[2024/01/07 06:50:23]  Time step continuity errors : sum local = 1.859275264496661e-05
[2024/01/07 06:50:23]                                   global = 3.71997563354786e-07
[2024/01/07 06:50:23]                               cumulative = 0.001719702677056097
[2024/01/07 06:50:23]  yPlus min: 0 max: 0 mean: 0
[2024/01/07 06:50:23]  PL-part1-totalPressure: 15.24285174318756
[2024/01/07 06:50:23]  PL-part2-totalPressure: -9.601490300648946
[2024/01/07 06:50:23]  VOLUME-part1-variableVolSum: 1.000198415918762e-05
[2024/01/07 06:50:23]  ExecutionTime = 1109.57 s  ClockTime = 2026 s
[2024/01/07 06:50:23]  
[2024/01/07 06:50:23]  Time = 34
[2024/01/07 06:50:23]  Minimal residual 9.858410646245282e-07 satisfied the prescribed tolerance 1e-06
[2024/01/07 06:50:23]  
[2024/01/07 06:50:23]  PL-part1-totalPressure: 15.24332350014342
[2024/01/07 06:50:23]  PL-part2-totalPressure: -9.60151067841867
[2024/01/07 06:50:23]  VOLUME-part1-variableVolSum: 1.000198415918762e-05
[2024/01/07 06:50:23]  Printing Primal Residual Statistics.
[2024/01/07 06:50:23]  U Residual Norm2: (0.0048338086051819 0.002490332674966538 1.162147203595455e-13)
[2024/01/07 06:50:23]  U Residual Mean: (4.521743316625214e-05 2.382961241536534e-05 1.470859380502822e-15)
[2024/01/07 06:50:23]  U Residual Max: (0.0004015158801222718 0.0001898146516188248 1.021825132566864e-14)
[2024/01/07 06:50:23]  p Residual Norm2: 0.000415041213417864
[2024/01/07 06:50:23]  p Residual Mean: 2.834098542684343e-06
[2024/01/07 06:50:23]  p Residual Max: 0.0001469069006517758
[2024/01/07 06:50:23]  phi Residual Norm2: 3.175114367415052e-06
[2024/01/07 06:50:23]  phi Residual Mean: 9.801554660474798e-09
[2024/01/07 06:50:23]  phi Residual Max: 2.506855746835785e-07
[2024/01/07 06:50:23]  End
[2024/01/07 06:50:23]  
[2024/01/07 06:50:23]  Objective Functions: 
[2024/01/07 06:50:23]  {'PL': 5.641812821724747, 'VOLUME': 1.0001984159187623e-05, 'fail': False}
[2024/01/07 06:50:23]  Flow Runtime: 3.1991
[2024/01/07 06:50:23]  
[2024/01/07 06:50:23]  
[2024/01/07 06:50:23]  +--------------------------------------------------------------------------+
[2024/01/07 06:50:23]  |                  Evaluating Objective Functions 139                      |
[2024/01/07 06:50:23]  +--------------------------------------------------------------------------+
[2024/01/07 06:50:23]  Design Variables: 
[2024/01/07 06:50:23]  OrderedDict([('alphaPorosity', array([  1.9008511106721073,   1.8691032915217445,   1.8392838799191478,
[2024/01/07 06:50:23]         ..., 322.41371630020774  , 323.00088307067     ,
[2024/01/07 06:50:23]         323.41673984911125  ]))])
[2024/01/07 06:50:23]  DVGeo PointSet UpToDate: False
[2024/01/07 06:50:23]  Updating DVGeo PointSet....
[2024/01/07 06:50:23]  DVGeo PointSet UpToDate: True
[2024/01/07 06:50:23]  Warping the volume mesh....
[2024/01/07 06:50:23]  Setting up primal boundary conditions based on pyOptions: 
[2024/01/07 06:50:23]  Setting primal boundary conditions...
[2024/01/07 06:50:23]  Setting U = (0.1 0 0) at inlet
[2024/01/07 06:50:23]  Setting primal boundary conditions...
[2024/01/07 06:50:23]  Setting p = 0 at outlet
[2024/01/07 06:50:23]  nuTilda not found, skip it.
[2024/01/07 06:50:23]  Setting nut wall BC for wallBoundary. BCType=nutkWallFunction
[2024/01/07 06:50:23]  Running Primal Solver 139
[2024/01/07 06:50:23]  Previous solution time 34 found and deleted.
[2024/01/07 06:50:23]  No finite volume options present
[2024/01/07 06:50:23]  
[2024/01/07 06:50:23]  Starting time loop
[2024/01/07 06:50:23]  
[2024/01/07 06:50:23]  Checking mesh quality for time = 0
[2024/01/07 06:50:23]      Overall domain bounding box (7.181318501078189e-16 -1.399990449424424e-15 -5.718082257688551e-15) (0.02999999999999962 0.01500000000001617 0.001000000000005718)
[2024/01/07 06:50:23]      Mesh has 3 geometric (non-empty/wedge) directions 3{1}
[2024/01/07 06:50:23]      Mesh has 3 solution (non-empty) directions 3{1}
[2024/01/07 06:50:23]      Boundary openness (-6.947448714353218e-18 9.793123156124281e-19 -3.04020355740097e-16) OK.
[2024/01/07 06:50:23]      Max cell openness = 3.176373552203076e-16 OK.
[2024/01/07 06:50:23]      Max aspect ratio = 3.333333333492265 OK.
[2024/01/07 06:50:23]      Minimum face area = 1.499999999935995e-07. Maximum face area = 5.000000000129904e-07.  Face area magnitudes OK.
[2024/01/07 06:50:23]      Min volume = 1.499999999944929e-10. Max volume = 1.500000000034984e-10.  Total volume = 4.500000000002841e-07.  Cell volumes OK.
[2024/01/07 06:50:23]      Mesh non-orthogonality Max: 0 average: 0
[2024/01/07 06:50:23]      Non-orthogonality check OK.
[2024/01/07 06:50:23]      Face pyramids OK.
[2024/01/07 06:50:23]      Max skewness = 9.432792296734318e-11 OK.
[2024/01/07 06:50:23]      Coupled point location match (average 0) OK.
[2024/01/07 06:50:23]  
[2024/01/07 06:50:23]  Mesh OK.
[2024/01/07 06:50:23]  
[2024/01/07 06:50:23]  Time = 1
[2024/01/07 06:50:23]  
[2024/01/07 06:50:23]  U Initial residual: (1.888370461005501e-06 3.939549910919745e-06 0.001098548895022106)
[2024/01/07 06:50:23]  U   Final residual: (8.17043316050319e-08 1.756740811591389e-07 4.4730549409271e-05)
[2024/01/07 06:50:23]  p Initial residual: 5.181099272082669e-05
[2024/01/07 06:50:23]  p   Final residual: 2.531645208667951e-06
[2024/01/07 06:50:23]  Time step continuity errors : sum local = 9.262670613352092e-06
[2024/01/07 06:50:23]                                   global = 1.622124286271938e-07
[2024/01/07 06:50:23]                               cumulative = 0.001719864889484724
[2024/01/07 06:50:23]  yPlus min: 0 max: 0 mean: 0
[2024/01/07 06:50:23]  PL-part1-totalPressure: 15.24280184073702
[2024/01/07 06:50:23]  PL-part2-totalPressure: -9.601511820174869
[2024/01/07 06:50:23]  VOLUME-part1-variableVolSum: 1.000198384401549e-05
[2024/01/07 06:50:23]  ExecutionTime = 1111.82 s  ClockTime = 2030 s
[2024/01/07 06:50:23]  
[2024/01/07 06:50:23]  Time = 26
[2024/01/07 06:50:23]  Minimal residual 9.667167169603432e-07 satisfied the prescribed tolerance 1e-06
[2024/01/07 06:50:23]  
[2024/01/07 06:50:23]  PL-part1-totalPressure: 15.24323869379836
[2024/01/07 06:50:23]  PL-part2-totalPressure: -9.601554207712413
[2024/01/07 06:50:23]  VOLUME-part1-variableVolSum: 1.000198384401549e-05
[2024/01/07 06:50:27]  Printing Primal Residual Statistics.
[2024/01/07 06:50:27]  U Residual Norm2: (0.004566828651453279 0.001650656790157452 1.129560752437395e-13)
[2024/01/07 06:50:27]  U Residual Mean: (4.520274920923376e-05 1.594447958907693e-05 1.476030037110266e-15)
[2024/01/07 06:50:27]  U Residual Max: (0.0003294908260769169 0.000160233129475218 1.251064166897346e-14)
[2024/01/07 06:50:27]  p Residual Norm2: 0.0004690013493532514
[2024/01/07 06:50:27]  p Residual Mean: 2.95870591226372e-06
[2024/01/07 06:50:27]  p Residual Max: 0.0002642998927059445
[2024/01/07 06:50:27]  phi Residual Norm2: 2.894738189126309e-06
[2024/01/07 06:50:27]  phi Residual Mean: 8.902164073750884e-09
[2024/01/07 06:50:27]  phi Residual Max: 2.149319108452352e-07
[2024/01/07 06:50:27]  End
[2024/01/07 06:50:27]  
[2024/01/07 06:50:27]  Objective Functions: 
[2024/01/07 06:50:27]  {'PL': 5.641684486085943, 'VOLUME': 1.0001983844015488e-05, 'fail': False}
[2024/01/07 06:50:27]  Flow Runtime: 3.02086
[2024/01/07 06:50:27]  
[2024/01/07 06:50:27]  
[2024/01/07 06:50:27]  +--------------------------------------------------------------------------+
[2024/01/07 06:50:27]  |                  Evaluating Objective Functions 140                      |
[2024/01/07 06:50:27]  +--------------------------------------------------------------------------+
[2024/01/07 06:50:27]  Design Variables: 
[2024/01/07 06:50:27]  OrderedDict([('alphaPorosity', array([  1.9009376040798884,   1.869187058646199 ,   1.8393649642764098,
[2024/01/07 06:50:27]         ..., 322.41794669262504  , 323.00520733284026  ,
[2024/01/07 06:50:27]         323.42116972206696  ]))])
[2024/01/07 06:50:27]  DVGeo PointSet UpToDate: False
[2024/01/07 06:50:27]  Updating DVGeo PointSet....
[2024/01/07 06:50:27]  DVGeo PointSet UpToDate: True
[2024/01/07 06:50:27]  Warping the volume mesh....
[2024/01/07 06:50:27]  Setting up primal boundary conditions based on pyOptions: 
[2024/01/07 06:50:27]  Setting primal boundary conditions...
[2024/01/07 06:50:27]  Setting U = (0.1 0 0) at inlet
[2024/01/07 06:50:27]  Setting primal boundary conditions...
[2024/01/07 06:50:27]  Setting p = 0 at outlet
[2024/01/07 06:50:27]  nuTilda not found, skip it.
[2024/01/07 06:50:27]  Setting nut wall BC for wallBoundary. BCType=nutkWallFunction
[2024/01/07 06:50:27]  Running Primal Solver 140
[2024/01/07 06:50:27]  Previous solution time 26 found and deleted.
[2024/01/07 06:50:27]  No finite volume options present
[2024/01/07 06:50:27]  
[2024/01/07 06:50:27]  Starting time loop
[2024/01/07 06:50:27]  
[2024/01/07 06:50:27]  Checking mesh quality for time = 0
[2024/01/07 06:50:27]      Overall domain bounding box (7.181318501078189e-16 -1.399990449424424e-15 -5.718082257688551e-15) (0.02999999999999962 0.01500000000001617 0.001000000000005718)
[2024/01/07 06:50:27]      Mesh has 3 geometric (non-empty/wedge) directions 3{1}
[2024/01/07 06:50:27]      Mesh has 3 solution (non-empty) directions 3{1}
[2024/01/07 06:50:27]      Boundary openness (-6.947448714353218e-18 9.793123156124281e-19 -3.04020355740097e-16) OK.
[2024/01/07 06:50:27]      Max cell openness = 3.176373552203076e-16 OK.
[2024/01/07 06:50:27]      Max aspect ratio = 3.333333333492265 OK.
[2024/01/07 06:50:27]      Minimum face area = 1.499999999935995e-07. Maximum face area = 5.000000000129904e-07.  Face area magnitudes OK.
[2024/01/07 06:50:27]      Min volume = 1.499999999944929e-10. Max volume = 1.500000000034984e-10.  Total volume = 4.500000000002841e-07.  Cell volumes OK.
[2024/01/07 06:50:27]      Mesh non-orthogonality Max: 0 average: 0
[2024/01/07 06:50:27]      Non-orthogonality check OK.
[2024/01/07 06:50:27]      Face pyramids OK.
[2024/01/07 06:50:27]      Max skewness = 9.432792296734318e-11 OK.
[2024/01/07 06:50:27]      Coupled point location match (average 0) OK.
[2024/01/07 06:50:27]  
[2024/01/07 06:50:27]  Mesh OK.
[2024/01/07 06:50:27]  
[2024/01/07 06:50:27]  Time = 1
[2024/01/07 06:50:27]  
[2024/01/07 06:50:27]  U Initial residual: (1.143715705400289e-06 2.151554539168229e-06 0.001102718276062596)
[2024/01/07 06:50:27]  U   Final residual: (4.92041320505621e-08 9.542593087638245e-08 4.373442050136231e-05)
[2024/01/07 06:50:27]  p Initial residual: 2.621419769386966e-05
[2024/01/07 06:50:27]  p   Final residual: 1.270142940710892e-06
[2024/01/07 06:50:27]  Time step continuity errors : sum local = 4.647144377456782e-06
[2024/01/07 06:50:27]                                   global = 2.464919713199691e-08
[2024/01/07 06:50:27]                               cumulative = 0.001719889538681856
[2024/01/07 06:50:27]  yPlus min: 0 max: 0 mean: 0
[2024/01/07 06:50:27]  PL-part1-totalPressure: 15.24298618501477
[2024/01/07 06:50:27]  PL-part2-totalPressure: -9.601555342586963
[2024/01/07 06:50:27]  VOLUME-part1-variableVolSum: 1.000198368642941e-05
[2024/01/07 06:50:27]  ExecutionTime = 1113.99 s  ClockTime = 2034 s
[2024/01/07 06:50:27]  
[2024/01/07 06:50:27]  Time = 19
[2024/01/07 06:50:27]  Minimal residual 9.730644172498923e-07 satisfied the prescribed tolerance 1e-06
[2024/01/07 06:50:27]  
[2024/01/07 06:50:27]  PL-part1-totalPressure: 15.24320679897382
[2024/01/07 06:50:27]  PL-part2-totalPressure: -9.601567708331244
[2024/01/07 06:50:27]  VOLUME-part1-variableVolSum: 1.000198368642941e-05
[2024/01/07 06:50:27]  Printing Primal Residual Statistics.
[2024/01/07 06:50:27]  U Residual Norm2: (0.003740109246584585 0.001271095537253185 1.166131661959965e-13)
[2024/01/07 06:50:27]  U Residual Mean: (3.822867460422782e-05 1.234837447684142e-05 1.503190893367988e-15)
[2024/01/07 06:50:27]  U Residual Max: (0.000292427207807977 0.0001159022646483043 1.150429816565971e-14)
[2024/01/07 06:50:27]  p Residual Norm2: 0.0004432849048787649
[2024/01/07 06:50:27]  p Residual Mean: 2.91263094063577e-06
[2024/01/07 06:50:27]  p Residual Max: 0.0002306743189882304
[2024/01/07 06:50:27]  phi Residual Norm2: 2.393708150604143e-06
[2024/01/07 06:50:27]  phi Residual Mean: 7.45162353276952e-09
[2024/01/07 06:50:27]  phi Residual Max: 1.816964356456263e-07
[2024/01/07 06:50:27]  End
[2024/01/07 06:50:27]  
[2024/01/07 06:50:27]  Objective Functions: 
[2024/01/07 06:50:33]  {'PL': 5.641639090642574, 'VOLUME': 1.0001983686429414e-05, 'fail': False}
[2024/01/07 06:50:33]  Flow Runtime: 2.99319
[2024/01/07 06:50:33]  
[2024/01/07 06:50:33]  
[2024/01/07 06:50:33]  +--------------------------------------------------------------------------+
[2024/01/07 06:50:33]  |                  Evaluating Objective Functions 141                      |
[2024/01/07 06:50:33]  +--------------------------------------------------------------------------+
[2024/01/07 06:50:33]  Design Variables: 
[2024/01/07 06:50:33]  OrderedDict([('alphaPorosity', array([  1.9009808507837789,   1.8692289422084265,   1.8394055064550408,
[2024/01/07 06:50:33]         ..., 322.4200618888337   , 323.0073694639254   ,
[2024/01/07 06:50:33]         323.42338465854476  ]))])
[2024/01/07 06:50:33]  DVGeo PointSet UpToDate: False
[2024/01/07 06:50:33]  Updating DVGeo PointSet....
[2024/01/07 06:50:33]  DVGeo PointSet UpToDate: True
[2024/01/07 06:50:33]  Warping the volume mesh....
[2024/01/07 06:50:33]  Setting up primal boundary conditions based on pyOptions: 
[2024/01/07 06:50:33]  Setting primal boundary conditions...
[2024/01/07 06:50:33]  Setting U = (0.1 0 0) at inlet
[2024/01/07 06:50:33]  Setting primal boundary conditions...
[2024/01/07 06:50:33]  Setting p = 0 at outlet
[2024/01/07 06:50:33]  nuTilda not found, skip it.
[2024/01/07 06:50:33]  Setting nut wall BC for wallBoundary. BCType=nutkWallFunction
[2024/01/07 06:50:33]  Running Primal Solver 141
[2024/01/07 06:50:33]  Previous solution time 19 found and deleted.
[2024/01/07 06:50:33]  No finite volume options present
[2024/01/07 06:50:33]  
[2024/01/07 06:50:33]  Starting time loop
[2024/01/07 06:50:33]  
[2024/01/07 06:50:33]  Checking mesh quality for time = 0
[2024/01/07 06:50:33]      Overall domain bounding box (7.181318501078189e-16 -1.399990449424424e-15 -5.718082257688551e-15) (0.02999999999999962 0.01500000000001617 0.001000000000005718)
[2024/01/07 06:50:33]      Mesh has 3 geometric (non-empty/wedge) directions 3{1}
[2024/01/07 06:50:33]      Mesh has 3 solution (non-empty) directions 3{1}
[2024/01/07 06:50:33]      Boundary openness (-6.947448714353218e-18 9.793123156124281e-19 -3.04020355740097e-16) OK.
[2024/01/07 06:50:33]      Max cell openness = 3.176373552203076e-16 OK.
[2024/01/07 06:50:33]      Max aspect ratio = 3.333333333492265 OK.
[2024/01/07 06:50:33]      Minimum face area = 1.499999999935995e-07. Maximum face area = 5.000000000129904e-07.  Face area magnitudes OK.
[2024/01/07 06:50:33]      Min volume = 1.499999999944929e-10. Max volume = 1.500000000034984e-10.  Total volume = 4.500000000002841e-07.  Cell volumes OK.
[2024/01/07 06:50:33]      Mesh non-orthogonality Max: 0 average: 0
[2024/01/07 06:50:33]      Non-orthogonality check OK.
[2024/01/07 06:50:33]      Face pyramids OK.
[2024/01/07 06:50:33]      Max skewness = 9.432792296734318e-11 OK.
[2024/01/07 06:50:33]      Coupled point location match (average 0) OK.
[2024/01/07 06:50:33]  
[2024/01/07 06:50:33]  Mesh OK.
[2024/01/07 06:50:33]  
[2024/01/07 06:50:33]  Time = 1
[2024/01/07 06:50:33]  
[2024/01/07 06:50:33]  U Initial residual: (7.01180268018699e-07 1.258335691746026e-06 0.001122947802067394)
[2024/01/07 06:50:33]  U   Final residual: (3.013726709061565e-08 5.773232642737124e-08 4.644660302233573e-05)
[2024/01/07 06:50:33]  p Initial residual: 1.320574412990139e-05
[2024/01/07 06:50:33]  p   Final residual: 6.287793186851174e-07
[2024/01/07 06:50:33]  Time step continuity errors : sum local = 2.300553536423707e-06
[2024/01/07 06:50:33]                                   global = -7.548701799994201e-09
[2024/01/07 06:50:33]                               cumulative = 0.001719881989980056
[2024/01/07 06:50:33]  yPlus min: 0 max: 0 mean: 0
[2024/01/07 06:50:33]  PL-part1-totalPressure: 15.24308690987869
[2024/01/07 06:50:33]  PL-part2-totalPressure: -9.60156816936345
[2024/01/07 06:50:33]  VOLUME-part1-variableVolSum: 1.000198360763638e-05
[2024/01/07 06:50:33]  ExecutionTime = 1116.16 s  ClockTime = 2039 s
[2024/01/07 06:50:33]  
[2024/01/07 06:50:33]  Time = 15
[2024/01/07 06:50:33]  Minimal residual 9.166695837776142e-07 satisfied the prescribed tolerance 1e-06
[2024/01/07 06:50:33]  
[2024/01/07 06:50:33]  PL-part1-totalPressure: 15.24321359358653
[2024/01/07 06:50:33]  PL-part2-totalPressure: -9.601573412102482
[2024/01/07 06:50:33]  VOLUME-part1-variableVolSum: 1.000198360763638e-05
[2024/01/07 06:50:33]  Printing Primal Residual Statistics.
[2024/01/07 06:50:33]  U Residual Norm2: (0.003002007309981524 0.0009755448279853936 1.153176689136707e-13)
[2024/01/07 06:50:33]  U Residual Mean: (3.125552080487427e-05 1.016475538241175e-05 1.475155705843852e-15)
[2024/01/07 06:50:33]  U Residual Max: (0.0002161495920069978 9.229225333740043e-05 9.393166768873438e-15)
[2024/01/07 06:50:33]  p Residual Norm2: 0.0003911314079265721
[2024/01/07 06:50:33]  p Residual Mean: 2.645782953073589e-06
[2024/01/07 06:50:33]  p Residual Max: 0.0001883326151856827
[2024/01/07 06:50:33]  phi Residual Norm2: 1.919625917053367e-06
[2024/01/07 06:50:33]  phi Residual Mean: 6.134437588306512e-09
[2024/01/07 06:50:33]  phi Residual Max: 1.40626136301851e-07
[2024/01/07 06:50:33]  End
[2024/01/07 06:50:33]  
[2024/01/07 06:50:33]  Objective Functions: 
[2024/01/07 06:50:33]  {'PL': 5.6416401814840444, 'VOLUME': 1.0001983607636378e-05, 'fail': False}
[2024/01/07 06:50:33]  Flow Runtime: 3.02861
[2024/01/07 06:50:33]  
[2024/01/07 06:50:33]  
[2024/01/07 06:50:33]  +--------------------------------------------------------------------------+
[2024/01/07 06:50:33]  |                  Evaluating Objective Functions 142                      |
[2024/01/07 06:50:33]  +--------------------------------------------------------------------------+
[2024/01/07 06:50:33]  Design Variables: 
[2024/01/07 06:50:33]  OrderedDict([('alphaPorosity', array([  1.901002474135724 ,   1.86924988398954  ,   1.8394257775443563,
[2024/01/07 06:50:33]         ..., 322.421119486938    , 323.00845052946795  ,
[2024/01/07 06:50:33]         323.4244921267837   ]))])
[2024/01/07 06:50:33]  DVGeo PointSet UpToDate: False
[2024/01/07 06:50:33]  Updating DVGeo PointSet....
[2024/01/07 06:50:39]  DVGeo PointSet UpToDate: True
[2024/01/07 06:50:39]  Warping the volume mesh....
[2024/01/07 06:50:39]  Setting up primal boundary conditions based on pyOptions: 
[2024/01/07 06:50:39]  Setting primal boundary conditions...
[2024/01/07 06:50:39]  Setting U = (0.1 0 0) at inlet
[2024/01/07 06:50:39]  Setting primal boundary conditions...
[2024/01/07 06:50:39]  Setting p = 0 at outlet
[2024/01/07 06:50:39]  nuTilda not found, skip it.
[2024/01/07 06:50:39]  Setting nut wall BC for wallBoundary. BCType=nutkWallFunction
[2024/01/07 06:50:39]  Running Primal Solver 142
[2024/01/07 06:50:39]  Previous solution time 15 found and deleted.
[2024/01/07 06:50:39]  No finite volume options present
[2024/01/07 06:50:39]  
[2024/01/07 06:50:39]  Starting time loop
[2024/01/07 06:50:39]  
[2024/01/07 06:50:39]  Checking mesh quality for time = 0
[2024/01/07 06:50:39]      Overall domain bounding box (7.181318501078189e-16 -1.399990449424424e-15 -5.718082257688551e-15) (0.02999999999999962 0.01500000000001617 0.001000000000005718)
[2024/01/07 06:50:39]      Mesh has 3 geometric (non-empty/wedge) directions 3{1}
[2024/01/07 06:50:39]      Mesh has 3 solution (non-empty) directions 3{1}
[2024/01/07 06:50:39]      Boundary openness (-6.947448714353218e-18 9.793123156124281e-19 -3.04020355740097e-16) OK.
[2024/01/07 06:50:39]      Max cell openness = 3.176373552203076e-16 OK.
[2024/01/07 06:50:39]      Max aspect ratio = 3.333333333492265 OK.
[2024/01/07 06:50:39]      Minimum face area = 1.499999999935995e-07. Maximum face area = 5.000000000129904e-07.  Face area magnitudes OK.
[2024/01/07 06:50:39]      Min volume = 1.499999999944929e-10. Max volume = 1.500000000034984e-10.  Total volume = 4.500000000002841e-07.  Cell volumes OK.
[2024/01/07 06:50:39]      Mesh non-orthogonality Max: 0 average: 0
[2024/01/07 06:50:39]      Non-orthogonality check OK.
[2024/01/07 06:50:39]      Face pyramids OK.
[2024/01/07 06:50:39]      Max skewness = 9.432792296734318e-11 OK.
[2024/01/07 06:50:39]      Coupled point location match (average 0) OK.
[2024/01/07 06:50:39]  
[2024/01/07 06:50:39]  Mesh OK.
[2024/01/07 06:50:39]  
[2024/01/07 06:50:39]  Time = 1
[2024/01/07 06:50:39]  
[2024/01/07 06:50:39]  U Initial residual: (4.436525774918346e-07 7.91895765886145e-07 0.001101742715853673)
[2024/01/07 06:50:39]  U   Final residual: (1.908221037347408e-08 3.655691077229382e-08 4.705390493658584e-05)
[2024/01/07 06:50:39]  p Initial residual: 6.707291532889559e-06
[2024/01/07 06:50:39]  p   Final residual: 3.14421420792549e-07
[2024/01/07 06:50:39]  Time step continuity errors : sum local = 1.15039556400693e-06
[2024/01/07 06:50:39]                                   global = -3.365384956426574e-09
[2024/01/07 06:50:39]                               cumulative = 0.0017198786245951
[2024/01/07 06:50:39]  yPlus min: 0 max: 0 mean: 0
[2024/01/07 06:50:39]  PL-part1-totalPressure: 15.24315395563066
[2024/01/07 06:50:39]  PL-part2-totalPressure: -9.601573703111574
[2024/01/07 06:50:39]  VOLUME-part1-variableVolSum: 1.000198356823986e-05
[2024/01/07 06:50:39]  ExecutionTime = 1118.32 s  ClockTime = 2043 s
[2024/01/07 06:50:39]  
[2024/01/07 06:50:39]  Time = 11
[2024/01/07 06:50:39]  Minimal residual 8.623363156095414e-07 satisfied the prescribed tolerance 1e-06
[2024/01/07 06:50:39]  
[2024/01/07 06:50:39]  PL-part1-totalPressure: 15.24321017194375
[2024/01/07 06:50:39]  PL-part2-totalPressure: -9.601576001922746
[2024/01/07 06:50:39]  VOLUME-part1-variableVolSum: 1.000198356823986e-05
[2024/01/07 06:50:39]  Printing Primal Residual Statistics.
[2024/01/07 06:50:39]  U Residual Norm2: (0.002489646288647384 0.000837252399811786 1.143106337835734e-13)
[2024/01/07 06:50:39]  U Residual Mean: (2.573492270235434e-05 8.548681253119209e-06 1.486417923128837e-15)
[2024/01/07 06:50:39]  U Residual Max: (0.0001741362625073961 7.530533627209124e-05 1.002070026467084e-14)
[2024/01/07 06:50:39]  p Residual Norm2: 0.0003599994901821433
[2024/01/07 06:50:39]  p Residual Mean: 2.429835235657861e-06
[2024/01/07 06:50:39]  p Residual Max: 0.0001541915244225424
[2024/01/07 06:50:39]  phi Residual Norm2: 1.602279668467737e-06
[2024/01/07 06:50:39]  phi Residual Mean: 5.128136760681336e-09
[2024/01/07 06:50:39]  phi Residual Max: 1.158714697884596e-07
[2024/01/07 06:50:39]  End
[2024/01/07 06:50:39]  
[2024/01/07 06:50:39]  Objective Functions: 
[2024/01/07 06:50:39]  {'PL': 5.6416341700210015, 'VOLUME': 1.0001983568239864e-05, 'fail': False}
[2024/01/07 06:50:39]  Flow Runtime: 2.97178
[2024/01/07 06:50:39]  
[2024/01/07 06:50:39]  
[2024/01/07 06:50:39]  +--------------------------------------------------------------------------+
[2024/01/07 06:50:39]  |              Evaluating Objective Function Sensitivities 047             |
[2024/01/07 06:50:39]  +--------------------------------------------------------------------------+
[2024/01/07 06:50:39]  writeDeformedFFDs is deprecated since v3.0.1!
[2024/01/07 06:50:39]  Moving time 11 to 0.00000047
[2024/01/07 06:50:39]  Running adjoint Solver 047
[2024/01/07 06:50:39]  dRdWT Jacobian Free created!
[2024/01/07 06:50:39]  Solver Type: gmres
[2024/01/07 06:50:39]  GMRES Restart: 2000
[2024/01/07 06:50:39]  ASM Overlap: 1
[2024/01/07 06:50:39]  Global PC Iters: 0
[2024/01/07 06:50:39]  Local PC Iters: 1
[2024/01/07 06:50:39]  Mat ReOrdering: rcm
[2024/01/07 06:50:39]  ILU PC Fill Level: 1
[2024/01/07 06:50:39]  GMRES Max Iterations: 2000
[2024/01/07 06:50:39]  GMRES Relative Tolerance: 1e-06
[2024/01/07 06:50:39]  GMRES Absolute Tolerance: 1e-14
[2024/01/07 06:50:39]  Calculating dFdW using reverse-mode AD
[2024/01/07 06:50:39]      Adding all faces of patches 1(inlet) ...
[2024/01/07 06:50:39]      Found matching patch inlet with 0 faces.
[2024/01/07 06:50:39]      Adding all faces of patches 1(outlet) ...
[2024/01/07 06:50:39]      Found matching patch outlet with 0 faces.
[2024/01/07 06:50:39]  Solving Linear Equation... 2045 s
[2024/01/07 06:50:39]  Main iteration 0 KSP Residual norm 1.968238739102e+00 2045 s
[2024/01/07 06:50:39]  Main iteration 44 KSP Residual norm 1.245307368261e-06 2046 s 
[2024/01/07 06:50:39]  Total iterations 44
[2024/01/07 06:50:39]  Solving Linear Equation... Completed! 2046 s
[2024/01/07 06:50:39]  Residual tolerance satisfied, solution finished!
[2024/01/07 06:50:39]  Calculating dFdW using reverse-mode AD
[2024/01/07 06:50:44]      Adding cells with centre within boxes 1((-50 -50 -50) (50 50 50))
[2024/01/07 06:50:44]  Solving Linear Equation... 2046 s
[2024/01/07 06:50:44]  Main iteration 0 KSP Residual norm 0.000000000000e+00 2046 s
[2024/01/07 06:50:44]  Main iteration 0 KSP Residual norm 0.000000000000e+00 2046 s 
[2024/01/07 06:50:44]  Total iterations 0
[2024/01/07 06:50:44]  Solving Linear Equation... Completed! 2046 s
[2024/01/07 06:50:44]  Residual tolerance satisfied, solution finished!
[2024/01/07 06:50:44]  Computing total derivatives....
[2024/01/07 06:50:44]  Computing total derivatives for alphaPorosity
[2024/01/07 06:50:44]  Calculating dFdField using reverse-mode AD for alphaPorosity
[2024/01/07 06:50:44]      Adding all faces of patches 1(inlet) ...
[2024/01/07 06:50:44]      Found matching patch inlet with 0 faces.
[2024/01/07 06:50:44]      Adding all faces of patches 1(outlet) ...
[2024/01/07 06:50:44]      Found matching patch outlet with 0 faces.
[2024/01/07 06:50:44]  Calculating [dRdField]^T * Psi using reverse-mode AD
[2024/01/07 06:50:44]  Calculating dFdField using reverse-mode AD for alphaPorosity
[2024/01/07 06:50:44]      Adding cells with centre within boxes 1((-50 -50 -50) (50 50 50))
[2024/01/07 06:50:44]  Calculating [dRdField]^T * Psi using reverse-mode AD
[2024/01/07 06:50:44]  Objective Function Sensitivity: 
[2024/01/07 06:50:44]  {'PL': {'alphaPorosity': array([ 0.0009282835549756,  0.0009441423548223,  0.0009595357712306, ...,
[2024/01/07 06:50:44]         -0.0000002090047211, -0.0000002189990019, -0.0000002260445862])}, 'VOLUME': {'alphaPorosity': array([0.000000000025, 0.000000000025, 0.000000000025, ...,
[2024/01/07 06:50:44]         0.000000000025, 0.000000000025, 0.000000000025])}, 'fail': False}
[2024/01/07 06:50:44]  Adjoint Runtime: 3.8149 s
[2024/01/07 06:50:44]    46  5.6416342e+00 0.00e+00 2.85e-02  -2.8 2.06e-04    -  1.00e+00 3.12e-02f  6
[2024/01/07 06:50:44]  
[2024/01/07 06:50:44]  
[2024/01/07 06:50:44]  +--------------------------------------------------------------------------+
[2024/01/07 06:50:44]  |                  Evaluating Objective Functions 143                      |
[2024/01/07 06:50:44]  +--------------------------------------------------------------------------+
[2024/01/07 06:50:44]  Design Variables: 
[2024/01/07 06:50:44]  OrderedDict([('alphaPorosity', array([  1.9003087987470415,   1.868578133518167 ,   1.8387755963806256,
[2024/01/07 06:50:44]         ..., 322.38747552511035  , 322.97405948769995  ,
[2024/01/07 06:50:44]         323.3892607305049   ]))])
[2024/01/07 06:50:44]  DVGeo PointSet UpToDate: False
[2024/01/07 06:50:44]  Updating DVGeo PointSet....
[2024/01/07 06:50:44]  DVGeo PointSet UpToDate: True
[2024/01/07 06:50:44]  Warping the volume mesh....
[2024/01/07 06:50:44]  Setting up primal boundary conditions based on pyOptions: 
[2024/01/07 06:50:44]  Setting primal boundary conditions...
[2024/01/07 06:50:44]  Setting U = (0.1 0 0) at inlet
[2024/01/07 06:50:44]  Setting primal boundary conditions...
[2024/01/07 06:50:44]  Setting p = 0 at outlet
[2024/01/07 06:50:44]  nuTilda not found, skip it.
[2024/01/07 06:50:44]  Setting nut wall BC for wallBoundary. BCType=nutkWallFunction
[2024/01/07 06:50:44]  Running Primal Solver 143
[2024/01/07 06:50:44]  Previous solution time 11 not found and nothing deleted.
[2024/01/07 06:50:44]  No finite volume options present
[2024/01/07 06:50:44]  
[2024/01/07 06:50:44]  Starting time loop
[2024/01/07 06:50:44]  
[2024/01/07 06:50:44]  Checking mesh quality for time = 0
[2024/01/07 06:50:44]      Overall domain bounding box (7.181318501078189e-16 -1.399990449424424e-15 -5.718082257688551e-15) (0.02999999999999962 0.01500000000001617 0.001000000000005718)
[2024/01/07 06:50:44]      Mesh has 3 geometric (non-empty/wedge) directions 3{1}
[2024/01/07 06:50:44]      Mesh has 3 solution (non-empty) directions 3{1}
[2024/01/07 06:50:44]      Boundary openness (-6.947448714353218e-18 9.793123156124281e-19 -3.04020355740097e-16) OK.
[2024/01/07 06:50:44]      Max cell openness = 3.176373552203076e-16 OK.
[2024/01/07 06:50:44]      Max aspect ratio = 3.333333333492265 OK.
[2024/01/07 06:50:44]      Minimum face area = 1.499999999935995e-07. Maximum face area = 5.000000000129904e-07.  Face area magnitudes OK.
[2024/01/07 06:50:44]      Min volume = 1.499999999944929e-10. Max volume = 1.500000000034984e-10.  Total volume = 4.500000000002841e-07.  Cell volumes OK.
[2024/01/07 06:50:44]      Mesh non-orthogonality Max: 0 average: 0
[2024/01/07 06:50:44]      Non-orthogonality check OK.
[2024/01/07 06:50:44]      Face pyramids OK.
[2024/01/07 06:50:44]      Max skewness = 9.432792296734318e-11 OK.
[2024/01/07 06:50:44]      Coupled point location match (average 0) OK.
[2024/01/07 06:50:44]  
[2024/01/07 06:50:44]  Mesh OK.
[2024/01/07 06:50:44]  
[2024/01/07 06:50:44]  Time = 1
[2024/01/07 06:50:44]  
[2024/01/07 06:50:44]  U Initial residual: (6.038591313117872e-06 1.192727920972056e-05 0.001110648635392674)
[2024/01/07 06:50:44]  U   Final residual: (2.677379352271867e-07 5.463795860397036e-07 4.596308082915798e-05)
[2024/01/07 06:50:44]  p Initial residual: 0.0002049881634860627
[2024/01/07 06:50:44]  p   Final residual: 1.013268473956156e-05
[2024/01/07 06:50:44]  Time step continuity errors : sum local = 3.707583661296515e-05
[2024/01/07 06:50:44]                                   global = -6.722956336544787e-07
[2024/01/07 06:50:44]                               cumulative = 0.001719206328961445
[2024/01/07 06:50:44]  yPlus min: 0 max: 0 mean: 0
[2024/01/07 06:50:44]  PL-part1-totalPressure: 15.24532840857572
[2024/01/07 06:50:44]  PL-part2-totalPressure: -9.60157554984715
[2024/01/07 06:50:44]  VOLUME-part1-variableVolSum: 1.000198482607928e-05
[2024/01/07 06:50:44]  ExecutionTime = 1123.76 s  ClockTime = 2052 s
[2024/01/07 06:50:44]  
[2024/01/07 06:50:44]  Time = 43
[2024/01/07 06:50:44]  Minimal residual 9.762744144542634e-07 satisfied the prescribed tolerance 1e-06
[2024/01/07 06:50:44]  
[2024/01/07 06:50:50]  PL-part1-totalPressure: 15.24392444393165
[2024/01/07 06:50:50]  PL-part2-totalPressure: -9.601487215979503
[2024/01/07 06:50:50]  VOLUME-part1-variableVolSum: 1.000198482607928e-05
[2024/01/07 06:50:50]  Printing Primal Residual Statistics.
[2024/01/07 06:50:50]  U Residual Norm2: (0.007302853445336386 0.003175427551642426 1.143461406127769e-13)
[2024/01/07 06:50:50]  U Residual Mean: (6.491036042881733e-05 2.890047005332657e-05 1.478025286780933e-15)
[2024/01/07 06:50:50]  U Residual Max: (0.0005572611753910106 0.0002536398016794728 1.004248795095579e-14)
[2024/01/07 06:50:50]  p Residual Norm2: 0.0004190759183563034
[2024/01/07 06:50:50]  p Residual Mean: 3.009170830017446e-06
[2024/01/07 06:50:50]  p Residual Max: 0.0001905127783662841
[2024/01/07 06:50:50]  phi Residual Norm2: 4.62048550179312e-06
[2024/01/07 06:50:50]  phi Residual Mean: 1.328987463821493e-08
[2024/01/07 06:50:50]  phi Residual Max: 3.486773570194726e-07
[2024/01/07 06:50:50]  End
[2024/01/07 06:50:50]  
[2024/01/07 06:50:50]  Objective Functions: 
[2024/01/07 06:50:50]  {'PL': 5.642437227952147, 'VOLUME': 1.0001984826079285e-05, 'fail': False}
[2024/01/07 06:50:50]  Flow Runtime: 2.98479
[2024/01/07 06:50:50]  
[2024/01/07 06:50:50]  
[2024/01/07 06:50:50]  +--------------------------------------------------------------------------+
[2024/01/07 06:50:50]  |                  Evaluating Objective Functions 144                      |
[2024/01/07 06:50:50]  +--------------------------------------------------------------------------+
[2024/01/07 06:50:50]  Design Variables: 
[2024/01/07 06:50:50]  OrderedDict([('alphaPorosity', array([  1.900655636441383 ,   1.8689140087538536,   1.8391006869624908,
[2024/01/07 06:50:50]         ..., 322.4042975060242   , 322.99125500858395  ,
[2024/01/07 06:50:50]         323.4068764286443   ]))])
[2024/01/07 06:50:50]  DVGeo PointSet UpToDate: False
[2024/01/07 06:50:50]  Updating DVGeo PointSet....
[2024/01/07 06:50:50]  DVGeo PointSet UpToDate: True
[2024/01/07 06:50:50]  Warping the volume mesh....
[2024/01/07 06:50:50]  Setting up primal boundary conditions based on pyOptions: 
[2024/01/07 06:50:50]  Setting primal boundary conditions...
[2024/01/07 06:50:50]  Setting U = (0.1 0 0) at inlet
[2024/01/07 06:50:50]  Setting primal boundary conditions...
[2024/01/07 06:50:50]  Setting p = 0 at outlet
[2024/01/07 06:50:50]  nuTilda not found, skip it.
[2024/01/07 06:50:50]  Setting nut wall BC for wallBoundary. BCType=nutkWallFunction
[2024/01/07 06:50:50]  Running Primal Solver 144
[2024/01/07 06:50:50]  Previous solution time 43 found and deleted.
[2024/01/07 06:50:50]  No finite volume options present
[2024/01/07 06:50:50]  
[2024/01/07 06:50:50]  Starting time loop
[2024/01/07 06:50:50]  
[2024/01/07 06:50:50]  Checking mesh quality for time = 0
[2024/01/07 06:50:50]      Overall domain bounding box (7.181318501078189e-16 -1.399990449424424e-15 -5.718082257688551e-15) (0.02999999999999962 0.01500000000001617 0.001000000000005718)
[2024/01/07 06:50:50]      Mesh has 3 geometric (non-empty/wedge) directions 3{1}
[2024/01/07 06:50:50]      Mesh has 3 solution (non-empty) directions 3{1}
[2024/01/07 06:50:50]      Boundary openness (-6.947448714353218e-18 9.793123156124281e-19 -3.04020355740097e-16) OK.
[2024/01/07 06:50:50]      Max cell openness = 3.176373552203076e-16 OK.
[2024/01/07 06:50:50]      Max aspect ratio = 3.333333333492265 OK.
[2024/01/07 06:50:50]      Minimum face area = 1.499999999935995e-07. Maximum face area = 5.000000000129904e-07.  Face area magnitudes OK.
[2024/01/07 06:50:50]      Min volume = 1.499999999944929e-10. Max volume = 1.500000000034984e-10.  Total volume = 4.500000000002841e-07.  Cell volumes OK.
[2024/01/07 06:50:50]      Mesh non-orthogonality Max: 0 average: 0
[2024/01/07 06:50:50]      Non-orthogonality check OK.
[2024/01/07 06:50:50]      Face pyramids OK.
[2024/01/07 06:50:50]      Max skewness = 9.432792296734318e-11 OK.
[2024/01/07 06:50:50]      Coupled point location match (average 0) OK.
[2024/01/07 06:50:50]  
[2024/01/07 06:50:50]  Mesh OK.
[2024/01/07 06:50:50]  
[2024/01/07 06:50:50]  Time = 1
[2024/01/07 06:50:50]  
[2024/01/07 06:50:50]  U Initial residual: (3.287175406760276e-06 7.05223645622015e-06 0.00110400358479072)
[2024/01/07 06:50:50]  U   Final residual: (1.384544671476737e-07 3.134955199768796e-07 4.502412155779152e-05)
[2024/01/07 06:50:50]  p Initial residual: 0.0001024367430408865
[2024/01/07 06:50:50]  p   Final residual: 5.050286137286572e-06
[2024/01/07 06:50:50]  Time step continuity errors : sum local = 1.847845445631366e-05
[2024/01/07 06:50:50]                                   global = 3.673555745580741e-07
[2024/01/07 06:50:50]                               cumulative = 0.001719573684536003
[2024/01/07 06:50:50]  yPlus min: 0 max: 0 mean: 0
[2024/01/07 06:50:50]  PL-part1-totalPressure: 15.2428610364676
[2024/01/07 06:50:50]  PL-part2-totalPressure: -9.601486391875669
[2024/01/07 06:50:50]  VOLUME-part1-variableVolSum: 1.000198419715957e-05
[2024/01/07 06:50:50]  ExecutionTime = 1126.72 s  ClockTime = 2058 s
[2024/01/07 06:50:50]  
[2024/01/07 06:50:50]  Time = 34
[2024/01/07 06:50:50]  Minimal residual 9.775142322930259e-07 satisfied the prescribed tolerance 1e-06
[2024/01/07 06:50:50]  
[2024/01/07 06:50:50]  PL-part1-totalPressure: 15.243334791222
[2024/01/07 06:50:50]  PL-part2-totalPressure: -9.60150840648703
[2024/01/07 06:50:50]  VOLUME-part1-variableVolSum: 1.000198419715957e-05
[2024/01/07 06:50:50]  Printing Primal Residual Statistics.
[2024/01/07 06:50:50]  U Residual Norm2: (0.004808211846010304 0.002474850534280262 1.142087271572849e-13)
[2024/01/07 06:50:50]  U Residual Mean: (4.494453791349324e-05 2.368110633982784e-05 1.476259701002614e-15)
[2024/01/07 06:50:50]  U Residual Max: (0.0004005837788623179 0.0001895827797463445 9.935977037874425e-15)
[2024/01/07 06:50:50]  p Residual Norm2: 0.0004097796683173217
[2024/01/07 06:50:50]  p Residual Mean: 2.812064278882903e-06
[2024/01/07 06:50:50]  p Residual Max: 0.0001436553356319599
[2024/01/07 06:50:50]  phi Residual Norm2: 3.159937435806213e-06
[2024/01/07 06:50:50]  phi Residual Mean: 9.746947725868991e-09
[2024/01/07 06:50:56]  phi Residual Max: 2.500157103239457e-07
[2024/01/07 06:50:56]  End
[2024/01/07 06:50:56]  
[2024/01/07 06:50:56]  Objective Functions: 
[2024/01/07 06:50:56]  {'PL': 5.641826384734966, 'VOLUME': 1.0001984197159575e-05, 'fail': False}
[2024/01/07 06:50:56]  Flow Runtime: 3.08494
[2024/01/07 06:50:56]  
[2024/01/07 06:50:56]  
[2024/01/07 06:50:56]  +--------------------------------------------------------------------------+
[2024/01/07 06:50:56]  |                  Evaluating Objective Functions 145                      |
[2024/01/07 06:50:56]  +--------------------------------------------------------------------------+
[2024/01/07 06:50:56]  Design Variables: 
[2024/01/07 06:50:56]  OrderedDict([('alphaPorosity', array([  1.9008290552885536,   1.8690819463716968,   1.8392632322534237,
[2024/01/07 06:50:56]         ..., 322.4127084964811   , 322.99985276902595  ,
[2024/01/07 06:50:56]         323.41568427771404  ]))])
[2024/01/07 06:50:56]  DVGeo PointSet UpToDate: False
[2024/01/07 06:50:56]  Updating DVGeo PointSet....
[2024/01/07 06:50:56]  DVGeo PointSet UpToDate: True
[2024/01/07 06:50:56]  Warping the volume mesh....
[2024/01/07 06:50:56]  Setting up primal boundary conditions based on pyOptions: 
[2024/01/07 06:50:56]  Setting primal boundary conditions...
[2024/01/07 06:50:56]  Setting U = (0.1 0 0) at inlet
[2024/01/07 06:50:56]  Setting primal boundary conditions...
[2024/01/07 06:50:56]  Setting p = 0 at outlet
[2024/01/07 06:50:56]  nuTilda not found, skip it.
[2024/01/07 06:50:56]  Setting nut wall BC for wallBoundary. BCType=nutkWallFunction
[2024/01/07 06:50:56]  Running Primal Solver 145
[2024/01/07 06:50:56]  Previous solution time 34 found and deleted.
[2024/01/07 06:50:56]  No finite volume options present
[2024/01/07 06:50:56]  
[2024/01/07 06:50:56]  Starting time loop
[2024/01/07 06:50:56]  
[2024/01/07 06:50:56]  Checking mesh quality for time = 0
[2024/01/07 06:50:56]      Overall domain bounding box (7.181318501078189e-16 -1.399990449424424e-15 -5.718082257688551e-15) (0.02999999999999962 0.01500000000001617 0.001000000000005718)
[2024/01/07 06:50:56]      Mesh has 3 geometric (non-empty/wedge) directions 3{1}
[2024/01/07 06:50:56]      Mesh has 3 solution (non-empty) directions 3{1}
[2024/01/07 06:50:56]      Boundary openness (-6.947448714353218e-18 9.793123156124281e-19 -3.04020355740097e-16) OK.
[2024/01/07 06:50:56]      Max cell openness = 3.176373552203076e-16 OK.
[2024/01/07 06:50:56]      Max aspect ratio = 3.333333333492265 OK.
[2024/01/07 06:50:56]      Minimum face area = 1.499999999935995e-07. Maximum face area = 5.000000000129904e-07.  Face area magnitudes OK.
[2024/01/07 06:50:56]      Min volume = 1.499999999944929e-10. Max volume = 1.500000000034984e-10.  Total volume = 4.500000000002841e-07.  Cell volumes OK.
[2024/01/07 06:50:56]      Mesh non-orthogonality Max: 0 average: 0
[2024/01/07 06:50:56]      Non-orthogonality check OK.
[2024/01/07 06:50:56]      Face pyramids OK.
[2024/01/07 06:50:56]      Max skewness = 9.432792296734318e-11 OK.
[2024/01/07 06:50:56]      Coupled point location match (average 0) OK.
[2024/01/07 06:50:56]  
[2024/01/07 06:50:56]  Mesh OK.
[2024/01/07 06:50:56]  
[2024/01/07 06:50:56]  Time = 1
[2024/01/07 06:50:56]  
[2024/01/07 06:50:56]  U Initial residual: (1.87695162484159e-06 3.914741450268864e-06 0.001102354565573701)
[2024/01/07 06:50:56]  U   Final residual: (8.141218131964017e-08 1.751346477101021e-07 4.521678222552128e-05)
[2024/01/07 06:50:56]  p Initial residual: 5.137542951962065e-05
[2024/01/07 06:50:56]  p   Final residual: 2.516182776176224e-06
[2024/01/07 06:50:56]  Time step continuity errors : sum local = 9.206104927194959e-06
[2024/01/07 06:50:56]                                   global = 1.600254751053183e-07
[2024/01/07 06:50:56]                               cumulative = 0.001719733710011108
[2024/01/07 06:50:56]  yPlus min: 0 max: 0 mean: 0
[2024/01/07 06:50:56]  PL-part1-totalPressure: 15.24281555326246
[2024/01/07 06:50:56]  PL-part2-totalPressure: -9.60150952666082
[2024/01/07 06:50:56]  VOLUME-part1-variableVolSum: 1.000198388269972e-05
[2024/01/07 06:50:56]  ExecutionTime = 1129.07 s  ClockTime = 2062 s
[2024/01/07 06:50:56]  
[2024/01/07 06:50:56]  Time = 26
[2024/01/07 06:50:56]  Minimal residual 9.63163373473218e-07 satisfied the prescribed tolerance 1e-06
[2024/01/07 06:50:56]  
[2024/01/07 06:50:56]  PL-part1-totalPressure: 15.24325030907723
[2024/01/07 06:50:56]  PL-part2-totalPressure: -9.601551403069802
[2024/01/07 06:50:56]  VOLUME-part1-variableVolSum: 1.000198388269972e-05
[2024/01/07 06:50:56]  Printing Primal Residual Statistics.
[2024/01/07 06:50:56]  U Residual Norm2: (0.004552665984072196 0.001646294022658974 1.152021862648615e-13)
[2024/01/07 06:50:56]  U Residual Mean: (4.506799981975616e-05 1.59129921793752e-05 1.495767629220902e-15)
[2024/01/07 06:50:56]  U Residual Max: (0.0003285029786670446 0.0001591302800931782 9.939809088046201e-15)
[2024/01/07 06:50:56]  p Residual Norm2: 0.0004657764746323385
[2024/01/07 06:50:56]  p Residual Mean: 2.947815537998716e-06
[2024/01/07 06:50:56]  p Residual Max: 0.0002616992822447186
[2024/01/07 06:50:56]  phi Residual Norm2: 2.885966200633027e-06
[2024/01/07 06:50:56]  phi Residual Mean: 8.877367771035383e-09
[2024/01/07 06:50:56]  phi Residual Max: 2.141472175641354e-07
[2024/01/07 06:50:56]  End
[2024/01/07 06:50:56]  
[2024/01/07 06:50:56]  Objective Functions: 
[2024/01/07 06:50:56]  {'PL': 5.6416989060074325, 'VOLUME': 1.0001983882699724e-05, 'fail': False}
[2024/01/07 06:50:56]  Flow Runtime: 3.08912
[2024/01/07 06:50:56]  
[2024/01/07 06:50:56]  
[2024/01/07 06:50:56]  +--------------------------------------------------------------------------+
[2024/01/07 06:50:56]  |                  Evaluating Objective Functions 146                      |
[2024/01/07 06:50:56]  +--------------------------------------------------------------------------+
[2024/01/07 06:50:56]  Design Variables: 
[2024/01/07 06:50:56]  OrderedDict([('alphaPorosity', array([  1.9009157647121386,   1.8691659151806186,   1.8393445048988901,
[2024/01/07 06:50:56]         ..., 322.4169139917096   , 323.004151649247    ,
[2024/01/07 06:50:56]         323.42008820224885  ]))])
[2024/01/07 06:51:01]  DVGeo PointSet UpToDate: False
[2024/01/07 06:51:01]  Updating DVGeo PointSet....
[2024/01/07 06:51:01]  DVGeo PointSet UpToDate: True
[2024/01/07 06:51:01]  Warping the volume mesh....
[2024/01/07 06:51:01]  Setting up primal boundary conditions based on pyOptions: 
[2024/01/07 06:51:01]  Setting primal boundary conditions...
[2024/01/07 06:51:01]  Setting U = (0.1 0 0) at inlet
[2024/01/07 06:51:01]  Setting primal boundary conditions...
[2024/01/07 06:51:01]  Setting p = 0 at outlet
[2024/01/07 06:51:01]  nuTilda not found, skip it.
[2024/01/07 06:51:01]  Setting nut wall BC for wallBoundary. BCType=nutkWallFunction
[2024/01/07 06:51:01]  Running Primal Solver 146
[2024/01/07 06:51:01]  Previous solution time 26 found and deleted.
[2024/01/07 06:51:01]  No finite volume options present
[2024/01/07 06:51:01]  
[2024/01/07 06:51:01]  Starting time loop
[2024/01/07 06:51:01]  
[2024/01/07 06:51:01]  Checking mesh quality for time = 0
[2024/01/07 06:51:01]      Overall domain bounding box (7.181318501078189e-16 -1.399990449424424e-15 -5.718082257688551e-15) (0.02999999999999962 0.01500000000001617 0.001000000000005718)
[2024/01/07 06:51:01]      Mesh has 3 geometric (non-empty/wedge) directions 3{1}
[2024/01/07 06:51:01]      Mesh has 3 solution (non-empty) directions 3{1}
[2024/01/07 06:51:01]      Boundary openness (-6.947448714353218e-18 9.793123156124281e-19 -3.04020355740097e-16) OK.
[2024/01/07 06:51:01]      Max cell openness = 3.176373552203076e-16 OK.
[2024/01/07 06:51:01]      Max aspect ratio = 3.333333333492265 OK.
[2024/01/07 06:51:01]      Minimum face area = 1.499999999935995e-07. Maximum face area = 5.000000000129904e-07.  Face area magnitudes OK.
[2024/01/07 06:51:01]      Min volume = 1.499999999944929e-10. Max volume = 1.500000000034984e-10.  Total volume = 4.500000000002841e-07.  Cell volumes OK.
[2024/01/07 06:51:01]      Mesh non-orthogonality Max: 0 average: 0
[2024/01/07 06:51:01]      Non-orthogonality check OK.
[2024/01/07 06:51:01]      Face pyramids OK.
[2024/01/07 06:51:01]      Max skewness = 9.432792296734318e-11 OK.
[2024/01/07 06:51:01]      Coupled point location match (average 0) OK.
[2024/01/07 06:51:01]  
[2024/01/07 06:51:01]  Mesh OK.
[2024/01/07 06:51:01]  
[2024/01/07 06:51:01]  Time = 1
[2024/01/07 06:51:01]  
[2024/01/07 06:51:01]  U Initial residual: (1.137733982829556e-06 2.140903198423644e-06 0.001117137416915178)
[2024/01/07 06:51:01]  U   Final residual: (4.903326858834468e-08 9.520462911733615e-08 4.391341280329666e-05)
[2024/01/07 06:51:01]  p Initial residual: 2.59952739378926e-05
[2024/01/07 06:51:01]  p   Final residual: 1.262260268602566e-06
[2024/01/07 06:51:01]  Time step continuity errors : sum local = 4.618308126911055e-06
[2024/01/07 06:51:01]                                   global = 2.426514220440174e-08
[2024/01/07 06:51:01]                               cumulative = 0.001719757975153313
[2024/01/07 06:51:01]  yPlus min: 0 max: 0 mean: 0
[2024/01/07 06:51:01]  PL-part1-totalPressure: 15.24299896081555
[2024/01/07 06:51:01]  PL-part2-totalPressure: -9.601552531862717
[2024/01/07 06:51:01]  VOLUME-part1-variableVolSum: 1.000198372546979e-05
[2024/01/07 06:51:01]  ExecutionTime = 1131.38 s  ClockTime = 2067 s
[2024/01/07 06:51:01]  
[2024/01/07 06:51:01]  Time = 19
[2024/01/07 06:51:01]  Minimal residual 9.6957856446945e-07 satisfied the prescribed tolerance 1e-06
[2024/01/07 06:51:01]  
[2024/01/07 06:51:01]  PL-part1-totalPressure: 15.24321869917726
[2024/01/07 06:51:01]  PL-part2-totalPressure: -9.601564849302411
[2024/01/07 06:51:01]  VOLUME-part1-variableVolSum: 1.000198372546979e-05
[2024/01/07 06:51:01]  Printing Primal Residual Statistics.
[2024/01/07 06:51:01]  U Residual Norm2: (0.003728931550531846 0.001267687782427398 1.152952490420711e-13)
[2024/01/07 06:51:01]  U Residual Mean: (3.812061853852134e-05 1.232053295532471e-05 1.470041471834087e-15)
[2024/01/07 06:51:01]  U Residual Max: (0.0002915246784309655 0.0001152901743181056 1.139483743468048e-14)
[2024/01/07 06:51:01]  p Residual Norm2: 0.0004413647126453893
[2024/01/07 06:51:01]  p Residual Mean: 2.902805128812543e-06
[2024/01/07 06:51:01]  p Residual Max: 0.0002292208844668621
[2024/01/07 06:51:01]  phi Residual Norm2: 2.386590606050563e-06
[2024/01/07 06:51:01]  phi Residual Mean: 7.431276171456455e-09
[2024/01/07 06:51:01]  phi Residual Max: 1.81108058528967e-07
[2024/01/07 06:51:01]  End
[2024/01/07 06:51:01]  
[2024/01/07 06:51:01]  Objective Functions: 
[2024/01/07 06:51:01]  {'PL': 5.641653849874853, 'VOLUME': 1.0001983725469791e-05, 'fail': False}
[2024/01/07 06:51:01]  Flow Runtime: 3.002
[2024/01/07 06:51:01]  
[2024/01/07 06:51:01]  
[2024/01/07 06:51:01]  +--------------------------------------------------------------------------+
[2024/01/07 06:51:01]  |                  Evaluating Objective Functions 147                      |
[2024/01/07 06:51:01]  +--------------------------------------------------------------------------+
[2024/01/07 06:51:01]  Design Variables: 
[2024/01/07 06:51:01]  OrderedDict([('alphaPorosity', array([  1.9009591194239315,   1.8692078995850794,   1.8393851412216233,
[2024/01/07 06:51:01]         ..., 322.4190167393238   , 323.00630108935746  ,
[2024/01/07 06:51:01]         323.42229016451626  ]))])
[2024/01/07 06:51:01]  DVGeo PointSet UpToDate: False
[2024/01/07 06:51:01]  Updating DVGeo PointSet....
[2024/01/07 06:51:01]  DVGeo PointSet UpToDate: True
[2024/01/07 06:51:01]  Warping the volume mesh....
[2024/01/07 06:51:01]  Setting up primal boundary conditions based on pyOptions: 
[2024/01/07 06:51:01]  Setting primal boundary conditions...
[2024/01/07 06:51:01]  Setting U = (0.1 0 0) at inlet
[2024/01/07 06:51:01]  Setting primal boundary conditions...
[2024/01/07 06:51:01]  Setting p = 0 at outlet
[2024/01/07 06:51:01]  nuTilda not found, skip it.
[2024/01/07 06:51:01]  Setting nut wall BC for wallBoundary. BCType=nutkWallFunction
[2024/01/07 06:51:01]  Running Primal Solver 147
[2024/01/07 06:51:01]  Previous solution time 19 found and deleted.
[2024/01/07 06:51:01]  No finite volume options present
[2024/01/07 06:51:01]  
[2024/01/07 06:51:01]  Starting time loop
[2024/01/07 06:51:01]  
[2024/01/07 06:51:01]  Checking mesh quality for time = 0
[2024/01/07 06:51:06]      Overall domain bounding box (7.181318501078189e-16 -1.399990449424424e-15 -5.718082257688551e-15) (0.02999999999999962 0.01500000000001617 0.001000000000005718)
[2024/01/07 06:51:06]      Mesh has 3 geometric (non-empty/wedge) directions 3{1}
[2024/01/07 06:51:06]      Mesh has 3 solution (non-empty) directions 3{1}
[2024/01/07 06:51:06]      Boundary openness (-6.947448714353218e-18 9.793123156124281e-19 -3.04020355740097e-16) OK.
[2024/01/07 06:51:06]      Max cell openness = 3.176373552203076e-16 OK.
[2024/01/07 06:51:06]      Max aspect ratio = 3.333333333492265 OK.
[2024/01/07 06:51:06]      Minimum face area = 1.499999999935995e-07. Maximum face area = 5.000000000129904e-07.  Face area magnitudes OK.
[2024/01/07 06:51:06]      Min volume = 1.499999999944929e-10. Max volume = 1.500000000034984e-10.  Total volume = 4.500000000002841e-07.  Cell volumes OK.
[2024/01/07 06:51:06]      Mesh non-orthogonality Max: 0 average: 0
[2024/01/07 06:51:06]      Non-orthogonality check OK.
[2024/01/07 06:51:06]      Face pyramids OK.
[2024/01/07 06:51:06]      Max skewness = 9.432792296734318e-11 OK.
[2024/01/07 06:51:06]      Coupled point location match (average 0) OK.
[2024/01/07 06:51:06]  
[2024/01/07 06:51:06]  Mesh OK.
[2024/01/07 06:51:06]  
[2024/01/07 06:51:06]  Time = 1
[2024/01/07 06:51:06]  
[2024/01/07 06:51:06]  U Initial residual: (6.978801083468329e-07 1.252546998006913e-06 0.001098059693797883)
[2024/01/07 06:51:06]  U   Final residual: (3.003785500752289e-08 5.759931727795718e-08 4.593901644217954e-05)
[2024/01/07 06:51:06]  p Initial residual: 1.309618603787286e-05
[2024/01/07 06:51:06]  p   Final residual: 6.248742717702965e-07
[2024/01/07 06:51:06]  Time step continuity errors : sum local = 2.286268410341808e-06
[2024/01/07 06:51:06]                                   global = -7.672839790004491e-09
[2024/01/07 06:51:06]                               cumulative = 0.001719750302313523
[2024/01/07 06:51:06]  yPlus min: 0 max: 0 mean: 0
[2024/01/07 06:51:06]  PL-part1-totalPressure: 15.24309937706427
[2024/01/07 06:51:06]  PL-part2-totalPressure: -9.601565307118383
[2024/01/07 06:51:06]  VOLUME-part1-variableVolSum: 1.000198364685483e-05
[2024/01/07 06:51:06]  ExecutionTime = 1133.55 s  ClockTime = 2071 s
[2024/01/07 06:51:06]  
[2024/01/07 06:51:06]  Time = 15
[2024/01/07 06:51:06]  Minimal residual 9.133721420689038e-07 satisfied the prescribed tolerance 1e-06
[2024/01/07 06:51:06]  
[2024/01/07 06:51:06]  PL-part1-totalPressure: 15.24322554626025
[2024/01/07 06:51:06]  PL-part2-totalPressure: -9.601570513858137
[2024/01/07 06:51:06]  VOLUME-part1-variableVolSum: 1.000198364685483e-05
[2024/01/07 06:51:06]  Printing Primal Residual Statistics.
[2024/01/07 06:51:06]  U Residual Norm2: (0.002992994072801461 0.0009728924516800304 1.168008083111533e-13)
[2024/01/07 06:51:06]  U Residual Mean: (3.116487493601679e-05 1.014030509456438e-05 1.490640481394507e-15)
[2024/01/07 06:51:06]  U Residual Max: (0.000215560320119268 9.171364165083684e-05 1.058715216750608e-14)
[2024/01/07 06:51:06]  p Residual Norm2: 0.000389388184525095
[2024/01/07 06:51:06]  p Residual Mean: 2.636688844877101e-06
[2024/01/07 06:51:06]  p Residual Max: 0.0001870547203016991
[2024/01/07 06:51:06]  phi Residual Norm2: 1.913912241622237e-06
[2024/01/07 06:51:06]  phi Residual Mean: 6.117311471369799e-09
[2024/01/07 06:51:06]  phi Residual Max: 1.401608487160675e-07
[2024/01/07 06:51:06]  End
[2024/01/07 06:51:06]  
[2024/01/07 06:51:06]  Objective Functions: 
[2024/01/07 06:51:06]  {'PL': 5.6416550324021095, 'VOLUME': 1.000198364685483e-05, 'fail': False}
[2024/01/07 06:51:06]  Flow Runtime: 3.02723
[2024/01/07 06:51:06]  
[2024/01/07 06:51:06]  
[2024/01/07 06:51:06]  +--------------------------------------------------------------------------+
[2024/01/07 06:51:06]  |                  Evaluating Objective Functions 148                      |
[2024/01/07 06:51:06]  +--------------------------------------------------------------------------+
[2024/01/07 06:51:06]  Design Variables: 
[2024/01/07 06:51:06]  OrderedDict([('alphaPorosity', array([  1.9009807967798278,   1.8692288917873094,   1.8394054593829896,
[2024/01/07 06:51:06]         ..., 322.4200681131309   , 323.0073758094127   ,
[2024/01/07 06:51:06]         323.42339114565     ]))])
[2024/01/07 06:51:06]  DVGeo PointSet UpToDate: False
[2024/01/07 06:51:06]  Updating DVGeo PointSet....
[2024/01/07 06:51:06]  DVGeo PointSet UpToDate: True
[2024/01/07 06:51:06]  Warping the volume mesh....
[2024/01/07 06:51:06]  Setting up primal boundary conditions based on pyOptions: 
[2024/01/07 06:51:06]  Setting primal boundary conditions...
[2024/01/07 06:51:06]  Setting U = (0.1 0 0) at inlet
[2024/01/07 06:51:06]  Setting primal boundary conditions...
[2024/01/07 06:51:06]  Setting p = 0 at outlet
[2024/01/07 06:51:06]  nuTilda not found, skip it.
[2024/01/07 06:51:06]  Setting nut wall BC for wallBoundary. BCType=nutkWallFunction
[2024/01/07 06:51:06]  Running Primal Solver 148
[2024/01/07 06:51:06]  Previous solution time 15 found and deleted.
[2024/01/07 06:51:06]  No finite volume options present
[2024/01/07 06:51:06]  
[2024/01/07 06:51:06]  Starting time loop
[2024/01/07 06:51:06]  
[2024/01/07 06:51:06]  Checking mesh quality for time = 0
[2024/01/07 06:51:06]      Overall domain bounding box (7.181318501078189e-16 -1.399990449424424e-15 -5.718082257688551e-15) (0.02999999999999962 0.01500000000001617 0.001000000000005718)
[2024/01/07 06:51:06]      Mesh has 3 geometric (non-empty/wedge) directions 3{1}
[2024/01/07 06:51:06]      Mesh has 3 solution (non-empty) directions 3{1}
[2024/01/07 06:51:06]      Boundary openness (-6.947448714353218e-18 9.793123156124281e-19 -3.04020355740097e-16) OK.
[2024/01/07 06:51:06]      Max cell openness = 3.176373552203076e-16 OK.
[2024/01/07 06:51:06]      Max aspect ratio = 3.333333333492265 OK.
[2024/01/07 06:51:06]      Minimum face area = 1.499999999935995e-07. Maximum face area = 5.000000000129904e-07.  Face area magnitudes OK.
[2024/01/07 06:51:12]      Min volume = 1.499999999944929e-10. Max volume = 1.500000000034984e-10.  Total volume = 4.500000000002841e-07.  Cell volumes OK.
[2024/01/07 06:51:12]      Mesh non-orthogonality Max: 0 average: 0
[2024/01/07 06:51:12]      Non-orthogonality check OK.
[2024/01/07 06:51:12]      Face pyramids OK.
[2024/01/07 06:51:12]      Max skewness = 9.432792296734318e-11 OK.
[2024/01/07 06:51:12]      Coupled point location match (average 0) OK.
[2024/01/07 06:51:12]  
[2024/01/07 06:51:12]  Mesh OK.
[2024/01/07 06:51:12]  
[2024/01/07 06:51:12]  Time = 1
[2024/01/07 06:51:12]  
[2024/01/07 06:51:12]  U Initial residual: (4.417499507971781e-07 7.887295731846916e-07 0.001113465202363901)
[2024/01/07 06:51:12]  U   Final residual: (1.902133148374611e-08 3.647288617423711e-08 4.440121208215971e-05)
[2024/01/07 06:51:12]  p Initial residual: 6.651586662813664e-06
[2024/01/07 06:51:12]  p   Final residual: 3.124863167820931e-07
[2024/01/07 06:51:12]  Time step continuity errors : sum local = 1.143316780060613e-06
[2024/01/07 06:51:12]                                   global = -3.431084838058403e-09
[2024/01/07 06:51:12]                               cumulative = 0.001719746871228685
[2024/01/07 06:51:12]  yPlus min: 0 max: 0 mean: 0
[2024/01/07 06:51:12]  PL-part1-totalPressure: 15.24316619029468
[2024/01/07 06:51:12]  PL-part2-totalPressure: -9.601570801963293
[2024/01/07 06:51:12]  VOLUME-part1-variableVolSum: 1.000198360754734e-05
[2024/01/07 06:51:12]  ExecutionTime = 1135.95 s  ClockTime = 2075 s
[2024/01/07 06:51:12]  
[2024/01/07 06:51:12]  Time = 11
[2024/01/07 06:51:12]  Minimal residual 8.578057299607118e-07 satisfied the prescribed tolerance 1e-06
[2024/01/07 06:51:12]  
[2024/01/07 06:51:12]  PL-part1-totalPressure: 15.24322221395406
[2024/01/07 06:51:12]  PL-part2-totalPressure: -9.601573086816428
[2024/01/07 06:51:12]  VOLUME-part1-variableVolSum: 1.000198360754734e-05
[2024/01/07 06:51:12]  Printing Primal Residual Statistics.
[2024/01/07 06:51:12]  U Residual Norm2: (0.00248213136080272 0.0008351308485551103 1.181408173053957e-13)
[2024/01/07 06:51:12]  U Residual Mean: (2.566057954336194e-05 8.52858171074574e-06 1.522745184696345e-15)
[2024/01/07 06:51:12]  U Residual Max: (0.0001736476217952809 7.485865003742376e-05 1.150287041345395e-14)
[2024/01/07 06:51:12]  p Residual Norm2: 0.0003581228122204491
[2024/01/07 06:51:12]  p Residual Mean: 2.418658360983556e-06
[2024/01/07 06:51:12]  p Residual Max: 0.0001531637031563346
[2024/01/07 06:51:12]  phi Residual Norm2: 1.597486107689641e-06
[2024/01/07 06:51:12]  phi Residual Mean: 5.113467390664296e-09
[2024/01/07 06:51:12]  phi Residual Max: 1.154890905022374e-07
[2024/01/07 06:51:12]  End
[2024/01/07 06:51:12]  
[2024/01/07 06:51:12]  Objective Functions: 
[2024/01/07 06:51:12]  {'PL': 5.641649127137635, 'VOLUME': 1.0001983607547341e-05, 'fail': False}
[2024/01/07 06:51:12]  Flow Runtime: 3.05644
[2024/01/07 06:51:12]  
[2024/01/07 06:51:12]  
[2024/01/07 06:51:12]  +--------------------------------------------------------------------------+
[2024/01/07 06:51:12]  |                  Evaluating Objective Functions 149                      |
[2024/01/07 06:51:12]  +--------------------------------------------------------------------------+
[2024/01/07 06:51:12]  Design Variables: 
[2024/01/07 06:51:12]  OrderedDict([('alphaPorosity', array([  1.900991635457776 ,   1.8692393878884248,   1.839415618463673 ,
[2024/01/07 06:51:12]         ..., 322.4205938000344   , 323.0079131694403   ,
[2024/01/07 06:51:12]         323.4239416362168   ]))])
[2024/01/07 06:51:12]  DVGeo PointSet UpToDate: False
[2024/01/07 06:51:12]  Updating DVGeo PointSet....
[2024/01/07 06:51:12]  DVGeo PointSet UpToDate: True
[2024/01/07 06:51:12]  Warping the volume mesh....
[2024/01/07 06:51:12]  Setting up primal boundary conditions based on pyOptions: 
[2024/01/07 06:51:12]  Setting primal boundary conditions...
[2024/01/07 06:51:12]  Setting U = (0.1 0 0) at inlet
[2024/01/07 06:51:12]  Setting primal boundary conditions...
[2024/01/07 06:51:12]  Setting p = 0 at outlet
[2024/01/07 06:51:12]  nuTilda not found, skip it.
[2024/01/07 06:51:12]  Setting nut wall BC for wallBoundary. BCType=nutkWallFunction
[2024/01/07 06:51:12]  Running Primal Solver 149
[2024/01/07 06:51:12]  Previous solution time 11 found and deleted.
[2024/01/07 06:51:12]  No finite volume options present
[2024/01/07 06:51:12]  
[2024/01/07 06:51:12]  Starting time loop
[2024/01/07 06:51:12]  
[2024/01/07 06:51:12]  Checking mesh quality for time = 0
[2024/01/07 06:51:12]      Overall domain bounding box (7.181318501078189e-16 -1.399990449424424e-15 -5.718082257688551e-15) (0.02999999999999962 0.01500000000001617 0.001000000000005718)
[2024/01/07 06:51:12]      Mesh has 3 geometric (non-empty/wedge) directions 3{1}
[2024/01/07 06:51:12]      Mesh has 3 solution (non-empty) directions 3{1}
[2024/01/07 06:51:12]      Boundary openness (-6.947448714353218e-18 9.793123156124281e-19 -3.04020355740097e-16) OK.
[2024/01/07 06:51:12]      Max cell openness = 3.176373552203076e-16 OK.
[2024/01/07 06:51:12]      Max aspect ratio = 3.333333333492265 OK.
[2024/01/07 06:51:12]      Minimum face area = 1.499999999935995e-07. Maximum face area = 5.000000000129904e-07.  Face area magnitudes OK.
[2024/01/07 06:51:12]      Min volume = 1.499999999944929e-10. Max volume = 1.500000000034984e-10.  Total volume = 4.500000000002841e-07.  Cell volumes OK.
[2024/01/07 06:51:12]      Mesh non-orthogonality Max: 0 average: 0
[2024/01/07 06:51:12]      Non-orthogonality check OK.
[2024/01/07 06:51:12]      Face pyramids OK.
[2024/01/07 06:51:12]      Max skewness = 9.432792296734318e-11 OK.
[2024/01/07 06:51:12]      Coupled point location match (average 0) OK.
[2024/01/07 06:51:12]  
[2024/01/07 06:51:12]  Mesh OK.
[2024/01/07 06:51:12]  
[2024/01/07 06:51:12]  Time = 1
[2024/01/07 06:51:12]  
[2024/01/07 06:51:12]  U Initial residual: (3.117018672786888e-07 5.483009238337226e-07 0.001137031101325081)
[2024/01/07 06:51:12]  U   Final residual: (1.317072566617927e-08 2.591022241223398e-08 4.592873192082985e-05)
[2024/01/07 06:51:12]  p Initial residual: 3.401790866187437e-06
[2024/01/07 06:51:12]  p   Final residual: 1.610873074133649e-07
[2024/01/07 06:51:16]  Time step continuity errors : sum local = 5.893825994041413e-07
[2024/01/07 06:51:16]                                   global = -1.070159258078241e-08
[2024/01/07 06:51:16]                               cumulative = 0.001719736169636104
[2024/01/07 06:51:16]  yPlus min: 0 max: 0 mean: 0
[2024/01/07 06:51:16]  PL-part1-totalPressure: 15.2431999425418
[2024/01/07 06:51:16]  PL-part2-totalPressure: -9.601573256480394
[2024/01/07 06:51:16]  VOLUME-part1-variableVolSum: 1.00019835878936e-05
[2024/01/07 06:51:16]  ExecutionTime = 1138.14 s  ClockTime = 2080 s
[2024/01/07 06:51:16]  
[2024/01/07 06:51:16]  Time = 8
[2024/01/07 06:51:16]  Minimal residual 8.595726316410317e-07 satisfied the prescribed tolerance 1e-06
[2024/01/07 06:51:16]  
[2024/01/07 06:51:16]  PL-part1-totalPressure: 15.24324751293035
[2024/01/07 06:51:16]  PL-part2-totalPressure: -9.601574777114235
[2024/01/07 06:51:16]  VOLUME-part1-variableVolSum: 1.00019835878936e-05
[2024/01/07 06:51:16]  Printing Primal Residual Statistics.
[2024/01/07 06:51:16]  U Residual Norm2: (0.00211114395728779 0.0006893985097821352 1.148616985325565e-13)
[2024/01/07 06:51:16]  U Residual Mean: (2.254789578402386e-05 7.063387680503852e-06 1.491245643305458e-15)
[2024/01/07 06:51:16]  U Residual Max: (0.0001463531066827617 6.726433512493912e-05 1.032386473714371e-14)
[2024/01/07 06:51:16]  p Residual Norm2: 0.0003657461723953033
[2024/01/07 06:51:16]  p Residual Mean: 2.347562263025964e-06
[2024/01/07 06:51:16]  p Residual Max: 0.0001357180706304777
[2024/01/07 06:51:16]  phi Residual Norm2: 1.363088200804088e-06
[2024/01/07 06:51:16]  phi Residual Mean: 4.426406196768848e-09
[2024/01/07 06:51:16]  phi Residual Max: 9.759340468845476e-08
[2024/01/07 06:51:16]  End
[2024/01/07 06:51:16]  
[2024/01/07 06:51:16]  Objective Functions: 
[2024/01/07 06:51:16]  {'PL': 5.641672735816117, 'VOLUME': 1.0001983587893604e-05, 'fail': False}
[2024/01/07 06:51:16]  Flow Runtime: 2.93337
[2024/01/07 06:51:16]  
[2024/01/07 06:51:16]  
[2024/01/07 06:51:16]  +--------------------------------------------------------------------------+
[2024/01/07 06:51:16]  |                  Evaluating Objective Functions 150                      |
[2024/01/07 06:51:16]  +--------------------------------------------------------------------------+
[2024/01/07 06:51:16]  Design Variables: 
[2024/01/07 06:51:16]  OrderedDict([('alphaPorosity', array([  1.90099705479675  ,   1.8692446359389825,   1.8394206980040146,
[2024/01/07 06:51:16]         ..., 322.4208566434862   , 323.00818184945416  ,
[2024/01/07 06:51:16]         323.4242168815003   ]))])
[2024/01/07 06:51:16]  DVGeo PointSet UpToDate: False
[2024/01/07 06:51:16]  Updating DVGeo PointSet....
[2024/01/07 06:51:16]  DVGeo PointSet UpToDate: True
[2024/01/07 06:51:16]  Warping the volume mesh....
[2024/01/07 06:51:16]  Setting up primal boundary conditions based on pyOptions: 
[2024/01/07 06:51:16]  Setting primal boundary conditions...
[2024/01/07 06:51:16]  Setting U = (0.1 0 0) at inlet
[2024/01/07 06:51:16]  Setting primal boundary conditions...
[2024/01/07 06:51:16]  Setting p = 0 at outlet
[2024/01/07 06:51:16]  nuTilda not found, skip it.
[2024/01/07 06:51:16]  Setting nut wall BC for wallBoundary. BCType=nutkWallFunction
[2024/01/07 06:51:16]  Running Primal Solver 150
[2024/01/07 06:51:16]  Previous solution time 8 found and deleted.
[2024/01/07 06:51:16]  No finite volume options present
[2024/01/07 06:51:16]  
[2024/01/07 06:51:16]  Starting time loop
[2024/01/07 06:51:16]  
[2024/01/07 06:51:16]  Checking mesh quality for time = 0
[2024/01/07 06:51:16]      Overall domain bounding box (7.181318501078189e-16 -1.399990449424424e-15 -5.718082257688551e-15) (0.02999999999999962 0.01500000000001617 0.001000000000005718)
[2024/01/07 06:51:16]      Mesh has 3 geometric (non-empty/wedge) directions 3{1}
[2024/01/07 06:51:16]      Mesh has 3 solution (non-empty) directions 3{1}
[2024/01/07 06:51:16]      Boundary openness (-6.947448714353218e-18 9.793123156124281e-19 -3.04020355740097e-16) OK.
[2024/01/07 06:51:16]      Max cell openness = 3.176373552203076e-16 OK.
[2024/01/07 06:51:16]      Max aspect ratio = 3.333333333492265 OK.
[2024/01/07 06:51:16]      Minimum face area = 1.499999999935995e-07. Maximum face area = 5.000000000129904e-07.  Face area magnitudes OK.
[2024/01/07 06:51:16]      Min volume = 1.499999999944929e-10. Max volume = 1.500000000034984e-10.  Total volume = 4.500000000002841e-07.  Cell volumes OK.
[2024/01/07 06:51:16]      Mesh non-orthogonality Max: 0 average: 0
[2024/01/07 06:51:16]      Non-orthogonality check OK.
[2024/01/07 06:51:16]      Face pyramids OK.
[2024/01/07 06:51:16]      Max skewness = 9.432792296734318e-11 OK.
[2024/01/07 06:51:16]      Coupled point location match (average 0) OK.
[2024/01/07 06:51:16]  
[2024/01/07 06:51:16]  Mesh OK.
[2024/01/07 06:51:16]  
[2024/01/07 06:51:16]  Time = 1
[2024/01/07 06:51:16]  
[2024/01/07 06:51:16]  U Initial residual: (2.345007521798029e-07 3.872334614714779e-07 0.001113673889982472)
[2024/01/07 06:51:16]  U   Final residual: (9.779159727199873e-09 1.818028155248096e-08 4.542941835117207e-05)
[2024/01/07 06:51:16]  p Initial residual: 1.967310738253207e-06
[2024/01/07 06:51:16]  p   Final residual: 9.299782759238744e-08
[2024/01/07 06:51:16]  Time step continuity errors : sum local = 3.402590449925612e-07
[2024/01/07 06:51:16]                                   global = -4.857349991808755e-09
[2024/01/07 06:51:16]                               cumulative = 0.001719731312286112
[2024/01/07 06:51:16]  yPlus min: 0 max: 0 mean: 0
[2024/01/07 06:51:16]  PL-part1-totalPressure: 15.24323387719971
[2024/01/07 06:51:16]  PL-part2-totalPressure: -9.601575067700875
[2024/01/07 06:51:16]  VOLUME-part1-variableVolSum: 1.000198357806673e-05
[2024/01/07 06:51:16]  ExecutionTime = 1140.24 s  ClockTime = 2084 s
[2024/01/07 06:51:16]  
[2024/01/07 06:51:16]  Time = 5
[2024/01/07 06:51:16]  Minimal residual 9.924526362855307e-07 satisfied the prescribed tolerance 1e-06
[2024/01/07 06:51:16]  
[2024/01/07 06:51:16]  PL-part1-totalPressure: 15.24323724917859
[2024/01/07 06:51:16]  PL-part2-totalPressure: -9.601575401507793
[2024/01/07 06:51:21]  VOLUME-part1-variableVolSum: 1.000198357806673e-05
[2024/01/07 06:51:21]  Printing Primal Residual Statistics.
[2024/01/07 06:51:21]  U Residual Norm2: (0.001905541578328346 0.0006359996599076729 1.145515502829335e-13)
[2024/01/07 06:51:21]  U Residual Mean: (2.02981342658441e-05 6.597216956662208e-06 1.454761083084238e-15)
[2024/01/07 06:51:21]  U Residual Max: (0.0001210793354518014 6.040548640118271e-05 1.215651113762549e-14)
[2024/01/07 06:51:21]  p Residual Norm2: 0.0004906511404557825
[2024/01/07 06:51:21]  p Residual Mean: 2.654284839167736e-06
[2024/01/07 06:51:21]  p Residual Max: 0.0001407917749667372
[2024/01/07 06:51:21]  phi Residual Norm2: 1.252093760923535e-06
[2024/01/07 06:51:21]  phi Residual Mean: 4.630228396061944e-09
[2024/01/07 06:51:21]  phi Residual Max: 8.630341959710394e-08
[2024/01/07 06:51:21]  End
[2024/01/07 06:51:21]  
[2024/01/07 06:51:21]  Objective Functions: 
[2024/01/07 06:51:21]  {'PL': 5.6416618476707985, 'VOLUME': 1.0001983578066732e-05, 'fail': False}
[2024/01/07 06:51:21]  Flow Runtime: 2.97013
[2024/01/07 06:51:21]  
[2024/01/07 06:51:21]  
[2024/01/07 06:51:21]  +--------------------------------------------------------------------------+
[2024/01/07 06:51:21]  |                  Evaluating Objective Functions 151                      |
[2024/01/07 06:51:21]  +--------------------------------------------------------------------------+
[2024/01/07 06:51:21]  Design Variables: 
[2024/01/07 06:51:21]  OrderedDict([('alphaPorosity', array([  1.9009997644662373,   1.8692472599642613,   1.8394232377741857,
[2024/01/07 06:51:21]         ..., 322.42098806521216  , 323.008316189461    ,
[2024/01/07 06:51:21]         323.424354504142    ]))])
[2024/01/07 06:51:21]  DVGeo PointSet UpToDate: False
[2024/01/07 06:51:21]  Updating DVGeo PointSet....
[2024/01/07 06:51:21]  DVGeo PointSet UpToDate: True
[2024/01/07 06:51:21]  Warping the volume mesh....
[2024/01/07 06:51:21]  Setting up primal boundary conditions based on pyOptions: 
[2024/01/07 06:51:21]  Setting primal boundary conditions...
[2024/01/07 06:51:21]  Setting U = (0.1 0 0) at inlet
[2024/01/07 06:51:21]  Setting primal boundary conditions...
[2024/01/07 06:51:21]  Setting p = 0 at outlet
[2024/01/07 06:51:21]  nuTilda not found, skip it.
[2024/01/07 06:51:21]  Setting nut wall BC for wallBoundary. BCType=nutkWallFunction
[2024/01/07 06:51:21]  Running Primal Solver 151
[2024/01/07 06:51:21]  Previous solution time 5 found and deleted.
[2024/01/07 06:51:21]  No finite volume options present
[2024/01/07 06:51:21]  
[2024/01/07 06:51:21]  Starting time loop
[2024/01/07 06:51:21]  
[2024/01/07 06:51:21]  Checking mesh quality for time = 0
[2024/01/07 06:51:21]      Overall domain bounding box (7.181318501078189e-16 -1.399990449424424e-15 -5.718082257688551e-15) (0.02999999999999962 0.01500000000001617 0.001000000000005718)
[2024/01/07 06:51:21]      Mesh has 3 geometric (non-empty/wedge) directions 3{1}
[2024/01/07 06:51:21]      Mesh has 3 solution (non-empty) directions 3{1}
[2024/01/07 06:51:21]      Boundary openness (-6.947448714353218e-18 9.793123156124281e-19 -3.04020355740097e-16) OK.
[2024/01/07 06:51:21]      Max cell openness = 3.176373552203076e-16 OK.
[2024/01/07 06:51:21]      Max aspect ratio = 3.333333333492265 OK.
[2024/01/07 06:51:21]      Minimum face area = 1.499999999935995e-07. Maximum face area = 5.000000000129904e-07.  Face area magnitudes OK.
[2024/01/07 06:51:21]      Min volume = 1.499999999944929e-10. Max volume = 1.500000000034984e-10.  Total volume = 4.500000000002841e-07.  Cell volumes OK.
[2024/01/07 06:51:21]      Mesh non-orthogonality Max: 0 average: 0
[2024/01/07 06:51:21]      Non-orthogonality check OK.
[2024/01/07 06:51:21]      Face pyramids OK.
[2024/01/07 06:51:21]      Max skewness = 9.432792296734318e-11 OK.
[2024/01/07 06:51:21]      Coupled point location match (average 0) OK.
[2024/01/07 06:51:21]  
[2024/01/07 06:51:21]  Mesh OK.
[2024/01/07 06:51:21]  
[2024/01/07 06:51:21]  Time = 1
[2024/01/07 06:51:21]  
[2024/01/07 06:51:21]  U Initial residual: (1.961325240894132e-07 3.331988349224224e-07 0.001086553966157808)
[2024/01/07 06:51:21]  U   Final residual: (8.100088301702242e-09 1.606833945467082e-08 4.526116548880508e-05)
[2024/01/07 06:51:21]  p Initial residual: 1.276359539301352e-06
[2024/01/07 06:51:21]  p   Final residual: 7.261023623331044e-08
[2024/01/07 06:51:21]  Time step continuity errors : sum local = 2.656651948330067e-07
[2024/01/07 06:51:21]                                   global = -3.08047598608272e-08
[2024/01/07 06:51:21]                               cumulative = 0.001719700507526251
[2024/01/07 06:51:21]  yPlus min: 0 max: 0 mean: 0
[2024/01/07 06:51:21]  PL-part1-totalPressure: 15.24324299094877
[2024/01/07 06:51:21]  PL-part2-totalPressure: -9.601575555392378
[2024/01/07 06:51:21]  VOLUME-part1-variableVolSum: 1.00019835731533e-05
[2024/01/07 06:51:21]  ExecutionTime = 1142.43 s  ClockTime = 2088 s
[2024/01/07 06:51:21]  
[2024/01/07 06:51:21]  Time = 3
[2024/01/07 06:51:21]  Minimal residual 9.96717760558979e-07 satisfied the prescribed tolerance 1e-06
[2024/01/07 06:51:21]  
[2024/01/07 06:51:21]  PL-part1-totalPressure: 15.24324592492178
[2024/01/07 06:51:21]  PL-part2-totalPressure: -9.601575878522587
[2024/01/07 06:51:21]  VOLUME-part1-variableVolSum: 1.00019835731533e-05
[2024/01/07 06:51:21]  Printing Primal Residual Statistics.
[2024/01/07 06:51:21]  U Residual Norm2: (0.001781349741387822 0.0005804730735396748 1.157369899154221e-13)
[2024/01/07 06:51:21]  U Residual Mean: (1.884058984257279e-05 5.92363488780351e-06 1.492027141420116e-15)
[2024/01/07 06:51:21]  U Residual Max: (0.0001132050662955297 5.762998699376798e-05 1.007247808678682e-14)
[2024/01/07 06:51:21]  p Residual Norm2: 0.0006012997352011933
[2024/01/07 06:51:21]  p Residual Mean: 2.687481111671367e-06
[2024/01/07 06:51:21]  p Residual Max: 0.0001992205535958906
[2024/01/07 06:51:21]  phi Residual Norm2: 1.16941676436716e-06
[2024/01/07 06:51:21]  phi Residual Mean: 3.780138148170512e-09
[2024/01/07 06:51:21]  phi Residual Max: 8.23811945845632e-08
[2024/01/07 06:51:21]  End
[2024/01/07 06:51:21]  
[2024/01/07 06:51:21]  Objective Functions: 
[2024/01/07 06:51:26]  {'PL': 5.641670046399192, 'VOLUME': 1.0001983573153303e-05, 'fail': False}
[2024/01/07 06:51:26]  Flow Runtime: 2.98744
[2024/01/07 06:51:26]  
[2024/01/07 06:51:26]  
[2024/01/07 06:51:26]  +--------------------------------------------------------------------------+
[2024/01/07 06:51:26]  |                  Evaluating Objective Functions 152                      |
[2024/01/07 06:51:26]  +--------------------------------------------------------------------------+
[2024/01/07 06:51:26]  Design Variables: 
[2024/01/07 06:51:26]  OrderedDict([('alphaPorosity', array([  1.9010011193009806,   1.8692485719769008,   1.8394245076592708,
[2024/01/07 06:51:26]         ..., 322.4210537760751   , 323.0083833594645   ,
[2024/01/07 06:51:26]         323.42442331546283  ]))])
[2024/01/07 06:51:26]  DVGeo PointSet UpToDate: False
[2024/01/07 06:51:26]  Updating DVGeo PointSet....
[2024/01/07 06:51:26]  DVGeo PointSet UpToDate: True
[2024/01/07 06:51:26]  Warping the volume mesh....
[2024/01/07 06:51:26]  Setting up primal boundary conditions based on pyOptions: 
[2024/01/07 06:51:26]  Setting primal boundary conditions...
[2024/01/07 06:51:26]  Setting U = (0.1 0 0) at inlet
[2024/01/07 06:51:26]  Setting primal boundary conditions...
[2024/01/07 06:51:26]  Setting p = 0 at outlet
[2024/01/07 06:51:26]  nuTilda not found, skip it.
[2024/01/07 06:51:26]  Setting nut wall BC for wallBoundary. BCType=nutkWallFunction
[2024/01/07 06:51:26]  Running Primal Solver 152
[2024/01/07 06:51:26]  Previous solution time 3 found and deleted.
[2024/01/07 06:51:26]  No finite volume options present
[2024/01/07 06:51:26]  
[2024/01/07 06:51:26]  Starting time loop
[2024/01/07 06:51:26]  
[2024/01/07 06:51:26]  Checking mesh quality for time = 0
[2024/01/07 06:51:26]      Overall domain bounding box (7.181318501078189e-16 -1.399990449424424e-15 -5.718082257688551e-15) (0.02999999999999962 0.01500000000001617 0.001000000000005718)
[2024/01/07 06:51:26]      Mesh has 3 geometric (non-empty/wedge) directions 3{1}
[2024/01/07 06:51:26]      Mesh has 3 solution (non-empty) directions 3{1}
[2024/01/07 06:51:26]      Boundary openness (-6.947448714353218e-18 9.793123156124281e-19 -3.04020355740097e-16) OK.
[2024/01/07 06:51:26]      Max cell openness = 3.176373552203076e-16 OK.
[2024/01/07 06:51:26]      Max aspect ratio = 3.333333333492265 OK.
[2024/01/07 06:51:26]      Minimum face area = 1.499999999935995e-07. Maximum face area = 5.000000000129904e-07.  Face area magnitudes OK.
[2024/01/07 06:51:26]      Min volume = 1.499999999944929e-10. Max volume = 1.500000000034984e-10.  Total volume = 4.500000000002841e-07.  Cell volumes OK.
[2024/01/07 06:51:26]      Mesh non-orthogonality Max: 0 average: 0
[2024/01/07 06:51:26]      Non-orthogonality check OK.
[2024/01/07 06:51:26]      Face pyramids OK.
[2024/01/07 06:51:26]      Max skewness = 9.432792296734318e-11 OK.
[2024/01/07 06:51:26]      Coupled point location match (average 0) OK.
[2024/01/07 06:51:26]  
[2024/01/07 06:51:26]  Mesh OK.
[2024/01/07 06:51:26]  
[2024/01/07 06:51:26]  Time = 1
[2024/01/07 06:51:26]  
[2024/01/07 06:51:26]  U Initial residual: (1.747867547038373e-07 2.856975893347748e-07 0.001114283355111422)
[2024/01/07 06:51:26]  U   Final residual: (7.141237007784394e-09 1.367319362605597e-08 4.516868968655039e-05)
[2024/01/07 06:51:26]  p Initial residual: 1.069959444434629e-06
[2024/01/07 06:51:26]  p   Final residual: 7.274646485144167e-08
[2024/01/07 06:51:26]  Time step continuity errors : sum local = 2.661638034485311e-07
[2024/01/07 06:51:26]                                   global = -3.55452380849551e-08
[2024/01/07 06:51:26]                               cumulative = 0.001719664962288166
[2024/01/07 06:51:26]  yPlus min: 0 max: 0 mean: 0
[2024/01/07 06:51:26]  PL-part1-totalPressure: 15.24324602253871
[2024/01/07 06:51:26]  PL-part2-totalPressure: -9.601576006220846
[2024/01/07 06:51:26]  VOLUME-part1-variableVolSum: 1.000198357069658e-05
[2024/01/07 06:51:26]  ExecutionTime = 1144.73 s  ClockTime = 2093 s
[2024/01/07 06:51:26]  
[2024/01/07 06:51:26]  Time = 2
[2024/01/07 06:51:26]  Minimal residual 9.175951647454301e-07 satisfied the prescribed tolerance 1e-06
[2024/01/07 06:51:26]  
[2024/01/07 06:51:26]  PL-part1-totalPressure: 15.24324865893794
[2024/01/07 06:51:26]  PL-part2-totalPressure: -9.601576129353136
[2024/01/07 06:51:26]  VOLUME-part1-variableVolSum: 1.000198357069658e-05
[2024/01/07 06:51:26]  Printing Primal Residual Statistics.
[2024/01/07 06:51:26]  U Residual Norm2: (0.00168754878249761 0.0005535135033388416 1.117143686629477e-13)
[2024/01/07 06:51:26]  U Residual Mean: (1.79248335255514e-05 5.746062237897919e-06 1.4408420728432e-15)
[2024/01/07 06:51:26]  U Residual Max: (0.0001058266575391098 5.5202283163025e-05 1.031031862074459e-14)
[2024/01/07 06:51:26]  p Residual Norm2: 0.0005958385203615073
[2024/01/07 06:51:26]  p Residual Mean: 2.573276515248225e-06
[2024/01/07 06:51:26]  p Residual Max: 0.0001950161906833505
[2024/01/07 06:51:26]  phi Residual Norm2: 1.107101783775413e-06
[2024/01/07 06:51:26]  phi Residual Mean: 3.558704581951657e-09
[2024/01/07 06:51:26]  phi Residual Max: 7.791495210020644e-08
[2024/01/07 06:51:26]  End
[2024/01/07 06:51:26]  
[2024/01/07 06:51:26]  Objective Functions: 
[2024/01/07 06:51:26]  {'PL': 5.641672529584806, 'VOLUME': 1.000198357069658e-05, 'fail': False}
[2024/01/07 06:51:26]  Flow Runtime: 3.0153
[2024/01/07 06:51:26]  
[2024/01/07 06:51:26]  
[2024/01/07 06:51:26]  +--------------------------------------------------------------------------+
[2024/01/07 06:51:26]  |                  Evaluating Objective Functions 153                      |
[2024/01/07 06:51:26]  +--------------------------------------------------------------------------+
[2024/01/07 06:51:26]  Design Variables: 
[2024/01/07 06:51:26]  OrderedDict([('alphaPorosity', array([  1.9010017967183523,   1.8692492279832205,   1.8394251426018138,
[2024/01/07 06:51:26]         ..., 322.4210866315065   , 323.0084169444662   ,
[2024/01/07 06:51:26]         323.4244577211233   ]))])
[2024/01/07 06:51:26]  DVGeo PointSet UpToDate: False
[2024/01/07 06:51:26]  Updating DVGeo PointSet....
[2024/01/07 06:51:26]  DVGeo PointSet UpToDate: True
[2024/01/07 06:51:31]  Warping the volume mesh....
[2024/01/07 06:51:31]  Setting up primal boundary conditions based on pyOptions: 
[2024/01/07 06:51:31]  Setting primal boundary conditions...
[2024/01/07 06:51:31]  Setting U = (0.1 0 0) at inlet
[2024/01/07 06:51:31]  Setting primal boundary conditions...
[2024/01/07 06:51:31]  Setting p = 0 at outlet
[2024/01/07 06:51:31]  nuTilda not found, skip it.
[2024/01/07 06:51:31]  Setting nut wall BC for wallBoundary. BCType=nutkWallFunction
[2024/01/07 06:51:31]  Running Primal Solver 153
[2024/01/07 06:51:31]  Previous solution time 2 found and deleted.
[2024/01/07 06:51:31]  No finite volume options present
[2024/01/07 06:51:31]  
[2024/01/07 06:51:31]  Starting time loop
[2024/01/07 06:51:31]  
[2024/01/07 06:51:31]  Checking mesh quality for time = 0
[2024/01/07 06:51:31]      Overall domain bounding box (7.181318501078189e-16 -1.399990449424424e-15 -5.718082257688551e-15) (0.02999999999999962 0.01500000000001617 0.001000000000005718)
[2024/01/07 06:51:31]      Mesh has 3 geometric (non-empty/wedge) directions 3{1}
[2024/01/07 06:51:31]      Mesh has 3 solution (non-empty) directions 3{1}
[2024/01/07 06:51:31]      Boundary openness (-6.947448714353218e-18 9.793123156124281e-19 -3.04020355740097e-16) OK.
[2024/01/07 06:51:31]      Max cell openness = 3.176373552203076e-16 OK.
[2024/01/07 06:51:31]      Max aspect ratio = 3.333333333492265 OK.
[2024/01/07 06:51:31]      Minimum face area = 1.499999999935995e-07. Maximum face area = 5.000000000129904e-07.  Face area magnitudes OK.
[2024/01/07 06:51:31]      Min volume = 1.499999999944929e-10. Max volume = 1.500000000034984e-10.  Total volume = 4.500000000002841e-07.  Cell volumes OK.
[2024/01/07 06:51:31]      Mesh non-orthogonality Max: 0 average: 0
[2024/01/07 06:51:31]      Non-orthogonality check OK.
[2024/01/07 06:51:31]      Face pyramids OK.
[2024/01/07 06:51:31]      Max skewness = 9.432792296734318e-11 OK.
[2024/01/07 06:51:31]      Coupled point location match (average 0) OK.
[2024/01/07 06:51:31]  
[2024/01/07 06:51:31]  Mesh OK.
[2024/01/07 06:51:31]  
[2024/01/07 06:51:31]  Time = 1
[2024/01/07 06:51:31]  
[2024/01/07 06:51:31]  U Initial residual: (1.616140721603695e-07 2.683678761911468e-07 0.001076122539959093)
[2024/01/07 06:51:31]  U   Final residual: (6.539761957289105e-09 1.287837743862639e-08 4.474357689170314e-05)
[2024/01/07 06:51:31]  p Initial residual: 8.701547269746505e-07
[2024/01/07 06:51:31]  p   Final residual: 4.374479048069444e-08
[2024/01/07 06:51:31]  Time step continuity errors : sum local = 1.600529245351785e-07
[2024/01/07 06:51:31]                                   global = -2.342924515023162e-08
[2024/01/07 06:51:31]                               cumulative = 0.001719641533043016
[2024/01/07 06:51:31]  yPlus min: 0 max: 0 mean: 0
[2024/01/07 06:51:31]  PL-part1-totalPressure: 15.24325213750878
[2024/01/07 06:51:31]  PL-part2-totalPressure: -9.601576265344576
[2024/01/07 06:51:31]  VOLUME-part1-variableVolSum: 1.000198356946822e-05
[2024/01/07 06:51:31]  ExecutionTime = 1146.83 s  ClockTime = 2097 s
[2024/01/07 06:51:31]  
[2024/01/07 06:51:31]  Time = 1
[2024/01/07 06:51:31]  Minimal residual 8.701547269746505e-07 satisfied the prescribed tolerance 1e-06
[2024/01/07 06:51:31]  
[2024/01/07 06:51:31]  PL-part1-totalPressure: 15.24325213750878
[2024/01/07 06:51:31]  PL-part2-totalPressure: -9.601576265344576
[2024/01/07 06:51:31]  VOLUME-part1-variableVolSum: 1.000198356946822e-05
[2024/01/07 06:51:31]  Printing Primal Residual Statistics.
[2024/01/07 06:51:31]  U Residual Norm2: (0.001645602505927431 0.000541439729210776 1.182658676654369e-13)
[2024/01/07 06:51:31]  U Residual Mean: (1.74259058301443e-05 5.649476970113782e-06 1.512858685224285e-15)
[2024/01/07 06:51:31]  U Residual Max: (0.0001022754138950699 5.389314614434593e-05 1.079829468255803e-14)
[2024/01/07 06:51:31]  p Residual Norm2: 0.0006133755066943462
[2024/01/07 06:51:31]  p Residual Mean: 2.536214517782627e-06
[2024/01/07 06:51:31]  p Residual Max: 0.0002030801832750937
[2024/01/07 06:51:31]  phi Residual Norm2: 1.083860177768992e-06
[2024/01/07 06:51:31]  phi Residual Mean: 3.516664697779817e-09
[2024/01/07 06:51:31]  phi Residual Max: 7.540482234471277e-08
[2024/01/07 06:51:31]  End
[2024/01/07 06:51:31]  
[2024/01/07 06:51:31]  Objective Functions: 
[2024/01/07 06:51:31]  {'PL': 5.641675872164209, 'VOLUME': 1.0001983569468223e-05, 'fail': False}
[2024/01/07 06:51:31]  Flow Runtime: 2.94818
[2024/01/07 06:51:31]  
[2024/01/07 06:51:31]  
[2024/01/07 06:51:31]  +--------------------------------------------------------------------------+
[2024/01/07 06:51:31]  |                  Evaluating Objective Functions 154                      |
[2024/01/07 06:51:31]  +--------------------------------------------------------------------------+
[2024/01/07 06:51:31]  Design Variables: 
[2024/01/07 06:51:31]  OrderedDict([('alphaPorosity', array([  1.9010021354270383,   1.8692495559863802,   1.8394254600730848,
[2024/01/07 06:51:31]         ..., 322.4211030592223   , 323.0084337369671   ,
[2024/01/07 06:51:31]         323.4244749239535   ]))])
[2024/01/07 06:51:31]  DVGeo PointSet UpToDate: False
[2024/01/07 06:51:31]  Updating DVGeo PointSet....
[2024/01/07 06:51:31]  DVGeo PointSet UpToDate: True
[2024/01/07 06:51:31]  Warping the volume mesh....
[2024/01/07 06:51:31]  Setting up primal boundary conditions based on pyOptions: 
[2024/01/07 06:51:31]  Setting primal boundary conditions...
[2024/01/07 06:51:31]  Setting U = (0.1 0 0) at inlet
[2024/01/07 06:51:31]  Setting primal boundary conditions...
[2024/01/07 06:51:31]  Setting p = 0 at outlet
[2024/01/07 06:51:31]  nuTilda not found, skip it.
[2024/01/07 06:51:31]  Setting nut wall BC for wallBoundary. BCType=nutkWallFunction
[2024/01/07 06:51:31]  Running Primal Solver 154
[2024/01/07 06:51:31]  Previous solution time 1 found and deleted.
[2024/01/07 06:51:31]  No finite volume options present
[2024/01/07 06:51:31]  
[2024/01/07 06:51:31]  Starting time loop
[2024/01/07 06:51:31]  
[2024/01/07 06:51:31]  Checking mesh quality for time = 0
[2024/01/07 06:51:36]      Overall domain bounding box (7.181318501078189e-16 -1.399990449424424e-15 -5.718082257688551e-15) (0.02999999999999962 0.01500000000001617 0.001000000000005718)
[2024/01/07 06:51:36]      Mesh has 3 geometric (non-empty/wedge) directions 3{1}
[2024/01/07 06:51:36]      Mesh has 3 solution (non-empty) directions 3{1}
[2024/01/07 06:51:36]      Boundary openness (-6.947448714353218e-18 9.793123156124281e-19 -3.04020355740097e-16) OK.
[2024/01/07 06:51:36]      Max cell openness = 3.176373552203076e-16 OK.
[2024/01/07 06:51:36]      Max aspect ratio = 3.333333333492265 OK.
[2024/01/07 06:51:36]      Minimum face area = 1.499999999935995e-07. Maximum face area = 5.000000000129904e-07.  Face area magnitudes OK.
[2024/01/07 06:51:36]      Min volume = 1.499999999944929e-10. Max volume = 1.500000000034984e-10.  Total volume = 4.500000000002841e-07.  Cell volumes OK.
[2024/01/07 06:51:36]      Mesh non-orthogonality Max: 0 average: 0
[2024/01/07 06:51:36]      Non-orthogonality check OK.
[2024/01/07 06:51:36]      Face pyramids OK.
[2024/01/07 06:51:36]      Max skewness = 9.432792296734318e-11 OK.
[2024/01/07 06:51:36]      Coupled point location match (average 0) OK.
[2024/01/07 06:51:36]  
[2024/01/07 06:51:36]  Mesh OK.
[2024/01/07 06:51:36]  
[2024/01/07 06:51:36]  Time = 1
[2024/01/07 06:51:36]  
[2024/01/07 06:51:36]  U Initial residual: (1.54540837659434e-07 2.592407891171997e-07 0.001129885891348694)
[2024/01/07 06:51:36]  U   Final residual: (6.248945322505045e-09 1.241376530937955e-08 4.631393643807718e-05)
[2024/01/07 06:51:36]  p Initial residual: 7.95907842141196e-07
[2024/01/07 06:51:36]  p   Final residual: 4.147835302398168e-08
[2024/01/07 06:51:36]  Time step continuity errors : sum local = 1.51760544594548e-07
[2024/01/07 06:51:36]                                   global = -2.188313894496383e-08
[2024/01/07 06:51:36]                               cumulative = 0.001719619649904071
[2024/01/07 06:51:36]  yPlus min: 0 max: 0 mean: 0
[2024/01/07 06:51:36]  PL-part1-totalPressure: 15.24325614025885
[2024/01/07 06:51:36]  PL-part2-totalPressure: -9.601576396747786
[2024/01/07 06:51:36]  VOLUME-part1-variableVolSum: 1.000198356885405e-05
[2024/01/07 06:51:36]  ExecutionTime = 1148.9 s  ClockTime = 2101 s
[2024/01/07 06:51:36]  
[2024/01/07 06:51:36]  Time = 1
[2024/01/07 06:51:36]  Minimal residual 7.95907842141196e-07 satisfied the prescribed tolerance 1e-06
[2024/01/07 06:51:36]  
[2024/01/07 06:51:36]  PL-part1-totalPressure: 15.24325614025885
[2024/01/07 06:51:36]  PL-part2-totalPressure: -9.601576396747786
[2024/01/07 06:51:36]  VOLUME-part1-variableVolSum: 1.000198356885405e-05
[2024/01/07 06:51:36]  Printing Primal Residual Statistics.
[2024/01/07 06:51:36]  U Residual Norm2: (0.001586020433860976 0.0005181216591970041 1.151415747495884e-13)
[2024/01/07 06:51:36]  U Residual Mean: (1.668157549775407e-05 5.393819647455181e-06 1.482428013599536e-15)
[2024/01/07 06:51:36]  U Residual Max: (9.859661769873185e-05 5.255699583461837e-05 9.875729534427933e-15)
[2024/01/07 06:51:36]  p Residual Norm2: 0.0005405639673859938
[2024/01/07 06:51:36]  p Residual Mean: 2.303961793703474e-06
[2024/01/07 06:51:36]  p Residual Max: 0.0001782970949108387
[2024/01/07 06:51:36]  phi Residual Norm2: 1.037244000030085e-06
[2024/01/07 06:51:36]  phi Residual Mean: 3.399952820496905e-09
[2024/01/07 06:51:36]  phi Residual Max: 7.171470643551584e-08
[2024/01/07 06:51:36]  End
[2024/01/07 06:51:36]  
[2024/01/07 06:51:36]  Objective Functions: 
[2024/01/07 06:51:36]  {'PL': 5.641679743511064, 'VOLUME': 1.0001983568854046e-05, 'fail': False}
[2024/01/07 06:51:36]  Flow Runtime: 2.97398
[2024/01/07 06:51:36]  
[2024/01/07 06:51:36]  
[2024/01/07 06:51:36]  +--------------------------------------------------------------------------+
[2024/01/07 06:51:36]  |                  Evaluating Objective Functions 155                      |
[2024/01/07 06:51:36]  +--------------------------------------------------------------------------+
[2024/01/07 06:51:36]  Design Variables: 
[2024/01/07 06:51:36]  OrderedDict([('alphaPorosity', array([  1.9010023047813813,   1.86924971998796  ,   1.8394256188087208,
[2024/01/07 06:51:36]         ..., 322.42111127308016  , 323.0084421332175   ,
[2024/01/07 06:51:36]         323.42448352536854  ]))])
[2024/01/07 06:51:36]  DVGeo PointSet UpToDate: False
[2024/01/07 06:51:36]  Updating DVGeo PointSet....
[2024/01/07 06:51:36]  DVGeo PointSet UpToDate: True
[2024/01/07 06:51:36]  Warping the volume mesh....
[2024/01/07 06:51:36]  Setting up primal boundary conditions based on pyOptions: 
[2024/01/07 06:51:36]  Setting primal boundary conditions...
[2024/01/07 06:51:36]  Setting U = (0.1 0 0) at inlet
[2024/01/07 06:51:36]  Setting primal boundary conditions...
[2024/01/07 06:51:36]  Setting p = 0 at outlet
[2024/01/07 06:51:36]  nuTilda not found, skip it.
[2024/01/07 06:51:36]  Setting nut wall BC for wallBoundary. BCType=nutkWallFunction
[2024/01/07 06:51:36]  Running Primal Solver 155
[2024/01/07 06:51:36]  Previous solution time 1 found and deleted.
[2024/01/07 06:51:36]  No finite volume options present
[2024/01/07 06:51:36]  
[2024/01/07 06:51:36]  Starting time loop
[2024/01/07 06:51:36]  
[2024/01/07 06:51:36]  Checking mesh quality for time = 0
[2024/01/07 06:51:36]      Overall domain bounding box (7.181318501078189e-16 -1.399990449424424e-15 -5.718082257688551e-15) (0.02999999999999962 0.01500000000001617 0.001000000000005718)
[2024/01/07 06:51:36]      Mesh has 3 geometric (non-empty/wedge) directions 3{1}
[2024/01/07 06:51:36]      Mesh has 3 solution (non-empty) directions 3{1}
[2024/01/07 06:51:36]      Boundary openness (-6.947448714353218e-18 9.793123156124281e-19 -3.04020355740097e-16) OK.
[2024/01/07 06:51:36]      Max cell openness = 3.176373552203076e-16 OK.
[2024/01/07 06:51:36]      Max aspect ratio = 3.333333333492265 OK.
[2024/01/07 06:51:36]      Minimum face area = 1.499999999935995e-07. Maximum face area = 5.000000000129904e-07.  Face area magnitudes OK.
[2024/01/07 06:51:42]      Min volume = 1.499999999944929e-10. Max volume = 1.500000000034984e-10.  Total volume = 4.500000000002841e-07.  Cell volumes OK.
[2024/01/07 06:51:42]      Mesh non-orthogonality Max: 0 average: 0
[2024/01/07 06:51:42]      Non-orthogonality check OK.
[2024/01/07 06:51:42]      Face pyramids OK.
[2024/01/07 06:51:42]      Max skewness = 9.432792296734318e-11 OK.
[2024/01/07 06:51:42]      Coupled point location match (average 0) OK.
[2024/01/07 06:51:42]  
[2024/01/07 06:51:42]  Mesh OK.
[2024/01/07 06:51:42]  
[2024/01/07 06:51:42]  Time = 1
[2024/01/07 06:51:42]  
[2024/01/07 06:51:42]  U Initial residual: (1.466695031624515e-07 2.4533925802619e-07 0.001107251308528031)
[2024/01/07 06:51:42]  U   Final residual: (5.912125700303109e-09 1.169014731016102e-08 4.328658651449393e-05)
[2024/01/07 06:51:42]  p Initial residual: 6.993854156355181e-07
[2024/01/07 06:51:42]  p   Final residual: 4.253890170670991e-08
[2024/01/07 06:51:42]  Time step continuity errors : sum local = 1.55640915163896e-07
[2024/01/07 06:51:42]                                   global = -1.88333912162857e-08
[2024/01/07 06:51:42]                               cumulative = 0.001719600816512855
[2024/01/07 06:51:42]  yPlus min: 0 max: 0 mean: 0
[2024/01/07 06:51:42]  PL-part1-totalPressure: 15.24326072064974
[2024/01/07 06:51:42]  PL-part2-totalPressure: -9.601576507675194
[2024/01/07 06:51:42]  VOLUME-part1-variableVolSum: 1.000198356854695e-05
[2024/01/07 06:51:42]  ExecutionTime = 1151.03 s  ClockTime = 2105 s
[2024/01/07 06:51:42]  
[2024/01/07 06:51:42]  Time = 1
[2024/01/07 06:51:42]  Minimal residual 6.993854156355181e-07 satisfied the prescribed tolerance 1e-06
[2024/01/07 06:51:42]  
[2024/01/07 06:51:42]  PL-part1-totalPressure: 15.24326072064974
[2024/01/07 06:51:42]  PL-part2-totalPressure: -9.601576507675194
[2024/01/07 06:51:42]  VOLUME-part1-variableVolSum: 1.000198356854695e-05
[2024/01/07 06:51:42]  Printing Primal Residual Statistics.
[2024/01/07 06:51:42]  U Residual Norm2: (0.001521929405491398 0.0004896424849554623 1.151819205203292e-13)
[2024/01/07 06:51:42]  U Residual Mean: (1.590416589835261e-05 5.038376135261793e-06 1.493333031243097e-15)
[2024/01/07 06:51:42]  U Residual Max: (9.501482499518765e-05 5.119650809071175e-05 9.8692385514759e-15)
[2024/01/07 06:51:42]  p Residual Norm2: 0.0004358102903535639
[2024/01/07 06:51:42]  p Residual Mean: 1.999079042356501e-06
[2024/01/07 06:51:42]  p Residual Max: 0.0001412444660785109
[2024/01/07 06:51:42]  phi Residual Norm2: 9.846538772284566e-07
[2024/01/07 06:51:42]  phi Residual Mean: 3.24972448391952e-09
[2024/01/07 06:51:42]  phi Residual Max: 6.738467853548524e-08
[2024/01/07 06:51:42]  End
[2024/01/07 06:51:42]  
[2024/01/07 06:51:42]  Objective Functions: 
[2024/01/07 06:51:42]  {'PL': 5.641684212974544, 'VOLUME': 1.0001983568546951e-05, 'fail': False}
[2024/01/07 06:51:42]  Flow Runtime: 2.94581
[2024/01/07 06:51:42]  
[2024/01/07 06:51:42]  
[2024/01/07 06:51:42]  +--------------------------------------------------------------------------+
[2024/01/07 06:51:42]  |                  Evaluating Objective Functions 156                      |
[2024/01/07 06:51:42]  +--------------------------------------------------------------------------+
[2024/01/07 06:51:42]  Design Variables: 
[2024/01/07 06:51:42]  OrderedDict([('alphaPorosity', array([  1.9010023894585528,   1.8692498019887502,   1.8394256981765384,
[2024/01/07 06:51:42]         ..., 322.42111538000904  , 323.00844633134267  ,
[2024/01/07 06:51:42]         323.42448782607613  ]))])
[2024/01/07 06:51:42]  DVGeo PointSet UpToDate: False
[2024/01/07 06:51:42]  Updating DVGeo PointSet....
[2024/01/07 06:51:42]  DVGeo PointSet UpToDate: True
[2024/01/07 06:51:42]  Warping the volume mesh....
[2024/01/07 06:51:42]  Setting up primal boundary conditions based on pyOptions: 
[2024/01/07 06:51:42]  Setting primal boundary conditions...
[2024/01/07 06:51:42]  Setting U = (0.1 0 0) at inlet
[2024/01/07 06:51:42]  Setting primal boundary conditions...
[2024/01/07 06:51:42]  Setting p = 0 at outlet
[2024/01/07 06:51:42]  nuTilda not found, skip it.
[2024/01/07 06:51:42]  Setting nut wall BC for wallBoundary. BCType=nutkWallFunction
[2024/01/07 06:51:42]  Running Primal Solver 156
[2024/01/07 06:51:42]  Previous solution time 1 found and deleted.
[2024/01/07 06:51:42]  No finite volume options present
[2024/01/07 06:51:42]  
[2024/01/07 06:51:42]  Starting time loop
[2024/01/07 06:51:42]  
[2024/01/07 06:51:42]  Checking mesh quality for time = 0
[2024/01/07 06:51:42]      Overall domain bounding box (7.181318501078189e-16 -1.399990449424424e-15 -5.718082257688551e-15) (0.02999999999999962 0.01500000000001617 0.001000000000005718)
[2024/01/07 06:51:42]      Mesh has 3 geometric (non-empty/wedge) directions 3{1}
[2024/01/07 06:51:42]      Mesh has 3 solution (non-empty) directions 3{1}
[2024/01/07 06:51:42]      Boundary openness (-6.947448714353218e-18 9.793123156124281e-19 -3.04020355740097e-16) OK.
[2024/01/07 06:51:42]      Max cell openness = 3.176373552203076e-16 OK.
[2024/01/07 06:51:42]      Max aspect ratio = 3.333333333492265 OK.
[2024/01/07 06:51:42]      Minimum face area = 1.499999999935995e-07. Maximum face area = 5.000000000129904e-07.  Face area magnitudes OK.
[2024/01/07 06:51:42]      Min volume = 1.499999999944929e-10. Max volume = 1.500000000034984e-10.  Total volume = 4.500000000002841e-07.  Cell volumes OK.
[2024/01/07 06:51:42]      Mesh non-orthogonality Max: 0 average: 0
[2024/01/07 06:51:42]      Non-orthogonality check OK.
[2024/01/07 06:51:42]      Face pyramids OK.
[2024/01/07 06:51:42]      Max skewness = 9.432792296734318e-11 OK.
[2024/01/07 06:51:42]      Coupled point location match (average 0) OK.
[2024/01/07 06:51:42]  
[2024/01/07 06:51:42]  Mesh OK.
[2024/01/07 06:51:42]  
[2024/01/07 06:51:42]  Time = 1
[2024/01/07 06:51:42]  
[2024/01/07 06:51:42]  U Initial residual: (1.392021133850545e-07 2.28160303668839e-07 0.001115231180410381)
[2024/01/07 06:51:42]  U   Final residual: (5.573583248946986e-09 1.078343588098647e-08 4.169815486438531e-05)
[2024/01/07 06:51:42]  p Initial residual: 5.932076270571148e-07
[2024/01/07 06:51:42]  p   Final residual: 4.102144490214782e-08
[2024/01/07 06:51:46]  Time step continuity errors : sum local = 1.500889108719563e-07
[2024/01/07 06:51:46]                                   global = -1.745976335817654e-08
[2024/01/07 06:51:46]                               cumulative = 0.001719583356749496
[2024/01/07 06:51:46]  yPlus min: 0 max: 0 mean: 0
[2024/01/07 06:51:46]  PL-part1-totalPressure: 15.24326558609518
[2024/01/07 06:51:46]  PL-part2-totalPressure: -9.60157660095129
[2024/01/07 06:51:46]  VOLUME-part1-variableVolSum: 1.000198356839341e-05
[2024/01/07 06:51:46]  ExecutionTime = 1153.25 s  ClockTime = 2110 s
[2024/01/07 06:51:46]  
[2024/01/07 06:51:46]  Time = 1
[2024/01/07 06:51:46]  Minimal residual 5.932076270571148e-07 satisfied the prescribed tolerance 1e-06
[2024/01/07 06:51:46]  
[2024/01/07 06:51:46]  PL-part1-totalPressure: 15.24326558609518
[2024/01/07 06:51:46]  PL-part2-totalPressure: -9.60157660095129
[2024/01/07 06:51:46]  VOLUME-part1-variableVolSum: 1.000198356839341e-05
[2024/01/07 06:51:46]  Printing Primal Residual Statistics.
[2024/01/07 06:51:46]  U Residual Norm2: (0.001458599593836435 0.0004603409729640799 1.182503928615099e-13)
[2024/01/07 06:51:46]  U Residual Mean: (1.517572063189251e-05 4.661774902606589e-06 1.536741522042708e-15)
[2024/01/07 06:51:46]  U Residual Max: (9.155456374032589e-05 4.978968120017413e-05 1.306012939349385e-14)
[2024/01/07 06:51:46]  p Residual Norm2: 0.000338087279096168
[2024/01/07 06:51:46]  p Residual Mean: 1.686617406265343e-06
[2024/01/07 06:51:46]  p Residual Max: 0.0001036893970659739
[2024/01/07 06:51:46]  phi Residual Norm2: 9.333953921132469e-07
[2024/01/07 06:51:46]  phi Residual Mean: 3.068533129130474e-09
[2024/01/07 06:51:46]  phi Residual Max: 6.285900431525665e-08
[2024/01/07 06:51:46]  End
[2024/01/07 06:51:46]  
[2024/01/07 06:51:46]  Objective Functions: 
[2024/01/07 06:51:46]  {'PL': 5.6416889851438885, 'VOLUME': 1.000198356839341e-05, 'fail': False}
[2024/01/07 06:51:46]  Flow Runtime: 2.98412
[2024/01/07 06:51:46]  
[2024/01/07 06:51:46]  
[2024/01/07 06:51:46]  +--------------------------------------------------------------------------+
[2024/01/07 06:51:46]  |                  Evaluating Objective Functions 157                      |
[2024/01/07 06:51:46]  +--------------------------------------------------------------------------+
[2024/01/07 06:51:46]  Design Variables: 
[2024/01/07 06:51:46]  OrderedDict([('alphaPorosity', array([  1.9010024317971386,   1.8692498429891449,   1.8394257378604475,
[2024/01/07 06:51:46]         ..., 322.4211174334735   , 323.00844843040534  ,
[2024/01/07 06:51:46]         323.4244899764299   ]))])
[2024/01/07 06:51:46]  DVGeo PointSet UpToDate: False
[2024/01/07 06:51:46]  Updating DVGeo PointSet....
[2024/01/07 06:51:46]  DVGeo PointSet UpToDate: True
[2024/01/07 06:51:46]  Warping the volume mesh....
[2024/01/07 06:51:46]  Setting up primal boundary conditions based on pyOptions: 
[2024/01/07 06:51:46]  Setting primal boundary conditions...
[2024/01/07 06:51:46]  Setting U = (0.1 0 0) at inlet
[2024/01/07 06:51:46]  Setting primal boundary conditions...
[2024/01/07 06:51:46]  Setting p = 0 at outlet
[2024/01/07 06:51:46]  nuTilda not found, skip it.
[2024/01/07 06:51:46]  Setting nut wall BC for wallBoundary. BCType=nutkWallFunction
[2024/01/07 06:51:46]  Running Primal Solver 157
[2024/01/07 06:51:46]  Previous solution time 1 found and deleted.
[2024/01/07 06:51:46]  No finite volume options present
[2024/01/07 06:51:46]  
[2024/01/07 06:51:46]  Starting time loop
[2024/01/07 06:51:46]  
[2024/01/07 06:51:46]  Checking mesh quality for time = 0
[2024/01/07 06:51:46]      Overall domain bounding box (7.181318501078189e-16 -1.399990449424424e-15 -5.718082257688551e-15) (0.02999999999999962 0.01500000000001617 0.001000000000005718)
[2024/01/07 06:51:46]      Mesh has 3 geometric (non-empty/wedge) directions 3{1}
[2024/01/07 06:51:46]      Mesh has 3 solution (non-empty) directions 3{1}
[2024/01/07 06:51:46]      Boundary openness (-6.947448714353218e-18 9.793123156124281e-19 -3.04020355740097e-16) OK.
[2024/01/07 06:51:46]      Max cell openness = 3.176373552203076e-16 OK.
[2024/01/07 06:51:46]      Max aspect ratio = 3.333333333492265 OK.
[2024/01/07 06:51:46]      Minimum face area = 1.499999999935995e-07. Maximum face area = 5.000000000129904e-07.  Face area magnitudes OK.
[2024/01/07 06:51:46]      Min volume = 1.499999999944929e-10. Max volume = 1.500000000034984e-10.  Total volume = 4.500000000002841e-07.  Cell volumes OK.
[2024/01/07 06:51:46]      Mesh non-orthogonality Max: 0 average: 0
[2024/01/07 06:51:46]      Non-orthogonality check OK.
[2024/01/07 06:51:46]      Face pyramids OK.
[2024/01/07 06:51:46]      Max skewness = 9.432792296734318e-11 OK.
[2024/01/07 06:51:46]      Coupled point location match (average 0) OK.
[2024/01/07 06:51:46]  
[2024/01/07 06:51:46]  Mesh OK.
[2024/01/07 06:51:46]  
[2024/01/07 06:51:46]  Time = 1
[2024/01/07 06:51:46]  
[2024/01/07 06:51:46]  U Initial residual: (1.325407913197541e-07 2.106205426326248e-07 0.00114780801154045)
[2024/01/07 06:51:46]  U   Final residual: (5.253647053648806e-09 9.835488664074354e-09 4.541031746787416e-05)
[2024/01/07 06:51:46]  p Initial residual: 4.960485334577362e-07
[2024/01/07 06:51:46]  p   Final residual: 3.660091965447678e-08
[2024/01/07 06:51:46]  Time step continuity errors : sum local = 1.339151826225875e-07
[2024/01/07 06:51:46]                                   global = -1.799493537426876e-08
[2024/01/07 06:51:46]                               cumulative = 0.001719565361814122
[2024/01/07 06:51:46]  yPlus min: 0 max: 0 mean: 0
[2024/01/07 06:51:46]  PL-part1-totalPressure: 15.24327030559793
[2024/01/07 06:51:46]  PL-part2-totalPressure: -9.601576682648524
[2024/01/07 06:51:46]  VOLUME-part1-variableVolSum: 1.000198356831663e-05
[2024/01/07 06:51:46]  ExecutionTime = 1155.42 s  ClockTime = 2114 s
[2024/01/07 06:51:46]  
[2024/01/07 06:51:46]  Time = 1
[2024/01/07 06:51:46]  Minimal residual 4.960485334577362e-07 satisfied the prescribed tolerance 1e-06
[2024/01/07 06:51:46]  
[2024/01/07 06:51:46]  PL-part1-totalPressure: 15.24327030559793
[2024/01/07 06:51:46]  PL-part2-totalPressure: -9.601576682648524
[2024/01/07 06:51:51]  VOLUME-part1-variableVolSum: 1.000198356831663e-05
[2024/01/07 06:51:51]  Printing Primal Residual Statistics.
[2024/01/07 06:51:51]  U Residual Norm2: (0.001397485157094988 0.0004334046178154076 1.126159206874979e-13)
[2024/01/07 06:51:51]  U Residual Mean: (1.446294077540901e-05 4.334908727013043e-06 1.468612924941011e-15)
[2024/01/07 06:51:51]  U Residual Max: (8.811890030058223e-05 4.830027017177496e-05 1.082275382796988e-14)
[2024/01/07 06:51:51]  p Residual Norm2: 0.0002633631197957356
[2024/01/07 06:51:51]  p Residual Mean: 1.417201825518736e-06
[2024/01/07 06:51:51]  p Residual Max: 9.937304010794717e-05
[2024/01/07 06:51:51]  phi Residual Norm2: 8.857901583463005e-07
[2024/01/07 06:51:51]  phi Residual Mean: 2.865675533620635e-09
[2024/01/07 06:51:51]  phi Residual Max: 5.849166855789667e-08
[2024/01/07 06:51:51]  End
[2024/01/07 06:51:51]  
[2024/01/07 06:51:51]  Objective Functions: 
[2024/01/07 06:51:51]  {'PL': 5.641693622949404, 'VOLUME': 1.0001983568316634e-05, 'fail': False}
[2024/01/07 06:51:51]  Flow Runtime: 3.07617
[2024/01/07 06:51:51]  
[2024/01/07 06:51:51]  
[2024/01/07 06:51:51]  +--------------------------------------------------------------------------+
[2024/01/07 06:51:51]  |                  Evaluating Objective Functions 158                      |
[2024/01/07 06:51:51]  +--------------------------------------------------------------------------+
[2024/01/07 06:51:51]  Design Variables: 
[2024/01/07 06:51:51]  OrderedDict([('alphaPorosity', array([  1.9010024529664311,   1.8692498634893426,   1.839425757702402 ,
[2024/01/07 06:51:51]         ..., 322.4211184602058   , 323.00844947993664  ,
[2024/01/07 06:51:51]         323.4244910516068   ]))])
[2024/01/07 06:51:51]  DVGeo PointSet UpToDate: False
[2024/01/07 06:51:51]  Updating DVGeo PointSet....
[2024/01/07 06:51:51]  DVGeo PointSet UpToDate: True
[2024/01/07 06:51:51]  Warping the volume mesh....
[2024/01/07 06:51:51]  Setting up primal boundary conditions based on pyOptions: 
[2024/01/07 06:51:51]  Setting primal boundary conditions...
[2024/01/07 06:51:51]  Setting U = (0.1 0 0) at inlet
[2024/01/07 06:51:51]  Setting primal boundary conditions...
[2024/01/07 06:51:51]  Setting p = 0 at outlet
[2024/01/07 06:51:51]  nuTilda not found, skip it.
[2024/01/07 06:51:51]  Setting nut wall BC for wallBoundary. BCType=nutkWallFunction
[2024/01/07 06:51:51]  Running Primal Solver 158
[2024/01/07 06:51:51]  Previous solution time 1 found and deleted.
[2024/01/07 06:51:51]  No finite volume options present
[2024/01/07 06:51:51]  
[2024/01/07 06:51:51]  Starting time loop
[2024/01/07 06:51:51]  
[2024/01/07 06:51:51]  Checking mesh quality for time = 0
[2024/01/07 06:51:51]      Overall domain bounding box (7.181318501078189e-16 -1.399990449424424e-15 -5.718082257688551e-15) (0.02999999999999962 0.01500000000001617 0.001000000000005718)
[2024/01/07 06:51:51]      Mesh has 3 geometric (non-empty/wedge) directions 3{1}
[2024/01/07 06:51:51]      Mesh has 3 solution (non-empty) directions 3{1}
[2024/01/07 06:51:51]      Boundary openness (-6.947448714353218e-18 9.793123156124281e-19 -3.04020355740097e-16) OK.
[2024/01/07 06:51:51]      Max cell openness = 3.176373552203076e-16 OK.
[2024/01/07 06:51:51]      Max aspect ratio = 3.333333333492265 OK.
[2024/01/07 06:51:51]      Minimum face area = 1.499999999935995e-07. Maximum face area = 5.000000000129904e-07.  Face area magnitudes OK.
[2024/01/07 06:51:51]      Min volume = 1.499999999944929e-10. Max volume = 1.500000000034984e-10.  Total volume = 4.500000000002841e-07.  Cell volumes OK.
[2024/01/07 06:51:51]      Mesh non-orthogonality Max: 0 average: 0
[2024/01/07 06:51:51]      Non-orthogonality check OK.
[2024/01/07 06:51:51]      Face pyramids OK.
[2024/01/07 06:51:51]      Max skewness = 9.432792296734318e-11 OK.
[2024/01/07 06:51:51]      Coupled point location match (average 0) OK.
[2024/01/07 06:51:51]  
[2024/01/07 06:51:51]  Mesh OK.
[2024/01/07 06:51:51]  
[2024/01/07 06:51:51]  Time = 1
[2024/01/07 06:51:51]  
[2024/01/07 06:51:51]  U Initial residual: (1.261772163405388e-07 1.956106492994936e-07 0.001096957202508283)
[2024/01/07 06:51:51]  U   Final residual: (4.952161713898279e-09 9.006419127234148e-09 4.630089283578771e-05)
[2024/01/07 06:51:51]  p Initial residual: 4.142571395776359e-07
[2024/01/07 06:51:51]  p   Final residual: 3.077111753356743e-08
[2024/01/07 06:51:51]  Time step continuity errors : sum local = 1.125851883524946e-07
[2024/01/07 06:51:51]                                   global = -1.806277100436445e-08
[2024/01/07 06:51:51]                               cumulative = 0.001719547299043118
[2024/01/07 06:51:51]  yPlus min: 0 max: 0 mean: 0
[2024/01/07 06:51:51]  PL-part1-totalPressure: 15.24327479545731
[2024/01/07 06:51:51]  PL-part2-totalPressure: -9.601576755462412
[2024/01/07 06:51:51]  VOLUME-part1-variableVolSum: 1.000198356827825e-05
[2024/01/07 06:51:51]  ExecutionTime = 1157.57 s  ClockTime = 2118 s
[2024/01/07 06:51:51]  
[2024/01/07 06:51:51]  Time = 1
[2024/01/07 06:51:51]  Minimal residual 4.142571395776359e-07 satisfied the prescribed tolerance 1e-06
[2024/01/07 06:51:51]  
[2024/01/07 06:51:51]  PL-part1-totalPressure: 15.24327479545731
[2024/01/07 06:51:51]  PL-part2-totalPressure: -9.601576755462412
[2024/01/07 06:51:51]  VOLUME-part1-variableVolSum: 1.000198356827825e-05
[2024/01/07 06:51:51]  Printing Primal Residual Statistics.
[2024/01/07 06:51:51]  U Residual Norm2: (0.001338799440919913 0.0004103696062428758 1.140670845554155e-13)
[2024/01/07 06:51:51]  U Residual Mean: (1.375760720808207e-05 4.074113352085986e-06 1.482051178991898e-15)
[2024/01/07 06:51:51]  U Residual Max: (8.463820289805746e-05 4.673377924224731e-05 1.061789884004892e-14)
[2024/01/07 06:51:51]  p Residual Norm2: 0.0002130854578310993
[2024/01/07 06:51:51]  p Residual Mean: 1.199616267893002e-06
[2024/01/07 06:51:51]  p Residual Max: 9.613967744010164e-05
[2024/01/07 06:51:51]  phi Residual Norm2: 8.422484708686563e-07
[2024/01/07 06:51:51]  phi Residual Mean: 2.670599699876627e-09
[2024/01/07 06:51:51]  phi Residual Max: 5.443334871031269e-08
[2024/01/07 06:51:51]  End
[2024/01/07 06:51:51]  
[2024/01/07 06:51:51]  Objective Functions: 
[2024/01/07 06:51:57]  {'PL': 5.641698039994896, 'VOLUME': 1.0001983568278248e-05, 'fail': False}
[2024/01/07 06:51:57]  Flow Runtime: 2.94047
[2024/01/07 06:51:57]  
[2024/01/07 06:51:57]  
[2024/01/07 06:51:57]  +--------------------------------------------------------------------------+
[2024/01/07 06:51:57]  |                  Evaluating Objective Functions 159                      |
[2024/01/07 06:51:57]  +--------------------------------------------------------------------------+
[2024/01/07 06:51:57]  Design Variables: 
[2024/01/07 06:51:57]  OrderedDict([('alphaPorosity', array([  1.9010024635510776,   1.8692498737394412,   1.839425767623379 ,
[2024/01/07 06:51:57]         ..., 322.42111897357194  , 323.0084500047023   ,
[2024/01/07 06:51:57]         323.42449158919527  ]))])
[2024/01/07 06:51:57]  DVGeo PointSet UpToDate: False
[2024/01/07 06:51:57]  Updating DVGeo PointSet....
[2024/01/07 06:51:57]  DVGeo PointSet UpToDate: True
[2024/01/07 06:51:57]  Warping the volume mesh....
[2024/01/07 06:51:57]  Setting up primal boundary conditions based on pyOptions: 
[2024/01/07 06:51:57]  Setting primal boundary conditions...
[2024/01/07 06:51:57]  Setting U = (0.1 0 0) at inlet
[2024/01/07 06:51:57]  Setting primal boundary conditions...
[2024/01/07 06:51:57]  Setting p = 0 at outlet
[2024/01/07 06:51:57]  nuTilda not found, skip it.
[2024/01/07 06:51:57]  Setting nut wall BC for wallBoundary. BCType=nutkWallFunction
[2024/01/07 06:51:57]  Running Primal Solver 159
[2024/01/07 06:51:57]  Previous solution time 1 found and deleted.
[2024/01/07 06:51:57]  No finite volume options present
[2024/01/07 06:51:57]  
[2024/01/07 06:51:57]  Starting time loop
[2024/01/07 06:51:57]  
[2024/01/07 06:51:57]  Checking mesh quality for time = 0
[2024/01/07 06:51:57]      Overall domain bounding box (7.181318501078189e-16 -1.399990449424424e-15 -5.718082257688551e-15) (0.02999999999999962 0.01500000000001617 0.001000000000005718)
[2024/01/07 06:51:57]      Mesh has 3 geometric (non-empty/wedge) directions 3{1}
[2024/01/07 06:51:57]      Mesh has 3 solution (non-empty) directions 3{1}
[2024/01/07 06:51:57]      Boundary openness (-6.947448714353218e-18 9.793123156124281e-19 -3.04020355740097e-16) OK.
[2024/01/07 06:51:57]      Max cell openness = 3.176373552203076e-16 OK.
[2024/01/07 06:51:57]      Max aspect ratio = 3.333333333492265 OK.
[2024/01/07 06:51:57]      Minimum face area = 1.499999999935995e-07. Maximum face area = 5.000000000129904e-07.  Face area magnitudes OK.
[2024/01/07 06:51:57]      Min volume = 1.499999999944929e-10. Max volume = 1.500000000034984e-10.  Total volume = 4.500000000002841e-07.  Cell volumes OK.
[2024/01/07 06:51:57]      Mesh non-orthogonality Max: 0 average: 0
[2024/01/07 06:51:57]      Non-orthogonality check OK.
[2024/01/07 06:51:57]      Face pyramids OK.
[2024/01/07 06:51:57]      Max skewness = 9.432792296734318e-11 OK.
[2024/01/07 06:51:57]      Coupled point location match (average 0) OK.
[2024/01/07 06:51:57]  
[2024/01/07 06:51:57]  Mesh OK.
[2024/01/07 06:51:57]  
[2024/01/07 06:51:57]  Time = 1
[2024/01/07 06:51:57]  
[2024/01/07 06:51:57]  U Initial residual: (1.199547503014825e-07 1.837208978027381e-07 0.001107055685119886)
[2024/01/07 06:51:57]  U   Final residual: (4.668725436689168e-09 8.333795449781971e-09 4.440095849265972e-05)
[2024/01/07 06:51:57]  p Initial residual: 3.536026833284015e-07
[2024/01/07 06:51:57]  p   Final residual: 2.572180206411697e-08
[2024/01/07 06:51:57]  Time step continuity errors : sum local = 9.411081103313681e-08
[2024/01/07 06:51:57]                                   global = -1.713805567598581e-08
[2024/01/07 06:51:57]                               cumulative = 0.001719530160987442
[2024/01/07 06:51:57]  yPlus min: 0 max: 0 mean: 0
[2024/01/07 06:51:57]  PL-part1-totalPressure: 15.24327906213168
[2024/01/07 06:51:57]  PL-part2-totalPressure: -9.60157682165651
[2024/01/07 06:51:57]  VOLUME-part1-variableVolSum: 1.000198356825905e-05
[2024/01/07 06:51:57]  ExecutionTime = 1159.7 s  ClockTime = 2123 s
[2024/01/07 06:51:57]  
[2024/01/07 06:51:57]  Time = 1
[2024/01/07 06:51:57]  Minimal residual 3.536026833284015e-07 satisfied the prescribed tolerance 1e-06
[2024/01/07 06:51:57]  
[2024/01/07 06:51:57]  PL-part1-totalPressure: 15.24327906213168
[2024/01/07 06:51:57]  PL-part2-totalPressure: -9.60157682165651
[2024/01/07 06:51:57]  VOLUME-part1-variableVolSum: 1.000198356825905e-05
[2024/01/07 06:51:57]  Printing Primal Residual Statistics.
[2024/01/07 06:51:57]  U Residual Norm2: (0.00128265427012858 0.0003912046247354958 1.182248564591481e-13)
[2024/01/07 06:51:57]  U Residual Mean: (1.30672375075678e-05 3.854201261922729e-06 1.508511891791897e-15)
[2024/01/07 06:51:57]  U Residual Max: (8.108288026087429e-05 4.515180930675378e-05 1.061904064212409e-14)
[2024/01/07 06:51:57]  p Residual Norm2: 0.0001819967000198762
[2024/01/07 06:51:57]  p Residual Mean: 1.042532352250205e-06
[2024/01/07 06:51:57]  p Residual Max: 9.27737839165709e-05
[2024/01/07 06:51:57]  phi Residual Norm2: 8.023878450818601e-07
[2024/01/07 06:51:57]  phi Residual Mean: 2.498796551106284e-09
[2024/01/07 06:51:57]  phi Residual Max: 5.199177398991681e-08
[2024/01/07 06:51:57]  End
[2024/01/07 06:51:57]  
[2024/01/07 06:51:57]  Objective Functions: 
[2024/01/07 06:51:57]  {'PL': 5.641702240475174, 'VOLUME': 1.0001983568259055e-05, 'fail': False}
[2024/01/07 06:51:57]  Flow Runtime: 2.90813
[2024/01/07 06:51:57]  
[2024/01/07 06:51:57]  
[2024/01/07 06:51:57]  +--------------------------------------------------------------------------+
[2024/01/07 06:51:57]  |                  Evaluating Objective Functions 160                      |
[2024/01/07 06:51:57]  +--------------------------------------------------------------------------+
[2024/01/07 06:51:57]  Design Variables: 
[2024/01/07 06:51:57]  OrderedDict([('alphaPorosity', array([  1.901002468843401 ,   1.8692498788644907,   1.8394257725838676,
[2024/01/07 06:51:57]         ..., 322.42111923025493  , 323.0084502670851   ,
[2024/01/07 06:51:57]         323.4244918579895   ]))])
[2024/01/07 06:51:57]  DVGeo PointSet UpToDate: False
[2024/01/07 06:51:57]  Updating DVGeo PointSet....
[2024/01/07 06:52:01]  DVGeo PointSet UpToDate: True
[2024/01/07 06:52:01]  Warping the volume mesh....
[2024/01/07 06:52:01]  Setting up primal boundary conditions based on pyOptions: 
[2024/01/07 06:52:01]  Setting primal boundary conditions...
[2024/01/07 06:52:01]  Setting U = (0.1 0 0) at inlet
[2024/01/07 06:52:01]  Setting primal boundary conditions...
[2024/01/07 06:52:01]  Setting p = 0 at outlet
[2024/01/07 06:52:01]  nuTilda not found, skip it.
[2024/01/07 06:52:01]  Setting nut wall BC for wallBoundary. BCType=nutkWallFunction
[2024/01/07 06:52:01]  Running Primal Solver 160
[2024/01/07 06:52:01]  Previous solution time 1 found and deleted.
[2024/01/07 06:52:01]  No finite volume options present
[2024/01/07 06:52:01]  
[2024/01/07 06:52:01]  Starting time loop
[2024/01/07 06:52:01]  
[2024/01/07 06:52:01]  Checking mesh quality for time = 0
[2024/01/07 06:52:01]      Overall domain bounding box (7.181318501078189e-16 -1.399990449424424e-15 -5.718082257688551e-15) (0.02999999999999962 0.01500000000001617 0.001000000000005718)
[2024/01/07 06:52:01]      Mesh has 3 geometric (non-empty/wedge) directions 3{1}
[2024/01/07 06:52:01]      Mesh has 3 solution (non-empty) directions 3{1}
[2024/01/07 06:52:01]      Boundary openness (-6.947448714353218e-18 9.793123156124281e-19 -3.04020355740097e-16) OK.
[2024/01/07 06:52:01]      Max cell openness = 3.176373552203076e-16 OK.
[2024/01/07 06:52:01]      Max aspect ratio = 3.333333333492265 OK.
[2024/01/07 06:52:01]      Minimum face area = 1.499999999935995e-07. Maximum face area = 5.000000000129904e-07.  Face area magnitudes OK.
[2024/01/07 06:52:01]      Min volume = 1.499999999944929e-10. Max volume = 1.500000000034984e-10.  Total volume = 4.500000000002841e-07.  Cell volumes OK.
[2024/01/07 06:52:01]      Mesh non-orthogonality Max: 0 average: 0
[2024/01/07 06:52:01]      Non-orthogonality check OK.
[2024/01/07 06:52:01]      Face pyramids OK.
[2024/01/07 06:52:01]      Max skewness = 9.432792296734318e-11 OK.
[2024/01/07 06:52:01]      Coupled point location match (average 0) OK.
[2024/01/07 06:52:01]  
[2024/01/07 06:52:01]  Mesh OK.
[2024/01/07 06:52:01]  
[2024/01/07 06:52:01]  Time = 1
[2024/01/07 06:52:01]  
[2024/01/07 06:52:01]  U Initial residual: (1.139001349504226e-07 1.737474644851996e-07 0.001126515480189501)
[2024/01/07 06:52:01]  U   Final residual: (4.402797740486601e-09 7.777457827189522e-09 4.822525978573038e-05)
[2024/01/07 06:52:01]  p Initial residual: 3.096774433463256e-07
[2024/01/07 06:52:01]  p   Final residual: 2.205766909756838e-08
[2024/01/07 06:52:01]  Time step continuity errors : sum local = 8.070452461763685e-08
[2024/01/07 06:52:01]                                   global = -1.53961796187996e-08
[2024/01/07 06:52:01]                               cumulative = 0.001719514764807823
[2024/01/07 06:52:01]  yPlus min: 0 max: 0 mean: 0
[2024/01/07 06:52:01]  PL-part1-totalPressure: 15.24328301987518
[2024/01/07 06:52:01]  PL-part2-totalPressure: -9.601576884640467
[2024/01/07 06:52:01]  VOLUME-part1-variableVolSum: 1.000198356824946e-05
[2024/01/07 06:52:01]  ExecutionTime = 1161.82 s  ClockTime = 2127 s
[2024/01/07 06:52:01]  
[2024/01/07 06:52:01]  Time = 1
[2024/01/07 06:52:01]  Minimal residual 3.096774433463256e-07 satisfied the prescribed tolerance 1e-06
[2024/01/07 06:52:01]  
[2024/01/07 06:52:01]  PL-part1-totalPressure: 15.24328301987518
[2024/01/07 06:52:01]  PL-part2-totalPressure: -9.601576884640467
[2024/01/07 06:52:01]  VOLUME-part1-variableVolSum: 1.000198356824946e-05
[2024/01/07 06:52:01]  Printing Primal Residual Statistics.
[2024/01/07 06:52:01]  U Residual Norm2: (0.00122939323602329 0.0003743180348954498 1.163853725983745e-13)
[2024/01/07 06:52:01]  U Residual Mean: (1.240317854877778e-05 3.649550911023882e-06 1.480575137184644e-15)
[2024/01/07 06:52:01]  U Residual Max: (7.745667484049257e-05 4.362460470219709e-05 1.103135438216327e-14)
[2024/01/07 06:52:01]  p Residual Norm2: 0.0001632077908778254
[2024/01/07 06:52:01]  p Residual Mean: 9.260567866029678e-07
[2024/01/07 06:52:01]  p Residual Max: 8.944346172915441e-05
[2024/01/07 06:52:01]  phi Residual Norm2: 7.65578311916112e-07
[2024/01/07 06:52:01]  phi Residual Mean: 2.351925681969703e-09
[2024/01/07 06:52:01]  phi Residual Max: 4.973870729896677e-08
[2024/01/07 06:52:01]  End
[2024/01/07 06:52:01]  
[2024/01/07 06:52:01]  Objective Functions: 
[2024/01/07 06:52:01]  {'PL': 5.641706135234715, 'VOLUME': 1.0001983568249458e-05, 'fail': False}
[2024/01/07 06:52:01]  Flow Runtime: 2.95007
[2024/01/07 06:52:01]  
[2024/01/07 06:52:01]  
[2024/01/07 06:52:01]  +--------------------------------------------------------------------------+
[2024/01/07 06:52:01]  |                  Evaluating Objective Functions 161                      |
[2024/01/07 06:52:01]  +--------------------------------------------------------------------------+
[2024/01/07 06:52:01]  Design Variables: 
[2024/01/07 06:52:01]  OrderedDict([('alphaPorosity', array([  1.9010024714895626,   1.8692498814270155,   1.839425775064112 ,
[2024/01/07 06:52:01]         ..., 322.4211193585965   , 323.0084503982765   ,
[2024/01/07 06:52:01]         323.4244919923866   ]))])
[2024/01/07 06:52:01]  DVGeo PointSet UpToDate: False
[2024/01/07 06:52:01]  Updating DVGeo PointSet....
[2024/01/07 06:52:01]  DVGeo PointSet UpToDate: True
[2024/01/07 06:52:01]  Warping the volume mesh....
[2024/01/07 06:52:01]  Setting up primal boundary conditions based on pyOptions: 
[2024/01/07 06:52:01]  Setting primal boundary conditions...
[2024/01/07 06:52:01]  Setting U = (0.1 0 0) at inlet
[2024/01/07 06:52:01]  Setting primal boundary conditions...
[2024/01/07 06:52:01]  Setting p = 0 at outlet
[2024/01/07 06:52:01]  nuTilda not found, skip it.
[2024/01/07 06:52:01]  Setting nut wall BC for wallBoundary. BCType=nutkWallFunction
[2024/01/07 06:52:01]  Running Primal Solver 161
[2024/01/07 06:52:01]  Previous solution time 1 found and deleted.
[2024/01/07 06:52:01]  No finite volume options present
[2024/01/07 06:52:01]  
[2024/01/07 06:52:01]  Starting time loop
[2024/01/07 06:52:01]  
[2024/01/07 06:52:01]  Checking mesh quality for time = 0
[2024/01/07 06:52:06]      Overall domain bounding box (7.181318501078189e-16 -1.399990449424424e-15 -5.718082257688551e-15) (0.02999999999999962 0.01500000000001617 0.001000000000005718)
[2024/01/07 06:52:06]      Mesh has 3 geometric (non-empty/wedge) directions 3{1}
[2024/01/07 06:52:06]      Mesh has 3 solution (non-empty) directions 3{1}
[2024/01/07 06:52:06]      Boundary openness (-6.947448714353218e-18 9.793123156124281e-19 -3.04020355740097e-16) OK.
[2024/01/07 06:52:06]      Max cell openness = 3.176373552203076e-16 OK.
[2024/01/07 06:52:06]      Max aspect ratio = 3.333333333492265 OK.
[2024/01/07 06:52:06]      Minimum face area = 1.499999999935995e-07. Maximum face area = 5.000000000129904e-07.  Face area magnitudes OK.
[2024/01/07 06:52:06]      Min volume = 1.499999999944929e-10. Max volume = 1.500000000034984e-10.  Total volume = 4.500000000002841e-07.  Cell volumes OK.
[2024/01/07 06:52:06]      Mesh non-orthogonality Max: 0 average: 0
[2024/01/07 06:52:06]      Non-orthogonality check OK.
[2024/01/07 06:52:06]      Face pyramids OK.
[2024/01/07 06:52:06]      Max skewness = 9.432792296734318e-11 OK.
[2024/01/07 06:52:06]      Coupled point location match (average 0) OK.
[2024/01/07 06:52:06]  
[2024/01/07 06:52:06]  Mesh OK.
[2024/01/07 06:52:06]  
[2024/01/07 06:52:06]  Time = 1
[2024/01/07 06:52:06]  
[2024/01/07 06:52:06]  U Initial residual: (1.080933389962863e-07 1.644942777389958e-07 0.001105901525343463)
[2024/01/07 06:52:06]  U   Final residual: (4.154274951980402e-09 7.282944444779012e-09 4.505740482005344e-05)
[2024/01/07 06:52:06]  p Initial residual: 2.788315460068783e-07
[2024/01/07 06:52:06]  p   Final residual: 1.961367667907989e-08
[2024/01/07 06:52:06]  Time step continuity errors : sum local = 7.176247474362202e-08
[2024/01/07 06:52:06]                                   global = -1.354913792803207e-08
[2024/01/07 06:52:06]                               cumulative = 0.001719501215669895
[2024/01/07 06:52:06]  yPlus min: 0 max: 0 mean: 0
[2024/01/07 06:52:06]  PL-part1-totalPressure: 15.24328653099997
[2024/01/07 06:52:06]  PL-part2-totalPressure: -9.601576946387993
[2024/01/07 06:52:06]  VOLUME-part1-variableVolSum: 1.000198356824466e-05
[2024/01/07 06:52:06]  ExecutionTime = 1164.17 s  ClockTime = 2131 s
[2024/01/07 06:52:06]  
[2024/01/07 06:52:06]  Time = 1
[2024/01/07 06:52:06]  Minimal residual 2.788315460068783e-07 satisfied the prescribed tolerance 1e-06
[2024/01/07 06:52:06]  
[2024/01/07 06:52:06]  PL-part1-totalPressure: 15.24328653099997
[2024/01/07 06:52:06]  PL-part2-totalPressure: -9.601576946387993
[2024/01/07 06:52:06]  VOLUME-part1-variableVolSum: 1.000198356824466e-05
[2024/01/07 06:52:06]  Printing Primal Residual Statistics.
[2024/01/07 06:52:06]  U Residual Norm2: (0.001179332668555379 0.0003578150160742272 1.180533379818267e-13)
[2024/01/07 06:52:06]  U Residual Mean: (1.177901028688463e-05 3.444820990538129e-06 1.516369752038808e-15)
[2024/01/07 06:52:06]  U Residual Max: (7.47123588327181e-05 4.218278994949642e-05 9.334227180645196e-15)
[2024/01/07 06:52:06]  p Residual Norm2: 0.0001511028778947016
[2024/01/07 06:52:06]  p Residual Mean: 8.397649207986128e-07
[2024/01/07 06:52:06]  p Residual Max: 8.633058846132286e-05
[2024/01/07 06:52:06]  phi Residual Norm2: 7.312169189932356e-07
[2024/01/07 06:52:06]  phi Residual Mean: 2.224060282240187e-09
[2024/01/07 06:52:06]  phi Residual Max: 4.804802778924242e-08
[2024/01/07 06:52:06]  End
[2024/01/07 06:52:06]  
[2024/01/07 06:52:06]  Objective Functions: 
[2024/01/07 06:52:06]  {'PL': 5.641709584611974, 'VOLUME': 1.000198356824466e-05, 'fail': False}
[2024/01/07 06:52:06]  Flow Runtime: 3.03278
[2024/01/07 06:52:06]  
[2024/01/07 06:52:06]  
[2024/01/07 06:52:06]  +--------------------------------------------------------------------------+
[2024/01/07 06:52:06]  |                  Evaluating Objective Functions 162                      |
[2024/01/07 06:52:06]  +--------------------------------------------------------------------------+
[2024/01/07 06:52:06]  Design Variables: 
[2024/01/07 06:52:06]  OrderedDict([('alphaPorosity', array([  1.9010024728126433,   1.8692498827082777,   1.8394257763042343,
[2024/01/07 06:52:06]         ..., 322.4211194227673   , 323.00845046387224  ,
[2024/01/07 06:52:06]         323.4244920595852   ]))])
[2024/01/07 06:52:06]  DVGeo PointSet UpToDate: False
[2024/01/07 06:52:06]  Updating DVGeo PointSet....
[2024/01/07 06:52:06]  DVGeo PointSet UpToDate: True
[2024/01/07 06:52:06]  Warping the volume mesh....
[2024/01/07 06:52:06]  Setting up primal boundary conditions based on pyOptions: 
[2024/01/07 06:52:06]  Setting primal boundary conditions...
[2024/01/07 06:52:06]  Setting U = (0.1 0 0) at inlet
[2024/01/07 06:52:06]  Setting primal boundary conditions...
[2024/01/07 06:52:06]  Setting p = 0 at outlet
[2024/01/07 06:52:06]  nuTilda not found, skip it.
[2024/01/07 06:52:06]  Setting nut wall BC for wallBoundary. BCType=nutkWallFunction
[2024/01/07 06:52:06]  Running Primal Solver 162
[2024/01/07 06:52:06]  Previous solution time 1 found and deleted.
[2024/01/07 06:52:06]  No finite volume options present
[2024/01/07 06:52:06]  
[2024/01/07 06:52:06]  Starting time loop
[2024/01/07 06:52:06]  
[2024/01/07 06:52:06]  Checking mesh quality for time = 0
[2024/01/07 06:52:06]      Overall domain bounding box (7.181318501078189e-16 -1.399990449424424e-15 -5.718082257688551e-15) (0.02999999999999962 0.01500000000001617 0.001000000000005718)
[2024/01/07 06:52:06]      Mesh has 3 geometric (non-empty/wedge) directions 3{1}
[2024/01/07 06:52:06]      Mesh has 3 solution (non-empty) directions 3{1}
[2024/01/07 06:52:06]      Boundary openness (-6.947448714353218e-18 9.793123156124281e-19 -3.04020355740097e-16) OK.
[2024/01/07 06:52:06]      Max cell openness = 3.176373552203076e-16 OK.
[2024/01/07 06:52:06]      Max aspect ratio = 3.333333333492265 OK.
[2024/01/07 06:52:06]      Minimum face area = 1.499999999935995e-07. Maximum face area = 5.000000000129904e-07.  Face area magnitudes OK.
[2024/01/07 06:52:12]      Min volume = 1.499999999944929e-10. Max volume = 1.500000000034984e-10.  Total volume = 4.500000000002841e-07.  Cell volumes OK.
[2024/01/07 06:52:12]      Mesh non-orthogonality Max: 0 average: 0
[2024/01/07 06:52:12]      Non-orthogonality check OK.
[2024/01/07 06:52:12]      Face pyramids OK.
[2024/01/07 06:52:12]      Max skewness = 9.432792296734318e-11 OK.
[2024/01/07 06:52:12]      Coupled point location match (average 0) OK.
[2024/01/07 06:52:12]  
[2024/01/07 06:52:12]  Mesh OK.
[2024/01/07 06:52:12]  
[2024/01/07 06:52:12]  Time = 1
[2024/01/07 06:52:12]  
[2024/01/07 06:52:12]  U Initial residual: (1.026434865334094e-07 1.552532643130323e-07 0.001132489231215415)
[2024/01/07 06:52:12]  U   Final residual: (3.923423008055459e-09 6.802818811536623e-09 4.694496361141202e-05)
[2024/01/07 06:52:12]  p Initial residual: 2.550743236166519e-07
[2024/01/07 06:52:12]  p   Final residual: 1.813837296494948e-08
[2024/01/07 06:52:12]  Time step continuity errors : sum local = 6.636465966939394e-08
[2024/01/07 06:52:12]                                   global = -1.202780103581588e-08
[2024/01/07 06:52:12]                               cumulative = 0.001719489187868859
[2024/01/07 06:52:12]  yPlus min: 0 max: 0 mean: 0
[2024/01/07 06:52:12]  PL-part1-totalPressure: 15.2432895759524
[2024/01/07 06:52:12]  PL-part2-totalPressure: -9.601577004898322
[2024/01/07 06:52:12]  VOLUME-part1-variableVolSum: 1.000198356824226e-05
[2024/01/07 06:52:12]  ExecutionTime = 1166.88 s  ClockTime = 2135 s
[2024/01/07 06:52:12]  
[2024/01/07 06:52:12]  Time = 1
[2024/01/07 06:52:12]  Minimal residual 2.550743236166519e-07 satisfied the prescribed tolerance 1e-06
[2024/01/07 06:52:12]  
[2024/01/07 06:52:12]  PL-part1-totalPressure: 15.2432895759524
[2024/01/07 06:52:12]  PL-part2-totalPressure: -9.601577004898322
[2024/01/07 06:52:12]  VOLUME-part1-variableVolSum: 1.000198356824226e-05
[2024/01/07 06:52:12]  Printing Primal Residual Statistics.
[2024/01/07 06:52:12]  U Residual Norm2: (0.001132328267119506 0.0003410728624678402 1.162070265360972e-13)
[2024/01/07 06:52:12]  U Residual Mean: (1.120005240410163e-05 3.241832281941651e-06 1.5081707322407e-15)
[2024/01/07 06:52:12]  U Residual Max: (7.20787257222355e-05 4.08116774283096e-05 1.082996854461451e-14)
[2024/01/07 06:52:12]  p Residual Norm2: 0.0001422494817123001
[2024/01/07 06:52:12]  p Residual Mean: 7.704162741190503e-07
[2024/01/07 06:52:12]  p Residual Max: 8.349908602795275e-05
[2024/01/07 06:52:12]  phi Residual Norm2: 6.988706209895593e-07
[2024/01/07 06:52:12]  phi Residual Mean: 2.105200066780423e-09
[2024/01/07 06:52:12]  phi Residual Max: 4.638103769994018e-08
[2024/01/07 06:52:12]  End
[2024/01/07 06:52:12]  
[2024/01/07 06:52:12]  Objective Functions: 
[2024/01/07 06:52:12]  {'PL': 5.641712571054079, 'VOLUME': 1.0001983568242263e-05, 'fail': False}
[2024/01/07 06:52:12]  Flow Runtime: 2.99116
[2024/01/07 06:52:12]  
[2024/01/07 06:52:12]  
[2024/01/07 06:52:12]  +--------------------------------------------------------------------------+
[2024/01/07 06:52:12]  |                  Evaluating Objective Functions 163                      |
[2024/01/07 06:52:12]  +--------------------------------------------------------------------------+
[2024/01/07 06:52:12]  Design Variables: 
[2024/01/07 06:52:12]  OrderedDict([('alphaPorosity', array([  1.901002473474184 ,   1.8692498833489088,   1.8394257769242952,
[2024/01/07 06:52:12]         ..., 322.42111945485266  , 323.0084504966701   ,
[2024/01/07 06:52:12]         323.4244920931844   ]))])
[2024/01/07 06:52:12]  DVGeo PointSet UpToDate: False
[2024/01/07 06:52:12]  Updating DVGeo PointSet....
[2024/01/07 06:52:12]  DVGeo PointSet UpToDate: True
[2024/01/07 06:52:12]  Warping the volume mesh....
[2024/01/07 06:52:12]  Setting up primal boundary conditions based on pyOptions: 
[2024/01/07 06:52:12]  Setting primal boundary conditions...
[2024/01/07 06:52:12]  Setting U = (0.1 0 0) at inlet
[2024/01/07 06:52:12]  Setting primal boundary conditions...
[2024/01/07 06:52:12]  Setting p = 0 at outlet
[2024/01/07 06:52:12]  nuTilda not found, skip it.
[2024/01/07 06:52:12]  Setting nut wall BC for wallBoundary. BCType=nutkWallFunction
[2024/01/07 06:52:12]  Running Primal Solver 163
[2024/01/07 06:52:12]  Previous solution time 1 found and deleted.
[2024/01/07 06:52:12]  No finite volume options present
[2024/01/07 06:52:12]  
[2024/01/07 06:52:12]  Starting time loop
[2024/01/07 06:52:12]  
[2024/01/07 06:52:12]  Checking mesh quality for time = 0
[2024/01/07 06:52:12]      Overall domain bounding box (7.181318501078189e-16 -1.399990449424424e-15 -5.718082257688551e-15) (0.02999999999999962 0.01500000000001617 0.001000000000005718)
[2024/01/07 06:52:12]      Mesh has 3 geometric (non-empty/wedge) directions 3{1}
[2024/01/07 06:52:12]      Mesh has 3 solution (non-empty) directions 3{1}
[2024/01/07 06:52:12]      Boundary openness (-6.947448714353218e-18 9.793123156124281e-19 -3.04020355740097e-16) OK.
[2024/01/07 06:52:12]      Max cell openness = 3.176373552203076e-16 OK.
[2024/01/07 06:52:12]      Max aspect ratio = 3.333333333492265 OK.
[2024/01/07 06:52:12]      Minimum face area = 1.499999999935995e-07. Maximum face area = 5.000000000129904e-07.  Face area magnitudes OK.
[2024/01/07 06:52:12]      Min volume = 1.499999999944929e-10. Max volume = 1.500000000034984e-10.  Total volume = 4.500000000002841e-07.  Cell volumes OK.
[2024/01/07 06:52:12]      Mesh non-orthogonality Max: 0 average: 0
[2024/01/07 06:52:12]      Non-orthogonality check OK.
[2024/01/07 06:52:12]      Face pyramids OK.
[2024/01/07 06:52:12]      Max skewness = 9.432792296734318e-11 OK.
[2024/01/07 06:52:12]      Coupled point location match (average 0) OK.
[2024/01/07 06:52:12]  
[2024/01/07 06:52:12]  Mesh OK.
[2024/01/07 06:52:12]  
[2024/01/07 06:52:12]  Time = 1
[2024/01/07 06:52:12]  
[2024/01/07 06:52:12]  U Initial residual: (9.759244855433513e-08 1.460981758360363e-07 0.001126658802635391)
[2024/01/07 06:52:12]  U   Final residual: (3.709521839348373e-09 6.328311265882283e-09 4.465569691699896e-05)
[2024/01/07 06:52:12]  p Initial residual: 2.339670841386472e-07
[2024/01/07 06:52:12]  p   Final residual: 1.701283582243434e-08
[2024/01/07 06:52:16]  Time step continuity errors : sum local = 6.224656040032563e-08
[2024/01/07 06:52:16]                                   global = -1.109339815027129e-08
[2024/01/07 06:52:16]                               cumulative = 0.001719478094470709
[2024/01/07 06:52:16]  yPlus min: 0 max: 0 mean: 0
[2024/01/07 06:52:16]  PL-part1-totalPressure: 15.24329228308852
[2024/01/07 06:52:16]  PL-part2-totalPressure: -9.601577055493626
[2024/01/07 06:52:16]  VOLUME-part1-variableVolSum: 1.000198356824106e-05
[2024/01/07 06:52:16]  ExecutionTime = 1169.01 s  ClockTime = 2140 s
[2024/01/07 06:52:16]  
[2024/01/07 06:52:16]  Time = 1
[2024/01/07 06:52:16]  Minimal residual 2.339670841386472e-07 satisfied the prescribed tolerance 1e-06
[2024/01/07 06:52:16]  
[2024/01/07 06:52:16]  PL-part1-totalPressure: 15.24329228308852
[2024/01/07 06:52:16]  PL-part2-totalPressure: -9.601577055493626
[2024/01/07 06:52:16]  VOLUME-part1-variableVolSum: 1.000198356824106e-05
[2024/01/07 06:52:16]  Printing Primal Residual Statistics.
[2024/01/07 06:52:16]  U Residual Norm2: (0.001087802738261146 0.0003248063088009009 1.143907677932737e-13)
[2024/01/07 06:52:16]  U Residual Mean: (1.066248943862277e-05 3.051040380260131e-06 1.482964510689452e-15)
[2024/01/07 06:52:16]  U Residual Max: (6.948005248474942e-05 3.948172668899463e-05 1.189883383726197e-14)
[2024/01/07 06:52:16]  p Residual Norm2: 0.0001349662906554034
[2024/01/07 06:52:16]  p Residual Mean: 7.102997773145433e-07
[2024/01/07 06:52:16]  p Residual Max: 8.085663308763291e-05
[2024/01/07 06:52:16]  phi Residual Norm2: 6.683245583169371e-07
[2024/01/07 06:52:16]  phi Residual Mean: 1.992347055818952e-09
[2024/01/07 06:52:16]  phi Residual Max: 4.47340154329876e-08
[2024/01/07 06:52:16]  End
[2024/01/07 06:52:16]  
[2024/01/07 06:52:16]  Objective Functions: 
[2024/01/07 06:52:16]  {'PL': 5.641715227594892, 'VOLUME': 1.000198356824106e-05, 'fail': False}
[2024/01/07 06:52:16]  Flow Runtime: 2.98168
[2024/01/07 06:52:16]  
[2024/01/07 06:52:16]  
[2024/01/07 06:52:16]  +--------------------------------------------------------------------------+
[2024/01/07 06:52:16]  |                  Evaluating Objective Functions 164                      |
[2024/01/07 06:52:16]  +--------------------------------------------------------------------------+
[2024/01/07 06:52:16]  Design Variables: 
[2024/01/07 06:52:16]  OrderedDict([('alphaPorosity', array([  1.9010024738049538,   1.8692498836692244,   1.8394257772343259,
[2024/01/07 06:52:16]         ..., 322.4211194708953   , 323.008450513069    ,
[2024/01/07 06:52:16]         323.4244921099841   ]))])
[2024/01/07 06:52:16]  DVGeo PointSet UpToDate: False
[2024/01/07 06:52:16]  Updating DVGeo PointSet....
[2024/01/07 06:52:16]  DVGeo PointSet UpToDate: True
[2024/01/07 06:52:16]  Warping the volume mesh....
[2024/01/07 06:52:16]  Setting up primal boundary conditions based on pyOptions: 
[2024/01/07 06:52:16]  Setting primal boundary conditions...
[2024/01/07 06:52:16]  Setting U = (0.1 0 0) at inlet
[2024/01/07 06:52:16]  Setting primal boundary conditions...
[2024/01/07 06:52:16]  Setting p = 0 at outlet
[2024/01/07 06:52:16]  nuTilda not found, skip it.
[2024/01/07 06:52:16]  Setting nut wall BC for wallBoundary. BCType=nutkWallFunction
[2024/01/07 06:52:16]  Running Primal Solver 164
[2024/01/07 06:52:16]  Previous solution time 1 found and deleted.
[2024/01/07 06:52:16]  No finite volume options present
[2024/01/07 06:52:16]  
[2024/01/07 06:52:16]  Starting time loop
[2024/01/07 06:52:16]  
[2024/01/07 06:52:16]  Checking mesh quality for time = 0
[2024/01/07 06:52:16]      Overall domain bounding box (7.181318501078189e-16 -1.399990449424424e-15 -5.718082257688551e-15) (0.02999999999999962 0.01500000000001617 0.001000000000005718)
[2024/01/07 06:52:16]      Mesh has 3 geometric (non-empty/wedge) directions 3{1}
[2024/01/07 06:52:16]      Mesh has 3 solution (non-empty) directions 3{1}
[2024/01/07 06:52:16]      Boundary openness (-6.947448714353218e-18 9.793123156124281e-19 -3.04020355740097e-16) OK.
[2024/01/07 06:52:16]      Max cell openness = 3.176373552203076e-16 OK.
[2024/01/07 06:52:16]      Max aspect ratio = 3.333333333492265 OK.
[2024/01/07 06:52:16]      Minimum face area = 1.499999999935995e-07. Maximum face area = 5.000000000129904e-07.  Face area magnitudes OK.
[2024/01/07 06:52:16]      Min volume = 1.499999999944929e-10. Max volume = 1.500000000034984e-10.  Total volume = 4.500000000002841e-07.  Cell volumes OK.
[2024/01/07 06:52:16]      Mesh non-orthogonality Max: 0 average: 0
[2024/01/07 06:52:16]      Non-orthogonality check OK.
[2024/01/07 06:52:16]      Face pyramids OK.
[2024/01/07 06:52:16]      Max skewness = 9.432792296734318e-11 OK.
[2024/01/07 06:52:16]      Coupled point location match (average 0) OK.
[2024/01/07 06:52:16]  
[2024/01/07 06:52:16]  Mesh OK.
[2024/01/07 06:52:16]  
[2024/01/07 06:52:16]  Time = 1
[2024/01/07 06:52:16]  
[2024/01/07 06:52:16]  U Initial residual: (9.290469815833873e-08 1.374956747227484e-07 0.001107789084841691)
[2024/01/07 06:52:16]  U   Final residual: (3.511568102299809e-09 5.880392958601811e-09 4.644368518994272e-05)
[2024/01/07 06:52:16]  p Initial residual: 2.142778740978785e-07
[2024/01/07 06:52:16]  p   Final residual: 1.579383389426993e-08
[2024/01/07 06:52:16]  Time step continuity errors : sum local = 5.778648463830143e-08
[2024/01/07 06:52:16]                                   global = -1.074098832334495e-08
[2024/01/07 06:52:16]                               cumulative = 0.001719467353482386
[2024/01/07 06:52:16]  yPlus min: 0 max: 0 mean: 0
[2024/01/07 06:52:16]  PL-part1-totalPressure: 15.24329482425946
[2024/01/07 06:52:16]  PL-part2-totalPressure: -9.601577094313765
[2024/01/07 06:52:16]  VOLUME-part1-variableVolSum: 1.000198356824046e-05
[2024/01/07 06:52:16]  ExecutionTime = 1171.14 s  ClockTime = 2144 s
[2024/01/07 06:52:16]  
[2024/01/07 06:52:16]  Time = 1
[2024/01/07 06:52:16]  Minimal residual 2.142778740978785e-07 satisfied the prescribed tolerance 1e-06
[2024/01/07 06:52:16]  
[2024/01/07 06:52:16]  PL-part1-totalPressure: 15.24329482425946
[2024/01/07 06:52:16]  PL-part2-totalPressure: -9.601577094313765
[2024/01/07 06:52:21]  VOLUME-part1-variableVolSum: 1.000198356824046e-05
[2024/01/07 06:52:21]  Printing Primal Residual Statistics.
[2024/01/07 06:52:21]  U Residual Norm2: (0.00104514322796028 0.0003100106373192601 1.11604287804492e-13)
[2024/01/07 06:52:21]  U Residual Mean: (1.015862307231163e-05 2.881508692563338e-06 1.442212074234456e-15)
[2024/01/07 06:52:21]  U Residual Max: (6.692481792036631e-05 3.818074681338768e-05 1.064003691301291e-14)
[2024/01/07 06:52:21]  p Residual Norm2: 0.0001285977111998731
[2024/01/07 06:52:21]  p Residual Mean: 6.557706116803676e-07
[2024/01/07 06:52:21]  p Residual Max: 7.826187891073685e-05
[2024/01/07 06:52:21]  phi Residual Norm2: 6.394990477527333e-07
[2024/01/07 06:52:21]  phi Residual Mean: 1.886943253373915e-09
[2024/01/07 06:52:21]  phi Residual Max: 4.311906702149486e-08
[2024/01/07 06:52:21]  End
[2024/01/07 06:52:21]  
[2024/01/07 06:52:21]  Objective Functions: 
[2024/01/07 06:52:21]  {'PL': 5.641717729945693, 'VOLUME': 1.0001983568240464e-05, 'fail': False}
[2024/01/07 06:52:21]  Flow Runtime: 2.93389
[2024/01/07 06:52:21]  
[2024/01/07 06:52:21]  
[2024/01/07 06:52:21]  +--------------------------------------------------------------------------+
[2024/01/07 06:52:21]  |                  Evaluating Objective Functions 165                      |
[2024/01/07 06:52:21]  +--------------------------------------------------------------------------+
[2024/01/07 06:52:21]  Design Variables: 
[2024/01/07 06:52:21]  OrderedDict([('alphaPorosity', array([  1.901002473970339 ,   1.8692498838293823,   1.8394257773893412,
[2024/01/07 06:52:21]         ..., 322.42111947891664  , 323.00845052126846  ,
[2024/01/07 06:52:21]         323.4244921183839   ]))])
[2024/01/07 06:52:21]  DVGeo PointSet UpToDate: False
[2024/01/07 06:52:21]  Updating DVGeo PointSet....
[2024/01/07 06:52:21]  DVGeo PointSet UpToDate: True
[2024/01/07 06:52:21]  Warping the volume mesh....
[2024/01/07 06:52:21]  Setting up primal boundary conditions based on pyOptions: 
[2024/01/07 06:52:21]  Setting primal boundary conditions...
[2024/01/07 06:52:21]  Setting U = (0.1 0 0) at inlet
[2024/01/07 06:52:21]  Setting primal boundary conditions...
[2024/01/07 06:52:21]  Setting p = 0 at outlet
[2024/01/07 06:52:21]  nuTilda not found, skip it.
[2024/01/07 06:52:21]  Setting nut wall BC for wallBoundary. BCType=nutkWallFunction
[2024/01/07 06:52:21]  Running Primal Solver 165
[2024/01/07 06:52:21]  Previous solution time 1 found and deleted.
[2024/01/07 06:52:21]  No finite volume options present
[2024/01/07 06:52:21]  
[2024/01/07 06:52:21]  Starting time loop
[2024/01/07 06:52:21]  
[2024/01/07 06:52:21]  Checking mesh quality for time = 0
[2024/01/07 06:52:21]      Overall domain bounding box (7.181318501078189e-16 -1.399990449424424e-15 -5.718082257688551e-15) (0.02999999999999962 0.01500000000001617 0.001000000000005718)
[2024/01/07 06:52:21]      Mesh has 3 geometric (non-empty/wedge) directions 3{1}
[2024/01/07 06:52:21]      Mesh has 3 solution (non-empty) directions 3{1}
[2024/01/07 06:52:21]      Boundary openness (-6.947448714353218e-18 9.793123156124281e-19 -3.04020355740097e-16) OK.
[2024/01/07 06:52:21]      Max cell openness = 3.176373552203076e-16 OK.
[2024/01/07 06:52:21]      Max aspect ratio = 3.333333333492265 OK.
[2024/01/07 06:52:21]      Minimum face area = 1.499999999935995e-07. Maximum face area = 5.000000000129904e-07.  Face area magnitudes OK.
[2024/01/07 06:52:21]      Min volume = 1.499999999944929e-10. Max volume = 1.500000000034984e-10.  Total volume = 4.500000000002841e-07.  Cell volumes OK.
[2024/01/07 06:52:21]      Mesh non-orthogonality Max: 0 average: 0
[2024/01/07 06:52:21]      Non-orthogonality check OK.
[2024/01/07 06:52:21]      Face pyramids OK.
[2024/01/07 06:52:21]      Max skewness = 9.432792296734318e-11 OK.
[2024/01/07 06:52:21]      Coupled point location match (average 0) OK.
[2024/01/07 06:52:21]  
[2024/01/07 06:52:21]  Mesh OK.
[2024/01/07 06:52:21]  
[2024/01/07 06:52:21]  Time = 1
[2024/01/07 06:52:21]  
[2024/01/07 06:52:21]  U Initial residual: (8.851193437505109e-08 1.298529112338052e-07 0.001077322038426624)
[2024/01/07 06:52:21]  U   Final residual: (3.326639900347583e-09 5.48312199476103e-09 4.374634730139148e-05)
[2024/01/07 06:52:21]  p Initial residual: 1.96785593273857e-07
[2024/01/07 06:52:21]  p   Final residual: 1.45911530361624e-08
[2024/01/07 06:52:21]  Time step continuity errors : sum local = 5.338613099052506e-08
[2024/01/07 06:52:21]                                   global = -1.05894837286325e-08
[2024/01/07 06:52:21]                               cumulative = 0.001719456763998657
[2024/01/07 06:52:21]  yPlus min: 0 max: 0 mean: 0
[2024/01/07 06:52:21]  PL-part1-totalPressure: 15.24329730318164
[2024/01/07 06:52:21]  PL-part2-totalPressure: -9.60157712130305
[2024/01/07 06:52:21]  VOLUME-part1-variableVolSum: 1.000198356824016e-05
[2024/01/07 06:52:21]  ExecutionTime = 1173.25 s  ClockTime = 2148 s
[2024/01/07 06:52:21]  
[2024/01/07 06:52:21]  Time = 1
[2024/01/07 06:52:21]  Minimal residual 1.96785593273857e-07 satisfied the prescribed tolerance 1e-06
[2024/01/07 06:52:21]  
[2024/01/07 06:52:21]  PL-part1-totalPressure: 15.24329730318164
[2024/01/07 06:52:21]  PL-part2-totalPressure: -9.60157712130305
[2024/01/07 06:52:21]  VOLUME-part1-variableVolSum: 1.000198356824016e-05
[2024/01/07 06:52:21]  Printing Primal Residual Statistics.
[2024/01/07 06:52:21]  U Residual Norm2: (0.001004021721218457 0.0002970194558240813 1.146200254470239e-13)
[2024/01/07 06:52:21]  U Residual Mean: (9.680520993234461e-06 2.733352716591903e-06 1.462730110514819e-15)
[2024/01/07 06:52:21]  U Residual Max: (6.442032713671608e-05 3.692263098831194e-05 1.044760481200045e-14)
[2024/01/07 06:52:21]  p Residual Norm2: 0.0001229500323689331
[2024/01/07 06:52:21]  p Residual Mean: 6.08547020799328e-07
[2024/01/07 06:52:21]  p Residual Max: 7.565178662152723e-05
[2024/01/07 06:52:21]  phi Residual Norm2: 6.122955223274519e-07
[2024/01/07 06:52:21]  phi Residual Mean: 1.790053101632712e-09
[2024/01/07 06:52:21]  phi Residual Max: 4.15529400803044e-08
[2024/01/07 06:52:21]  End
[2024/01/07 06:52:21]  
[2024/01/07 06:52:21]  Objective Functions: 
[2024/01/07 06:52:26]  {'PL': 5.641720181878592, 'VOLUME': 1.0001983568240162e-05, 'fail': False}
[2024/01/07 06:52:26]  Flow Runtime: 2.84979
[2024/01/07 06:52:26]  
[2024/01/07 06:52:26]  
[2024/01/07 06:52:26]  +--------------------------------------------------------------------------+
[2024/01/07 06:52:26]  |                  Evaluating Objective Functions 166                      |
[2024/01/07 06:52:26]  +--------------------------------------------------------------------------+
[2024/01/07 06:52:26]  Design Variables: 
[2024/01/07 06:52:26]  OrderedDict([('alphaPorosity', array([  1.9010024740530316,   1.8692498839094611,   1.8394257774668488,
[2024/01/07 06:52:26]         ..., 322.42111948292734  , 323.00845052536823  ,
[2024/01/07 06:52:26]         323.4244921225838   ]))])
[2024/01/07 06:52:26]  DVGeo PointSet UpToDate: False
[2024/01/07 06:52:26]  Updating DVGeo PointSet....
[2024/01/07 06:52:26]  DVGeo PointSet UpToDate: True
[2024/01/07 06:52:26]  Warping the volume mesh....
[2024/01/07 06:52:26]  Setting up primal boundary conditions based on pyOptions: 
[2024/01/07 06:52:26]  Setting primal boundary conditions...
[2024/01/07 06:52:26]  Setting U = (0.1 0 0) at inlet
[2024/01/07 06:52:26]  Setting primal boundary conditions...
[2024/01/07 06:52:26]  Setting p = 0 at outlet
[2024/01/07 06:52:26]  nuTilda not found, skip it.
[2024/01/07 06:52:26]  Setting nut wall BC for wallBoundary. BCType=nutkWallFunction
[2024/01/07 06:52:26]  Running Primal Solver 166
[2024/01/07 06:52:26]  Previous solution time 1 found and deleted.
[2024/01/07 06:52:26]  No finite volume options present
[2024/01/07 06:52:26]  
[2024/01/07 06:52:26]  Starting time loop
[2024/01/07 06:52:26]  
[2024/01/07 06:52:26]  Checking mesh quality for time = 0
[2024/01/07 06:52:26]      Overall domain bounding box (7.181318501078189e-16 -1.399990449424424e-15 -5.718082257688551e-15) (0.02999999999999962 0.01500000000001617 0.001000000000005718)
[2024/01/07 06:52:26]      Mesh has 3 geometric (non-empty/wedge) directions 3{1}
[2024/01/07 06:52:26]      Mesh has 3 solution (non-empty) directions 3{1}
[2024/01/07 06:52:26]      Boundary openness (-6.947448714353218e-18 9.793123156124281e-19 -3.04020355740097e-16) OK.
[2024/01/07 06:52:26]      Max cell openness = 3.176373552203076e-16 OK.
[2024/01/07 06:52:26]      Max aspect ratio = 3.333333333492265 OK.
[2024/01/07 06:52:26]      Minimum face area = 1.499999999935995e-07. Maximum face area = 5.000000000129904e-07.  Face area magnitudes OK.
[2024/01/07 06:52:26]      Min volume = 1.499999999944929e-10. Max volume = 1.500000000034984e-10.  Total volume = 4.500000000002841e-07.  Cell volumes OK.
[2024/01/07 06:52:26]      Mesh non-orthogonality Max: 0 average: 0
[2024/01/07 06:52:26]      Non-orthogonality check OK.
[2024/01/07 06:52:26]      Face pyramids OK.
[2024/01/07 06:52:26]      Max skewness = 9.432792296734318e-11 OK.
[2024/01/07 06:52:26]      Coupled point location match (average 0) OK.
[2024/01/07 06:52:26]  
[2024/01/07 06:52:26]  Mesh OK.
[2024/01/07 06:52:26]  
[2024/01/07 06:52:26]  Time = 1
[2024/01/07 06:52:26]  
[2024/01/07 06:52:26]  U Initial residual: (8.434438423652491e-08 1.23174445447191e-07 0.001092807828985754)
[2024/01/07 06:52:26]  U   Final residual: (3.152682505481715e-09 5.140273930062895e-09 4.529194706905794e-05)
[2024/01/07 06:52:26]  p Initial residual: 1.829480494542554e-07
[2024/01/07 06:52:26]  p   Final residual: 1.353187543097312e-08
[2024/01/07 06:52:26]  Time step continuity errors : sum local = 4.951045387676186e-08
[2024/01/07 06:52:26]                                   global = -1.035593992000892e-08
[2024/01/07 06:52:26]                               cumulative = 0.001719446408058737
[2024/01/07 06:52:26]  yPlus min: 0 max: 0 mean: 0
[2024/01/07 06:52:26]  PL-part1-totalPressure: 15.24329970479017
[2024/01/07 06:52:26]  PL-part2-totalPressure: -9.601577140323368
[2024/01/07 06:52:26]  VOLUME-part1-variableVolSum: 1.000198356824002e-05
[2024/01/07 06:52:26]  ExecutionTime = 1175.37 s  ClockTime = 2152 s
[2024/01/07 06:52:26]  
[2024/01/07 06:52:26]  Time = 1
[2024/01/07 06:52:26]  Minimal residual 1.829480494542554e-07 satisfied the prescribed tolerance 1e-06
[2024/01/07 06:52:26]  
[2024/01/07 06:52:26]  PL-part1-totalPressure: 15.24329970479017
[2024/01/07 06:52:26]  PL-part2-totalPressure: -9.601577140323368
[2024/01/07 06:52:26]  VOLUME-part1-variableVolSum: 1.000198356824002e-05
[2024/01/07 06:52:26]  Printing Primal Residual Statistics.
[2024/01/07 06:52:26]  U Residual Norm2: (0.0009644423658080516 0.0002853060625772263 1.147890506587056e-13)
[2024/01/07 06:52:26]  U Residual Mean: (9.224159882163954e-06 2.597993746111443e-06 1.488369697492381e-15)
[2024/01/07 06:52:26]  U Residual Max: (6.196576579098334e-05 3.573045200799818e-05 9.706877892482896e-15)
[2024/01/07 06:52:26]  p Residual Norm2: 0.0001179268269815681
[2024/01/07 06:52:26]  p Residual Mean: 5.687355661063498e-07
[2024/01/07 06:52:26]  p Residual Max: 7.307179193859172e-05
[2024/01/07 06:52:26]  phi Residual Norm2: 5.865295482639117e-07
[2024/01/07 06:52:26]  phi Residual Mean: 1.700793643424597e-09
[2024/01/07 06:52:26]  phi Residual Max: 4.004063710659336e-08
[2024/01/07 06:52:26]  End
[2024/01/07 06:52:26]  
[2024/01/07 06:52:26]  Objective Functions: 
[2024/01/07 06:52:26]  {'PL': 5.641722564466802, 'VOLUME': 1.0001983568240017e-05, 'fail': False}
[2024/01/07 06:52:26]  Flow Runtime: 2.98189
[2024/01/07 06:52:26]  
[2024/01/07 06:52:26]  
[2024/01/07 06:52:26]  +--------------------------------------------------------------------------+
[2024/01/07 06:52:26]  |                  Evaluating Objective Functions 167                      |
[2024/01/07 06:52:26]  +--------------------------------------------------------------------------+
[2024/01/07 06:52:26]  Design Variables: 
[2024/01/07 06:52:26]  OrderedDict([('alphaPorosity', array([  1.9010024740943778,   1.8692498839495006,   1.8394257775056027,
[2024/01/07 06:52:26]         ..., 322.42111948493266  , 323.00845052741806  ,
[2024/01/07 06:52:26]         323.4244921246837   ]))])
[2024/01/07 06:52:26]  DVGeo PointSet UpToDate: False
[2024/01/07 06:52:26]  Updating DVGeo PointSet....
[2024/01/07 06:52:31]  DVGeo PointSet UpToDate: True
[2024/01/07 06:52:31]  Warping the volume mesh....
[2024/01/07 06:52:31]  Setting up primal boundary conditions based on pyOptions: 
[2024/01/07 06:52:31]  Setting primal boundary conditions...
[2024/01/07 06:52:31]  Setting U = (0.1 0 0) at inlet
[2024/01/07 06:52:31]  Setting primal boundary conditions...
[2024/01/07 06:52:31]  Setting p = 0 at outlet
[2024/01/07 06:52:31]  nuTilda not found, skip it.
[2024/01/07 06:52:31]  Setting nut wall BC for wallBoundary. BCType=nutkWallFunction
[2024/01/07 06:52:31]  Running Primal Solver 167
[2024/01/07 06:52:31]  Previous solution time 1 found and deleted.
[2024/01/07 06:52:31]  No finite volume options present
[2024/01/07 06:52:31]  
[2024/01/07 06:52:31]  Starting time loop
[2024/01/07 06:52:31]  
[2024/01/07 06:52:31]  Checking mesh quality for time = 0
[2024/01/07 06:52:31]      Overall domain bounding box (7.181318501078189e-16 -1.399990449424424e-15 -5.718082257688551e-15) (0.02999999999999962 0.01500000000001617 0.001000000000005718)
[2024/01/07 06:52:31]      Mesh has 3 geometric (non-empty/wedge) directions 3{1}
[2024/01/07 06:52:31]      Mesh has 3 solution (non-empty) directions 3{1}
[2024/01/07 06:52:31]      Boundary openness (-6.947448714353218e-18 9.793123156124281e-19 -3.04020355740097e-16) OK.
[2024/01/07 06:52:31]      Max cell openness = 3.176373552203076e-16 OK.
[2024/01/07 06:52:31]      Max aspect ratio = 3.333333333492265 OK.
[2024/01/07 06:52:31]      Minimum face area = 1.499999999935995e-07. Maximum face area = 5.000000000129904e-07.  Face area magnitudes OK.
[2024/01/07 06:52:31]      Min volume = 1.499999999944929e-10. Max volume = 1.500000000034984e-10.  Total volume = 4.500000000002841e-07.  Cell volumes OK.
[2024/01/07 06:52:31]      Mesh non-orthogonality Max: 0 average: 0
[2024/01/07 06:52:31]      Non-orthogonality check OK.
[2024/01/07 06:52:31]      Face pyramids OK.
[2024/01/07 06:52:31]      Max skewness = 9.432792296734318e-11 OK.
[2024/01/07 06:52:31]      Coupled point location match (average 0) OK.
[2024/01/07 06:52:31]  
[2024/01/07 06:52:31]  Mesh OK.
[2024/01/07 06:52:31]  
[2024/01/07 06:52:31]  Time = 1
[2024/01/07 06:52:31]  
[2024/01/07 06:52:31]  U Initial residual: (8.036666629122672e-08 1.17073335536663e-07 0.001111823376279784)
[2024/01/07 06:52:31]  U   Final residual: (2.988222214109678e-09 4.835579196928389e-09 4.535417180160835e-05)
[2024/01/07 06:52:31]  p Initial residual: 1.722416430986847e-07
[2024/01/07 06:52:31]  p   Final residual: 1.276839623132856e-08
[2024/01/07 06:52:31]  Time step continuity errors : sum local = 4.671704373641234e-08
[2024/01/07 06:52:31]                                   global = -9.918151412146499e-09
[2024/01/07 06:52:31]                               cumulative = 0.001719436489907325
[2024/01/07 06:52:31]  yPlus min: 0 max: 0 mean: 0
[2024/01/07 06:52:31]  PL-part1-totalPressure: 15.24330194500442
[2024/01/07 06:52:31]  PL-part2-totalPressure: -9.601577156224236
[2024/01/07 06:52:31]  VOLUME-part1-variableVolSum: 1.000198356823994e-05
[2024/01/07 06:52:31]  ExecutionTime = 1177.49 s  ClockTime = 2157 s
[2024/01/07 06:52:31]  
[2024/01/07 06:52:31]  Time = 1
[2024/01/07 06:52:31]  Minimal residual 1.722416430986847e-07 satisfied the prescribed tolerance 1e-06
[2024/01/07 06:52:31]  
[2024/01/07 06:52:31]  PL-part1-totalPressure: 15.24330194500442
[2024/01/07 06:52:31]  PL-part2-totalPressure: -9.601577156224236
[2024/01/07 06:52:31]  VOLUME-part1-variableVolSum: 1.000198356823994e-05
[2024/01/07 06:52:31]  Printing Primal Residual Statistics.
[2024/01/07 06:52:31]  U Residual Norm2: (0.000926538330795257 0.0002740528579201879 1.146977582244145e-13)
[2024/01/07 06:52:31]  U Residual Mean: (8.788561909906903e-06 2.467412562830309e-06 1.500254418340658e-15)
[2024/01/07 06:52:31]  U Residual Max: (5.955963388504237e-05 3.461451681396888e-05 1.028563676612434e-14)
[2024/01/07 06:52:31]  p Residual Norm2: 0.0001133955784896598
[2024/01/07 06:52:31]  p Residual Mean: 5.334774767937404e-07
[2024/01/07 06:52:31]  p Residual Max: 7.061975513707205e-05
[2024/01/07 06:52:31]  phi Residual Norm2: 5.619906865725932e-07
[2024/01/07 06:52:31]  phi Residual Mean: 1.618780399855583e-09
[2024/01/07 06:52:31]  phi Residual Max: 3.85677999654635e-08
[2024/01/07 06:52:31]  End
[2024/01/07 06:52:31]  
[2024/01/07 06:52:31]  Objective Functions: 
[2024/01/07 06:52:31]  {'PL': 5.641724788780181, 'VOLUME': 1.0001983568239935e-05, 'fail': False}
[2024/01/07 06:52:31]  Flow Runtime: 2.91983
[2024/01/07 06:52:31]  
[2024/01/07 06:52:31]  
[2024/01/07 06:52:31]  +--------------------------------------------------------------------------+
[2024/01/07 06:52:31]  |                  Evaluating Objective Functions 168                      |
[2024/01/07 06:52:31]  +--------------------------------------------------------------------------+
[2024/01/07 06:52:31]  Design Variables: 
[2024/01/07 06:52:31]  OrderedDict([('alphaPorosity', array([  1.901002474115051 ,   1.8692498839695202,   1.8394257775249796,
[2024/01/07 06:52:31]         ..., 322.4211194859353   , 323.008450528443    ,
[2024/01/07 06:52:31]         323.4244921257337   ]))])
[2024/01/07 06:52:31]  DVGeo PointSet UpToDate: False
[2024/01/07 06:52:31]  Updating DVGeo PointSet....
[2024/01/07 06:52:31]  DVGeo PointSet UpToDate: True
[2024/01/07 06:52:31]  Warping the volume mesh....
[2024/01/07 06:52:31]  Setting up primal boundary conditions based on pyOptions: 
[2024/01/07 06:52:31]  Setting primal boundary conditions...
[2024/01/07 06:52:31]  Setting U = (0.1 0 0) at inlet
[2024/01/07 06:52:31]  Setting primal boundary conditions...
[2024/01/07 06:52:31]  Setting p = 0 at outlet
[2024/01/07 06:52:31]  nuTilda not found, skip it.
[2024/01/07 06:52:31]  Setting nut wall BC for wallBoundary. BCType=nutkWallFunction
[2024/01/07 06:52:31]  Running Primal Solver 168
[2024/01/07 06:52:31]  Previous solution time 1 found and deleted.
[2024/01/07 06:52:31]  No finite volume options present
[2024/01/07 06:52:31]  
[2024/01/07 06:52:31]  Starting time loop
[2024/01/07 06:52:31]  
[2024/01/07 06:52:31]  Checking mesh quality for time = 0
[2024/01/07 06:52:36]      Overall domain bounding box (7.181318501078189e-16 -1.399990449424424e-15 -5.718082257688551e-15) (0.02999999999999962 0.01500000000001617 0.001000000000005718)
[2024/01/07 06:52:36]      Mesh has 3 geometric (non-empty/wedge) directions 3{1}
[2024/01/07 06:52:36]      Mesh has 3 solution (non-empty) directions 3{1}
[2024/01/07 06:52:36]      Boundary openness (-6.947448714353218e-18 9.793123156124281e-19 -3.04020355740097e-16) OK.
[2024/01/07 06:52:36]      Max cell openness = 3.176373552203076e-16 OK.
[2024/01/07 06:52:36]      Max aspect ratio = 3.333333333492265 OK.
[2024/01/07 06:52:36]      Minimum face area = 1.499999999935995e-07. Maximum face area = 5.000000000129904e-07.  Face area magnitudes OK.
[2024/01/07 06:52:36]      Min volume = 1.499999999944929e-10. Max volume = 1.500000000034984e-10.  Total volume = 4.500000000002841e-07.  Cell volumes OK.
[2024/01/07 06:52:36]      Mesh non-orthogonality Max: 0 average: 0
[2024/01/07 06:52:36]      Non-orthogonality check OK.
[2024/01/07 06:52:36]      Face pyramids OK.
[2024/01/07 06:52:36]      Max skewness = 9.432792296734318e-11 OK.
[2024/01/07 06:52:36]      Coupled point location match (average 0) OK.
[2024/01/07 06:52:36]  
[2024/01/07 06:52:36]  Mesh OK.
[2024/01/07 06:52:36]  
[2024/01/07 06:52:36]  Time = 1
[2024/01/07 06:52:36]  
[2024/01/07 06:52:36]  U Initial residual: (7.657011179367138e-08 1.111877021152107e-07 0.001120719163690617)
[2024/01/07 06:52:36]  U   Final residual: (2.832394316232485e-09 4.550310511235071e-09 4.419878614090355e-05)
[2024/01/07 06:52:36]  p Initial residual: 1.622066041185994e-07
[2024/01/07 06:52:36]  p   Final residual: 1.21360257587275e-08
[2024/01/07 06:52:36]  Time step continuity errors : sum local = 4.440333390009686e-08
[2024/01/07 06:52:36]                                   global = -9.386009226866555e-09
[2024/01/07 06:52:36]                               cumulative = 0.001719427103898098
[2024/01/07 06:52:36]  yPlus min: 0 max: 0 mean: 0
[2024/01/07 06:52:36]  PL-part1-totalPressure: 15.24330395993881
[2024/01/07 06:52:36]  PL-part2-totalPressure: -9.60157717159184
[2024/01/07 06:52:36]  VOLUME-part1-variableVolSum: 1.00019835682399e-05
[2024/01/07 06:52:36]  ExecutionTime = 1179.73 s  ClockTime = 2161 s
[2024/01/07 06:52:36]  
[2024/01/07 06:52:36]  Time = 1
[2024/01/07 06:52:36]  Minimal residual 1.622066041185994e-07 satisfied the prescribed tolerance 1e-06
[2024/01/07 06:52:36]  
[2024/01/07 06:52:36]  PL-part1-totalPressure: 15.24330395993881
[2024/01/07 06:52:36]  PL-part2-totalPressure: -9.60157717159184
[2024/01/07 06:52:36]  VOLUME-part1-variableVolSum: 1.00019835682399e-05
[2024/01/07 06:52:36]  Printing Primal Residual Statistics.
[2024/01/07 06:52:36]  U Residual Norm2: (0.0008903287530938199 0.0002628171113132646 1.142667812869226e-13)
[2024/01/07 06:52:36]  U Residual Mean: (8.374353028636255e-06 2.338650111401848e-06 1.471662913175031e-15)
[2024/01/07 06:52:36]  U Residual Max: (5.720255065710944e-05 3.356504958496043e-05 1.084303791239799e-14)
[2024/01/07 06:52:36]  p Residual Norm2: 0.0001092152102270613
[2024/01/07 06:52:36]  p Residual Mean: 5.000210846199087e-07
[2024/01/07 06:52:36]  p Residual Max: 6.835382042967307e-05
[2024/01/07 06:52:36]  phi Residual Norm2: 5.385227848121521e-07
[2024/01/07 06:52:36]  phi Residual Mean: 1.54115794915849e-09
[2024/01/07 06:52:36]  phi Residual Max: 3.711535032503891e-08
[2024/01/07 06:52:36]  End
[2024/01/07 06:52:36]  
[2024/01/07 06:52:36]  Objective Functions: 
[2024/01/07 06:52:36]  {'PL': 5.641726788346968, 'VOLUME': 1.0001983568239898e-05, 'fail': False}
[2024/01/07 06:52:36]  Flow Runtime: 2.93856
[2024/01/07 06:52:36]  
[2024/01/07 06:52:36]  
[2024/01/07 06:52:36]  +--------------------------------------------------------------------------+
[2024/01/07 06:52:36]  |                  Evaluating Objective Functions 169                      |
[2024/01/07 06:52:36]  +--------------------------------------------------------------------------+
[2024/01/07 06:52:36]  Design Variables: 
[2024/01/07 06:52:36]  OrderedDict([('alphaPorosity', array([  1.9010024741253877,   1.8692498839795302,   1.8394257775346678,
[2024/01/07 06:52:36]         ..., 322.4211194864367   , 323.0084505289555   ,
[2024/01/07 06:52:36]         323.4244921262587   ]))])
[2024/01/07 06:52:36]  DVGeo PointSet UpToDate: False
[2024/01/07 06:52:36]  Updating DVGeo PointSet....
[2024/01/07 06:52:36]  DVGeo PointSet UpToDate: True
[2024/01/07 06:52:36]  Warping the volume mesh....
[2024/01/07 06:52:36]  Setting up primal boundary conditions based on pyOptions: 
[2024/01/07 06:52:36]  Setting primal boundary conditions...
[2024/01/07 06:52:36]  Setting U = (0.1 0 0) at inlet
[2024/01/07 06:52:36]  Setting primal boundary conditions...
[2024/01/07 06:52:36]  Setting p = 0 at outlet
[2024/01/07 06:52:36]  nuTilda not found, skip it.
[2024/01/07 06:52:36]  Setting nut wall BC for wallBoundary. BCType=nutkWallFunction
[2024/01/07 06:52:36]  Running Primal Solver 169
[2024/01/07 06:52:36]  Previous solution time 1 found and deleted.
[2024/01/07 06:52:36]  No finite volume options present
[2024/01/07 06:52:36]  
[2024/01/07 06:52:36]  Starting time loop
[2024/01/07 06:52:36]  
[2024/01/07 06:52:36]  Checking mesh quality for time = 0
[2024/01/07 06:52:36]      Overall domain bounding box (7.181318501078189e-16 -1.399990449424424e-15 -5.718082257688551e-15) (0.02999999999999962 0.01500000000001617 0.001000000000005718)
[2024/01/07 06:52:36]      Mesh has 3 geometric (non-empty/wedge) directions 3{1}
[2024/01/07 06:52:36]      Mesh has 3 solution (non-empty) directions 3{1}
[2024/01/07 06:52:36]      Boundary openness (-6.947448714353218e-18 9.793123156124281e-19 -3.04020355740097e-16) OK.
[2024/01/07 06:52:36]      Max cell openness = 3.176373552203076e-16 OK.
[2024/01/07 06:52:36]      Max aspect ratio = 3.333333333492265 OK.
[2024/01/07 06:52:36]      Minimum face area = 1.499999999935995e-07. Maximum face area = 5.000000000129904e-07.  Face area magnitudes OK.
[2024/01/07 06:52:41]      Min volume = 1.499999999944929e-10. Max volume = 1.500000000034984e-10.  Total volume = 4.500000000002841e-07.  Cell volumes OK.
[2024/01/07 06:52:41]      Mesh non-orthogonality Max: 0 average: 0
[2024/01/07 06:52:41]      Non-orthogonality check OK.
[2024/01/07 06:52:41]      Face pyramids OK.
[2024/01/07 06:52:41]      Max skewness = 9.432792296734318e-11 OK.
[2024/01/07 06:52:41]      Coupled point location match (average 0) OK.
[2024/01/07 06:52:41]  
[2024/01/07 06:52:41]  Mesh OK.
[2024/01/07 06:52:41]  
[2024/01/07 06:52:41]  Time = 1
[2024/01/07 06:52:41]  
[2024/01/07 06:52:41]  U Initial residual: (7.296011935670055e-08 1.053839463815498e-07 0.001099175619779469)
[2024/01/07 06:52:41]  U   Final residual: (2.684915285721159e-09 4.276682598150866e-09 4.333820697577822e-05)
[2024/01/07 06:52:41]  p Initial residual: 1.519936275989921e-07
[2024/01/07 06:52:41]  p   Final residual: 1.156800927597882e-08
[2024/01/07 06:52:41]  Time step continuity errors : sum local = 4.232507796626805e-08
[2024/01/07 06:52:41]                                   global = -8.893911525108209e-09
[2024/01/07 06:52:41]                               cumulative = 0.001719418209986573
[2024/01/07 06:52:41]  yPlus min: 0 max: 0 mean: 0
[2024/01/07 06:52:41]  PL-part1-totalPressure: 15.24330575983415
[2024/01/07 06:52:41]  PL-part2-totalPressure: -9.601577185693502
[2024/01/07 06:52:41]  VOLUME-part1-variableVolSum: 1.000198356823988e-05
[2024/01/07 06:52:41]  ExecutionTime = 1182.27 s  ClockTime = 2165 s
[2024/01/07 06:52:41]  
[2024/01/07 06:52:41]  Time = 1
[2024/01/07 06:52:41]  Minimal residual 1.519936275989921e-07 satisfied the prescribed tolerance 1e-06
[2024/01/07 06:52:41]  
[2024/01/07 06:52:41]  PL-part1-totalPressure: 15.24330575983415
[2024/01/07 06:52:41]  PL-part2-totalPressure: -9.601577185693502
[2024/01/07 06:52:41]  VOLUME-part1-variableVolSum: 1.000198356823988e-05
[2024/01/07 06:52:41]  Printing Primal Residual Statistics.
[2024/01/07 06:52:41]  U Residual Norm2: (0.0008556492583258153 0.000251733260055671 1.172706506560987e-13)
[2024/01/07 06:52:41]  U Residual Mean: (7.981881862974807e-06 2.214919266377703e-06 1.51533118649739e-15)
[2024/01/07 06:52:41]  U Residual Max: (5.490089408866083e-05 3.256151284503073e-05 1.178575563107097e-14)
[2024/01/07 06:52:41]  p Residual Norm2: 0.0001052977883885979
[2024/01/07 06:52:41]  p Residual Mean: 4.68422623200332e-07
[2024/01/07 06:52:41]  p Residual Max: 6.625355579352019e-05
[2024/01/07 06:52:41]  phi Residual Norm2: 5.160411395907929e-07
[2024/01/07 06:52:41]  phi Residual Mean: 1.466046333973009e-09
[2024/01/07 06:52:41]  phi Residual Max: 3.567042215189746e-08
[2024/01/07 06:52:41]  End
[2024/01/07 06:52:41]  
[2024/01/07 06:52:41]  Objective Functions: 
[2024/01/07 06:52:41]  {'PL': 5.641728574140645, 'VOLUME': 1.0001983568239881e-05, 'fail': False}
[2024/01/07 06:52:41]  Flow Runtime: 2.95698
[2024/01/07 06:52:41]  
[2024/01/07 06:52:41]  
[2024/01/07 06:52:41]  +--------------------------------------------------------------------------+
[2024/01/07 06:52:41]  |                  Evaluating Objective Functions 170                      |
[2024/01/07 06:52:41]  +--------------------------------------------------------------------------+
[2024/01/07 06:52:41]  Design Variables: 
[2024/01/07 06:52:41]  OrderedDict([('alphaPorosity', array([  1.9010024741305558,   1.869249883984535 ,   1.8394257775395122,
[2024/01/07 06:52:41]         ..., 322.42111948668736  , 323.0084505292117   ,
[2024/01/07 06:52:41]         323.4244921265212   ]))])
[2024/01/07 06:52:41]  DVGeo PointSet UpToDate: False
[2024/01/07 06:52:41]  Updating DVGeo PointSet....
[2024/01/07 06:52:41]  DVGeo PointSet UpToDate: True
[2024/01/07 06:52:41]  Warping the volume mesh....
[2024/01/07 06:52:41]  Setting up primal boundary conditions based on pyOptions: 
[2024/01/07 06:52:41]  Setting primal boundary conditions...
[2024/01/07 06:52:41]  Setting U = (0.1 0 0) at inlet
[2024/01/07 06:52:41]  Setting primal boundary conditions...
[2024/01/07 06:52:41]  Setting p = 0 at outlet
[2024/01/07 06:52:41]  nuTilda not found, skip it.
[2024/01/07 06:52:41]  Setting nut wall BC for wallBoundary. BCType=nutkWallFunction
[2024/01/07 06:52:41]  Running Primal Solver 170
[2024/01/07 06:52:41]  Previous solution time 1 found and deleted.
[2024/01/07 06:52:41]  No finite volume options present
[2024/01/07 06:52:41]  
[2024/01/07 06:52:41]  Starting time loop
[2024/01/07 06:52:41]  
[2024/01/07 06:52:41]  Checking mesh quality for time = 0
[2024/01/07 06:52:41]      Overall domain bounding box (7.181318501078189e-16 -1.399990449424424e-15 -5.718082257688551e-15) (0.02999999999999962 0.01500000000001617 0.001000000000005718)
[2024/01/07 06:52:41]      Mesh has 3 geometric (non-empty/wedge) directions 3{1}
[2024/01/07 06:52:41]      Mesh has 3 solution (non-empty) directions 3{1}
[2024/01/07 06:52:41]      Boundary openness (-6.947448714353218e-18 9.793123156124281e-19 -3.04020355740097e-16) OK.
[2024/01/07 06:52:41]      Max cell openness = 3.176373552203076e-16 OK.
[2024/01/07 06:52:41]      Max aspect ratio = 3.333333333492265 OK.
[2024/01/07 06:52:41]      Minimum face area = 1.499999999935995e-07. Maximum face area = 5.000000000129904e-07.  Face area magnitudes OK.
[2024/01/07 06:52:41]      Min volume = 1.499999999944929e-10. Max volume = 1.500000000034984e-10.  Total volume = 4.500000000002841e-07.  Cell volumes OK.
[2024/01/07 06:52:41]      Mesh non-orthogonality Max: 0 average: 0
[2024/01/07 06:52:41]      Non-orthogonality check OK.
[2024/01/07 06:52:41]      Face pyramids OK.
[2024/01/07 06:52:41]      Max skewness = 9.432792296734318e-11 OK.
[2024/01/07 06:52:41]      Coupled point location match (average 0) OK.
[2024/01/07 06:52:41]  
[2024/01/07 06:52:41]  Mesh OK.
[2024/01/07 06:52:41]  
[2024/01/07 06:52:41]  Time = 1
[2024/01/07 06:52:41]  
[2024/01/07 06:52:41]  U Initial residual: (6.953970839880705e-08 9.980673288651719e-08 0.001131815721183694)
[2024/01/07 06:52:41]  U   Final residual: (2.545623041232605e-09 4.016064154455593e-09 4.817609342579037e-05)
[2024/01/07 06:52:41]  p Initial residual: 1.420612433180335e-07
[2024/01/07 06:52:41]  p   Final residual: 1.098722922275895e-08
[2024/01/07 06:52:46]  Time step continuity errors : sum local = 4.020012418748149e-08
[2024/01/07 06:52:46]                                   global = -8.526259184757243e-09
[2024/01/07 06:52:46]                               cumulative = 0.001719409683727388
[2024/01/07 06:52:46]  yPlus min: 0 max: 0 mean: 0
[2024/01/07 06:52:46]  PL-part1-totalPressure: 15.24330740878759
[2024/01/07 06:52:46]  PL-part2-totalPressure: -9.601577196033562
[2024/01/07 06:52:46]  VOLUME-part1-variableVolSum: 1.000198356823988e-05
[2024/01/07 06:52:46]  ExecutionTime = 1184.78 s  ClockTime = 2169 s
[2024/01/07 06:52:46]  
[2024/01/07 06:52:46]  Time = 1
[2024/01/07 06:52:46]  Minimal residual 1.420612433180335e-07 satisfied the prescribed tolerance 1e-06
[2024/01/07 06:52:46]  
[2024/01/07 06:52:46]  PL-part1-totalPressure: 15.24330740878759
[2024/01/07 06:52:46]  PL-part2-totalPressure: -9.601577196033562
[2024/01/07 06:52:46]  VOLUME-part1-variableVolSum: 1.000198356823988e-05
[2024/01/07 06:52:46]  Printing Primal Residual Statistics.
[2024/01/07 06:52:46]  U Residual Norm2: (0.0008222584064000694 0.0002411950427630558 1.141170596219698e-13)
[2024/01/07 06:52:46]  U Residual Mean: (7.609416454054222e-06 2.100170477761448e-06 1.478694800350175e-15)
[2024/01/07 06:52:46]  U Residual Max: (5.266292242045445e-05 3.158678236936385e-05 1.0368952795739e-14)
[2024/01/07 06:52:46]  p Residual Norm2: 0.0001016218357658364
[2024/01/07 06:52:46]  p Residual Mean: 4.391859072261427e-07
[2024/01/07 06:52:46]  p Residual Max: 6.425055842121338e-05
[2024/01/07 06:52:46]  phi Residual Norm2: 4.94507204904495e-07
[2024/01/07 06:52:46]  phi Residual Mean: 1.393638361478498e-09
[2024/01/07 06:52:46]  phi Residual Max: 3.423590501952939e-08
[2024/01/07 06:52:46]  End
[2024/01/07 06:52:46]  
[2024/01/07 06:52:46]  Objective Functions: 
[2024/01/07 06:52:46]  {'PL': 5.6417302127540285, 'VOLUME': 1.0001983568239878e-05, 'fail': False}
[2024/01/07 06:52:46]  Flow Runtime: 2.87816
[2024/01/07 06:52:46]  
[2024/01/07 06:52:46]  
[2024/01/07 06:52:46]  +--------------------------------------------------------------------------+
[2024/01/07 06:52:46]  |                  Evaluating Objective Functions 171                      |
[2024/01/07 06:52:46]  +--------------------------------------------------------------------------+
[2024/01/07 06:52:46]  Design Variables: 
[2024/01/07 06:52:46]  OrderedDict([('alphaPorosity', array([  1.90100247413314  ,   1.8692498839870377,   1.8394257775419343,
[2024/01/07 06:52:46]         ..., 322.4211194868127   , 323.0084505293398   ,
[2024/01/07 06:52:46]         323.42449212665247  ]))])
[2024/01/07 06:52:46]  DVGeo PointSet UpToDate: False
[2024/01/07 06:52:46]  Updating DVGeo PointSet....
[2024/01/07 06:52:46]  DVGeo PointSet UpToDate: True
[2024/01/07 06:52:46]  Warping the volume mesh....
[2024/01/07 06:52:46]  Setting up primal boundary conditions based on pyOptions: 
[2024/01/07 06:52:46]  Setting primal boundary conditions...
[2024/01/07 06:52:46]  Setting U = (0.1 0 0) at inlet
[2024/01/07 06:52:46]  Setting primal boundary conditions...
[2024/01/07 06:52:46]  Setting p = 0 at outlet
[2024/01/07 06:52:46]  nuTilda not found, skip it.
[2024/01/07 06:52:46]  Setting nut wall BC for wallBoundary. BCType=nutkWallFunction
[2024/01/07 06:52:46]  Running Primal Solver 171
[2024/01/07 06:52:46]  Previous solution time 1 found and deleted.
[2024/01/07 06:52:46]  No finite volume options present
[2024/01/07 06:52:46]  
[2024/01/07 06:52:46]  Starting time loop
[2024/01/07 06:52:46]  
[2024/01/07 06:52:46]  Checking mesh quality for time = 0
[2024/01/07 06:52:46]      Overall domain bounding box (7.181318501078189e-16 -1.399990449424424e-15 -5.718082257688551e-15) (0.02999999999999962 0.01500000000001617 0.001000000000005718)
[2024/01/07 06:52:46]      Mesh has 3 geometric (non-empty/wedge) directions 3{1}
[2024/01/07 06:52:46]      Mesh has 3 solution (non-empty) directions 3{1}
[2024/01/07 06:52:46]      Boundary openness (-6.947448714353218e-18 9.793123156124281e-19 -3.04020355740097e-16) OK.
[2024/01/07 06:52:46]      Max cell openness = 3.176373552203076e-16 OK.
[2024/01/07 06:52:46]      Max aspect ratio = 3.333333333492265 OK.
[2024/01/07 06:52:46]      Minimum face area = 1.499999999935995e-07. Maximum face area = 5.000000000129904e-07.  Face area magnitudes OK.
[2024/01/07 06:52:46]      Min volume = 1.499999999944929e-10. Max volume = 1.500000000034984e-10.  Total volume = 4.500000000002841e-07.  Cell volumes OK.
[2024/01/07 06:52:46]      Mesh non-orthogonality Max: 0 average: 0
[2024/01/07 06:52:46]      Non-orthogonality check OK.
[2024/01/07 06:52:46]      Face pyramids OK.
[2024/01/07 06:52:46]      Max skewness = 9.432792296734318e-11 OK.
[2024/01/07 06:52:46]      Coupled point location match (average 0) OK.
[2024/01/07 06:52:46]  
[2024/01/07 06:52:46]  Mesh OK.
[2024/01/07 06:52:46]  
[2024/01/07 06:52:46]  Time = 1
[2024/01/07 06:52:46]  
[2024/01/07 06:52:46]  U Initial residual: (6.629376575635763e-08 9.463417676732393e-08 0.001104481229388796)
[2024/01/07 06:52:46]  U   Final residual: (2.414155564820591e-09 3.776688903704038e-09 4.669033807031801e-05)
[2024/01/07 06:52:46]  p Initial residual: 1.328732359276316e-07
[2024/01/07 06:52:46]  p   Final residual: 1.040208703193724e-08
[2024/01/07 06:52:46]  Time step continuity errors : sum local = 3.805921027064485e-08
[2024/01/07 06:52:46]                                   global = -8.258619155462992e-09
[2024/01/07 06:52:46]                               cumulative = 0.001719401425108233
[2024/01/07 06:52:46]  yPlus min: 0 max: 0 mean: 0
[2024/01/07 06:52:46]  PL-part1-totalPressure: 15.24330896986105
[2024/01/07 06:52:46]  PL-part2-totalPressure: -9.601577200687899
[2024/01/07 06:52:46]  VOLUME-part1-variableVolSum: 1.000198356823987e-05
[2024/01/07 06:52:46]  ExecutionTime = 1187.16 s  ClockTime = 2174 s
[2024/01/07 06:52:46]  
[2024/01/07 06:52:46]  Time = 1
[2024/01/07 06:52:46]  Minimal residual 1.328732359276316e-07 satisfied the prescribed tolerance 1e-06
[2024/01/07 06:52:46]  
[2024/01/07 06:52:46]  PL-part1-totalPressure: 15.24330896986105
[2024/01/07 06:52:46]  PL-part2-totalPressure: -9.601577200687899
[2024/01/07 06:52:50]  VOLUME-part1-variableVolSum: 1.000198356823987e-05
[2024/01/07 06:52:50]  Printing Primal Residual Statistics.
[2024/01/07 06:52:50]  U Residual Norm2: (0.0007899837794238722 0.0002314214416690944 1.16417426127751e-13)
[2024/01/07 06:52:50]  U Residual Mean: (7.254845450504784e-06 1.994955634984895e-06 1.500242418939276e-15)
[2024/01/07 06:52:50]  U Residual Max: (5.049266766143923e-05 3.063409334613798e-05 1.052280890863771e-14)
[2024/01/07 06:52:50]  p Residual Norm2: 9.819701080889474e-05
[2024/01/07 06:52:50]  p Residual Mean: 4.130720679260033e-07
[2024/01/07 06:52:50]  p Residual Max: 6.228819439949741e-05
[2024/01/07 06:52:50]  phi Residual Norm2: 4.738894644573028e-07
[2024/01/07 06:52:50]  phi Residual Mean: 1.324999681255565e-09
[2024/01/07 06:52:50]  phi Residual Max: 3.282796751634835e-08
[2024/01/07 06:52:50]  End
[2024/01/07 06:52:50]  
[2024/01/07 06:52:50]  Objective Functions: 
[2024/01/07 06:52:50]  {'PL': 5.641731769173152, 'VOLUME': 1.0001983568239868e-05, 'fail': False}
[2024/01/07 06:52:50]  Flow Runtime: 3.03733
[2024/01/07 06:52:50]  
[2024/01/07 06:52:50]  
[2024/01/07 06:52:50]  +--------------------------------------------------------------------------+
[2024/01/07 06:52:50]  |                  Evaluating Objective Functions 172                      |
[2024/01/07 06:52:50]  +--------------------------------------------------------------------------+
[2024/01/07 06:52:50]  Design Variables: 
[2024/01/07 06:52:50]  OrderedDict([('alphaPorosity', array([  1.901002474134432 ,   1.869249883988289 ,   1.8394257775431453,
[2024/01/07 06:52:50]         ..., 322.42111948687534  , 323.0084505294039   ,
[2024/01/07 06:52:50]         323.42449212671806  ]))])
[2024/01/07 06:52:50]  DVGeo PointSet UpToDate: False
[2024/01/07 06:52:50]  Updating DVGeo PointSet....
[2024/01/07 06:52:50]  DVGeo PointSet UpToDate: True
[2024/01/07 06:52:50]  Warping the volume mesh....
[2024/01/07 06:52:50]  Setting up primal boundary conditions based on pyOptions: 
[2024/01/07 06:52:50]  Setting primal boundary conditions...
[2024/01/07 06:52:50]  Setting U = (0.1 0 0) at inlet
[2024/01/07 06:52:50]  Setting primal boundary conditions...
[2024/01/07 06:52:50]  Setting p = 0 at outlet
[2024/01/07 06:52:50]  nuTilda not found, skip it.
[2024/01/07 06:52:50]  Setting nut wall BC for wallBoundary. BCType=nutkWallFunction
[2024/01/07 06:52:50]  Running Primal Solver 172
[2024/01/07 06:52:50]  Previous solution time 1 found and deleted.
[2024/01/07 06:52:50]  No finite volume options present
[2024/01/07 06:52:50]  
[2024/01/07 06:52:50]  Starting time loop
[2024/01/07 06:52:50]  
[2024/01/07 06:52:50]  Checking mesh quality for time = 0
[2024/01/07 06:52:50]      Overall domain bounding box (7.181318501078189e-16 -1.399990449424424e-15 -5.718082257688551e-15) (0.02999999999999962 0.01500000000001617 0.001000000000005718)
[2024/01/07 06:52:50]      Mesh has 3 geometric (non-empty/wedge) directions 3{1}
[2024/01/07 06:52:50]      Mesh has 3 solution (non-empty) directions 3{1}
[2024/01/07 06:52:50]      Boundary openness (-6.947448714353218e-18 9.793123156124281e-19 -3.04020355740097e-16) OK.
[2024/01/07 06:52:50]      Max cell openness = 3.176373552203076e-16 OK.
[2024/01/07 06:52:50]      Max aspect ratio = 3.333333333492265 OK.
[2024/01/07 06:52:50]      Minimum face area = 1.499999999935995e-07. Maximum face area = 5.000000000129904e-07.  Face area magnitudes OK.
[2024/01/07 06:52:50]      Min volume = 1.499999999944929e-10. Max volume = 1.500000000034984e-10.  Total volume = 4.500000000002841e-07.  Cell volumes OK.
[2024/01/07 06:52:50]      Mesh non-orthogonality Max: 0 average: 0
[2024/01/07 06:52:50]      Non-orthogonality check OK.
[2024/01/07 06:52:50]      Face pyramids OK.
[2024/01/07 06:52:50]      Max skewness = 9.432792296734318e-11 OK.
[2024/01/07 06:52:50]      Coupled point location match (average 0) OK.
[2024/01/07 06:52:50]  
[2024/01/07 06:52:50]  Mesh OK.
[2024/01/07 06:52:50]  
[2024/01/07 06:52:50]  Time = 1
[2024/01/07 06:52:50]  
[2024/01/07 06:52:50]  U Initial residual: (6.320387692952438e-08 8.989141047882798e-08 0.001120650767190702)
[2024/01/07 06:52:50]  U   Final residual: (2.289799605488553e-09 3.561405097469023e-09 4.436276636111515e-05)
[2024/01/07 06:52:50]  p Initial residual: 1.250998954145292e-07
[2024/01/07 06:52:50]  p   Final residual: 9.897310751607551e-09
[2024/01/07 06:52:50]  Time step continuity errors : sum local = 3.621233250036245e-08
[2024/01/07 06:52:50]                                   global = -8.022482411727005e-09
[2024/01/07 06:52:50]                               cumulative = 0.001719393402625821
[2024/01/07 06:52:50]  yPlus min: 0 max: 0 mean: 0
[2024/01/07 06:52:50]  PL-part1-totalPressure: 15.24331046709959
[2024/01/07 06:52:50]  PL-part2-totalPressure: -9.601577199563335
[2024/01/07 06:52:50]  VOLUME-part1-variableVolSum: 1.000198356823987e-05
[2024/01/07 06:52:50]  ExecutionTime = 1189.58 s  ClockTime = 2178 s
[2024/01/07 06:52:50]  
[2024/01/07 06:52:50]  Time = 1
[2024/01/07 06:52:50]  Minimal residual 1.250998954145292e-07 satisfied the prescribed tolerance 1e-06
[2024/01/07 06:52:50]  
[2024/01/07 06:52:50]  PL-part1-totalPressure: 15.24331046709959
[2024/01/07 06:52:50]  PL-part2-totalPressure: -9.601577199563335
[2024/01/07 06:52:50]  VOLUME-part1-variableVolSum: 1.000198356823987e-05
[2024/01/07 06:52:50]  Printing Primal Residual Statistics.
[2024/01/07 06:52:50]  U Residual Norm2: (0.0007587767022806557 0.0002222962001393588 1.142172609361309e-13)
[2024/01/07 06:52:50]  U Residual Mean: (6.917682583915722e-06 1.897822659899393e-06 1.497527223861904e-15)
[2024/01/07 06:52:50]  U Residual Max: (4.846108907785585e-05 2.970405418989408e-05 1.000563798649925e-14)
[2024/01/07 06:52:50]  p Residual Norm2: 9.501378724286704e-05
[2024/01/07 06:52:50]  p Residual Mean: 3.90487166195258e-07
[2024/01/07 06:52:50]  p Residual Max: 6.035400482221856e-05
[2024/01/07 06:52:50]  phi Residual Norm2: 4.541349733795691e-07
[2024/01/07 06:52:50]  phi Residual Mean: 1.260809321892619e-09
[2024/01/07 06:52:50]  phi Residual Max: 3.146402085457141e-08
[2024/01/07 06:52:50]  End
[2024/01/07 06:52:50]  
[2024/01/07 06:52:50]  Objective Functions: 
[2024/01/07 06:52:56]  {'PL': 5.641733267536258, 'VOLUME': 1.0001983568239866e-05, 'fail': False}
[2024/01/07 06:52:56]  Flow Runtime: 2.96734
[2024/01/07 06:52:56]  
[2024/01/07 06:52:56]  
[2024/01/07 06:52:56]  +--------------------------------------------------------------------------+
[2024/01/07 06:52:56]  |                  Evaluating Objective Functions 173                      |
[2024/01/07 06:52:56]  +--------------------------------------------------------------------------+
[2024/01/07 06:52:56]  Design Variables: 
[2024/01/07 06:52:56]  OrderedDict([('alphaPorosity', array([  1.9010024741350782,   1.8692498839889145,   1.8394257775437508,
[2024/01/07 06:52:56]         ..., 322.42111948690666  , 323.0084505294359   ,
[2024/01/07 06:52:56]         323.42449212675086  ]))])
[2024/01/07 06:52:56]  DVGeo PointSet UpToDate: False
[2024/01/07 06:52:56]  Updating DVGeo PointSet....
[2024/01/07 06:52:56]  DVGeo PointSet UpToDate: True
[2024/01/07 06:52:56]  Warping the volume mesh....
[2024/01/07 06:52:56]  Setting up primal boundary conditions based on pyOptions: 
[2024/01/07 06:52:56]  Setting primal boundary conditions...
[2024/01/07 06:52:56]  Setting U = (0.1 0 0) at inlet
[2024/01/07 06:52:56]  Setting primal boundary conditions...
[2024/01/07 06:52:56]  Setting p = 0 at outlet
[2024/01/07 06:52:56]  nuTilda not found, skip it.
[2024/01/07 06:52:56]  Setting nut wall BC for wallBoundary. BCType=nutkWallFunction
[2024/01/07 06:52:56]  Running Primal Solver 173
[2024/01/07 06:52:56]  Previous solution time 1 found and deleted.
[2024/01/07 06:52:56]  No finite volume options present
[2024/01/07 06:52:56]  
[2024/01/07 06:52:56]  Starting time loop
[2024/01/07 06:52:56]  
[2024/01/07 06:52:56]  Checking mesh quality for time = 0
[2024/01/07 06:52:56]      Overall domain bounding box (7.181318501078189e-16 -1.399990449424424e-15 -5.718082257688551e-15) (0.02999999999999962 0.01500000000001617 0.001000000000005718)
[2024/01/07 06:52:56]      Mesh has 3 geometric (non-empty/wedge) directions 3{1}
[2024/01/07 06:52:56]      Mesh has 3 solution (non-empty) directions 3{1}
[2024/01/07 06:52:56]      Boundary openness (-6.947448714353218e-18 9.793123156124281e-19 -3.04020355740097e-16) OK.
[2024/01/07 06:52:56]      Max cell openness = 3.176373552203076e-16 OK.
[2024/01/07 06:52:56]      Max aspect ratio = 3.333333333492265 OK.
[2024/01/07 06:52:56]      Minimum face area = 1.499999999935995e-07. Maximum face area = 5.000000000129904e-07.  Face area magnitudes OK.
[2024/01/07 06:52:56]      Min volume = 1.499999999944929e-10. Max volume = 1.500000000034984e-10.  Total volume = 4.500000000002841e-07.  Cell volumes OK.
[2024/01/07 06:52:56]      Mesh non-orthogonality Max: 0 average: 0
[2024/01/07 06:52:56]      Non-orthogonality check OK.
[2024/01/07 06:52:56]      Face pyramids OK.
[2024/01/07 06:52:56]      Max skewness = 9.432792296734318e-11 OK.
[2024/01/07 06:52:56]      Coupled point location match (average 0) OK.
[2024/01/07 06:52:56]  
[2024/01/07 06:52:56]  Mesh OK.
[2024/01/07 06:52:56]  
[2024/01/07 06:52:56]  Time = 1
[2024/01/07 06:52:56]  
[2024/01/07 06:52:56]  U Initial residual: (6.026578546856409e-08 8.551318959764673e-08 0.001118618410755921)
[2024/01/07 06:52:56]  U   Final residual: (2.172327196704101e-09 3.366277284479664e-09 4.33267392849087e-05)
[2024/01/07 06:52:56]  p Initial residual: 1.18712563734362e-07
[2024/01/07 06:52:56]  p   Final residual: 9.517738868361649e-09
[2024/01/07 06:52:56]  Time step continuity errors : sum local = 3.482356046024226e-08
[2024/01/07 06:52:56]                                   global = -7.776121627847046e-09
[2024/01/07 06:52:56]                               cumulative = 0.001719385626504193
[2024/01/07 06:52:56]  yPlus min: 0 max: 0 mean: 0
[2024/01/07 06:52:56]  PL-part1-totalPressure: 15.24331188709
[2024/01/07 06:52:56]  PL-part2-totalPressure: -9.601577193979605
[2024/01/07 06:52:56]  VOLUME-part1-variableVolSum: 1.000198356823986e-05
[2024/01/07 06:52:56]  ExecutionTime = 1191.97 s  ClockTime = 2182 s
[2024/01/07 06:52:56]  
[2024/01/07 06:52:56]  Time = 1
[2024/01/07 06:52:56]  Minimal residual 1.18712563734362e-07 satisfied the prescribed tolerance 1e-06
[2024/01/07 06:52:56]  
[2024/01/07 06:52:56]  PL-part1-totalPressure: 15.24331188709
[2024/01/07 06:52:56]  PL-part2-totalPressure: -9.601577193979605
[2024/01/07 06:52:56]  VOLUME-part1-variableVolSum: 1.000198356823986e-05
[2024/01/07 06:52:56]  Printing Primal Residual Statistics.
[2024/01/07 06:52:56]  U Residual Norm2: (0.0007286603585404231 0.0002135306715929183 1.146059301897166e-13)
[2024/01/07 06:52:56]  U Residual Mean: (6.59882643180962e-06 1.805150617822187e-06 1.469437329222417e-15)
[2024/01/07 06:52:56]  U Residual Max: (4.669959662551015e-05 2.879762433039001e-05 1.01175602682233e-14)
[2024/01/07 06:52:56]  p Residual Norm2: 9.202413571522717e-05
[2024/01/07 06:52:56]  p Residual Mean: 3.703729477088111e-07
[2024/01/07 06:52:56]  p Residual Max: 5.846870375878216e-05
[2024/01/07 06:52:56]  phi Residual Norm2: 4.351733582302633e-07
[2024/01/07 06:52:56]  phi Residual Mean: 1.200496354766606e-09
[2024/01/07 06:52:56]  phi Residual Max: 3.015177366929328e-08
[2024/01/07 06:52:56]  End
[2024/01/07 06:52:56]  
[2024/01/07 06:52:56]  Objective Functions: 
[2024/01/07 06:52:56]  {'PL': 5.641734693110392, 'VOLUME': 1.0001983568239861e-05, 'fail': False}
[2024/01/07 06:52:56]  Flow Runtime: 2.91588
[2024/01/07 06:52:56]  
[2024/01/07 06:52:56]  
[2024/01/07 06:52:56]  +--------------------------------------------------------------------------+
[2024/01/07 06:52:56]  |                  Evaluating Objective Functions 174                      |
[2024/01/07 06:52:56]  +--------------------------------------------------------------------------+
[2024/01/07 06:52:56]  Design Variables: 
[2024/01/07 06:52:56]  OrderedDict([('alphaPorosity', array([  1.901002474135401 ,   1.8692498839892273,   1.8394257775440537,
[2024/01/07 06:52:56]         ..., 322.42111948692235  , 323.0084505294519   ,
[2024/01/07 06:52:56]         323.42449212676735  ]))])
[2024/01/07 06:52:56]  DVGeo PointSet UpToDate: False
[2024/01/07 06:52:56]  Updating DVGeo PointSet....
[2024/01/07 06:52:56]  DVGeo PointSet UpToDate: True
[2024/01/07 06:53:00]  Warping the volume mesh....
[2024/01/07 06:53:00]  Setting up primal boundary conditions based on pyOptions: 
[2024/01/07 06:53:00]  Setting primal boundary conditions...
[2024/01/07 06:53:00]  Setting U = (0.1 0 0) at inlet
[2024/01/07 06:53:00]  Setting primal boundary conditions...
[2024/01/07 06:53:00]  Setting p = 0 at outlet
[2024/01/07 06:53:00]  nuTilda not found, skip it.
[2024/01/07 06:53:00]  Setting nut wall BC for wallBoundary. BCType=nutkWallFunction
[2024/01/07 06:53:00]  Running Primal Solver 174
[2024/01/07 06:53:00]  Previous solution time 1 found and deleted.
[2024/01/07 06:53:00]  No finite volume options present
[2024/01/07 06:53:00]  
[2024/01/07 06:53:00]  Starting time loop
[2024/01/07 06:53:00]  
[2024/01/07 06:53:00]  Checking mesh quality for time = 0
[2024/01/07 06:53:00]      Overall domain bounding box (7.181318501078189e-16 -1.399990449424424e-15 -5.718082257688551e-15) (0.02999999999999962 0.01500000000001617 0.001000000000005718)
[2024/01/07 06:53:00]      Mesh has 3 geometric (non-empty/wedge) directions 3{1}
[2024/01/07 06:53:00]      Mesh has 3 solution (non-empty) directions 3{1}
[2024/01/07 06:53:00]      Boundary openness (-6.947448714353218e-18 9.793123156124281e-19 -3.04020355740097e-16) OK.
[2024/01/07 06:53:00]      Max cell openness = 3.176373552203076e-16 OK.
[2024/01/07 06:53:00]      Max aspect ratio = 3.333333333492265 OK.
[2024/01/07 06:53:00]      Minimum face area = 1.499999999935995e-07. Maximum face area = 5.000000000129904e-07.  Face area magnitudes OK.
[2024/01/07 06:53:00]      Min volume = 1.499999999944929e-10. Max volume = 1.500000000034984e-10.  Total volume = 4.500000000002841e-07.  Cell volumes OK.
[2024/01/07 06:53:00]      Mesh non-orthogonality Max: 0 average: 0
[2024/01/07 06:53:00]      Non-orthogonality check OK.
[2024/01/07 06:53:00]      Face pyramids OK.
[2024/01/07 06:53:00]      Max skewness = 9.432792296734318e-11 OK.
[2024/01/07 06:53:00]      Coupled point location match (average 0) OK.
[2024/01/07 06:53:00]  
[2024/01/07 06:53:00]  Mesh OK.
[2024/01/07 06:53:00]  
[2024/01/07 06:53:00]  Time = 1
[2024/01/07 06:53:00]  
[2024/01/07 06:53:00]  U Initial residual: (5.748728331511029e-08 8.133633144960201e-08 0.001097628123993052)
[2024/01/07 06:53:00]  U   Final residual: (2.06069541254948e-09 3.18318176075014e-09 4.500380625549505e-05)
[2024/01/07 06:53:00]  p Initial residual: 1.12880097713622e-07
[2024/01/07 06:53:00]  p   Final residual: 9.237512386002054e-09
[2024/01/07 06:53:00]  Time step continuity errors : sum local = 3.379826912114211e-08
[2024/01/07 06:53:00]                                   global = -7.516484223075298e-09
[2024/01/07 06:53:00]                               cumulative = 0.00171937811001997
[2024/01/07 06:53:00]  yPlus min: 0 max: 0 mean: 0
[2024/01/07 06:53:00]  PL-part1-totalPressure: 15.24331320714644
[2024/01/07 06:53:00]  PL-part2-totalPressure: -9.601577185405908
[2024/01/07 06:53:00]  VOLUME-part1-variableVolSum: 1.000198356823987e-05
[2024/01/07 06:53:00]  ExecutionTime = 1194.95 s  ClockTime = 2186 s
[2024/01/07 06:53:00]  
[2024/01/07 06:53:00]  Time = 1
[2024/01/07 06:53:00]  Minimal residual 1.12880097713622e-07 satisfied the prescribed tolerance 1e-06
[2024/01/07 06:53:00]  
[2024/01/07 06:53:00]  PL-part1-totalPressure: 15.24331320714644
[2024/01/07 06:53:00]  PL-part2-totalPressure: -9.601577185405908
[2024/01/07 06:53:00]  VOLUME-part1-variableVolSum: 1.000198356823987e-05
[2024/01/07 06:53:00]  Printing Primal Residual Statistics.
[2024/01/07 06:53:00]  U Residual Norm2: (0.0006996420802909376 0.0002049242757391966 1.159814588048079e-13)
[2024/01/07 06:53:00]  U Residual Mean: (6.297748546347097e-06 1.716916337461589e-06 1.490639890483565e-15)
[2024/01/07 06:53:00]  U Residual Max: (4.505487336592395e-05 2.791210112440545e-05 1.047796034649473e-14)
[2024/01/07 06:53:00]  p Residual Norm2: 8.91659804270218e-05
[2024/01/07 06:53:00]  p Residual Mean: 3.514778492616026e-07
[2024/01/07 06:53:00]  p Residual Max: 5.665349595110379e-05
[2024/01/07 06:53:00]  phi Residual Norm2: 4.169411594610797e-07
[2024/01/07 06:53:00]  phi Residual Mean: 1.14302377766614e-09
[2024/01/07 06:53:00]  phi Residual Max: 2.888652468942869e-08
[2024/01/07 06:53:00]  End
[2024/01/07 06:53:00]  
[2024/01/07 06:53:00]  Objective Functions: 
[2024/01/07 06:53:00]  {'PL': 5.641736021740533, 'VOLUME': 1.0001983568239866e-05, 'fail': False}
[2024/01/07 06:53:00]  Flow Runtime: 2.93703
[2024/01/07 06:53:00]  
[2024/01/07 06:53:00]  
[2024/01/07 06:53:00]  +--------------------------------------------------------------------------+
[2024/01/07 06:53:00]  |                  Evaluating Objective Functions 175                      |
[2024/01/07 06:53:00]  +--------------------------------------------------------------------------+
[2024/01/07 06:53:00]  Design Variables: 
[2024/01/07 06:53:00]  OrderedDict([('alphaPorosity', array([  1.9010024741355627,   1.8692498839893836,   1.8394257775442049,
[2024/01/07 06:53:00]         ..., 322.4211194869302   , 323.00845052946     ,
[2024/01/07 06:53:00]         323.42449212677553  ]))])
[2024/01/07 06:53:00]  DVGeo PointSet UpToDate: False
[2024/01/07 06:53:00]  Updating DVGeo PointSet....
[2024/01/07 06:53:00]  DVGeo PointSet UpToDate: True
[2024/01/07 06:53:00]  Warping the volume mesh....
[2024/01/07 06:53:00]  Setting up primal boundary conditions based on pyOptions: 
[2024/01/07 06:53:00]  Setting primal boundary conditions...
[2024/01/07 06:53:00]  Setting U = (0.1 0 0) at inlet
[2024/01/07 06:53:00]  Setting primal boundary conditions...
[2024/01/07 06:53:00]  Setting p = 0 at outlet
[2024/01/07 06:53:00]  nuTilda not found, skip it.
[2024/01/07 06:53:00]  Setting nut wall BC for wallBoundary. BCType=nutkWallFunction
[2024/01/07 06:53:00]  Running Primal Solver 175
[2024/01/07 06:53:00]  Previous solution time 1 found and deleted.
[2024/01/07 06:53:00]  No finite volume options present
[2024/01/07 06:53:00]  
[2024/01/07 06:53:00]  Starting time loop
[2024/01/07 06:53:00]  
[2024/01/07 06:53:00]  Checking mesh quality for time = 0
[2024/01/07 06:53:06]      Overall domain bounding box (7.181318501078189e-16 -1.399990449424424e-15 -5.718082257688551e-15) (0.02999999999999962 0.01500000000001617 0.001000000000005718)
[2024/01/07 06:53:06]      Mesh has 3 geometric (non-empty/wedge) directions 3{1}
[2024/01/07 06:53:06]      Mesh has 3 solution (non-empty) directions 3{1}
[2024/01/07 06:53:06]      Boundary openness (-6.947448714353218e-18 9.793123156124281e-19 -3.04020355740097e-16) OK.
[2024/01/07 06:53:06]      Max cell openness = 3.176373552203076e-16 OK.
[2024/01/07 06:53:06]      Max aspect ratio = 3.333333333492265 OK.
[2024/01/07 06:53:06]      Minimum face area = 1.499999999935995e-07. Maximum face area = 5.000000000129904e-07.  Face area magnitudes OK.
[2024/01/07 06:53:06]      Min volume = 1.499999999944929e-10. Max volume = 1.500000000034984e-10.  Total volume = 4.500000000002841e-07.  Cell volumes OK.
[2024/01/07 06:53:06]      Mesh non-orthogonality Max: 0 average: 0
[2024/01/07 06:53:06]      Non-orthogonality check OK.
[2024/01/07 06:53:06]      Face pyramids OK.
[2024/01/07 06:53:06]      Max skewness = 9.432792296734318e-11 OK.
[2024/01/07 06:53:06]      Coupled point location match (average 0) OK.
[2024/01/07 06:53:06]  
[2024/01/07 06:53:06]  Mesh OK.
[2024/01/07 06:53:06]  
[2024/01/07 06:53:06]  Time = 1
[2024/01/07 06:53:06]  
[2024/01/07 06:53:06]  U Initial residual: (5.486373958331267e-08 7.735958742932837e-08 0.001113243596983615)
[2024/01/07 06:53:06]  U   Final residual: (1.954929316225019e-09 3.009290670735097e-09 4.845700209647162e-05)
[2024/01/07 06:53:06]  p Initial residual: 1.070660409812337e-07
[2024/01/07 06:53:06]  p   Final residual: 8.992772466620046e-09
[2024/01/07 06:53:06]  Time step continuity errors : sum local = 3.290281488200359e-08
[2024/01/07 06:53:06]                                   global = -7.260768043937907e-09
[2024/01/07 06:53:06]                               cumulative = 0.001719370849251926
[2024/01/07 06:53:06]  yPlus min: 0 max: 0 mean: 0
[2024/01/07 06:53:06]  PL-part1-totalPressure: 15.24331442084673
[2024/01/07 06:53:06]  PL-part2-totalPressure: -9.601577174542898
[2024/01/07 06:53:06]  VOLUME-part1-variableVolSum: 1.000198356823986e-05
[2024/01/07 06:53:06]  ExecutionTime = 1197.4 s  ClockTime = 2191 s
[2024/01/07 06:53:06]  
[2024/01/07 06:53:06]  Time = 1
[2024/01/07 06:53:06]  Minimal residual 1.070660409812337e-07 satisfied the prescribed tolerance 1e-06
[2024/01/07 06:53:06]  
[2024/01/07 06:53:06]  PL-part1-totalPressure: 15.24331442084673
[2024/01/07 06:53:06]  PL-part2-totalPressure: -9.601577174542898
[2024/01/07 06:53:06]  VOLUME-part1-variableVolSum: 1.000198356823986e-05
[2024/01/07 06:53:06]  Printing Primal Residual Statistics.
[2024/01/07 06:53:06]  U Residual Norm2: (0.0006716692948760378 0.000196485477976501 1.134556600494329e-13)
[2024/01/07 06:53:06]  U Residual Mean: (6.010180082461153e-06 1.632865161570868e-06 1.469397774931954e-15)
[2024/01/07 06:53:06]  U Residual Max: (4.349824791982648e-05 2.704231853145611e-05 1.05490062778676e-14)
[2024/01/07 06:53:06]  p Residual Norm2: 8.639778676523344e-05
[2024/01/07 06:53:06]  p Residual Mean: 3.329130846291369e-07
[2024/01/07 06:53:06]  p Residual Max: 5.490817265188406e-05
[2024/01/07 06:53:06]  phi Residual Norm2: 3.993956676492532e-07
[2024/01/07 06:53:06]  phi Residual Mean: 1.087657375777267e-09
[2024/01/07 06:53:06]  phi Residual Max: 2.765651323308192e-08
[2024/01/07 06:53:06]  End
[2024/01/07 06:53:06]  
[2024/01/07 06:53:06]  Objective Functions: 
[2024/01/07 06:53:06]  {'PL': 5.6417372463038316, 'VOLUME': 1.0001983568239864e-05, 'fail': False}
[2024/01/07 06:53:06]  Flow Runtime: 2.95063
[2024/01/07 06:53:06]  
[2024/01/07 06:53:06]  
[2024/01/07 06:53:06]  +--------------------------------------------------------------------------+
[2024/01/07 06:53:06]  |                  Evaluating Objective Functions 176                      |
[2024/01/07 06:53:06]  +--------------------------------------------------------------------------+
[2024/01/07 06:53:06]  Design Variables: 
[2024/01/07 06:53:06]  OrderedDict([('alphaPorosity', array([  1.9010024741356435,   1.8692498839894618,   1.8394257775442808,
[2024/01/07 06:53:06]         ..., 322.4211194869341   , 323.0084505294639   ,
[2024/01/07 06:53:06]         323.4244921267796   ]))])
[2024/01/07 06:53:06]  DVGeo PointSet UpToDate: False
[2024/01/07 06:53:06]  Updating DVGeo PointSet....
[2024/01/07 06:53:06]  DVGeo PointSet UpToDate: True
[2024/01/07 06:53:06]  Warping the volume mesh....
[2024/01/07 06:53:06]  Setting up primal boundary conditions based on pyOptions: 
[2024/01/07 06:53:06]  Setting primal boundary conditions...
[2024/01/07 06:53:06]  Setting U = (0.1 0 0) at inlet
[2024/01/07 06:53:06]  Setting primal boundary conditions...
[2024/01/07 06:53:06]  Setting p = 0 at outlet
[2024/01/07 06:53:06]  nuTilda not found, skip it.
[2024/01/07 06:53:06]  Setting nut wall BC for wallBoundary. BCType=nutkWallFunction
[2024/01/07 06:53:06]  Running Primal Solver 176
[2024/01/07 06:53:06]  Previous solution time 1 found and deleted.
[2024/01/07 06:53:06]  No finite volume options present
[2024/01/07 06:53:06]  
[2024/01/07 06:53:06]  Starting time loop
[2024/01/07 06:53:06]  
[2024/01/07 06:53:06]  Checking mesh quality for time = 0
[2024/01/07 06:53:06]      Overall domain bounding box (7.181318501078189e-16 -1.399990449424424e-15 -5.718082257688551e-15) (0.02999999999999962 0.01500000000001617 0.001000000000005718)
[2024/01/07 06:53:06]      Mesh has 3 geometric (non-empty/wedge) directions 3{1}
[2024/01/07 06:53:06]      Mesh has 3 solution (non-empty) directions 3{1}
[2024/01/07 06:53:06]      Boundary openness (-6.947448714353218e-18 9.793123156124281e-19 -3.04020355740097e-16) OK.
[2024/01/07 06:53:06]      Max cell openness = 3.176373552203076e-16 OK.
[2024/01/07 06:53:06]      Max aspect ratio = 3.333333333492265 OK.
[2024/01/07 06:53:06]      Minimum face area = 1.499999999935995e-07. Maximum face area = 5.000000000129904e-07.  Face area magnitudes OK.
[2024/01/07 06:53:11]      Min volume = 1.499999999944929e-10. Max volume = 1.500000000034984e-10.  Total volume = 4.500000000002841e-07.  Cell volumes OK.
[2024/01/07 06:53:11]      Mesh non-orthogonality Max: 0 average: 0
[2024/01/07 06:53:11]      Non-orthogonality check OK.
[2024/01/07 06:53:11]      Face pyramids OK.
[2024/01/07 06:53:11]      Max skewness = 9.432792296734318e-11 OK.
[2024/01/07 06:53:11]      Coupled point location match (average 0) OK.
[2024/01/07 06:53:11]  
[2024/01/07 06:53:11]  Mesh OK.
[2024/01/07 06:53:11]  
[2024/01/07 06:53:11]  Time = 1
[2024/01/07 06:53:11]  
[2024/01/07 06:53:11]  U Initial residual: (5.235796774574541e-08 7.357133632390166e-08 0.001097289757961876)
[2024/01/07 06:53:11]  U   Final residual: (1.854491972701657e-09 2.84317257473183e-09 4.53326882988042e-05)
[2024/01/07 06:53:11]  p Initial residual: 1.01254843672105e-07
[2024/01/07 06:53:11]  p   Final residual: 8.725988260979986e-09
[2024/01/07 06:53:11]  Time step continuity errors : sum local = 3.192670145814501e-08
[2024/01/07 06:53:11]                                   global = -7.01880048713779e-09
[2024/01/07 06:53:11]                               cumulative = 0.001719363830451439
[2024/01/07 06:53:11]  yPlus min: 0 max: 0 mean: 0
[2024/01/07 06:53:11]  PL-part1-totalPressure: 15.24331554227239
[2024/01/07 06:53:11]  PL-part2-totalPressure: -9.601577161259639
[2024/01/07 06:53:11]  VOLUME-part1-variableVolSum: 1.000198356823986e-05
[2024/01/07 06:53:11]  ExecutionTime = 1199.95 s  ClockTime = 2195 s
[2024/01/07 06:53:11]  
[2024/01/07 06:53:11]  Time = 1
[2024/01/07 06:53:11]  Minimal residual 1.01254843672105e-07 satisfied the prescribed tolerance 1e-06
[2024/01/07 06:53:11]  
[2024/01/07 06:53:11]  PL-part1-totalPressure: 15.24331554227239
[2024/01/07 06:53:11]  PL-part2-totalPressure: -9.601577161259639
[2024/01/07 06:53:11]  VOLUME-part1-variableVolSum: 1.000198356823986e-05
[2024/01/07 06:53:11]  Printing Primal Residual Statistics.
[2024/01/07 06:53:11]  U Residual Norm2: (0.0006446521048836099 0.0001883535831983281 1.142842675009917e-13)
[2024/01/07 06:53:11]  U Residual Mean: (5.734332117923484e-06 1.553584951544902e-06 1.476048147592566e-15)
[2024/01/07 06:53:11]  U Residual Max: (4.196818050772322e-05 2.618426114020522e-05 1.02008568028028e-14)
[2024/01/07 06:53:11]  p Residual Norm2: 8.370942951682038e-05
[2024/01/07 06:53:11]  p Residual Mean: 3.149294536103409e-07
[2024/01/07 06:53:11]  p Residual Max: 5.321431595686555e-05
[2024/01/07 06:53:11]  phi Residual Norm2: 3.825094150111019e-07
[2024/01/07 06:53:11]  phi Residual Mean: 1.034364608518826e-09
[2024/01/07 06:53:11]  phi Residual Max: 2.645141600679899e-08
[2024/01/07 06:53:11]  End
[2024/01/07 06:53:11]  
[2024/01/07 06:53:11]  Objective Functions: 
[2024/01/07 06:53:11]  {'PL': 5.641738381012747, 'VOLUME': 1.000198356823986e-05, 'fail': False}
[2024/01/07 06:53:11]  Flow Runtime: 2.97446
[2024/01/07 06:53:11]  
[2024/01/07 06:53:11]  
[2024/01/07 06:53:11]  +--------------------------------------------------------------------------+
[2024/01/07 06:53:11]  |                  Evaluating Objective Functions 177                      |
[2024/01/07 06:53:11]  +--------------------------------------------------------------------------+
[2024/01/07 06:53:11]  Design Variables: 
[2024/01/07 06:53:11]  OrderedDict([('alphaPorosity', array([  1.9010024741356837,   1.869249883989501 ,   1.8394257775443184,
[2024/01/07 06:53:11]         ..., 322.42111948693605  , 323.0084505294659   ,
[2024/01/07 06:53:11]         323.4244921267816   ]))])
[2024/01/07 06:53:11]  DVGeo PointSet UpToDate: False
[2024/01/07 06:53:11]  Updating DVGeo PointSet....
[2024/01/07 06:53:11]  DVGeo PointSet UpToDate: True
[2024/01/07 06:53:11]  Warping the volume mesh....
[2024/01/07 06:53:11]  Setting up primal boundary conditions based on pyOptions: 
[2024/01/07 06:53:11]  Setting primal boundary conditions...
[2024/01/07 06:53:11]  Setting U = (0.1 0 0) at inlet
[2024/01/07 06:53:11]  Setting primal boundary conditions...
[2024/01/07 06:53:11]  Setting p = 0 at outlet
[2024/01/07 06:53:11]  nuTilda not found, skip it.
[2024/01/07 06:53:11]  Setting nut wall BC for wallBoundary. BCType=nutkWallFunction
[2024/01/07 06:53:11]  Running Primal Solver 177
[2024/01/07 06:53:11]  Previous solution time 1 found and deleted.
[2024/01/07 06:53:11]  No finite volume options present
[2024/01/07 06:53:11]  
[2024/01/07 06:53:11]  Starting time loop
[2024/01/07 06:53:11]  
[2024/01/07 06:53:11]  Checking mesh quality for time = 0
[2024/01/07 06:53:11]      Overall domain bounding box (7.181318501078189e-16 -1.399990449424424e-15 -5.718082257688551e-15) (0.02999999999999962 0.01500000000001617 0.001000000000005718)
[2024/01/07 06:53:11]      Mesh has 3 geometric (non-empty/wedge) directions 3{1}
[2024/01/07 06:53:11]      Mesh has 3 solution (non-empty) directions 3{1}
[2024/01/07 06:53:11]      Boundary openness (-6.947448714353218e-18 9.793123156124281e-19 -3.04020355740097e-16) OK.
[2024/01/07 06:53:11]      Max cell openness = 3.176373552203076e-16 OK.
[2024/01/07 06:53:11]      Max aspect ratio = 3.333333333492265 OK.
[2024/01/07 06:53:11]      Minimum face area = 1.499999999935995e-07. Maximum face area = 5.000000000129904e-07.  Face area magnitudes OK.
[2024/01/07 06:53:11]      Min volume = 1.499999999944929e-10. Max volume = 1.500000000034984e-10.  Total volume = 4.500000000002841e-07.  Cell volumes OK.
[2024/01/07 06:53:11]      Mesh non-orthogonality Max: 0 average: 0
[2024/01/07 06:53:11]      Non-orthogonality check OK.
[2024/01/07 06:53:11]      Face pyramids OK.
[2024/01/07 06:53:11]      Max skewness = 9.432792296734318e-11 OK.
[2024/01/07 06:53:11]      Coupled point location match (average 0) OK.
[2024/01/07 06:53:11]  
[2024/01/07 06:53:11]  Mesh OK.
[2024/01/07 06:53:11]  
[2024/01/07 06:53:11]  Time = 1
[2024/01/07 06:53:11]  
[2024/01/07 06:53:11]  U Initial residual: (4.995437675515972e-08 6.9998075825131e-08 0.001102446139633769)
[2024/01/07 06:53:11]  U   Final residual: (1.758816449859736e-09 2.687182699682018e-09 4.623194111434781e-05)
[2024/01/07 06:53:11]  p Initial residual: 9.578618130306547e-08
[2024/01/07 06:53:11]  p   Final residual: 8.41454825548974e-09
[2024/01/07 06:53:15]  Time step continuity errors : sum local = 3.078721168679489e-08
[2024/01/07 06:53:15]                                   global = -6.783665217937659e-09
[2024/01/07 06:53:15]                               cumulative = 0.001719357046786221
[2024/01/07 06:53:15]  yPlus min: 0 max: 0 mean: 0
[2024/01/07 06:53:15]  PL-part1-totalPressure: 15.24331659278602
[2024/01/07 06:53:15]  PL-part2-totalPressure: -9.601577145107571
[2024/01/07 06:53:15]  VOLUME-part1-variableVolSum: 1.000198356823986e-05
[2024/01/07 06:53:15]  ExecutionTime = 1202.08 s  ClockTime = 2199 s
[2024/01/07 06:53:15]  
[2024/01/07 06:53:15]  Time = 1
[2024/01/07 06:53:15]  Minimal residual 9.578618130306547e-08 satisfied the prescribed tolerance 1e-06
[2024/01/07 06:53:15]  
[2024/01/07 06:53:15]  PL-part1-totalPressure: 15.24331659278602
[2024/01/07 06:53:15]  PL-part2-totalPressure: -9.601577145107571
[2024/01/07 06:53:15]  VOLUME-part1-variableVolSum: 1.000198356823986e-05
[2024/01/07 06:53:15]  Printing Primal Residual Statistics.
[2024/01/07 06:53:15]  U Residual Norm2: (0.0006185137012325093 0.0001806370264656959 1.069819335351645e-13)
[2024/01/07 06:53:15]  U Residual Mean: (5.469187659135675e-06 1.479575262443961e-06 1.391983326608227e-15)
[2024/01/07 06:53:15]  U Residual Max: (4.05372838823137e-05 2.533715773511691e-05 9.828831985084599e-15)
[2024/01/07 06:53:15]  p Residual Norm2: 8.110795711750966e-05
[2024/01/07 06:53:15]  p Residual Mean: 2.982666355077395e-07
[2024/01/07 06:53:15]  p Residual Max: 5.155276784469496e-05
[2024/01/07 06:53:15]  phi Residual Norm2: 3.662581694606976e-07
[2024/01/07 06:53:15]  phi Residual Mean: 9.834971803556953e-10
[2024/01/07 06:53:15]  phi Residual Max: 2.526784344942278e-08
[2024/01/07 06:53:15]  End
[2024/01/07 06:53:15]  
[2024/01/07 06:53:15]  Objective Functions: 
[2024/01/07 06:53:15]  {'PL': 5.641739447678452, 'VOLUME': 1.0001983568239863e-05, 'fail': False}
[2024/01/07 06:53:15]  Flow Runtime: 3.05512
[2024/01/07 06:53:15]  
[2024/01/07 06:53:15]  
[2024/01/07 06:53:15]  +--------------------------------------------------------------------------+
[2024/01/07 06:53:15]  |                  Evaluating Objective Functions 178                      |
[2024/01/07 06:53:15]  +--------------------------------------------------------------------------+
[2024/01/07 06:53:15]  Design Variables: 
[2024/01/07 06:53:15]  OrderedDict([('alphaPorosity', array([  1.9010024741357041,   1.8692498839895206,   1.8394257775443374,
[2024/01/07 06:53:15]         ..., 322.421119486937    , 323.008450529467    ,
[2024/01/07 06:53:15]         323.42449212678264  ]))])
[2024/01/07 06:53:15]  DVGeo PointSet UpToDate: False
[2024/01/07 06:53:15]  Updating DVGeo PointSet....
[2024/01/07 06:53:15]  DVGeo PointSet UpToDate: True
[2024/01/07 06:53:15]  Warping the volume mesh....
[2024/01/07 06:53:15]  Setting up primal boundary conditions based on pyOptions: 
[2024/01/07 06:53:15]  Setting primal boundary conditions...
[2024/01/07 06:53:15]  Setting U = (0.1 0 0) at inlet
[2024/01/07 06:53:15]  Setting primal boundary conditions...
[2024/01/07 06:53:15]  Setting p = 0 at outlet
[2024/01/07 06:53:15]  nuTilda not found, skip it.
[2024/01/07 06:53:15]  Setting nut wall BC for wallBoundary. BCType=nutkWallFunction
[2024/01/07 06:53:15]  Running Primal Solver 178
[2024/01/07 06:53:15]  Previous solution time 1 found and deleted.
[2024/01/07 06:53:15]  No finite volume options present
[2024/01/07 06:53:15]  
[2024/01/07 06:53:15]  Starting time loop
[2024/01/07 06:53:15]  
[2024/01/07 06:53:15]  Checking mesh quality for time = 0
[2024/01/07 06:53:15]      Overall domain bounding box (7.181318501078189e-16 -1.399990449424424e-15 -5.718082257688551e-15) (0.02999999999999962 0.01500000000001617 0.001000000000005718)
[2024/01/07 06:53:15]      Mesh has 3 geometric (non-empty/wedge) directions 3{1}
[2024/01/07 06:53:15]      Mesh has 3 solution (non-empty) directions 3{1}
[2024/01/07 06:53:15]      Boundary openness (-6.947448714353218e-18 9.793123156124281e-19 -3.04020355740097e-16) OK.
[2024/01/07 06:53:15]      Max cell openness = 3.176373552203076e-16 OK.
[2024/01/07 06:53:15]      Max aspect ratio = 3.333333333492265 OK.
[2024/01/07 06:53:15]      Minimum face area = 1.499999999935995e-07. Maximum face area = 5.000000000129904e-07.  Face area magnitudes OK.
[2024/01/07 06:53:15]      Min volume = 1.499999999944929e-10. Max volume = 1.500000000034984e-10.  Total volume = 4.500000000002841e-07.  Cell volumes OK.
[2024/01/07 06:53:15]      Mesh non-orthogonality Max: 0 average: 0
[2024/01/07 06:53:15]      Non-orthogonality check OK.
[2024/01/07 06:53:15]      Face pyramids OK.
[2024/01/07 06:53:15]      Max skewness = 9.432792296734318e-11 OK.
[2024/01/07 06:53:15]      Coupled point location match (average 0) OK.
[2024/01/07 06:53:15]  
[2024/01/07 06:53:15]  Mesh OK.
[2024/01/07 06:53:15]  
[2024/01/07 06:53:15]  Time = 1
[2024/01/07 06:53:15]  
[2024/01/07 06:53:15]  U Initial residual: (4.764410153427065e-08 6.666240301615484e-08 0.001039669374198802)
[2024/01/07 06:53:15]  U   Final residual: (1.667632131637538e-09 2.541749773602639e-09 3.815590926765694e-05)
[2024/01/07 06:53:15]  p Initial residual: 9.086664275284049e-08
[2024/01/07 06:53:15]  p   Final residual: 8.087183946438236e-09
[2024/01/07 06:53:15]  Time step continuity errors : sum local = 2.958944510594296e-08
[2024/01/07 06:53:15]                                   global = -6.548488639775941e-09
[2024/01/07 06:53:15]                               cumulative = 0.001719350498297581
[2024/01/07 06:53:15]  yPlus min: 0 max: 0 mean: 0
[2024/01/07 06:53:15]  PL-part1-totalPressure: 15.24331758637907
[2024/01/07 06:53:15]  PL-part2-totalPressure: -9.601577125831401
[2024/01/07 06:53:15]  VOLUME-part1-variableVolSum: 1.000198356823987e-05
[2024/01/07 06:53:15]  ExecutionTime = 1204.13 s  ClockTime = 2203 s
[2024/01/07 06:53:15]  
[2024/01/07 06:53:15]  Time = 1
[2024/01/07 06:53:15]  Minimal residual 9.086664275284049e-08 satisfied the prescribed tolerance 1e-06
[2024/01/07 06:53:15]  
[2024/01/07 06:53:15]  PL-part1-totalPressure: 15.24331758637907
[2024/01/07 06:53:15]  PL-part2-totalPressure: -9.601577125831401
[2024/01/07 06:53:20]  VOLUME-part1-variableVolSum: 1.000198356823987e-05
[2024/01/07 06:53:20]  Printing Primal Residual Statistics.
[2024/01/07 06:53:20]  U Residual Norm2: (0.0005932184011171147 0.0001733233119265232 1.137275046953992e-13)
[2024/01/07 06:53:20]  U Residual Mean: (5.213607658496935e-06 1.410357204642036e-06 1.474391028041666e-15)
[2024/01/07 06:53:20]  U Residual Max: (3.932240983761659e-05 2.45026384271263e-05 1.136320095444305e-14)
[2024/01/07 06:53:20]  p Residual Norm2: 7.85967368031654e-05
[2024/01/07 06:53:20]  p Residual Mean: 2.831941929018812e-07
[2024/01/07 06:53:20]  p Residual Max: 4.991644331490245e-05
[2024/01/07 06:53:20]  phi Residual Norm2: 3.506142526131176e-07
[2024/01/07 06:53:20]  phi Residual Mean: 9.351789732275273e-10
[2024/01/07 06:53:20]  phi Residual Max: 2.421604203417776e-08
[2024/01/07 06:53:20]  End
[2024/01/07 06:53:20]  
[2024/01/07 06:53:20]  Objective Functions: 
[2024/01/07 06:53:20]  {'PL': 5.641740460547666, 'VOLUME': 1.0001983568239866e-05, 'fail': False}
[2024/01/07 06:53:20]  Flow Runtime: 2.92859
[2024/01/07 06:53:20]  
[2024/01/07 06:53:20]  
[2024/01/07 06:53:20]  +--------------------------------------------------------------------------+
[2024/01/07 06:53:20]  |                  Evaluating Objective Functions 179                      |
[2024/01/07 06:53:20]  +--------------------------------------------------------------------------+
[2024/01/07 06:53:20]  Design Variables: 
[2024/01/07 06:53:20]  OrderedDict([('alphaPorosity', array([  1.901002474135714 ,   1.8692498839895304,   1.839425777544347 ,
[2024/01/07 06:53:20]         ..., 322.4211194869375   , 323.00845052946744  ,
[2024/01/07 06:53:20]         323.4244921267832   ]))])
[2024/01/07 06:53:20]  DVGeo PointSet UpToDate: False
[2024/01/07 06:53:20]  Updating DVGeo PointSet....
[2024/01/07 06:53:20]  DVGeo PointSet UpToDate: True
[2024/01/07 06:53:20]  Warping the volume mesh....
[2024/01/07 06:53:20]  Setting up primal boundary conditions based on pyOptions: 
[2024/01/07 06:53:20]  Setting primal boundary conditions...
[2024/01/07 06:53:20]  Setting U = (0.1 0 0) at inlet
[2024/01/07 06:53:20]  Setting primal boundary conditions...
[2024/01/07 06:53:20]  Setting p = 0 at outlet
[2024/01/07 06:53:20]  nuTilda not found, skip it.
[2024/01/07 06:53:20]  Setting nut wall BC for wallBoundary. BCType=nutkWallFunction
[2024/01/07 06:53:20]  Running Primal Solver 179
[2024/01/07 06:53:20]  Previous solution time 1 found and deleted.
[2024/01/07 06:53:20]  No finite volume options present
[2024/01/07 06:53:20]  
[2024/01/07 06:53:20]  Starting time loop
[2024/01/07 06:53:20]  
[2024/01/07 06:53:20]  Checking mesh quality for time = 0
[2024/01/07 06:53:20]      Overall domain bounding box (7.181318501078189e-16 -1.399990449424424e-15 -5.718082257688551e-15) (0.02999999999999962 0.01500000000001617 0.001000000000005718)
[2024/01/07 06:53:20]      Mesh has 3 geometric (non-empty/wedge) directions 3{1}
[2024/01/07 06:53:20]      Mesh has 3 solution (non-empty) directions 3{1}
[2024/01/07 06:53:20]      Boundary openness (-6.947448714353218e-18 9.793123156124281e-19 -3.04020355740097e-16) OK.
[2024/01/07 06:53:20]      Max cell openness = 3.176373552203076e-16 OK.
[2024/01/07 06:53:20]      Max aspect ratio = 3.333333333492265 OK.
[2024/01/07 06:53:20]      Minimum face area = 1.499999999935995e-07. Maximum face area = 5.000000000129904e-07.  Face area magnitudes OK.
[2024/01/07 06:53:20]      Min volume = 1.499999999944929e-10. Max volume = 1.500000000034984e-10.  Total volume = 4.500000000002841e-07.  Cell volumes OK.
[2024/01/07 06:53:20]      Mesh non-orthogonality Max: 0 average: 0
[2024/01/07 06:53:20]      Non-orthogonality check OK.
[2024/01/07 06:53:20]      Face pyramids OK.
[2024/01/07 06:53:20]      Max skewness = 9.432792296734318e-11 OK.
[2024/01/07 06:53:20]      Coupled point location match (average 0) OK.
[2024/01/07 06:53:20]  
[2024/01/07 06:53:20]  Mesh OK.
[2024/01/07 06:53:20]  
[2024/01/07 06:53:20]  Time = 1
[2024/01/07 06:53:20]  
[2024/01/07 06:53:20]  U Initial residual: (4.541720501257879e-08 6.354283451485944e-08 0.001101028832865504)
[2024/01/07 06:53:20]  U   Final residual: (1.580619999278358e-09 2.405577637643677e-09 4.337504546901914e-05)
[2024/01/07 06:53:20]  p Initial residual: 8.649272551109713e-08
[2024/01/07 06:53:20]  p   Final residual: 7.789649364855334e-09
[2024/01/07 06:53:20]  Time step continuity errors : sum local = 2.850083060214345e-08
[2024/01/07 06:53:20]                                   global = -6.339791422222106e-09
[2024/01/07 06:53:20]                               cumulative = 0.001719344158506159
[2024/01/07 06:53:20]  yPlus min: 0 max: 0 mean: 0
[2024/01/07 06:53:20]  PL-part1-totalPressure: 15.24331852487315
[2024/01/07 06:53:20]  PL-part2-totalPressure: -9.601577103486981
[2024/01/07 06:53:20]  VOLUME-part1-variableVolSum: 1.000198356823986e-05
[2024/01/07 06:53:20]  ExecutionTime = 1206.28 s  ClockTime = 2208 s
[2024/01/07 06:53:20]  
[2024/01/07 06:53:20]  Time = 1
[2024/01/07 06:53:20]  Minimal residual 8.649272551109713e-08 satisfied the prescribed tolerance 1e-06
[2024/01/07 06:53:20]  
[2024/01/07 06:53:20]  PL-part1-totalPressure: 15.24331852487315
[2024/01/07 06:53:20]  PL-part2-totalPressure: -9.601577103486981
[2024/01/07 06:53:20]  VOLUME-part1-variableVolSum: 1.000198356823986e-05
[2024/01/07 06:53:20]  Printing Primal Residual Statistics.
[2024/01/07 06:53:20]  U Residual Norm2: (0.0005687604456849736 0.0001663102783984319 1.148193010396494e-13)
[2024/01/07 06:53:20]  U Residual Mean: (4.967634938051808e-06 1.344762288287964e-06 1.487704435029144e-15)
[2024/01/07 06:53:20]  U Residual Max: (3.812009544978956e-05 2.368271420816193e-05 1.017331357391043e-14)
[2024/01/07 06:53:20]  p Residual Norm2: 7.616581403321035e-05
[2024/01/07 06:53:20]  p Residual Mean: 2.694094927149388e-07
[2024/01/07 06:53:20]  p Residual Max: 4.830968791120521e-05
[2024/01/07 06:53:20]  phi Residual Norm2: 3.355467785582539e-07
[2024/01/07 06:53:20]  phi Residual Mean: 8.892376937202858e-10
[2024/01/07 06:53:20]  phi Residual Max: 2.341469097666746e-08
[2024/01/07 06:53:20]  End
[2024/01/07 06:53:20]  
[2024/01/07 06:53:20]  Objective Functions: 
[2024/01/07 06:53:26]  {'PL': 5.641741421386165, 'VOLUME': 1.0001983568239864e-05, 'fail': False}
[2024/01/07 06:53:26]  Flow Runtime: 2.97808
[2024/01/07 06:53:26]  
[2024/01/07 06:53:26]  
[2024/01/07 06:53:26]  +--------------------------------------------------------------------------+
[2024/01/07 06:53:26]  |                  Evaluating Objective Functions 180                      |
[2024/01/07 06:53:26]  +--------------------------------------------------------------------------+
[2024/01/07 06:53:26]  Design Variables: 
[2024/01/07 06:53:26]  OrderedDict([('alphaPorosity', array([  1.901002474135719 ,   1.8692498839895353,   1.8394257775443517,
[2024/01/07 06:53:26]         ..., 322.42111948693776  , 323.00845052946767  ,
[2024/01/07 06:53:26]         323.42449212678343  ]))])
[2024/01/07 06:53:26]  DVGeo PointSet UpToDate: False
[2024/01/07 06:53:26]  Updating DVGeo PointSet....
[2024/01/07 06:53:26]  DVGeo PointSet UpToDate: True
[2024/01/07 06:53:26]  Warping the volume mesh....
[2024/01/07 06:53:26]  Setting up primal boundary conditions based on pyOptions: 
[2024/01/07 06:53:26]  Setting primal boundary conditions...
[2024/01/07 06:53:26]  Setting U = (0.1 0 0) at inlet
[2024/01/07 06:53:26]  Setting primal boundary conditions...
[2024/01/07 06:53:26]  Setting p = 0 at outlet
[2024/01/07 06:53:26]  nuTilda not found, skip it.
[2024/01/07 06:53:26]  Setting nut wall BC for wallBoundary. BCType=nutkWallFunction
[2024/01/07 06:53:26]  Running Primal Solver 180
[2024/01/07 06:53:26]  Previous solution time 1 found and deleted.
[2024/01/07 06:53:26]  No finite volume options present
[2024/01/07 06:53:26]  
[2024/01/07 06:53:26]  Starting time loop
[2024/01/07 06:53:26]  
[2024/01/07 06:53:26]  Checking mesh quality for time = 0
[2024/01/07 06:53:26]      Overall domain bounding box (7.181318501078189e-16 -1.399990449424424e-15 -5.718082257688551e-15) (0.02999999999999962 0.01500000000001617 0.001000000000005718)
[2024/01/07 06:53:26]      Mesh has 3 geometric (non-empty/wedge) directions 3{1}
[2024/01/07 06:53:26]      Mesh has 3 solution (non-empty) directions 3{1}
[2024/01/07 06:53:26]      Boundary openness (-6.947448714353218e-18 9.793123156124281e-19 -3.04020355740097e-16) OK.
[2024/01/07 06:53:26]      Max cell openness = 3.176373552203076e-16 OK.
[2024/01/07 06:53:26]      Max aspect ratio = 3.333333333492265 OK.
[2024/01/07 06:53:26]      Minimum face area = 1.499999999935995e-07. Maximum face area = 5.000000000129904e-07.  Face area magnitudes OK.
[2024/01/07 06:53:26]      Min volume = 1.499999999944929e-10. Max volume = 1.500000000034984e-10.  Total volume = 4.500000000002841e-07.  Cell volumes OK.
[2024/01/07 06:53:26]      Mesh non-orthogonality Max: 0 average: 0
[2024/01/07 06:53:26]      Non-orthogonality check OK.
[2024/01/07 06:53:26]      Face pyramids OK.
[2024/01/07 06:53:26]      Max skewness = 9.432792296734318e-11 OK.
[2024/01/07 06:53:26]      Coupled point location match (average 0) OK.
[2024/01/07 06:53:26]  
[2024/01/07 06:53:26]  Mesh OK.
[2024/01/07 06:53:26]  
[2024/01/07 06:53:26]  Time = 1
[2024/01/07 06:53:26]  
[2024/01/07 06:53:26]  U Initial residual: (4.327405277497035e-08 6.058672024072428e-08 0.001111132290098297)
[2024/01/07 06:53:26]  U   Final residual: (1.497601516106797e-09 2.276368676768602e-09 4.554241945183242e-05)
[2024/01/07 06:53:26]  p Initial residual: 8.245577462714222e-08
[2024/01/07 06:53:26]  p   Final residual: 7.524794379485785e-09
[2024/01/07 06:53:26]  Time step continuity errors : sum local = 2.753177921588901e-08
[2024/01/07 06:53:26]                                   global = -6.125718845749643e-09
[2024/01/07 06:53:26]                               cumulative = 0.001719338032787313
[2024/01/07 06:53:26]  yPlus min: 0 max: 0 mean: 0
[2024/01/07 06:53:26]  PL-part1-totalPressure: 15.24331940502363
[2024/01/07 06:53:26]  PL-part2-totalPressure: -9.601577078373433
[2024/01/07 06:53:26]  VOLUME-part1-variableVolSum: 1.000198356823987e-05
[2024/01/07 06:53:26]  ExecutionTime = 1208.51 s  ClockTime = 2212 s
[2024/01/07 06:53:26]  
[2024/01/07 06:53:26]  Time = 1
[2024/01/07 06:53:26]  Minimal residual 8.245577462714222e-08 satisfied the prescribed tolerance 1e-06
[2024/01/07 06:53:26]  
[2024/01/07 06:53:26]  PL-part1-totalPressure: 15.24331940502363
[2024/01/07 06:53:26]  PL-part2-totalPressure: -9.601577078373433
[2024/01/07 06:53:26]  VOLUME-part1-variableVolSum: 1.000198356823987e-05
[2024/01/07 06:53:26]  Printing Primal Residual Statistics.
[2024/01/07 06:53:26]  U Residual Norm2: (0.0005451360362738276 0.0001595200904081879 1.11587185249524e-13)
[2024/01/07 06:53:26]  U Residual Mean: (4.731080168334892e-06 1.281660207625324e-06 1.430728943874009e-15)
[2024/01/07 06:53:26]  U Residual Max: (3.69317718518225e-05 2.287766771014166e-05 1.273939716360196e-14)
[2024/01/07 06:53:26]  p Residual Norm2: 7.379591354889668e-05
[2024/01/07 06:53:26]  p Residual Mean: 2.565255382759725e-07
[2024/01/07 06:53:26]  p Residual Max: 4.673906513529869e-05
[2024/01/07 06:53:26]  phi Residual Norm2: 3.210318824149542e-07
[2024/01/07 06:53:26]  phi Residual Mean: 8.453857432562433e-10
[2024/01/07 06:53:26]  phi Residual Max: 2.262965200024604e-08
[2024/01/07 06:53:26]  End
[2024/01/07 06:53:26]  
[2024/01/07 06:53:26]  Objective Functions: 
[2024/01/07 06:53:26]  {'PL': 5.641742326650196, 'VOLUME': 1.0001983568239866e-05, 'fail': False}
[2024/01/07 06:53:26]  Flow Runtime: 2.90742
[2024/01/07 06:53:26]  
[2024/01/07 06:53:26]  
[2024/01/07 06:53:26]  +--------------------------------------------------------------------------+
[2024/01/07 06:53:26]  |                  Evaluating Objective Functions 181                      |
[2024/01/07 06:53:26]  +--------------------------------------------------------------------------+
[2024/01/07 06:53:26]  Design Variables: 
[2024/01/07 06:53:26]  OrderedDict([('alphaPorosity', array([  1.9010024741357217,   1.8692498839895377,   1.8394257775443539,
[2024/01/07 06:53:26]         ..., 322.42111948693787  , 323.0084505294678   ,
[2024/01/07 06:53:26]         323.42449212678355  ]))])
[2024/01/07 06:53:26]  DVGeo PointSet UpToDate: False
[2024/01/07 06:53:26]  Updating DVGeo PointSet....
[2024/01/07 06:53:30]  DVGeo PointSet UpToDate: True
[2024/01/07 06:53:30]  Warping the volume mesh....
[2024/01/07 06:53:30]  Setting up primal boundary conditions based on pyOptions: 
[2024/01/07 06:53:30]  Setting primal boundary conditions...
[2024/01/07 06:53:30]  Setting U = (0.1 0 0) at inlet
[2024/01/07 06:53:30]  Setting primal boundary conditions...
[2024/01/07 06:53:30]  Setting p = 0 at outlet
[2024/01/07 06:53:30]  nuTilda not found, skip it.
[2024/01/07 06:53:30]  Setting nut wall BC for wallBoundary. BCType=nutkWallFunction
[2024/01/07 06:53:30]  Running Primal Solver 181
[2024/01/07 06:53:30]  Previous solution time 1 found and deleted.
[2024/01/07 06:53:30]  No finite volume options present
[2024/01/07 06:53:30]  
[2024/01/07 06:53:30]  Starting time loop
[2024/01/07 06:53:30]  
[2024/01/07 06:53:30]  Checking mesh quality for time = 0
[2024/01/07 06:53:30]      Overall domain bounding box (7.181318501078189e-16 -1.399990449424424e-15 -5.718082257688551e-15) (0.02999999999999962 0.01500000000001617 0.001000000000005718)
[2024/01/07 06:53:30]      Mesh has 3 geometric (non-empty/wedge) directions 3{1}
[2024/01/07 06:53:30]      Mesh has 3 solution (non-empty) directions 3{1}
[2024/01/07 06:53:30]      Boundary openness (-6.947448714353218e-18 9.793123156124281e-19 -3.04020355740097e-16) OK.
[2024/01/07 06:53:30]      Max cell openness = 3.176373552203076e-16 OK.
[2024/01/07 06:53:30]      Max aspect ratio = 3.333333333492265 OK.
[2024/01/07 06:53:30]      Minimum face area = 1.499999999935995e-07. Maximum face area = 5.000000000129904e-07.  Face area magnitudes OK.
[2024/01/07 06:53:30]      Min volume = 1.499999999944929e-10. Max volume = 1.500000000034984e-10.  Total volume = 4.500000000002841e-07.  Cell volumes OK.
[2024/01/07 06:53:30]      Mesh non-orthogonality Max: 0 average: 0
[2024/01/07 06:53:30]      Non-orthogonality check OK.
[2024/01/07 06:53:30]      Face pyramids OK.
[2024/01/07 06:53:30]      Max skewness = 9.432792296734318e-11 OK.
[2024/01/07 06:53:30]      Coupled point location match (average 0) OK.
[2024/01/07 06:53:30]  
[2024/01/07 06:53:30]  Mesh OK.
[2024/01/07 06:53:30]  
[2024/01/07 06:53:30]  Time = 1
[2024/01/07 06:53:30]  
[2024/01/07 06:53:30]  U Initial residual: (4.121298528931798e-08 5.77430637570301e-08 0.001068624895786428)
[2024/01/07 06:53:30]  U   Final residual: (1.418300312682132e-09 2.15276342593013e-09 4.385288108606447e-05)
[2024/01/07 06:53:30]  p Initial residual: 7.853147779310985e-08
[2024/01/07 06:53:30]  p   Final residual: 7.298620275083102e-09
[2024/01/07 06:53:30]  Time step continuity errors : sum local = 2.670425161706129e-08
[2024/01/07 06:53:30]                                   global = -5.929965049115824e-09
[2024/01/07 06:53:30]                               cumulative = 0.001719332102822264
[2024/01/07 06:53:30]  yPlus min: 0 max: 0 mean: 0
[2024/01/07 06:53:30]  PL-part1-totalPressure: 15.24332022474794
[2024/01/07 06:53:30]  PL-part2-totalPressure: -9.601577050922042
[2024/01/07 06:53:30]  VOLUME-part1-variableVolSum: 1.000198356823986e-05
[2024/01/07 06:53:30]  ExecutionTime = 1211.32 s  ClockTime = 2216 s
[2024/01/07 06:53:30]  
[2024/01/07 06:53:30]  Time = 1
[2024/01/07 06:53:30]  Minimal residual 7.853147779310985e-08 satisfied the prescribed tolerance 1e-06
[2024/01/07 06:53:30]  
[2024/01/07 06:53:30]  PL-part1-totalPressure: 15.24332022474794
[2024/01/07 06:53:30]  PL-part2-totalPressure: -9.601577050922042
[2024/01/07 06:53:30]  VOLUME-part1-variableVolSum: 1.000198356823986e-05
[2024/01/07 06:53:30]  Printing Primal Residual Statistics.
[2024/01/07 06:53:30]  U Residual Norm2: (0.0005223205400794076 0.0001529335482640994 1.135367098442408e-13)
[2024/01/07 06:53:30]  U Residual Mean: (4.504141374949252e-06 1.221182341118764e-06 1.471858183312215e-15)
[2024/01/07 06:53:30]  U Residual Max: (3.575867502703112e-05 2.208717353735512e-05 1.03720162297007e-14)
[2024/01/07 06:53:30]  p Residual Norm2: 7.147581380140994e-05
[2024/01/07 06:53:30]  p Residual Mean: 2.441397341434608e-07
[2024/01/07 06:53:30]  p Residual Max: 4.520554408993037e-05
[2024/01/07 06:53:30]  phi Residual Norm2: 3.070501139761835e-07
[2024/01/07 06:53:30]  phi Residual Mean: 8.032196684813147e-10
[2024/01/07 06:53:30]  phi Residual Max: 2.185989222764366e-08
[2024/01/07 06:53:30]  End
[2024/01/07 06:53:30]  
[2024/01/07 06:53:30]  Objective Functions: 
[2024/01/07 06:53:30]  {'PL': 5.641743173825901, 'VOLUME': 1.0001983568239864e-05, 'fail': False}
[2024/01/07 06:53:30]  Flow Runtime: 2.91897
[2024/01/07 06:53:30]  
[2024/01/07 06:53:30]  
[2024/01/07 06:53:30]  +--------------------------------------------------------------------------+
[2024/01/07 06:53:30]  |                  Evaluating Objective Functions 182                      |
[2024/01/07 06:53:30]  +--------------------------------------------------------------------------+
[2024/01/07 06:53:30]  Design Variables: 
[2024/01/07 06:53:30]  OrderedDict([('alphaPorosity', array([  1.9010024741357228,   1.8692498839895386,   1.8394257775443552,
[2024/01/07 06:53:30]         ..., 322.4211194869379   , 323.0084505294679   ,
[2024/01/07 06:53:30]         323.4244921267836   ]))])
[2024/01/07 06:53:30]  DVGeo PointSet UpToDate: False
[2024/01/07 06:53:30]  Updating DVGeo PointSet....
[2024/01/07 06:53:30]  DVGeo PointSet UpToDate: True
[2024/01/07 06:53:30]  Warping the volume mesh....
[2024/01/07 06:53:30]  Setting up primal boundary conditions based on pyOptions: 
[2024/01/07 06:53:30]  Setting primal boundary conditions...
[2024/01/07 06:53:30]  Setting U = (0.1 0 0) at inlet
[2024/01/07 06:53:30]  Setting primal boundary conditions...
[2024/01/07 06:53:30]  Setting p = 0 at outlet
[2024/01/07 06:53:30]  nuTilda not found, skip it.
[2024/01/07 06:53:30]  Setting nut wall BC for wallBoundary. BCType=nutkWallFunction
[2024/01/07 06:53:30]  Running Primal Solver 182
[2024/01/07 06:53:30]  Previous solution time 1 found and deleted.
[2024/01/07 06:53:30]  No finite volume options present
[2024/01/07 06:53:30]  
[2024/01/07 06:53:30]  Starting time loop
[2024/01/07 06:53:30]  
[2024/01/07 06:53:30]  Checking mesh quality for time = 0
[2024/01/07 06:53:36]      Overall domain bounding box (7.181318501078189e-16 -1.399990449424424e-15 -5.718082257688551e-15) (0.02999999999999962 0.01500000000001617 0.001000000000005718)
[2024/01/07 06:53:36]      Mesh has 3 geometric (non-empty/wedge) directions 3{1}
[2024/01/07 06:53:36]      Mesh has 3 solution (non-empty) directions 3{1}
[2024/01/07 06:53:36]      Boundary openness (-6.947448714353218e-18 9.793123156124281e-19 -3.04020355740097e-16) OK.
[2024/01/07 06:53:36]      Max cell openness = 3.176373552203076e-16 OK.
[2024/01/07 06:53:36]      Max aspect ratio = 3.333333333492265 OK.
[2024/01/07 06:53:36]      Minimum face area = 1.499999999935995e-07. Maximum face area = 5.000000000129904e-07.  Face area magnitudes OK.
[2024/01/07 06:53:36]      Min volume = 1.499999999944929e-10. Max volume = 1.500000000034984e-10.  Total volume = 4.500000000002841e-07.  Cell volumes OK.
[2024/01/07 06:53:36]      Mesh non-orthogonality Max: 0 average: 0
[2024/01/07 06:53:36]      Non-orthogonality check OK.
[2024/01/07 06:53:36]      Face pyramids OK.
[2024/01/07 06:53:36]      Max skewness = 9.432792296734318e-11 OK.
[2024/01/07 06:53:36]      Coupled point location match (average 0) OK.
[2024/01/07 06:53:36]  
[2024/01/07 06:53:36]  Mesh OK.
[2024/01/07 06:53:36]  
[2024/01/07 06:53:36]  Time = 1
[2024/01/07 06:53:36]  
[2024/01/07 06:53:36]  U Initial residual: (3.923572843741083e-08 5.501770282952458e-08 0.001099275632988309)
[2024/01/07 06:53:36]  U   Final residual: (1.342655940679621e-09 2.03435154462188e-09 4.336039698997175e-05)
[2024/01/07 06:53:36]  p Initial residual: 7.464465234633171e-08
[2024/01/07 06:53:36]  p   Final residual: 7.089380711110089e-09
[2024/01/07 06:53:36]  Time step continuity errors : sum local = 2.593868540220194e-08
[2024/01/07 06:53:36]                                   global = -5.744600065596075e-09
[2024/01/07 06:53:36]                               cumulative = 0.001719326358222199
[2024/01/07 06:53:36]  yPlus min: 0 max: 0 mean: 0
[2024/01/07 06:53:36]  PL-part1-totalPressure: 15.24332098771848
[2024/01/07 06:53:36]  PL-part2-totalPressure: -9.60157702144609
[2024/01/07 06:53:36]  VOLUME-part1-variableVolSum: 1.000198356823986e-05
[2024/01/07 06:53:36]  ExecutionTime = 1213.49 s  ClockTime = 2220 s
[2024/01/07 06:53:36]  
[2024/01/07 06:53:36]  Time = 1
[2024/01/07 06:53:36]  Minimal residual 7.464465234633171e-08 satisfied the prescribed tolerance 1e-06
[2024/01/07 06:53:36]  
[2024/01/07 06:53:36]  PL-part1-totalPressure: 15.24332098771848
[2024/01/07 06:53:36]  PL-part2-totalPressure: -9.60157702144609
[2024/01/07 06:53:36]  VOLUME-part1-variableVolSum: 1.000198356823986e-05
[2024/01/07 06:53:36]  Printing Primal Residual Statistics.
[2024/01/07 06:53:36]  U Residual Norm2: (0.0005002761678214536 0.0001465862840350153 1.119135701554666e-13)
[2024/01/07 06:53:36]  U Residual Mean: (4.286347750203196e-06 1.163564520232974e-06 1.445154051848983e-15)
[2024/01/07 06:53:36]  U Residual Max: (3.460259601006932e-05 2.131146219452873e-05 9.521556429965332e-15)
[2024/01/07 06:53:36]  p Residual Norm2: 6.920287945087534e-05
[2024/01/07 06:53:36]  p Residual Mean: 2.322214989115705e-07
[2024/01/07 06:53:36]  p Residual Max: 4.37046722383281e-05
[2024/01/07 06:53:36]  phi Residual Norm2: 2.935841765228217e-07
[2024/01/07 06:53:36]  phi Residual Mean: 7.627851832195871e-10
[2024/01/07 06:53:36]  phi Residual Max: 2.110444196495439e-08
[2024/01/07 06:53:36]  End
[2024/01/07 06:53:36]  
[2024/01/07 06:53:36]  Objective Functions: 
[2024/01/07 06:53:36]  {'PL': 5.64174396627239, 'VOLUME': 1.0001983568239864e-05, 'fail': False}
[2024/01/07 06:53:36]  Flow Runtime: 2.90485
[2024/01/07 06:53:36]  
[2024/01/07 06:53:36]  
[2024/01/07 06:53:36]  +--------------------------------------------------------------------------+
[2024/01/07 06:53:36]  |                  Evaluating Objective Functions 183                      |
[2024/01/07 06:53:36]  +--------------------------------------------------------------------------+
[2024/01/07 06:53:36]  Design Variables: 
[2024/01/07 06:53:36]  OrderedDict([('alphaPorosity', array([  1.9010024741357239,   1.8692498839895397,   1.839425777544356 ,
[2024/01/07 06:53:36]         ..., 322.421119486938    , 323.00845052946795  ,
[2024/01/07 06:53:36]         323.4244921267837   ]))])
[2024/01/07 06:53:36]  DVGeo PointSet UpToDate: False
[2024/01/07 06:53:36]  Updating DVGeo PointSet....
[2024/01/07 06:53:36]  DVGeo PointSet UpToDate: True
[2024/01/07 06:53:36]  Warping the volume mesh....
[2024/01/07 06:53:36]  Setting up primal boundary conditions based on pyOptions: 
[2024/01/07 06:53:36]  Setting primal boundary conditions...
[2024/01/07 06:53:36]  Setting U = (0.1 0 0) at inlet
[2024/01/07 06:53:36]  Setting primal boundary conditions...
[2024/01/07 06:53:36]  Setting p = 0 at outlet
[2024/01/07 06:53:36]  nuTilda not found, skip it.
[2024/01/07 06:53:36]  Setting nut wall BC for wallBoundary. BCType=nutkWallFunction
[2024/01/07 06:53:36]  Running Primal Solver 183
[2024/01/07 06:53:36]  Previous solution time 1 found and deleted.
[2024/01/07 06:53:36]  No finite volume options present
[2024/01/07 06:53:36]  
[2024/01/07 06:53:36]  Starting time loop
[2024/01/07 06:53:36]  
[2024/01/07 06:53:36]  Checking mesh quality for time = 0
[2024/01/07 06:53:36]      Overall domain bounding box (7.181318501078189e-16 -1.399990449424424e-15 -5.718082257688551e-15) (0.02999999999999962 0.01500000000001617 0.001000000000005718)
[2024/01/07 06:53:36]      Mesh has 3 geometric (non-empty/wedge) directions 3{1}
[2024/01/07 06:53:36]      Mesh has 3 solution (non-empty) directions 3{1}
[2024/01/07 06:53:36]      Boundary openness (-6.947448714353218e-18 9.793123156124281e-19 -3.04020355740097e-16) OK.
[2024/01/07 06:53:36]      Max cell openness = 3.176373552203076e-16 OK.
[2024/01/07 06:53:36]      Max aspect ratio = 3.333333333492265 OK.
[2024/01/07 06:53:36]      Minimum face area = 1.499999999935995e-07. Maximum face area = 5.000000000129904e-07.  Face area magnitudes OK.
[2024/01/07 07:19:29]      Min volume = 1.499999999944929e-10. Max volume = 1.500000000034984e-10.  Total volume = 4.500000000002841e-07.  Cell volumes OK.
[2024/01/07 07:19:29]      Mesh non-orthogonality Max: 0 average: 0
[2024/01/07 07:19:29]      Non-orthogonality check OK.
[2024/01/07 07:19:29]      Face pyramids OK.
[2024/01/07 07:19:29]      Max skewness = 9.432792296734318e-11 OK.
[2024/01/07 07:19:29]      Coupled point location match (average 0) OK.
[2024/01/07 07:19:29]  
[2024/01/07 07:19:29]  Mesh OK.
[2024/01/07 07:19:29]  
[2024/01/07 07:19:29]  Time = 1
[2024/01/07 07:19:29]  
[2024/01/07 07:19:29]  U Initial residual: (3.73381800249468e-08 5.242121894177098e-08 0.001079428995282777)
[2024/01/07 07:19:29]  U   Final residual: (1.270581153189587e-09 1.922356321362619e-09 4.462466890201437e-05)
[2024/01/07 07:19:29]  p Initial residual: 7.092020966879692e-08
[2024/01/07 07:19:29]  p   Final residual: 6.86810066143305e-09
[2024/01/07 07:19:29]  Time step continuity errors : sum local = 2.512906904721967e-08
[2024/01/07 07:19:29]                                   global = -5.559209809558022e-09
[2024/01/07 07:19:29]                               cumulative = 0.001719320799012389
[2024/01/07 07:19:29]  yPlus min: 0 max: 0 mean: 0
[2024/01/07 07:19:29]  PL-part1-totalPressure: 15.24332170120574
[2024/01/07 07:19:29]  PL-part2-totalPressure: -9.601576990164217
[2024/01/07 07:19:29]  VOLUME-part1-variableVolSum: 1.000198356823986e-05
[2024/01/07 07:19:29]  ExecutionTime = 1216.26 s  ClockTime = 2226 s
[2024/01/07 07:19:29]  
[2024/01/07 07:19:29]  Time = 1
[2024/01/07 07:19:29]  Minimal residual 7.092020966879692e-08 satisfied the prescribed tolerance 1e-06
[2024/01/07 07:19:29]  
[2024/01/07 07:19:29]  PL-part1-totalPressure: 15.24332170120574
[2024/01/07 07:19:29]  PL-part2-totalPressure: -9.601576990164217
[2024/01/07 07:19:29]  VOLUME-part1-variableVolSum: 1.000198356823986e-05
[2024/01/07 07:19:29]  Printing Primal Residual Statistics.
[2024/01/07 07:19:29]  U Residual Norm2: (0.0004789654331882103 0.0001405140064166793 1.14473529101516e-13)
[2024/01/07 07:19:29]  U Residual Mean: (4.077248592007652e-06 1.109257836890001e-06 1.482959703312656e-15)
[2024/01/07 07:19:29]  U Residual Max: (3.346492091238495e-05 2.055182568416747e-05 1.056485447718466e-14)
[2024/01/07 07:19:29]  p Residual Norm2: 6.697995959860668e-05
[2024/01/07 07:19:29]  p Residual Mean: 2.20895015806175e-07
[2024/01/07 07:19:29]  p Residual Max: 4.223260658759854e-05
[2024/01/07 07:19:29]  phi Residual Norm2: 2.806139546102013e-07
[2024/01/07 07:19:29]  phi Residual Mean: 7.241945588584355e-10
[2024/01/07 07:19:29]  phi Residual Max: 2.036318990675502e-08
[2024/01/07 07:19:29]  End
[2024/01/07 07:19:29]  
[2024/01/07 07:19:29]  Objective Functions: 
[2024/01/07 07:19:29]  {'PL': 5.641744711041518, 'VOLUME': 1.0001983568239864e-05, 'fail': False}
[2024/01/07 07:19:29]  Flow Runtime: 3.02892
[2024/01/07 07:19:29]  
[2024/01/07 07:19:29]  
[2024/01/07 07:19:29]  +--------------------------------------------------------------------------+
[2024/01/07 07:19:29]  |              Evaluating Objective Function Sensitivities 048             |
[2024/01/07 07:19:29]  +--------------------------------------------------------------------------+
[2024/01/07 07:19:29]  writeDeformedFFDs is deprecated since v3.0.1!
[2024/01/07 07:19:29]  Moving time 1 to 0.00000048
[2024/01/07 07:19:29]  Running adjoint Solver 048
[2024/01/07 07:19:29]  dRdWT Jacobian Free created!
[2024/01/07 07:19:29]  Solver Type: gmres
[2024/01/07 07:19:29]  GMRES Restart: 2000
[2024/01/07 07:19:29]  ASM Overlap: 1
[2024/01/07 07:19:29]  Global PC Iters: 0
[2024/01/07 07:19:29]  Local PC Iters: 1
[2024/01/07 07:19:29]  Mat ReOrdering: rcm
[2024/01/07 07:19:29]  ILU PC Fill Level: 1
[2024/01/07 07:19:29]  GMRES Max Iterations: 2000
[2024/01/07 07:19:29]  GMRES Relative Tolerance: 1e-06
[2024/01/07 07:19:29]  GMRES Absolute Tolerance: 1e-14
[2024/01/07 07:19:29]  Calculating dFdW using reverse-mode AD
[2024/01/07 07:19:29]      Adding all faces of patches 1(inlet) ...
[2024/01/07 07:19:29]      Found matching patch inlet with 0 faces.
[2024/01/07 07:19:29]      Adding all faces of patches 1(outlet) ...
[2024/01/07 07:19:29]      Found matching patch outlet with 0 faces.
[2024/01/07 07:19:29]  Solving Linear Equation... 3773 s
[2024/01/07 07:19:29]  Main iteration 0 KSP Residual norm 1.968238839521e+00 3773 s
[2024/01/07 07:19:29]  Main iteration 44 KSP Residual norm 1.245313423752e-06 3774 s 
[2024/01/07 07:19:29]  Total iterations 44
[2024/01/07 07:19:29]  Solving Linear Equation... Completed! 3774 s
[2024/01/07 07:19:29]  Residual tolerance satisfied, solution finished!
[2024/01/07 07:19:29]  Calculating dFdW using reverse-mode AD
[2024/01/07 07:19:29]      Adding cells with centre within boxes 1((-50 -50 -50) (50 50 50))
[2024/01/07 07:19:29]  Solving Linear Equation... 3774 s
[2024/01/07 07:19:29]  Main iteration 0 KSP Residual norm 0.000000000000e+00 3774 s
[2024/01/07 07:19:29]  Main iteration 0 KSP Residual norm 0.000000000000e+00 3774 s 
[2024/01/07 07:19:29]  Total iterations 0
[2024/01/07 07:19:29]  Solving Linear Equation... Completed! 3774 s
[2024/01/07 07:19:29]  Residual tolerance satisfied, solution finished!
[2024/01/07 07:19:29]  Computing total derivatives....
[2024/01/07 07:19:29]  Computing total derivatives for alphaPorosity
[2024/01/07 07:19:29]  Calculating dFdField using reverse-mode AD for alphaPorosity
[2024/01/07 07:19:29]      Adding all faces of patches 1(inlet) ...
[2024/01/07 07:19:29]      Found matching patch inlet with 0 faces.
[2024/01/07 07:19:29]      Adding all faces of patches 1(outlet) ...
[2024/01/07 07:19:29]      Found matching patch outlet with 0 faces.
[2024/01/07 07:19:29]  Calculating [dRdField]^T * Psi using reverse-mode AD
[2024/01/07 07:19:29]  Calculating dFdField using reverse-mode AD for alphaPorosity
[2024/01/07 07:19:29]      Adding cells with centre within boxes 1((-50 -50 -50) (50 50 50))
[2024/01/07 07:19:29]  Calculating [dRdField]^T * Psi using reverse-mode AD
[2024/01/07 07:19:29]  Objective Function Sensitivity: 
[2024/01/07 07:19:29]  {'PL': {'alphaPorosity': array([ 0.0009282766146693,  0.0009441350427548,  0.0009595281067515, ...,
[2024/01/07 07:19:36]         -0.0000002089867505, -0.0000002189810118, -0.0000002260266565])}, 'VOLUME': {'alphaPorosity': array([0.000000000025, 0.000000000025, 0.000000000025, ...,
[2024/01/07 07:19:36]         0.000000000025, 0.000000000025, 0.000000000025])}, 'fail': False}
[2024/01/07 07:19:36]  Adjoint Runtime: 3.91523 s
[2024/01/07 07:19:36]    47  5.6417447e+00 0.00e+00 2.85e-02  -2.8 2.05e-04    -  1.00e+00 1.36e-312h1037
[2024/01/07 07:19:36]  
[2024/01/07 07:19:36]  
[2024/01/07 07:19:36]  +--------------------------------------------------------------------------+
[2024/01/07 07:19:36]  |                  Evaluating Objective Functions 184                      |
[2024/01/07 07:19:36]  +--------------------------------------------------------------------------+
[2024/01/07 07:19:36]  Design Variables: 
[2024/01/07 07:19:36]  OrderedDict([('alphaPorosity', array([  1.9003223363010764,   1.8685919460120857,   1.838789636567181 ,
[2024/01/07 07:19:36]         ..., 322.3877770696322   , 322.97436765983684  ,
[2024/01/07 07:19:36]         323.38957632140904  ]))])
[2024/01/07 07:19:36]  DVGeo PointSet UpToDate: False
[2024/01/07 07:19:36]  Updating DVGeo PointSet....
[2024/01/07 07:19:36]  DVGeo PointSet UpToDate: True
[2024/01/07 07:19:36]  Warping the volume mesh....
[2024/01/07 07:19:36]  Setting up primal boundary conditions based on pyOptions: 
[2024/01/07 07:19:36]  Setting primal boundary conditions...
[2024/01/07 07:19:36]  Setting U = (0.1 0 0) at inlet
[2024/01/07 07:19:36]  Setting primal boundary conditions...
[2024/01/07 07:19:36]  Setting p = 0 at outlet
[2024/01/07 07:19:36]  nuTilda not found, skip it.
[2024/01/07 07:19:36]  Setting nut wall BC for wallBoundary. BCType=nutkWallFunction
[2024/01/07 07:19:36]  Running Primal Solver 184
[2024/01/07 07:19:36]  Previous solution time 1 not found and nothing deleted.
[2024/01/07 07:19:36]  No finite volume options present
[2024/01/07 07:19:36]  
[2024/01/07 07:19:36]  Starting time loop
[2024/01/07 07:19:36]  
[2024/01/07 07:19:36]  Checking mesh quality for time = 0
[2024/01/07 07:19:36]      Overall domain bounding box (7.181318501078189e-16 -1.399990449424424e-15 -5.718082257688551e-15) (0.02999999999999962 0.01500000000001617 0.001000000000005718)
[2024/01/07 07:19:36]      Mesh has 3 geometric (non-empty/wedge) directions 3{1}
[2024/01/07 07:19:36]      Mesh has 3 solution (non-empty) directions 3{1}
[2024/01/07 07:19:36]      Boundary openness (-6.947448714353218e-18 9.793123156124281e-19 -3.04020355740097e-16) OK.
[2024/01/07 07:19:36]      Max cell openness = 3.176373552203076e-16 OK.
[2024/01/07 07:19:36]      Max aspect ratio = 3.333333333492265 OK.
[2024/01/07 07:19:36]      Minimum face area = 1.499999999935995e-07. Maximum face area = 5.000000000129904e-07.  Face area magnitudes OK.
[2024/01/07 07:19:36]      Min volume = 1.499999999944929e-10. Max volume = 1.500000000034984e-10.  Total volume = 4.500000000002841e-07.  Cell volumes OK.
[2024/01/07 07:19:36]      Mesh non-orthogonality Max: 0 average: 0
[2024/01/07 07:19:36]      Non-orthogonality check OK.
[2024/01/07 07:19:36]      Face pyramids OK.
[2024/01/07 07:19:36]      Max skewness = 9.432792296734318e-11 OK.
[2024/01/07 07:19:36]      Coupled point location match (average 0) OK.
[2024/01/07 07:19:36]  
[2024/01/07 07:19:36]  Mesh OK.
[2024/01/07 07:19:36]  
[2024/01/07 07:19:36]  Time = 1
[2024/01/07 07:19:36]  
[2024/01/07 07:19:36]  U Initial residual: (6.097935800793459e-06 1.189822102048909e-05 0.001107336597018652)
[2024/01/07 07:19:36]  U   Final residual: (2.711843240701307e-07 5.473310385800321e-07 4.77562837913407e-05)
[2024/01/07 07:19:36]  p Initial residual: 0.0002034750413421904
[2024/01/07 07:19:36]  p   Final residual: 1.00278730541015e-05
[2024/01/07 07:19:36]  Time step continuity errors : sum local = 3.669263581940725e-05
[2024/01/07 07:19:36]                                   global = -6.328860761822532e-07
[2024/01/07 07:19:36]                               cumulative = 0.001718687912936207
[2024/01/07 07:19:36]  yPlus min: 0 max: 0 mean: 0
[2024/01/07 07:19:36]  PL-part1-totalPressure: 15.24540688286966
[2024/01/07 07:19:36]  PL-part2-totalPressure: -9.601576407697396
[2024/01/07 07:19:36]  VOLUME-part1-variableVolSum: 1.000198478489897e-05
[2024/01/07 07:19:36]  ExecutionTime = 2017.2 s  ClockTime = 3781 s
[2024/01/07 07:19:36]  
[2024/01/07 07:19:36]  Time = 44
[2024/01/07 07:19:36]  Minimal residual 9.564192355014705e-07 satisfied the prescribed tolerance 1e-06
[2024/01/07 07:19:36]  
[2024/01/07 07:19:36]  PL-part1-totalPressure: 15.24390759447871
[2024/01/07 07:19:36]  PL-part2-totalPressure: -9.601485812998492
[2024/01/07 07:19:36]  VOLUME-part1-variableVolSum: 1.000198478489897e-05
[2024/01/07 07:19:36]  Printing Primal Residual Statistics.
[2024/01/07 07:19:36]  U Residual Norm2: (0.007298595935921472 0.003107391078233514 1.171451437099853e-13)
[2024/01/07 07:19:36]  U Residual Mean: (6.476342647383806e-05 2.796771033622945e-05 1.505992051531943e-15)
[2024/01/07 07:19:36]  U Residual Max: (0.0005621423439214901 0.0002471850365739492 1.14617392392246e-14)
[2024/01/07 07:19:36]  p Residual Norm2: 0.000436061479434382
[2024/01/07 07:19:36]  p Residual Mean: 2.959913455825219e-06
[2024/01/07 07:19:36]  p Residual Max: 0.0002280620445414195
[2024/01/07 07:19:36]  phi Residual Norm2: 4.585179383762364e-06
[2024/01/07 07:19:36]  phi Residual Mean: 1.308006676107151e-08
[2024/01/07 07:19:36]  phi Residual Max: 3.480548769005191e-07
[2024/01/07 07:19:36]  End
[2024/01/07 07:19:36]  
[2024/01/07 07:19:36]  Objective Functions: 
[2024/01/07 07:19:36]  {'PL': 5.6424217814802216, 'VOLUME': 1.0001984784898965e-05, 'fail': False}
[2024/01/07 07:19:36]  Flow Runtime: 3.10611
[2024/01/07 07:19:36]  
[2024/01/07 07:19:36]  
[2024/01/07 07:19:36]  +--------------------------------------------------------------------------+
[2024/01/07 07:19:36]  |              Evaluating Objective Function Sensitivities 049             |
[2024/01/07 07:19:36]  +--------------------------------------------------------------------------+
[2024/01/07 07:19:44]  writeDeformedFFDs is deprecated since v3.0.1!
[2024/01/07 07:19:44]  Moving time 44 to 0.00000049
[2024/01/07 07:19:44]  Running adjoint Solver 049
[2024/01/07 07:19:44]  dRdWT Jacobian Free created!
[2024/01/07 07:19:44]  Solver Type: gmres
[2024/01/07 07:19:44]  GMRES Restart: 2000
[2024/01/07 07:19:44]  ASM Overlap: 1
[2024/01/07 07:19:44]  Global PC Iters: 0
[2024/01/07 07:19:44]  Local PC Iters: 1
[2024/01/07 07:19:44]  Mat ReOrdering: rcm
[2024/01/07 07:19:44]  ILU PC Fill Level: 1
[2024/01/07 07:19:44]  GMRES Max Iterations: 2000
[2024/01/07 07:19:44]  GMRES Relative Tolerance: 1e-06
[2024/01/07 07:19:44]  GMRES Absolute Tolerance: 1e-14
[2024/01/07 07:19:44]  Calculating dFdW using reverse-mode AD
[2024/01/07 07:19:44]      Adding all faces of patches 1(inlet) ...
[2024/01/07 07:19:44]      Found matching patch inlet with 0 faces.
[2024/01/07 07:19:44]      Adding all faces of patches 1(outlet) ...
[2024/01/07 07:19:44]      Found matching patch outlet with 0 faces.
[2024/01/07 07:19:44]  Solving Linear Equation... 3784 s
[2024/01/07 07:19:44]  Main iteration 0 KSP Residual norm 1.968229574652e+00 3784 s
[2024/01/07 07:19:44]  Main iteration 44 KSP Residual norm 1.243747699410e-06 3785 s 
[2024/01/07 07:19:44]  Total iterations 44
[2024/01/07 07:19:44]  Solving Linear Equation... Completed! 3785 s
[2024/01/07 07:19:44]  Residual tolerance satisfied, solution finished!
[2024/01/07 07:19:44]  Calculating dFdW using reverse-mode AD
[2024/01/07 07:19:44]      Adding cells with centre within boxes 1((-50 -50 -50) (50 50 50))
[2024/01/07 07:19:44]  Solving Linear Equation... 3785 s
[2024/01/07 07:19:44]  Main iteration 0 KSP Residual norm 0.000000000000e+00 3785 s
[2024/01/07 07:19:44]  Main iteration 0 KSP Residual norm 0.000000000000e+00 3785 s 
[2024/01/07 07:19:44]  Total iterations 0
[2024/01/07 07:19:44]  Solving Linear Equation... Completed! 3785 s
[2024/01/07 07:19:44]  Residual tolerance satisfied, solution finished!
[2024/01/07 07:19:44]  Computing total derivatives....
[2024/01/07 07:19:44]  Computing total derivatives for alphaPorosity
[2024/01/07 07:19:44]  Calculating dFdField using reverse-mode AD for alphaPorosity
[2024/01/07 07:19:44]      Adding all faces of patches 1(inlet) ...
[2024/01/07 07:19:44]      Found matching patch inlet with 0 faces.
[2024/01/07 07:19:44]      Adding all faces of patches 1(outlet) ...
[2024/01/07 07:19:44]      Found matching patch outlet with 0 faces.
[2024/01/07 07:19:44]  Calculating [dRdField]^T * Psi using reverse-mode AD
[2024/01/07 07:19:44]  Calculating dFdField using reverse-mode AD for alphaPorosity
[2024/01/07 07:19:44]      Adding cells with centre within boxes 1((-50 -50 -50) (50 50 50))
[2024/01/07 07:19:44]  Calculating [dRdField]^T * Psi using reverse-mode AD
[2024/01/07 07:19:44]  Objective Function Sensitivity: 
[2024/01/07 07:19:44]  {'PL': {'alphaPorosity': array([ 0.00092857577111  ,  0.0009444346376336,  0.0009598274637671, ...,
[2024/01/07 07:19:44]         -0.0000002092752131, -0.0000002192673798, -0.0000002263084693])}, 'VOLUME': {'alphaPorosity': array([0.000000000025, 0.000000000025, 0.000000000025, ...,
[2024/01/07 07:19:44]         0.000000000025, 0.000000000025, 0.000000000025])}, 'fail': False}
[2024/01/07 07:19:44]  Adjoint Runtime: 3.94182 s
[2024/01/07 07:19:44]    48  5.6424218e+00 0.00e+00 2.97e-02  -2.8 2.02e-04    -  1.00e+00 1.00e+00w  1
[2024/01/07 07:19:44]  
[2024/01/07 07:19:44]  
[2024/01/07 07:19:44]  +--------------------------------------------------------------------------+
[2024/01/07 07:19:44]  |                  Evaluating Objective Functions 185                      |
[2024/01/07 07:19:44]  +--------------------------------------------------------------------------+
[2024/01/07 07:19:44]  Design Variables: 
[2024/01/07 07:19:44]  OrderedDict([('alphaPorosity', array([  1.8995347838090673,   1.8678279709279308,   1.8380490197858936,
[2024/01/07 07:19:44]         ..., 322.34929788383664  , 322.93515213865453  ,
[2024/01/07 07:19:44]         323.34947546214335  ]))])
[2024/01/07 07:19:44]  DVGeo PointSet UpToDate: False
[2024/01/07 07:19:44]  Updating DVGeo PointSet....
[2024/01/07 07:19:44]  DVGeo PointSet UpToDate: True
[2024/01/07 07:19:44]  Warping the volume mesh....
[2024/01/07 07:19:44]  Setting up primal boundary conditions based on pyOptions: 
[2024/01/07 07:19:44]  Setting primal boundary conditions...
[2024/01/07 07:19:44]  Setting U = (0.1 0 0) at inlet
[2024/01/07 07:19:44]  Setting primal boundary conditions...
[2024/01/07 07:19:44]  Setting p = 0 at outlet
[2024/01/07 07:19:44]  nuTilda not found, skip it.
[2024/01/07 07:19:44]  Setting nut wall BC for wallBoundary. BCType=nutkWallFunction
[2024/01/07 07:19:44]  Running Primal Solver 185
[2024/01/07 07:19:44]  Previous solution time 44 not found and nothing deleted.
[2024/01/07 07:19:44]  No finite volume options present
[2024/01/07 07:19:44]  
[2024/01/07 07:19:44]  Starting time loop
[2024/01/07 07:19:44]  
[2024/01/07 07:19:44]  Checking mesh quality for time = 0
[2024/01/07 07:19:44]      Overall domain bounding box (7.181318501078189e-16 -1.399990449424424e-15 -5.718082257688551e-15) (0.02999999999999962 0.01500000000001617 0.001000000000005718)
[2024/01/07 07:19:44]      Mesh has 3 geometric (non-empty/wedge) directions 3{1}
[2024/01/07 07:19:44]      Mesh has 3 solution (non-empty) directions 3{1}
[2024/01/07 07:19:44]      Boundary openness (-6.947448714353218e-18 9.793123156124281e-19 -3.04020355740097e-16) OK.
[2024/01/07 07:19:44]      Max cell openness = 3.176373552203076e-16 OK.
[2024/01/07 07:19:44]      Max aspect ratio = 3.333333333492265 OK.
[2024/01/07 07:19:44]      Minimum face area = 1.499999999935995e-07. Maximum face area = 5.000000000129904e-07.  Face area magnitudes OK.
[2024/01/07 07:19:44]      Min volume = 1.499999999944929e-10. Max volume = 1.500000000034984e-10.  Total volume = 4.500000000002841e-07.  Cell volumes OK.
[2024/01/07 07:19:44]      Mesh non-orthogonality Max: 0 average: 0
[2024/01/07 07:19:44]      Non-orthogonality check OK.
[2024/01/07 07:19:44]      Face pyramids OK.
[2024/01/07 07:19:52]      Max skewness = 9.432792296734318e-11 OK.
[2024/01/07 07:19:52]      Coupled point location match (average 0) OK.
[2024/01/07 07:19:52]  
[2024/01/07 07:19:52]  Mesh OK.
[2024/01/07 07:19:52]  
[2024/01/07 07:19:52]  Time = 1
[2024/01/07 07:19:52]  
[2024/01/07 07:19:52]  U Initial residual: (1.106382836593381e-05 2.397431706425815e-05 0.00112558888798997)
[2024/01/07 07:19:52]  U   Final residual: (9.728481914747279e-07 1.878195465662101e-06 4.561243488940844e-05)
[2024/01/07 07:19:52]  p Initial residual: 0.0005359159241805768
[2024/01/07 07:19:52]  p   Final residual: 3.543035509694253e-05
[2024/01/07 07:19:52]  Time step continuity errors : sum local = 0.0001296541699748663
[2024/01/07 07:19:52]                                   global = -2.271952480179737e-06
[2024/01/07 07:19:52]                               cumulative = 0.001716415960456027
[2024/01/07 07:19:52]  yPlus min: 0 max: 0 mean: 0
[2024/01/07 07:19:52]  PL-part1-totalPressure: 15.24513231732324
[2024/01/07 07:19:52]  PL-part2-totalPressure: -9.601481905622309
[2024/01/07 07:19:52]  VOLUME-part1-variableVolSum: 1.000198595122551e-05
[2024/01/07 07:19:52]  ExecutionTime = 2023.49 s  ClockTime = 3792 s
[2024/01/07 07:19:52]  
[2024/01/07 07:19:52]  Time = 50
[2024/01/07 07:19:52]  Minimal residual 9.823753820529569e-07 satisfied the prescribed tolerance 1e-06
[2024/01/07 07:19:52]  
[2024/01/07 07:19:52]  PL-part1-totalPressure: 15.24423302543895
[2024/01/07 07:19:52]  PL-part2-totalPressure: -9.601371279157986
[2024/01/07 07:19:52]  VOLUME-part1-variableVolSum: 1.000198595122551e-05
[2024/01/07 07:19:52]  Printing Primal Residual Statistics.
[2024/01/07 07:19:52]  U Residual Norm2: (0.008019974143833021 0.003370716863941312 1.104722823686533e-13)
[2024/01/07 07:19:52]  U Residual Mean: (6.564679313957079e-05 2.845574300079826e-05 1.427839826809512e-15)
[2024/01/07 07:19:52]  U Residual Max: (0.0006771361203774529 0.0002389873624619732 1.08407879900723e-14)
[2024/01/07 07:19:52]  p Residual Norm2: 0.0005364357736637579
[2024/01/07 07:19:52]  p Residual Mean: 2.977445028836652e-06
[2024/01/07 07:19:52]  p Residual Max: 0.0003330796639797297
[2024/01/07 07:19:52]  phi Residual Norm2: 4.96035335492678e-06
[2024/01/07 07:19:52]  phi Residual Mean: 1.298425133168758e-08
[2024/01/07 07:19:52]  phi Residual Max: 4.209112545763974e-07
[2024/01/07 07:19:52]  End
[2024/01/07 07:19:52]  
[2024/01/07 07:19:52]  Objective Functions: 
[2024/01/07 07:19:52]  {'PL': 5.642861746280966, 'VOLUME': 1.0001985951225514e-05, 'fail': False}
[2024/01/07 07:19:52]  Flow Runtime: 3.26038
[2024/01/07 07:19:52]  
[2024/01/07 07:19:52]  
[2024/01/07 07:19:52]  +--------------------------------------------------------------------------+
[2024/01/07 07:19:52]  |              Evaluating Objective Function Sensitivities 050             |
[2024/01/07 07:19:52]  +--------------------------------------------------------------------------+
[2024/01/07 07:19:52]  writeDeformedFFDs is deprecated since v3.0.1!
[2024/01/07 07:19:52]  Moving time 50 to 0.00000050
[2024/01/07 07:19:52]  Running adjoint Solver 050
[2024/01/07 07:19:52]  dRdWT Jacobian Free created!
[2024/01/07 07:19:52]  Solver Type: gmres
[2024/01/07 07:19:52]  GMRES Restart: 2000
[2024/01/07 07:19:52]  ASM Overlap: 1
[2024/01/07 07:19:52]  Global PC Iters: 0
[2024/01/07 07:19:52]  Local PC Iters: 1
[2024/01/07 07:19:52]  Mat ReOrdering: rcm
[2024/01/07 07:19:52]  ILU PC Fill Level: 1
[2024/01/07 07:19:52]  GMRES Max Iterations: 2000
[2024/01/07 07:19:52]  GMRES Relative Tolerance: 1e-06
[2024/01/07 07:19:52]  GMRES Absolute Tolerance: 1e-14
[2024/01/07 07:19:52]  Calculating dFdW using reverse-mode AD
[2024/01/07 07:19:52]      Adding all faces of patches 1(inlet) ...
[2024/01/07 07:19:52]      Found matching patch inlet with 0 faces.
[2024/01/07 07:19:52]      Adding all faces of patches 1(outlet) ...
[2024/01/07 07:19:52]      Found matching patch outlet with 0 faces.
[2024/01/07 07:19:52]  Solving Linear Equation... 3795 s
[2024/01/07 07:19:52]  Main iteration 0 KSP Residual norm 1.968217936357e+00 3795 s
[2024/01/07 07:19:52]  Main iteration 44 KSP Residual norm 1.245682644847e-06 3796 s 
[2024/01/07 07:19:52]  Total iterations 44
[2024/01/07 07:19:52]  Solving Linear Equation... Completed! 3796 s
[2024/01/07 07:19:52]  Residual tolerance satisfied, solution finished!
[2024/01/07 07:19:52]  Calculating dFdW using reverse-mode AD
[2024/01/07 07:19:52]      Adding cells with centre within boxes 1((-50 -50 -50) (50 50 50))
[2024/01/07 07:19:52]  Solving Linear Equation... 3796 s
[2024/01/07 07:19:52]  Main iteration 0 KSP Residual norm 0.000000000000e+00 3796 s
[2024/01/07 07:19:52]  Main iteration 0 KSP Residual norm 0.000000000000e+00 3796 s 
[2024/01/07 07:19:52]  Total iterations 0
[2024/01/07 07:19:52]  Solving Linear Equation... Completed! 3796 s
[2024/01/07 07:19:52]  Residual tolerance satisfied, solution finished!
[2024/01/07 07:19:52]  Computing total derivatives....
[2024/01/07 07:19:52]  Computing total derivatives for alphaPorosity
[2024/01/07 07:19:52]  Calculating dFdField using reverse-mode AD for alphaPorosity
[2024/01/07 07:19:52]      Adding all faces of patches 1(inlet) ...
[2024/01/07 07:19:52]      Found matching patch inlet with 0 faces.
[2024/01/07 07:19:52]      Adding all faces of patches 1(outlet) ...
[2024/01/07 07:19:52]      Found matching patch outlet with 0 faces.
[2024/01/07 07:19:52]  Calculating [dRdField]^T * Psi using reverse-mode AD
[2024/01/07 07:19:52]  Calculating dFdField using reverse-mode AD for alphaPorosity
[2024/01/07 07:19:52]      Adding cells with centre within boxes 1((-50 -50 -50) (50 50 50))
[2024/01/07 07:19:52]  Calculating [dRdField]^T * Psi using reverse-mode AD
[2024/01/07 07:19:52]  Objective Function Sensitivity: 
[2024/01/07 07:19:52]  {'PL': {'alphaPorosity': array([ 0.0009289415383766,  0.0009448036390141,  0.0009601988587957, ...,
[2024/01/07 07:19:52]         -0.0000002098386348, -0.000000219821978 , -0.0000002268492146])}, 'VOLUME': {'alphaPorosity': array([0.000000000025, 0.000000000025, 0.000000000025, ...,
[2024/01/07 07:19:52]         0.000000000025, 0.000000000025, 0.000000000025])}, 'fail': False}
[2024/01/07 07:19:52]  Adjoint Runtime: 3.80168 s
[2024/01/07 07:19:58]    49  5.6428617e+00 0.00e+00 3.96e-02  -2.8 1.08e-03    -  1.00e+00 1.00e+00w  1
[2024/01/07 07:19:58]  
[2024/01/07 07:19:58]  
[2024/01/07 07:19:58]  +--------------------------------------------------------------------------+
[2024/01/07 07:19:58]  |                  Evaluating Objective Functions 186                      |
[2024/01/07 07:19:58]  +--------------------------------------------------------------------------+
[2024/01/07 07:19:58]  Design Variables: 
[2024/01/07 07:19:58]  OrderedDict([('alphaPorosity', array([  1.8992304419696533,   1.8675311125626577,   1.837759691650843 ,
[2024/01/07 07:19:58]         ..., 322.3440060506654   , 322.9298737039174   ,
[2024/01/07 07:19:58]         323.3442025640642   ]))])
[2024/01/07 07:19:58]  DVGeo PointSet UpToDate: False
[2024/01/07 07:19:58]  Updating DVGeo PointSet....
[2024/01/07 07:19:58]  DVGeo PointSet UpToDate: True
[2024/01/07 07:19:58]  Warping the volume mesh....
[2024/01/07 07:19:58]  Setting up primal boundary conditions based on pyOptions: 
[2024/01/07 07:19:58]  Setting primal boundary conditions...
[2024/01/07 07:19:58]  Setting U = (0.1 0 0) at inlet
[2024/01/07 07:19:58]  Setting primal boundary conditions...
[2024/01/07 07:19:58]  Setting p = 0 at outlet
[2024/01/07 07:19:58]  nuTilda not found, skip it.
[2024/01/07 07:19:58]  Setting nut wall BC for wallBoundary. BCType=nutkWallFunction
[2024/01/07 07:19:58]  Running Primal Solver 186
[2024/01/07 07:19:58]  Previous solution time 50 not found and nothing deleted.
[2024/01/07 07:19:58]  No finite volume options present
[2024/01/07 07:19:58]  
[2024/01/07 07:19:58]  Starting time loop
[2024/01/07 07:19:58]  
[2024/01/07 07:19:58]  Checking mesh quality for time = 0
[2024/01/07 07:19:58]      Overall domain bounding box (7.181318501078189e-16 -1.399990449424424e-15 -5.718082257688551e-15) (0.02999999999999962 0.01500000000001617 0.001000000000005718)
[2024/01/07 07:19:58]      Mesh has 3 geometric (non-empty/wedge) directions 3{1}
[2024/01/07 07:19:58]      Mesh has 3 solution (non-empty) directions 3{1}
[2024/01/07 07:19:58]      Boundary openness (-6.947448714353218e-18 9.793123156124281e-19 -3.04020355740097e-16) OK.
[2024/01/07 07:19:58]      Max cell openness = 3.176373552203076e-16 OK.
[2024/01/07 07:19:58]      Max aspect ratio = 3.333333333492265 OK.
[2024/01/07 07:19:58]      Minimum face area = 1.499999999935995e-07. Maximum face area = 5.000000000129904e-07.  Face area magnitudes OK.
[2024/01/07 07:19:58]      Min volume = 1.499999999944929e-10. Max volume = 1.500000000034984e-10.  Total volume = 4.500000000002841e-07.  Cell volumes OK.
[2024/01/07 07:19:58]      Mesh non-orthogonality Max: 0 average: 0
[2024/01/07 07:19:58]      Non-orthogonality check OK.
[2024/01/07 07:19:58]      Face pyramids OK.
[2024/01/07 07:19:58]      Max skewness = 9.432792296734318e-11 OK.
[2024/01/07 07:19:58]      Coupled point location match (average 0) OK.
[2024/01/07 07:19:58]  
[2024/01/07 07:19:58]  Mesh OK.
[2024/01/07 07:19:58]  
[2024/01/07 07:19:58]  Time = 1
[2024/01/07 07:19:58]  
[2024/01/07 07:19:58]  U Initial residual: (3.569116888045058e-06 8.38018080605841e-06 0.001066588507003729)
[2024/01/07 07:19:58]  U   Final residual: (3.229238282442161e-07 7.116989399702215e-07 4.314629171367644e-05)
[2024/01/07 07:19:58]  p Initial residual: 0.0001788237469593926
[2024/01/07 07:19:58]  p   Final residual: 9.072123340291726e-06
[2024/01/07 07:19:58]  Time step continuity errors : sum local = 3.319927632195535e-05
[2024/01/07 07:19:58]                                   global = -3.126171241377838e-07
[2024/01/07 07:19:58]                               cumulative = 0.001716103343331889
[2024/01/07 07:19:58]  yPlus min: 0 max: 0 mean: 0
[2024/01/07 07:19:58]  PL-part1-totalPressure: 15.24443704752363
[2024/01/07 07:19:58]  PL-part2-totalPressure: -9.601370124722497
[2024/01/07 07:19:58]  VOLUME-part1-variableVolSum: 1.000198752702437e-05
[2024/01/07 07:19:58]  ExecutionTime = 2029.65 s  ClockTime = 3803 s
[2024/01/07 07:19:58]  
[2024/01/07 07:19:58]  Time = 36
[2024/01/07 07:19:58]  Minimal residual 9.859007115195784e-07 satisfied the prescribed tolerance 1e-06
[2024/01/07 07:19:58]  
[2024/01/07 07:19:58]  PL-part1-totalPressure: 15.24422367715561
[2024/01/07 07:19:58]  PL-part2-totalPressure: -9.601335815210319
[2024/01/07 07:19:58]  VOLUME-part1-variableVolSum: 1.000198752702437e-05
[2024/01/07 07:19:58]  Printing Primal Residual Statistics.
[2024/01/07 07:19:58]  U Residual Norm2: (0.003304874319316485 0.001286071734780356 1.130851149700926e-13)
[2024/01/07 07:19:58]  U Residual Mean: (3.1372749811964e-05 1.144777863742482e-05 1.469773507990338e-15)
[2024/01/07 07:19:58]  U Residual Max: (0.0002246041888727124 0.000140827910523722 1.003419181159709e-14)
[2024/01/07 07:19:58]  p Residual Norm2: 0.0005553880361918717
[2024/01/07 07:19:58]  p Residual Mean: 2.733241495185087e-06
[2024/01/07 07:19:58]  p Residual Max: 0.0003127927929282277
[2024/01/07 07:19:58]  phi Residual Norm2: 2.043253937836304e-06
[2024/01/07 07:19:58]  phi Residual Mean: 6.120590052500128e-09
[2024/01/07 07:19:58]  phi Residual Max: 1.531979904829577e-07
[2024/01/07 07:19:58]  End
[2024/01/07 07:19:58]  
[2024/01/07 07:19:58]  Objective Functions: 
[2024/01/07 07:19:58]  {'PL': 5.6428878619452885, 'VOLUME': 1.000198752702437e-05, 'fail': False}
[2024/01/07 07:19:58]  Flow Runtime: 3.12991
[2024/01/07 07:19:58]  
[2024/01/07 07:19:58]  
[2024/01/07 07:19:58]  +--------------------------------------------------------------------------+
[2024/01/07 07:19:58]  |              Evaluating Objective Function Sensitivities 051             |
[2024/01/07 07:19:58]  +--------------------------------------------------------------------------+
[2024/01/07 07:19:58]  writeDeformedFFDs is deprecated since v3.0.1!
[2024/01/07 07:19:58]  Moving time 36 to 0.00000051
[2024/01/07 07:19:58]  Running adjoint Solver 051
[2024/01/07 07:19:58]  dRdWT Jacobian Free created!
[2024/01/07 07:19:58]  Computing dRdWTPC 3806 s
[2024/01/07 07:19:58]  Initializing dRdWCon. 3806 s
[2024/01/07 07:19:58]  dRdWCon Created. 3806 s
[2024/01/07 07:19:58]  Reading Coloring dRdWColoring_6
[2024/01/07 07:19:58]  Validating Coloring...
[2024/01/07 07:19:58]  No Conflicting Colors Found!
[2024/01/07 07:20:07]  Partial derivative matrix created. 3806 s
[2024/01/07 07:20:07]  dRdWTPC: 0 of 348, ExecutionTime: 3806 s
[2024/01/07 07:20:07]  dRdWTPC: 100 of 348, ExecutionTime: 3807 s
[2024/01/07 07:20:07]  dRdWTPC: 200 of 348, ExecutionTime: 3807 s
[2024/01/07 07:20:07]  dRdWTPC: 300 of 348, ExecutionTime: 3808 s
[2024/01/07 07:20:07]  dRdWTPC: 347 of 348, ExecutionTime: 3808 s
[2024/01/07 07:20:07]  Solver Type: gmres
[2024/01/07 07:20:07]  GMRES Restart: 2000
[2024/01/07 07:20:07]  ASM Overlap: 1
[2024/01/07 07:20:07]  Global PC Iters: 0
[2024/01/07 07:20:07]  Local PC Iters: 1
[2024/01/07 07:20:07]  Mat ReOrdering: rcm
[2024/01/07 07:20:07]  ILU PC Fill Level: 1
[2024/01/07 07:20:07]  GMRES Max Iterations: 2000
[2024/01/07 07:20:07]  GMRES Relative Tolerance: 1e-06
[2024/01/07 07:20:07]  GMRES Absolute Tolerance: 1e-14
[2024/01/07 07:20:07]  Calculating dFdW using reverse-mode AD
[2024/01/07 07:20:07]      Adding all faces of patches 1(inlet) ...
[2024/01/07 07:20:07]      Found matching patch inlet with 0 faces.
[2024/01/07 07:20:07]      Adding all faces of patches 1(outlet) ...
[2024/01/07 07:20:07]      Found matching patch outlet with 0 faces.
[2024/01/07 07:20:07]  Solving Linear Equation... 3808 s
[2024/01/07 07:20:07]  Main iteration 0 KSP Residual norm 1.968214332693e+00 3808 s
[2024/01/07 07:20:07]  Main iteration 44 KSP Residual norm 1.246404333629e-06 3809 s 
[2024/01/07 07:20:07]  Total iterations 44
[2024/01/07 07:20:07]  Solving Linear Equation... Completed! 3809 s
[2024/01/07 07:20:07]  Residual tolerance satisfied, solution finished!
[2024/01/07 07:20:07]  Calculating dFdW using reverse-mode AD
[2024/01/07 07:20:07]      Adding cells with centre within boxes 1((-50 -50 -50) (50 50 50))
[2024/01/07 07:20:07]  Solving Linear Equation... 3810 s
[2024/01/07 07:20:07]  Main iteration 0 KSP Residual norm 0.000000000000e+00 3810 s
[2024/01/07 07:20:07]  Main iteration 0 KSP Residual norm 0.000000000000e+00 3810 s 
[2024/01/07 07:20:07]  Total iterations 0
[2024/01/07 07:20:07]  Solving Linear Equation... Completed! 3810 s
[2024/01/07 07:20:07]  Residual tolerance satisfied, solution finished!
[2024/01/07 07:20:07]  Computing total derivatives....
[2024/01/07 07:20:07]  Computing total derivatives for alphaPorosity
[2024/01/07 07:20:07]  Calculating dFdField using reverse-mode AD for alphaPorosity
[2024/01/07 07:20:07]      Adding all faces of patches 1(inlet) ...
[2024/01/07 07:20:07]      Found matching patch inlet with 0 faces.
[2024/01/07 07:20:07]      Adding all faces of patches 1(outlet) ...
[2024/01/07 07:20:07]      Found matching patch outlet with 0 faces.
[2024/01/07 07:20:07]  Calculating [dRdField]^T * Psi using reverse-mode AD
[2024/01/07 07:20:07]  Calculating dFdField using reverse-mode AD for alphaPorosity
[2024/01/07 07:20:07]      Adding cells with centre within boxes 1((-50 -50 -50) (50 50 50))
[2024/01/07 07:20:07]  Calculating [dRdField]^T * Psi using reverse-mode AD
[2024/01/07 07:20:07]  Objective Function Sensitivity: 
[2024/01/07 07:20:07]  {'PL': {'alphaPorosity': array([ 0.0009290251354534,  0.0009448884986362,  0.0009602849532242, ...,
[2024/01/07 07:20:07]         -0.0000002098998924, -0.0000002198869336, -0.0000002269174877])}, 'VOLUME': {'alphaPorosity': array([0.000000000025, 0.000000000025, 0.000000000025, ...,
[2024/01/07 07:20:07]         0.000000000025, 0.000000000025, 0.000000000025])}, 'fail': False}
[2024/01/07 07:20:07]  Adjoint Runtime: 6.82925 s
[2024/01/07 07:20:07]  iter    objective    inf_pr   inf_du lg(mu)  ||d||  lg(rg) alpha_du alpha_pr  ls
[2024/01/07 07:20:07]    50  5.6428879e+00 0.00e+00 2.49e-02  -2.8 2.52e-04    -  1.00e+00 1.00e+00w  1
[2024/01/07 07:20:07]  
[2024/01/07 07:20:07]  Number of Iterations....: 50
[2024/01/07 07:20:07]  
[2024/01/07 07:20:07]                                     (scaled)                 (unscaled)
[2024/01/07 07:20:07]  Objective...............:   5.6428878619452885e+00    5.6428878619452885e+00
[2024/01/07 07:20:07]  Dual infeasibility......:   2.4877209150543748e-02    2.4877209150543748e-02
[2024/01/07 07:20:07]  Constraint violation....:   0.0000000000000000e+00    0.0000000000000000e+00
[2024/01/07 07:20:07]  Complementarity.........:   1.7748013036397862e-03    1.7748013036397862e-03
[2024/01/07 07:20:07]  Overall NLP error.......:   2.4877209150543748e-02    2.4877209150543748e-02
[2024/01/07 07:20:07]  
[2024/01/07 07:20:07]  
[2024/01/07 07:20:07]  Number of objective function evaluations             = 3193
[2024/01/07 07:20:07]  Number of objective gradient evaluations             = 51
[2024/01/07 07:20:07]  Number of equality constraint evaluations            = 0
[2024/01/07 07:20:07]  Number of inequality constraint evaluations          = 3193
[2024/01/07 07:20:07]  Number of equality constraint Jacobian evaluations   = 0
[2024/01/07 07:20:07]  Number of inequality constraint Jacobian evaluations = 51
[2024/01/07 07:20:07]  Number of Lagrangian Hessian evaluations             = 0
[2024/01/07 07:20:07]  Total CPU secs in IPOPT (w/o function evaluations)   =      0.691
[2024/01/07 07:20:07]  Total CPU secs in NLP function evaluations           =   1046.877
[2024/01/07 07:20:07]  
[2024/01/07 07:20:07]  EXIT: Maximum Number of Iterations Exceeded.
[2024/01/07 07:20:07]  
[2024/01/07 07:20:07]  
[2024/01/07 07:20:07]  Optimization Problem -- opt
[2024/01/07 07:20:07]  ================================================================================
[2024/01/07 07:20:07]      Objective Function: calcObjFuncValues
[2024/01/07 07:20:07]  
[2024/01/07 07:20:07]      Solution: 
[2024/01/07 07:20:07]  --------------------------------------------------------------------------------
[2024/01/07 07:20:07]      Total Time:                 3802.1810
[2024/01/07 07:20:07]         User Objective Time :     527.3642
[2024/01/07 07:20:07]         User Sensitivity Time :   206.1723
[2024/01/07 07:20:07]         Interface Time :         3066.3426
[2024/01/07 07:20:07]         Opt Solver Time:            2.3018
[2024/01/07 07:20:07]      Calls to Objective Function :     186
[2024/01/07 07:20:07]      Calls to Sens Function :           51
[2024/01/07 07:20:07]  
[2024/01/07 07:20:07]  
[2024/01/07 07:20:07]     Objectives
[2024/01/07 07:20:07]        Index  Name            Value
[2024/01/07 07:20:07]            0  PL     5.642888E+00
[2024/01/07 07:20:07]  
[2024/01/07 07:20:07]     Variables (c - continuous, i - integer, d - discrete)
[2024/01/07 07:20:07]        Index  Name                 Type      Lower Bound            Value      Upper Bound     Status
[2024/01/07 07:20:07]            0  alphaPorosity_0         c     0.000000E+00     1.899230E-04     1.000000E+00           
[2024/01/07 07:20:07]            1  alphaPorosity_1         c     0.000000E+00     1.867531E-04     1.000000E+00           
[2024/01/07 07:20:07]            2  alphaPorosity_2         c     0.000000E+00     1.837760E-04     1.000000E+00           
[2024/01/07 07:20:07]            3  alphaPorosity_3         c     0.000000E+00     1.809794E-04     1.000000E+00           
[2024/01/07 07:20:07]            4  alphaPorosity_4         c     0.000000E+00     1.783519E-04     1.000000E+00           
[2024/01/07 07:20:07]            5  alphaPorosity_5         c     0.000000E+00     1.758823E-04     1.000000E+00           
[2024/01/07 07:20:07]            6  alphaPorosity_6         c     0.000000E+00     1.735600E-04     1.000000E+00           
[2024/01/07 07:20:07]            7  alphaPorosity_7         c     0.000000E+00     1.713745E-04     1.000000E+00           
[2024/01/07 07:20:07]            8  alphaPorosity_8         c     0.000000E+00     1.693160E-04     1.000000E+00           
[2024/01/07 07:20:07]            9  alphaPorosity_9         c     0.000000E+00     1.673748E-04     1.000000E+00           
[2024/01/07 07:20:07]           10  alphaPorosity_10        c     0.000000E+00     1.655418E-04     1.000000E+00           
[2024/01/07 07:20:07]           11  alphaPorosity_11        c     0.000000E+00     1.638077E-04     1.000000E+00           
[2024/01/07 07:20:07]           12  alphaPorosity_12        c     0.000000E+00     1.621639E-04     1.000000E+00           
[2024/01/07 07:20:07]           13  alphaPorosity_13        c     0.000000E+00     1.606016E-04     1.000000E+00           
[2024/01/07 07:20:07]           14  alphaPorosity_14        c     0.000000E+00     1.591129E-04     1.000000E+00           
[2024/01/07 07:20:07]           15  alphaPorosity_15        c     0.000000E+00     1.576892E-04     1.000000E+00           
[2024/01/07 07:20:07]           16  alphaPorosity_16        c     0.000000E+00     1.563210E-04     1.000000E+00           
[2024/01/07 07:20:07]           17  alphaPorosity_17        c     0.000000E+00     1.883537E-04     1.000000E+00           
[2024/01/07 07:20:07]           18  alphaPorosity_18        c     0.000000E+00     1.852204E-04     1.000000E+00           
[2024/01/07 07:20:07]           19  alphaPorosity_19        c     0.000000E+00     1.822790E-04     1.000000E+00           
[2024/01/07 07:20:07]           20  alphaPorosity_20        c     0.000000E+00     1.795173E-04     1.000000E+00           
[2024/01/07 07:20:07]           21  alphaPorosity_21        c     0.000000E+00     1.769237E-04     1.000000E+00           
[2024/01/07 07:20:07]           22  alphaPorosity_22        c     0.000000E+00     1.744873E-04     1.000000E+00           
[2024/01/07 07:20:07]           23  alphaPorosity_23        c     0.000000E+00     1.721974E-04     1.000000E+00           
[2024/01/07 07:20:07]           24  alphaPorosity_24        c     0.000000E+00     1.700438E-04     1.000000E+00           
[2024/01/07 07:20:07]           25  alphaPorosity_25        c     0.000000E+00     1.680165E-04     1.000000E+00           
[2024/01/07 07:20:07]           26  alphaPorosity_26        c     0.000000E+00     1.661062E-04     1.000000E+00           
[2024/01/07 07:20:07]           27  alphaPorosity_27        c     0.000000E+00     1.643036E-04     1.000000E+00           
[2024/01/07 07:20:07]           28  alphaPorosity_28        c     0.000000E+00     1.625997E-04     1.000000E+00           
[2024/01/07 07:20:07]           29  alphaPorosity_29        c     0.000000E+00     1.609859E-04     1.000000E+00           
[2024/01/07 07:20:07]           30  alphaPorosity_30        c     0.000000E+00     1.594534E-04     1.000000E+00           
[2024/01/07 07:20:07]           31  alphaPorosity_31        c     0.000000E+00     1.579943E-04     1.000000E+00           
[2024/01/07 07:20:07]           32  alphaPorosity_32        c     0.000000E+00     1.566004E-04     1.000000E+00           
[2024/01/07 07:20:07]           33  alphaPorosity_33        c     0.000000E+00     1.552634E-04     1.000000E+00           
[2024/01/07 07:20:07]           34  alphaPorosity_34        c     0.000000E+00     1.853040E-04     1.000000E+00           
[2024/01/07 07:20:07]           35  alphaPorosity_35        c     0.000000E+00     1.822405E-04     1.000000E+00           
[2024/01/07 07:20:07]           36  alphaPorosity_36        c     0.000000E+00     1.793672E-04     1.000000E+00           
[2024/01/07 07:20:07]           37  alphaPorosity_37        c     0.000000E+00     1.766721E-04     1.000000E+00           
[2024/01/07 07:20:07]           38  alphaPorosity_38        c     0.000000E+00     1.741431E-04     1.000000E+00           
[2024/01/07 07:20:07]           39  alphaPorosity_39        c     0.000000E+00     1.717694E-04     1.000000E+00           
[2024/01/07 07:20:07]           40  alphaPorosity_40        c     0.000000E+00     1.695410E-04     1.000000E+00           
[2024/01/07 07:20:07]           41  alphaPorosity_41        c     0.000000E+00     1.674475E-04     1.000000E+00           
[2024/01/07 07:20:07]           42  alphaPorosity_42        c     0.000000E+00     1.654792E-04     1.000000E+00           
[2024/01/07 07:20:07]           43  alphaPorosity_43        c     0.000000E+00     1.636266E-04     1.000000E+00           
[2024/01/07 07:20:07]           44  alphaPorosity_44        c     0.000000E+00     1.618809E-04     1.000000E+00           
[2024/01/07 07:20:07]           45  alphaPorosity_45        c     0.000000E+00     1.602332E-04     1.000000E+00           
[2024/01/07 07:20:07]           46  alphaPorosity_46        c     0.000000E+00     1.586756E-04     1.000000E+00           
[2024/01/07 07:20:07]           47  alphaPorosity_47        c     0.000000E+00     1.571994E-04     1.000000E+00           
[2024/01/07 07:20:07]           48  alphaPorosity_48        c     0.000000E+00     1.557970E-04     1.000000E+00           
[2024/01/07 07:20:07]           49  alphaPorosity_49        c     0.000000E+00     1.544600E-04     1.000000E+00           
[2024/01/07 07:20:07]           50  alphaPorosity_50        c     0.000000E+00     1.531809E-04     1.000000E+00           
[2024/01/07 07:20:07]           51  alphaPorosity_51        c     0.000000E+00     1.808040E-04     1.000000E+00           
[2024/01/07 07:20:07]           52  alphaPorosity_52        c     0.000000E+00     1.778412E-04     1.000000E+00           
[2024/01/07 07:20:07]           53  alphaPorosity_53        c     0.000000E+00     1.750660E-04     1.000000E+00           
[2024/01/07 07:20:07]           54  alphaPorosity_54        c     0.000000E+00     1.724671E-04     1.000000E+00           
[2024/01/07 07:20:07]           55  alphaPorosity_55        c     0.000000E+00     1.700324E-04     1.000000E+00           
[2024/01/07 07:20:07]           56  alphaPorosity_56        c     0.000000E+00     1.677524E-04     1.000000E+00           
[2024/01/07 07:20:07]           57  alphaPorosity_57        c     0.000000E+00     1.656158E-04     1.000000E+00           
[2024/01/07 07:20:07]           58  alphaPorosity_58        c     0.000000E+00     1.636129E-04     1.000000E+00           
[2024/01/07 07:20:07]           59  alphaPorosity_59        c     0.000000E+00     1.617334E-04     1.000000E+00           
[2024/01/07 07:20:07]           60  alphaPorosity_60        c     0.000000E+00     1.599683E-04     1.000000E+00           
[2024/01/07 07:20:07]           61  alphaPorosity_61        c     0.000000E+00     1.583091E-04     1.000000E+00           
[2024/01/07 07:20:07]           62  alphaPorosity_62        c     0.000000E+00     1.567479E-04     1.000000E+00           
[2024/01/07 07:20:07]           63  alphaPorosity_63        c     0.000000E+00     1.552772E-04     1.000000E+00           
[2024/01/07 07:20:07]           64  alphaPorosity_64        c     0.000000E+00     1.538861E-04     1.000000E+00           
[2024/01/07 07:20:07]           65  alphaPorosity_65        c     0.000000E+00     1.525763E-04     1.000000E+00           
[2024/01/07 07:20:07]           66  alphaPorosity_66        c     0.000000E+00     1.513300E-04     1.000000E+00           
[2024/01/07 07:20:07]           67  alphaPorosity_67        c     0.000000E+00     1.501442E-04     1.000000E+00           
[2024/01/07 07:20:07]           68  alphaPorosity_68        c     0.000000E+00     1.749725E-04     1.000000E+00           
[2024/01/07 07:20:07]           69  alphaPorosity_69        c     0.000000E+00     1.721406E-04     1.000000E+00           
[2024/01/07 07:20:07]           70  alphaPorosity_70        c     0.000000E+00     1.694945E-04     1.000000E+00           
[2024/01/07 07:20:07]           71  alphaPorosity_71        c     0.000000E+00     1.670239E-04     1.000000E+00           
[2024/01/07 07:20:07]           72  alphaPorosity_72        c     0.000000E+00     1.647102E-04     1.000000E+00           
[2024/01/07 07:20:07]           73  alphaPorosity_73        c     0.000000E+00     1.625674E-04     1.000000E+00           
[2024/01/07 07:20:07]           74  alphaPorosity_74        c     0.000000E+00     1.605600E-04     1.000000E+00           
[2024/01/07 07:20:07]           75  alphaPorosity_75        c     0.000000E+00     1.586890E-04     1.000000E+00           
[2024/01/07 07:20:07]           76  alphaPorosity_76        c     0.000000E+00     1.569407E-04     1.000000E+00           
[2024/01/07 07:20:07]           77  alphaPorosity_77        c     0.000000E+00     1.553074E-04     1.000000E+00           
[2024/01/07 07:20:07]           78  alphaPorosity_78        c     0.000000E+00     1.537802E-04     1.000000E+00           
[2024/01/07 07:20:07]           79  alphaPorosity_79        c     0.000000E+00     1.523513E-04     1.000000E+00           
[2024/01/07 07:20:07]           80  alphaPorosity_80        c     0.000000E+00     1.510129E-04     1.000000E+00           
[2024/01/07 07:20:07]           81  alphaPorosity_81        c     0.000000E+00     1.497638E-04     1.000000E+00           
[2024/01/07 07:20:07]           82  alphaPorosity_82        c     0.000000E+00     1.485764E-04     1.000000E+00           
[2024/01/07 07:20:07]           83  alphaPorosity_83        c     0.000000E+00     1.474613E-04     1.000000E+00           
[2024/01/07 07:20:07]           84  alphaPorosity_84        c     0.000000E+00     1.464037E-04     1.000000E+00           
[2024/01/07 07:20:07]           85  alphaPorosity_85        c     0.000000E+00     1.681341E-04     1.000000E+00           
[2024/01/07 07:20:07]           86  alphaPorosity_86        c     0.000000E+00     1.655002E-04     1.000000E+00           
[2024/01/07 07:20:07]           87  alphaPorosity_87        c     0.000000E+00     1.630514E-04     1.000000E+00           
[2024/01/07 07:20:07]           88  alphaPorosity_88        c     0.000000E+00     1.607729E-04     1.000000E+00           
[2024/01/07 07:20:07]           89  alphaPorosity_89        c     0.000000E+00     1.586701E-04     1.000000E+00           
[2024/01/07 07:20:07]           90  alphaPorosity_90        c     0.000000E+00     1.566833E-04     1.000000E+00           
[2024/01/07 07:20:07]           91  alphaPorosity_91        c     0.000000E+00     1.548475E-04     1.000000E+00           
[2024/01/07 07:20:07]           92  alphaPorosity_92        c     0.000000E+00     1.531364E-04     1.000000E+00           
[2024/01/07 07:20:07]           93  alphaPorosity_93        c     0.000000E+00     1.515490E-04     1.000000E+00           
[2024/01/07 07:20:07]           94  alphaPorosity_94        c     0.000000E+00     1.500712E-04     1.000000E+00           
[2024/01/07 07:20:07]           95  alphaPorosity_95        c     0.000000E+00     1.486958E-04     1.000000E+00           
[2024/01/07 07:20:07]           96  alphaPorosity_96        c     0.000000E+00     1.474166E-04     1.000000E+00           
[2024/01/07 07:20:07]           97  alphaPorosity_97        c     0.000000E+00     1.462293E-04     1.000000E+00           
[2024/01/07 07:20:07]           98  alphaPorosity_98        c     0.000000E+00     1.451240E-04     1.000000E+00           
[2024/01/07 07:20:07]           99  alphaPorosity_99        c     0.000000E+00     1.441035E-04     1.000000E+00           
[2024/01/07 07:20:07]          100  alphaPorosity_100       c     0.000000E+00     1.431535E-04     1.000000E+00           
[2024/01/07 07:20:07]          101  alphaPorosity_101       c     0.000000E+00     1.422707E-04     1.000000E+00           
[2024/01/07 07:20:07]          102  alphaPorosity_102       c     0.000000E+00     1.610298E-04     1.000000E+00           
[2024/01/07 07:20:07]          103  alphaPorosity_103       c     0.000000E+00     1.586133E-04     1.000000E+00           
[2024/01/07 07:20:07]          104  alphaPorosity_104       c     0.000000E+00     1.563712E-04     1.000000E+00           
[2024/01/07 07:20:07]          105  alphaPorosity_105       c     0.000000E+00     1.542916E-04     1.000000E+00           
[2024/01/07 07:20:07]          106  alphaPorosity_106       c     0.000000E+00     1.523621E-04     1.000000E+00           
[2024/01/07 07:20:07]          107  alphaPorosity_107       c     0.000000E+00     1.505989E-04     1.000000E+00           
[2024/01/07 07:20:07]          108  alphaPorosity_108       c     0.000000E+00     1.489755E-04     1.000000E+00           
[2024/01/07 07:20:07]          109  alphaPorosity_109       c     0.000000E+00     1.474876E-04     1.000000E+00           
[2024/01/07 07:20:07]          110  alphaPorosity_110       c     0.000000E+00     1.461224E-04     1.000000E+00           
[2024/01/07 07:20:07]          111  alphaPorosity_111       c     0.000000E+00     1.448709E-04     1.000000E+00           
[2024/01/07 07:20:07]          112  alphaPorosity_112       c     0.000000E+00     1.437401E-04     1.000000E+00           
[2024/01/07 07:20:07]          113  alphaPorosity_113       c     0.000000E+00     1.427053E-04     1.000000E+00           
[2024/01/07 07:20:07]          114  alphaPorosity_114       c     0.000000E+00     1.417554E-04     1.000000E+00           
[2024/01/07 07:20:07]          115  alphaPorosity_115       c     0.000000E+00     1.408793E-04     1.000000E+00           
[2024/01/07 07:20:07]          116  alphaPorosity_116       c     0.000000E+00     1.400707E-04     1.000000E+00           
[2024/01/07 07:20:07]          117  alphaPorosity_117       c     0.000000E+00     1.393230E-04     1.000000E+00           
[2024/01/07 07:20:07]          118  alphaPorosity_118       c     0.000000E+00     1.386325E-04     1.000000E+00           
[2024/01/07 07:20:07]          119  alphaPorosity_119       c     0.000000E+00     1.545624E-04     1.000000E+00           
[2024/01/07 07:20:07]          120  alphaPorosity_120       c     0.000000E+00     1.524890E-04     1.000000E+00           
[2024/01/07 07:20:07]          121  alphaPorosity_121       c     0.000000E+00     1.505949E-04     1.000000E+00           
[2024/01/07 07:20:07]          122  alphaPorosity_122       c     0.000000E+00     1.488873E-04     1.000000E+00           
[2024/01/07 07:20:07]          123  alphaPorosity_123       c     0.000000E+00     1.473267E-04     1.000000E+00           
[2024/01/07 07:20:07]          124  alphaPorosity_124       c     0.000000E+00     1.459001E-04     1.000000E+00           
[2024/01/07 07:20:07]          125  alphaPorosity_125       c     0.000000E+00     1.445894E-04     1.000000E+00           
[2024/01/07 07:20:07]          126  alphaPorosity_126       c     0.000000E+00     1.433876E-04     1.000000E+00           
[2024/01/07 07:20:07]          127  alphaPorosity_127       c     0.000000E+00     1.422885E-04     1.000000E+00           
[2024/01/07 07:20:07]          128  alphaPorosity_128       c     0.000000E+00     1.412779E-04     1.000000E+00           
[2024/01/07 07:20:07]          129  alphaPorosity_129       c     0.000000E+00     1.403570E-04     1.000000E+00           
[2024/01/07 07:20:07]          130  alphaPorosity_130       c     0.000000E+00     1.395196E-04     1.000000E+00           
[2024/01/07 07:20:07]          131  alphaPorosity_131       c     0.000000E+00     1.387602E-04     1.000000E+00           
[2024/01/07 07:20:07]          132  alphaPorosity_132       c     0.000000E+00     1.380741E-04     1.000000E+00           
[2024/01/07 07:20:07]          133  alphaPorosity_133       c     0.000000E+00     1.374567E-04     1.000000E+00           
[2024/01/07 07:20:07]          134  alphaPorosity_134       c     0.000000E+00     1.369030E-04     1.000000E+00           
[2024/01/07 07:20:07]          135  alphaPorosity_135       c     0.000000E+00     1.364078E-04     1.000000E+00           
[2024/01/07 07:20:07]          136  alphaPorosity_136       c     0.000000E+00     1.511867E-04     1.000000E+00           
[2024/01/07 07:20:07]          137  alphaPorosity_137       c     0.000000E+00     1.496553E-04     1.000000E+00           
[2024/01/07 07:20:07]          138  alphaPorosity_138       c     0.000000E+00     1.482555E-04     1.000000E+00           
[2024/01/07 07:20:07]          139  alphaPorosity_139       c     0.000000E+00     1.469992E-04     1.000000E+00           
[2024/01/07 07:20:07]          140  alphaPorosity_140       c     0.000000E+00     1.458657E-04     1.000000E+00           
[2024/01/07 07:20:07]          141  alphaPorosity_141       c     0.000000E+00     1.448478E-04     1.000000E+00           
[2024/01/07 07:20:07]          142  alphaPorosity_142       c     0.000000E+00     1.439367E-04     1.000000E+00           
[2024/01/07 07:20:07]          143  alphaPorosity_143       c     0.000000E+00     1.431250E-04     1.000000E+00           
[2024/01/07 07:20:07]          144  alphaPorosity_144       c     0.000000E+00     1.424046E-04     1.000000E+00           
[2024/01/07 07:20:07]          145  alphaPorosity_145       c     0.000000E+00     1.417699E-04     1.000000E+00           
[2024/01/07 07:20:07]          146  alphaPorosity_146       c     0.000000E+00     1.412021E-04     1.000000E+00           
[2024/01/07 07:20:07]          147  alphaPorosity_147       c     0.000000E+00     1.407024E-04     1.000000E+00           
[2024/01/07 07:20:07]          148  alphaPorosity_148       c     0.000000E+00     1.402643E-04     1.000000E+00           
[2024/01/07 07:20:07]          149  alphaPorosity_149       c     0.000000E+00     1.398847E-04     1.000000E+00           
[2024/01/07 07:20:07]          150  alphaPorosity_150       c     0.000000E+00     1.395581E-04     1.000000E+00           
[2024/01/07 07:20:07]          151  alphaPorosity_151       c     0.000000E+00     1.392788E-04     1.000000E+00           
[2024/01/07 07:20:07]          152  alphaPorosity_152       c     0.000000E+00     1.390431E-04     1.000000E+00           
[2024/01/07 07:20:07]          153  alphaPorosity_153       c     0.000000E+00     1.547542E-04     1.000000E+00           
[2024/01/07 07:20:07]          154  alphaPorosity_154       c     0.000000E+00     1.540915E-04     1.000000E+00           
[2024/01/07 07:20:07]          155  alphaPorosity_155       c     0.000000E+00     1.535709E-04     1.000000E+00           
[2024/01/07 07:20:07]          156  alphaPorosity_156       c     0.000000E+00     1.531553E-04     1.000000E+00           
[2024/01/07 07:20:07]          157  alphaPorosity_157       c     0.000000E+00     1.528472E-04     1.000000E+00           
[2024/01/07 07:20:07]          158  alphaPorosity_158       c     0.000000E+00     1.526309E-04     1.000000E+00           
[2024/01/07 07:20:07]          159  alphaPorosity_159       c     0.000000E+00     1.524981E-04     1.000000E+00           
[2024/01/07 07:20:07]          160  alphaPorosity_160       c     0.000000E+00     1.524419E-04     1.000000E+00           
[2024/01/07 07:20:07]          161  alphaPorosity_161       c     0.000000E+00     1.524508E-04     1.000000E+00           
[2024/01/07 07:20:07]          162  alphaPorosity_162       c     0.000000E+00     1.525044E-04     1.000000E+00           
[2024/01/07 07:20:07]          163  alphaPorosity_163       c     0.000000E+00     1.526166E-04     1.000000E+00           
[2024/01/07 07:20:07]          164  alphaPorosity_164       c     0.000000E+00     1.527790E-04     1.000000E+00           
[2024/01/07 07:20:07]          165  alphaPorosity_165       c     0.000000E+00     1.529795E-04     1.000000E+00           
[2024/01/07 07:20:07]          166  alphaPorosity_166       c     0.000000E+00     1.532145E-04     1.000000E+00           
[2024/01/07 07:20:07]          167  alphaPorosity_167       c     0.000000E+00     1.534737E-04     1.000000E+00           
[2024/01/07 07:20:07]          168  alphaPorosity_168       c     0.000000E+00     1.537489E-04     1.000000E+00           
[2024/01/07 07:20:07]          169  alphaPorosity_169       c     0.000000E+00     1.540359E-04     1.000000E+00           
[2024/01/07 07:20:07]          170  alphaPorosity_170       c     0.000000E+00     1.734132E-04     1.000000E+00           
[2024/01/07 07:20:07]          171  alphaPorosity_171       c     0.000000E+00     1.745473E-04     1.000000E+00           
[2024/01/07 07:20:07]          172  alphaPorosity_172       c     0.000000E+00     1.757783E-04     1.000000E+00           
[2024/01/07 07:20:07]          173  alphaPorosity_173       c     0.000000E+00     1.771373E-04     1.000000E+00           
[2024/01/07 07:20:07]          174  alphaPorosity_174       c     0.000000E+00     1.786178E-04     1.000000E+00           
[2024/01/07 07:20:07]          175  alphaPorosity_175       c     0.000000E+00     1.801777E-04     1.000000E+00           
[2024/01/07 07:20:07]          176  alphaPorosity_176       c     0.000000E+00     1.818015E-04     1.000000E+00           
[2024/01/07 07:20:07]          177  alphaPorosity_177       c     0.000000E+00     1.834849E-04     1.000000E+00           
[2024/01/07 07:20:07]          178  alphaPorosity_178       c     0.000000E+00     1.852157E-04     1.000000E+00           
[2024/01/07 07:20:07]          179  alphaPorosity_179       c     0.000000E+00     1.868752E-04     1.000000E+00           
[2024/01/07 07:20:07]          180  alphaPorosity_180       c     0.000000E+00     1.887704E-04     1.000000E+00           
[2024/01/07 07:20:07]          181  alphaPorosity_181       c     0.000000E+00     1.905237E-04     1.000000E+00           
[2024/01/07 07:20:07]          182  alphaPorosity_182       c     0.000000E+00     1.923588E-04     1.000000E+00           
[2024/01/07 07:20:07]          183  alphaPorosity_183       c     0.000000E+00     1.941642E-04     1.000000E+00           
[2024/01/07 07:20:07]          184  alphaPorosity_184       c     0.000000E+00     1.959753E-04     1.000000E+00           
[2024/01/07 07:20:07]          185  alphaPorosity_185       c     0.000000E+00     1.977679E-04     1.000000E+00           
[2024/01/07 07:20:07]          186  alphaPorosity_186       c     0.000000E+00     1.995449E-04     1.000000E+00           
[2024/01/07 07:20:07]          187  alphaPorosity_187       c     0.000000E+00     2.272229E-04     1.000000E+00           
[2024/01/07 07:20:07]          188  alphaPorosity_188       c     0.000000E+00     2.330263E-04     1.000000E+00           
[2024/01/07 07:20:07]          189  alphaPorosity_189       c     0.000000E+00     2.385346E-04     1.000000E+00           
[2024/01/07 07:20:07]          190  alphaPorosity_190       c     0.000000E+00     2.451688E-04     1.000000E+00           
[2024/01/07 07:20:07]          191  alphaPorosity_191       c     0.000000E+00     2.512447E-04     1.000000E+00           
[2024/01/07 07:20:07]          192  alphaPorosity_192       c     0.000000E+00     2.577149E-04     1.000000E+00           
[2024/01/07 07:20:07]          193  alphaPorosity_193       c     0.000000E+00     2.641305E-04     1.000000E+00           
[2024/01/07 07:20:07]          194  alphaPorosity_194       c     0.000000E+00     2.706621E-04     1.000000E+00           
[2024/01/07 07:20:07]          195  alphaPorosity_195       c     0.000000E+00     2.772431E-04     1.000000E+00           
[2024/01/07 07:20:07]          196  alphaPorosity_196       c     0.000000E+00     2.839009E-04     1.000000E+00           
[2024/01/07 07:20:07]          197  alphaPorosity_197       c     0.000000E+00     2.905770E-04     1.000000E+00           
[2024/01/07 07:20:07]          198  alphaPorosity_198       c     0.000000E+00     2.972176E-04     1.000000E+00           
[2024/01/07 07:20:07]          199  alphaPorosity_199       c     0.000000E+00     3.039035E-04     1.000000E+00           
[2024/01/07 07:20:07]          200  alphaPorosity_200       c     0.000000E+00     3.105567E-04     1.000000E+00           
[2024/01/07 07:20:07]          201  alphaPorosity_201       c     0.000000E+00     3.172043E-04     1.000000E+00           
[2024/01/07 07:20:07]          202  alphaPorosity_202       c     0.000000E+00     3.238270E-04     1.000000E+00           
[2024/01/07 07:20:07]          203  alphaPorosity_203       c     0.000000E+00     3.304426E-04     1.000000E+00           
[2024/01/07 07:20:07]          204  alphaPorosity_204       c     0.000000E+00     3.864283E-04     1.000000E+00           
[2024/01/07 07:20:07]          205  alphaPorosity_205       c     0.000000E+00     4.074922E-04     1.000000E+00           
[2024/01/07 07:20:07]          206  alphaPorosity_206       c     0.000000E+00     4.307155E-04     1.000000E+00           
[2024/01/07 07:20:07]          207  alphaPorosity_207       c     0.000000E+00     4.545424E-04     1.000000E+00           
[2024/01/07 07:20:07]          208  alphaPorosity_208       c     0.000000E+00     4.799721E-04     1.000000E+00           
[2024/01/07 07:20:07]          209  alphaPorosity_209       c     0.000000E+00     5.041063E-04     1.000000E+00           
[2024/01/07 07:20:07]          210  alphaPorosity_210       c     0.000000E+00     5.293442E-04     1.000000E+00           
[2024/01/07 07:20:07]          211  alphaPorosity_211       c     0.000000E+00     5.548403E-04     1.000000E+00           
[2024/01/07 07:20:07]          212  alphaPorosity_212       c     0.000000E+00     5.808486E-04     1.000000E+00           
[2024/01/07 07:20:07]          213  alphaPorosity_213       c     0.000000E+00     6.072430E-04     1.000000E+00           
[2024/01/07 07:20:07]          214  alphaPorosity_214       c     0.000000E+00     6.339445E-04     1.000000E+00           
[2024/01/07 07:20:07]          215  alphaPorosity_215       c     0.000000E+00     6.608482E-04     1.000000E+00           
[2024/01/07 07:20:07]          216  alphaPorosity_216       c     0.000000E+00     6.878796E-04     1.000000E+00           
[2024/01/07 07:20:07]          217  alphaPorosity_217       c     0.000000E+00     7.148746E-04     1.000000E+00           
[2024/01/07 07:20:07]          218  alphaPorosity_218       c     0.000000E+00     7.417366E-04     1.000000E+00           
[2024/01/07 07:20:07]          219  alphaPorosity_219       c     0.000000E+00     7.683279E-04     1.000000E+00           
[2024/01/07 07:20:07]          220  alphaPorosity_220       c     0.000000E+00     7.945231E-04     1.000000E+00           
[2024/01/07 07:20:07]          221  alphaPorosity_221       c     0.000000E+00     1.010477E-03     1.000000E+00           
[2024/01/07 07:20:07]          222  alphaPorosity_222       c     0.000000E+00     1.109283E-03     1.000000E+00           
[2024/01/07 07:20:07]          223  alphaPorosity_223       c     0.000000E+00     1.214799E-03     1.000000E+00           
[2024/01/07 07:20:07]          224  alphaPorosity_224       c     0.000000E+00     1.325576E-03     1.000000E+00           
[2024/01/07 07:20:07]          225  alphaPorosity_225       c     0.000000E+00     1.427004E-03     1.000000E+00           
[2024/01/07 07:20:07]          226  alphaPorosity_226       c     0.000000E+00     1.560435E-03     1.000000E+00           
[2024/01/07 07:20:07]          227  alphaPorosity_227       c     0.000000E+00     1.699156E-03     1.000000E+00           
[2024/01/07 07:20:07]          228  alphaPorosity_228       c     0.000000E+00     1.850673E-03     1.000000E+00           
[2024/01/07 07:20:07]          229  alphaPorosity_229       c     0.000000E+00     2.012149E-03     1.000000E+00           
[2024/01/07 07:20:07]          230  alphaPorosity_230       c     0.000000E+00     2.182715E-03     1.000000E+00           
[2024/01/07 07:20:07]          231  alphaPorosity_231       c     0.000000E+00     2.361222E-03     1.000000E+00           
[2024/01/07 07:20:07]          232  alphaPorosity_232       c     0.000000E+00     2.546801E-03     1.000000E+00           
[2024/01/07 07:20:07]          233  alphaPorosity_233       c     0.000000E+00     2.738804E-03     1.000000E+00           
[2024/01/07 07:20:07]          234  alphaPorosity_234       c     0.000000E+00     2.936826E-03     1.000000E+00           
[2024/01/07 07:20:07]          235  alphaPorosity_235       c     0.000000E+00     3.140974E-03     1.000000E+00           
[2024/01/07 07:20:07]          236  alphaPorosity_236       c     0.000000E+00     3.351854E-03     1.000000E+00           
[2024/01/07 07:20:07]          237  alphaPorosity_237       c     0.000000E+00     3.570837E-03     1.000000E+00           
[2024/01/07 07:20:07]          238  alphaPorosity_238       c     0.000000E+00     5.445175E-03     1.000000E+00           
[2024/01/07 07:20:07]          239  alphaPorosity_239       c     0.000000E+00     6.544132E-03     1.000000E+00           
[2024/01/07 07:20:07]          240  alphaPorosity_240       c     0.000000E+00     7.833569E-03     1.000000E+00           
[2024/01/07 07:20:07]          241  alphaPorosity_241       c     0.000000E+00     9.310992E-03     1.000000E+00           
[2024/01/07 07:20:07]          242  alphaPorosity_242       c     0.000000E+00     1.118875E-02     1.000000E+00           
[2024/01/07 07:20:07]          243  alphaPorosity_243       c     0.000000E+00     1.299302E-02     1.000000E+00           
[2024/01/07 07:20:07]          244  alphaPorosity_244       c     0.000000E+00     1.481900E-02     1.000000E+00           
[2024/01/07 07:20:07]          245  alphaPorosity_245       c     0.000000E+00     1.655934E-02     1.000000E+00           
[2024/01/07 07:20:07]          246  alphaPorosity_246       c     0.000000E+00     1.815253E-02     1.000000E+00           
[2024/01/07 07:20:07]          247  alphaPorosity_247       c     0.000000E+00     1.956823E-02     1.000000E+00           
[2024/01/07 07:20:07]          248  alphaPorosity_248       c     0.000000E+00     2.079598E-02     1.000000E+00           
[2024/01/07 07:20:07]          249  alphaPorosity_249       c     0.000000E+00     2.184444E-02     1.000000E+00           
[2024/01/07 07:20:07]          250  alphaPorosity_250       c     0.000000E+00     2.273395E-02     1.000000E+00           
[2024/01/07 07:20:07]          251  alphaPorosity_251       c     0.000000E+00     2.348988E-02     1.000000E+00           
[2024/01/07 07:20:07]          252  alphaPorosity_252       c     0.000000E+00     2.413840E-02     1.000000E+00           
[2024/01/07 07:20:07]          253  alphaPorosity_253       c     0.000000E+00     2.470378E-02     1.000000E+00           
[2024/01/07 07:20:07]          254  alphaPorosity_254       c     0.000000E+00     2.520765E-02     1.000000E+00           
[2024/01/07 07:20:07]          255  alphaPorosity_255       c     0.000000E+00     2.986250E-02     1.000000E+00           
[2024/01/07 07:20:07]          256  alphaPorosity_256       c     0.000000E+00     3.050557E-02     1.000000E+00           
[2024/01/07 07:20:07]          257  alphaPorosity_257       c     0.000000E+00     3.096643E-02     1.000000E+00           
[2024/01/07 07:20:07]          258  alphaPorosity_258       c     0.000000E+00     3.128699E-02     1.000000E+00           
[2024/01/07 07:20:07]          259  alphaPorosity_259       c     0.000000E+00     3.150325E-02     1.000000E+00           
[2024/01/07 07:20:07]          260  alphaPorosity_260       c     0.000000E+00     3.159851E-02     1.000000E+00           
[2024/01/07 07:20:07]          261  alphaPorosity_261       c     0.000000E+00     3.165413E-02     1.000000E+00           
[2024/01/07 07:20:07]          262  alphaPorosity_262       c     0.000000E+00     3.167462E-02     1.000000E+00           
[2024/01/07 07:20:07]          263  alphaPorosity_263       c     0.000000E+00     3.167195E-02     1.000000E+00           
[2024/01/07 07:20:07]          264  alphaPorosity_264       c     0.000000E+00     3.165511E-02     1.000000E+00           
[2024/01/07 07:20:07]          265  alphaPorosity_265       c     0.000000E+00     3.163000E-02     1.000000E+00           
[2024/01/07 07:20:07]          266  alphaPorosity_266       c     0.000000E+00     3.160074E-02     1.000000E+00           
[2024/01/07 07:20:07]          267  alphaPorosity_267       c     0.000000E+00     3.157027E-02     1.000000E+00           
[2024/01/07 07:20:07]          268  alphaPorosity_268       c     0.000000E+00     3.154067E-02     1.000000E+00           
[2024/01/07 07:20:07]          269  alphaPorosity_269       c     0.000000E+00     3.151343E-02     1.000000E+00           
[2024/01/07 07:20:07]          270  alphaPorosity_270       c     0.000000E+00     3.148960E-02     1.000000E+00           
[2024/01/07 07:20:07]          271  alphaPorosity_271       c     0.000000E+00     3.146992E-02     1.000000E+00           
[2024/01/07 07:20:07]          272  alphaPorosity_272       c     0.000000E+00     3.276510E-02     1.000000E+00           
[2024/01/07 07:20:07]          273  alphaPorosity_273       c     0.000000E+00     3.269558E-02     1.000000E+00           
[2024/01/07 07:20:07]          274  alphaPorosity_274       c     0.000000E+00     3.263604E-02     1.000000E+00           
[2024/01/07 07:20:07]          275  alphaPorosity_275       c     0.000000E+00     3.257896E-02     1.000000E+00           
[2024/01/07 07:20:07]          276  alphaPorosity_276       c     0.000000E+00     3.251449E-02     1.000000E+00           
[2024/01/07 07:20:07]          277  alphaPorosity_277       c     0.000000E+00     3.244251E-02     1.000000E+00           
[2024/01/07 07:20:07]          278  alphaPorosity_278       c     0.000000E+00     3.236977E-02     1.000000E+00           
[2024/01/07 07:20:07]          279  alphaPorosity_279       c     0.000000E+00     3.229594E-02     1.000000E+00           
[2024/01/07 07:20:07]          280  alphaPorosity_280       c     0.000000E+00     3.222202E-02     1.000000E+00           
[2024/01/07 07:20:07]          281  alphaPorosity_281       c     0.000000E+00     3.214925E-02     1.000000E+00           
[2024/01/07 07:20:07]          282  alphaPorosity_282       c     0.000000E+00     3.207960E-02     1.000000E+00           
[2024/01/07 07:20:07]          283  alphaPorosity_283       c     0.000000E+00     3.201351E-02     1.000000E+00           
[2024/01/07 07:20:07]          284  alphaPorosity_284       c     0.000000E+00     3.195234E-02     1.000000E+00           
[2024/01/07 07:20:07]          285  alphaPorosity_285       c     0.000000E+00     3.189636E-02     1.000000E+00           
[2024/01/07 07:20:07]          286  alphaPorosity_286       c     0.000000E+00     3.184580E-02     1.000000E+00           
[2024/01/07 07:20:07]          287  alphaPorosity_287       c     0.000000E+00     3.180070E-02     1.000000E+00           
[2024/01/07 07:20:07]          288  alphaPorosity_288       c     0.000000E+00     3.176088E-02     1.000000E+00           
[2024/01/07 07:20:07]          289  alphaPorosity_289       c     0.000000E+00     3.276586E-02     1.000000E+00           
[2024/01/07 07:20:07]          290  alphaPorosity_290       c     0.000000E+00     3.269123E-02     1.000000E+00           
[2024/01/07 07:20:07]          291  alphaPorosity_291       c     0.000000E+00     3.262196E-02     1.000000E+00           
[2024/01/07 07:20:07]          292  alphaPorosity_292       c     0.000000E+00     3.255501E-02     1.000000E+00           
[2024/01/07 07:20:07]          293  alphaPorosity_293       c     0.000000E+00     3.248747E-02     1.000000E+00           
[2024/01/07 07:20:07]          294  alphaPorosity_294       c     0.000000E+00     3.241909E-02     1.000000E+00           
[2024/01/07 07:20:07]          295  alphaPorosity_295       c     0.000000E+00     3.235112E-02     1.000000E+00           
[2024/01/07 07:20:07]          296  alphaPorosity_296       c     0.000000E+00     3.228327E-02     1.000000E+00           
[2024/01/07 07:20:07]          297  alphaPorosity_297       c     0.000000E+00     3.221667E-02     1.000000E+00           
[2024/01/07 07:20:07]          298  alphaPorosity_298       c     0.000000E+00     3.215155E-02     1.000000E+00           
[2024/01/07 07:20:07]          299  alphaPorosity_299       c     0.000000E+00     3.208880E-02     1.000000E+00           
[2024/01/07 07:20:07]          300  alphaPorosity_300       c     0.000000E+00     3.202929E-02     1.000000E+00           
[2024/01/07 07:20:07]          301  alphaPorosity_301       c     0.000000E+00     3.197337E-02     1.000000E+00           
[2024/01/07 07:20:07]          302  alphaPorosity_302       c     0.000000E+00     3.192142E-02     1.000000E+00           
[2024/01/07 07:20:07]          303  alphaPorosity_303       c     0.000000E+00     3.187370E-02     1.000000E+00           
[2024/01/07 07:20:07]          304  alphaPorosity_304       c     0.000000E+00     3.183022E-02     1.000000E+00           
[2024/01/07 07:20:07]          305  alphaPorosity_305       c     0.000000E+00     3.179089E-02     1.000000E+00           
[2024/01/07 07:20:07]          306  alphaPorosity_306       c     0.000000E+00     3.273800E-02     1.000000E+00           
[2024/01/07 07:20:07]          307  alphaPorosity_307       c     0.000000E+00     3.266484E-02     1.000000E+00           
[2024/01/07 07:20:07]          308  alphaPorosity_308       c     0.000000E+00     3.259476E-02     1.000000E+00           
[2024/01/07 07:20:07]          309  alphaPorosity_309       c     0.000000E+00     3.252661E-02     1.000000E+00           
[2024/01/07 07:20:07]          310  alphaPorosity_310       c     0.000000E+00     3.245939E-02     1.000000E+00           
[2024/01/07 07:20:07]          311  alphaPorosity_311       c     0.000000E+00     3.239291E-02     1.000000E+00           
[2024/01/07 07:20:07]          312  alphaPorosity_312       c     0.000000E+00     3.232744E-02     1.000000E+00           
[2024/01/07 07:20:07]          313  alphaPorosity_313       c     0.000000E+00     3.226332E-02     1.000000E+00           
[2024/01/07 07:20:07]          314  alphaPorosity_314       c     0.000000E+00     3.220048E-02     1.000000E+00           
[2024/01/07 07:20:07]          315  alphaPorosity_315       c     0.000000E+00     3.213983E-02     1.000000E+00           
[2024/01/07 07:20:07]          316  alphaPorosity_316       c     0.000000E+00     3.208161E-02     1.000000E+00           
[2024/01/07 07:20:07]          317  alphaPorosity_317       c     0.000000E+00     3.202615E-02     1.000000E+00           
[2024/01/07 07:20:07]          318  alphaPorosity_318       c     0.000000E+00     3.197379E-02     1.000000E+00           
[2024/01/07 07:20:07]          319  alphaPorosity_319       c     0.000000E+00     3.192484E-02     1.000000E+00           
[2024/01/07 07:20:07]          320  alphaPorosity_320       c     0.000000E+00     3.187940E-02     1.000000E+00           
[2024/01/07 07:20:07]          321  alphaPorosity_321       c     0.000000E+00     3.183747E-02     1.000000E+00           
[2024/01/07 07:20:07]          322  alphaPorosity_322       c     0.000000E+00     3.179898E-02     1.000000E+00           
[2024/01/07 07:20:07]          323  alphaPorosity_323       c     0.000000E+00     3.271272E-02     1.000000E+00           
[2024/01/07 07:20:07]          324  alphaPorosity_324       c     0.000000E+00     3.264025E-02     1.000000E+00           
[2024/01/07 07:20:07]          325  alphaPorosity_325       c     0.000000E+00     3.257019E-02     1.000000E+00           
[2024/01/07 07:20:07]          326  alphaPorosity_326       c     0.000000E+00     3.250210E-02     1.000000E+00           
[2024/01/07 07:20:07]          327  alphaPorosity_327       c     0.000000E+00     3.243560E-02     1.000000E+00           
[2024/01/07 07:20:07]          328  alphaPorosity_328       c     0.000000E+00     3.237060E-02     1.000000E+00           
[2024/01/07 07:20:07]          329  alphaPorosity_329       c     0.000000E+00     3.230717E-02     1.000000E+00           
[2024/01/07 07:20:07]          330  alphaPorosity_330       c     0.000000E+00     3.224546E-02     1.000000E+00           
[2024/01/07 07:20:07]          331  alphaPorosity_331       c     0.000000E+00     3.218566E-02     1.000000E+00           
[2024/01/07 07:20:07]          332  alphaPorosity_332       c     0.000000E+00     3.212805E-02     1.000000E+00           
[2024/01/07 07:20:07]          333  alphaPorosity_333       c     0.000000E+00     3.207281E-02     1.000000E+00           
[2024/01/07 07:20:07]          334  alphaPorosity_334       c     0.000000E+00     3.202019E-02     1.000000E+00           
[2024/01/07 07:20:07]          335  alphaPorosity_335       c     0.000000E+00     3.197040E-02     1.000000E+00           
[2024/01/07 07:20:07]          336  alphaPorosity_336       c     0.000000E+00     3.192358E-02     1.000000E+00           
[2024/01/07 07:20:07]          337  alphaPorosity_337       c     0.000000E+00     3.187977E-02     1.000000E+00           
[2024/01/07 07:20:07]          338  alphaPorosity_338       c     0.000000E+00     3.183899E-02     1.000000E+00           
[2024/01/07 07:20:07]          339  alphaPorosity_339       c     0.000000E+00     3.180116E-02     1.000000E+00           
[2024/01/07 07:20:07]          340  alphaPorosity_340       c     0.000000E+00     3.268848E-02     1.000000E+00           
[2024/01/07 07:20:07]          341  alphaPorosity_341       c     0.000000E+00     3.261720E-02     1.000000E+00           
[2024/01/07 07:20:07]          342  alphaPorosity_342       c     0.000000E+00     3.254804E-02     1.000000E+00           
[2024/01/07 07:20:07]          343  alphaPorosity_343       c     0.000000E+00     3.248083E-02     1.000000E+00           
[2024/01/07 07:20:07]          344  alphaPorosity_344       c     0.000000E+00     3.241546E-02     1.000000E+00           
[2024/01/07 07:20:07]          345  alphaPorosity_345       c     0.000000E+00     3.235191E-02     1.000000E+00           
[2024/01/07 07:20:07]          346  alphaPorosity_346       c     0.000000E+00     3.229022E-02     1.000000E+00           
[2024/01/07 07:20:07]          347  alphaPorosity_347       c     0.000000E+00     3.223048E-02     1.000000E+00           
[2024/01/07 07:20:07]          348  alphaPorosity_348       c     0.000000E+00     3.217282E-02     1.000000E+00           
[2024/01/07 07:20:07]          349  alphaPorosity_349       c     0.000000E+00     3.211738E-02     1.000000E+00           
[2024/01/07 07:20:07]          350  alphaPorosity_350       c     0.000000E+00     3.206429E-02     1.000000E+00           
[2024/01/07 07:20:07]          351  alphaPorosity_351       c     0.000000E+00     3.201368E-02     1.000000E+00           
[2024/01/07 07:20:07]          352  alphaPorosity_352       c     0.000000E+00     3.196566E-02     1.000000E+00           
[2024/01/07 07:20:07]          353  alphaPorosity_353       c     0.000000E+00     3.192030E-02     1.000000E+00           
[2024/01/07 07:20:07]          354  alphaPorosity_354       c     0.000000E+00     3.187761E-02     1.000000E+00           
[2024/01/07 07:20:07]          355  alphaPorosity_355       c     0.000000E+00     3.183759E-02     1.000000E+00           
[2024/01/07 07:20:07]          356  alphaPorosity_356       c     0.000000E+00     3.266576E-02     1.000000E+00           
[2024/01/07 07:20:07]          357  alphaPorosity_357       c     0.000000E+00     3.259594E-02     1.000000E+00           
[2024/01/07 07:20:07]          358  alphaPorosity_358       c     0.000000E+00     3.252805E-02     1.000000E+00           
[2024/01/07 07:20:07]          359  alphaPorosity_359       c     0.000000E+00     3.246207E-02     1.000000E+00           
[2024/01/07 07:20:07]          360  alphaPorosity_360       c     0.000000E+00     3.239800E-02     1.000000E+00           
[2024/01/07 07:20:07]          361  alphaPorosity_361       c     0.000000E+00     3.233586E-02     1.000000E+00           
[2024/01/07 07:20:07]          362  alphaPorosity_362       c     0.000000E+00     3.227568E-02     1.000000E+00           
[2024/01/07 07:20:07]          363  alphaPorosity_363       c     0.000000E+00     3.221755E-02     1.000000E+00           
[2024/01/07 07:20:07]          364  alphaPorosity_364       c     0.000000E+00     3.216154E-02     1.000000E+00           
[2024/01/07 07:20:07]          365  alphaPorosity_365       c     0.000000E+00     3.210773E-02     1.000000E+00           
[2024/01/07 07:20:07]          366  alphaPorosity_366       c     0.000000E+00     3.205619E-02     1.000000E+00           
[2024/01/07 07:20:07]          367  alphaPorosity_367       c     0.000000E+00     3.200701E-02     1.000000E+00           
[2024/01/07 07:20:07]          368  alphaPorosity_368       c     0.000000E+00     3.196022E-02     1.000000E+00           
[2024/01/07 07:20:07]          369  alphaPorosity_369       c     0.000000E+00     3.191585E-02     1.000000E+00           
[2024/01/07 07:20:07]          370  alphaPorosity_370       c     0.000000E+00     3.187391E-02     1.000000E+00           
[2024/01/07 07:20:07]          371  alphaPorosity_371       c     0.000000E+00     3.183435E-02     1.000000E+00           
[2024/01/07 07:20:07]          372  alphaPorosity_372       c     0.000000E+00     3.264500E-02     1.000000E+00           
[2024/01/07 07:20:07]          373  alphaPorosity_373       c     0.000000E+00     3.257671E-02     1.000000E+00           
[2024/01/07 07:20:07]          374  alphaPorosity_374       c     0.000000E+00     3.251021E-02     1.000000E+00           
[2024/01/07 07:20:07]          375  alphaPorosity_375       c     0.000000E+00     3.244555E-02     1.000000E+00           
[2024/01/07 07:20:07]          376  alphaPorosity_376       c     0.000000E+00     3.238278E-02     1.000000E+00           
[2024/01/07 07:20:07]          377  alphaPorosity_377       c     0.000000E+00     3.232194E-02     1.000000E+00           
[2024/01/07 07:20:07]          378  alphaPorosity_378       c     0.000000E+00     3.226309E-02     1.000000E+00           
[2024/01/07 07:20:07]          379  alphaPorosity_379       c     0.000000E+00     3.220627E-02     1.000000E+00           
[2024/01/07 07:20:07]          380  alphaPorosity_380       c     0.000000E+00     3.215155E-02     1.000000E+00           
[2024/01/07 07:20:07]          381  alphaPorosity_381       c     0.000000E+00     3.209897E-02     1.000000E+00           
[2024/01/07 07:20:07]          382  alphaPorosity_382       c     0.000000E+00     3.204858E-02     1.000000E+00           
[2024/01/07 07:20:07]          383  alphaPorosity_383       c     0.000000E+00     3.200040E-02     1.000000E+00           
[2024/01/07 07:20:07]          384  alphaPorosity_384       c     0.000000E+00     3.195447E-02     1.000000E+00           
[2024/01/07 07:20:07]          385  alphaPorosity_385       c     0.000000E+00     3.191076E-02     1.000000E+00           
[2024/01/07 07:20:07]          386  alphaPorosity_386       c     0.000000E+00     3.186928E-02     1.000000E+00           
[2024/01/07 07:20:07]          387  alphaPorosity_387       c     0.000000E+00     3.182996E-02     1.000000E+00           
[2024/01/07 07:20:07]          388  alphaPorosity_388       c     0.000000E+00     3.262649E-02     1.000000E+00           
[2024/01/07 07:20:07]          389  alphaPorosity_389       c     0.000000E+00     3.255970E-02     1.000000E+00           
[2024/01/07 07:20:07]          390  alphaPorosity_390       c     0.000000E+00     3.249457E-02     1.000000E+00           
[2024/01/07 07:20:07]          391  alphaPorosity_391       c     0.000000E+00     3.243118E-02     1.000000E+00           
[2024/01/07 07:20:07]          392  alphaPorosity_392       c     0.000000E+00     3.236961E-02     1.000000E+00           
[2024/01/07 07:20:07]          393  alphaPorosity_393       c     0.000000E+00     3.230993E-02     1.000000E+00           
[2024/01/07 07:20:07]          394  alphaPorosity_394       c     0.000000E+00     3.225220E-02     1.000000E+00           
[2024/01/07 07:20:07]          395  alphaPorosity_395       c     0.000000E+00     3.219646E-02     1.000000E+00           
[2024/01/07 07:20:07]          396  alphaPorosity_396       c     0.000000E+00     3.214275E-02     1.000000E+00           
[2024/01/07 07:20:07]          397  alphaPorosity_397       c     0.000000E+00     3.209110E-02     1.000000E+00           
[2024/01/07 07:20:07]          398  alphaPorosity_398       c     0.000000E+00     3.204155E-02     1.000000E+00           
[2024/01/07 07:20:07]          399  alphaPorosity_399       c     0.000000E+00     3.199409E-02     1.000000E+00           
[2024/01/07 07:20:07]          400  alphaPorosity_400       c     0.000000E+00     3.194874E-02     1.000000E+00           
[2024/01/07 07:20:07]          401  alphaPorosity_401       c     0.000000E+00     3.190546E-02     1.000000E+00           
[2024/01/07 07:20:07]          402  alphaPorosity_402       c     0.000000E+00     3.186423E-02     1.000000E+00           
[2024/01/07 07:20:07]          403  alphaPorosity_403       c     0.000000E+00     3.182500E-02     1.000000E+00           
[2024/01/07 07:20:07]          404  alphaPorosity_404       c     0.000000E+00     3.261044E-02     1.000000E+00           
[2024/01/07 07:20:07]          405  alphaPorosity_405       c     0.000000E+00     3.254502E-02     1.000000E+00           
[2024/01/07 07:20:07]          406  alphaPorosity_406       c     0.000000E+00     3.248113E-02     1.000000E+00           
[2024/01/07 07:20:07]          407  alphaPorosity_407       c     0.000000E+00     3.241888E-02     1.000000E+00           
[2024/01/07 07:20:07]          408  alphaPorosity_408       c     0.000000E+00     3.235839E-02     1.000000E+00           
[2024/01/07 07:20:07]          409  alphaPorosity_409       c     0.000000E+00     3.229970E-02     1.000000E+00           
[2024/01/07 07:20:07]          410  alphaPorosity_410       c     0.000000E+00     3.224290E-02     1.000000E+00           
[2024/01/07 07:20:07]          411  alphaPorosity_411       c     0.000000E+00     3.218803E-02     1.000000E+00           
[2024/01/07 07:20:07]          412  alphaPorosity_412       c     0.000000E+00     3.213511E-02     1.000000E+00           
[2024/01/07 07:20:07]          413  alphaPorosity_413       c     0.000000E+00     3.208418E-02     1.000000E+00           
[2024/01/07 07:20:07]          414  alphaPorosity_414       c     0.000000E+00     3.203524E-02     1.000000E+00           
[2024/01/07 07:20:07]          415  alphaPorosity_415       c     0.000000E+00     3.198829E-02     1.000000E+00           
[2024/01/07 07:20:07]          416  alphaPorosity_416       c     0.000000E+00     3.194332E-02     1.000000E+00           
[2024/01/07 07:20:07]          417  alphaPorosity_417       c     0.000000E+00     3.190030E-02     1.000000E+00           
[2024/01/07 07:20:07]          418  alphaPorosity_418       c     0.000000E+00     3.185919E-02     1.000000E+00           
[2024/01/07 07:20:07]          419  alphaPorosity_419       c     0.000000E+00     3.181995E-02     1.000000E+00           
[2024/01/07 07:20:07]          420  alphaPorosity_420       c     0.000000E+00     3.259686E-02     1.000000E+00           
[2024/01/07 07:20:07]          421  alphaPorosity_421       c     0.000000E+00     3.253263E-02     1.000000E+00           
[2024/01/07 07:20:07]          422  alphaPorosity_422       c     0.000000E+00     3.246982E-02     1.000000E+00           
[2024/01/07 07:20:07]          423  alphaPorosity_423       c     0.000000E+00     3.240857E-02     1.000000E+00           
[2024/01/07 07:20:07]          424  alphaPorosity_424       c     0.000000E+00     3.234897E-02     1.000000E+00           
[2024/01/07 07:20:07]          425  alphaPorosity_425       c     0.000000E+00     3.229112E-02     1.000000E+00           
[2024/01/07 07:20:07]          426  alphaPorosity_426       c     0.000000E+00     3.223507E-02     1.000000E+00           
[2024/01/07 07:20:07]          427  alphaPorosity_427       c     0.000000E+00     3.218089E-02     1.000000E+00           
[2024/01/07 07:20:07]          428  alphaPorosity_428       c     0.000000E+00     3.212858E-02     1.000000E+00           
[2024/01/07 07:20:07]          429  alphaPorosity_429       c     0.000000E+00     3.207818E-02     1.000000E+00           
[2024/01/07 07:20:07]          430  alphaPorosity_430       c     0.000000E+00     3.202969E-02     1.000000E+00           
[2024/01/07 07:20:07]          431  alphaPorosity_431       c     0.000000E+00     3.198310E-02     1.000000E+00           
[2024/01/07 07:20:07]          432  alphaPorosity_432       c     0.000000E+00     3.193838E-02     1.000000E+00           
[2024/01/07 07:20:07]          433  alphaPorosity_433       c     0.000000E+00     3.189551E-02     1.000000E+00           
[2024/01/07 07:20:07]          434  alphaPorosity_434       c     0.000000E+00     3.185445E-02     1.000000E+00           
[2024/01/07 07:20:07]          435  alphaPorosity_435       c     0.000000E+00     3.181514E-02     1.000000E+00           
[2024/01/07 07:20:07]          436  alphaPorosity_436       c     0.000000E+00     3.258484E-02     1.000000E+00           
[2024/01/07 07:20:07]          437  alphaPorosity_437       c     0.000000E+00     3.252163E-02     1.000000E+00           
[2024/01/07 07:20:07]          438  alphaPorosity_438       c     0.000000E+00     3.245975E-02     1.000000E+00           
[2024/01/07 07:20:07]          439  alphaPorosity_439       c     0.000000E+00     3.239933E-02     1.000000E+00           
[2024/01/07 07:20:07]          440  alphaPorosity_440       c     0.000000E+00     3.234049E-02     1.000000E+00           
[2024/01/07 07:20:07]          441  alphaPorosity_441       c     0.000000E+00     3.228333E-02     1.000000E+00           
[2024/01/07 07:20:07]          442  alphaPorosity_442       c     0.000000E+00     3.222791E-02     1.000000E+00           
[2024/01/07 07:20:07]          443  alphaPorosity_443       c     0.000000E+00     3.217427E-02     1.000000E+00           
[2024/01/07 07:20:07]          444  alphaPorosity_444       c     0.000000E+00     3.212246E-02     1.000000E+00           
[2024/01/07 07:20:07]          445  alphaPorosity_445       c     0.000000E+00     3.207248E-02     1.000000E+00           
[2024/01/07 07:20:07]          446  alphaPorosity_446       c     0.000000E+00     3.202434E-02     1.000000E+00           
[2024/01/07 07:20:07]          447  alphaPorosity_447       c     0.000000E+00     3.197801E-02     1.000000E+00           
[2024/01/07 07:20:07]          448  alphaPorosity_448       c     0.000000E+00     3.193349E-02     1.000000E+00           
[2024/01/07 07:20:07]          449  alphaPorosity_449       c     0.000000E+00     3.189073E-02     1.000000E+00           
[2024/01/07 07:20:07]          450  alphaPorosity_450       c     0.000000E+00     3.184969E-02     1.000000E+00           
[2024/01/07 07:20:07]          451  alphaPorosity_451       c     0.000000E+00     3.181032E-02     1.000000E+00           
[2024/01/07 07:20:07]          452  alphaPorosity_452       c     0.000000E+00     3.256643E-02     1.000000E+00           
[2024/01/07 07:20:07]          453  alphaPorosity_453       c     0.000000E+00     3.250432E-02     1.000000E+00           
[2024/01/07 07:20:07]          454  alphaPorosity_454       c     0.000000E+00     3.244344E-02     1.000000E+00           
[2024/01/07 07:20:07]          455  alphaPorosity_455       c     0.000000E+00     3.238396E-02     1.000000E+00           
[2024/01/07 07:20:07]          456  alphaPorosity_456       c     0.000000E+00     3.232600E-02     1.000000E+00           
[2024/01/07 07:20:07]          457  alphaPorosity_457       c     0.000000E+00     3.226965E-02     1.000000E+00           
[2024/01/07 07:20:07]          458  alphaPorosity_458       c     0.000000E+00     3.221498E-02     1.000000E+00           
[2024/01/07 07:20:07]          459  alphaPorosity_459       c     0.000000E+00     3.216204E-02     1.000000E+00           
[2024/01/07 07:20:07]          460  alphaPorosity_460       c     0.000000E+00     3.211087E-02     1.000000E+00           
[2024/01/07 07:20:07]          461  alphaPorosity_461       c     0.000000E+00     3.206146E-02     1.000000E+00           
[2024/01/07 07:20:07]          462  alphaPorosity_462       c     0.000000E+00     3.201383E-02     1.000000E+00           
[2024/01/07 07:20:07]          463  alphaPorosity_463       c     0.000000E+00     3.196796E-02     1.000000E+00           
[2024/01/07 07:20:07]          464  alphaPorosity_464       c     0.000000E+00     3.192382E-02     1.000000E+00           
[2024/01/07 07:20:07]          465  alphaPorosity_465       c     0.000000E+00     3.188138E-02     1.000000E+00           
[2024/01/07 07:20:07]          466  alphaPorosity_466       c     0.000000E+00     3.184059E-02     1.000000E+00           
[2024/01/07 07:20:07]          467  alphaPorosity_467       c     0.000000E+00     3.180139E-02     1.000000E+00           
[2024/01/07 07:20:07]          468  alphaPorosity_468       c     0.000000E+00     3.248104E-02     1.000000E+00           
[2024/01/07 07:20:07]          469  alphaPorosity_469       c     0.000000E+00     3.242236E-02     1.000000E+00           
[2024/01/07 07:20:07]          470  alphaPorosity_470       c     0.000000E+00     3.236484E-02     1.000000E+00           
[2024/01/07 07:20:07]          471  alphaPorosity_471       c     0.000000E+00     3.230862E-02     1.000000E+00           
[2024/01/07 07:20:07]          472  alphaPorosity_472       c     0.000000E+00     3.225383E-02     1.000000E+00           
[2024/01/07 07:20:07]          473  alphaPorosity_473       c     0.000000E+00     3.220055E-02     1.000000E+00           
[2024/01/07 07:20:07]          474  alphaPorosity_474       c     0.000000E+00     3.214887E-02     1.000000E+00           
[2024/01/07 07:20:07]          475  alphaPorosity_475       c     0.000000E+00     3.209881E-02     1.000000E+00           
[2024/01/07 07:20:07]          476  alphaPorosity_476       c     0.000000E+00     3.205041E-02     1.000000E+00           
[2024/01/07 07:20:07]          477  alphaPorosity_477       c     0.000000E+00     3.200368E-02     1.000000E+00           
[2024/01/07 07:20:07]          478  alphaPorosity_478       c     0.000000E+00     3.195862E-02     1.000000E+00           
[2024/01/07 07:20:07]          479  alphaPorosity_479       c     0.000000E+00     3.191520E-02     1.000000E+00           
[2024/01/07 07:20:07]          480  alphaPorosity_480       c     0.000000E+00     3.187341E-02     1.000000E+00           
[2024/01/07 07:20:07]          481  alphaPorosity_481       c     0.000000E+00     3.183321E-02     1.000000E+00           
[2024/01/07 07:20:07]          482  alphaPorosity_482       c     0.000000E+00     3.179454E-02     1.000000E+00           
[2024/01/07 07:20:07]          483  alphaPorosity_483       c     0.000000E+00     3.175737E-02     1.000000E+00           
[2024/01/07 07:20:07]          484  alphaPorosity_484       c     0.000000E+00     3.193437E-02     1.000000E+00           
[2024/01/07 07:20:07]          485  alphaPorosity_485       c     0.000000E+00     3.189774E-02     1.000000E+00           
[2024/01/07 07:20:07]          486  alphaPorosity_486       c     0.000000E+00     3.186186E-02     1.000000E+00           
[2024/01/07 07:20:07]          487  alphaPorosity_487       c     0.000000E+00     3.182682E-02     1.000000E+00           
[2024/01/07 07:20:07]          488  alphaPorosity_488       c     0.000000E+00     3.179270E-02     1.000000E+00           
[2024/01/07 07:20:07]          489  alphaPorosity_489       c     0.000000E+00     3.175955E-02     1.000000E+00           
[2024/01/07 07:20:07]          490  alphaPorosity_490       c     0.000000E+00     3.172742E-02     1.000000E+00           
[2024/01/07 07:20:07]          491  alphaPorosity_491       c     0.000000E+00     3.169632E-02     1.000000E+00           
[2024/01/07 07:20:07]          492  alphaPorosity_492       c     0.000000E+00     3.166628E-02     1.000000E+00           
[2024/01/07 07:20:07]          493  alphaPorosity_493       c     0.000000E+00     3.163730E-02     1.000000E+00           
[2024/01/07 07:20:07]          494  alphaPorosity_494       c     0.000000E+00     3.160937E-02     1.000000E+00           
[2024/01/07 07:20:07]          495  alphaPorosity_495       c     0.000000E+00     3.158248E-02     1.000000E+00           
[2024/01/07 07:20:07]          496  alphaPorosity_496       c     0.000000E+00     3.155661E-02     1.000000E+00           
[2024/01/07 07:20:07]          497  alphaPorosity_497       c     0.000000E+00     3.153173E-02     1.000000E+00           
[2024/01/07 07:20:07]          498  alphaPorosity_498       c     0.000000E+00     3.150783E-02     1.000000E+00           
[2024/01/07 07:20:07]          499  alphaPorosity_499       c     0.000000E+00     3.148485E-02     1.000000E+00           
[2024/01/07 07:20:07]          500  alphaPorosity_500       c     0.000000E+00     1.550005E-04     1.000000E+00           
[2024/01/07 07:20:07]          501  alphaPorosity_501       c     0.000000E+00     1.537365E-04     1.000000E+00           
[2024/01/07 07:20:07]          502  alphaPorosity_502       c     0.000000E+00     1.524684E-04     1.000000E+00           
[2024/01/07 07:20:07]          503  alphaPorosity_503       c     0.000000E+00     1.512705E-04     1.000000E+00           
[2024/01/07 07:20:07]          504  alphaPorosity_504       c     0.000000E+00     1.500632E-04     1.000000E+00           
[2024/01/07 07:20:07]          505  alphaPorosity_505       c     0.000000E+00     1.488716E-04     1.000000E+00           
[2024/01/07 07:20:07]          506  alphaPorosity_506       c     0.000000E+00     1.476806E-04     1.000000E+00           
[2024/01/07 07:20:07]          507  alphaPorosity_507       c     0.000000E+00     1.464829E-04     1.000000E+00           
[2024/01/07 07:20:07]          508  alphaPorosity_508       c     0.000000E+00     1.452700E-04     1.000000E+00           
[2024/01/07 07:20:07]          509  alphaPorosity_509       c     0.000000E+00     1.440337E-04     1.000000E+00           
[2024/01/07 07:20:07]          510  alphaPorosity_510       c     0.000000E+00     1.427652E-04     1.000000E+00           
[2024/01/07 07:20:07]          511  alphaPorosity_511       c     0.000000E+00     1.414561E-04     1.000000E+00           
[2024/01/07 07:20:07]          512  alphaPorosity_512       c     0.000000E+00     1.400975E-04     1.000000E+00           
[2024/01/07 07:20:07]          513  alphaPorosity_513       c     0.000000E+00     1.386806E-04     1.000000E+00           
[2024/01/07 07:20:07]          514  alphaPorosity_514       c     0.000000E+00     1.371967E-04     1.000000E+00           
[2024/01/07 07:20:07]          515  alphaPorosity_515       c     0.000000E+00     1.356369E-04     1.000000E+00           
[2024/01/07 07:20:07]          516  alphaPorosity_516       c     0.000000E+00     1.539743E-04     1.000000E+00           
[2024/01/07 07:20:07]          517  alphaPorosity_517       c     0.000000E+00     1.527283E-04     1.000000E+00           
[2024/01/07 07:20:07]          518  alphaPorosity_518       c     0.000000E+00     1.515270E-04     1.000000E+00           
[2024/01/07 07:20:07]          519  alphaPorosity_519       c     0.000000E+00     1.503172E-04     1.000000E+00           
[2024/01/07 07:20:07]          520  alphaPorosity_520       c     0.000000E+00     1.491647E-04     1.000000E+00           
[2024/01/07 07:20:07]          521  alphaPorosity_521       c     0.000000E+00     1.480013E-04     1.000000E+00           
[2024/01/07 07:20:07]          522  alphaPorosity_522       c     0.000000E+00     1.468464E-04     1.000000E+00           
[2024/01/07 07:20:07]          523  alphaPorosity_523       c     0.000000E+00     1.456849E-04     1.000000E+00           
[2024/01/07 07:20:07]          524  alphaPorosity_524       c     0.000000E+00     1.445100E-04     1.000000E+00           
[2024/01/07 07:20:07]          525  alphaPorosity_525       c     0.000000E+00     1.433131E-04     1.000000E+00           
[2024/01/07 07:20:07]          526  alphaPorosity_526       c     0.000000E+00     1.420860E-04     1.000000E+00           
[2024/01/07 07:20:07]          527  alphaPorosity_527       c     0.000000E+00     1.408200E-04     1.000000E+00           
[2024/01/07 07:20:07]          528  alphaPorosity_528       c     0.000000E+00     1.395067E-04     1.000000E+00           
[2024/01/07 07:20:07]          529  alphaPorosity_529       c     0.000000E+00     1.381373E-04     1.000000E+00           
[2024/01/07 07:20:07]          530  alphaPorosity_530       c     0.000000E+00     1.367030E-04     1.000000E+00           
[2024/01/07 07:20:07]          531  alphaPorosity_531       c     0.000000E+00     1.351946E-04     1.000000E+00           
[2024/01/07 07:20:07]          532  alphaPorosity_532       c     0.000000E+00     1.519505E-04     1.000000E+00           
[2024/01/07 07:20:07]          533  alphaPorosity_533       c     0.000000E+00     1.507619E-04     1.000000E+00           
[2024/01/07 07:20:07]          534  alphaPorosity_534       c     0.000000E+00     1.496179E-04     1.000000E+00           
[2024/01/07 07:20:07]          535  alphaPorosity_535       c     0.000000E+00     1.484742E-04     1.000000E+00           
[2024/01/07 07:20:07]          536  alphaPorosity_536       c     0.000000E+00     1.473833E-04     1.000000E+00           
[2024/01/07 07:20:07]          537  alphaPorosity_537       c     0.000000E+00     1.462863E-04     1.000000E+00           
[2024/01/07 07:20:07]          538  alphaPorosity_538       c     0.000000E+00     1.451992E-04     1.000000E+00           
[2024/01/07 07:20:07]          539  alphaPorosity_539       c     0.000000E+00     1.441098E-04     1.000000E+00           
[2024/01/07 07:20:07]          540  alphaPorosity_540       c     0.000000E+00     1.430096E-04     1.000000E+00           
[2024/01/07 07:20:07]          541  alphaPorosity_541       c     0.000000E+00     1.418909E-04     1.000000E+00           
[2024/01/07 07:20:07]          542  alphaPorosity_542       c     0.000000E+00     1.407454E-04     1.000000E+00           
[2024/01/07 07:20:07]          543  alphaPorosity_543       c     0.000000E+00     1.395649E-04     1.000000E+00           
[2024/01/07 07:20:07]          544  alphaPorosity_544       c     0.000000E+00     1.383410E-04     1.000000E+00           
[2024/01/07 07:20:07]          545  alphaPorosity_545       c     0.000000E+00     1.370652E-04     1.000000E+00           
[2024/01/07 07:20:07]          546  alphaPorosity_546       c     0.000000E+00     1.357278E-04     1.000000E+00           
[2024/01/07 07:20:07]          547  alphaPorosity_547       c     0.000000E+00     1.343207E-04     1.000000E+00           
[2024/01/07 07:20:07]          548  alphaPorosity_548       c     0.000000E+00     1.490089E-04     1.000000E+00           
[2024/01/07 07:20:07]          549  alphaPorosity_549       c     0.000000E+00     1.479171E-04     1.000000E+00           
[2024/01/07 07:20:07]          550  alphaPorosity_550       c     0.000000E+00     1.468629E-04     1.000000E+00           
[2024/01/07 07:20:07]          551  alphaPorosity_551       c     0.000000E+00     1.458422E-04     1.000000E+00           
[2024/01/07 07:20:07]          552  alphaPorosity_552       c     0.000000E+00     1.448299E-04     1.000000E+00           
[2024/01/07 07:20:07]          553  alphaPorosity_553       c     0.000000E+00     1.438507E-04     1.000000E+00           
[2024/01/07 07:20:07]          554  alphaPorosity_554       c     0.000000E+00     1.428716E-04     1.000000E+00           
[2024/01/07 07:20:07]          555  alphaPorosity_555       c     0.000000E+00     1.418937E-04     1.000000E+00           
[2024/01/07 07:20:07]          556  alphaPorosity_556       c     0.000000E+00     1.409091E-04     1.000000E+00           
[2024/01/07 07:20:07]          557  alphaPorosity_557       c     0.000000E+00     1.399101E-04     1.000000E+00           
[2024/01/07 07:20:07]          558  alphaPorosity_558       c     0.000000E+00     1.388890E-04     1.000000E+00           
[2024/01/07 07:20:07]          559  alphaPorosity_559       c     0.000000E+00     1.378380E-04     1.000000E+00           
[2024/01/07 07:20:07]          560  alphaPorosity_560       c     0.000000E+00     1.367489E-04     1.000000E+00           
[2024/01/07 07:20:07]          561  alphaPorosity_561       c     0.000000E+00     1.356133E-04     1.000000E+00           
[2024/01/07 07:20:07]          562  alphaPorosity_562       c     0.000000E+00     1.344234E-04     1.000000E+00           
[2024/01/07 07:20:07]          563  alphaPorosity_563       c     0.000000E+00     1.331699E-04     1.000000E+00           
[2024/01/07 07:20:07]          564  alphaPorosity_564       c     0.000000E+00     1.453993E-04     1.000000E+00           
[2024/01/07 07:20:07]          565  alphaPorosity_565       c     0.000000E+00     1.444389E-04     1.000000E+00           
[2024/01/07 07:20:07]          566  alphaPorosity_566       c     0.000000E+00     1.435166E-04     1.000000E+00           
[2024/01/07 07:20:07]          567  alphaPorosity_567       c     0.000000E+00     1.426271E-04     1.000000E+00           
[2024/01/07 07:20:07]          568  alphaPorosity_568       c     0.000000E+00     1.417655E-04     1.000000E+00           
[2024/01/07 07:20:07]          569  alphaPorosity_569       c     0.000000E+00     1.409184E-04     1.000000E+00           
[2024/01/07 07:20:07]          570  alphaPorosity_570       c     0.000000E+00     1.400905E-04     1.000000E+00           
[2024/01/07 07:20:07]          571  alphaPorosity_571       c     0.000000E+00     1.392674E-04     1.000000E+00           
[2024/01/07 07:20:07]          572  alphaPorosity_572       c     0.000000E+00     1.384460E-04     1.000000E+00           
[2024/01/07 07:20:07]          573  alphaPorosity_573       c     0.000000E+00     1.376174E-04     1.000000E+00           
[2024/01/07 07:20:07]          574  alphaPorosity_574       c     0.000000E+00     1.367755E-04     1.000000E+00           
[2024/01/07 07:20:07]          575  alphaPorosity_575       c     0.000000E+00     1.359121E-04     1.000000E+00           
[2024/01/07 07:20:07]          576  alphaPorosity_576       c     0.000000E+00     1.350189E-04     1.000000E+00           
[2024/01/07 07:20:07]          577  alphaPorosity_577       c     0.000000E+00     1.340871E-04     1.000000E+00           
[2024/01/07 07:20:07]          578  alphaPorosity_578       c     0.000000E+00     1.331074E-04     1.000000E+00           
[2024/01/07 07:20:07]          579  alphaPorosity_579       c     0.000000E+00     1.320707E-04     1.000000E+00           
[2024/01/07 07:20:07]          580  alphaPorosity_580       c     0.000000E+00     1.414450E-04     1.000000E+00           
[2024/01/07 07:20:07]          581  alphaPorosity_581       c     0.000000E+00     1.406746E-04     1.000000E+00           
[2024/01/07 07:20:07]          582  alphaPorosity_582       c     0.000000E+00     1.399531E-04     1.000000E+00           
[2024/01/07 07:20:07]          583  alphaPorosity_583       c     0.000000E+00     1.392673E-04     1.000000E+00           
[2024/01/07 07:20:07]          584  alphaPorosity_584       c     0.000000E+00     1.386088E-04     1.000000E+00           
[2024/01/07 07:20:07]          585  alphaPorosity_585       c     0.000000E+00     1.379689E-04     1.000000E+00           
[2024/01/07 07:20:07]          586  alphaPorosity_586       c     0.000000E+00     1.373468E-04     1.000000E+00           
[2024/01/07 07:20:07]          587  alphaPorosity_587       c     0.000000E+00     1.367265E-04     1.000000E+00           
[2024/01/07 07:20:07]          588  alphaPorosity_588       c     0.000000E+00     1.361112E-04     1.000000E+00           
[2024/01/07 07:20:07]          589  alphaPorosity_589       c     0.000000E+00     1.354913E-04     1.000000E+00           
[2024/01/07 07:20:07]          590  alphaPorosity_590       c     0.000000E+00     1.348614E-04     1.000000E+00           
[2024/01/07 07:20:07]          591  alphaPorosity_591       c     0.000000E+00     1.342149E-04     1.000000E+00           
[2024/01/07 07:20:07]          592  alphaPorosity_592       c     0.000000E+00     1.335455E-04     1.000000E+00           
[2024/01/07 07:20:07]          593  alphaPorosity_593       c     0.000000E+00     1.328456E-04     1.000000E+00           
[2024/01/07 07:20:07]          594  alphaPorosity_594       c     0.000000E+00     1.321076E-04     1.000000E+00           
[2024/01/07 07:20:07]          595  alphaPorosity_595       c     0.000000E+00     1.313227E-04     1.000000E+00           
[2024/01/07 07:20:07]          596  alphaPorosity_596       c     0.000000E+00     1.379935E-04     1.000000E+00           
[2024/01/07 07:20:07]          597  alphaPorosity_597       c     0.000000E+00     1.374005E-04     1.000000E+00           
[2024/01/07 07:20:07]          598  alphaPorosity_598       c     0.000000E+00     1.368516E-04     1.000000E+00           
[2024/01/07 07:20:07]          599  alphaPorosity_599       c     0.000000E+00     1.363419E-04     1.000000E+00           
[2024/01/07 07:20:07]          600  alphaPorosity_600       c     0.000000E+00     1.358638E-04     1.000000E+00           
[2024/01/07 07:20:07]          601  alphaPorosity_601       c     0.000000E+00     1.354130E-04     1.000000E+00           
[2024/01/07 07:20:07]          602  alphaPorosity_602       c     0.000000E+00     1.349884E-04     1.000000E+00           
[2024/01/07 07:20:07]          603  alphaPorosity_603       c     0.000000E+00     1.345817E-04     1.000000E+00           
[2024/01/07 07:20:07]          604  alphaPorosity_604       c     0.000000E+00     1.341871E-04     1.000000E+00           
[2024/01/07 07:20:07]          605  alphaPorosity_605       c     0.000000E+00     1.338024E-04     1.000000E+00           
[2024/01/07 07:20:07]          606  alphaPorosity_606       c     0.000000E+00     1.334195E-04     1.000000E+00           
[2024/01/07 07:20:07]          607  alphaPorosity_607       c     0.000000E+00     1.330324E-04     1.000000E+00           
[2024/01/07 07:20:07]          608  alphaPorosity_608       c     0.000000E+00     1.326348E-04     1.000000E+00           
[2024/01/07 07:20:07]          609  alphaPorosity_609       c     0.000000E+00     1.322200E-04     1.000000E+00           
[2024/01/07 07:20:07]          610  alphaPorosity_610       c     0.000000E+00     1.317809E-04     1.000000E+00           
[2024/01/07 07:20:07]          611  alphaPorosity_611       c     0.000000E+00     1.313095E-04     1.000000E+00           
[2024/01/07 07:20:07]          612  alphaPorosity_612       c     0.000000E+00     1.359688E-04     1.000000E+00           
[2024/01/07 07:20:07]          613  alphaPorosity_613       c     0.000000E+00     1.355745E-04     1.000000E+00           
[2024/01/07 07:20:07]          614  alphaPorosity_614       c     0.000000E+00     1.352180E-04     1.000000E+00           
[2024/01/07 07:20:07]          615  alphaPorosity_615       c     0.000000E+00     1.349042E-04     1.000000E+00           
[2024/01/07 07:20:07]          616  alphaPorosity_616       c     0.000000E+00     1.346185E-04     1.000000E+00           
[2024/01/07 07:20:07]          617  alphaPorosity_617       c     0.000000E+00     1.343616E-04     1.000000E+00           
[2024/01/07 07:20:07]          618  alphaPorosity_618       c     0.000000E+00     1.341456E-04     1.000000E+00           
[2024/01/07 07:20:07]          619  alphaPorosity_619       c     0.000000E+00     1.339248E-04     1.000000E+00           
[2024/01/07 07:20:07]          620  alphaPorosity_620       c     0.000000E+00     1.337544E-04     1.000000E+00           
[2024/01/07 07:20:07]          621  alphaPorosity_621       c     0.000000E+00     1.335847E-04     1.000000E+00           
[2024/01/07 07:20:07]          622  alphaPorosity_622       c     0.000000E+00     1.334310E-04     1.000000E+00           
[2024/01/07 07:20:07]          623  alphaPorosity_623       c     0.000000E+00     1.332846E-04     1.000000E+00           
[2024/01/07 07:20:07]          624  alphaPorosity_624       c     0.000000E+00     1.331427E-04     1.000000E+00           
[2024/01/07 07:20:07]          625  alphaPorosity_625       c     0.000000E+00     1.330008E-04     1.000000E+00           
[2024/01/07 07:20:07]          626  alphaPorosity_626       c     0.000000E+00     1.328541E-04     1.000000E+00           
[2024/01/07 07:20:07]          627  alphaPorosity_627       c     0.000000E+00     1.326968E-04     1.000000E+00           
[2024/01/07 07:20:07]          628  alphaPorosity_628       c     0.000000E+00     1.388476E-04     1.000000E+00           
[2024/01/07 07:20:07]          629  alphaPorosity_629       c     0.000000E+00     1.386767E-04     1.000000E+00           
[2024/01/07 07:20:07]          630  alphaPorosity_630       c     0.000000E+00     1.385369E-04     1.000000E+00           
[2024/01/07 07:20:07]          631  alphaPorosity_631       c     0.000000E+00     1.384441E-04     1.000000E+00           
[2024/01/07 07:20:07]          632  alphaPorosity_632       c     0.000000E+00     1.383148E-04     1.000000E+00           
[2024/01/07 07:20:07]          633  alphaPorosity_633       c     0.000000E+00     1.382810E-04     1.000000E+00           
[2024/01/07 07:20:07]          634  alphaPorosity_634       c     0.000000E+00     1.382324E-04     1.000000E+00           
[2024/01/07 07:20:07]          635  alphaPorosity_635       c     0.000000E+00     1.382119E-04     1.000000E+00           
[2024/01/07 07:20:07]          636  alphaPorosity_636       c     0.000000E+00     1.382060E-04     1.000000E+00           
[2024/01/07 07:20:07]          637  alphaPorosity_637       c     0.000000E+00     1.382129E-04     1.000000E+00           
[2024/01/07 07:20:07]          638  alphaPorosity_638       c     0.000000E+00     1.382336E-04     1.000000E+00           
[2024/01/07 07:20:07]          639  alphaPorosity_639       c     0.000000E+00     1.382664E-04     1.000000E+00           
[2024/01/07 07:20:07]          640  alphaPorosity_640       c     0.000000E+00     1.383102E-04     1.000000E+00           
[2024/01/07 07:20:07]          641  alphaPorosity_641       c     0.000000E+00     1.383642E-04     1.000000E+00           
[2024/01/07 07:20:07]          642  alphaPorosity_642       c     0.000000E+00     1.384275E-04     1.000000E+00           
[2024/01/07 07:20:07]          643  alphaPorosity_643       c     0.000000E+00     1.384988E-04     1.000000E+00           
[2024/01/07 07:20:07]          644  alphaPorosity_644       c     0.000000E+00     1.543577E-04     1.000000E+00           
[2024/01/07 07:20:07]          645  alphaPorosity_645       c     0.000000E+00     1.545933E-04     1.000000E+00           
[2024/01/07 07:20:07]          646  alphaPorosity_646       c     0.000000E+00     1.549372E-04     1.000000E+00           
[2024/01/07 07:20:07]          647  alphaPorosity_647       c     0.000000E+00     1.552337E-04     1.000000E+00           
[2024/01/07 07:20:07]          648  alphaPorosity_648       c     0.000000E+00     1.555486E-04     1.000000E+00           
[2024/01/07 07:20:07]          649  alphaPorosity_649       c     0.000000E+00     1.558533E-04     1.000000E+00           
[2024/01/07 07:20:07]          650  alphaPorosity_650       c     0.000000E+00     1.561411E-04     1.000000E+00           
[2024/01/07 07:20:07]          651  alphaPorosity_651       c     0.000000E+00     1.564200E-04     1.000000E+00           
[2024/01/07 07:20:07]          652  alphaPorosity_652       c     0.000000E+00     1.566885E-04     1.000000E+00           
[2024/01/07 07:20:07]          653  alphaPorosity_653       c     0.000000E+00     1.569439E-04     1.000000E+00           
[2024/01/07 07:20:07]          654  alphaPorosity_654       c     0.000000E+00     1.571849E-04     1.000000E+00           
[2024/01/07 07:20:07]          655  alphaPorosity_655       c     0.000000E+00     1.574101E-04     1.000000E+00           
[2024/01/07 07:20:07]          656  alphaPorosity_656       c     0.000000E+00     1.576180E-04     1.000000E+00           
[2024/01/07 07:20:07]          657  alphaPorosity_657       c     0.000000E+00     1.578073E-04     1.000000E+00           
[2024/01/07 07:20:07]          658  alphaPorosity_658       c     0.000000E+00     1.579761E-04     1.000000E+00           
[2024/01/07 07:20:07]          659  alphaPorosity_659       c     0.000000E+00     1.581224E-04     1.000000E+00           
[2024/01/07 07:20:07]          660  alphaPorosity_660       c     0.000000E+00     2.013056E-04     1.000000E+00           
[2024/01/07 07:20:07]          661  alphaPorosity_661       c     0.000000E+00     2.030471E-04     1.000000E+00           
[2024/01/07 07:20:07]          662  alphaPorosity_662       c     0.000000E+00     2.047488E-04     1.000000E+00           
[2024/01/07 07:20:07]          663  alphaPorosity_663       c     0.000000E+00     2.063976E-04     1.000000E+00           
[2024/01/07 07:20:07]          664  alphaPorosity_664       c     0.000000E+00     2.080632E-04     1.000000E+00           
[2024/01/07 07:20:07]          665  alphaPorosity_665       c     0.000000E+00     2.095875E-04     1.000000E+00           
[2024/01/07 07:20:07]          666  alphaPorosity_666       c     0.000000E+00     2.112424E-04     1.000000E+00           
[2024/01/07 07:20:07]          667  alphaPorosity_667       c     0.000000E+00     2.128286E-04     1.000000E+00           
[2024/01/07 07:20:07]          668  alphaPorosity_668       c     0.000000E+00     2.144467E-04     1.000000E+00           
[2024/01/07 07:20:07]          669  alphaPorosity_669       c     0.000000E+00     2.160911E-04     1.000000E+00           
[2024/01/07 07:20:07]          670  alphaPorosity_670       c     0.000000E+00     2.177744E-04     1.000000E+00           
[2024/01/07 07:20:07]          671  alphaPorosity_671       c     0.000000E+00     2.195163E-04     1.000000E+00           
[2024/01/07 07:20:07]          672  alphaPorosity_672       c     0.000000E+00     2.213390E-04     1.000000E+00           
[2024/01/07 07:20:07]          673  alphaPorosity_673       c     0.000000E+00     2.232699E-04     1.000000E+00           
[2024/01/07 07:20:07]          674  alphaPorosity_674       c     0.000000E+00     2.253423E-04     1.000000E+00           
[2024/01/07 07:20:07]          675  alphaPorosity_675       c     0.000000E+00     2.275977E-04     1.000000E+00           
[2024/01/07 07:20:07]          676  alphaPorosity_676       c     0.000000E+00     3.370629E-04     1.000000E+00           
[2024/01/07 07:20:07]          677  alphaPorosity_677       c     0.000000E+00     3.436952E-04     1.000000E+00           
[2024/01/07 07:20:07]          678  alphaPorosity_678       c     0.000000E+00     3.503415E-04     1.000000E+00           
[2024/01/07 07:20:07]          679  alphaPorosity_679       c     0.000000E+00     3.573943E-04     1.000000E+00           
[2024/01/07 07:20:07]          680  alphaPorosity_680       c     0.000000E+00     3.637789E-04     1.000000E+00           
[2024/01/07 07:20:07]          681  alphaPorosity_681       c     0.000000E+00     3.704154E-04     1.000000E+00           
[2024/01/07 07:20:07]          682  alphaPorosity_682       c     0.000000E+00     3.769772E-04     1.000000E+00           
[2024/01/07 07:20:07]          683  alphaPorosity_683       c     0.000000E+00     3.839494E-04     1.000000E+00           
[2024/01/07 07:20:07]          684  alphaPorosity_684       c     0.000000E+00     3.908908E-04     1.000000E+00           
[2024/01/07 07:20:07]          685  alphaPorosity_685       c     0.000000E+00     3.983238E-04     1.000000E+00           
[2024/01/07 07:20:07]          686  alphaPorosity_686       c     0.000000E+00     4.061726E-04     1.000000E+00           
[2024/01/07 07:20:07]          687  alphaPorosity_687       c     0.000000E+00     4.145766E-04     1.000000E+00           
[2024/01/07 07:20:07]          688  alphaPorosity_688       c     0.000000E+00     4.236697E-04     1.000000E+00           
[2024/01/07 07:20:07]          689  alphaPorosity_689       c     0.000000E+00     4.336101E-04     1.000000E+00           
[2024/01/07 07:20:07]          690  alphaPorosity_690       c     0.000000E+00     4.445890E-04     1.000000E+00           
[2024/01/07 07:20:07]          691  alphaPorosity_691       c     0.000000E+00     4.568397E-04     1.000000E+00           
[2024/01/07 07:20:07]          692  alphaPorosity_692       c     0.000000E+00     8.201687E-04     1.000000E+00           
[2024/01/07 07:20:07]          693  alphaPorosity_693       c     0.000000E+00     8.453136E-04     1.000000E+00           
[2024/01/07 07:20:07]          694  alphaPorosity_694       c     0.000000E+00     8.704141E-04     1.000000E+00           
[2024/01/07 07:20:07]          695  alphaPorosity_695       c     0.000000E+00     8.918152E-04     1.000000E+00           
[2024/01/07 07:20:07]          696  alphaPorosity_696       c     0.000000E+00     9.202706E-04     1.000000E+00           
[2024/01/07 07:20:07]          697  alphaPorosity_697       c     0.000000E+00     9.489829E-04     1.000000E+00           
[2024/01/07 07:20:07]          698  alphaPorosity_698       c     0.000000E+00     9.797671E-04     1.000000E+00           
[2024/01/07 07:20:07]          699  alphaPorosity_699       c     0.000000E+00     1.012938E-03     1.000000E+00           
[2024/01/07 07:20:07]          700  alphaPorosity_700       c     0.000000E+00     1.048924E-03     1.000000E+00           
[2024/01/07 07:20:07]          701  alphaPorosity_701       c     0.000000E+00     1.086893E-03     1.000000E+00           
[2024/01/07 07:20:07]          702  alphaPorosity_702       c     0.000000E+00     1.129079E-03     1.000000E+00           
[2024/01/07 07:20:07]          703  alphaPorosity_703       c     0.000000E+00     1.175689E-03     1.000000E+00           
[2024/01/07 07:20:07]          704  alphaPorosity_704       c     0.000000E+00     1.228067E-03     1.000000E+00           
[2024/01/07 07:20:07]          705  alphaPorosity_705       c     0.000000E+00     1.287756E-03     1.000000E+00           
[2024/01/07 07:20:07]          706  alphaPorosity_706       c     0.000000E+00     1.356819E-03     1.000000E+00           
[2024/01/07 07:20:07]          707  alphaPorosity_707       c     0.000000E+00     1.438081E-03     1.000000E+00           
[2024/01/07 07:20:07]          708  alphaPorosity_708       c     0.000000E+00     3.800266E-03     1.000000E+00           
[2024/01/07 07:20:07]          709  alphaPorosity_709       c     0.000000E+00     4.043472E-03     1.000000E+00           
[2024/01/07 07:20:07]          710  alphaPorosity_710       c     0.000000E+00     4.302992E-03     1.000000E+00           
[2024/01/07 07:20:07]          711  alphaPorosity_711       c     0.000000E+00     4.611044E-03     1.000000E+00           
[2024/01/07 07:20:07]          712  alphaPorosity_712       c     0.000000E+00     4.906805E-03     1.000000E+00           
[2024/01/07 07:20:07]          713  alphaPorosity_713       c     0.000000E+00     5.226297E-03     1.000000E+00           
[2024/01/07 07:20:07]          714  alphaPorosity_714       c     0.000000E+00     5.567574E-03     1.000000E+00           
[2024/01/07 07:20:07]          715  alphaPorosity_715       c     0.000000E+00     5.941732E-03     1.000000E+00           
[2024/01/07 07:20:07]          716  alphaPorosity_716       c     0.000000E+00     6.361725E-03     1.000000E+00           
[2024/01/07 07:20:07]          717  alphaPorosity_717       c     0.000000E+00     6.823377E-03     1.000000E+00           
[2024/01/07 07:20:07]          718  alphaPorosity_718       c     0.000000E+00     7.354882E-03     1.000000E+00           
[2024/01/07 07:20:07]          719  alphaPorosity_719       c     0.000000E+00     7.963737E-03     1.000000E+00           
[2024/01/07 07:20:07]          720  alphaPorosity_720       c     0.000000E+00     8.669772E-03     1.000000E+00           
[2024/01/07 07:20:07]          721  alphaPorosity_721       c     0.000000E+00     9.494754E-03     1.000000E+00           
[2024/01/07 07:20:07]          722  alphaPorosity_722       c     0.000000E+00     1.046382E-02     1.000000E+00           
[2024/01/07 07:20:07]          723  alphaPorosity_723       c     0.000000E+00     1.160806E-02     1.000000E+00           
[2024/01/07 07:20:07]          724  alphaPorosity_724       c     0.000000E+00     2.566892E-02     1.000000E+00           
[2024/01/07 07:20:07]          725  alphaPorosity_725       c     0.000000E+00     2.610066E-02     1.000000E+00           
[2024/01/07 07:20:07]          726  alphaPorosity_726       c     0.000000E+00     2.649745E-02     1.000000E+00           
[2024/01/07 07:20:07]          727  alphaPorosity_727       c     0.000000E+00     2.686319E-02     1.000000E+00           
[2024/01/07 07:20:07]          728  alphaPorosity_728       c     0.000000E+00     2.717855E-02     1.000000E+00           
[2024/01/07 07:20:07]          729  alphaPorosity_729       c     0.000000E+00     2.747982E-02     1.000000E+00           
[2024/01/07 07:20:07]          730  alphaPorosity_730       c     0.000000E+00     2.776404E-02     1.000000E+00           
[2024/01/07 07:20:07]          731  alphaPorosity_731       c     0.000000E+00     2.803619E-02     1.000000E+00           
[2024/01/07 07:20:07]          732  alphaPorosity_732       c     0.000000E+00     2.830386E-02     1.000000E+00           
[2024/01/07 07:20:07]          733  alphaPorosity_733       c     0.000000E+00     2.857018E-02     1.000000E+00           
[2024/01/07 07:20:07]          734  alphaPorosity_734       c     0.000000E+00     2.884240E-02     1.000000E+00           
[2024/01/07 07:20:07]          735  alphaPorosity_735       c     0.000000E+00     2.911060E-02     1.000000E+00           
[2024/01/07 07:20:07]          736  alphaPorosity_736       c     0.000000E+00     2.937941E-02     1.000000E+00           
[2024/01/07 07:20:07]          737  alphaPorosity_737       c     0.000000E+00     2.964668E-02     1.000000E+00           
[2024/01/07 07:20:07]          738  alphaPorosity_738       c     0.000000E+00     2.991093E-02     1.000000E+00           
[2024/01/07 07:20:07]          739  alphaPorosity_739       c     0.000000E+00     3.016998E-02     1.000000E+00           
[2024/01/07 07:20:07]          740  alphaPorosity_740       c     0.000000E+00     3.145487E-02     1.000000E+00           
[2024/01/07 07:20:07]          741  alphaPorosity_741       c     0.000000E+00     3.144428E-02     1.000000E+00           
[2024/01/07 07:20:07]          742  alphaPorosity_742       c     0.000000E+00     3.143595E-02     1.000000E+00           
[2024/01/07 07:20:07]          743  alphaPorosity_743       c     0.000000E+00     3.142681E-02     1.000000E+00           
[2024/01/07 07:20:07]          744  alphaPorosity_744       c     0.000000E+00     3.141786E-02     1.000000E+00           
[2024/01/07 07:20:07]          745  alphaPorosity_745       c     0.000000E+00     3.141192E-02     1.000000E+00           
[2024/01/07 07:20:07]          746  alphaPorosity_746       c     0.000000E+00     3.140797E-02     1.000000E+00           
[2024/01/07 07:20:07]          747  alphaPorosity_747       c     0.000000E+00     3.140537E-02     1.000000E+00           
[2024/01/07 07:20:07]          748  alphaPorosity_748       c     0.000000E+00     3.140457E-02     1.000000E+00           
[2024/01/07 07:20:07]          749  alphaPorosity_749       c     0.000000E+00     3.140714E-02     1.000000E+00           
[2024/01/07 07:20:07]          750  alphaPorosity_750       c     0.000000E+00     3.141295E-02     1.000000E+00           
[2024/01/07 07:20:07]          751  alphaPorosity_751       c     0.000000E+00     3.142149E-02     1.000000E+00           
[2024/01/07 07:20:07]          752  alphaPorosity_752       c     0.000000E+00     3.143297E-02     1.000000E+00           
[2024/01/07 07:20:07]          753  alphaPorosity_753       c     0.000000E+00     3.144732E-02     1.000000E+00           
[2024/01/07 07:20:07]          754  alphaPorosity_754       c     0.000000E+00     3.146473E-02     1.000000E+00           
[2024/01/07 07:20:07]          755  alphaPorosity_755       c     0.000000E+00     3.148556E-02     1.000000E+00           
[2024/01/07 07:20:07]          756  alphaPorosity_756       c     0.000000E+00     3.172601E-02     1.000000E+00           
[2024/01/07 07:20:07]          757  alphaPorosity_757       c     0.000000E+00     3.169554E-02     1.000000E+00           
[2024/01/07 07:20:07]          758  alphaPorosity_758       c     0.000000E+00     3.166841E-02     1.000000E+00           
[2024/01/07 07:20:07]          759  alphaPorosity_759       c     0.000000E+00     3.164372E-02     1.000000E+00           
[2024/01/07 07:20:07]          760  alphaPorosity_760       c     0.000000E+00     3.162159E-02     1.000000E+00           
[2024/01/07 07:20:07]          761  alphaPorosity_761       c     0.000000E+00     3.160236E-02     1.000000E+00           
[2024/01/07 07:20:07]          762  alphaPorosity_762       c     0.000000E+00     3.158572E-02     1.000000E+00           
[2024/01/07 07:20:07]          763  alphaPorosity_763       c     0.000000E+00     3.157142E-02     1.000000E+00           
[2024/01/07 07:20:07]          764  alphaPorosity_764       c     0.000000E+00     3.155946E-02     1.000000E+00           
[2024/01/07 07:20:07]          765  alphaPorosity_765       c     0.000000E+00     3.155017E-02     1.000000E+00           
[2024/01/07 07:20:07]          766  alphaPorosity_766       c     0.000000E+00     3.154353E-02     1.000000E+00           
[2024/01/07 07:20:07]          767  alphaPorosity_767       c     0.000000E+00     3.153950E-02     1.000000E+00           
[2024/01/07 07:20:07]          768  alphaPorosity_768       c     0.000000E+00     3.153811E-02     1.000000E+00           
[2024/01/07 07:20:07]          769  alphaPorosity_769       c     0.000000E+00     3.153943E-02     1.000000E+00           
[2024/01/07 07:20:07]          770  alphaPorosity_770       c     0.000000E+00     3.154365E-02     1.000000E+00           
[2024/01/07 07:20:07]          771  alphaPorosity_771       c     0.000000E+00     3.155110E-02     1.000000E+00           
[2024/01/07 07:20:07]          772  alphaPorosity_772       c     0.000000E+00     3.175547E-02     1.000000E+00           
[2024/01/07 07:20:07]          773  alphaPorosity_773       c     0.000000E+00     3.172364E-02     1.000000E+00           
[2024/01/07 07:20:07]          774  alphaPorosity_774       c     0.000000E+00     3.169494E-02     1.000000E+00           
[2024/01/07 07:20:07]          775  alphaPorosity_775       c     0.000000E+00     3.166897E-02     1.000000E+00           
[2024/01/07 07:20:07]          776  alphaPorosity_776       c     0.000000E+00     3.164560E-02     1.000000E+00           
[2024/01/07 07:20:07]          777  alphaPorosity_777       c     0.000000E+00     3.162479E-02     1.000000E+00           
[2024/01/07 07:20:07]          778  alphaPorosity_778       c     0.000000E+00     3.160641E-02     1.000000E+00           
[2024/01/07 07:20:07]          779  alphaPorosity_779       c     0.000000E+00     3.159032E-02     1.000000E+00           
[2024/01/07 07:20:07]          780  alphaPorosity_780       c     0.000000E+00     3.157647E-02     1.000000E+00           
[2024/01/07 07:20:07]          781  alphaPorosity_781       c     0.000000E+00     3.156491E-02     1.000000E+00           
[2024/01/07 07:20:07]          782  alphaPorosity_782       c     0.000000E+00     3.155563E-02     1.000000E+00           
[2024/01/07 07:20:07]          783  alphaPorosity_783       c     0.000000E+00     3.154862E-02     1.000000E+00           
[2024/01/07 07:20:07]          784  alphaPorosity_784       c     0.000000E+00     3.154391E-02     1.000000E+00           
[2024/01/07 07:20:07]          785  alphaPorosity_785       c     0.000000E+00     3.154155E-02     1.000000E+00           
[2024/01/07 07:20:07]          786  alphaPorosity_786       c     0.000000E+00     3.154166E-02     1.000000E+00           
[2024/01/07 07:20:07]          787  alphaPorosity_787       c     0.000000E+00     3.154444E-02     1.000000E+00           
[2024/01/07 07:20:07]          788  alphaPorosity_788       c     0.000000E+00     3.176377E-02     1.000000E+00           
[2024/01/07 07:20:07]          789  alphaPorosity_789       c     0.000000E+00     3.173168E-02     1.000000E+00           
[2024/01/07 07:20:07]          790  alphaPorosity_790       c     0.000000E+00     3.170241E-02     1.000000E+00           
[2024/01/07 07:20:07]          791  alphaPorosity_791       c     0.000000E+00     3.167574E-02     1.000000E+00           
[2024/01/07 07:20:07]          792  alphaPorosity_792       c     0.000000E+00     3.165154E-02     1.000000E+00           
[2024/01/07 07:20:07]          793  alphaPorosity_793       c     0.000000E+00     3.162969E-02     1.000000E+00           
[2024/01/07 07:20:07]          794  alphaPorosity_794       c     0.000000E+00     3.161006E-02     1.000000E+00           
[2024/01/07 07:20:07]          795  alphaPorosity_795       c     0.000000E+00     3.159257E-02     1.000000E+00           
[2024/01/07 07:20:07]          796  alphaPorosity_796       c     0.000000E+00     3.157713E-02     1.000000E+00           
[2024/01/07 07:20:07]          797  alphaPorosity_797       c     0.000000E+00     3.156370E-02     1.000000E+00           
[2024/01/07 07:20:07]          798  alphaPorosity_798       c     0.000000E+00     3.155225E-02     1.000000E+00           
[2024/01/07 07:20:07]          799  alphaPorosity_799       c     0.000000E+00     3.154275E-02     1.000000E+00           
[2024/01/07 07:20:07]          800  alphaPorosity_800       c     0.000000E+00     3.153517E-02     1.000000E+00           
[2024/01/07 07:20:07]          801  alphaPorosity_801       c     0.000000E+00     3.152954E-02     1.000000E+00           
[2024/01/07 07:20:07]          802  alphaPorosity_802       c     0.000000E+00     3.152588E-02     1.000000E+00           
[2024/01/07 07:20:07]          803  alphaPorosity_803       c     0.000000E+00     3.152426E-02     1.000000E+00           
[2024/01/07 07:20:07]          804  alphaPorosity_804       c     0.000000E+00     3.176616E-02     1.000000E+00           
[2024/01/07 07:20:07]          805  alphaPorosity_805       c     0.000000E+00     3.173390E-02     1.000000E+00           
[2024/01/07 07:20:07]          806  alphaPorosity_806       c     0.000000E+00     3.170419E-02     1.000000E+00           
[2024/01/07 07:20:07]          807  alphaPorosity_807       c     0.000000E+00     3.167686E-02     1.000000E+00           
[2024/01/07 07:20:07]          808  alphaPorosity_808       c     0.000000E+00     3.165179E-02     1.000000E+00           
[2024/01/07 07:20:07]          809  alphaPorosity_809       c     0.000000E+00     3.162885E-02     1.000000E+00           
[2024/01/07 07:20:07]          810  alphaPorosity_810       c     0.000000E+00     3.160793E-02     1.000000E+00           
[2024/01/07 07:20:07]          811  alphaPorosity_811       c     0.000000E+00     3.158895E-02     1.000000E+00           
[2024/01/07 07:20:07]          812  alphaPorosity_812       c     0.000000E+00     3.157177E-02     1.000000E+00           
[2024/01/07 07:20:07]          813  alphaPorosity_813       c     0.000000E+00     3.155637E-02     1.000000E+00           
[2024/01/07 07:20:07]          814  alphaPorosity_814       c     0.000000E+00     3.154266E-02     1.000000E+00           
[2024/01/07 07:20:07]          815  alphaPorosity_815       c     0.000000E+00     3.153058E-02     1.000000E+00           
[2024/01/07 07:20:07]          816  alphaPorosity_816       c     0.000000E+00     3.152010E-02     1.000000E+00           
[2024/01/07 07:20:07]          817  alphaPorosity_817       c     0.000000E+00     3.151117E-02     1.000000E+00           
[2024/01/07 07:20:07]          818  alphaPorosity_818       c     0.000000E+00     3.150376E-02     1.000000E+00           
[2024/01/07 07:20:07]          819  alphaPorosity_819       c     0.000000E+00     3.149787E-02     1.000000E+00           
[2024/01/07 07:20:07]          820  alphaPorosity_820       c     0.000000E+00     3.180015E-02     1.000000E+00           
[2024/01/07 07:20:07]          821  alphaPorosity_821       c     0.000000E+00     3.176525E-02     1.000000E+00           
[2024/01/07 07:20:07]          822  alphaPorosity_822       c     0.000000E+00     3.173276E-02     1.000000E+00           
[2024/01/07 07:20:07]          823  alphaPorosity_823       c     0.000000E+00     3.170256E-02     1.000000E+00           
[2024/01/07 07:20:07]          824  alphaPorosity_824       c     0.000000E+00     3.167452E-02     1.000000E+00           
[2024/01/07 07:20:07]          825  alphaPorosity_825       c     0.000000E+00     3.164851E-02     1.000000E+00           
[2024/01/07 07:20:07]          826  alphaPorosity_826       c     0.000000E+00     3.162443E-02     1.000000E+00           
[2024/01/07 07:20:07]          827  alphaPorosity_827       c     0.000000E+00     3.160216E-02     1.000000E+00           
[2024/01/07 07:20:07]          828  alphaPorosity_828       c     0.000000E+00     3.158162E-02     1.000000E+00           
[2024/01/07 07:20:07]          829  alphaPorosity_829       c     0.000000E+00     3.156266E-02     1.000000E+00           
[2024/01/07 07:20:07]          830  alphaPorosity_830       c     0.000000E+00     3.154526E-02     1.000000E+00           
[2024/01/07 07:20:07]          831  alphaPorosity_831       c     0.000000E+00     3.152929E-02     1.000000E+00           
[2024/01/07 07:20:07]          832  alphaPorosity_832       c     0.000000E+00     3.151468E-02     1.000000E+00           
[2024/01/07 07:20:07]          833  alphaPorosity_833       c     0.000000E+00     3.150137E-02     1.000000E+00           
[2024/01/07 07:20:07]          834  alphaPorosity_834       c     0.000000E+00     3.148930E-02     1.000000E+00           
[2024/01/07 07:20:07]          835  alphaPorosity_835       c     0.000000E+00     3.147840E-02     1.000000E+00           
[2024/01/07 07:20:07]          836  alphaPorosity_836       c     0.000000E+00     3.146862E-02     1.000000E+00           
[2024/01/07 07:20:07]          837  alphaPorosity_837       c     0.000000E+00     3.145993E-02     1.000000E+00           
[2024/01/07 07:20:07]          838  alphaPorosity_838       c     0.000000E+00     3.179710E-02     1.000000E+00           
[2024/01/07 07:20:07]          839  alphaPorosity_839       c     0.000000E+00     3.176212E-02     1.000000E+00           
[2024/01/07 07:20:07]          840  alphaPorosity_840       c     0.000000E+00     3.172932E-02     1.000000E+00           
[2024/01/07 07:20:07]          841  alphaPorosity_841       c     0.000000E+00     3.169857E-02     1.000000E+00           
[2024/01/07 07:20:07]          842  alphaPorosity_842       c     0.000000E+00     3.166976E-02     1.000000E+00           
[2024/01/07 07:20:07]          843  alphaPorosity_843       c     0.000000E+00     3.164280E-02     1.000000E+00           
[2024/01/07 07:20:07]          844  alphaPorosity_844       c     0.000000E+00     3.161756E-02     1.000000E+00           
[2024/01/07 07:20:07]          845  alphaPorosity_845       c     0.000000E+00     3.159394E-02     1.000000E+00           
[2024/01/07 07:20:07]          846  alphaPorosity_846       c     0.000000E+00     3.157186E-02     1.000000E+00           
[2024/01/07 07:20:07]          847  alphaPorosity_847       c     0.000000E+00     3.155116E-02     1.000000E+00           
[2024/01/07 07:20:07]          848  alphaPorosity_848       c     0.000000E+00     3.153182E-02     1.000000E+00           
[2024/01/07 07:20:07]          849  alphaPorosity_849       c     0.000000E+00     3.151369E-02     1.000000E+00           
[2024/01/07 07:20:07]          850  alphaPorosity_850       c     0.000000E+00     3.149671E-02     1.000000E+00           
[2024/01/07 07:20:07]          851  alphaPorosity_851       c     0.000000E+00     3.148081E-02     1.000000E+00           
[2024/01/07 07:20:07]          852  alphaPorosity_852       c     0.000000E+00     3.146589E-02     1.000000E+00           
[2024/01/07 07:20:07]          853  alphaPorosity_853       c     0.000000E+00     3.145189E-02     1.000000E+00           
[2024/01/07 07:20:07]          854  alphaPorosity_854       c     0.000000E+00     3.143875E-02     1.000000E+00           
[2024/01/07 07:20:07]          855  alphaPorosity_855       c     0.000000E+00     3.142640E-02     1.000000E+00           
[2024/01/07 07:20:07]          856  alphaPorosity_856       c     0.000000E+00     3.179273E-02     1.000000E+00           
[2024/01/07 07:20:07]          857  alphaPorosity_857       c     0.000000E+00     3.175757E-02     1.000000E+00           
[2024/01/07 07:20:07]          858  alphaPorosity_858       c     0.000000E+00     3.172437E-02     1.000000E+00           
[2024/01/07 07:20:07]          859  alphaPorosity_859       c     0.000000E+00     3.169303E-02     1.000000E+00           
[2024/01/07 07:20:07]          860  alphaPorosity_860       c     0.000000E+00     3.166346E-02     1.000000E+00           
[2024/01/07 07:20:07]          861  alphaPorosity_861       c     0.000000E+00     3.163554E-02     1.000000E+00           
[2024/01/07 07:20:07]          862  alphaPorosity_862       c     0.000000E+00     3.160918E-02     1.000000E+00           
[2024/01/07 07:20:07]          863  alphaPorosity_863       c     0.000000E+00     3.158426E-02     1.000000E+00           
[2024/01/07 07:20:07]          864  alphaPorosity_864       c     0.000000E+00     3.156072E-02     1.000000E+00           
[2024/01/07 07:20:07]          865  alphaPorosity_865       c     0.000000E+00     3.153839E-02     1.000000E+00           
[2024/01/07 07:20:07]          866  alphaPorosity_866       c     0.000000E+00     3.151726E-02     1.000000E+00           
[2024/01/07 07:20:07]          867  alphaPorosity_867       c     0.000000E+00     3.149717E-02     1.000000E+00           
[2024/01/07 07:20:07]          868  alphaPorosity_868       c     0.000000E+00     3.147807E-02     1.000000E+00           
[2024/01/07 07:20:07]          869  alphaPorosity_869       c     0.000000E+00     3.145986E-02     1.000000E+00           
[2024/01/07 07:20:07]          870  alphaPorosity_870       c     0.000000E+00     3.144247E-02     1.000000E+00           
[2024/01/07 07:20:07]          871  alphaPorosity_871       c     0.000000E+00     3.142584E-02     1.000000E+00           
[2024/01/07 07:20:07]          872  alphaPorosity_872       c     0.000000E+00     3.140988E-02     1.000000E+00           
[2024/01/07 07:20:07]          873  alphaPorosity_873       c     0.000000E+00     3.139457E-02     1.000000E+00           
[2024/01/07 07:20:07]          874  alphaPorosity_874       c     0.000000E+00     3.178768E-02     1.000000E+00           
[2024/01/07 07:20:07]          875  alphaPorosity_875       c     0.000000E+00     3.175225E-02     1.000000E+00           
[2024/01/07 07:20:07]          876  alphaPorosity_876       c     0.000000E+00     3.171862E-02     1.000000E+00           
[2024/01/07 07:20:07]          877  alphaPorosity_877       c     0.000000E+00     3.168669E-02     1.000000E+00           
[2024/01/07 07:20:07]          878  alphaPorosity_878       c     0.000000E+00     3.165636E-02     1.000000E+00           
[2024/01/07 07:20:07]          879  alphaPorosity_879       c     0.000000E+00     3.162754E-02     1.000000E+00           
[2024/01/07 07:20:07]          880  alphaPorosity_880       c     0.000000E+00     3.160013E-02     1.000000E+00           
[2024/01/07 07:20:07]          881  alphaPorosity_881       c     0.000000E+00     3.157403E-02     1.000000E+00           
[2024/01/07 07:20:07]          882  alphaPorosity_882       c     0.000000E+00     3.154916E-02     1.000000E+00           
[2024/01/07 07:20:07]          883  alphaPorosity_883       c     0.000000E+00     3.152536E-02     1.000000E+00           
[2024/01/07 07:20:07]          884  alphaPorosity_884       c     0.000000E+00     3.150264E-02     1.000000E+00           
[2024/01/07 07:20:07]          885  alphaPorosity_885       c     0.000000E+00     3.148084E-02     1.000000E+00           
[2024/01/07 07:20:07]          886  alphaPorosity_886       c     0.000000E+00     3.145989E-02     1.000000E+00           
[2024/01/07 07:20:07]          887  alphaPorosity_887       c     0.000000E+00     3.143972E-02     1.000000E+00           
[2024/01/07 07:20:07]          888  alphaPorosity_888       c     0.000000E+00     3.142025E-02     1.000000E+00           
[2024/01/07 07:20:07]          889  alphaPorosity_889       c     0.000000E+00     3.140144E-02     1.000000E+00           
[2024/01/07 07:20:07]          890  alphaPorosity_890       c     0.000000E+00     3.138321E-02     1.000000E+00           
[2024/01/07 07:20:07]          891  alphaPorosity_891       c     0.000000E+00     3.136554E-02     1.000000E+00           
[2024/01/07 07:20:07]          892  alphaPorosity_892       c     0.000000E+00     3.178247E-02     1.000000E+00           
[2024/01/07 07:20:07]          893  alphaPorosity_893       c     0.000000E+00     3.174674E-02     1.000000E+00           
[2024/01/07 07:20:07]          894  alphaPorosity_894       c     0.000000E+00     3.171268E-02     1.000000E+00           
[2024/01/07 07:20:07]          895  alphaPorosity_895       c     0.000000E+00     3.168018E-02     1.000000E+00           
[2024/01/07 07:20:07]          896  alphaPorosity_896       c     0.000000E+00     3.164916E-02     1.000000E+00           
[2024/01/07 07:20:07]          897  alphaPorosity_897       c     0.000000E+00     3.161952E-02     1.000000E+00           
[2024/01/07 07:20:07]          898  alphaPorosity_898       c     0.000000E+00     3.159116E-02     1.000000E+00           
[2024/01/07 07:20:07]          899  alphaPorosity_899       c     0.000000E+00     3.156401E-02     1.000000E+00           
[2024/01/07 07:20:07]          900  alphaPorosity_900       c     0.000000E+00     3.153798E-02     1.000000E+00           
[2024/01/07 07:20:07]          901  alphaPorosity_901       c     0.000000E+00     3.151291E-02     1.000000E+00           
[2024/01/07 07:20:07]          902  alphaPorosity_902       c     0.000000E+00     3.148883E-02     1.000000E+00           
[2024/01/07 07:20:07]          903  alphaPorosity_903       c     0.000000E+00     3.146556E-02     1.000000E+00           
[2024/01/07 07:20:07]          904  alphaPorosity_904       c     0.000000E+00     3.144307E-02     1.000000E+00           
[2024/01/07 07:20:07]          905  alphaPorosity_905       c     0.000000E+00     3.142128E-02     1.000000E+00           
[2024/01/07 07:20:07]          906  alphaPorosity_906       c     0.000000E+00     3.140013E-02     1.000000E+00           
[2024/01/07 07:20:07]          907  alphaPorosity_907       c     0.000000E+00     3.137956E-02     1.000000E+00           
[2024/01/07 07:20:07]          908  alphaPorosity_908       c     0.000000E+00     3.135955E-02     1.000000E+00           
[2024/01/07 07:20:07]          909  alphaPorosity_909       c     0.000000E+00     3.134006E-02     1.000000E+00           
[2024/01/07 07:20:07]          910  alphaPorosity_910       c     0.000000E+00     3.177747E-02     1.000000E+00           
[2024/01/07 07:20:07]          911  alphaPorosity_911       c     0.000000E+00     3.174145E-02     1.000000E+00           
[2024/01/07 07:20:07]          912  alphaPorosity_912       c     0.000000E+00     3.170698E-02     1.000000E+00           
[2024/01/07 07:20:07]          913  alphaPorosity_913       c     0.000000E+00     3.167398E-02     1.000000E+00           
[2024/01/07 07:20:07]          914  alphaPorosity_914       c     0.000000E+00     3.164234E-02     1.000000E+00           
[2024/01/07 07:20:07]          915  alphaPorosity_915       c     0.000000E+00     3.161199E-02     1.000000E+00           
[2024/01/07 07:20:07]          916  alphaPorosity_916       c     0.000000E+00     3.158284E-02     1.000000E+00           
[2024/01/07 07:20:07]          917  alphaPorosity_917       c     0.000000E+00     3.155479E-02     1.000000E+00           
[2024/01/07 07:20:07]          918  alphaPorosity_918       c     0.000000E+00     3.152780E-02     1.000000E+00           
[2024/01/07 07:20:07]          919  alphaPorosity_919       c     0.000000E+00     3.150168E-02     1.000000E+00           
[2024/01/07 07:20:07]          920  alphaPorosity_920       c     0.000000E+00     3.147647E-02     1.000000E+00           
[2024/01/07 07:20:07]          921  alphaPorosity_921       c     0.000000E+00     3.145202E-02     1.000000E+00           
[2024/01/07 07:20:07]          922  alphaPorosity_922       c     0.000000E+00     3.142829E-02     1.000000E+00           
[2024/01/07 07:20:07]          923  alphaPorosity_923       c     0.000000E+00     3.140520E-02     1.000000E+00           
[2024/01/07 07:20:07]          924  alphaPorosity_924       c     0.000000E+00     3.138272E-02     1.000000E+00           
[2024/01/07 07:20:07]          925  alphaPorosity_925       c     0.000000E+00     3.136081E-02     1.000000E+00           
[2024/01/07 07:20:07]          926  alphaPorosity_926       c     0.000000E+00     3.133942E-02     1.000000E+00           
[2024/01/07 07:20:07]          927  alphaPorosity_927       c     0.000000E+00     3.131857E-02     1.000000E+00           
[2024/01/07 07:20:07]          928  alphaPorosity_928       c     0.000000E+00     3.177250E-02     1.000000E+00           
[2024/01/07 07:20:07]          929  alphaPorosity_929       c     0.000000E+00     3.173625E-02     1.000000E+00           
[2024/01/07 07:20:07]          930  alphaPorosity_930       c     0.000000E+00     3.170146E-02     1.000000E+00           
[2024/01/07 07:20:07]          931  alphaPorosity_931       c     0.000000E+00     3.166805E-02     1.000000E+00           
[2024/01/07 07:20:07]          932  alphaPorosity_932       c     0.000000E+00     3.163594E-02     1.000000E+00           
[2024/01/07 07:20:07]          933  alphaPorosity_933       c     0.000000E+00     3.160504E-02     1.000000E+00           
[2024/01/07 07:20:07]          934  alphaPorosity_934       c     0.000000E+00     3.157527E-02     1.000000E+00           
[2024/01/07 07:20:07]          935  alphaPorosity_935       c     0.000000E+00     3.154653E-02     1.000000E+00           
[2024/01/07 07:20:07]          936  alphaPorosity_936       c     0.000000E+00     3.151878E-02     1.000000E+00           
[2024/01/07 07:20:07]          937  alphaPorosity_937       c     0.000000E+00     3.149186E-02     1.000000E+00           
[2024/01/07 07:20:07]          938  alphaPorosity_938       c     0.000000E+00     3.146580E-02     1.000000E+00           
[2024/01/07 07:20:07]          939  alphaPorosity_939       c     0.000000E+00     3.144045E-02     1.000000E+00           
[2024/01/07 07:20:07]          940  alphaPorosity_940       c     0.000000E+00     3.141578E-02     1.000000E+00           
[2024/01/07 07:20:07]          941  alphaPorosity_941       c     0.000000E+00     3.139174E-02     1.000000E+00           
[2024/01/07 07:20:07]          942  alphaPorosity_942       c     0.000000E+00     3.136829E-02     1.000000E+00           
[2024/01/07 07:20:07]          943  alphaPorosity_943       c     0.000000E+00     3.134538E-02     1.000000E+00           
[2024/01/07 07:20:07]          944  alphaPorosity_944       c     0.000000E+00     3.132302E-02     1.000000E+00           
[2024/01/07 07:20:07]          945  alphaPorosity_945       c     0.000000E+00     3.130119E-02     1.000000E+00           
[2024/01/07 07:20:07]          946  alphaPorosity_946       c     0.000000E+00     3.176368E-02     1.000000E+00           
[2024/01/07 07:20:07]          947  alphaPorosity_947       c     0.000000E+00     3.172747E-02     1.000000E+00           
[2024/01/07 07:20:07]          948  alphaPorosity_948       c     0.000000E+00     3.169266E-02     1.000000E+00           
[2024/01/07 07:20:07]          949  alphaPorosity_949       c     0.000000E+00     3.165917E-02     1.000000E+00           
[2024/01/07 07:20:07]          950  alphaPorosity_950       c     0.000000E+00     3.162691E-02     1.000000E+00           
[2024/01/07 07:20:07]          951  alphaPorosity_951       c     0.000000E+00     3.159580E-02     1.000000E+00           
[2024/01/07 07:20:07]          952  alphaPorosity_952       c     0.000000E+00     3.156577E-02     1.000000E+00           
[2024/01/07 07:20:07]          953  alphaPorosity_953       c     0.000000E+00     3.153672E-02     1.000000E+00           
[2024/01/07 07:20:07]          954  alphaPorosity_954       c     0.000000E+00     3.150862E-02     1.000000E+00           
[2024/01/07 07:20:07]          955  alphaPorosity_955       c     0.000000E+00     3.148129E-02     1.000000E+00           
[2024/01/07 07:20:07]          956  alphaPorosity_956       c     0.000000E+00     3.145480E-02     1.000000E+00           
[2024/01/07 07:20:07]          957  alphaPorosity_957       c     0.000000E+00     3.142899E-02     1.000000E+00           
[2024/01/07 07:20:07]          958  alphaPorosity_958       c     0.000000E+00     3.140383E-02     1.000000E+00           
[2024/01/07 07:20:07]          959  alphaPorosity_959       c     0.000000E+00     3.137929E-02     1.000000E+00           
[2024/01/07 07:20:07]          960  alphaPorosity_960       c     0.000000E+00     3.135532E-02     1.000000E+00           
[2024/01/07 07:20:07]          961  alphaPorosity_961       c     0.000000E+00     3.133190E-02     1.000000E+00           
[2024/01/07 07:20:07]          962  alphaPorosity_962       c     0.000000E+00     3.130902E-02     1.000000E+00           
[2024/01/07 07:20:07]          963  alphaPorosity_963       c     0.000000E+00     3.128670E-02     1.000000E+00           
[2024/01/07 07:20:07]          964  alphaPorosity_964       c     0.000000E+00     3.172158E-02     1.000000E+00           
[2024/01/07 07:20:07]          965  alphaPorosity_965       c     0.000000E+00     3.168718E-02     1.000000E+00           
[2024/01/07 07:20:07]          966  alphaPorosity_966       c     0.000000E+00     3.165409E-02     1.000000E+00           
[2024/01/07 07:20:07]          967  alphaPorosity_967       c     0.000000E+00     3.162222E-02     1.000000E+00           
[2024/01/07 07:20:07]          968  alphaPorosity_968       c     0.000000E+00     3.159150E-02     1.000000E+00           
[2024/01/07 07:20:07]          969  alphaPorosity_969       c     0.000000E+00     3.156184E-02     1.000000E+00           
[2024/01/07 07:20:07]          970  alphaPorosity_970       c     0.000000E+00     3.153318E-02     1.000000E+00           
[2024/01/07 07:20:07]          971  alphaPorosity_971       c     0.000000E+00     3.150544E-02     1.000000E+00           
[2024/01/07 07:20:07]          972  alphaPorosity_972       c     0.000000E+00     3.147857E-02     1.000000E+00           
[2024/01/07 07:20:07]          973  alphaPorosity_973       c     0.000000E+00     3.145243E-02     1.000000E+00           
[2024/01/07 07:20:07]          974  alphaPorosity_974       c     0.000000E+00     3.142706E-02     1.000000E+00           
[2024/01/07 07:20:07]          975  alphaPorosity_975       c     0.000000E+00     3.140233E-02     1.000000E+00           
[2024/01/07 07:20:07]          976  alphaPorosity_976       c     0.000000E+00     3.137821E-02     1.000000E+00           
[2024/01/07 07:20:07]          977  alphaPorosity_977       c     0.000000E+00     3.135467E-02     1.000000E+00           
[2024/01/07 07:20:07]          978  alphaPorosity_978       c     0.000000E+00     3.133168E-02     1.000000E+00           
[2024/01/07 07:20:07]          979  alphaPorosity_979       c     0.000000E+00     3.130922E-02     1.000000E+00           
[2024/01/07 07:20:07]          980  alphaPorosity_980       c     0.000000E+00     3.128728E-02     1.000000E+00           
[2024/01/07 07:20:07]          981  alphaPorosity_981       c     0.000000E+00     3.126588E-02     1.000000E+00           
[2024/01/07 07:20:07]          982  alphaPorosity_982       c     0.000000E+00     3.146273E-02     1.000000E+00           
[2024/01/07 07:20:07]          983  alphaPorosity_983       c     0.000000E+00     3.144149E-02     1.000000E+00           
[2024/01/07 07:20:07]          984  alphaPorosity_984       c     0.000000E+00     3.142105E-02     1.000000E+00           
[2024/01/07 07:20:07]          985  alphaPorosity_985       c     0.000000E+00     3.140138E-02     1.000000E+00           
[2024/01/07 07:20:07]          986  alphaPorosity_986       c     0.000000E+00     3.138241E-02     1.000000E+00           
[2024/01/07 07:20:07]          987  alphaPorosity_987       c     0.000000E+00     3.136411E-02     1.000000E+00           
[2024/01/07 07:20:07]          988  alphaPorosity_988       c     0.000000E+00     3.134643E-02     1.000000E+00           
[2024/01/07 07:20:07]          989  alphaPorosity_989       c     0.000000E+00     3.132931E-02     1.000000E+00           
[2024/01/07 07:20:07]          990  alphaPorosity_990       c     0.000000E+00     3.131273E-02     1.000000E+00           
[2024/01/07 07:20:07]          991  alphaPorosity_991       c     0.000000E+00     3.129664E-02     1.000000E+00           
[2024/01/07 07:20:07]          992  alphaPorosity_992       c     0.000000E+00     3.128097E-02     1.000000E+00           
[2024/01/07 07:20:07]          993  alphaPorosity_993       c     0.000000E+00     3.126573E-02     1.000000E+00           
[2024/01/07 07:20:07]          994  alphaPorosity_994       c     0.000000E+00     3.125087E-02     1.000000E+00           
[2024/01/07 07:20:07]          995  alphaPorosity_995       c     0.000000E+00     3.123638E-02     1.000000E+00           
[2024/01/07 07:20:07]          996  alphaPorosity_996       c     0.000000E+00     3.122222E-02     1.000000E+00           
[2024/01/07 07:20:07]          997  alphaPorosity_997       c     0.000000E+00     3.120840E-02     1.000000E+00           
[2024/01/07 07:20:07]          998  alphaPorosity_998       c     0.000000E+00     3.119491E-02     1.000000E+00           
[2024/01/07 07:20:07]          999  alphaPorosity_999       c     0.000000E+00     3.118177E-02     1.000000E+00           
[2024/01/07 07:20:07]         1000  alphaPorosity_1000      c     0.000000E+00     1.339927E-04     1.000000E+00           
[2024/01/07 07:20:07]         1001  alphaPorosity_1001      c     0.000000E+00     1.322554E-04     1.000000E+00           
[2024/01/07 07:20:07]         1002  alphaPorosity_1002      c     0.000000E+00     1.304172E-04     1.000000E+00           
[2024/01/07 07:20:07]         1003  alphaPorosity_1003      c     0.000000E+00     1.284704E-04     1.000000E+00           
[2024/01/07 07:20:07]         1004  alphaPorosity_1004      c     0.000000E+00     1.264086E-04     1.000000E+00           
[2024/01/07 07:20:07]         1005  alphaPorosity_1005      c     0.000000E+00     1.242270E-04     1.000000E+00           
[2024/01/07 07:20:07]         1006  alphaPorosity_1006      c     0.000000E+00     1.219210E-04     1.000000E+00           
[2024/01/07 07:20:07]         1007  alphaPorosity_1007      c     0.000000E+00     1.194850E-04     1.000000E+00           
[2024/01/07 07:20:07]         1008  alphaPorosity_1008      c     0.000000E+00     1.169195E-04     1.000000E+00           
[2024/01/07 07:20:07]         1009  alphaPorosity_1009      c     0.000000E+00     1.142459E-04     1.000000E+00           
[2024/01/07 07:20:07]         1010  alphaPorosity_1010      c     0.000000E+00     1.114793E-04     1.000000E+00           
[2024/01/07 07:20:07]         1011  alphaPorosity_1011      c     0.000000E+00     1.085612E-04     1.000000E+00           
[2024/01/07 07:20:07]         1012  alphaPorosity_1012      c     0.000000E+00     1.054169E-04     1.000000E+00           
[2024/01/07 07:20:07]         1013  alphaPorosity_1013      c     0.000000E+00     1.023891E-04     1.000000E+00           
[2024/01/07 07:20:07]         1014  alphaPorosity_1014      c     0.000000E+00     9.997353E-05     1.000000E+00           
[2024/01/07 07:20:07]         1015  alphaPorosity_1015      c     0.000000E+00     9.624854E-05     1.000000E+00           
[2024/01/07 07:20:07]         1016  alphaPorosity_1016      c     0.000000E+00     9.186084E-05     1.000000E+00           
[2024/01/07 07:20:07]         1017  alphaPorosity_1017      c     0.000000E+00     1.336034E-04     1.000000E+00           
[2024/01/07 07:20:07]         1018  alphaPorosity_1018      c     0.000000E+00     1.319206E-04     1.000000E+00           
[2024/01/07 07:20:07]         1019  alphaPorosity_1019      c     0.000000E+00     1.301377E-04     1.000000E+00           
[2024/01/07 07:20:07]         1020  alphaPorosity_1020      c     0.000000E+00     1.282466E-04     1.000000E+00           
[2024/01/07 07:20:07]         1021  alphaPorosity_1021      c     0.000000E+00     1.262397E-04     1.000000E+00           
[2024/01/07 07:20:07]         1022  alphaPorosity_1022      c     0.000000E+00     1.241121E-04     1.000000E+00           
[2024/01/07 07:20:07]         1023  alphaPorosity_1023      c     0.000000E+00     1.218583E-04     1.000000E+00           
[2024/01/07 07:20:07]         1024  alphaPorosity_1024      c     0.000000E+00     1.194712E-04     1.000000E+00           
[2024/01/07 07:20:07]         1025  alphaPorosity_1025      c     0.000000E+00     1.169510E-04     1.000000E+00           
[2024/01/07 07:20:07]         1026  alphaPorosity_1026      c     0.000000E+00     1.143182E-04     1.000000E+00           
[2024/01/07 07:20:07]         1027  alphaPorosity_1027      c     0.000000E+00     1.115832E-04     1.000000E+00           
[2024/01/07 07:20:07]         1028  alphaPorosity_1028      c     0.000000E+00     1.086781E-04     1.000000E+00           
[2024/01/07 07:20:07]         1029  alphaPorosity_1029      c     0.000000E+00     1.055315E-04     1.000000E+00           
[2024/01/07 07:20:07]         1030  alphaPorosity_1030      c     0.000000E+00     1.025062E-04     1.000000E+00           
[2024/01/07 07:20:07]         1031  alphaPorosity_1031      c     0.000000E+00     1.001104E-04     1.000000E+00           
[2024/01/07 07:20:07]         1032  alphaPorosity_1032      c     0.000000E+00     9.636511E-05     1.000000E+00           
[2024/01/07 07:20:07]         1033  alphaPorosity_1033      c     0.000000E+00     9.185073E-05     1.000000E+00           
[2024/01/07 07:20:07]         1034  alphaPorosity_1034      c     0.000000E+00     1.328348E-04     1.000000E+00           
[2024/01/07 07:20:07]         1035  alphaPorosity_1035      c     0.000000E+00     1.312611E-04     1.000000E+00           
[2024/01/07 07:20:07]         1036  alphaPorosity_1036      c     0.000000E+00     1.295903E-04     1.000000E+00           
[2024/01/07 07:20:07]         1037  alphaPorosity_1037      c     0.000000E+00     1.278129E-04     1.000000E+00           
[2024/01/07 07:20:07]         1038  alphaPorosity_1038      c     0.000000E+00     1.259213E-04     1.000000E+00           
[2024/01/07 07:20:07]         1039  alphaPorosity_1039      c     0.000000E+00     1.239085E-04     1.000000E+00           
[2024/01/07 07:20:07]         1040  alphaPorosity_1040      c     0.000000E+00     1.217661E-04     1.000000E+00           
[2024/01/07 07:20:07]         1041  alphaPorosity_1041      c     0.000000E+00     1.194831E-04     1.000000E+00           
[2024/01/07 07:20:07]         1042  alphaPorosity_1042      c     0.000000E+00     1.170549E-04     1.000000E+00           
[2024/01/07 07:20:07]         1043  alphaPorosity_1043      c     0.000000E+00     1.145012E-04     1.000000E+00           
[2024/01/07 07:20:07]         1044  alphaPorosity_1044      c     0.000000E+00     1.118352E-04     1.000000E+00           
[2024/01/07 07:20:07]         1045  alphaPorosity_1045      c     0.000000E+00     1.089829E-04     1.000000E+00           
[2024/01/07 07:20:07]         1046  alphaPorosity_1046      c     0.000000E+00     1.058570E-04     1.000000E+00           
[2024/01/07 07:20:07]         1047  alphaPorosity_1047      c     0.000000E+00     1.028414E-04     1.000000E+00           
[2024/01/07 07:20:07]         1048  alphaPorosity_1048      c     0.000000E+00     1.004777E-04     1.000000E+00           
[2024/01/07 07:20:07]         1049  alphaPorosity_1049      c     0.000000E+00     9.673217E-05     1.000000E+00           
[2024/01/07 07:20:07]         1050  alphaPorosity_1050      c     0.000000E+00     9.196138E-05     1.000000E+00           
[2024/01/07 07:20:07]         1051  alphaPorosity_1051      c     0.000000E+00     1.318432E-04     1.000000E+00           
[2024/01/07 07:20:07]         1052  alphaPorosity_1052      c     0.000000E+00     1.304333E-04     1.000000E+00           
[2024/01/07 07:20:07]         1053  alphaPorosity_1053      c     0.000000E+00     1.289301E-04     1.000000E+00           
[2024/01/07 07:20:07]         1054  alphaPorosity_1054      c     0.000000E+00     1.273238E-04     1.000000E+00           
[2024/01/07 07:20:07]         1055  alphaPorosity_1055      c     0.000000E+00     1.256045E-04     1.000000E+00           
[2024/01/07 07:20:07]         1056  alphaPorosity_1056      c     0.000000E+00     1.237628E-04     1.000000E+00           
[2024/01/07 07:20:07]         1057  alphaPorosity_1057      c     0.000000E+00     1.217877E-04     1.000000E+00           
[2024/01/07 07:20:07]         1058  alphaPorosity_1058      c     0.000000E+00     1.196647E-04     1.000000E+00           
[2024/01/07 07:20:07]         1059  alphaPorosity_1059      c     0.000000E+00     1.173855E-04     1.000000E+00           
[2024/01/07 07:20:07]         1060  alphaPorosity_1060      c     0.000000E+00     1.149662E-04     1.000000E+00           
[2024/01/07 07:20:07]         1061  alphaPorosity_1061      c     0.000000E+00     1.124111E-04     1.000000E+00           
[2024/01/07 07:20:07]         1062  alphaPorosity_1062      c     0.000000E+00     1.096355E-04     1.000000E+00           
[2024/01/07 07:20:07]         1063  alphaPorosity_1063      c     0.000000E+00     1.065371E-04     1.000000E+00           
[2024/01/07 07:20:07]         1064  alphaPorosity_1064      c     0.000000E+00     1.035163E-04     1.000000E+00           
[2024/01/07 07:20:07]         1065  alphaPorosity_1065      c     0.000000E+00     1.011714E-04     1.000000E+00           
[2024/01/07 07:20:07]         1066  alphaPorosity_1066      c     0.000000E+00     9.736867E-05     1.000000E+00           
[2024/01/07 07:20:07]         1067  alphaPorosity_1067      c     0.000000E+00     9.229753E-05     1.000000E+00           
[2024/01/07 07:20:07]         1068  alphaPorosity_1068      c     0.000000E+00     1.309671E-04     1.000000E+00           
[2024/01/07 07:20:07]         1069  alphaPorosity_1069      c     0.000000E+00     1.297863E-04     1.000000E+00           
[2024/01/07 07:20:07]         1070  alphaPorosity_1070      c     0.000000E+00     1.285174E-04     1.000000E+00           
[2024/01/07 07:20:07]         1071  alphaPorosity_1071      c     0.000000E+00     1.271476E-04     1.000000E+00           
[2024/01/07 07:20:07]         1072  alphaPorosity_1072      c     0.000000E+00     1.256651E-04     1.000000E+00           
[2024/01/07 07:20:07]         1073  alphaPorosity_1073      c     0.000000E+00     1.240573E-04     1.000000E+00           
[2024/01/07 07:20:07]         1074  alphaPorosity_1074      c     0.000000E+00     1.223100E-04     1.000000E+00           
[2024/01/07 07:20:07]         1075  alphaPorosity_1075      c     0.000000E+00     1.204039E-04     1.000000E+00           
[2024/01/07 07:20:07]         1076  alphaPorosity_1076      c     0.000000E+00     1.183242E-04     1.000000E+00           
[2024/01/07 07:20:07]         1077  alphaPorosity_1077      c     0.000000E+00     1.160779E-04     1.000000E+00           
[2024/01/07 07:20:07]         1078  alphaPorosity_1078      c     0.000000E+00     1.136657E-04     1.000000E+00           
[2024/01/07 07:20:07]         1079  alphaPorosity_1079      c     0.000000E+00     1.109831E-04     1.000000E+00           
[2024/01/07 07:20:07]         1080  alphaPorosity_1080      c     0.000000E+00     1.079068E-04     1.000000E+00           
[2024/01/07 07:20:07]         1081  alphaPorosity_1081      c     0.000000E+00     1.048507E-04     1.000000E+00           
[2024/01/07 07:20:07]         1082  alphaPorosity_1082      c     0.000000E+00     1.024874E-04     1.000000E+00           
[2024/01/07 07:20:07]         1083  alphaPorosity_1083      c     0.000000E+00     9.848417E-05     1.000000E+00           
[2024/01/07 07:20:07]         1084  alphaPorosity_1084      c     0.000000E+00     9.311169E-05     1.000000E+00           
[2024/01/07 07:20:07]         1085  alphaPorosity_1085      c     0.000000E+00     1.304818E-04     1.000000E+00           
[2024/01/07 07:20:07]         1086  alphaPorosity_1086      c     0.000000E+00     1.295747E-04     1.000000E+00           
[2024/01/07 07:20:07]         1087  alphaPorosity_1087      c     0.000000E+00     1.285897E-04     1.000000E+00           
[2024/01/07 07:20:07]         1088  alphaPorosity_1088      c     0.000000E+00     1.275140E-04     1.000000E+00           
[2024/01/07 07:20:07]         1089  alphaPorosity_1089      c     0.000000E+00     1.263321E-04     1.000000E+00           
[2024/01/07 07:20:07]         1090  alphaPorosity_1090      c     0.000000E+00     1.250288E-04     1.000000E+00           
[2024/01/07 07:20:07]         1091  alphaPorosity_1091      c     0.000000E+00     1.235851E-04     1.000000E+00           
[2024/01/07 07:20:07]         1092  alphaPorosity_1092      c     0.000000E+00     1.219751E-04     1.000000E+00           
[2024/01/07 07:20:07]         1093  alphaPorosity_1093      c     0.000000E+00     1.201732E-04     1.000000E+00           
[2024/01/07 07:20:07]         1094  alphaPorosity_1094      c     0.000000E+00     1.181743E-04     1.000000E+00           
[2024/01/07 07:20:07]         1095  alphaPorosity_1095      c     0.000000E+00     1.159695E-04     1.000000E+00           
[2024/01/07 07:20:07]         1096  alphaPorosity_1096      c     0.000000E+00     1.134460E-04     1.000000E+00           
[2024/01/07 07:20:07]         1097  alphaPorosity_1097      c     0.000000E+00     1.104434E-04     1.000000E+00           
[2024/01/07 07:20:07]         1098  alphaPorosity_1098      c     0.000000E+00     1.073343E-04     1.000000E+00           
[2024/01/07 07:20:07]         1099  alphaPorosity_1099      c     0.000000E+00     1.048525E-04     1.000000E+00           
[2024/01/07 07:20:07]         1100  alphaPorosity_1100      c     0.000000E+00     1.003598E-04     1.000000E+00           
[2024/01/07 07:20:07]         1101  alphaPorosity_1101      c     0.000000E+00     9.468960E-05     1.000000E+00           
[2024/01/07 07:20:07]         1102  alphaPorosity_1102      c     0.000000E+00     1.307967E-04     1.000000E+00           
[2024/01/07 07:20:07]         1103  alphaPorosity_1103      c     0.000000E+00     1.302321E-04     1.000000E+00           
[2024/01/07 07:20:07]         1104  alphaPorosity_1104      c     0.000000E+00     1.296038E-04     1.000000E+00           
[2024/01/07 07:20:07]         1105  alphaPorosity_1105      c     0.000000E+00     1.288975E-04     1.000000E+00           
[2024/01/07 07:20:07]         1106  alphaPorosity_1106      c     0.000000E+00     1.280964E-04     1.000000E+00           
[2024/01/07 07:20:07]         1107  alphaPorosity_1107      c     0.000000E+00     1.271809E-04     1.000000E+00           
[2024/01/07 07:20:07]         1108  alphaPorosity_1108      c     0.000000E+00     1.261263E-04     1.000000E+00           
[2024/01/07 07:20:07]         1109  alphaPorosity_1109      c     0.000000E+00     1.248988E-04     1.000000E+00           
[2024/01/07 07:20:07]         1110  alphaPorosity_1110      c     0.000000E+00     1.234598E-04     1.000000E+00           
[2024/01/07 07:20:07]         1111  alphaPorosity_1111      c     0.000000E+00     1.217799E-04     1.000000E+00           
[2024/01/07 07:20:07]         1112  alphaPorosity_1112      c     0.000000E+00     1.198243E-04     1.000000E+00           
[2024/01/07 07:20:07]         1113  alphaPorosity_1113      c     0.000000E+00     1.174788E-04     1.000000E+00           
[2024/01/07 07:20:07]         1114  alphaPorosity_1114      c     0.000000E+00     1.145747E-04     1.000000E+00           
[2024/01/07 07:20:07]         1115  alphaPorosity_1115      c     0.000000E+00     1.113537E-04     1.000000E+00           
[2024/01/07 07:20:07]         1116  alphaPorosity_1116      c     0.000000E+00     1.084950E-04     1.000000E+00           
[2024/01/07 07:20:07]         1117  alphaPorosity_1117      c     0.000000E+00     1.031454E-04     1.000000E+00           
[2024/01/07 07:20:07]         1118  alphaPorosity_1118      c     0.000000E+00     9.728689E-05     1.000000E+00           
[2024/01/07 07:20:07]         1119  alphaPorosity_1119      c     0.000000E+00     1.325221E-04     1.000000E+00           
[2024/01/07 07:20:07]         1120  alphaPorosity_1120      c     0.000000E+00     1.323219E-04     1.000000E+00           
[2024/01/07 07:20:07]         1121  alphaPorosity_1121      c     0.000000E+00     1.320856E-04     1.000000E+00           
[2024/01/07 07:20:07]         1122  alphaPorosity_1122      c     0.000000E+00     1.318001E-04     1.000000E+00           
[2024/01/07 07:20:07]         1123  alphaPorosity_1123      c     0.000000E+00     1.314487E-04     1.000000E+00           
[2024/01/07 07:20:07]         1124  alphaPorosity_1124      c     0.000000E+00     1.310111E-04     1.000000E+00           
[2024/01/07 07:20:07]         1125  alphaPorosity_1125      c     0.000000E+00     1.304604E-04     1.000000E+00           
[2024/01/07 07:20:07]         1126  alphaPorosity_1126      c     0.000000E+00     1.297613E-04     1.000000E+00           
[2024/01/07 07:20:07]         1127  alphaPorosity_1127      c     0.000000E+00     1.288707E-04     1.000000E+00           
[2024/01/07 07:20:07]         1128  alphaPorosity_1128      c     0.000000E+00     1.277355E-04     1.000000E+00           
[2024/01/07 07:20:07]         1129  alphaPorosity_1129      c     0.000000E+00     1.262786E-04     1.000000E+00           
[2024/01/07 07:20:07]         1130  alphaPorosity_1130      c     0.000000E+00     1.243974E-04     1.000000E+00           
[2024/01/07 07:20:07]         1131  alphaPorosity_1131      c     0.000000E+00     1.219936E-04     1.000000E+00           
[2024/01/07 07:20:07]         1132  alphaPorosity_1132      c     0.000000E+00     1.189629E-04     1.000000E+00           
[2024/01/07 07:20:07]         1133  alphaPorosity_1133      c     0.000000E+00     1.147812E-04     1.000000E+00           
[2024/01/07 07:20:07]         1134  alphaPorosity_1134      c     0.000000E+00     1.092592E-04     1.000000E+00           
[2024/01/07 07:20:07]         1135  alphaPorosity_1135      c     0.000000E+00     1.018704E-04     1.000000E+00           
[2024/01/07 07:20:07]         1136  alphaPorosity_1136      c     0.000000E+00     1.385766E-04     1.000000E+00           
[2024/01/07 07:20:07]         1137  alphaPorosity_1137      c     0.000000E+00     1.386586E-04     1.000000E+00           
[2024/01/07 07:20:07]         1138  alphaPorosity_1138      c     0.000000E+00     1.387411E-04     1.000000E+00           
[2024/01/07 07:20:07]         1139  alphaPorosity_1139      c     0.000000E+00     1.388186E-04     1.000000E+00           
[2024/01/07 07:20:07]         1140  alphaPorosity_1140      c     0.000000E+00     1.388831E-04     1.000000E+00           
[2024/01/07 07:20:07]         1141  alphaPorosity_1141      c     0.000000E+00     1.389232E-04     1.000000E+00           
[2024/01/07 07:20:07]         1142  alphaPorosity_1142      c     0.000000E+00     1.389192E-04     1.000000E+00           
[2024/01/07 07:20:07]         1143  alphaPorosity_1143      c     0.000000E+00     1.388364E-04     1.000000E+00           
[2024/01/07 07:20:07]         1144  alphaPorosity_1144      c     0.000000E+00     1.386184E-04     1.000000E+00           
[2024/01/07 07:20:07]         1145  alphaPorosity_1145      c     0.000000E+00     1.381583E-04     1.000000E+00           
[2024/01/07 07:20:07]         1146  alphaPorosity_1146      c     0.000000E+00     1.372693E-04     1.000000E+00           
[2024/01/07 07:20:07]         1147  alphaPorosity_1147      c     0.000000E+00     1.357656E-04     1.000000E+00           
[2024/01/07 07:20:07]         1148  alphaPorosity_1148      c     0.000000E+00     1.335240E-04     1.000000E+00           
[2024/01/07 07:20:07]         1149  alphaPorosity_1149      c     0.000000E+00     1.300915E-04     1.000000E+00           
[2024/01/07 07:20:07]         1150  alphaPorosity_1150      c     0.000000E+00     1.240248E-04     1.000000E+00           
[2024/01/07 07:20:07]         1151  alphaPorosity_1151      c     0.000000E+00     1.152457E-04     1.000000E+00           
[2024/01/07 07:20:07]         1152  alphaPorosity_1152      c     0.000000E+00     1.074118E-04     1.000000E+00           
[2024/01/07 07:20:07]         1153  alphaPorosity_1153      c     0.000000E+00     1.582433E-04     1.000000E+00           
[2024/01/07 07:20:07]         1154  alphaPorosity_1154      c     0.000000E+00     1.583353E-04     1.000000E+00           
[2024/01/07 07:20:07]         1155  alphaPorosity_1155      c     0.000000E+00     1.583935E-04     1.000000E+00           
[2024/01/07 07:20:07]         1156  alphaPorosity_1156      c     0.000000E+00     1.584079E-04     1.000000E+00           
[2024/01/07 07:20:07]         1157  alphaPorosity_1157      c     0.000000E+00     1.583561E-04     1.000000E+00           
[2024/01/07 07:20:07]         1158  alphaPorosity_1158      c     0.000000E+00     1.582068E-04     1.000000E+00           
[2024/01/07 07:20:07]         1159  alphaPorosity_1159      c     0.000000E+00     1.579337E-04     1.000000E+00           
[2024/01/07 07:20:07]         1160  alphaPorosity_1160      c     0.000000E+00     1.574964E-04     1.000000E+00           
[2024/01/07 07:20:07]         1161  alphaPorosity_1161      c     0.000000E+00     1.568372E-04     1.000000E+00           
[2024/01/07 07:20:07]         1162  alphaPorosity_1162      c     0.000000E+00     1.558427E-04     1.000000E+00           
[2024/01/07 07:20:07]         1163  alphaPorosity_1163      c     0.000000E+00     1.543466E-04     1.000000E+00           
[2024/01/07 07:20:07]         1164  alphaPorosity_1164      c     0.000000E+00     1.522325E-04     1.000000E+00           
[2024/01/07 07:20:07]         1165  alphaPorosity_1165      c     0.000000E+00     1.486556E-04     1.000000E+00           
[2024/01/07 07:20:07]         1166  alphaPorosity_1166      c     0.000000E+00     1.438280E-04     1.000000E+00           
[2024/01/07 07:20:07]         1167  alphaPorosity_1167      c     0.000000E+00     1.355835E-04     1.000000E+00           
[2024/01/07 07:20:07]         1168  alphaPorosity_1168      c     0.000000E+00     1.239264E-04     1.000000E+00           
[2024/01/07 07:20:07]         1169  alphaPorosity_1169      c     0.000000E+00     1.164717E-04     1.000000E+00           
[2024/01/07 07:20:07]         1170  alphaPorosity_1170      c     0.000000E+00     2.300879E-04     1.000000E+00           
[2024/01/07 07:20:07]         1171  alphaPorosity_1171      c     0.000000E+00     2.328789E-04     1.000000E+00           
[2024/01/07 07:20:07]         1172  alphaPorosity_1172      c     0.000000E+00     2.360537E-04     1.000000E+00           
[2024/01/07 07:20:07]         1173  alphaPorosity_1173      c     0.000000E+00     2.397067E-04     1.000000E+00           
[2024/01/07 07:20:07]         1174  alphaPorosity_1174      c     0.000000E+00     2.439461E-04     1.000000E+00           
[2024/01/07 07:20:07]         1175  alphaPorosity_1175      c     0.000000E+00     2.489616E-04     1.000000E+00           
[2024/01/07 07:20:07]         1176  alphaPorosity_1176      c     0.000000E+00     2.550735E-04     1.000000E+00           
[2024/01/07 07:20:07]         1177  alphaPorosity_1177      c     0.000000E+00     2.614976E-04     1.000000E+00           
[2024/01/07 07:20:07]         1178  alphaPorosity_1178      c     0.000000E+00     2.693368E-04     1.000000E+00           
[2024/01/07 07:20:07]         1179  alphaPorosity_1179      c     0.000000E+00     2.792344E-04     1.000000E+00           
[2024/01/07 07:20:07]         1180  alphaPorosity_1180      c     0.000000E+00     2.921584E-04     1.000000E+00           
[2024/01/07 07:20:07]         1181  alphaPorosity_1181      c     0.000000E+00     3.088988E-04     1.000000E+00           
[2024/01/07 07:20:07]         1182  alphaPorosity_1182      c     0.000000E+00     3.402927E-04     1.000000E+00           
[2024/01/07 07:20:07]         1183  alphaPorosity_1183      c     0.000000E+00     3.962986E-04     1.000000E+00           
[2024/01/07 07:20:07]         1184  alphaPorosity_1184      c     0.000000E+00     5.074993E-04     1.000000E+00           
[2024/01/07 07:20:07]         1185  alphaPorosity_1185      c     0.000000E+00     7.562219E-04     1.000000E+00           
[2024/01/07 07:20:07]         1186  alphaPorosity_1186      c     0.000000E+00     1.538120E-03     1.000000E+00           
[2024/01/07 07:20:07]         1187  alphaPorosity_1187      c     0.000000E+00     4.706477E-04     1.000000E+00           
[2024/01/07 07:20:07]         1188  alphaPorosity_1188      c     0.000000E+00     4.863573E-04     1.000000E+00           
[2024/01/07 07:20:07]         1189  alphaPorosity_1189      c     0.000000E+00     5.043885E-04     1.000000E+00           
[2024/01/07 07:20:07]         1190  alphaPorosity_1190      c     0.000000E+00     5.253484E-04     1.000000E+00           
[2024/01/07 07:20:07]         1191  alphaPorosity_1191      c     0.000000E+00     5.502498E-04     1.000000E+00           
[2024/01/07 07:20:07]         1192  alphaPorosity_1192      c     0.000000E+00     5.800394E-04     1.000000E+00           
[2024/01/07 07:20:07]         1193  alphaPorosity_1193      c     0.000000E+00     6.144126E-04     1.000000E+00           
[2024/01/07 07:20:07]         1194  alphaPorosity_1194      c     0.000000E+00     6.665569E-04     1.000000E+00           
[2024/01/07 07:20:07]         1195  alphaPorosity_1195      c     0.000000E+00     7.374484E-04     1.000000E+00           
[2024/01/07 07:20:07]         1196  alphaPorosity_1196      c     0.000000E+00     8.402505E-04     1.000000E+00           
[2024/01/07 07:20:07]         1197  alphaPorosity_1197      c     0.000000E+00     1.001599E-03     1.000000E+00           
[2024/01/07 07:20:07]         1198  alphaPorosity_1198      c     0.000000E+00     1.293385E-03     1.000000E+00           
[2024/01/07 07:20:07]         1199  alphaPorosity_1199      c     0.000000E+00     1.842439E-03     1.000000E+00           
[2024/01/07 07:20:07]         1200  alphaPorosity_1200      c     0.000000E+00     3.150379E-03     1.000000E+00           
[2024/01/07 07:20:07]         1201  alphaPorosity_1201      c     0.000000E+00     7.827742E-03     1.000000E+00           
[2024/01/07 07:20:07]         1202  alphaPorosity_1202      c     0.000000E+00     4.158368E-02     1.000000E+00           
[2024/01/07 07:20:07]         1203  alphaPorosity_1203      c     0.000000E+00     6.009408E-02     1.000000E+00           
[2024/01/07 07:20:07]         1204  alphaPorosity_1204      c     0.000000E+00     1.535452E-03     1.000000E+00           
[2024/01/07 07:20:07]         1205  alphaPorosity_1205      c     0.000000E+00     1.654423E-03     1.000000E+00           
[2024/01/07 07:20:07]         1206  alphaPorosity_1206      c     0.000000E+00     1.803258E-03     1.000000E+00           
[2024/01/07 07:20:07]         1207  alphaPorosity_1207      c     0.000000E+00     1.994571E-03     1.000000E+00           
[2024/01/07 07:20:07]         1208  alphaPorosity_1208      c     0.000000E+00     2.248304E-03     1.000000E+00           
[2024/01/07 07:20:07]         1209  alphaPorosity_1209      c     0.000000E+00     2.600134E-03     1.000000E+00           
[2024/01/07 07:20:07]         1210  alphaPorosity_1210      c     0.000000E+00     3.138050E-03     1.000000E+00           
[2024/01/07 07:20:07]         1211  alphaPorosity_1211      c     0.000000E+00     3.899570E-03     1.000000E+00           
[2024/01/07 07:20:07]         1212  alphaPorosity_1212      c     0.000000E+00     5.097986E-03     1.000000E+00           
[2024/01/07 07:20:07]         1213  alphaPorosity_1213      c     0.000000E+00     7.106743E-03     1.000000E+00           
[2024/01/07 07:20:07]         1214  alphaPorosity_1214      c     0.000000E+00     1.073874E-02     1.000000E+00           
[2024/01/07 07:20:07]         1215  alphaPorosity_1215      c     0.000000E+00     1.718227E-02     1.000000E+00           
[2024/01/07 07:20:07]         1216  alphaPorosity_1216      c     0.000000E+00     2.721813E-02     1.000000E+00           
[2024/01/07 07:20:07]         1217  alphaPorosity_1217      c     0.000000E+00     3.633938E-02     1.000000E+00           
[2024/01/07 07:20:07]         1218  alphaPorosity_1218      c     0.000000E+00     4.057660E-02     1.000000E+00           
[2024/01/07 07:20:07]         1219  alphaPorosity_1219      c     0.000000E+00     4.140120E-02     1.000000E+00           
[2024/01/07 07:20:07]         1220  alphaPorosity_1220      c     0.000000E+00     3.631075E-02     1.000000E+00           
[2024/01/07 07:20:07]         1221  alphaPorosity_1221      c     0.000000E+00     1.295989E-02     1.000000E+00           
[2024/01/07 07:20:07]         1222  alphaPorosity_1222      c     0.000000E+00     1.452060E-02     1.000000E+00           
[2024/01/07 07:20:07]         1223  alphaPorosity_1223      c     0.000000E+00     1.637449E-02     1.000000E+00           
[2024/01/07 07:20:07]         1224  alphaPorosity_1224      c     0.000000E+00     1.847800E-02     1.000000E+00           
[2024/01/07 07:20:07]         1225  alphaPorosity_1225      c     0.000000E+00     2.083042E-02     1.000000E+00           
[2024/01/07 07:20:07]         1226  alphaPorosity_1226      c     0.000000E+00     2.333065E-02     1.000000E+00           
[2024/01/07 07:20:07]         1227  alphaPorosity_1227      c     0.000000E+00     2.584329E-02     1.000000E+00           
[2024/01/07 07:20:07]         1228  alphaPorosity_1228      c     0.000000E+00     2.816207E-02     1.000000E+00           
[2024/01/07 07:20:07]         1229  alphaPorosity_1229      c     0.000000E+00     3.023511E-02     1.000000E+00           
[2024/01/07 07:20:07]         1230  alphaPorosity_1230      c     0.000000E+00     3.191918E-02     1.000000E+00           
[2024/01/07 07:20:07]         1231  alphaPorosity_1231      c     0.000000E+00     3.314535E-02     1.000000E+00           
[2024/01/07 07:20:07]         1232  alphaPorosity_1232      c     0.000000E+00     3.396241E-02     1.000000E+00           
[2024/01/07 07:20:07]         1233  alphaPorosity_1233      c     0.000000E+00     3.459425E-02     1.000000E+00           
[2024/01/07 07:20:07]         1234  alphaPorosity_1234      c     0.000000E+00     3.520565E-02     1.000000E+00           
[2024/01/07 07:20:07]         1235  alphaPorosity_1235      c     0.000000E+00     3.562754E-02     1.000000E+00           
[2024/01/07 07:20:07]         1236  alphaPorosity_1236      c     0.000000E+00     3.516340E-02     1.000000E+00           
[2024/01/07 07:20:07]         1237  alphaPorosity_1237      c     0.000000E+00     3.283674E-02     1.000000E+00           
[2024/01/07 07:20:07]         1238  alphaPorosity_1238      c     0.000000E+00     3.042337E-02     1.000000E+00           
[2024/01/07 07:20:07]         1239  alphaPorosity_1239      c     0.000000E+00     3.066840E-02     1.000000E+00           
[2024/01/07 07:20:07]         1240  alphaPorosity_1240      c     0.000000E+00     3.090671E-02     1.000000E+00           
[2024/01/07 07:20:07]         1241  alphaPorosity_1241      c     0.000000E+00     3.113188E-02     1.000000E+00           
[2024/01/07 07:20:07]         1242  alphaPorosity_1242      c     0.000000E+00     3.135108E-02     1.000000E+00           
[2024/01/07 07:20:07]         1243  alphaPorosity_1243      c     0.000000E+00     3.156473E-02     1.000000E+00           
[2024/01/07 07:20:07]         1244  alphaPorosity_1244      c     0.000000E+00     3.177212E-02     1.000000E+00           
[2024/01/07 07:20:07]         1245  alphaPorosity_1245      c     0.000000E+00     3.198558E-02     1.000000E+00           
[2024/01/07 07:20:07]         1246  alphaPorosity_1246      c     0.000000E+00     3.222379E-02     1.000000E+00           
[2024/01/07 07:20:07]         1247  alphaPorosity_1247      c     0.000000E+00     3.248705E-02     1.000000E+00           
[2024/01/07 07:20:07]         1248  alphaPorosity_1248      c     0.000000E+00     3.276503E-02     1.000000E+00           
[2024/01/07 07:20:07]         1249  alphaPorosity_1249      c     0.000000E+00     3.304631E-02     1.000000E+00           
[2024/01/07 07:20:07]         1250  alphaPorosity_1250      c     0.000000E+00     3.332512E-02     1.000000E+00           
[2024/01/07 07:20:07]         1251  alphaPorosity_1251      c     0.000000E+00     3.359022E-02     1.000000E+00           
[2024/01/07 07:20:07]         1252  alphaPorosity_1252      c     0.000000E+00     3.375239E-02     1.000000E+00           
[2024/01/07 07:20:07]         1253  alphaPorosity_1253      c     0.000000E+00     3.349245E-02     1.000000E+00           
[2024/01/07 07:20:07]         1254  alphaPorosity_1254      c     0.000000E+00     3.213328E-02     1.000000E+00           
[2024/01/07 07:20:07]         1255  alphaPorosity_1255      c     0.000000E+00     3.151069E-02     1.000000E+00           
[2024/01/07 07:20:07]         1256  alphaPorosity_1256      c     0.000000E+00     3.154179E-02     1.000000E+00           
[2024/01/07 07:20:07]         1257  alphaPorosity_1257      c     0.000000E+00     3.157988E-02     1.000000E+00           
[2024/01/07 07:20:07]         1258  alphaPorosity_1258      c     0.000000E+00     3.162640E-02     1.000000E+00           
[2024/01/07 07:20:07]         1259  alphaPorosity_1259      c     0.000000E+00     3.168402E-02     1.000000E+00           
[2024/01/07 07:20:07]         1260  alphaPorosity_1260      c     0.000000E+00     3.175409E-02     1.000000E+00           
[2024/01/07 07:20:07]         1261  alphaPorosity_1261      c     0.000000E+00     3.183718E-02     1.000000E+00           
[2024/01/07 07:20:07]         1262  alphaPorosity_1262      c     0.000000E+00     3.193535E-02     1.000000E+00           
[2024/01/07 07:20:07]         1263  alphaPorosity_1263      c     0.000000E+00     3.205070E-02     1.000000E+00           
[2024/01/07 07:20:07]         1264  alphaPorosity_1264      c     0.000000E+00     3.218178E-02     1.000000E+00           
[2024/01/07 07:20:07]         1265  alphaPorosity_1265      c     0.000000E+00     3.232485E-02     1.000000E+00           
[2024/01/07 07:20:07]         1266  alphaPorosity_1266      c     0.000000E+00     3.247483E-02     1.000000E+00           
[2024/01/07 07:20:07]         1267  alphaPorosity_1267      c     0.000000E+00     3.262413E-02     1.000000E+00           
[2024/01/07 07:20:07]         1268  alphaPorosity_1268      c     0.000000E+00     3.275429E-02     1.000000E+00           
[2024/01/07 07:20:07]         1269  alphaPorosity_1269      c     0.000000E+00     3.280638E-02     1.000000E+00           
[2024/01/07 07:20:07]         1270  alphaPorosity_1270      c     0.000000E+00     3.259751E-02     1.000000E+00           
[2024/01/07 07:20:07]         1271  alphaPorosity_1271      c     0.000000E+00     3.172127E-02     1.000000E+00           
[2024/01/07 07:20:07]         1272  alphaPorosity_1272      c     0.000000E+00     3.156233E-02     1.000000E+00           
[2024/01/07 07:20:07]         1273  alphaPorosity_1273      c     0.000000E+00     3.157812E-02     1.000000E+00           
[2024/01/07 07:20:07]         1274  alphaPorosity_1274      c     0.000000E+00     3.159918E-02     1.000000E+00           
[2024/01/07 07:20:07]         1275  alphaPorosity_1275      c     0.000000E+00     3.162641E-02     1.000000E+00           
[2024/01/07 07:20:07]         1276  alphaPorosity_1276      c     0.000000E+00     3.166081E-02     1.000000E+00           
[2024/01/07 07:20:07]         1277  alphaPorosity_1277      c     0.000000E+00     3.170309E-02     1.000000E+00           
[2024/01/07 07:20:07]         1278  alphaPorosity_1278      c     0.000000E+00     3.175363E-02     1.000000E+00           
[2024/01/07 07:20:07]         1279  alphaPorosity_1279      c     0.000000E+00     3.181286E-02     1.000000E+00           
[2024/01/07 07:20:07]         1280  alphaPorosity_1280      c     0.000000E+00     3.188075E-02     1.000000E+00           
[2024/01/07 07:20:07]         1281  alphaPorosity_1281      c     0.000000E+00     3.195597E-02     1.000000E+00           
[2024/01/07 07:20:07]         1282  alphaPorosity_1282      c     0.000000E+00     3.203606E-02     1.000000E+00           
[2024/01/07 07:20:07]         1283  alphaPorosity_1283      c     0.000000E+00     3.211749E-02     1.000000E+00           
[2024/01/07 07:20:07]         1284  alphaPorosity_1284      c     0.000000E+00     3.219470E-02     1.000000E+00           
[2024/01/07 07:20:07]         1285  alphaPorosity_1285      c     0.000000E+00     3.225507E-02     1.000000E+00           
[2024/01/07 07:20:07]         1286  alphaPorosity_1286      c     0.000000E+00     3.226101E-02     1.000000E+00           
[2024/01/07 07:20:07]         1287  alphaPorosity_1287      c     0.000000E+00     3.209594E-02     1.000000E+00           
[2024/01/07 07:20:07]         1288  alphaPorosity_1288      c     0.000000E+00     3.149809E-02     1.000000E+00           
[2024/01/07 07:20:07]         1289  alphaPorosity_1289      c     0.000000E+00     3.155014E-02     1.000000E+00           
[2024/01/07 07:20:07]         1290  alphaPorosity_1290      c     0.000000E+00     3.155911E-02     1.000000E+00           
[2024/01/07 07:20:07]         1291  alphaPorosity_1291      c     0.000000E+00     3.157168E-02     1.000000E+00           
[2024/01/07 07:20:07]         1292  alphaPorosity_1292      c     0.000000E+00     3.158821E-02     1.000000E+00           
[2024/01/07 07:20:07]         1293  alphaPorosity_1293      c     0.000000E+00     3.160901E-02     1.000000E+00           
[2024/01/07 07:20:07]         1294  alphaPorosity_1294      c     0.000000E+00     3.163428E-02     1.000000E+00           
[2024/01/07 07:20:07]         1295  alphaPorosity_1295      c     0.000000E+00     3.166401E-02     1.000000E+00           
[2024/01/07 07:20:07]         1296  alphaPorosity_1296      c     0.000000E+00     3.169809E-02     1.000000E+00           
[2024/01/07 07:20:07]         1297  alphaPorosity_1297      c     0.000000E+00     3.173608E-02     1.000000E+00           
[2024/01/07 07:20:07]         1298  alphaPorosity_1298      c     0.000000E+00     3.177709E-02     1.000000E+00           
[2024/01/07 07:20:07]         1299  alphaPorosity_1299      c     0.000000E+00     3.181972E-02     1.000000E+00           
[2024/01/07 07:20:07]         1300  alphaPorosity_1300      c     0.000000E+00     3.186190E-02     1.000000E+00           
[2024/01/07 07:20:07]         1301  alphaPorosity_1301      c     0.000000E+00     3.190016E-02     1.000000E+00           
[2024/01/07 07:20:07]         1302  alphaPorosity_1302      c     0.000000E+00     3.192618E-02     1.000000E+00           
[2024/01/07 07:20:07]         1303  alphaPorosity_1303      c     0.000000E+00     3.191480E-02     1.000000E+00           
[2024/01/07 07:20:07]         1304  alphaPorosity_1304      c     0.000000E+00     3.178682E-02     1.000000E+00           
[2024/01/07 07:20:07]         1305  alphaPorosity_1305      c     0.000000E+00     3.136370E-02     1.000000E+00           
[2024/01/07 07:20:07]         1306  alphaPorosity_1306      c     0.000000E+00     3.152476E-02     1.000000E+00           
[2024/01/07 07:20:07]         1307  alphaPorosity_1307      c     0.000000E+00     3.152751E-02     1.000000E+00           
[2024/01/07 07:20:07]         1308  alphaPorosity_1308      c     0.000000E+00     3.153260E-02     1.000000E+00           
[2024/01/07 07:20:07]         1309  alphaPorosity_1309      c     0.000000E+00     3.154012E-02     1.000000E+00           
[2024/01/07 07:20:07]         1310  alphaPorosity_1310      c     0.000000E+00     3.155012E-02     1.000000E+00           
[2024/01/07 07:20:07]         1311  alphaPorosity_1311      c     0.000000E+00     3.156258E-02     1.000000E+00           
[2024/01/07 07:20:07]         1312  alphaPorosity_1312      c     0.000000E+00     3.157737E-02     1.000000E+00           
[2024/01/07 07:20:07]         1313  alphaPorosity_1313      c     0.000000E+00     3.159428E-02     1.000000E+00           
[2024/01/07 07:20:07]         1314  alphaPorosity_1314      c     0.000000E+00     3.161296E-02     1.000000E+00           
[2024/01/07 07:20:07]         1315  alphaPorosity_1315      c     0.000000E+00     3.163286E-02     1.000000E+00           
[2024/01/07 07:20:07]         1316  alphaPorosity_1316      c     0.000000E+00     3.165322E-02     1.000000E+00           
[2024/01/07 07:20:07]         1317  alphaPorosity_1317      c     0.000000E+00     3.167292E-02     1.000000E+00           
[2024/01/07 07:20:07]         1318  alphaPorosity_1318      c     0.000000E+00     3.168984E-02     1.000000E+00           
[2024/01/07 07:20:07]         1319  alphaPorosity_1319      c     0.000000E+00     3.169849E-02     1.000000E+00           
[2024/01/07 07:20:07]         1320  alphaPorosity_1320      c     0.000000E+00     3.168143E-02     1.000000E+00           
[2024/01/07 07:20:07]         1321  alphaPorosity_1321      c     0.000000E+00     3.158285E-02     1.000000E+00           
[2024/01/07 07:20:07]         1322  alphaPorosity_1322      c     0.000000E+00     3.127640E-02     1.000000E+00           
[2024/01/07 07:20:07]         1323  alphaPorosity_1323      c     0.000000E+00     3.149350E-02     1.000000E+00           
[2024/01/07 07:20:07]         1324  alphaPorosity_1324      c     0.000000E+00     3.149063E-02     1.000000E+00           
[2024/01/07 07:20:07]         1325  alphaPorosity_1325      c     0.000000E+00     3.148925E-02     1.000000E+00           
[2024/01/07 07:20:07]         1326  alphaPorosity_1326      c     0.000000E+00     3.148937E-02     1.000000E+00           
[2024/01/07 07:20:07]         1327  alphaPorosity_1327      c     0.000000E+00     3.149092E-02     1.000000E+00           
[2024/01/07 07:20:07]         1328  alphaPorosity_1328      c     0.000000E+00     3.149383E-02     1.000000E+00           
[2024/01/07 07:20:07]         1329  alphaPorosity_1329      c     0.000000E+00     3.149799E-02     1.000000E+00           
[2024/01/07 07:20:07]         1330  alphaPorosity_1330      c     0.000000E+00     3.150324E-02     1.000000E+00           
[2024/01/07 07:20:07]         1331  alphaPorosity_1331      c     0.000000E+00     3.150938E-02     1.000000E+00           
[2024/01/07 07:20:07]         1332  alphaPorosity_1332      c     0.000000E+00     3.151614E-02     1.000000E+00           
[2024/01/07 07:20:07]         1333  alphaPorosity_1333      c     0.000000E+00     3.152316E-02     1.000000E+00           
[2024/01/07 07:20:07]         1334  alphaPorosity_1334      c     0.000000E+00     3.152987E-02     1.000000E+00           
[2024/01/07 07:20:07]         1335  alphaPorosity_1335      c     0.000000E+00     3.153502E-02     1.000000E+00           
[2024/01/07 07:20:07]         1336  alphaPorosity_1336      c     0.000000E+00     3.153489E-02     1.000000E+00           
[2024/01/07 07:20:07]         1337  alphaPorosity_1337      c     0.000000E+00     3.151709E-02     1.000000E+00           
[2024/01/07 07:20:07]         1338  alphaPorosity_1338      c     0.000000E+00     3.144141E-02     1.000000E+00           
[2024/01/07 07:20:07]         1339  alphaPorosity_1339      c     0.000000E+00     3.121653E-02     1.000000E+00           
[2024/01/07 07:20:07]         1340  alphaPorosity_1340      c     0.000000E+00     3.145225E-02     1.000000E+00           
[2024/01/07 07:20:07]         1341  alphaPorosity_1341      c     0.000000E+00     3.144557E-02     1.000000E+00           
[2024/01/07 07:20:07]         1342  alphaPorosity_1342      c     0.000000E+00     3.143982E-02     1.000000E+00           
[2024/01/07 07:20:07]         1343  alphaPorosity_1343      c     0.000000E+00     3.143494E-02     1.000000E+00           
[2024/01/07 07:20:07]         1344  alphaPorosity_1344      c     0.000000E+00     3.143090E-02     1.000000E+00           
[2024/01/07 07:20:07]         1345  alphaPorosity_1345      c     0.000000E+00     3.142761E-02     1.000000E+00           
[2024/01/07 07:20:07]         1346  alphaPorosity_1346      c     0.000000E+00     3.142503E-02     1.000000E+00           
[2024/01/07 07:20:07]         1347  alphaPorosity_1347      c     0.000000E+00     3.142306E-02     1.000000E+00           
[2024/01/07 07:20:07]         1348  alphaPorosity_1348      c     0.000000E+00     3.142163E-02     1.000000E+00           
[2024/01/07 07:20:07]         1349  alphaPorosity_1349      c     0.000000E+00     3.142062E-02     1.000000E+00           
[2024/01/07 07:20:07]         1350  alphaPorosity_1350      c     0.000000E+00     3.141978E-02     1.000000E+00           
[2024/01/07 07:20:07]         1351  alphaPorosity_1351      c     0.000000E+00     3.141836E-02     1.000000E+00           
[2024/01/07 07:20:07]         1352  alphaPorosity_1352      c     0.000000E+00     3.141383E-02     1.000000E+00           
[2024/01/07 07:20:07]         1353  alphaPorosity_1353      c     0.000000E+00     3.139726E-02     1.000000E+00           
[2024/01/07 07:20:07]         1354  alphaPorosity_1354      c     0.000000E+00     3.133942E-02     1.000000E+00           
[2024/01/07 07:20:07]         1355  alphaPorosity_1355      c     0.000000E+00     3.117369E-02     1.000000E+00           
[2024/01/07 07:20:07]         1356  alphaPorosity_1356      c     0.000000E+00     3.141479E-02     1.000000E+00           
[2024/01/07 07:20:07]         1357  alphaPorosity_1357      c     0.000000E+00     3.140388E-02     1.000000E+00           
[2024/01/07 07:20:07]         1358  alphaPorosity_1358      c     0.000000E+00     3.139362E-02     1.000000E+00           
[2024/01/07 07:20:07]         1359  alphaPorosity_1359      c     0.000000E+00     3.138400E-02     1.000000E+00           
[2024/01/07 07:20:07]         1360  alphaPorosity_1360      c     0.000000E+00     3.137499E-02     1.000000E+00           
[2024/01/07 07:20:07]         1361  alphaPorosity_1361      c     0.000000E+00     3.136657E-02     1.000000E+00           
[2024/01/07 07:20:07]         1362  alphaPorosity_1362      c     0.000000E+00     3.135875E-02     1.000000E+00           
[2024/01/07 07:20:07]         1363  alphaPorosity_1363      c     0.000000E+00     3.135156E-02     1.000000E+00           
[2024/01/07 07:20:07]         1364  alphaPorosity_1364      c     0.000000E+00     3.134503E-02     1.000000E+00           
[2024/01/07 07:20:07]         1365  alphaPorosity_1365      c     0.000000E+00     3.133917E-02     1.000000E+00           
[2024/01/07 07:20:07]         1366  alphaPorosity_1366      c     0.000000E+00     3.133390E-02     1.000000E+00           
[2024/01/07 07:20:07]         1367  alphaPorosity_1367      c     0.000000E+00     3.132882E-02     1.000000E+00           
[2024/01/07 07:20:07]         1368  alphaPorosity_1368      c     0.000000E+00     3.132217E-02     1.000000E+00           
[2024/01/07 07:20:07]         1369  alphaPorosity_1369      c     0.000000E+00     3.130752E-02     1.000000E+00           
[2024/01/07 07:20:07]         1370  alphaPorosity_1370      c     0.000000E+00     3.126365E-02     1.000000E+00           
[2024/01/07 07:20:07]         1371  alphaPorosity_1371      c     0.000000E+00     3.114203E-02     1.000000E+00           
[2024/01/07 07:20:07]         1372  alphaPorosity_1372      c     0.000000E+00     3.137984E-02     1.000000E+00           
[2024/01/07 07:20:07]         1373  alphaPorosity_1373      c     0.000000E+00     3.136567E-02     1.000000E+00           
[2024/01/07 07:20:07]         1374  alphaPorosity_1374      c     0.000000E+00     3.135204E-02     1.000000E+00           
[2024/01/07 07:20:07]         1375  alphaPorosity_1375      c     0.000000E+00     3.133896E-02     1.000000E+00           
[2024/01/07 07:20:07]         1376  alphaPorosity_1376      c     0.000000E+00     3.132643E-02     1.000000E+00           
[2024/01/07 07:20:07]         1377  alphaPorosity_1377      c     0.000000E+00     3.131450E-02     1.000000E+00           
[2024/01/07 07:20:07]         1378  alphaPorosity_1378      c     0.000000E+00     3.130323E-02     1.000000E+00           
[2024/01/07 07:20:07]         1379  alphaPorosity_1379      c     0.000000E+00     3.129269E-02     1.000000E+00           
[2024/01/07 07:20:07]         1380  alphaPorosity_1380      c     0.000000E+00     3.128297E-02     1.000000E+00           
[2024/01/07 07:20:07]         1381  alphaPorosity_1381      c     0.000000E+00     3.127418E-02     1.000000E+00           
[2024/01/07 07:20:07]         1382  alphaPorosity_1382      c     0.000000E+00     3.126634E-02     1.000000E+00           
[2024/01/07 07:20:07]         1383  alphaPorosity_1383      c     0.000000E+00     3.125923E-02     1.000000E+00           
[2024/01/07 07:20:07]         1384  alphaPorosity_1384      c     0.000000E+00     3.125164E-02     1.000000E+00           
[2024/01/07 07:20:07]         1385  alphaPorosity_1385      c     0.000000E+00     3.123902E-02     1.000000E+00           
[2024/01/07 07:20:07]         1386  alphaPorosity_1386      c     0.000000E+00     3.120616E-02     1.000000E+00           
[2024/01/07 07:20:07]         1387  alphaPorosity_1387      c     0.000000E+00     3.111810E-02     1.000000E+00           
[2024/01/07 07:20:07]         1388  alphaPorosity_1388      c     0.000000E+00     3.134839E-02     1.000000E+00           
[2024/01/07 07:20:07]         1389  alphaPorosity_1389      c     0.000000E+00     3.133176E-02     1.000000E+00           
[2024/01/07 07:20:07]         1390  alphaPorosity_1390      c     0.000000E+00     3.131565E-02     1.000000E+00           
[2024/01/07 07:20:07]         1391  alphaPorosity_1391      c     0.000000E+00     3.130009E-02     1.000000E+00           
[2024/01/07 07:20:07]         1392  alphaPorosity_1392      c     0.000000E+00     3.128512E-02     1.000000E+00           
[2024/01/07 07:20:07]         1393  alphaPorosity_1393      c     0.000000E+00     3.127081E-02     1.000000E+00           
[2024/01/07 07:20:07]         1394  alphaPorosity_1394      c     0.000000E+00     3.125727E-02     1.000000E+00           
[2024/01/07 07:20:07]         1395  alphaPorosity_1395      c     0.000000E+00     3.124459E-02     1.000000E+00           
[2024/01/07 07:20:07]         1396  alphaPorosity_1396      c     0.000000E+00     3.123291E-02     1.000000E+00           
[2024/01/07 07:20:07]         1397  alphaPorosity_1397      c     0.000000E+00     3.122236E-02     1.000000E+00           
[2024/01/07 07:20:07]         1398  alphaPorosity_1398      c     0.000000E+00     3.121303E-02     1.000000E+00           
[2024/01/07 07:20:07]         1399  alphaPorosity_1399      c     0.000000E+00     3.120481E-02     1.000000E+00           
[2024/01/07 07:20:07]         1400  alphaPorosity_1400      c     0.000000E+00     3.119692E-02     1.000000E+00           
[2024/01/07 07:20:07]         1401  alphaPorosity_1401      c     0.000000E+00     3.118619E-02     1.000000E+00           
[2024/01/07 07:20:07]         1402  alphaPorosity_1402      c     0.000000E+00     3.116201E-02     1.000000E+00           
[2024/01/07 07:20:07]         1403  alphaPorosity_1403      c     0.000000E+00     3.109977E-02     1.000000E+00           
[2024/01/07 07:20:07]         1404  alphaPorosity_1404      c     0.000000E+00     3.132108E-02     1.000000E+00           
[2024/01/07 07:20:07]         1405  alphaPorosity_1405      c     0.000000E+00     3.130262E-02     1.000000E+00           
[2024/01/07 07:20:07]         1406  alphaPorosity_1406      c     0.000000E+00     3.128471E-02     1.000000E+00           
[2024/01/07 07:20:07]         1407  alphaPorosity_1407      c     0.000000E+00     3.126739E-02     1.000000E+00           
[2024/01/07 07:20:07]         1408  alphaPorosity_1408      c     0.000000E+00     3.125075E-02     1.000000E+00           
[2024/01/07 07:20:07]         1409  alphaPorosity_1409      c     0.000000E+00     3.123485E-02     1.000000E+00           
[2024/01/07 07:20:07]         1410  alphaPorosity_1410      c     0.000000E+00     3.121983E-02     1.000000E+00           
[2024/01/07 07:20:07]         1411  alphaPorosity_1411      c     0.000000E+00     3.120581E-02     1.000000E+00           
[2024/01/07 07:20:07]         1412  alphaPorosity_1412      c     0.000000E+00     3.119293E-02     1.000000E+00           
[2024/01/07 07:20:07]         1413  alphaPorosity_1413      c     0.000000E+00     3.118133E-02     1.000000E+00           
[2024/01/07 07:20:07]         1414  alphaPorosity_1414      c     0.000000E+00     3.117115E-02     1.000000E+00           
[2024/01/07 07:20:07]         1415  alphaPorosity_1415      c     0.000000E+00     3.116235E-02     1.000000E+00           
[2024/01/07 07:20:07]         1416  alphaPorosity_1416      c     0.000000E+00     3.115446E-02     1.000000E+00           
[2024/01/07 07:20:07]         1417  alphaPorosity_1417      c     0.000000E+00     3.114539E-02     1.000000E+00           
[2024/01/07 07:20:07]         1418  alphaPorosity_1418      c     0.000000E+00     3.112802E-02     1.000000E+00           
[2024/01/07 07:20:07]         1419  alphaPorosity_1419      c     0.000000E+00     3.108569E-02     1.000000E+00           
[2024/01/07 07:20:07]         1420  alphaPorosity_1420      c     0.000000E+00     3.129824E-02     1.000000E+00           
[2024/01/07 07:20:07]         1421  alphaPorosity_1421      c     0.000000E+00     3.127846E-02     1.000000E+00           
[2024/01/07 07:20:07]         1422  alphaPorosity_1422      c     0.000000E+00     3.125928E-02     1.000000E+00           
[2024/01/07 07:20:07]         1423  alphaPorosity_1423      c     0.000000E+00     3.124075E-02     1.000000E+00           
[2024/01/07 07:20:07]         1424  alphaPorosity_1424      c     0.000000E+00     3.122297E-02     1.000000E+00           
[2024/01/07 07:20:07]         1425  alphaPorosity_1425      c     0.000000E+00     3.120603E-02     1.000000E+00           
[2024/01/07 07:20:07]         1426  alphaPorosity_1426      c     0.000000E+00     3.119006E-02     1.000000E+00           
[2024/01/07 07:20:07]         1427  alphaPorosity_1427      c     0.000000E+00     3.117519E-02     1.000000E+00           
[2024/01/07 07:20:07]         1428  alphaPorosity_1428      c     0.000000E+00     3.116159E-02     1.000000E+00           
[2024/01/07 07:20:07]         1429  alphaPorosity_1429      c     0.000000E+00     3.114939E-02     1.000000E+00           
[2024/01/07 07:20:07]         1430  alphaPorosity_1430      c     0.000000E+00     3.113874E-02     1.000000E+00           
[2024/01/07 07:20:07]         1431  alphaPorosity_1431      c     0.000000E+00     3.112966E-02     1.000000E+00           
[2024/01/07 07:20:07]         1432  alphaPorosity_1432      c     0.000000E+00     3.112191E-02     1.000000E+00           
[2024/01/07 07:20:07]         1433  alphaPorosity_1433      c     0.000000E+00     3.111420E-02     1.000000E+00           
[2024/01/07 07:20:07]         1434  alphaPorosity_1434      c     0.000000E+00     3.110211E-02     1.000000E+00           
[2024/01/07 07:20:07]         1435  alphaPorosity_1435      c     0.000000E+00     3.107497E-02     1.000000E+00           
[2024/01/07 07:20:07]         1436  alphaPorosity_1436      c     0.000000E+00     3.127992E-02     1.000000E+00           
[2024/01/07 07:20:07]         1437  alphaPorosity_1437      c     0.000000E+00     3.125923E-02     1.000000E+00           
[2024/01/07 07:20:07]         1438  alphaPorosity_1438      c     0.000000E+00     3.123919E-02     1.000000E+00           
[2024/01/07 07:20:07]         1439  alphaPorosity_1439      c     0.000000E+00     3.121986E-02     1.000000E+00           
[2024/01/07 07:20:07]         1440  alphaPorosity_1440      c     0.000000E+00     3.120135E-02     1.000000E+00           
[2024/01/07 07:20:07]         1441  alphaPorosity_1441      c     0.000000E+00     3.118375E-02     1.000000E+00           
[2024/01/07 07:20:07]         1442  alphaPorosity_1442      c     0.000000E+00     3.116721E-02     1.000000E+00           
[2024/01/07 07:20:07]         1443  alphaPorosity_1443      c     0.000000E+00     3.115186E-02     1.000000E+00           
[2024/01/07 07:20:07]         1444  alphaPorosity_1444      c     0.000000E+00     3.113785E-02     1.000000E+00           
[2024/01/07 07:20:07]         1445  alphaPorosity_1445      c     0.000000E+00     3.112532E-02     1.000000E+00           
[2024/01/07 07:20:07]         1446  alphaPorosity_1446      c     0.000000E+00     3.111442E-02     1.000000E+00           
[2024/01/07 07:20:07]         1447  alphaPorosity_1447      c     0.000000E+00     3.110523E-02     1.000000E+00           
[2024/01/07 07:20:07]         1448  alphaPorosity_1448      c     0.000000E+00     3.109766E-02     1.000000E+00           
[2024/01/07 07:20:07]         1449  alphaPorosity_1449      c     0.000000E+00     3.109104E-02     1.000000E+00           
[2024/01/07 07:20:07]         1450  alphaPorosity_1450      c     0.000000E+00     3.108289E-02     1.000000E+00           
[2024/01/07 07:20:07]         1451  alphaPorosity_1451      c     0.000000E+00     3.106703E-02     1.000000E+00           
[2024/01/07 07:20:07]         1452  alphaPorosity_1452      c     0.000000E+00     3.126496E-02     1.000000E+00           
[2024/01/07 07:20:07]         1453  alphaPorosity_1453      c     0.000000E+00     3.124383E-02     1.000000E+00           
[2024/01/07 07:20:07]         1454  alphaPorosity_1454      c     0.000000E+00     3.122338E-02     1.000000E+00           
[2024/01/07 07:20:07]         1455  alphaPorosity_1455      c     0.000000E+00     3.120369E-02     1.000000E+00           
[2024/01/07 07:20:07]         1456  alphaPorosity_1456      c     0.000000E+00     3.118487E-02     1.000000E+00           
[2024/01/07 07:20:07]         1457  alphaPorosity_1457      c     0.000000E+00     3.116702E-02     1.000000E+00           
[2024/01/07 07:20:07]         1458  alphaPorosity_1458      c     0.000000E+00     3.115025E-02     1.000000E+00           
[2024/01/07 07:20:07]         1459  alphaPorosity_1459      c     0.000000E+00     3.113473E-02     1.000000E+00           
[2024/01/07 07:20:07]         1460  alphaPorosity_1460      c     0.000000E+00     3.112060E-02     1.000000E+00           
[2024/01/07 07:20:07]         1461  alphaPorosity_1461      c     0.000000E+00     3.110799E-02     1.000000E+00           
[2024/01/07 07:20:07]         1462  alphaPorosity_1462      c     0.000000E+00     3.109706E-02     1.000000E+00           
[2024/01/07 07:20:07]         1463  alphaPorosity_1463      c     0.000000E+00     3.108790E-02     1.000000E+00           
[2024/01/07 07:20:07]         1464  alphaPorosity_1464      c     0.000000E+00     3.108056E-02     1.000000E+00           
[2024/01/07 07:20:07]         1465  alphaPorosity_1465      c     0.000000E+00     3.107475E-02     1.000000E+00           
[2024/01/07 07:20:07]         1466  alphaPorosity_1466      c     0.000000E+00     3.106942E-02     1.000000E+00           
[2024/01/07 07:20:07]         1467  alphaPorosity_1467      c     0.000000E+00     3.106148E-02     1.000000E+00           
[2024/01/07 07:20:07]         1468  alphaPorosity_1468      c     0.000000E+00     3.124505E-02     1.000000E+00           
[2024/01/07 07:20:07]         1469  alphaPorosity_1469      c     0.000000E+00     3.122483E-02     1.000000E+00           
[2024/01/07 07:20:07]         1470  alphaPorosity_1470      c     0.000000E+00     3.120528E-02     1.000000E+00           
[2024/01/07 07:20:07]         1471  alphaPorosity_1471      c     0.000000E+00     3.118648E-02     1.000000E+00           
[2024/01/07 07:20:07]         1472  alphaPorosity_1472      c     0.000000E+00     3.116852E-02     1.000000E+00           
[2024/01/07 07:20:07]         1473  alphaPorosity_1473      c     0.000000E+00     3.115151E-02     1.000000E+00           
[2024/01/07 07:20:07]         1474  alphaPorosity_1474      c     0.000000E+00     3.113557E-02     1.000000E+00           
[2024/01/07 07:20:07]         1475  alphaPorosity_1475      c     0.000000E+00     3.112084E-02     1.000000E+00           
[2024/01/07 07:20:07]         1476  alphaPorosity_1476      c     0.000000E+00     3.110744E-02     1.000000E+00           
[2024/01/07 07:20:07]         1477  alphaPorosity_1477      c     0.000000E+00     3.109551E-02     1.000000E+00           
[2024/01/07 07:20:07]         1478  alphaPorosity_1478      c     0.000000E+00     3.108518E-02     1.000000E+00           
[2024/01/07 07:20:07]         1479  alphaPorosity_1479      c     0.000000E+00     3.107656E-02     1.000000E+00           
[2024/01/07 07:20:07]         1480  alphaPorosity_1480      c     0.000000E+00     3.106975E-02     1.000000E+00           
[2024/01/07 07:20:07]         1481  alphaPorosity_1481      c     0.000000E+00     3.106473E-02     1.000000E+00           
[2024/01/07 07:20:07]         1482  alphaPorosity_1482      c     0.000000E+00     3.106125E-02     1.000000E+00           
[2024/01/07 07:20:07]         1483  alphaPorosity_1483      c     0.000000E+00     3.105814E-02     1.000000E+00           
[2024/01/07 07:20:07]         1484  alphaPorosity_1484      c     0.000000E+00     3.116898E-02     1.000000E+00           
[2024/01/07 07:20:07]         1485  alphaPorosity_1485      c     0.000000E+00     3.115658E-02     1.000000E+00           
[2024/01/07 07:20:07]         1486  alphaPorosity_1486      c     0.000000E+00     3.114460E-02     1.000000E+00           
[2024/01/07 07:20:07]         1487  alphaPorosity_1487      c     0.000000E+00     3.113310E-02     1.000000E+00           
[2024/01/07 07:20:07]         1488  alphaPorosity_1488      c     0.000000E+00     3.112212E-02     1.000000E+00           
[2024/01/07 07:20:07]         1489  alphaPorosity_1489      c     0.000000E+00     3.111173E-02     1.000000E+00           
[2024/01/07 07:20:07]         1490  alphaPorosity_1490      c     0.000000E+00     3.110201E-02     1.000000E+00           
[2024/01/07 07:20:07]         1491  alphaPorosity_1491      c     0.000000E+00     3.109304E-02     1.000000E+00           
[2024/01/07 07:20:07]         1492  alphaPorosity_1492      c     0.000000E+00     3.108488E-02     1.000000E+00           
[2024/01/07 07:20:07]         1493  alphaPorosity_1493      c     0.000000E+00     3.107763E-02     1.000000E+00           
[2024/01/07 07:20:07]         1494  alphaPorosity_1494      c     0.000000E+00     3.107137E-02     1.000000E+00           
[2024/01/07 07:20:07]         1495  alphaPorosity_1495      c     0.000000E+00     3.106615E-02     1.000000E+00           
[2024/01/07 07:20:07]         1496  alphaPorosity_1496      c     0.000000E+00     3.106206E-02     1.000000E+00           
[2024/01/07 07:20:07]         1497  alphaPorosity_1497      c     0.000000E+00     3.105914E-02     1.000000E+00           
[2024/01/07 07:20:07]         1498  alphaPorosity_1498      c     0.000000E+00     3.105745E-02     1.000000E+00           
[2024/01/07 07:20:07]         1499  alphaPorosity_1499      c     0.000000E+00     3.105673E-02     1.000000E+00           
[2024/01/07 07:20:07]         1500  alphaPorosity_1500      c     0.000000E+00     1.192264E-03     1.000000E+00           
[2024/01/07 07:20:07]         1501  alphaPorosity_1501      c     0.000000E+00     7.624085E-04     1.000000E+00           
[2024/01/07 07:20:07]         1502  alphaPorosity_1502      c     0.000000E+00     8.284851E-04     1.000000E+00           
[2024/01/07 07:20:07]         1503  alphaPorosity_1503      c     0.000000E+00     7.980597E-04     1.000000E+00           
[2024/01/07 07:20:07]         1504  alphaPorosity_1504      c     0.000000E+00     7.756743E-04     1.000000E+00           
[2024/01/07 07:20:07]         1505  alphaPorosity_1505      c     0.000000E+00     7.514614E-04     1.000000E+00           
[2024/01/07 07:20:07]         1506  alphaPorosity_1506      c     0.000000E+00     7.281557E-04     1.000000E+00           
[2024/01/07 07:20:07]         1507  alphaPorosity_1507      c     0.000000E+00     7.052751E-04     1.000000E+00           
[2024/01/07 07:20:07]         1508  alphaPorosity_1508      c     0.000000E+00     6.828276E-04     1.000000E+00           
[2024/01/07 07:20:07]         1509  alphaPorosity_1509      c     0.000000E+00     6.608000E-04     1.000000E+00           
[2024/01/07 07:20:07]         1510  alphaPorosity_1510      c     0.000000E+00     6.391996E-04     1.000000E+00           
[2024/01/07 07:20:07]         1511  alphaPorosity_1511      c     0.000000E+00     6.180352E-04     1.000000E+00           
[2024/01/07 07:20:07]         1512  alphaPorosity_1512      c     0.000000E+00     5.973205E-04     1.000000E+00           
[2024/01/07 07:20:07]         1513  alphaPorosity_1513      c     0.000000E+00     5.770720E-04     1.000000E+00           
[2024/01/07 07:20:07]         1514  alphaPorosity_1514      c     0.000000E+00     5.573079E-04     1.000000E+00           
[2024/01/07 07:20:07]         1515  alphaPorosity_1515      c     0.000000E+00     5.380463E-04     1.000000E+00           
[2024/01/07 07:20:07]         1516  alphaPorosity_1516      c     0.000000E+00     5.193048E-04     1.000000E+00           
[2024/01/07 07:20:07]         1517  alphaPorosity_1517      c     0.000000E+00     1.197228E-03     1.000000E+00           
[2024/01/07 07:20:07]         1518  alphaPorosity_1518      c     0.000000E+00     7.654545E-04     1.000000E+00           
[2024/01/07 07:20:07]         1519  alphaPorosity_1519      c     0.000000E+00     8.259842E-04     1.000000E+00           
[2024/01/07 07:20:07]         1520  alphaPorosity_1520      c     0.000000E+00     7.974290E-04     1.000000E+00           
[2024/01/07 07:20:07]         1521  alphaPorosity_1521      c     0.000000E+00     7.738297E-04     1.000000E+00           
[2024/01/07 07:20:07]         1522  alphaPorosity_1522      c     0.000000E+00     7.494785E-04     1.000000E+00           
[2024/01/07 07:20:07]         1523  alphaPorosity_1523      c     0.000000E+00     7.260690E-04     1.000000E+00           
[2024/01/07 07:20:07]         1524  alphaPorosity_1524      c     0.000000E+00     7.031342E-04     1.000000E+00           
[2024/01/07 07:20:07]         1525  alphaPorosity_1525      c     0.000000E+00     6.806388E-04     1.000000E+00           
[2024/01/07 07:20:07]         1526  alphaPorosity_1526      c     0.000000E+00     6.585650E-04     1.000000E+00           
[2024/01/07 07:20:07]         1527  alphaPorosity_1527      c     0.000000E+00     6.369189E-04     1.000000E+00           
[2024/01/07 07:20:07]         1528  alphaPorosity_1528      c     0.000000E+00     6.157103E-04     1.000000E+00           
[2024/01/07 07:20:07]         1529  alphaPorosity_1529      c     0.000000E+00     5.949535E-04     1.000000E+00           
[2024/01/07 07:20:07]         1530  alphaPorosity_1530      c     0.000000E+00     5.746662E-04     1.000000E+00           
[2024/01/07 07:20:07]         1531  alphaPorosity_1531      c     0.000000E+00     5.548671E-04     1.000000E+00           
[2024/01/07 07:20:07]         1532  alphaPorosity_1532      c     0.000000E+00     5.355749E-04     1.000000E+00           
[2024/01/07 07:20:07]         1533  alphaPorosity_1533      c     0.000000E+00     5.168074E-04     1.000000E+00           
[2024/01/07 07:20:07]         1534  alphaPorosity_1534      c     0.000000E+00     1.215898E-03     1.000000E+00           
[2024/01/07 07:20:07]         1535  alphaPorosity_1535      c     0.000000E+00     7.668072E-04     1.000000E+00           
[2024/01/07 07:20:07]         1536  alphaPorosity_1536      c     0.000000E+00     8.185593E-04     1.000000E+00           
[2024/01/07 07:20:07]         1537  alphaPorosity_1537      c     0.000000E+00     7.930444E-04     1.000000E+00           
[2024/01/07 07:20:07]         1538  alphaPorosity_1538      c     0.000000E+00     7.691321E-04     1.000000E+00           
[2024/01/07 07:20:07]         1539  alphaPorosity_1539      c     0.000000E+00     7.451050E-04     1.000000E+00           
[2024/01/07 07:20:07]         1540  alphaPorosity_1540      c     0.000000E+00     7.218107E-04     1.000000E+00           
[2024/01/07 07:20:07]         1541  alphaPorosity_1541      c     0.000000E+00     6.989013E-04     1.000000E+00           
[2024/01/07 07:20:07]         1542  alphaPorosity_1542      c     0.000000E+00     6.763725E-04     1.000000E+00           
[2024/01/07 07:20:07]         1543  alphaPorosity_1543      c     0.000000E+00     6.542351E-04     1.000000E+00           
[2024/01/07 07:20:07]         1544  alphaPorosity_1544      c     0.000000E+00     6.325116E-04     1.000000E+00           
[2024/01/07 07:20:07]         1545  alphaPorosity_1545      c     0.000000E+00     6.112218E-04     1.000000E+00           
[2024/01/07 07:20:07]         1546  alphaPorosity_1546      c     0.000000E+00     5.903857E-04     1.000000E+00           
[2024/01/07 07:20:07]         1547  alphaPorosity_1547      c     0.000000E+00     5.700246E-04     1.000000E+00           
[2024/01/07 07:20:07]         1548  alphaPorosity_1548      c     0.000000E+00     5.501592E-04     1.000000E+00           
[2024/01/07 07:20:07]         1549  alphaPorosity_1549      c     0.000000E+00     5.308094E-04     1.000000E+00           
[2024/01/07 07:20:07]         1550  alphaPorosity_1550      c     0.000000E+00     5.119934E-04     1.000000E+00           
[2024/01/07 07:20:07]         1551  alphaPorosity_1551      c     0.000000E+00     1.180826E-03     1.000000E+00           
[2024/01/07 07:20:07]         1552  alphaPorosity_1552      c     0.000000E+00     7.577468E-04     1.000000E+00           
[2024/01/07 07:20:07]         1553  alphaPorosity_1553      c     0.000000E+00     8.094150E-04     1.000000E+00           
[2024/01/07 07:20:07]         1554  alphaPorosity_1554      c     0.000000E+00     7.845379E-04     1.000000E+00           
[2024/01/07 07:20:07]         1555  alphaPorosity_1555      c     0.000000E+00     7.621019E-04     1.000000E+00           
[2024/01/07 07:20:07]         1556  alphaPorosity_1556      c     0.000000E+00     7.387754E-04     1.000000E+00           
[2024/01/07 07:20:07]         1557  alphaPorosity_1557      c     0.000000E+00     7.157327E-04     1.000000E+00           
[2024/01/07 07:20:07]         1558  alphaPorosity_1558      c     0.000000E+00     6.928595E-04     1.000000E+00           
[2024/01/07 07:20:07]         1559  alphaPorosity_1559      c     0.000000E+00     6.702591E-04     1.000000E+00           
[2024/01/07 07:20:07]         1560  alphaPorosity_1560      c     0.000000E+00     6.479997E-04     1.000000E+00           
[2024/01/07 07:20:07]         1561  alphaPorosity_1561      c     0.000000E+00     6.261352E-04     1.000000E+00           
[2024/01/07 07:20:07]         1562  alphaPorosity_1562      c     0.000000E+00     6.047021E-04     1.000000E+00           
[2024/01/07 07:20:07]         1563  alphaPorosity_1563      c     0.000000E+00     5.837297E-04     1.000000E+00           
[2024/01/07 07:20:07]         1564  alphaPorosity_1564      c     0.000000E+00     5.632437E-04     1.000000E+00           
[2024/01/07 07:20:07]         1565  alphaPorosity_1565      c     0.000000E+00     5.432674E-04     1.000000E+00           
[2024/01/07 07:20:07]         1566  alphaPorosity_1566      c     0.000000E+00     5.238215E-04     1.000000E+00           
[2024/01/07 07:20:07]         1567  alphaPorosity_1567      c     0.000000E+00     5.049249E-04     1.000000E+00           
[2024/01/07 07:20:07]         1568  alphaPorosity_1568      c     0.000000E+00     1.169092E-03     1.000000E+00           
[2024/01/07 07:20:07]         1569  alphaPorosity_1569      c     0.000000E+00     7.574982E-04     1.000000E+00           
[2024/01/07 07:20:07]         1570  alphaPorosity_1570      c     0.000000E+00     8.088029E-04     1.000000E+00           
[2024/01/07 07:20:07]         1571  alphaPorosity_1571      c     0.000000E+00     7.806854E-04     1.000000E+00           
[2024/01/07 07:20:07]         1572  alphaPorosity_1572      c     0.000000E+00     7.570568E-04     1.000000E+00           
[2024/01/07 07:20:07]         1573  alphaPorosity_1573      c     0.000000E+00     7.329032E-04     1.000000E+00           
[2024/01/07 07:20:07]         1574  alphaPorosity_1574      c     0.000000E+00     7.092501E-04     1.000000E+00           
[2024/01/07 07:20:07]         1575  alphaPorosity_1575      c     0.000000E+00     6.858973E-04     1.000000E+00           
[2024/01/07 07:20:07]         1576  alphaPorosity_1576      c     0.000000E+00     6.629021E-04     1.000000E+00           
[2024/01/07 07:20:07]         1577  alphaPorosity_1577      c     0.000000E+00     6.403070E-04     1.000000E+00           
[2024/01/07 07:20:07]         1578  alphaPorosity_1578      c     0.000000E+00     6.181524E-04     1.000000E+00           
[2024/01/07 07:20:07]         1579  alphaPorosity_1579      c     0.000000E+00     5.964670E-04     1.000000E+00           
[2024/01/07 07:20:07]         1580  alphaPorosity_1580      c     0.000000E+00     5.752749E-04     1.000000E+00           
[2024/01/07 07:20:07]         1581  alphaPorosity_1581      c     0.000000E+00     5.545988E-04     1.000000E+00           
[2024/01/07 07:20:07]         1582  alphaPorosity_1582      c     0.000000E+00     5.344594E-04     1.000000E+00           
[2024/01/07 07:20:07]         1583  alphaPorosity_1583      c     0.000000E+00     5.148756E-04     1.000000E+00           
[2024/01/07 07:20:07]         1584  alphaPorosity_1584      c     0.000000E+00     4.958649E-04     1.000000E+00           
[2024/01/07 07:20:07]         1585  alphaPorosity_1585      c     0.000000E+00     1.163165E-03     1.000000E+00           
[2024/01/07 07:20:07]         1586  alphaPorosity_1586      c     0.000000E+00     7.569676E-04     1.000000E+00           
[2024/01/07 07:20:07]         1587  alphaPorosity_1587      c     0.000000E+00     8.075694E-04     1.000000E+00           
[2024/01/07 07:20:07]         1588  alphaPorosity_1588      c     0.000000E+00     7.766915E-04     1.000000E+00           
[2024/01/07 07:20:07]         1589  alphaPorosity_1589      c     0.000000E+00     7.514643E-04     1.000000E+00           
[2024/01/07 07:20:07]         1590  alphaPorosity_1590      c     0.000000E+00     7.262484E-04     1.000000E+00           
[2024/01/07 07:20:07]         1591  alphaPorosity_1591      c     0.000000E+00     7.017710E-04     1.000000E+00           
[2024/01/07 07:20:07]         1592  alphaPorosity_1592      c     0.000000E+00     6.777545E-04     1.000000E+00           
[2024/01/07 07:20:07]         1593  alphaPorosity_1593      c     0.000000E+00     6.542128E-04     1.000000E+00           
[2024/01/07 07:20:07]         1594  alphaPorosity_1594      c     0.000000E+00     6.311595E-04     1.000000E+00           
[2024/01/07 07:20:07]         1595  alphaPorosity_1595      c     0.000000E+00     6.086163E-04     1.000000E+00           
[2024/01/07 07:20:07]         1596  alphaPorosity_1596      c     0.000000E+00     5.865991E-04     1.000000E+00           
[2024/01/07 07:20:07]         1597  alphaPorosity_1597      c     0.000000E+00     5.651232E-04     1.000000E+00           
[2024/01/07 07:20:07]         1598  alphaPorosity_1598      c     0.000000E+00     5.442046E-04     1.000000E+00           
[2024/01/07 07:20:07]         1599  alphaPorosity_1599      c     0.000000E+00     5.238597E-04     1.000000E+00           
[2024/01/07 07:20:07]         1600  alphaPorosity_1600      c     0.000000E+00     5.041038E-04     1.000000E+00           
[2024/01/07 07:20:07]         1601  alphaPorosity_1601      c     0.000000E+00     4.849518E-04     1.000000E+00           
[2024/01/07 07:20:07]         1602  alphaPorosity_1602      c     0.000000E+00     1.159261E-03     1.000000E+00           
[2024/01/07 07:20:07]         1603  alphaPorosity_1603      c     0.000000E+00     7.556756E-04     1.000000E+00           
[2024/01/07 07:20:07]         1604  alphaPorosity_1604      c     0.000000E+00     8.055253E-04     1.000000E+00           
[2024/01/07 07:20:07]         1605  alphaPorosity_1605      c     0.000000E+00     7.713398E-04     1.000000E+00           
[2024/01/07 07:20:07]         1606  alphaPorosity_1606      c     0.000000E+00     7.451188E-04     1.000000E+00           
[2024/01/07 07:20:07]         1607  alphaPorosity_1607      c     0.000000E+00     7.186574E-04     1.000000E+00           
[2024/01/07 07:20:07]         1608  alphaPorosity_1608      c     0.000000E+00     6.932303E-04     1.000000E+00           
[2024/01/07 07:20:07]         1609  alphaPorosity_1609      c     0.000000E+00     6.684318E-04     1.000000E+00           
[2024/01/07 07:20:07]         1610  alphaPorosity_1610      c     0.000000E+00     6.442446E-04     1.000000E+00           
[2024/01/07 07:20:07]         1611  alphaPorosity_1611      c     0.000000E+00     6.206526E-04     1.000000E+00           
[2024/01/07 07:20:07]         1612  alphaPorosity_1612      c     0.000000E+00     5.976558E-04     1.000000E+00           
[2024/01/07 07:20:07]         1613  alphaPorosity_1613      c     0.000000E+00     5.752546E-04     1.000000E+00           
[2024/01/07 07:20:07]         1614  alphaPorosity_1614      c     0.000000E+00     5.534530E-04     1.000000E+00           
[2024/01/07 07:20:07]         1615  alphaPorosity_1615      c     0.000000E+00     5.322587E-04     1.000000E+00           
[2024/01/07 07:20:07]         1616  alphaPorosity_1616      c     0.000000E+00     5.116818E-04     1.000000E+00           
[2024/01/07 07:20:07]         1617  alphaPorosity_1617      c     0.000000E+00     4.917334E-04     1.000000E+00           
[2024/01/07 07:20:07]         1618  alphaPorosity_1618      c     0.000000E+00     4.724249E-04     1.000000E+00           
[2024/01/07 07:20:07]         1619  alphaPorosity_1619      c     0.000000E+00     1.156340E-03     1.000000E+00           
[2024/01/07 07:20:07]         1620  alphaPorosity_1620      c     0.000000E+00     7.538504E-04     1.000000E+00           
[2024/01/07 07:20:07]         1621  alphaPorosity_1621      c     0.000000E+00     8.011969E-04     1.000000E+00           
[2024/01/07 07:20:07]         1622  alphaPorosity_1622      c     0.000000E+00     7.651273E-04     1.000000E+00           
[2024/01/07 07:20:07]         1623  alphaPorosity_1623      c     0.000000E+00     7.376954E-04     1.000000E+00           
[2024/01/07 07:20:07]         1624  alphaPorosity_1624      c     0.000000E+00     7.100054E-04     1.000000E+00           
[2024/01/07 07:20:07]         1625  alphaPorosity_1625      c     0.000000E+00     6.835670E-04     1.000000E+00           
[2024/01/07 07:20:07]         1626  alphaPorosity_1626      c     0.000000E+00     6.579347E-04     1.000000E+00           
[2024/01/07 07:20:07]         1627  alphaPorosity_1627      c     0.000000E+00     6.330580E-04     1.000000E+00           
[2024/01/07 07:20:07]         1628  alphaPorosity_1628      c     0.000000E+00     6.088909E-04     1.000000E+00           
[2024/01/07 07:20:07]         1629  alphaPorosity_1629      c     0.000000E+00     5.854115E-04     1.000000E+00           
[2024/01/07 07:20:07]         1630  alphaPorosity_1630      c     0.000000E+00     5.626035E-04     1.000000E+00           
[2024/01/07 07:20:07]         1631  alphaPorosity_1631      c     0.000000E+00     5.404589E-04     1.000000E+00           
[2024/01/07 07:20:07]         1632  alphaPorosity_1632      c     0.000000E+00     5.189765E-04     1.000000E+00           
[2024/01/07 07:20:07]         1633  alphaPorosity_1633      c     0.000000E+00     4.981598E-04     1.000000E+00           
[2024/01/07 07:20:07]         1634  alphaPorosity_1634      c     0.000000E+00     4.780152E-04     1.000000E+00           
[2024/01/07 07:20:07]         1635  alphaPorosity_1635      c     0.000000E+00     4.585506E-04     1.000000E+00           
[2024/01/07 07:20:07]         1636  alphaPorosity_1636      c     0.000000E+00     1.153667E-03     1.000000E+00           
[2024/01/07 07:20:07]         1637  alphaPorosity_1637      c     0.000000E+00     7.512219E-04     1.000000E+00           
[2024/01/07 07:20:07]         1638  alphaPorosity_1638      c     0.000000E+00     7.959643E-04     1.000000E+00           
[2024/01/07 07:20:07]         1639  alphaPorosity_1639      c     0.000000E+00     7.581095E-04     1.000000E+00           
[2024/01/07 07:20:07]         1640  alphaPorosity_1640      c     0.000000E+00     7.291939E-04     1.000000E+00           
[2024/01/07 07:20:07]         1641  alphaPorosity_1641      c     0.000000E+00     7.002982E-04     1.000000E+00           
[2024/01/07 07:20:07]         1642  alphaPorosity_1642      c     0.000000E+00     6.728507E-04     1.000000E+00           
[2024/01/07 07:20:07]         1643  alphaPorosity_1643      c     0.000000E+00     6.463855E-04     1.000000E+00           
[2024/01/07 07:20:07]         1644  alphaPorosity_1644      c     0.000000E+00     6.208184E-04     1.000000E+00           
[2024/01/07 07:20:07]         1645  alphaPorosity_1645      c     0.000000E+00     5.960763E-04     1.000000E+00           
[2024/01/07 07:20:07]         1646  alphaPorosity_1646      c     0.000000E+00     5.721158E-04     1.000000E+00           
[2024/01/07 07:20:07]         1647  alphaPorosity_1647      c     0.000000E+00     5.489048E-04     1.000000E+00           
[2024/01/07 07:20:07]         1648  alphaPorosity_1648      c     0.000000E+00     5.264230E-04     1.000000E+00           
[2024/01/07 07:20:07]         1649  alphaPorosity_1649      c     0.000000E+00     5.046605E-04     1.000000E+00           
[2024/01/07 07:20:07]         1650  alphaPorosity_1650      c     0.000000E+00     4.836144E-04     1.000000E+00           
[2024/01/07 07:20:07]         1651  alphaPorosity_1651      c     0.000000E+00     4.632865E-04     1.000000E+00           
[2024/01/07 07:20:07]         1652  alphaPorosity_1652      c     0.000000E+00     4.436812E-04     1.000000E+00           
[2024/01/07 07:20:07]         1653  alphaPorosity_1653      c     0.000000E+00     1.151201E-03     1.000000E+00           
[2024/01/07 07:20:07]         1654  alphaPorosity_1654      c     0.000000E+00     7.480227E-04     1.000000E+00           
[2024/01/07 07:20:07]         1655  alphaPorosity_1655      c     0.000000E+00     7.898879E-04     1.000000E+00           
[2024/01/07 07:20:07]         1656  alphaPorosity_1656      c     0.000000E+00     7.502483E-04     1.000000E+00           
[2024/01/07 07:20:07]         1657  alphaPorosity_1657      c     0.000000E+00     7.197954E-04     1.000000E+00           
[2024/01/07 07:20:07]         1658  alphaPorosity_1658      c     0.000000E+00     6.897088E-04     1.000000E+00           
[2024/01/07 07:20:07]         1659  alphaPorosity_1659      c     0.000000E+00     6.612755E-04     1.000000E+00           
[2024/01/07 07:20:07]         1660  alphaPorosity_1660      c     0.000000E+00     6.340047E-04     1.000000E+00           
[2024/01/07 07:20:07]         1661  alphaPorosity_1661      c     0.000000E+00     6.077753E-04     1.000000E+00           
[2024/01/07 07:20:07]         1662  alphaPorosity_1662      c     0.000000E+00     5.824862E-04     1.000000E+00           
[2024/01/07 07:20:07]         1663  alphaPorosity_1663      c     0.000000E+00     5.580725E-04     1.000000E+00           
[2024/01/07 07:20:07]         1664  alphaPorosity_1664      c     0.000000E+00     5.344861E-04     1.000000E+00           
[2024/01/07 07:20:07]         1665  alphaPorosity_1665      c     0.000000E+00     5.116953E-04     1.000000E+00           
[2024/01/07 07:20:07]         1666  alphaPorosity_1666      c     0.000000E+00     4.896819E-04     1.000000E+00           
[2024/01/07 07:20:07]         1667  alphaPorosity_1667      c     0.000000E+00     4.684375E-04     1.000000E+00           
[2024/01/07 07:20:07]         1668  alphaPorosity_1668      c     0.000000E+00     4.479599E-04     1.000000E+00           
[2024/01/07 07:20:07]         1669  alphaPorosity_1669      c     0.000000E+00     4.282511E-04     1.000000E+00           
[2024/01/07 07:20:07]         1670  alphaPorosity_1670      c     0.000000E+00     1.148860E-03     1.000000E+00           
[2024/01/07 07:20:07]         1671  alphaPorosity_1671      c     0.000000E+00     7.443591E-04     1.000000E+00           
[2024/01/07 07:20:07]         1672  alphaPorosity_1672      c     0.000000E+00     7.831237E-04     1.000000E+00           
[2024/01/07 07:20:07]         1673  alphaPorosity_1673      c     0.000000E+00     7.417039E-04     1.000000E+00           
[2024/01/07 07:20:07]         1674  alphaPorosity_1674      c     0.000000E+00     7.097227E-04     1.000000E+00           
[2024/01/07 07:20:07]         1675  alphaPorosity_1675      c     0.000000E+00     6.784860E-04     1.000000E+00           
[2024/01/07 07:20:07]         1676  alphaPorosity_1676      c     0.000000E+00     6.491211E-04     1.000000E+00           
[2024/01/07 07:20:07]         1677  alphaPorosity_1677      c     0.000000E+00     6.211033E-04     1.000000E+00           
[2024/01/07 07:20:07]         1678  alphaPorosity_1678      c     0.000000E+00     5.942702E-04     1.000000E+00           
[2024/01/07 07:20:07]         1679  alphaPorosity_1679      c     0.000000E+00     5.684912E-04     1.000000E+00           
[2024/01/07 07:20:07]         1680  alphaPorosity_1680      c     0.000000E+00     5.436796E-04     1.000000E+00           
[2024/01/07 07:20:07]         1681  alphaPorosity_1681      c     0.000000E+00     5.197719E-04     1.000000E+00           
[2024/01/07 07:20:07]         1682  alphaPorosity_1682      c     0.000000E+00     4.967257E-04     1.000000E+00           
[2024/01/07 07:20:07]         1683  alphaPorosity_1683      c     0.000000E+00     4.745158E-04     1.000000E+00           
[2024/01/07 07:20:07]         1684  alphaPorosity_1684      c     0.000000E+00     4.531290E-04     1.000000E+00           
[2024/01/07 07:20:07]         1685  alphaPorosity_1685      c     0.000000E+00     4.325604E-04     1.000000E+00           
[2024/01/07 07:20:07]         1686  alphaPorosity_1686      c     0.000000E+00     4.128103E-04     1.000000E+00           
[2024/01/07 07:20:07]         1687  alphaPorosity_1687      c     0.000000E+00     1.146591E-03     1.000000E+00           
[2024/01/07 07:20:07]         1688  alphaPorosity_1688      c     0.000000E+00     7.403134E-04     1.000000E+00           
[2024/01/07 07:20:07]         1689  alphaPorosity_1689      c     0.000000E+00     7.758437E-04     1.000000E+00           
[2024/01/07 07:20:07]         1690  alphaPorosity_1690      c     0.000000E+00     7.326989E-04     1.000000E+00           
[2024/01/07 07:20:07]         1691  alphaPorosity_1691      c     0.000000E+00     6.992518E-04     1.000000E+00           
[2024/01/07 07:20:07]         1692  alphaPorosity_1692      c     0.000000E+00     6.669459E-04     1.000000E+00           
[2024/01/07 07:20:07]         1693  alphaPorosity_1693      c     0.000000E+00     6.367391E-04     1.000000E+00           
[2024/01/07 07:20:07]         1694  alphaPorosity_1694      c     0.000000E+00     6.080644E-04     1.000000E+00           
[2024/01/07 07:20:07]         1695  alphaPorosity_1695      c     0.000000E+00     5.807151E-04     1.000000E+00           
[2024/01/07 07:20:07]         1696  alphaPorosity_1696      c     0.000000E+00     5.545303E-04     1.000000E+00           
[2024/01/07 07:20:07]         1697  alphaPorosity_1697      c     0.000000E+00     5.294019E-04     1.000000E+00           
[2024/01/07 07:20:07]         1698  alphaPorosity_1698      c     0.000000E+00     5.052518E-04     1.000000E+00           
[2024/01/07 07:20:07]         1699  alphaPorosity_1699      c     0.000000E+00     4.820285E-04     1.000000E+00           
[2024/01/07 07:20:07]         1700  alphaPorosity_1700      c     0.000000E+00     4.597009E-04     1.000000E+00           
[2024/01/07 07:20:07]         1701  alphaPorosity_1701      c     0.000000E+00     4.382530E-04     1.000000E+00           
[2024/01/07 07:20:07]         1702  alphaPorosity_1702      c     0.000000E+00     4.176793E-04     1.000000E+00           
[2024/01/07 07:20:07]         1703  alphaPorosity_1703      c     0.000000E+00     3.979815E-04     1.000000E+00           
[2024/01/07 07:20:07]         1704  alphaPorosity_1704      c     0.000000E+00     1.144372E-03     1.000000E+00           
[2024/01/07 07:20:07]         1705  alphaPorosity_1705      c     0.000000E+00     7.359792E-04     1.000000E+00           
[2024/01/07 07:20:07]         1706  alphaPorosity_1706      c     0.000000E+00     7.682605E-04     1.000000E+00           
[2024/01/07 07:20:07]         1707  alphaPorosity_1707      c     0.000000E+00     7.235151E-04     1.000000E+00           
[2024/01/07 07:20:07]         1708  alphaPorosity_1708      c     0.000000E+00     6.887247E-04     1.000000E+00           
[2024/01/07 07:20:07]         1709  alphaPorosity_1709      c     0.000000E+00     6.554828E-04     1.000000E+00           
[2024/01/07 07:20:07]         1710  alphaPorosity_1710      c     0.000000E+00     6.245697E-04     1.000000E+00           
[2024/01/07 07:20:07]         1711  alphaPorosity_1711      c     0.000000E+00     5.953696E-04     1.000000E+00           
[2024/01/07 07:20:07]         1712  alphaPorosity_1712      c     0.000000E+00     5.676302E-04     1.000000E+00           
[2024/01/07 07:20:07]         1713  alphaPorosity_1713      c     0.000000E+00     5.411604E-04     1.000000E+00           
[2024/01/07 07:20:07]         1714  alphaPorosity_1714      c     0.000000E+00     5.158320E-04     1.000000E+00           
[2024/01/07 07:20:07]         1715  alphaPorosity_1715      c     0.000000E+00     4.915546E-04     1.000000E+00           
[2024/01/07 07:20:07]         1716  alphaPorosity_1716      c     0.000000E+00     4.682699E-04     1.000000E+00           
[2024/01/07 07:20:07]         1717  alphaPorosity_1717      c     0.000000E+00     4.459446E-04     1.000000E+00           
[2024/01/07 07:20:07]         1718  alphaPorosity_1718      c     0.000000E+00     4.245643E-04     1.000000E+00           
[2024/01/07 07:20:07]         1719  alphaPorosity_1719      c     0.000000E+00     4.041265E-04     1.000000E+00           
[2024/01/07 07:20:07]         1720  alphaPorosity_1720      c     0.000000E+00     3.846338E-04     1.000000E+00           
[2024/01/07 07:20:07]         1721  alphaPorosity_1721      c     0.000000E+00     1.142226E-03     1.000000E+00           
[2024/01/07 07:20:07]         1722  alphaPorosity_1722      c     0.000000E+00     7.314912E-04     1.000000E+00           
[2024/01/07 07:20:07]         1723  alphaPorosity_1723      c     0.000000E+00     7.606630E-04     1.000000E+00           
[2024/01/07 07:20:07]         1724  alphaPorosity_1724      c     0.000000E+00     7.145274E-04     1.000000E+00           
[2024/01/07 07:20:07]         1725  alphaPorosity_1725      c     0.000000E+00     6.785828E-04     1.000000E+00           
[2024/01/07 07:20:07]         1726  alphaPorosity_1726      c     0.000000E+00     6.445915E-04     1.000000E+00           
[2024/01/07 07:20:07]         1727  alphaPorosity_1727      c     0.000000E+00     6.131491E-04     1.000000E+00           
[2024/01/07 07:20:07]         1728  alphaPorosity_1728      c     0.000000E+00     5.835878E-04     1.000000E+00           
[2024/01/07 07:20:07]         1729  alphaPorosity_1729      c     0.000000E+00     5.556118E-04     1.000000E+00           
[2024/01/07 07:20:07]         1730  alphaPorosity_1730      c     0.000000E+00     5.290046E-04     1.000000E+00           
[2024/01/07 07:20:07]         1731  alphaPorosity_1731      c     0.000000E+00     5.036226E-04     1.000000E+00           
[2024/01/07 07:20:07]         1732  alphaPorosity_1732      c     0.000000E+00     4.793679E-04     1.000000E+00           
[2024/01/07 07:20:07]         1733  alphaPorosity_1733      c     0.000000E+00     4.561800E-04     1.000000E+00           
[2024/01/07 07:20:07]         1734  alphaPorosity_1734      c     0.000000E+00     4.340253E-04     1.000000E+00           
[2024/01/07 07:20:07]         1735  alphaPorosity_1735      c     0.000000E+00     4.128895E-04     1.000000E+00           
[2024/01/07 07:20:07]         1736  alphaPorosity_1736      c     0.000000E+00     3.927732E-04     1.000000E+00           
[2024/01/07 07:20:07]         1737  alphaPorosity_1737      c     0.000000E+00     3.736840E-04     1.000000E+00           
[2024/01/07 07:20:07]         1738  alphaPorosity_1738      c     0.000000E+00     1.140187E-03     1.000000E+00           
[2024/01/07 07:20:07]         1739  alphaPorosity_1739      c     0.000000E+00     7.269950E-04     1.000000E+00           
[2024/01/07 07:20:07]         1740  alphaPorosity_1740      c     0.000000E+00     7.533536E-04     1.000000E+00           
[2024/01/07 07:20:07]         1741  alphaPorosity_1741      c     0.000000E+00     7.061218E-04     1.000000E+00           
[2024/01/07 07:20:07]         1742  alphaPorosity_1742      c     0.000000E+00     6.692814E-04     1.000000E+00           
[2024/01/07 07:20:07]         1743  alphaPorosity_1743      c     0.000000E+00     6.347889E-04     1.000000E+00           
[2024/01/07 07:20:07]         1744  alphaPorosity_1744      c     0.000000E+00     6.030556E-04     1.000000E+00           
[2024/01/07 07:20:07]         1745  alphaPorosity_1745      c     0.000000E+00     5.733637E-04     1.000000E+00           
[2024/01/07 07:20:07]         1746  alphaPorosity_1746      c     0.000000E+00     5.453764E-04     1.000000E+00           
[2024/01/07 07:20:07]         1747  alphaPorosity_1747      c     0.000000E+00     5.188568E-04     1.000000E+00           
[2024/01/07 07:20:07]         1748  alphaPorosity_1748      c     0.000000E+00     4.936468E-04     1.000000E+00           
[2024/01/07 07:20:07]         1749  alphaPorosity_1749      c     0.000000E+00     4.696401E-04     1.000000E+00           
[2024/01/07 07:20:07]         1750  alphaPorosity_1750      c     0.000000E+00     4.467725E-04     1.000000E+00           
[2024/01/07 07:20:07]         1751  alphaPorosity_1751      c     0.000000E+00     4.250102E-04     1.000000E+00           
[2024/01/07 07:20:07]         1752  alphaPorosity_1752      c     0.000000E+00     4.043502E-04     1.000000E+00           
[2024/01/07 07:20:07]         1753  alphaPorosity_1753      c     0.000000E+00     3.848399E-04     1.000000E+00           
[2024/01/07 07:20:07]         1754  alphaPorosity_1754      c     0.000000E+00     3.665534E-04     1.000000E+00           
[2024/01/07 07:20:07]         1755  alphaPorosity_1755      c     0.000000E+00     1.138345E-03     1.000000E+00           
[2024/01/07 07:20:07]         1756  alphaPorosity_1756      c     0.000000E+00     7.227339E-04     1.000000E+00           
[2024/01/07 07:20:07]         1757  alphaPorosity_1757      c     0.000000E+00     7.468217E-04     1.000000E+00           
[2024/01/07 07:20:07]         1758  alphaPorosity_1758      c     0.000000E+00     6.989309E-04     1.000000E+00           
[2024/01/07 07:20:07]         1759  alphaPorosity_1759      c     0.000000E+00     6.615725E-04     1.000000E+00           
[2024/01/07 07:20:07]         1760  alphaPorosity_1760      c     0.000000E+00     6.269309E-04     1.000000E+00           
[2024/01/07 07:20:07]         1761  alphaPorosity_1761      c     0.000000E+00     5.952241E-04     1.000000E+00           
[2024/01/07 07:20:07]         1762  alphaPorosity_1762      c     0.000000E+00     5.656759E-04     1.000000E+00           
[2024/01/07 07:20:07]         1763  alphaPorosity_1763      c     0.000000E+00     5.379059E-04     1.000000E+00           
[2024/01/07 07:20:07]         1764  alphaPorosity_1764      c     0.000000E+00     5.116788E-04     1.000000E+00           
[2024/01/07 07:20:07]         1765  alphaPorosity_1765      c     0.000000E+00     4.868520E-04     1.000000E+00           
[2024/01/07 07:20:07]         1766  alphaPorosity_1766      c     0.000000E+00     4.633213E-04     1.000000E+00           
[2024/01/07 07:20:07]         1767  alphaPorosity_1767      c     0.000000E+00     4.410465E-04     1.000000E+00           
[2024/01/07 07:20:07]         1768  alphaPorosity_1768      c     0.000000E+00     4.200460E-04     1.000000E+00           
[2024/01/07 07:20:07]         1769  alphaPorosity_1769      c     0.000000E+00     4.003741E-04     1.000000E+00           
[2024/01/07 07:20:07]         1770  alphaPorosity_1770      c     0.000000E+00     3.821345E-04     1.000000E+00           
[2024/01/07 07:20:07]         1771  alphaPorosity_1771      c     0.000000E+00     3.652555E-04     1.000000E+00           
[2024/01/07 07:20:07]         1772  alphaPorosity_1772      c     0.000000E+00     1.136854E-03     1.000000E+00           
[2024/01/07 07:20:07]         1773  alphaPorosity_1773      c     0.000000E+00     7.189695E-04     1.000000E+00           
[2024/01/07 07:20:07]         1774  alphaPorosity_1774      c     0.000000E+00     7.414987E-04     1.000000E+00           
[2024/01/07 07:20:07]         1775  alphaPorosity_1775      c     0.000000E+00     6.933917E-04     1.000000E+00           
[2024/01/07 07:20:07]         1776  alphaPorosity_1776      c     0.000000E+00     6.558694E-04     1.000000E+00           
[2024/01/07 07:20:07]         1777  alphaPorosity_1777      c     0.000000E+00     6.213971E-04     1.000000E+00           
[2024/01/07 07:20:07]         1778  alphaPorosity_1778      c     0.000000E+00     5.900100E-04     1.000000E+00           
[2024/01/07 07:20:07]         1779  alphaPorosity_1779      c     0.000000E+00     5.609359E-04     1.000000E+00           
[2024/01/07 07:20:07]         1780  alphaPorosity_1780      c     0.000000E+00     5.338102E-04     1.000000E+00           
[2024/01/07 07:20:07]         1781  alphaPorosity_1781      c     0.000000E+00     5.084357E-04     1.000000E+00           
[2024/01/07 07:20:07]         1782  alphaPorosity_1782      c     0.000000E+00     4.845531E-04     1.000000E+00           
[2024/01/07 07:20:07]         1783  alphaPorosity_1783      c     0.000000E+00     4.621125E-04     1.000000E+00           
[2024/01/07 07:20:07]         1784  alphaPorosity_1784      c     0.000000E+00     4.411180E-04     1.000000E+00           
[2024/01/07 07:20:07]         1785  alphaPorosity_1785      c     0.000000E+00     4.216018E-04     1.000000E+00           
[2024/01/07 07:20:07]         1786  alphaPorosity_1786      c     0.000000E+00     4.036211E-04     1.000000E+00           
[2024/01/07 07:20:07]         1787  alphaPorosity_1787      c     0.000000E+00     3.869428E-04     1.000000E+00           
[2024/01/07 07:20:07]         1788  alphaPorosity_1788      c     0.000000E+00     3.719737E-04     1.000000E+00           
[2024/01/07 07:20:07]         1789  alphaPorosity_1789      c     0.000000E+00     1.135682E-03     1.000000E+00           
[2024/01/07 07:20:07]         1790  alphaPorosity_1790      c     0.000000E+00     7.159058E-04     1.000000E+00           
[2024/01/07 07:20:07]         1791  alphaPorosity_1791      c     0.000000E+00     7.378964E-04     1.000000E+00           
[2024/01/07 07:20:07]         1792  alphaPorosity_1792      c     0.000000E+00     6.903001E-04     1.000000E+00           
[2024/01/07 07:20:07]         1793  alphaPorosity_1793      c     0.000000E+00     6.534006E-04     1.000000E+00           
[2024/01/07 07:20:07]         1794  alphaPorosity_1794      c     0.000000E+00     6.198429E-04     1.000000E+00           
[2024/01/07 07:20:07]         1795  alphaPorosity_1795      c     0.000000E+00     5.895075E-04     1.000000E+00           
[2024/01/07 07:20:07]         1796  alphaPorosity_1796      c     0.000000E+00     5.616498E-04     1.000000E+00           
[2024/01/07 07:20:07]         1797  alphaPorosity_1797      c     0.000000E+00     5.358896E-04     1.000000E+00           
[2024/01/07 07:20:07]         1798  alphaPorosity_1798      c     0.000000E+00     5.117540E-04     1.000000E+00           
[2024/01/07 07:20:07]         1799  alphaPorosity_1799      c     0.000000E+00     4.892677E-04     1.000000E+00           
[2024/01/07 07:20:07]         1800  alphaPorosity_1800      c     0.000000E+00     4.683893E-04     1.000000E+00           
[2024/01/07 07:20:07]         1801  alphaPorosity_1801      c     0.000000E+00     4.491464E-04     1.000000E+00           
[2024/01/07 07:20:07]         1802  alphaPorosity_1802      c     0.000000E+00     4.314841E-04     1.000000E+00           
[2024/01/07 07:20:07]         1803  alphaPorosity_1803      c     0.000000E+00     4.157651E-04     1.000000E+00           
[2024/01/07 07:20:07]         1804  alphaPorosity_1804      c     0.000000E+00     4.020366E-04     1.000000E+00           
[2024/01/07 07:20:07]         1805  alphaPorosity_1805      c     0.000000E+00     3.918531E-04     1.000000E+00           
[2024/01/07 07:20:07]         1806  alphaPorosity_1806      c     0.000000E+00     1.135487E-03     1.000000E+00           
[2024/01/07 07:20:07]         1807  alphaPorosity_1807      c     0.000000E+00     7.145479E-04     1.000000E+00           
[2024/01/07 07:20:07]         1808  alphaPorosity_1808      c     0.000000E+00     7.377923E-04     1.000000E+00           
[2024/01/07 07:20:07]         1809  alphaPorosity_1809      c     0.000000E+00     6.914114E-04     1.000000E+00           
[2024/01/07 07:20:07]         1810  alphaPorosity_1810      c     0.000000E+00     6.557387E-04     1.000000E+00           
[2024/01/07 07:20:07]         1811  alphaPorosity_1811      c     0.000000E+00     6.238711E-04     1.000000E+00           
[2024/01/07 07:20:07]         1812  alphaPorosity_1812      c     0.000000E+00     5.950317E-04     1.000000E+00           
[2024/01/07 07:20:07]         1813  alphaPorosity_1813      c     0.000000E+00     5.686389E-04     1.000000E+00           
[2024/01/07 07:20:07]         1814  alphaPorosity_1814      c     0.000000E+00     5.443149E-04     1.000000E+00           
[2024/01/07 07:20:07]         1815  alphaPorosity_1815      c     0.000000E+00     5.220333E-04     1.000000E+00           
[2024/01/07 07:20:07]         1816  alphaPorosity_1816      c     0.000000E+00     5.017545E-04     1.000000E+00           
[2024/01/07 07:20:07]         1817  alphaPorosity_1817      c     0.000000E+00     4.833273E-04     1.000000E+00           
[2024/01/07 07:20:07]         1818  alphaPorosity_1818      c     0.000000E+00     4.671650E-04     1.000000E+00           
[2024/01/07 07:20:07]         1819  alphaPorosity_1819      c     0.000000E+00     4.529319E-04     1.000000E+00           
[2024/01/07 07:20:07]         1820  alphaPorosity_1820      c     0.000000E+00     4.429756E-04     1.000000E+00           
[2024/01/07 07:20:07]         1821  alphaPorosity_1821      c     0.000000E+00     4.363546E-04     1.000000E+00           
[2024/01/07 07:20:07]         1822  alphaPorosity_1822      c     0.000000E+00     4.341245E-04     1.000000E+00           
[2024/01/07 07:20:07]         1823  alphaPorosity_1823      c     0.000000E+00     1.136341E-03     1.000000E+00           
[2024/01/07 07:20:07]         1824  alphaPorosity_1824      c     0.000000E+00     7.149522E-04     1.000000E+00           
[2024/01/07 07:20:07]         1825  alphaPorosity_1825      c     0.000000E+00     7.411509E-04     1.000000E+00           
[2024/01/07 07:20:07]         1826  alphaPorosity_1826      c     0.000000E+00     6.960093E-04     1.000000E+00           
[2024/01/07 07:20:07]         1827  alphaPorosity_1827      c     0.000000E+00     6.632180E-04     1.000000E+00           
[2024/01/07 07:20:07]         1828  alphaPorosity_1828      c     0.000000E+00     6.330352E-04     1.000000E+00           
[2024/01/07 07:20:07]         1829  alphaPorosity_1829      c     0.000000E+00     6.066856E-04     1.000000E+00           
[2024/01/07 07:20:07]         1830  alphaPorosity_1830      c     0.000000E+00     5.828910E-04     1.000000E+00           
[2024/01/07 07:20:07]         1831  alphaPorosity_1831      c     0.000000E+00     5.615668E-04     1.000000E+00           
[2024/01/07 07:20:07]         1832  alphaPorosity_1832      c     0.000000E+00     5.424096E-04     1.000000E+00           
[2024/01/07 07:20:07]         1833  alphaPorosity_1833      c     0.000000E+00     5.258668E-04     1.000000E+00           
[2024/01/07 07:20:07]         1834  alphaPorosity_1834      c     0.000000E+00     5.112528E-04     1.000000E+00           
[2024/01/07 07:20:07]         1835  alphaPorosity_1835      c     0.000000E+00     5.016702E-04     1.000000E+00           
[2024/01/07 07:20:07]         1836  alphaPorosity_1836      c     0.000000E+00     4.956387E-04     1.000000E+00           
[2024/01/07 07:20:07]         1837  alphaPorosity_1837      c     0.000000E+00     4.948875E-04     1.000000E+00           
[2024/01/07 07:20:07]         1838  alphaPorosity_1838      c     0.000000E+00     5.016067E-04     1.000000E+00           
[2024/01/07 07:20:07]         1839  alphaPorosity_1839      c     0.000000E+00     5.204891E-04     1.000000E+00           
[2024/01/07 07:20:07]         1840  alphaPorosity_1840      c     0.000000E+00     1.137969E-03     1.000000E+00           
[2024/01/07 07:20:07]         1841  alphaPorosity_1841      c     0.000000E+00     7.168995E-04     1.000000E+00           
[2024/01/07 07:20:07]         1842  alphaPorosity_1842      c     0.000000E+00     7.476946E-04     1.000000E+00           
[2024/01/07 07:20:07]         1843  alphaPorosity_1843      c     0.000000E+00     7.065825E-04     1.000000E+00           
[2024/01/07 07:20:07]         1844  alphaPorosity_1844      c     0.000000E+00     6.765728E-04     1.000000E+00           
[2024/01/07 07:20:07]         1845  alphaPorosity_1845      c     0.000000E+00     6.509420E-04     1.000000E+00           
[2024/01/07 07:20:07]         1846  alphaPorosity_1846      c     0.000000E+00     6.275340E-04     1.000000E+00           
[2024/01/07 07:20:07]         1847  alphaPorosity_1847      c     0.000000E+00     6.078150E-04     1.000000E+00           
[2024/01/07 07:20:07]         1848  alphaPorosity_1848      c     0.000000E+00     5.910458E-04     1.000000E+00           
[2024/01/07 07:20:07]         1849  alphaPorosity_1849      c     0.000000E+00     5.760439E-04     1.000000E+00           
[2024/01/07 07:20:07]         1850  alphaPorosity_1850      c     0.000000E+00     5.670601E-04     1.000000E+00           
[2024/01/07 07:20:07]         1851  alphaPorosity_1851      c     0.000000E+00     5.618160E-04     1.000000E+00           
[2024/01/07 07:20:07]         1852  alphaPorosity_1852      c     0.000000E+00     5.626458E-04     1.000000E+00           
[2024/01/07 07:20:07]         1853  alphaPorosity_1853      c     0.000000E+00     5.719198E-04     1.000000E+00           
[2024/01/07 07:20:07]         1854  alphaPorosity_1854      c     0.000000E+00     5.939944E-04     1.000000E+00           
[2024/01/07 07:20:07]         1855  alphaPorosity_1855      c     0.000000E+00     6.311858E-04     1.000000E+00           
[2024/01/07 07:20:07]         1856  alphaPorosity_1856      c     0.000000E+00     6.964255E-04     1.000000E+00           
[2024/01/07 07:20:07]         1857  alphaPorosity_1857      c     0.000000E+00     1.141056E-03     1.000000E+00           
[2024/01/07 07:20:07]         1858  alphaPorosity_1858      c     0.000000E+00     7.214617E-04     1.000000E+00           
[2024/01/07 07:20:07]         1859  alphaPorosity_1859      c     0.000000E+00     7.592272E-04     1.000000E+00           
[2024/01/07 07:20:07]         1860  alphaPorosity_1860      c     0.000000E+00     7.232133E-04     1.000000E+00           
[2024/01/07 07:20:07]         1861  alphaPorosity_1861      c     0.000000E+00     6.987935E-04     1.000000E+00           
[2024/01/07 07:20:07]         1862  alphaPorosity_1862      c     0.000000E+00     6.774514E-04     1.000000E+00           
[2024/01/07 07:20:07]         1863  alphaPorosity_1863      c     0.000000E+00     6.598569E-04     1.000000E+00           
[2024/01/07 07:20:07]         1864  alphaPorosity_1864      c     0.000000E+00     6.464616E-04     1.000000E+00           
[2024/01/07 07:20:07]         1865  alphaPorosity_1865      c     0.000000E+00     6.372206E-04     1.000000E+00           
[2024/01/07 07:20:07]         1866  alphaPorosity_1866      c     0.000000E+00     6.330835E-04     1.000000E+00           
[2024/01/07 07:20:07]         1867  alphaPorosity_1867      c     0.000000E+00     6.357445E-04     1.000000E+00           
[2024/01/07 07:20:07]         1868  alphaPorosity_1868      c     0.000000E+00     6.471434E-04     1.000000E+00           
[2024/01/07 07:20:07]         1869  alphaPorosity_1869      c     0.000000E+00     6.719516E-04     1.000000E+00           
[2024/01/07 07:20:07]         1870  alphaPorosity_1870      c     0.000000E+00     7.129712E-04     1.000000E+00           
[2024/01/07 07:20:07]         1871  alphaPorosity_1871      c     0.000000E+00     7.794993E-04     1.000000E+00           
[2024/01/07 07:20:07]         1872  alphaPorosity_1872      c     0.000000E+00     8.807498E-04     1.000000E+00           
[2024/01/07 07:20:07]         1873  alphaPorosity_1873      c     0.000000E+00     1.043676E-03     1.000000E+00           
[2024/01/07 07:20:07]         1874  alphaPorosity_1874      c     0.000000E+00     1.145410E-03     1.000000E+00           
[2024/01/07 07:20:07]         1875  alphaPorosity_1875      c     0.000000E+00     7.285078E-04     1.000000E+00           
[2024/01/07 07:20:07]         1876  alphaPorosity_1876      c     0.000000E+00     7.758969E-04     1.000000E+00           
[2024/01/07 07:20:07]         1877  alphaPorosity_1877      c     0.000000E+00     7.468152E-04     1.000000E+00           
[2024/01/07 07:20:07]         1878  alphaPorosity_1878      c     0.000000E+00     7.295131E-04     1.000000E+00           
[2024/01/07 07:20:07]         1879  alphaPorosity_1879      c     0.000000E+00     7.156270E-04     1.000000E+00           
[2024/01/07 07:20:07]         1880  alphaPorosity_1880      c     0.000000E+00     7.070485E-04     1.000000E+00           
[2024/01/07 07:20:07]         1881  alphaPorosity_1881      c     0.000000E+00     7.041615E-04     1.000000E+00           
[2024/01/07 07:20:07]         1882  alphaPorosity_1882      c     0.000000E+00     7.079482E-04     1.000000E+00           
[2024/01/07 07:20:07]         1883  alphaPorosity_1883      c     0.000000E+00     7.208697E-04     1.000000E+00           
[2024/01/07 07:20:07]         1884  alphaPorosity_1884      c     0.000000E+00     7.495019E-04     1.000000E+00           
[2024/01/07 07:20:07]         1885  alphaPorosity_1885      c     0.000000E+00     7.928381E-04     1.000000E+00           
[2024/01/07 07:20:07]         1886  alphaPorosity_1886      c     0.000000E+00     8.597279E-04     1.000000E+00           
[2024/01/07 07:20:07]         1887  alphaPorosity_1887      c     0.000000E+00     9.611331E-04     1.000000E+00           
[2024/01/07 07:20:07]         1888  alphaPorosity_1888      c     0.000000E+00     1.118098E-03     1.000000E+00           
[2024/01/07 07:20:07]         1889  alphaPorosity_1889      c     0.000000E+00     1.365728E-03     1.000000E+00           
[2024/01/07 07:20:07]         1890  alphaPorosity_1890      c     0.000000E+00     1.778725E-03     1.000000E+00           
[2024/01/07 07:20:07]         1891  alphaPorosity_1891      c     0.000000E+00     1.150931E-03     1.000000E+00           
[2024/01/07 07:20:07]         1892  alphaPorosity_1892      c     0.000000E+00     7.376638E-04     1.000000E+00           
[2024/01/07 07:20:07]         1893  alphaPorosity_1893      c     0.000000E+00     7.975993E-04     1.000000E+00           
[2024/01/07 07:20:07]         1894  alphaPorosity_1894      c     0.000000E+00     7.780148E-04     1.000000E+00           
[2024/01/07 07:20:07]         1895  alphaPorosity_1895      c     0.000000E+00     7.708372E-04     1.000000E+00           
[2024/01/07 07:20:07]         1896  alphaPorosity_1896      c     0.000000E+00     7.694939E-04     1.000000E+00           
[2024/01/07 07:20:07]         1897  alphaPorosity_1897      c     0.000000E+00     7.743846E-04     1.000000E+00           
[2024/01/07 07:20:07]         1898  alphaPorosity_1898      c     0.000000E+00     7.886536E-04     1.000000E+00           
[2024/01/07 07:20:07]         1899  alphaPorosity_1899      c     0.000000E+00     8.183616E-04     1.000000E+00           
[2024/01/07 07:20:07]         1900  alphaPorosity_1900      c     0.000000E+00     8.647268E-04     1.000000E+00           
[2024/01/07 07:20:07]         1901  alphaPorosity_1901      c     0.000000E+00     9.286874E-04     1.000000E+00           
[2024/01/07 07:20:07]         1902  alphaPorosity_1902      c     0.000000E+00     1.025793E-03     1.000000E+00           
[2024/01/07 07:20:07]         1903  alphaPorosity_1903      c     0.000000E+00     1.169669E-03     1.000000E+00           
[2024/01/07 07:20:07]         1904  alphaPorosity_1904      c     0.000000E+00     1.390828E-03     1.000000E+00           
[2024/01/07 07:20:07]         1905  alphaPorosity_1905      c     0.000000E+00     1.743157E-03     1.000000E+00           
[2024/01/07 07:20:07]         1906  alphaPorosity_1906      c     0.000000E+00     2.330270E-03     1.000000E+00           
[2024/01/07 07:20:07]         1907  alphaPorosity_1907      c     0.000000E+00     3.371372E-03     1.000000E+00           
[2024/01/07 07:20:07]         1908  alphaPorosity_1908      c     0.000000E+00     1.157873E-03     1.000000E+00           
[2024/01/07 07:20:07]         1909  alphaPorosity_1909      c     0.000000E+00     7.484012E-04     1.000000E+00           
[2024/01/07 07:20:07]         1910  alphaPorosity_1910      c     0.000000E+00     8.231415E-04     1.000000E+00           
[2024/01/07 07:20:07]         1911  alphaPorosity_1911      c     0.000000E+00     8.158950E-04     1.000000E+00           
[2024/01/07 07:20:07]         1912  alphaPorosity_1912      c     0.000000E+00     8.245520E-04     1.000000E+00           
[2024/01/07 07:20:07]         1913  alphaPorosity_1913      c     0.000000E+00     8.372090E-04     1.000000E+00           
[2024/01/07 07:20:07]         1914  alphaPorosity_1914      c     0.000000E+00     8.649046E-04     1.000000E+00           
[2024/01/07 07:20:07]         1915  alphaPorosity_1915      c     0.000000E+00     9.144221E-04     1.000000E+00           
[2024/01/07 07:20:07]         1916  alphaPorosity_1916      c     0.000000E+00     9.769855E-04     1.000000E+00           
[2024/01/07 07:20:07]         1917  alphaPorosity_1917      c     0.000000E+00     1.069502E-03     1.000000E+00           
[2024/01/07 07:20:07]         1918  alphaPorosity_1918      c     0.000000E+00     1.202926E-03     1.000000E+00           
[2024/01/07 07:20:07]         1919  alphaPorosity_1919      c     0.000000E+00     1.403051E-03     1.000000E+00           
[2024/01/07 07:20:07]         1920  alphaPorosity_1920      c     0.000000E+00     1.707614E-03     1.000000E+00           
[2024/01/07 07:20:07]         1921  alphaPorosity_1921      c     0.000000E+00     2.195283E-03     1.000000E+00           
[2024/01/07 07:20:07]         1922  alphaPorosity_1922      c     0.000000E+00     3.020235E-03     1.000000E+00           
[2024/01/07 07:20:07]         1923  alphaPorosity_1923      c     0.000000E+00     1.163576E-03     1.000000E+00           
[2024/01/07 07:20:07]         1924  alphaPorosity_1924      c     0.000000E+00     7.563385E-04     1.000000E+00           
[2024/01/07 07:20:07]         1925  alphaPorosity_1925      c     0.000000E+00     8.460099E-04     1.000000E+00           
[2024/01/07 07:20:07]         1926  alphaPorosity_1926      c     0.000000E+00     8.522353E-04     1.000000E+00           
[2024/01/07 07:20:07]         1927  alphaPorosity_1927      c     0.000000E+00     8.768597E-04     1.000000E+00           
[2024/01/07 07:20:07]         1928  alphaPorosity_1928      c     0.000000E+00     9.183697E-04     1.000000E+00           
[2024/01/07 07:20:07]         1929  alphaPorosity_1929      c     0.000000E+00     9.876043E-04     1.000000E+00           
[2024/01/07 07:20:07]         1930  alphaPorosity_1930      c     0.000000E+00     1.073303E-03     1.000000E+00           
[2024/01/07 07:20:07]         1931  alphaPorosity_1931      c     0.000000E+00     1.198245E-03     1.000000E+00           
[2024/01/07 07:20:07]         1932  alphaPorosity_1932      c     0.000000E+00     1.379617E-03     1.000000E+00           
[2024/01/07 07:20:07]         1933  alphaPorosity_1933      c     0.000000E+00     1.645214E-03     1.000000E+00           
[2024/01/07 07:20:07]         1934  alphaPorosity_1934      c     0.000000E+00     2.050927E-03     1.000000E+00           
[2024/01/07 07:20:07]         1935  alphaPorosity_1935      c     0.000000E+00     2.696711E-03     1.000000E+00           
[2024/01/07 07:20:07]         1936  alphaPorosity_1936      c     0.000000E+00     3.775831E-03     1.000000E+00           
[2024/01/07 07:20:07]         1937  alphaPorosity_1937      c     0.000000E+00     5.611190E-03     1.000000E+00           
[2024/01/07 07:20:07]         1938  alphaPorosity_1938      c     0.000000E+00     1.163624E-03     1.000000E+00           
[2024/01/07 07:20:07]         1939  alphaPorosity_1939      c     0.000000E+00     7.555942E-04     1.000000E+00           
[2024/01/07 07:20:07]         1940  alphaPorosity_1940      c     0.000000E+00     8.595015E-04     1.000000E+00           
[2024/01/07 07:20:07]         1941  alphaPorosity_1941      c     0.000000E+00     8.822185E-04     1.000000E+00           
[2024/01/07 07:20:07]         1942  alphaPorosity_1942      c     0.000000E+00     9.396871E-04     1.000000E+00           
[2024/01/07 07:20:07]         1943  alphaPorosity_1943      c     0.000000E+00     1.027209E-03     1.000000E+00           
[2024/01/07 07:20:07]         1944  alphaPorosity_1944      c     0.000000E+00     1.142037E-03     1.000000E+00           
[2024/01/07 07:20:07]         1945  alphaPorosity_1945      c     0.000000E+00     1.309872E-03     1.000000E+00           
[2024/01/07 07:20:07]         1946  alphaPorosity_1946      c     0.000000E+00     1.551251E-03     1.000000E+00           
[2024/01/07 07:20:07]         1947  alphaPorosity_1947      c     0.000000E+00     1.908894E-03     1.000000E+00           
[2024/01/07 07:20:07]         1948  alphaPorosity_1948      c     0.000000E+00     2.457062E-03     1.000000E+00           
[2024/01/07 07:20:07]         1949  alphaPorosity_1949      c     0.000000E+00     3.332955E-03     1.000000E+00           
[2024/01/07 07:20:07]         1950  alphaPorosity_1950      c     0.000000E+00     4.789130E-03     1.000000E+00           
[2024/01/07 07:20:07]         1951  alphaPorosity_1951      c     0.000000E+00     7.107101E-03     1.000000E+00           
[2024/01/07 07:20:07]         1952  alphaPorosity_1952      c     0.000000E+00     1.155327E-02     1.000000E+00           
[2024/01/07 07:20:07]         1953  alphaPorosity_1953      c     0.000000E+00     1.151660E-03     1.000000E+00           
[2024/01/07 07:20:07]         1954  alphaPorosity_1954      c     0.000000E+00     7.421566E-04     1.000000E+00           
[2024/01/07 07:20:07]         1955  alphaPorosity_1955      c     0.000000E+00     8.653049E-04     1.000000E+00           
[2024/01/07 07:20:07]         1956  alphaPorosity_1956      c     0.000000E+00     9.246486E-04     1.000000E+00           
[2024/01/07 07:20:07]         1957  alphaPorosity_1957      c     0.000000E+00     1.032368E-03     1.000000E+00           
[2024/01/07 07:20:07]         1958  alphaPorosity_1958      c     0.000000E+00     1.190708E-03     1.000000E+00           
[2024/01/07 07:20:07]         1959  alphaPorosity_1959      c     0.000000E+00     1.412063E-03     1.000000E+00           
[2024/01/07 07:20:07]         1960  alphaPorosity_1960      c     0.000000E+00     1.746270E-03     1.000000E+00           
[2024/01/07 07:20:07]         1961  alphaPorosity_1961      c     0.000000E+00     2.243295E-03     1.000000E+00           
[2024/01/07 07:20:07]         1962  alphaPorosity_1962      c     0.000000E+00     3.017543E-03     1.000000E+00           
[2024/01/07 07:20:07]         1963  alphaPorosity_1963      c     0.000000E+00     4.259517E-03     1.000000E+00           
[2024/01/07 07:20:07]         1964  alphaPorosity_1964      c     0.000000E+00     6.144254E-03     1.000000E+00           
[2024/01/07 07:20:07]         1965  alphaPorosity_1965      c     0.000000E+00     9.466149E-03     1.000000E+00           
[2024/01/07 07:20:07]         1966  alphaPorosity_1966      c     0.000000E+00     1.416661E-02     1.000000E+00           
[2024/01/07 07:20:07]         1967  alphaPorosity_1967      c     0.000000E+00     1.929868E-02     1.000000E+00           
[2024/01/07 07:20:07]         1968  alphaPorosity_1968      c     0.000000E+00     1.113665E-03     1.000000E+00           
[2024/01/07 07:20:07]         1969  alphaPorosity_1969      c     0.000000E+00     7.314058E-04     1.000000E+00           
[2024/01/07 07:20:07]         1970  alphaPorosity_1970      c     0.000000E+00     9.253133E-04     1.000000E+00           
[2024/01/07 07:20:07]         1971  alphaPorosity_1971      c     0.000000E+00     1.081291E-03     1.000000E+00           
[2024/01/07 07:20:07]         1972  alphaPorosity_1972      c     0.000000E+00     1.322002E-03     1.000000E+00           
[2024/01/07 07:20:07]         1973  alphaPorosity_1973      c     0.000000E+00     1.679360E-03     1.000000E+00           
[2024/01/07 07:20:07]         1974  alphaPorosity_1974      c     0.000000E+00     2.221968E-03     1.000000E+00           
[2024/01/07 07:20:07]         1975  alphaPorosity_1975      c     0.000000E+00     3.070489E-03     1.000000E+00           
[2024/01/07 07:20:07]         1976  alphaPorosity_1976      c     0.000000E+00     4.333581E-03     1.000000E+00           
[2024/01/07 07:20:07]         1977  alphaPorosity_1977      c     0.000000E+00     6.398347E-03     1.000000E+00           
[2024/01/07 07:20:07]         1978  alphaPorosity_1978      c     0.000000E+00     9.441015E-03     1.000000E+00           
[2024/01/07 07:20:07]         1979  alphaPorosity_1979      c     0.000000E+00     1.357105E-02     1.000000E+00           
[2024/01/07 07:20:07]         1980  alphaPorosity_1980      c     0.000000E+00     1.796989E-02     1.000000E+00           
[2024/01/07 07:20:07]         1981  alphaPorosity_1981      c     0.000000E+00     2.155103E-02     1.000000E+00           
[2024/01/07 07:20:07]         1982  alphaPorosity_1982      c     0.000000E+00     2.401309E-02     1.000000E+00           
[2024/01/07 07:20:07]         1983  alphaPorosity_1983      c     0.000000E+00     1.512117E-03     1.000000E+00           
[2024/01/07 07:20:07]         1984  alphaPorosity_1984      c     0.000000E+00     1.107513E-03     1.000000E+00           
[2024/01/07 07:20:07]         1985  alphaPorosity_1985      c     0.000000E+00     1.822208E-03     1.000000E+00           
[2024/01/07 07:20:07]         1986  alphaPorosity_1986      c     0.000000E+00     2.592080E-03     1.000000E+00           
[2024/01/07 07:20:07]         1987  alphaPorosity_1987      c     0.000000E+00     3.894204E-03     1.000000E+00           
[2024/01/07 07:20:07]         1988  alphaPorosity_1988      c     0.000000E+00     5.774714E-03     1.000000E+00           
[2024/01/07 07:20:07]         1989  alphaPorosity_1989      c     0.000000E+00     8.576445E-03     1.000000E+00           
[2024/01/07 07:20:07]         1990  alphaPorosity_1990      c     0.000000E+00     1.234365E-02     1.000000E+00           
[2024/01/07 07:20:07]         1991  alphaPorosity_1991      c     0.000000E+00     1.653356E-02     1.000000E+00           
[2024/01/07 07:20:07]         1992  alphaPorosity_1992      c     0.000000E+00     2.062451E-02     1.000000E+00           
[2024/01/07 07:20:07]         1993  alphaPorosity_1993      c     0.000000E+00     2.358156E-02     1.000000E+00           
[2024/01/07 07:20:07]         1994  alphaPorosity_1994      c     0.000000E+00     2.552421E-02     1.000000E+00           
[2024/01/07 07:20:07]         1995  alphaPorosity_1995      c     0.000000E+00     2.666604E-02     1.000000E+00           
[2024/01/07 07:20:07]         1996  alphaPorosity_1996      c     0.000000E+00     2.738310E-02     1.000000E+00           
[2024/01/07 07:20:07]         1997  alphaPorosity_1997      c     0.000000E+00     2.788521E-02     1.000000E+00           
[2024/01/07 07:20:07]         1998  alphaPorosity_1998      c     0.000000E+00     2.786026E-04     1.000000E+00           
[2024/01/07 07:20:07]         1999  alphaPorosity_1999      c     0.000000E+00     2.701349E-04     1.000000E+00           
[2024/01/07 07:20:07]         2000  alphaPorosity_2000      c     0.000000E+00     2.628034E-04     1.000000E+00           
[2024/01/07 07:20:07]         2001  alphaPorosity_2001      c     0.000000E+00     2.548905E-04     1.000000E+00           
[2024/01/07 07:20:07]         2002  alphaPorosity_2002      c     0.000000E+00     2.481609E-04     1.000000E+00           
[2024/01/07 07:20:07]         2003  alphaPorosity_2003      c     0.000000E+00     2.414423E-04     1.000000E+00           
[2024/01/07 07:20:07]         2004  alphaPorosity_2004      c     0.000000E+00     2.352595E-04     1.000000E+00           
[2024/01/07 07:20:07]         2005  alphaPorosity_2005      c     0.000000E+00     2.293645E-04     1.000000E+00           
[2024/01/07 07:20:07]         2006  alphaPorosity_2006      c     0.000000E+00     2.238420E-04     1.000000E+00           
[2024/01/07 07:20:07]         2007  alphaPorosity_2007      c     0.000000E+00     2.186296E-04     1.000000E+00           
[2024/01/07 07:20:07]         2008  alphaPorosity_2008      c     0.000000E+00     2.137314E-04     1.000000E+00           
[2024/01/07 07:20:07]         2009  alphaPorosity_2009      c     0.000000E+00     2.091219E-04     1.000000E+00           
[2024/01/07 07:20:07]         2010  alphaPorosity_2010      c     0.000000E+00     2.047897E-04     1.000000E+00           
[2024/01/07 07:20:07]         2011  alphaPorosity_2011      c     0.000000E+00     2.007176E-04     1.000000E+00           
[2024/01/07 07:20:07]         2012  alphaPorosity_2012      c     0.000000E+00     1.968920E-04     1.000000E+00           
[2024/01/07 07:20:07]         2013  alphaPorosity_2013      c     0.000000E+00     1.932983E-04     1.000000E+00           
[2024/01/07 07:20:07]         2014  alphaPorosity_2014      c     0.000000E+00     2.763532E-04     1.000000E+00           
[2024/01/07 07:20:07]         2015  alphaPorosity_2015      c     0.000000E+00     2.679390E-04     1.000000E+00           
[2024/01/07 07:20:07]         2016  alphaPorosity_2016      c     0.000000E+00     2.606555E-04     1.000000E+00           
[2024/01/07 07:20:07]         2017  alphaPorosity_2017      c     0.000000E+00     2.527801E-04     1.000000E+00           
[2024/01/07 07:20:07]         2018  alphaPorosity_2018      c     0.000000E+00     2.460907E-04     1.000000E+00           
[2024/01/07 07:20:07]         2019  alphaPorosity_2019      c     0.000000E+00     2.394181E-04     1.000000E+00           
[2024/01/07 07:20:07]         2020  alphaPorosity_2020      c     0.000000E+00     2.332768E-04     1.000000E+00           
[2024/01/07 07:20:07]         2021  alphaPorosity_2021      c     0.000000E+00     2.274265E-04     1.000000E+00           
[2024/01/07 07:20:07]         2022  alphaPorosity_2022      c     0.000000E+00     2.219469E-04     1.000000E+00           
[2024/01/07 07:20:07]         2023  alphaPorosity_2023      c     0.000000E+00     2.167781E-04     1.000000E+00           
[2024/01/07 07:20:07]         2024  alphaPorosity_2024      c     0.000000E+00     2.119225E-04     1.000000E+00           
[2024/01/07 07:20:07]         2025  alphaPorosity_2025      c     0.000000E+00     2.073552E-04     1.000000E+00           
[2024/01/07 07:20:07]         2026  alphaPorosity_2026      c     0.000000E+00     2.030643E-04     1.000000E+00           
[2024/01/07 07:20:07]         2027  alphaPorosity_2027      c     0.000000E+00     1.990326E-04     1.000000E+00           
[2024/01/07 07:20:07]         2028  alphaPorosity_2028      c     0.000000E+00     1.952465E-04     1.000000E+00           
[2024/01/07 07:20:07]         2029  alphaPorosity_2029      c     0.000000E+00     1.916913E-04     1.000000E+00           
[2024/01/07 07:20:07]         2030  alphaPorosity_2030      c     0.000000E+00     2.720382E-04     1.000000E+00           
[2024/01/07 07:20:07]         2031  alphaPorosity_2031      c     0.000000E+00     2.637180E-04     1.000000E+00           
[2024/01/07 07:20:07]         2032  alphaPorosity_2032      c     0.000000E+00     2.565050E-04     1.000000E+00           
[2024/01/07 07:20:07]         2033  alphaPorosity_2033      c     0.000000E+00     2.487350E-04     1.000000E+00           
[2024/01/07 07:20:07]         2034  alphaPorosity_2034      c     0.000000E+00     2.421051E-04     1.000000E+00           
[2024/01/07 07:20:07]         2035  alphaPorosity_2035      c     0.000000E+00     2.355234E-04     1.000000E+00           
[2024/01/07 07:20:07]         2036  alphaPorosity_2036      c     0.000000E+00     2.294582E-04     1.000000E+00           
[2024/01/07 07:20:07]         2037  alphaPorosity_2037      c     0.000000E+00     2.236914E-04     1.000000E+00           
[2024/01/07 07:20:07]         2038  alphaPorosity_2038      c     0.000000E+00     2.182911E-04     1.000000E+00           
[2024/01/07 07:20:07]         2039  alphaPorosity_2039      c     0.000000E+00     2.132027E-04     1.000000E+00           
[2024/01/07 07:20:07]         2040  alphaPorosity_2040      c     0.000000E+00     2.084257E-04     1.000000E+00           
[2024/01/07 07:20:07]         2041  alphaPorosity_2041      c     0.000000E+00     2.039363E-04     1.000000E+00           
[2024/01/07 07:20:07]         2042  alphaPorosity_2042      c     0.000000E+00     1.997219E-04     1.000000E+00           
[2024/01/07 07:20:07]         2043  alphaPorosity_2043      c     0.000000E+00     1.957655E-04     1.000000E+00           
[2024/01/07 07:20:07]         2044  alphaPorosity_2044      c     0.000000E+00     1.920532E-04     1.000000E+00           
[2024/01/07 07:20:07]         2045  alphaPorosity_2045      c     0.000000E+00     1.885705E-04     1.000000E+00           
[2024/01/07 07:20:07]         2046  alphaPorosity_2046      c     0.000000E+00     2.656256E-04     1.000000E+00           
[2024/01/07 07:20:07]         2047  alphaPorosity_2047      c     0.000000E+00     2.578019E-04     1.000000E+00           
[2024/01/07 07:20:07]         2048  alphaPorosity_2048      c     0.000000E+00     2.501038E-04     1.000000E+00           
[2024/01/07 07:20:07]         2049  alphaPorosity_2049      c     0.000000E+00     2.428466E-04     1.000000E+00           
[2024/01/07 07:20:07]         2050  alphaPorosity_2050      c     0.000000E+00     2.361721E-04     1.000000E+00           
[2024/01/07 07:20:07]         2051  alphaPorosity_2051      c     0.000000E+00     2.297736E-04     1.000000E+00           
[2024/01/07 07:20:07]         2052  alphaPorosity_2052      c     0.000000E+00     2.238063E-04     1.000000E+00           
[2024/01/07 07:20:07]         2053  alphaPorosity_2053      c     0.000000E+00     2.181697E-04     1.000000E+00           
[2024/01/07 07:20:07]         2054  alphaPorosity_2054      c     0.000000E+00     2.128862E-04     1.000000E+00           
[2024/01/07 07:20:07]         2055  alphaPorosity_2055      c     0.000000E+00     2.079192E-04     1.000000E+00           
[2024/01/07 07:20:07]         2056  alphaPorosity_2056      c     0.000000E+00     2.032606E-04     1.000000E+00           
[2024/01/07 07:20:07]         2057  alphaPorosity_2057      c     0.000000E+00     1.988892E-04     1.000000E+00           
[2024/01/07 07:20:07]         2058  alphaPorosity_2058      c     0.000000E+00     1.947902E-04     1.000000E+00           
[2024/01/07 07:20:07]         2059  alphaPorosity_2059      c     0.000000E+00     1.909462E-04     1.000000E+00           
[2024/01/07 07:20:07]         2060  alphaPorosity_2060      c     0.000000E+00     1.873431E-04     1.000000E+00           
[2024/01/07 07:20:07]         2061  alphaPorosity_2061      c     0.000000E+00     1.839669E-04     1.000000E+00           
[2024/01/07 07:20:07]         2062  alphaPorosity_2062      c     0.000000E+00     2.574440E-04     1.000000E+00           
[2024/01/07 07:20:07]         2063  alphaPorosity_2063      c     0.000000E+00     2.496771E-04     1.000000E+00           
[2024/01/07 07:20:07]         2064  alphaPorosity_2064      c     0.000000E+00     2.422940E-04     1.000000E+00           
[2024/01/07 07:20:07]         2065  alphaPorosity_2065      c     0.000000E+00     2.351187E-04     1.000000E+00           
[2024/01/07 07:20:07]         2066  alphaPorosity_2066      c     0.000000E+00     2.285999E-04     1.000000E+00           
[2024/01/07 07:20:07]         2067  alphaPorosity_2067      c     0.000000E+00     2.223600E-04     1.000000E+00           
[2024/01/07 07:20:07]         2068  alphaPorosity_2068      c     0.000000E+00     2.165435E-04     1.000000E+00           
[2024/01/07 07:20:07]         2069  alphaPorosity_2069      c     0.000000E+00     2.110639E-04     1.000000E+00           
[2024/01/07 07:20:07]         2070  alphaPorosity_2070      c     0.000000E+00     2.059302E-04     1.000000E+00           
[2024/01/07 07:20:07]         2071  alphaPorosity_2071      c     0.000000E+00     2.011131E-04     1.000000E+00           
[2024/01/07 07:20:07]         2072  alphaPorosity_2072      c     0.000000E+00     1.965999E-04     1.000000E+00           
[2024/01/07 07:20:07]         2073  alphaPorosity_2073      c     0.000000E+00     1.923716E-04     1.000000E+00           
[2024/01/07 07:20:07]         2074  alphaPorosity_2074      c     0.000000E+00     1.884134E-04     1.000000E+00           
[2024/01/07 07:20:07]         2075  alphaPorosity_2075      c     0.000000E+00     1.847075E-04     1.000000E+00           
[2024/01/07 07:20:07]         2076  alphaPorosity_2076      c     0.000000E+00     1.812420E-04     1.000000E+00           
[2024/01/07 07:20:07]         2077  alphaPorosity_2077      c     0.000000E+00     1.780016E-04     1.000000E+00           
[2024/01/07 07:20:07]         2078  alphaPorosity_2078      c     0.000000E+00     2.475984E-04     1.000000E+00           
[2024/01/07 07:20:07]         2079  alphaPorosity_2079      c     0.000000E+00     2.403709E-04     1.000000E+00           
[2024/01/07 07:20:07]         2080  alphaPorosity_2080      c     0.000000E+00     2.326122E-04     1.000000E+00           
[2024/01/07 07:20:07]         2081  alphaPorosity_2081      c     0.000000E+00     2.259718E-04     1.000000E+00           
[2024/01/07 07:20:07]         2082  alphaPorosity_2082      c     0.000000E+00     2.194867E-04     1.000000E+00           
[2024/01/07 07:20:07]         2083  alphaPorosity_2083      c     0.000000E+00     2.134821E-04     1.000000E+00           
[2024/01/07 07:20:07]         2084  alphaPorosity_2084      c     0.000000E+00     2.078250E-04     1.000000E+00           
[2024/01/07 07:20:07]         2085  alphaPorosity_2085      c     0.000000E+00     2.025315E-04     1.000000E+00           
[2024/01/07 07:20:07]         2086  alphaPorosity_2086      c     0.000000E+00     1.975754E-04     1.000000E+00           
[2024/01/07 07:20:07]         2087  alphaPorosity_2087      c     0.000000E+00     1.929421E-04     1.000000E+00           
[2024/01/07 07:20:07]         2088  alphaPorosity_2088      c     0.000000E+00     1.886116E-04     1.000000E+00           
[2024/01/07 07:20:07]         2089  alphaPorosity_2089      c     0.000000E+00     1.845675E-04     1.000000E+00           
[2024/01/07 07:20:07]         2090  alphaPorosity_2090      c     0.000000E+00     1.807966E-04     1.000000E+00           
[2024/01/07 07:20:07]         2091  alphaPorosity_2091      c     0.000000E+00     1.772675E-04     1.000000E+00           
[2024/01/07 07:20:07]         2092  alphaPorosity_2092      c     0.000000E+00     1.740112E-04     1.000000E+00           
[2024/01/07 07:20:07]         2093  alphaPorosity_2093      c     0.000000E+00     1.709644E-04     1.000000E+00           
[2024/01/07 07:20:07]         2094  alphaPorosity_2094      c     0.000000E+00     2.370456E-04     1.000000E+00           
[2024/01/07 07:20:07]         2095  alphaPorosity_2095      c     0.000000E+00     2.289914E-04     1.000000E+00           
[2024/01/07 07:20:07]         2096  alphaPorosity_2096      c     0.000000E+00     2.220955E-04     1.000000E+00           
[2024/01/07 07:20:07]         2097  alphaPorosity_2097      c     0.000000E+00     2.154290E-04     1.000000E+00           
[2024/01/07 07:20:07]         2098  alphaPorosity_2098      c     0.000000E+00     2.092421E-04     1.000000E+00           
[2024/01/07 07:20:07]         2099  alphaPorosity_2099      c     0.000000E+00     2.034503E-04     1.000000E+00           
[2024/01/07 07:20:07]         2100  alphaPorosity_2100      c     0.000000E+00     1.980540E-04     1.000000E+00           
[2024/01/07 07:20:07]         2101  alphaPorosity_2101      c     0.000000E+00     1.930052E-04     1.000000E+00           
[2024/01/07 07:20:07]         2102  alphaPorosity_2102      c     0.000000E+00     1.883535E-04     1.000000E+00           
[2024/01/07 07:20:07]         2103  alphaPorosity_2103      c     0.000000E+00     1.839987E-04     1.000000E+00           
[2024/01/07 07:20:07]         2104  alphaPorosity_2104      c     0.000000E+00     1.799572E-04     1.000000E+00           
[2024/01/07 07:20:07]         2105  alphaPorosity_2105      c     0.000000E+00     1.762003E-04     1.000000E+00           
[2024/01/07 07:20:07]         2106  alphaPorosity_2106      c     0.000000E+00     1.727114E-04     1.000000E+00           
[2024/01/07 07:20:07]         2107  alphaPorosity_2107      c     0.000000E+00     1.694982E-04     1.000000E+00           
[2024/01/07 07:20:07]         2108  alphaPorosity_2108      c     0.000000E+00     1.664519E-04     1.000000E+00           
[2024/01/07 07:20:07]         2109  alphaPorosity_2109      c     0.000000E+00     1.636427E-04     1.000000E+00           
[2024/01/07 07:20:07]         2110  alphaPorosity_2110      c     0.000000E+00     2.249509E-04     1.000000E+00           
[2024/01/07 07:20:07]         2111  alphaPorosity_2111      c     0.000000E+00     2.174468E-04     1.000000E+00           
[2024/01/07 07:20:07]         2112  alphaPorosity_2112      c     0.000000E+00     2.108595E-04     1.000000E+00           
[2024/01/07 07:20:07]         2113  alphaPorosity_2113      c     0.000000E+00     2.045087E-04     1.000000E+00           
[2024/01/07 07:20:07]         2114  alphaPorosity_2114      c     0.000000E+00     1.987575E-04     1.000000E+00           
[2024/01/07 07:20:07]         2115  alphaPorosity_2115      c     0.000000E+00     1.933444E-04     1.000000E+00           
[2024/01/07 07:20:07]         2116  alphaPorosity_2116      c     0.000000E+00     1.883432E-04     1.000000E+00           
[2024/01/07 07:20:07]         2117  alphaPorosity_2117      c     0.000000E+00     1.837344E-04     1.000000E+00           
[2024/01/07 07:20:07]         2118  alphaPorosity_2118      c     0.000000E+00     1.793572E-04     1.000000E+00           
[2024/01/07 07:20:07]         2119  alphaPorosity_2119      c     0.000000E+00     1.753223E-04     1.000000E+00           
[2024/01/07 07:20:07]         2120  alphaPorosity_2120      c     0.000000E+00     1.715782E-04     1.000000E+00           
[2024/01/07 07:20:07]         2121  alphaPorosity_2121      c     0.000000E+00     1.681299E-04     1.000000E+00           
[2024/01/07 07:20:07]         2122  alphaPorosity_2122      c     0.000000E+00     1.649445E-04     1.000000E+00           
[2024/01/07 07:20:07]         2123  alphaPorosity_2123      c     0.000000E+00     1.619908E-04     1.000000E+00           
[2024/01/07 07:20:07]         2124  alphaPorosity_2124      c     0.000000E+00     1.592972E-04     1.000000E+00           
[2024/01/07 07:20:07]         2125  alphaPorosity_2125      c     0.000000E+00     1.568242E-04     1.000000E+00           
[2024/01/07 07:20:07]         2126  alphaPorosity_2126      c     0.000000E+00     2.132411E-04     1.000000E+00           
[2024/01/07 07:20:07]         2127  alphaPorosity_2127      c     0.000000E+00     2.064075E-04     1.000000E+00           
[2024/01/07 07:20:07]         2128  alphaPorosity_2128      c     0.000000E+00     2.002342E-04     1.000000E+00           
[2024/01/07 07:20:07]         2129  alphaPorosity_2129      c     0.000000E+00     1.944913E-04     1.000000E+00           
[2024/01/07 07:20:07]         2130  alphaPorosity_2130      c     0.000000E+00     1.890738E-04     1.000000E+00           
[2024/01/07 07:20:07]         2131  alphaPorosity_2131      c     0.000000E+00     1.840882E-04     1.000000E+00           
[2024/01/07 07:20:07]         2132  alphaPorosity_2132      c     0.000000E+00     1.795023E-04     1.000000E+00           
[2024/01/07 07:20:07]         2133  alphaPorosity_2133      c     0.000000E+00     1.752765E-04     1.000000E+00           
[2024/01/07 07:20:07]         2134  alphaPorosity_2134      c     0.000000E+00     1.714421E-04     1.000000E+00           
[2024/01/07 07:20:07]         2135  alphaPorosity_2135      c     0.000000E+00     1.679367E-04     1.000000E+00           
[2024/01/07 07:20:07]         2136  alphaPorosity_2136      c     0.000000E+00     1.647481E-04     1.000000E+00           
[2024/01/07 07:20:07]         2137  alphaPorosity_2137      c     0.000000E+00     1.618471E-04     1.000000E+00           
[2024/01/07 07:20:07]         2138  alphaPorosity_2138      c     0.000000E+00     1.592158E-04     1.000000E+00           
[2024/01/07 07:20:07]         2139  alphaPorosity_2139      c     0.000000E+00     1.568805E-04     1.000000E+00           
[2024/01/07 07:20:07]         2140  alphaPorosity_2140      c     0.000000E+00     1.547824E-04     1.000000E+00           
[2024/01/07 07:20:07]         2141  alphaPorosity_2141      c     0.000000E+00     1.528907E-04     1.000000E+00           
[2024/01/07 07:20:07]         2142  alphaPorosity_2142      c     0.000000E+00     2.099541E-04     1.000000E+00           
[2024/01/07 07:20:07]         2143  alphaPorosity_2143      c     0.000000E+00     2.031548E-04     1.000000E+00           
[2024/01/07 07:20:07]         2144  alphaPorosity_2144      c     0.000000E+00     1.969825E-04     1.000000E+00           
[2024/01/07 07:20:07]         2145  alphaPorosity_2145      c     0.000000E+00     1.913487E-04     1.000000E+00           
[2024/01/07 07:20:07]         2146  alphaPorosity_2146      c     0.000000E+00     1.861919E-04     1.000000E+00           
[2024/01/07 07:20:07]         2147  alphaPorosity_2147      c     0.000000E+00     1.815621E-04     1.000000E+00           
[2024/01/07 07:20:07]         2148  alphaPorosity_2148      c     0.000000E+00     1.773801E-04     1.000000E+00           
[2024/01/07 07:20:07]         2149  alphaPorosity_2149      c     0.000000E+00     1.736322E-04     1.000000E+00           
[2024/01/07 07:20:07]         2150  alphaPorosity_2150      c     0.000000E+00     1.702710E-04     1.000000E+00           
[2024/01/07 07:20:07]         2151  alphaPorosity_2151      c     0.000000E+00     1.673544E-04     1.000000E+00           
[2024/01/07 07:20:07]         2152  alphaPorosity_2152      c     0.000000E+00     1.648118E-04     1.000000E+00           
[2024/01/07 07:20:07]         2153  alphaPorosity_2153      c     0.000000E+00     1.626106E-04     1.000000E+00           
[2024/01/07 07:20:07]         2154  alphaPorosity_2154      c     0.000000E+00     1.607270E-04     1.000000E+00           
[2024/01/07 07:20:07]         2155  alphaPorosity_2155      c     0.000000E+00     1.590800E-04     1.000000E+00           
[2024/01/07 07:20:07]         2156  alphaPorosity_2156      c     0.000000E+00     1.577268E-04     1.000000E+00           
[2024/01/07 07:20:07]         2157  alphaPorosity_2157      c     0.000000E+00     1.565662E-04     1.000000E+00           
[2024/01/07 07:20:07]         2158  alphaPorosity_2158      c     0.000000E+00     1.555660E-04     1.000000E+00           
[2024/01/07 07:20:07]         2159  alphaPorosity_2159      c     0.000000E+00     2.018862E-04     1.000000E+00           
[2024/01/07 07:20:07]         2160  alphaPorosity_2160      c     0.000000E+00     1.961698E-04     1.000000E+00           
[2024/01/07 07:20:07]         2161  alphaPorosity_2161      c     0.000000E+00     1.911435E-04     1.000000E+00           
[2024/01/07 07:20:07]         2162  alphaPorosity_2162      c     0.000000E+00     1.866984E-04     1.000000E+00           
[2024/01/07 07:20:07]         2163  alphaPorosity_2163      c     0.000000E+00     1.827972E-04     1.000000E+00           
[2024/01/07 07:20:07]         2164  alphaPorosity_2164      c     0.000000E+00     1.795586E-04     1.000000E+00           
[2024/01/07 07:20:07]         2165  alphaPorosity_2165      c     0.000000E+00     1.768801E-04     1.000000E+00           
[2024/01/07 07:20:07]         2166  alphaPorosity_2166      c     0.000000E+00     1.747976E-04     1.000000E+00           
[2024/01/07 07:20:07]         2167  alphaPorosity_2167      c     0.000000E+00     1.732055E-04     1.000000E+00           
[2024/01/07 07:20:07]         2168  alphaPorosity_2168      c     0.000000E+00     1.720408E-04     1.000000E+00           
[2024/01/07 07:20:07]         2169  alphaPorosity_2169      c     0.000000E+00     1.712002E-04     1.000000E+00           
[2024/01/07 07:20:07]         2170  alphaPorosity_2170      c     0.000000E+00     1.707201E-04     1.000000E+00           
[2024/01/07 07:20:07]         2171  alphaPorosity_2171      c     0.000000E+00     1.705312E-04     1.000000E+00           
[2024/01/07 07:20:07]         2172  alphaPorosity_2172      c     0.000000E+00     1.706719E-04     1.000000E+00           
[2024/01/07 07:20:07]         2173  alphaPorosity_2173      c     0.000000E+00     1.710865E-04     1.000000E+00           
[2024/01/07 07:20:07]         2174  alphaPorosity_2174      c     0.000000E+00     1.716526E-04     1.000000E+00           
[2024/01/07 07:20:07]         2175  alphaPorosity_2175      c     0.000000E+00     1.724366E-04     1.000000E+00           
[2024/01/07 07:20:07]         2176  alphaPorosity_2176      c     0.000000E+00     1.999552E-04     1.000000E+00           
[2024/01/07 07:20:07]         2177  alphaPorosity_2177      c     0.000000E+00     1.961213E-04     1.000000E+00           
[2024/01/07 07:20:07]         2178  alphaPorosity_2178      c     0.000000E+00     1.931974E-04     1.000000E+00           
[2024/01/07 07:20:07]         2179  alphaPorosity_2179      c     0.000000E+00     1.913385E-04     1.000000E+00           
[2024/01/07 07:20:07]         2180  alphaPorosity_2180      c     0.000000E+00     1.902098E-04     1.000000E+00           
[2024/01/07 07:20:07]         2181  alphaPorosity_2181      c     0.000000E+00     1.898165E-04     1.000000E+00           
[2024/01/07 07:20:07]         2182  alphaPorosity_2182      c     0.000000E+00     1.900885E-04     1.000000E+00           
[2024/01/07 07:20:07]         2183  alphaPorosity_2183      c     0.000000E+00     1.909898E-04     1.000000E+00           
[2024/01/07 07:20:07]         2184  alphaPorosity_2184      c     0.000000E+00     1.925320E-04     1.000000E+00           
[2024/01/07 07:20:07]         2185  alphaPorosity_2185      c     0.000000E+00     1.945234E-04     1.000000E+00           
[2024/01/07 07:20:07]         2186  alphaPorosity_2186      c     0.000000E+00     1.970599E-04     1.000000E+00           
[2024/01/07 07:20:07]         2187  alphaPorosity_2187      c     0.000000E+00     2.001033E-04     1.000000E+00           
[2024/01/07 07:20:07]         2188  alphaPorosity_2188      c     0.000000E+00     2.036095E-04     1.000000E+00           
[2024/01/07 07:20:07]         2189  alphaPorosity_2189      c     0.000000E+00     2.075716E-04     1.000000E+00           
[2024/01/07 07:20:07]         2190  alphaPorosity_2190      c     0.000000E+00     2.119266E-04     1.000000E+00           
[2024/01/07 07:20:07]         2191  alphaPorosity_2191      c     0.000000E+00     2.166821E-04     1.000000E+00           
[2024/01/07 07:20:07]         2192  alphaPorosity_2192      c     0.000000E+00     2.217711E-04     1.000000E+00           
[2024/01/07 07:20:07]         2193  alphaPorosity_2193      c     0.000000E+00     2.109052E-04     1.000000E+00           
[2024/01/07 07:20:07]         2194  alphaPorosity_2194      c     0.000000E+00     2.113836E-04     1.000000E+00           
[2024/01/07 07:20:07]         2195  alphaPorosity_2195      c     0.000000E+00     2.131875E-04     1.000000E+00           
[2024/01/07 07:20:07]         2196  alphaPorosity_2196      c     0.000000E+00     2.160268E-04     1.000000E+00           
[2024/01/07 07:20:07]         2197  alphaPorosity_2197      c     0.000000E+00     2.201171E-04     1.000000E+00           
[2024/01/07 07:20:07]         2198  alphaPorosity_2198      c     0.000000E+00     2.253660E-04     1.000000E+00           
[2024/01/07 07:20:07]         2199  alphaPorosity_2199      c     0.000000E+00     2.318812E-04     1.000000E+00           
[2024/01/07 07:20:07]         2200  alphaPorosity_2200      c     0.000000E+00     2.396019E-04     1.000000E+00           
[2024/01/07 07:20:07]         2201  alphaPorosity_2201      c     0.000000E+00     2.484916E-04     1.000000E+00           
[2024/01/07 07:20:07]         2202  alphaPorosity_2202      c     0.000000E+00     2.586437E-04     1.000000E+00           
[2024/01/07 07:20:07]         2203  alphaPorosity_2203      c     0.000000E+00     2.701780E-04     1.000000E+00           
[2024/01/07 07:20:07]         2204  alphaPorosity_2204      c     0.000000E+00     2.829768E-04     1.000000E+00           
[2024/01/07 07:20:07]         2205  alphaPorosity_2205      c     0.000000E+00     2.968981E-04     1.000000E+00           
[2024/01/07 07:20:07]         2206  alphaPorosity_2206      c     0.000000E+00     3.120768E-04     1.000000E+00           
[2024/01/07 07:20:07]         2207  alphaPorosity_2207      c     0.000000E+00     3.287113E-04     1.000000E+00           
[2024/01/07 07:20:07]         2208  alphaPorosity_2208      c     0.000000E+00     3.467781E-04     1.000000E+00           
[2024/01/07 07:20:07]         2209  alphaPorosity_2209      c     0.000000E+00     3.644426E-04     1.000000E+00           
[2024/01/07 07:20:07]         2210  alphaPorosity_2210      c     0.000000E+00     2.500071E-04     1.000000E+00           
[2024/01/07 07:20:07]         2211  alphaPorosity_2211      c     0.000000E+00     2.594025E-04     1.000000E+00           
[2024/01/07 07:20:07]         2212  alphaPorosity_2212      c     0.000000E+00     2.714874E-04     1.000000E+00           
[2024/01/07 07:20:07]         2213  alphaPorosity_2213      c     0.000000E+00     2.863076E-04     1.000000E+00           
[2024/01/07 07:20:07]         2214  alphaPorosity_2214      c     0.000000E+00     3.041965E-04     1.000000E+00           
[2024/01/07 07:20:07]         2215  alphaPorosity_2215      c     0.000000E+00     3.256943E-04     1.000000E+00           
[2024/01/07 07:20:07]         2216  alphaPorosity_2216      c     0.000000E+00     3.511823E-04     1.000000E+00           
[2024/01/07 07:20:07]         2217  alphaPorosity_2217      c     0.000000E+00     3.807611E-04     1.000000E+00           
[2024/01/07 07:20:07]         2218  alphaPorosity_2218      c     0.000000E+00     4.150858E-04     1.000000E+00           
[2024/01/07 07:20:07]         2219  alphaPorosity_2219      c     0.000000E+00     4.549371E-04     1.000000E+00           
[2024/01/07 07:20:07]         2220  alphaPorosity_2220      c     0.000000E+00     5.009274E-04     1.000000E+00           
[2024/01/07 07:20:07]         2221  alphaPorosity_2221      c     0.000000E+00     5.539986E-04     1.000000E+00           
[2024/01/07 07:20:07]         2222  alphaPorosity_2222      c     0.000000E+00     6.100048E-04     1.000000E+00           
[2024/01/07 07:20:07]         2223  alphaPorosity_2223      c     0.000000E+00     6.782201E-04     1.000000E+00           
[2024/01/07 07:20:07]         2224  alphaPorosity_2224      c     0.000000E+00     7.484146E-04     1.000000E+00           
[2024/01/07 07:20:07]         2225  alphaPorosity_2225      c     0.000000E+00     8.284652E-04     1.000000E+00           
[2024/01/07 07:20:07]         2226  alphaPorosity_2226      c     0.000000E+00     9.156975E-04     1.000000E+00           
[2024/01/07 07:20:07]         2227  alphaPorosity_2227      c     0.000000E+00     3.587344E-04     1.000000E+00           
[2024/01/07 07:20:07]         2228  alphaPorosity_2228      c     0.000000E+00     3.954540E-04     1.000000E+00           
[2024/01/07 07:20:07]         2229  alphaPorosity_2229      c     0.000000E+00     4.418566E-04     1.000000E+00           
[2024/01/07 07:20:07]         2230  alphaPorosity_2230      c     0.000000E+00     4.998696E-04     1.000000E+00           
[2024/01/07 07:20:07]         2231  alphaPorosity_2231      c     0.000000E+00     5.716585E-04     1.000000E+00           
[2024/01/07 07:20:07]         2232  alphaPorosity_2232      c     0.000000E+00     6.618417E-04     1.000000E+00           
[2024/01/07 07:20:07]         2233  alphaPorosity_2233      c     0.000000E+00     7.770784E-04     1.000000E+00           
[2024/01/07 07:20:07]         2234  alphaPorosity_2234      c     0.000000E+00     8.996715E-04     1.000000E+00           
[2024/01/07 07:20:07]         2235  alphaPorosity_2235      c     0.000000E+00     1.074553E-03     1.000000E+00           
[2024/01/07 07:20:07]         2236  alphaPorosity_2236      c     0.000000E+00     1.268376E-03     1.000000E+00           
[2024/01/07 07:20:07]         2237  alphaPorosity_2237      c     0.000000E+00     1.507875E-03     1.000000E+00           
[2024/01/07 07:20:07]         2238  alphaPorosity_2238      c     0.000000E+00     1.795474E-03     1.000000E+00           
[2024/01/07 07:20:07]         2239  alphaPorosity_2239      c     0.000000E+00     2.100347E-03     1.000000E+00           
[2024/01/07 07:20:07]         2240  alphaPorosity_2240      c     0.000000E+00     2.550908E-03     1.000000E+00           
[2024/01/07 07:20:07]         2241  alphaPorosity_2241      c     0.000000E+00     3.072978E-03     1.000000E+00           
[2024/01/07 07:20:07]         2242  alphaPorosity_2242      c     0.000000E+00     3.725423E-03     1.000000E+00           
[2024/01/07 07:20:07]         2243  alphaPorosity_2243      c     0.000000E+00     4.509935E-03     1.000000E+00           
[2024/01/07 07:20:07]         2244  alphaPorosity_2244      c     0.000000E+00     7.173893E-04     1.000000E+00           
[2024/01/07 07:20:07]         2245  alphaPorosity_2245      c     0.000000E+00     8.803791E-04     1.000000E+00           
[2024/01/07 07:20:07]         2246  alphaPorosity_2246      c     0.000000E+00     1.091142E-03     1.000000E+00           
[2024/01/07 07:20:07]         2247  alphaPorosity_2247      c     0.000000E+00     1.383246E-03     1.000000E+00           
[2024/01/07 07:20:07]         2248  alphaPorosity_2248      c     0.000000E+00     1.748274E-03     1.000000E+00           
[2024/01/07 07:20:07]         2249  alphaPorosity_2249      c     0.000000E+00     2.316245E-03     1.000000E+00           
[2024/01/07 07:20:07]         2250  alphaPorosity_2250      c     0.000000E+00     2.957212E-03     1.000000E+00           
[2024/01/07 07:20:07]         2251  alphaPorosity_2251      c     0.000000E+00     4.052487E-03     1.000000E+00           
[2024/01/07 07:20:07]         2252  alphaPorosity_2252      c     0.000000E+00     5.570758E-03     1.000000E+00           
[2024/01/07 07:20:07]         2253  alphaPorosity_2253      c     0.000000E+00     7.631374E-03     1.000000E+00           
[2024/01/07 07:20:07]         2254  alphaPorosity_2254      c     0.000000E+00     1.041593E-02     1.000000E+00           
[2024/01/07 07:20:07]         2255  alphaPorosity_2255      c     0.000000E+00     1.388464E-02     1.000000E+00           
[2024/01/07 07:20:07]         2256  alphaPorosity_2256      c     0.000000E+00     1.845769E-02     1.000000E+00           
[2024/01/07 07:20:07]         2257  alphaPorosity_2257      c     0.000000E+00     2.230075E-02     1.000000E+00           
[2024/01/07 07:20:07]         2258  alphaPorosity_2258      c     0.000000E+00     2.533668E-02     1.000000E+00           
[2024/01/07 07:20:07]         2259  alphaPorosity_2259      c     0.000000E+00     2.748948E-02     1.000000E+00           
[2024/01/07 07:20:07]         2260  alphaPorosity_2260      c     0.000000E+00     2.891809E-02     1.000000E+00           
[2024/01/07 07:20:07]         2261  alphaPorosity_2261      c     0.000000E+00     2.321334E-03     1.000000E+00           
[2024/01/07 07:20:07]         2262  alphaPorosity_2262      c     0.000000E+00     3.209968E-03     1.000000E+00           
[2024/01/07 07:20:07]         2263  alphaPorosity_2263      c     0.000000E+00     4.911827E-03     1.000000E+00           
[2024/01/07 07:20:07]         2264  alphaPorosity_2264      c     0.000000E+00     7.531772E-03     1.000000E+00           
[2024/01/07 07:20:07]         2265  alphaPorosity_2265      c     0.000000E+00     1.159965E-02     1.000000E+00           
[2024/01/07 07:20:07]         2266  alphaPorosity_2266      c     0.000000E+00     1.713020E-02     1.000000E+00           
[2024/01/07 07:20:07]         2267  alphaPorosity_2267      c     0.000000E+00     2.386955E-02     1.000000E+00           
[2024/01/07 07:20:07]         2268  alphaPorosity_2268      c     0.000000E+00     2.850986E-02     1.000000E+00           
[2024/01/07 07:20:07]         2269  alphaPorosity_2269      c     0.000000E+00     3.113409E-02     1.000000E+00           
[2024/01/07 07:20:07]         2270  alphaPorosity_2270      c     0.000000E+00     3.237097E-02     1.000000E+00           
[2024/01/07 07:20:07]         2271  alphaPorosity_2271      c     0.000000E+00     3.293489E-02     1.000000E+00           
[2024/01/07 07:20:07]         2272  alphaPorosity_2272      c     0.000000E+00     3.317112E-02     1.000000E+00           
[2024/01/07 07:20:07]         2273  alphaPorosity_2273      c     0.000000E+00     3.324040E-02     1.000000E+00           
[2024/01/07 07:20:07]         2274  alphaPorosity_2274      c     0.000000E+00     3.314941E-02     1.000000E+00           
[2024/01/07 07:20:07]         2275  alphaPorosity_2275      c     0.000000E+00     3.304538E-02     1.000000E+00           
[2024/01/07 07:20:07]         2276  alphaPorosity_2276      c     0.000000E+00     3.294171E-02     1.000000E+00           
[2024/01/07 07:20:07]         2277  alphaPorosity_2277      c     0.000000E+00     3.284700E-02     1.000000E+00           
[2024/01/07 07:20:07]         2278  alphaPorosity_2278      c     0.000000E+00     1.510283E-02     1.000000E+00           
[2024/01/07 07:20:07]         2279  alphaPorosity_2279      c     0.000000E+00     2.412534E-02     1.000000E+00           
[2024/01/07 07:20:07]         2280  alphaPorosity_2280      c     0.000000E+00     3.024908E-02     1.000000E+00           
[2024/01/07 07:20:07]         2281  alphaPorosity_2281      c     0.000000E+00     3.303149E-02     1.000000E+00           
[2024/01/07 07:20:07]         2282  alphaPorosity_2282      c     0.000000E+00     3.401164E-02     1.000000E+00           
[2024/01/07 07:20:07]         2283  alphaPorosity_2283      c     0.000000E+00     3.420426E-02     1.000000E+00           
[2024/01/07 07:20:07]         2284  alphaPorosity_2284      c     0.000000E+00     3.412270E-02     1.000000E+00           
[2024/01/07 07:20:07]         2285  alphaPorosity_2285      c     0.000000E+00     3.389880E-02     1.000000E+00           
[2024/01/07 07:20:07]         2286  alphaPorosity_2286      c     0.000000E+00     3.371666E-02     1.000000E+00           
[2024/01/07 07:20:07]         2287  alphaPorosity_2287      c     0.000000E+00     3.356963E-02     1.000000E+00           
[2024/01/07 07:20:07]         2288  alphaPorosity_2288      c     0.000000E+00     3.345305E-02     1.000000E+00           
[2024/01/07 07:20:07]         2289  alphaPorosity_2289      c     0.000000E+00     3.335254E-02     1.000000E+00           
[2024/01/07 07:20:07]         2290  alphaPorosity_2290      c     0.000000E+00     3.324867E-02     1.000000E+00           
[2024/01/07 07:20:07]         2291  alphaPorosity_2291      c     0.000000E+00     3.313781E-02     1.000000E+00           
[2024/01/07 07:20:07]         2292  alphaPorosity_2292      c     0.000000E+00     3.303353E-02     1.000000E+00           
[2024/01/07 07:20:07]         2293  alphaPorosity_2293      c     0.000000E+00     3.293701E-02     1.000000E+00           
[2024/01/07 07:20:07]         2294  alphaPorosity_2294      c     0.000000E+00     3.284754E-02     1.000000E+00           
[2024/01/07 07:20:07]         2295  alphaPorosity_2295      c     0.000000E+00     3.467314E-02     1.000000E+00           
[2024/01/07 07:20:07]         2296  alphaPorosity_2296      c     0.000000E+00     3.471219E-02     1.000000E+00           
[2024/01/07 07:20:07]         2297  alphaPorosity_2297      c     0.000000E+00     3.438925E-02     1.000000E+00           
[2024/01/07 07:20:07]         2298  alphaPorosity_2298      c     0.000000E+00     3.414025E-02     1.000000E+00           
[2024/01/07 07:20:07]         2299  alphaPorosity_2299      c     0.000000E+00     3.397889E-02     1.000000E+00           
[2024/01/07 07:20:07]         2300  alphaPorosity_2300      c     0.000000E+00     3.386263E-02     1.000000E+00           
[2024/01/07 07:20:07]         2301  alphaPorosity_2301      c     0.000000E+00     3.375056E-02     1.000000E+00           
[2024/01/07 07:20:07]         2302  alphaPorosity_2302      c     0.000000E+00     3.363556E-02     1.000000E+00           
[2024/01/07 07:20:07]         2303  alphaPorosity_2303      c     0.000000E+00     3.353183E-02     1.000000E+00           
[2024/01/07 07:20:07]         2304  alphaPorosity_2304      c     0.000000E+00     3.343454E-02     1.000000E+00           
[2024/01/07 07:20:07]         2305  alphaPorosity_2305      c     0.000000E+00     3.334213E-02     1.000000E+00           
[2024/01/07 07:20:07]         2306  alphaPorosity_2306      c     0.000000E+00     3.325204E-02     1.000000E+00           
[2024/01/07 07:20:07]         2307  alphaPorosity_2307      c     0.000000E+00     3.316117E-02     1.000000E+00           
[2024/01/07 07:20:07]         2308  alphaPorosity_2308      c     0.000000E+00     3.306999E-02     1.000000E+00           
[2024/01/07 07:20:07]         2309  alphaPorosity_2309      c     0.000000E+00     3.298104E-02     1.000000E+00           
[2024/01/07 07:20:07]         2310  alphaPorosity_2310      c     0.000000E+00     3.289621E-02     1.000000E+00           
[2024/01/07 07:20:07]         2311  alphaPorosity_2311      c     0.000000E+00     3.281505E-02     1.000000E+00           
[2024/01/07 07:20:07]         2312  alphaPorosity_2312      c     0.000000E+00     3.422242E-02     1.000000E+00           
[2024/01/07 07:20:07]         2313  alphaPorosity_2313      c     0.000000E+00     3.410031E-02     1.000000E+00           
[2024/01/07 07:20:07]         2314  alphaPorosity_2314      c     0.000000E+00     3.398527E-02     1.000000E+00           
[2024/01/07 07:20:07]         2315  alphaPorosity_2315      c     0.000000E+00     3.388961E-02     1.000000E+00           
[2024/01/07 07:20:07]         2316  alphaPorosity_2316      c     0.000000E+00     3.380440E-02     1.000000E+00           
[2024/01/07 07:20:07]         2317  alphaPorosity_2317      c     0.000000E+00     3.372109E-02     1.000000E+00           
[2024/01/07 07:20:07]         2318  alphaPorosity_2318      c     0.000000E+00     3.363439E-02     1.000000E+00           
[2024/01/07 07:20:07]         2319  alphaPorosity_2319      c     0.000000E+00     3.354540E-02     1.000000E+00           
[2024/01/07 07:20:07]         2320  alphaPorosity_2320      c     0.000000E+00     3.345768E-02     1.000000E+00           
[2024/01/07 07:20:07]         2321  alphaPorosity_2321      c     0.000000E+00     3.337106E-02     1.000000E+00           
[2024/01/07 07:20:07]         2322  alphaPorosity_2322      c     0.000000E+00     3.328535E-02     1.000000E+00           
[2024/01/07 07:20:07]         2323  alphaPorosity_2323      c     0.000000E+00     3.320000E-02     1.000000E+00           
[2024/01/07 07:20:07]         2324  alphaPorosity_2324      c     0.000000E+00     3.311459E-02     1.000000E+00           
[2024/01/07 07:20:07]         2325  alphaPorosity_2325      c     0.000000E+00     3.302975E-02     1.000000E+00           
[2024/01/07 07:20:07]         2326  alphaPorosity_2326      c     0.000000E+00     3.294667E-02     1.000000E+00           
[2024/01/07 07:20:07]         2327  alphaPorosity_2327      c     0.000000E+00     3.286601E-02     1.000000E+00           
[2024/01/07 07:20:07]         2328  alphaPorosity_2328      c     0.000000E+00     3.278796E-02     1.000000E+00           
[2024/01/07 07:20:07]         2329  alphaPorosity_2329      c     0.000000E+00     3.398602E-02     1.000000E+00           
[2024/01/07 07:20:07]         2330  alphaPorosity_2330      c     0.000000E+00     3.392615E-02     1.000000E+00           
[2024/01/07 07:20:07]         2331  alphaPorosity_2331      c     0.000000E+00     3.385889E-02     1.000000E+00           
[2024/01/07 07:20:07]         2332  alphaPorosity_2332      c     0.000000E+00     3.378928E-02     1.000000E+00           
[2024/01/07 07:20:07]         2333  alphaPorosity_2333      c     0.000000E+00     3.371774E-02     1.000000E+00           
[2024/01/07 07:20:07]         2334  alphaPorosity_2334      c     0.000000E+00     3.364324E-02     1.000000E+00           
[2024/01/07 07:20:07]         2335  alphaPorosity_2335      c     0.000000E+00     3.356526E-02     1.000000E+00           
[2024/01/07 07:20:07]         2336  alphaPorosity_2336      c     0.000000E+00     3.348484E-02     1.000000E+00           
[2024/01/07 07:20:07]         2337  alphaPorosity_2337      c     0.000000E+00     3.340343E-02     1.000000E+00           
[2024/01/07 07:20:07]         2338  alphaPorosity_2338      c     0.000000E+00     3.332154E-02     1.000000E+00           
[2024/01/07 07:20:07]         2339  alphaPorosity_2339      c     0.000000E+00     3.323951E-02     1.000000E+00           
[2024/01/07 07:20:07]         2340  alphaPorosity_2340      c     0.000000E+00     3.315753E-02     1.000000E+00           
[2024/01/07 07:20:07]         2341  alphaPorosity_2341      c     0.000000E+00     3.307584E-02     1.000000E+00           
[2024/01/07 07:20:07]         2342  alphaPorosity_2342      c     0.000000E+00     3.299493E-02     1.000000E+00           
[2024/01/07 07:20:07]         2343  alphaPorosity_2343      c     0.000000E+00     3.291540E-02     1.000000E+00           
[2024/01/07 07:20:07]         2344  alphaPorosity_2344      c     0.000000E+00     3.283767E-02     1.000000E+00           
[2024/01/07 07:20:07]         2345  alphaPorosity_2345      c     0.000000E+00     3.276199E-02     1.000000E+00           
[2024/01/07 07:20:07]         2346  alphaPorosity_2346      c     0.000000E+00     3.386064E-02     1.000000E+00           
[2024/01/07 07:20:07]         2347  alphaPorosity_2347      c     0.000000E+00     3.381785E-02     1.000000E+00           
[2024/01/07 07:20:07]         2348  alphaPorosity_2348      c     0.000000E+00     3.376616E-02     1.000000E+00           
[2024/01/07 07:20:07]         2349  alphaPorosity_2349      c     0.000000E+00     3.370802E-02     1.000000E+00           
[2024/01/07 07:20:07]         2350  alphaPorosity_2350      c     0.000000E+00     3.364467E-02     1.000000E+00           
[2024/01/07 07:20:07]         2351  alphaPorosity_2351      c     0.000000E+00     3.357677E-02     1.000000E+00           
[2024/01/07 07:20:07]         2352  alphaPorosity_2352      c     0.000000E+00     3.350499E-02     1.000000E+00           
[2024/01/07 07:20:07]         2353  alphaPorosity_2353      c     0.000000E+00     3.343034E-02     1.000000E+00           
[2024/01/07 07:20:07]         2354  alphaPorosity_2354      c     0.000000E+00     3.335380E-02     1.000000E+00           
[2024/01/07 07:20:07]         2355  alphaPorosity_2355      c     0.000000E+00     3.327606E-02     1.000000E+00           
[2024/01/07 07:20:07]         2356  alphaPorosity_2356      c     0.000000E+00     3.319768E-02     1.000000E+00           
[2024/01/07 07:20:07]         2357  alphaPorosity_2357      c     0.000000E+00     3.311908E-02     1.000000E+00           
[2024/01/07 07:20:07]         2358  alphaPorosity_2358      c     0.000000E+00     3.304069E-02     1.000000E+00           
[2024/01/07 07:20:07]         2359  alphaPorosity_2359      c     0.000000E+00     3.296295E-02     1.000000E+00           
[2024/01/07 07:20:07]         2360  alphaPorosity_2360      c     0.000000E+00     3.288631E-02     1.000000E+00           
[2024/01/07 07:20:07]         2361  alphaPorosity_2361      c     0.000000E+00     3.281109E-02     1.000000E+00           
[2024/01/07 07:20:07]         2362  alphaPorosity_2362      c     0.000000E+00     3.273753E-02     1.000000E+00           
[2024/01/07 07:20:07]         2363  alphaPorosity_2363      c     0.000000E+00     3.375087E-02     1.000000E+00           
[2024/01/07 07:20:07]         2364  alphaPorosity_2364      c     0.000000E+00     3.372088E-02     1.000000E+00           
[2024/01/07 07:20:07]         2365  alphaPorosity_2365      c     0.000000E+00     3.368045E-02     1.000000E+00           
[2024/01/07 07:20:07]         2366  alphaPorosity_2366      c     0.000000E+00     3.363160E-02     1.000000E+00           
[2024/01/07 07:20:07]         2367  alphaPorosity_2367      c     0.000000E+00     3.357589E-02     1.000000E+00           
[2024/01/07 07:20:07]         2368  alphaPorosity_2368      c     0.000000E+00     3.351455E-02     1.000000E+00           
[2024/01/07 07:20:07]         2369  alphaPorosity_2369      c     0.000000E+00     3.344866E-02     1.000000E+00           
[2024/01/07 07:20:07]         2370  alphaPorosity_2370      c     0.000000E+00     3.337928E-02     1.000000E+00           
[2024/01/07 07:20:07]         2371  alphaPorosity_2371      c     0.000000E+00     3.330738E-02     1.000000E+00           
[2024/01/07 07:20:07]         2372  alphaPorosity_2372      c     0.000000E+00     3.323374E-02     1.000000E+00           
[2024/01/07 07:20:07]         2373  alphaPorosity_2373      c     0.000000E+00     3.315901E-02     1.000000E+00           
[2024/01/07 07:20:07]         2374  alphaPorosity_2374      c     0.000000E+00     3.308375E-02     1.000000E+00           
[2024/01/07 07:20:07]         2375  alphaPorosity_2375      c     0.000000E+00     3.300846E-02     1.000000E+00           
[2024/01/07 07:20:07]         2376  alphaPorosity_2376      c     0.000000E+00     3.293358E-02     1.000000E+00           
[2024/01/07 07:20:07]         2377  alphaPorosity_2377      c     0.000000E+00     3.285951E-02     1.000000E+00           
[2024/01/07 07:20:07]         2378  alphaPorosity_2378      c     0.000000E+00     3.278658E-02     1.000000E+00           
[2024/01/07 07:20:07]         2379  alphaPorosity_2379      c     0.000000E+00     3.271503E-02     1.000000E+00           
[2024/01/07 07:20:07]         2380  alphaPorosity_2380      c     0.000000E+00     3.364854E-02     1.000000E+00           
[2024/01/07 07:20:07]         2381  alphaPorosity_2381      c     0.000000E+00     3.363010E-02     1.000000E+00           
[2024/01/07 07:20:07]         2382  alphaPorosity_2382      c     0.000000E+00     3.359977E-02     1.000000E+00           
[2024/01/07 07:20:07]         2383  alphaPorosity_2383      c     0.000000E+00     3.355960E-02     1.000000E+00           
[2024/01/07 07:20:07]         2384  alphaPorosity_2384      c     0.000000E+00     3.351134E-02     1.000000E+00           
[2024/01/07 07:20:07]         2385  alphaPorosity_2385      c     0.000000E+00     3.345648E-02     1.000000E+00           
[2024/01/07 07:20:07]         2386  alphaPorosity_2386      c     0.000000E+00     3.339633E-02     1.000000E+00           
[2024/01/07 07:20:07]         2387  alphaPorosity_2387      c     0.000000E+00     3.333204E-02     1.000000E+00           
[2024/01/07 07:20:07]         2388  alphaPorosity_2388      c     0.000000E+00     3.326464E-02     1.000000E+00           
[2024/01/07 07:20:07]         2389  alphaPorosity_2389      c     0.000000E+00     3.319498E-02     1.000000E+00           
[2024/01/07 07:20:07]         2390  alphaPorosity_2390      c     0.000000E+00     3.312380E-02     1.000000E+00           
[2024/01/07 07:20:07]         2391  alphaPorosity_2391      c     0.000000E+00     3.305174E-02     1.000000E+00           
[2024/01/07 07:20:07]         2392  alphaPorosity_2392      c     0.000000E+00     3.297935E-02     1.000000E+00           
[2024/01/07 07:20:07]         2393  alphaPorosity_2393      c     0.000000E+00     3.290709E-02     1.000000E+00           
[2024/01/07 07:20:07]         2394  alphaPorosity_2394      c     0.000000E+00     3.283538E-02     1.000000E+00           
[2024/01/07 07:20:07]         2395  alphaPorosity_2395      c     0.000000E+00     3.276455E-02     1.000000E+00           
[2024/01/07 07:20:07]         2396  alphaPorosity_2396      c     0.000000E+00     3.269487E-02     1.000000E+00           
[2024/01/07 07:20:07]         2397  alphaPorosity_2397      c     0.000000E+00     3.355451E-02     1.000000E+00           
[2024/01/07 07:20:07]         2398  alphaPorosity_2398      c     0.000000E+00     3.354672E-02     1.000000E+00           
[2024/01/07 07:20:07]         2399  alphaPorosity_2399      c     0.000000E+00     3.352572E-02     1.000000E+00           
[2024/01/07 07:20:07]         2400  alphaPorosity_2400      c     0.000000E+00     3.349367E-02     1.000000E+00           
[2024/01/07 07:20:07]         2401  alphaPorosity_2401      c     0.000000E+00     3.345248E-02     1.000000E+00           
[2024/01/07 07:20:07]         2402  alphaPorosity_2402      c     0.000000E+00     3.340379E-02     1.000000E+00           
[2024/01/07 07:20:07]         2403  alphaPorosity_2403      c     0.000000E+00     3.334906E-02     1.000000E+00           
[2024/01/07 07:20:07]         2404  alphaPorosity_2404      c     0.000000E+00     3.328955E-02     1.000000E+00           
[2024/01/07 07:20:07]         2405  alphaPorosity_2405      c     0.000000E+00     3.322636E-02     1.000000E+00           
[2024/01/07 07:20:07]         2406  alphaPorosity_2406      c     0.000000E+00     3.316042E-02     1.000000E+00           
[2024/01/07 07:20:07]         2407  alphaPorosity_2407      c     0.000000E+00     3.309255E-02     1.000000E+00           
[2024/01/07 07:20:07]         2408  alphaPorosity_2408      c     0.000000E+00     3.302345E-02     1.000000E+00           
[2024/01/07 07:20:07]         2409  alphaPorosity_2409      c     0.000000E+00     3.295370E-02     1.000000E+00           
[2024/01/07 07:20:07]         2410  alphaPorosity_2410      c     0.000000E+00     3.288381E-02     1.000000E+00           
[2024/01/07 07:20:07]         2411  alphaPorosity_2411      c     0.000000E+00     3.281422E-02     1.000000E+00           
[2024/01/07 07:20:07]         2412  alphaPorosity_2412      c     0.000000E+00     3.274529E-02     1.000000E+00           
[2024/01/07 07:20:07]         2413  alphaPorosity_2413      c     0.000000E+00     3.267730E-02     1.000000E+00           
[2024/01/07 07:20:07]         2414  alphaPorosity_2414      c     0.000000E+00     3.347113E-02     1.000000E+00           
[2024/01/07 07:20:07]         2415  alphaPorosity_2415      c     0.000000E+00     3.347295E-02     1.000000E+00           
[2024/01/07 07:20:07]         2416  alphaPorosity_2416      c     0.000000E+00     3.346032E-02     1.000000E+00           
[2024/01/07 07:20:07]         2417  alphaPorosity_2417      c     0.000000E+00     3.343558E-02     1.000000E+00           
[2024/01/07 07:20:07]         2418  alphaPorosity_2418      c     0.000000E+00     3.340077E-02     1.000000E+00           
[2024/01/07 07:20:07]         2419  alphaPorosity_2419      c     0.000000E+00     3.335765E-02     1.000000E+00           
[2024/01/07 07:20:07]         2420  alphaPorosity_2420      c     0.000000E+00     3.330781E-02     1.000000E+00           
[2024/01/07 07:20:07]         2421  alphaPorosity_2421      c     0.000000E+00     3.325258E-02     1.000000E+00           
[2024/01/07 07:20:07]         2422  alphaPorosity_2422      c     0.000000E+00     3.319316E-02     1.000000E+00           
[2024/01/07 07:20:07]         2423  alphaPorosity_2423      c     0.000000E+00     3.313054E-02     1.000000E+00           
[2024/01/07 07:20:07]         2424  alphaPorosity_2424      c     0.000000E+00     3.306562E-02     1.000000E+00           
[2024/01/07 07:20:07]         2425  alphaPorosity_2425      c     0.000000E+00     3.299913E-02     1.000000E+00           
[2024/01/07 07:20:07]         2426  alphaPorosity_2426      c     0.000000E+00     3.293171E-02     1.000000E+00           
[2024/01/07 07:20:07]         2427  alphaPorosity_2427      c     0.000000E+00     3.286391E-02     1.000000E+00           
[2024/01/07 07:20:07]         2428  alphaPorosity_2428      c     0.000000E+00     3.279618E-02     1.000000E+00           
[2024/01/07 07:20:07]         2429  alphaPorosity_2429      c     0.000000E+00     3.272891E-02     1.000000E+00           
[2024/01/07 07:20:07]         2430  alphaPorosity_2430      c     0.000000E+00     3.266240E-02     1.000000E+00           
[2024/01/07 07:20:07]         2431  alphaPorosity_2431      c     0.000000E+00     3.339957E-02     1.000000E+00           
[2024/01/07 07:20:07]         2432  alphaPorosity_2432      c     0.000000E+00     3.340958E-02     1.000000E+00           
[2024/01/07 07:20:07]         2433  alphaPorosity_2433      c     0.000000E+00     3.340412E-02     1.000000E+00           
[2024/01/07 07:20:07]         2434  alphaPorosity_2434      c     0.000000E+00     3.338562E-02     1.000000E+00           
[2024/01/07 07:20:07]         2435  alphaPorosity_2435      c     0.000000E+00     3.335625E-02     1.000000E+00           
[2024/01/07 07:20:07]         2436  alphaPorosity_2436      c     0.000000E+00     3.331790E-02     1.000000E+00           
[2024/01/07 07:20:07]         2437  alphaPorosity_2437      c     0.000000E+00     3.327223E-02     1.000000E+00           
[2024/01/07 07:20:07]         2438  alphaPorosity_2438      c     0.000000E+00     3.322067E-02     1.000000E+00           
[2024/01/07 07:20:07]         2439  alphaPorosity_2439      c     0.000000E+00     3.316447E-02     1.000000E+00           
[2024/01/07 07:20:07]         2440  alphaPorosity_2440      c     0.000000E+00     3.310470E-02     1.000000E+00           
[2024/01/07 07:20:07]         2441  alphaPorosity_2441      c     0.000000E+00     3.304228E-02     1.000000E+00           
[2024/01/07 07:20:07]         2442  alphaPorosity_2442      c     0.000000E+00     3.297801E-02     1.000000E+00           
[2024/01/07 07:20:07]         2443  alphaPorosity_2443      c     0.000000E+00     3.291257E-02     1.000000E+00           
[2024/01/07 07:20:07]         2444  alphaPorosity_2444      c     0.000000E+00     3.284653E-02     1.000000E+00           
[2024/01/07 07:20:07]         2445  alphaPorosity_2445      c     0.000000E+00     3.278037E-02     1.000000E+00           
[2024/01/07 07:20:07]         2446  alphaPorosity_2446      c     0.000000E+00     3.271450E-02     1.000000E+00           
[2024/01/07 07:20:07]         2447  alphaPorosity_2447      c     0.000000E+00     3.264925E-02     1.000000E+00           
[2024/01/07 07:20:07]         2448  alphaPorosity_2448      c     0.000000E+00     3.333103E-02     1.000000E+00           
[2024/01/07 07:20:07]         2449  alphaPorosity_2449      c     0.000000E+00     3.334743E-02     1.000000E+00           
[2024/01/07 07:20:07]         2450  alphaPorosity_2450      c     0.000000E+00     3.334760E-02     1.000000E+00           
[2024/01/07 07:20:07]         2451  alphaPorosity_2451      c     0.000000E+00     3.333407E-02     1.000000E+00           
[2024/01/07 07:20:07]         2452  alphaPorosity_2452      c     0.000000E+00     3.330910E-02     1.000000E+00           
[2024/01/07 07:20:07]         2453  alphaPorosity_2453      c     0.000000E+00     3.327465E-02     1.000000E+00           
[2024/01/07 07:20:07]         2454  alphaPorosity_2454      c     0.000000E+00     3.323244E-02     1.000000E+00           
[2024/01/07 07:20:07]         2455  alphaPorosity_2455      c     0.000000E+00     3.318397E-02     1.000000E+00           
[2024/01/07 07:20:07]         2456  alphaPorosity_2456      c     0.000000E+00     3.313052E-02     1.000000E+00           
[2024/01/07 07:20:07]         2457  alphaPorosity_2457      c     0.000000E+00     3.307322E-02     1.000000E+00           
[2024/01/07 07:20:07]         2458  alphaPorosity_2458      c     0.000000E+00     3.301303E-02     1.000000E+00           
[2024/01/07 07:20:07]         2459  alphaPorosity_2459      c     0.000000E+00     3.295078E-02     1.000000E+00           
[2024/01/07 07:20:07]         2460  alphaPorosity_2460      c     0.000000E+00     3.288716E-02     1.000000E+00           
[2024/01/07 07:20:07]         2461  alphaPorosity_2461      c     0.000000E+00     3.282278E-02     1.000000E+00           
[2024/01/07 07:20:07]         2462  alphaPorosity_2462      c     0.000000E+00     3.275813E-02     1.000000E+00           
[2024/01/07 07:20:07]         2463  alphaPorosity_2463      c     0.000000E+00     3.269365E-02     1.000000E+00           
[2024/01/07 07:20:07]         2464  alphaPorosity_2464      c     0.000000E+00     3.262967E-02     1.000000E+00           
[2024/01/07 07:20:07]         2465  alphaPorosity_2465      c     0.000000E+00     3.317976E-02     1.000000E+00           
[2024/01/07 07:20:07]         2466  alphaPorosity_2466      c     0.000000E+00     3.319990E-02     1.000000E+00           
[2024/01/07 07:20:07]         2467  alphaPorosity_2467      c     0.000000E+00     3.320394E-02     1.000000E+00           
[2024/01/07 07:20:07]         2468  alphaPorosity_2468      c     0.000000E+00     3.319438E-02     1.000000E+00           
[2024/01/07 07:20:07]         2469  alphaPorosity_2469      c     0.000000E+00     3.317342E-02     1.000000E+00           
[2024/01/07 07:20:07]         2470  alphaPorosity_2470      c     0.000000E+00     3.314302E-02     1.000000E+00           
[2024/01/07 07:20:07]         2471  alphaPorosity_2471      c     0.000000E+00     3.310486E-02     1.000000E+00           
[2024/01/07 07:20:07]         2472  alphaPorosity_2472      c     0.000000E+00     3.306043E-02     1.000000E+00           
[2024/01/07 07:20:07]         2473  alphaPorosity_2473      c     0.000000E+00     3.301102E-02     1.000000E+00           
[2024/01/07 07:20:07]         2474  alphaPorosity_2474      c     0.000000E+00     3.295773E-02     1.000000E+00           
[2024/01/07 07:20:07]         2475  alphaPorosity_2475      c     0.000000E+00     3.290151E-02     1.000000E+00           
[2024/01/07 07:20:07]         2476  alphaPorosity_2476      c     0.000000E+00     3.284317E-02     1.000000E+00           
[2024/01/07 07:20:07]         2477  alphaPorosity_2477      c     0.000000E+00     3.278343E-02     1.000000E+00           
[2024/01/07 07:20:07]         2478  alphaPorosity_2478      c     0.000000E+00     3.272286E-02     1.000000E+00           
[2024/01/07 07:20:07]         2479  alphaPorosity_2479      c     0.000000E+00     3.266196E-02     1.000000E+00           
[2024/01/07 07:20:07]         2480  alphaPorosity_2480      c     0.000000E+00     3.260115E-02     1.000000E+00           
[2024/01/07 07:20:07]         2481  alphaPorosity_2481      c     0.000000E+00     3.254077E-02     1.000000E+00           
[2024/01/07 07:20:07]         2482  alphaPorosity_2482      c     0.000000E+00     3.236168E-02     1.000000E+00           
[2024/01/07 07:20:07]         2483  alphaPorosity_2483      c     0.000000E+00     3.237665E-02     1.000000E+00           
[2024/01/07 07:20:07]         2484  alphaPorosity_2484      c     0.000000E+00     3.238109E-02     1.000000E+00           
[2024/01/07 07:20:07]         2485  alphaPorosity_2485      c     0.000000E+00     3.237662E-02     1.000000E+00           
[2024/01/07 07:20:07]         2486  alphaPorosity_2486      c     0.000000E+00     3.236467E-02     1.000000E+00           
[2024/01/07 07:20:07]         2487  alphaPorosity_2487      c     0.000000E+00     3.234653E-02     1.000000E+00           
[2024/01/07 07:20:07]         2488  alphaPorosity_2488      c     0.000000E+00     3.232330E-02     1.000000E+00           
[2024/01/07 07:20:07]         2489  alphaPorosity_2489      c     0.000000E+00     3.229597E-02     1.000000E+00           
[2024/01/07 07:20:07]         2490  alphaPorosity_2490      c     0.000000E+00     3.226536E-02     1.000000E+00           
[2024/01/07 07:20:07]         2491  alphaPorosity_2491      c     0.000000E+00     3.223222E-02     1.000000E+00           
[2024/01/07 07:20:07]         2492  alphaPorosity_2492      c     0.000000E+00     3.219716E-02     1.000000E+00           
[2024/01/07 07:20:07]         2493  alphaPorosity_2493      c     0.000000E+00     3.216074E-02     1.000000E+00           
[2024/01/07 07:20:07]         2494  alphaPorosity_2494      c     0.000000E+00     3.212339E-02     1.000000E+00           
[2024/01/07 07:20:07]         2495  alphaPorosity_2495      c     0.000000E+00     3.208552E-02     1.000000E+00           
[2024/01/07 07:20:07]         2496  alphaPorosity_2496      c     0.000000E+00     3.204743E-02     1.000000E+00           
[2024/01/07 07:20:07]         2497  alphaPorosity_2497      c     0.000000E+00     3.200941E-02     1.000000E+00           
[2024/01/07 07:20:07]         2498  alphaPorosity_2498      c     0.000000E+00     3.197168E-02     1.000000E+00           
[2024/01/07 07:20:07]         2499  alphaPorosity_2499      c     0.000000E+00     5.010994E-04     1.000000E+00           
[2024/01/07 07:20:07]         2500  alphaPorosity_2500      c     0.000000E+00     4.834447E-04     1.000000E+00           
[2024/01/07 07:20:07]         2501  alphaPorosity_2501      c     0.000000E+00     4.663528E-04     1.000000E+00           
[2024/01/07 07:20:07]         2502  alphaPorosity_2502      c     0.000000E+00     4.498339E-04     1.000000E+00           
[2024/01/07 07:20:07]         2503  alphaPorosity_2503      c     0.000000E+00     4.338954E-04     1.000000E+00           
[2024/01/07 07:20:07]         2504  alphaPorosity_2504      c     0.000000E+00     4.185422E-04     1.000000E+00           
[2024/01/07 07:20:07]         2505  alphaPorosity_2505      c     0.000000E+00     4.037769E-04     1.000000E+00           
[2024/01/07 07:20:07]         2506  alphaPorosity_2506      c     0.000000E+00     3.895993E-04     1.000000E+00           
[2024/01/07 07:20:07]         2507  alphaPorosity_2507      c     0.000000E+00     3.760069E-04     1.000000E+00           
[2024/01/07 07:20:07]         2508  alphaPorosity_2508      c     0.000000E+00     3.629949E-04     1.000000E+00           
[2024/01/07 07:20:07]         2509  alphaPorosity_2509      c     0.000000E+00     3.505566E-04     1.000000E+00           
[2024/01/07 07:20:07]         2510  alphaPorosity_2510      c     0.000000E+00     3.386839E-04     1.000000E+00           
[2024/01/07 07:20:07]         2511  alphaPorosity_2511      c     0.000000E+00     3.273658E-04     1.000000E+00           
[2024/01/07 07:20:07]         2512  alphaPorosity_2512      c     0.000000E+00     3.165857E-04     1.000000E+00           
[2024/01/07 07:20:07]         2513  alphaPorosity_2513      c     0.000000E+00     3.063312E-04     1.000000E+00           
[2024/01/07 07:20:07]         2514  alphaPorosity_2514      c     0.000000E+00     2.966117E-04     1.000000E+00           
[2024/01/07 07:20:07]         2515  alphaPorosity_2515      c     0.000000E+00     2.874137E-04     1.000000E+00           
[2024/01/07 07:20:07]         2516  alphaPorosity_2516      c     0.000000E+00     4.985809E-04     1.000000E+00           
[2024/01/07 07:20:07]         2517  alphaPorosity_2517      c     0.000000E+00     4.809098E-04     1.000000E+00           
[2024/01/07 07:20:07]         2518  alphaPorosity_2518      c     0.000000E+00     4.638065E-04     1.000000E+00           
[2024/01/07 07:20:07]         2519  alphaPorosity_2519      c     0.000000E+00     4.472809E-04     1.000000E+00           
[2024/01/07 07:20:07]         2520  alphaPorosity_2520      c     0.000000E+00     4.313405E-04     1.000000E+00           
[2024/01/07 07:20:07]         2521  alphaPorosity_2521      c     0.000000E+00     4.159900E-04     1.000000E+00           
[2024/01/07 07:20:07]         2522  alphaPorosity_2522      c     0.000000E+00     4.012319E-04     1.000000E+00           
[2024/01/07 07:20:07]         2523  alphaPorosity_2523      c     0.000000E+00     3.870657E-04     1.000000E+00           
[2024/01/07 07:20:07]         2524  alphaPorosity_2524      c     0.000000E+00     3.734889E-04     1.000000E+00           
[2024/01/07 07:20:07]         2525  alphaPorosity_2525      c     0.000000E+00     3.604963E-04     1.000000E+00           
[2024/01/07 07:20:07]         2526  alphaPorosity_2526      c     0.000000E+00     3.480810E-04     1.000000E+00           
[2024/01/07 07:20:07]         2527  alphaPorosity_2527      c     0.000000E+00     3.362346E-04     1.000000E+00           
[2024/01/07 07:20:07]         2528  alphaPorosity_2528      c     0.000000E+00     3.249454E-04     1.000000E+00           
[2024/01/07 07:20:07]         2529  alphaPorosity_2529      c     0.000000E+00     3.141967E-04     1.000000E+00           
[2024/01/07 07:20:07]         2530  alphaPorosity_2530      c     0.000000E+00     3.039767E-04     1.000000E+00           
[2024/01/07 07:20:07]         2531  alphaPorosity_2531      c     0.000000E+00     2.942932E-04     1.000000E+00           
[2024/01/07 07:20:07]         2532  alphaPorosity_2532      c     0.000000E+00     2.851283E-04     1.000000E+00           
[2024/01/07 07:20:07]         2533  alphaPorosity_2533      c     0.000000E+00     4.937279E-04     1.000000E+00           
[2024/01/07 07:20:07]         2534  alphaPorosity_2534      c     0.000000E+00     4.760274E-04     1.000000E+00           
[2024/01/07 07:20:07]         2535  alphaPorosity_2535      c     0.000000E+00     4.589041E-04     1.000000E+00           
[2024/01/07 07:20:07]         2536  alphaPorosity_2536      c     0.000000E+00     4.423678E-04     1.000000E+00           
[2024/01/07 07:20:07]         2537  alphaPorosity_2537      c     0.000000E+00     4.264257E-04     1.000000E+00           
[2024/01/07 07:20:07]         2538  alphaPorosity_2538      c     0.000000E+00     4.110823E-04     1.000000E+00           
[2024/01/07 07:20:07]         2539  alphaPorosity_2539      c     0.000000E+00     3.963396E-04     1.000000E+00           
[2024/01/07 07:20:07]         2540  alphaPorosity_2540      c     0.000000E+00     3.821970E-04     1.000000E+00           
[2024/01/07 07:20:07]         2541  alphaPorosity_2541      c     0.000000E+00     3.686513E-04     1.000000E+00           
[2024/01/07 07:20:07]         2542  alphaPorosity_2542      c     0.000000E+00     3.556969E-04     1.000000E+00           
[2024/01/07 07:20:07]         2543  alphaPorosity_2543      c     0.000000E+00     3.433264E-04     1.000000E+00           
[2024/01/07 07:20:07]         2544  alphaPorosity_2544      c     0.000000E+00     3.315309E-04     1.000000E+00           
[2024/01/07 07:20:07]         2545  alphaPorosity_2545      c     0.000000E+00     3.202975E-04     1.000000E+00           
[2024/01/07 07:20:07]         2546  alphaPorosity_2546      c     0.000000E+00     3.096098E-04     1.000000E+00           
[2024/01/07 07:20:07]         2547  alphaPorosity_2547      c     0.000000E+00     2.994585E-04     1.000000E+00           
[2024/01/07 07:20:07]         2548  alphaPorosity_2548      c     0.000000E+00     2.898487E-04     1.000000E+00           
[2024/01/07 07:20:07]         2549  alphaPorosity_2549      c     0.000000E+00     2.807498E-04     1.000000E+00           
[2024/01/07 07:20:07]         2550  alphaPorosity_2550      c     0.000000E+00     4.865943E-04     1.000000E+00           
[2024/01/07 07:20:07]         2551  alphaPorosity_2551      c     0.000000E+00     4.688439E-04     1.000000E+00           
[2024/01/07 07:20:07]         2552  alphaPorosity_2552      c     0.000000E+00     4.516856E-04     1.000000E+00           
[2024/01/07 07:20:07]         2553  alphaPorosity_2553      c     0.000000E+00     4.351288E-04     1.000000E+00           
[2024/01/07 07:20:07]         2554  alphaPorosity_2554      c     0.000000E+00     4.191803E-04     1.000000E+00           
[2024/01/07 07:20:07]         2555  alphaPorosity_2555      c     0.000000E+00     4.038441E-04     1.000000E+00           
[2024/01/07 07:20:07]         2556  alphaPorosity_2556      c     0.000000E+00     3.891215E-04     1.000000E+00           
[2024/01/07 07:20:07]         2557  alphaPorosity_2557      c     0.000000E+00     3.750112E-04     1.000000E+00           
[2024/01/07 07:20:07]         2558  alphaPorosity_2558      c     0.000000E+00     3.615093E-04     1.000000E+00           
[2024/01/07 07:20:07]         2559  alphaPorosity_2559      c     0.000000E+00     3.486095E-04     1.000000E+00           
[2024/01/07 07:20:07]         2560  alphaPorosity_2560      c     0.000000E+00     3.363039E-04     1.000000E+00           
[2024/01/07 07:20:07]         2561  alphaPorosity_2561      c     0.000000E+00     3.245823E-04     1.000000E+00           
[2024/01/07 07:20:07]         2562  alphaPorosity_2562      c     0.000000E+00     3.134303E-04     1.000000E+00           
[2024/01/07 07:20:07]         2563  alphaPorosity_2563      c     0.000000E+00     3.028323E-04     1.000000E+00           
[2024/01/07 07:20:07]         2564  alphaPorosity_2564      c     0.000000E+00     2.927845E-04     1.000000E+00           
[2024/01/07 07:20:07]         2565  alphaPorosity_2565      c     0.000000E+00     2.832836E-04     1.000000E+00           
[2024/01/07 07:20:07]         2566  alphaPorosity_2566      c     0.000000E+00     2.742585E-04     1.000000E+00           
[2024/01/07 07:20:07]         2567  alphaPorosity_2567      c     0.000000E+00     4.774427E-04     1.000000E+00           
[2024/01/07 07:20:07]         2568  alphaPorosity_2568      c     0.000000E+00     4.596221E-04     1.000000E+00           
[2024/01/07 07:20:07]         2569  alphaPorosity_2569      c     0.000000E+00     4.424144E-04     1.000000E+00           
[2024/01/07 07:20:07]         2570  alphaPorosity_2570      c     0.000000E+00     4.258279E-04     1.000000E+00           
[2024/01/07 07:20:07]         2571  alphaPorosity_2571      c     0.000000E+00     4.098686E-04     1.000000E+00           
[2024/01/07 07:20:07]         2572  alphaPorosity_2572      c     0.000000E+00     3.945397E-04     1.000000E+00           
[2024/01/07 07:20:07]         2573  alphaPorosity_2573      c     0.000000E+00     3.798417E-04     1.000000E+00           
[2024/01/07 07:20:07]         2574  alphaPorosity_2574      c     0.000000E+00     3.657723E-04     1.000000E+00           
[2024/01/07 07:20:07]         2575  alphaPorosity_2575      c     0.000000E+00     3.523265E-04     1.000000E+00           
[2024/01/07 07:20:07]         2576  alphaPorosity_2576      c     0.000000E+00     3.394973E-04     1.000000E+00           
[2024/01/07 07:20:07]         2577  alphaPorosity_2577      c     0.000000E+00     3.272754E-04     1.000000E+00           
[2024/01/07 07:20:07]         2578  alphaPorosity_2578      c     0.000000E+00     3.156491E-04     1.000000E+00           
[2024/01/07 07:20:07]         2579  alphaPorosity_2579      c     0.000000E+00     3.046026E-04     1.000000E+00           
[2024/01/07 07:20:07]         2580  alphaPorosity_2580      c     0.000000E+00     2.941194E-04     1.000000E+00           
[2024/01/07 07:20:07]         2581  alphaPorosity_2581      c     0.000000E+00     2.841949E-04     1.000000E+00           
[2024/01/07 07:20:07]         2582  alphaPorosity_2582      c     0.000000E+00     2.748225E-04     1.000000E+00           
[2024/01/07 07:20:07]         2583  alphaPorosity_2583      c     0.000000E+00     2.659321E-04     1.000000E+00           
[2024/01/07 07:20:07]         2584  alphaPorosity_2584      c     0.000000E+00     4.664172E-04     1.000000E+00           
[2024/01/07 07:20:07]         2585  alphaPorosity_2585      c     0.000000E+00     4.485114E-04     1.000000E+00           
[2024/01/07 07:20:07]         2586  alphaPorosity_2586      c     0.000000E+00     4.312442E-04     1.000000E+00           
[2024/01/07 07:20:07]         2587  alphaPorosity_2587      c     0.000000E+00     4.146228E-04     1.000000E+00           
[2024/01/07 07:20:07]         2588  alphaPorosity_2588      c     0.000000E+00     3.986521E-04     1.000000E+00           
[2024/01/07 07:20:07]         2589  alphaPorosity_2589      c     0.000000E+00     3.833340E-04     1.000000E+00           
[2024/01/07 07:20:07]         2590  alphaPorosity_2590      c     0.000000E+00     3.686679E-04     1.000000E+00           
[2024/01/07 07:20:07]         2591  alphaPorosity_2591      c     0.000000E+00     3.546502E-04     1.000000E+00           
[2024/01/07 07:20:07]         2592  alphaPorosity_2592      c     0.000000E+00     3.412748E-04     1.000000E+00           
[2024/01/07 07:20:07]         2593  alphaPorosity_2593      c     0.000000E+00     3.285330E-04     1.000000E+00           
[2024/01/07 07:20:07]         2594  alphaPorosity_2594      c     0.000000E+00     3.164146E-04     1.000000E+00           
[2024/01/07 07:20:07]         2595  alphaPorosity_2595      c     0.000000E+00     3.049052E-04     1.000000E+00           
[2024/01/07 07:20:07]         2596  alphaPorosity_2596      c     0.000000E+00     2.939861E-04     1.000000E+00           
[2024/01/07 07:20:07]         2597  alphaPorosity_2597      c     0.000000E+00     2.836454E-04     1.000000E+00           
[2024/01/07 07:20:07]         2598  alphaPorosity_2598      c     0.000000E+00     2.738835E-04     1.000000E+00           
[2024/01/07 07:20:07]         2599  alphaPorosity_2599      c     0.000000E+00     2.646715E-04     1.000000E+00           
[2024/01/07 07:20:07]         2600  alphaPorosity_2600      c     0.000000E+00     2.559077E-04     1.000000E+00           
[2024/01/07 07:20:07]         2601  alphaPorosity_2601      c     0.000000E+00     4.537675E-04     1.000000E+00           
[2024/01/07 07:20:07]         2602  alphaPorosity_2602      c     0.000000E+00     4.357705E-04     1.000000E+00           
[2024/01/07 07:20:07]         2603  alphaPorosity_2603      c     0.000000E+00     4.184419E-04     1.000000E+00           
[2024/01/07 07:20:07]         2604  alphaPorosity_2604      c     0.000000E+00     4.017877E-04     1.000000E+00           
[2024/01/07 07:20:07]         2605  alphaPorosity_2605      c     0.000000E+00     3.858114E-04     1.000000E+00           
[2024/01/07 07:20:07]         2606  alphaPorosity_2606      c     0.000000E+00     3.705136E-04     1.000000E+00           
[2024/01/07 07:20:07]         2607  alphaPorosity_2607      c     0.000000E+00     3.558922E-04     1.000000E+00           
[2024/01/07 07:20:07]         2608  alphaPorosity_2608      c     0.000000E+00     3.419424E-04     1.000000E+00           
[2024/01/07 07:20:07]         2609  alphaPorosity_2609      c     0.000000E+00     3.286565E-04     1.000000E+00           
[2024/01/07 07:20:07]         2610  alphaPorosity_2610      c     0.000000E+00     3.160247E-04     1.000000E+00           
[2024/01/07 07:20:07]         2611  alphaPorosity_2611      c     0.000000E+00     3.040349E-04     1.000000E+00           
[2024/01/07 07:20:07]         2612  alphaPorosity_2612      c     0.000000E+00     2.926697E-04     1.000000E+00           
[2024/01/07 07:20:07]         2613  alphaPorosity_2613      c     0.000000E+00     2.819096E-04     1.000000E+00           
[2024/01/07 07:20:07]         2614  alphaPorosity_2614      c     0.000000E+00     2.717535E-04     1.000000E+00           
[2024/01/07 07:20:07]         2615  alphaPorosity_2615      c     0.000000E+00     2.621977E-04     1.000000E+00           
[2024/01/07 07:20:07]         2616  alphaPorosity_2616      c     0.000000E+00     2.531437E-04     1.000000E+00           
[2024/01/07 07:20:07]         2617  alphaPorosity_2617      c     0.000000E+00     2.445344E-04     1.000000E+00           
[2024/01/07 07:20:07]         2618  alphaPorosity_2618      c     0.000000E+00     4.397744E-04     1.000000E+00           
[2024/01/07 07:20:07]         2619  alphaPorosity_2619      c     0.000000E+00     4.216940E-04     1.000000E+00           
[2024/01/07 07:20:07]         2620  alphaPorosity_2620      c     0.000000E+00     4.043159E-04     1.000000E+00           
[2024/01/07 07:20:07]         2621  alphaPorosity_2621      c     0.000000E+00     3.876444E-04     1.000000E+00           
[2024/01/07 07:20:07]         2622  alphaPorosity_2622      c     0.000000E+00     3.716817E-04     1.000000E+00           
[2024/01/07 07:20:07]         2623  alphaPorosity_2623      c     0.000000E+00     3.564267E-04     1.000000E+00           
[2024/01/07 07:20:07]         2624  alphaPorosity_2624      c     0.000000E+00     3.418761E-04     1.000000E+00           
[2024/01/07 07:20:07]         2625  alphaPorosity_2625      c     0.000000E+00     3.280245E-04     1.000000E+00           
[2024/01/07 07:20:07]         2626  alphaPorosity_2626      c     0.000000E+00     3.148641E-04     1.000000E+00           
[2024/01/07 07:20:07]         2627  alphaPorosity_2627      c     0.000000E+00     3.023818E-04     1.000000E+00           
[2024/01/07 07:20:07]         2628  alphaPorosity_2628      c     0.000000E+00     2.905614E-04     1.000000E+00           
[2024/01/07 07:20:07]         2629  alphaPorosity_2629      c     0.000000E+00     2.793882E-04     1.000000E+00           
[2024/01/07 07:20:07]         2630  alphaPorosity_2630      c     0.000000E+00     2.688449E-04     1.000000E+00           
[2024/01/07 07:20:07]         2631  alphaPorosity_2631      c     0.000000E+00     2.589119E-04     1.000000E+00           
[2024/01/07 07:20:07]         2632  alphaPorosity_2632      c     0.000000E+00     2.495567E-04     1.000000E+00           
[2024/01/07 07:20:07]         2633  alphaPorosity_2633      c     0.000000E+00     2.407332E-04     1.000000E+00           
[2024/01/07 07:20:07]         2634  alphaPorosity_2634      c     0.000000E+00     2.326221E-04     1.000000E+00           
[2024/01/07 07:20:07]         2635  alphaPorosity_2635      c     0.000000E+00     4.248048E-04     1.000000E+00           
[2024/01/07 07:20:07]         2636  alphaPorosity_2636      c     0.000000E+00     4.066627E-04     1.000000E+00           
[2024/01/07 07:20:07]         2637  alphaPorosity_2637      c     0.000000E+00     3.892598E-04     1.000000E+00           
[2024/01/07 07:20:07]         2638  alphaPorosity_2638      c     0.000000E+00     3.725992E-04     1.000000E+00           
[2024/01/07 07:20:07]         2639  alphaPorosity_2639      c     0.000000E+00     3.566820E-04     1.000000E+00           
[2024/01/07 07:20:07]         2640  alphaPorosity_2640      c     0.000000E+00     3.415069E-04     1.000000E+00           
[2024/01/07 07:20:07]         2641  alphaPorosity_2641      c     0.000000E+00     3.270692E-04     1.000000E+00           
[2024/01/07 07:20:07]         2642  alphaPorosity_2642      c     0.000000E+00     3.133628E-04     1.000000E+00           
[2024/01/07 07:20:07]         2643  alphaPorosity_2643      c     0.000000E+00     3.003791E-04     1.000000E+00           
[2024/01/07 07:20:07]         2644  alphaPorosity_2644      c     0.000000E+00     2.880970E-04     1.000000E+00           
[2024/01/07 07:20:07]         2645  alphaPorosity_2645      c     0.000000E+00     2.764931E-04     1.000000E+00           
[2024/01/07 07:20:07]         2646  alphaPorosity_2646      c     0.000000E+00     2.655747E-04     1.000000E+00           
[2024/01/07 07:20:07]         2647  alphaPorosity_2647      c     0.000000E+00     2.553281E-04     1.000000E+00           
[2024/01/07 07:20:07]         2648  alphaPorosity_2648      c     0.000000E+00     2.456487E-04     1.000000E+00           
[2024/01/07 07:20:07]         2649  alphaPorosity_2649      c     0.000000E+00     2.365620E-04     1.000000E+00           
[2024/01/07 07:20:07]         2650  alphaPorosity_2650      c     0.000000E+00     2.287154E-04     1.000000E+00           
[2024/01/07 07:20:07]         2651  alphaPorosity_2651      c     0.000000E+00     2.202891E-04     1.000000E+00           
[2024/01/07 07:20:07]         2652  alphaPorosity_2652      c     0.000000E+00     4.093154E-04     1.000000E+00           
[2024/01/07 07:20:07]         2653  alphaPorosity_2653      c     0.000000E+00     3.911573E-04     1.000000E+00           
[2024/01/07 07:20:07]         2654  alphaPorosity_2654      c     0.000000E+00     3.737812E-04     1.000000E+00           
[2024/01/07 07:20:07]         2655  alphaPorosity_2655      c     0.000000E+00     3.571899E-04     1.000000E+00           
[2024/01/07 07:20:07]         2656  alphaPorosity_2656      c     0.000000E+00     3.413845E-04     1.000000E+00           
[2024/01/07 07:20:07]         2657  alphaPorosity_2657      c     0.000000E+00     3.263627E-04     1.000000E+00           
[2024/01/07 07:20:07]         2658  alphaPorosity_2658      c     0.000000E+00     3.121148E-04     1.000000E+00           
[2024/01/07 07:20:07]         2659  alphaPorosity_2659      c     0.000000E+00     2.986258E-04     1.000000E+00           
[2024/01/07 07:20:07]         2660  alphaPorosity_2660      c     0.000000E+00     2.858949E-04     1.000000E+00           
[2024/01/07 07:20:07]         2661  alphaPorosity_2661      c     0.000000E+00     2.739229E-04     1.000000E+00           
[2024/01/07 07:20:07]         2662  alphaPorosity_2662      c     0.000000E+00     2.626760E-04     1.000000E+00           
[2024/01/07 07:20:07]         2663  alphaPorosity_2663      c     0.000000E+00     2.521684E-04     1.000000E+00           
[2024/01/07 07:20:07]         2664  alphaPorosity_2664      c     0.000000E+00     2.423957E-04     1.000000E+00           
[2024/01/07 07:20:07]         2665  alphaPorosity_2665      c     0.000000E+00     2.332227E-04     1.000000E+00           
[2024/01/07 07:20:07]         2666  alphaPorosity_2666      c     0.000000E+00     2.253341E-04     1.000000E+00           
[2024/01/07 07:20:07]         2667  alphaPorosity_2667      c     0.000000E+00     2.169930E-04     1.000000E+00           
[2024/01/07 07:20:07]         2668  alphaPorosity_2668      c     0.000000E+00     3.938823E-04     1.000000E+00           
[2024/01/07 07:20:07]         2669  alphaPorosity_2669      c     0.000000E+00     3.757815E-04     1.000000E+00           
[2024/01/07 07:20:07]         2670  alphaPorosity_2670      c     0.000000E+00     3.585129E-04     1.000000E+00           
[2024/01/07 07:20:07]         2671  alphaPorosity_2671      c     0.000000E+00     3.420784E-04     1.000000E+00           
[2024/01/07 07:20:07]         2672  alphaPorosity_2672      c     0.000000E+00     3.264746E-04     1.000000E+00           
[2024/01/07 07:20:07]         2673  alphaPorosity_2673      c     0.000000E+00     3.116961E-04     1.000000E+00           
[2024/01/07 07:20:07]         2674  alphaPorosity_2674      c     0.000000E+00     2.977413E-04     1.000000E+00           
[2024/01/07 07:20:07]         2675  alphaPorosity_2675      c     0.000000E+00     2.846031E-04     1.000000E+00           
[2024/01/07 07:20:07]         2676  alphaPorosity_2676      c     0.000000E+00     2.723058E-04     1.000000E+00           
[2024/01/07 07:20:07]         2677  alphaPorosity_2677      c     0.000000E+00     2.609374E-04     1.000000E+00           
[2024/01/07 07:20:07]         2678  alphaPorosity_2678      c     0.000000E+00     2.503219E-04     1.000000E+00           
[2024/01/07 07:20:07]         2679  alphaPorosity_2679      c     0.000000E+00     2.404672E-04     1.000000E+00           
[2024/01/07 07:20:07]         2680  alphaPorosity_2680      c     0.000000E+00     2.319460E-04     1.000000E+00           
[2024/01/07 07:20:07]         2681  alphaPorosity_2681      c     0.000000E+00     2.231054E-04     1.000000E+00           
[2024/01/07 07:20:07]         2682  alphaPorosity_2682      c     0.000000E+00     2.154443E-04     1.000000E+00           
[2024/01/07 07:20:07]         2683  alphaPorosity_2683      c     0.000000E+00     2.082030E-04     1.000000E+00           
[2024/01/07 07:20:07]         2684  alphaPorosity_2684      c     0.000000E+00     3.791649E-04     1.000000E+00           
[2024/01/07 07:20:07]         2685  alphaPorosity_2685      c     0.000000E+00     3.612346E-04     1.000000E+00           
[2024/01/07 07:20:07]         2686  alphaPorosity_2686      c     0.000000E+00     3.441932E-04     1.000000E+00           
[2024/01/07 07:20:07]         2687  alphaPorosity_2687      c     0.000000E+00     3.280440E-04     1.000000E+00           
[2024/01/07 07:20:07]         2688  alphaPorosity_2688      c     0.000000E+00     3.127936E-04     1.000000E+00           
[2024/01/07 07:20:07]         2689  alphaPorosity_2689      c     0.000000E+00     2.984624E-04     1.000000E+00           
[2024/01/07 07:20:07]         2690  alphaPorosity_2690      c     0.000000E+00     2.850891E-04     1.000000E+00           
[2024/01/07 07:20:07]         2691  alphaPorosity_2691      c     0.000000E+00     2.726929E-04     1.000000E+00           
[2024/01/07 07:20:07]         2692  alphaPorosity_2692      c     0.000000E+00     2.612060E-04     1.000000E+00           
[2024/01/07 07:20:07]         2693  alphaPorosity_2693      c     0.000000E+00     2.511951E-04     1.000000E+00           
[2024/01/07 07:20:07]         2694  alphaPorosity_2694      c     0.000000E+00     2.410251E-04     1.000000E+00           
[2024/01/07 07:20:07]         2695  alphaPorosity_2695      c     0.000000E+00     2.321054E-04     1.000000E+00           
[2024/01/07 07:20:07]         2696  alphaPorosity_2696      c     0.000000E+00     2.239050E-04     1.000000E+00           
[2024/01/07 07:20:07]         2697  alphaPorosity_2697      c     0.000000E+00     2.165045E-04     1.000000E+00           
[2024/01/07 07:20:07]         2698  alphaPorosity_2698      c     0.000000E+00     2.101974E-04     1.000000E+00           
[2024/01/07 07:20:07]         2699  alphaPorosity_2699      c     0.000000E+00     2.046656E-04     1.000000E+00           
[2024/01/07 07:20:07]         2700  alphaPorosity_2700      c     0.000000E+00     3.660902E-04     1.000000E+00           
[2024/01/07 07:20:07]         2701  alphaPorosity_2701      c     0.000000E+00     3.485028E-04     1.000000E+00           
[2024/01/07 07:20:07]         2702  alphaPorosity_2702      c     0.000000E+00     3.318884E-04     1.000000E+00           
[2024/01/07 07:20:07]         2703  alphaPorosity_2703      c     0.000000E+00     3.162955E-04     1.000000E+00           
[2024/01/07 07:20:07]         2704  alphaPorosity_2704      c     0.000000E+00     3.017709E-04     1.000000E+00           
[2024/01/07 07:20:07]         2705  alphaPorosity_2705      c     0.000000E+00     2.883252E-04     1.000000E+00           
[2024/01/07 07:20:07]         2706  alphaPorosity_2706      c     0.000000E+00     2.759267E-04     1.000000E+00           
[2024/01/07 07:20:07]         2707  alphaPorosity_2707      c     0.000000E+00     2.651110E-04     1.000000E+00           
[2024/01/07 07:20:07]         2708  alphaPorosity_2708      c     0.000000E+00     2.540396E-04     1.000000E+00           
[2024/01/07 07:20:07]         2709  alphaPorosity_2709      c     0.000000E+00     2.446988E-04     1.000000E+00           
[2024/01/07 07:20:07]         2710  alphaPorosity_2710      c     0.000000E+00     2.360895E-04     1.000000E+00           
[2024/01/07 07:20:07]         2711  alphaPorosity_2711      c     0.000000E+00     2.289464E-04     1.000000E+00           
[2024/01/07 07:20:07]         2712  alphaPorosity_2712      c     0.000000E+00     2.227917E-04     1.000000E+00           
[2024/01/07 07:20:07]         2713  alphaPorosity_2713      c     0.000000E+00     2.177389E-04     1.000000E+00           
[2024/01/07 07:20:07]         2714  alphaPorosity_2714      c     0.000000E+00     2.139348E-04     1.000000E+00           
[2024/01/07 07:20:07]         2715  alphaPorosity_2715      c     0.000000E+00     2.117210E-04     1.000000E+00           
[2024/01/07 07:20:07]         2716  alphaPorosity_2716      c     0.000000E+00     3.556498E-04     1.000000E+00           
[2024/01/07 07:20:07]         2717  alphaPorosity_2717      c     0.000000E+00     3.387339E-04     1.000000E+00           
[2024/01/07 07:20:07]         2718  alphaPorosity_2718      c     0.000000E+00     3.229950E-04     1.000000E+00           
[2024/01/07 07:20:07]         2719  alphaPorosity_2719      c     0.000000E+00     3.085179E-04     1.000000E+00           
[2024/01/07 07:20:07]         2720  alphaPorosity_2720      c     0.000000E+00     2.950997E-04     1.000000E+00           
[2024/01/07 07:20:07]         2721  alphaPorosity_2721      c     0.000000E+00     2.833196E-04     1.000000E+00           
[2024/01/07 07:20:07]         2722  alphaPorosity_2722      c     0.000000E+00     2.715952E-04     1.000000E+00           
[2024/01/07 07:20:07]         2723  alphaPorosity_2723      c     0.000000E+00     2.617273E-04     1.000000E+00           
[2024/01/07 07:20:07]         2724  alphaPorosity_2724      c     0.000000E+00     2.530604E-04     1.000000E+00           
[2024/01/07 07:20:07]         2725  alphaPorosity_2725      c     0.000000E+00     2.461454E-04     1.000000E+00           
[2024/01/07 07:20:07]         2726  alphaPorosity_2726      c     0.000000E+00     2.404769E-04     1.000000E+00           
[2024/01/07 07:20:07]         2727  alphaPorosity_2727      c     0.000000E+00     2.365573E-04     1.000000E+00           
[2024/01/07 07:20:07]         2728  alphaPorosity_2728      c     0.000000E+00     2.348336E-04     1.000000E+00           
[2024/01/07 07:20:07]         2729  alphaPorosity_2729      c     0.000000E+00     2.353449E-04     1.000000E+00           
[2024/01/07 07:20:07]         2730  alphaPorosity_2730      c     0.000000E+00     2.382349E-04     1.000000E+00           
[2024/01/07 07:20:07]         2731  alphaPorosity_2731      c     0.000000E+00     2.429341E-04     1.000000E+00           
[2024/01/07 07:20:07]         2732  alphaPorosity_2732      c     0.000000E+00     3.495458E-04     1.000000E+00           
[2024/01/07 07:20:07]         2733  alphaPorosity_2733      c     0.000000E+00     3.339228E-04     1.000000E+00           
[2024/01/07 07:20:07]         2734  alphaPorosity_2734      c     0.000000E+00     3.195242E-04     1.000000E+00           
[2024/01/07 07:20:07]         2735  alphaPorosity_2735      c     0.000000E+00     3.066242E-04     1.000000E+00           
[2024/01/07 07:20:07]         2736  alphaPorosity_2736      c     0.000000E+00     2.944740E-04     1.000000E+00           
[2024/01/07 07:20:07]         2737  alphaPorosity_2737      c     0.000000E+00     2.842627E-04     1.000000E+00           
[2024/01/07 07:20:07]         2738  alphaPorosity_2738      c     0.000000E+00     2.755561E-04     1.000000E+00           
[2024/01/07 07:20:07]         2739  alphaPorosity_2739      c     0.000000E+00     2.691207E-04     1.000000E+00           
[2024/01/07 07:20:07]         2740  alphaPorosity_2740      c     0.000000E+00     2.643250E-04     1.000000E+00           
[2024/01/07 07:20:07]         2741  alphaPorosity_2741      c     0.000000E+00     2.625011E-04     1.000000E+00           
[2024/01/07 07:20:07]         2742  alphaPorosity_2742      c     0.000000E+00     2.640280E-04     1.000000E+00           
[2024/01/07 07:20:07]         2743  alphaPorosity_2743      c     0.000000E+00     2.693937E-04     1.000000E+00           
[2024/01/07 07:20:07]         2744  alphaPorosity_2744      c     0.000000E+00     2.777291E-04     1.000000E+00           
[2024/01/07 07:20:07]         2745  alphaPorosity_2745      c     0.000000E+00     2.903255E-04     1.000000E+00           
[2024/01/07 07:20:07]         2746  alphaPorosity_2746      c     0.000000E+00     3.074319E-04     1.000000E+00           
[2024/01/07 07:20:07]         2747  alphaPorosity_2747      c     0.000000E+00     3.298969E-04     1.000000E+00           
[2024/01/07 07:20:07]         2748  alphaPorosity_2748      c     0.000000E+00     3.497795E-04     1.000000E+00           
[2024/01/07 07:20:07]         2749  alphaPorosity_2749      c     0.000000E+00     3.358474E-04     1.000000E+00           
[2024/01/07 07:20:07]         2750  alphaPorosity_2750      c     0.000000E+00     3.231359E-04     1.000000E+00           
[2024/01/07 07:20:07]         2751  alphaPorosity_2751      c     0.000000E+00     3.128571E-04     1.000000E+00           
[2024/01/07 07:20:07]         2752  alphaPorosity_2752      c     0.000000E+00     3.046082E-04     1.000000E+00           
[2024/01/07 07:20:07]         2753  alphaPorosity_2753      c     0.000000E+00     2.986950E-04     1.000000E+00           
[2024/01/07 07:20:07]         2754  alphaPorosity_2754      c     0.000000E+00     2.954645E-04     1.000000E+00           
[2024/01/07 07:20:07]         2755  alphaPorosity_2755      c     0.000000E+00     2.968874E-04     1.000000E+00           
[2024/01/07 07:20:07]         2756  alphaPorosity_2756      c     0.000000E+00     3.028899E-04     1.000000E+00           
[2024/01/07 07:20:07]         2757  alphaPorosity_2757      c     0.000000E+00     3.158169E-04     1.000000E+00           
[2024/01/07 07:20:07]         2758  alphaPorosity_2758      c     0.000000E+00     3.334567E-04     1.000000E+00           
[2024/01/07 07:20:07]         2759  alphaPorosity_2759      c     0.000000E+00     3.595818E-04     1.000000E+00           
[2024/01/07 07:20:07]         2760  alphaPorosity_2760      c     0.000000E+00     3.952236E-04     1.000000E+00           
[2024/01/07 07:20:07]         2761  alphaPorosity_2761      c     0.000000E+00     4.437362E-04     1.000000E+00           
[2024/01/07 07:20:07]         2762  alphaPorosity_2762      c     0.000000E+00     5.093454E-04     1.000000E+00           
[2024/01/07 07:20:07]         2763  alphaPorosity_2763      c     0.000000E+00     5.979472E-04     1.000000E+00           
[2024/01/07 07:20:07]         2764  alphaPorosity_2764      c     0.000000E+00     3.589121E-04     1.000000E+00           
[2024/01/07 07:20:07]         2765  alphaPorosity_2765      c     0.000000E+00     3.485287E-04     1.000000E+00           
[2024/01/07 07:20:07]         2766  alphaPorosity_2766      c     0.000000E+00     3.406909E-04     1.000000E+00           
[2024/01/07 07:20:07]         2767  alphaPorosity_2767      c     0.000000E+00     3.358328E-04     1.000000E+00           
[2024/01/07 07:20:07]         2768  alphaPorosity_2768      c     0.000000E+00     3.352296E-04     1.000000E+00           
[2024/01/07 07:20:07]         2769  alphaPorosity_2769      c     0.000000E+00     3.408816E-04     1.000000E+00           
[2024/01/07 07:20:07]         2770  alphaPorosity_2770      c     0.000000E+00     3.519955E-04     1.000000E+00           
[2024/01/07 07:20:07]         2771  alphaPorosity_2771      c     0.000000E+00     3.753804E-04     1.000000E+00           
[2024/01/07 07:20:07]         2772  alphaPorosity_2772      c     0.000000E+00     4.065239E-04     1.000000E+00           
[2024/01/07 07:20:07]         2773  alphaPorosity_2773      c     0.000000E+00     4.539131E-04     1.000000E+00           
[2024/01/07 07:20:07]         2774  alphaPorosity_2774      c     0.000000E+00     5.207460E-04     1.000000E+00           
[2024/01/07 07:20:07]         2775  alphaPorosity_2775      c     0.000000E+00     6.170495E-04     1.000000E+00           
[2024/01/07 07:20:07]         2776  alphaPorosity_2776      c     0.000000E+00     7.557959E-04     1.000000E+00           
[2024/01/07 07:20:07]         2777  alphaPorosity_2777      c     0.000000E+00     9.574801E-04     1.000000E+00           
[2024/01/07 07:20:07]         2778  alphaPorosity_2778      c     0.000000E+00     1.251159E-03     1.000000E+00           
[2024/01/07 07:20:07]         2779  alphaPorosity_2779      c     0.000000E+00     1.683211E-03     1.000000E+00           
[2024/01/07 07:20:07]         2780  alphaPorosity_2780      c     0.000000E+00     3.846627E-04     1.000000E+00           
[2024/01/07 07:20:07]         2781  alphaPorosity_2781      c     0.000000E+00     3.810851E-04     1.000000E+00           
[2024/01/07 07:20:07]         2782  alphaPorosity_2782      c     0.000000E+00     3.825255E-04     1.000000E+00           
[2024/01/07 07:20:07]         2783  alphaPorosity_2783      c     0.000000E+00     3.931369E-04     1.000000E+00           
[2024/01/07 07:20:07]         2784  alphaPorosity_2784      c     0.000000E+00     4.146443E-04     1.000000E+00           
[2024/01/07 07:20:07]         2785  alphaPorosity_2785      c     0.000000E+00     4.435514E-04     1.000000E+00           
[2024/01/07 07:20:07]         2786  alphaPorosity_2786      c     0.000000E+00     4.968273E-04     1.000000E+00           
[2024/01/07 07:20:07]         2787  alphaPorosity_2787      c     0.000000E+00     5.724419E-04     1.000000E+00           
[2024/01/07 07:20:07]         2788  alphaPorosity_2788      c     0.000000E+00     6.868117E-04     1.000000E+00           
[2024/01/07 07:20:07]         2789  alphaPorosity_2789      c     0.000000E+00     8.618133E-04     1.000000E+00           
[2024/01/07 07:20:07]         2790  alphaPorosity_2790      c     0.000000E+00     1.134327E-03     1.000000E+00           
[2024/01/07 07:20:07]         2791  alphaPorosity_2791      c     0.000000E+00     1.557647E-03     1.000000E+00           
[2024/01/07 07:20:07]         2792  alphaPorosity_2792      c     0.000000E+00     2.246472E-03     1.000000E+00           
[2024/01/07 07:20:07]         2793  alphaPorosity_2793      c     0.000000E+00     3.301164E-03     1.000000E+00           
[2024/01/07 07:20:07]         2794  alphaPorosity_2794      c     0.000000E+00     5.317088E-03     1.000000E+00           
[2024/01/07 07:20:07]         2795  alphaPorosity_2795      c     0.000000E+00     9.047116E-03     1.000000E+00           
[2024/01/07 07:20:07]         2796  alphaPorosity_2796      c     0.000000E+00     4.381406E-04     1.000000E+00           
[2024/01/07 07:20:07]         2797  alphaPorosity_2797      c     0.000000E+00     4.533433E-04     1.000000E+00           
[2024/01/07 07:20:07]         2798  alphaPorosity_2798      c     0.000000E+00     4.787322E-04     1.000000E+00           
[2024/01/07 07:20:07]         2799  alphaPorosity_2799      c     0.000000E+00     5.293385E-04     1.000000E+00           
[2024/01/07 07:20:07]         2800  alphaPorosity_2800      c     0.000000E+00     5.953012E-04     1.000000E+00           
[2024/01/07 07:20:07]         2801  alphaPorosity_2801      c     0.000000E+00     7.028320E-04     1.000000E+00           
[2024/01/07 07:20:07]         2802  alphaPorosity_2802      c     0.000000E+00     8.752590E-04     1.000000E+00           
[2024/01/07 07:20:07]         2803  alphaPorosity_2803      c     0.000000E+00     1.150463E-03     1.000000E+00           
[2024/01/07 07:20:07]         2804  alphaPorosity_2804      c     0.000000E+00     1.613825E-03     1.000000E+00           
[2024/01/07 07:20:07]         2805  alphaPorosity_2805      c     0.000000E+00     2.375432E-03     1.000000E+00           
[2024/01/07 07:20:07]         2806  alphaPorosity_2806      c     0.000000E+00     3.714460E-03     1.000000E+00           
[2024/01/07 07:20:07]         2807  alphaPorosity_2807      c     0.000000E+00     6.207753E-03     1.000000E+00           
[2024/01/07 07:20:07]         2808  alphaPorosity_2808      c     0.000000E+00     1.168190E-02     1.000000E+00           
[2024/01/07 07:20:07]         2809  alphaPorosity_2809      c     0.000000E+00     2.044676E-02     1.000000E+00           
[2024/01/07 07:20:07]         2810  alphaPorosity_2810      c     0.000000E+00     2.973984E-02     1.000000E+00           
[2024/01/07 07:20:07]         2811  alphaPorosity_2811      c     0.000000E+00     3.362735E-02     1.000000E+00           
[2024/01/07 07:20:07]         2812  alphaPorosity_2812      c     0.000000E+00     5.524594E-04     1.000000E+00           
[2024/01/07 07:20:07]         2813  alphaPorosity_2813      c     0.000000E+00     6.120947E-04     1.000000E+00           
[2024/01/07 07:20:07]         2814  alphaPorosity_2814      c     0.000000E+00     6.981561E-04     1.000000E+00           
[2024/01/07 07:20:07]         2815  alphaPorosity_2815      c     0.000000E+00     8.350109E-04     1.000000E+00           
[2024/01/07 07:20:07]         2816  alphaPorosity_2816      c     0.000000E+00     1.052284E-03     1.000000E+00           
[2024/01/07 07:20:07]         2817  alphaPorosity_2817      c     0.000000E+00     1.427035E-03     1.000000E+00           
[2024/01/07 07:20:07]         2818  alphaPorosity_2818      c     0.000000E+00     2.095887E-03     1.000000E+00           
[2024/01/07 07:20:07]         2819  alphaPorosity_2819      c     0.000000E+00     3.281939E-03     1.000000E+00           
[2024/01/07 07:20:07]         2820  alphaPorosity_2820      c     0.000000E+00     5.352436E-03     1.000000E+00           
[2024/01/07 07:20:07]         2821  alphaPorosity_2821      c     0.000000E+00     1.033952E-02     1.000000E+00           
[2024/01/07 07:20:07]         2822  alphaPorosity_2822      c     0.000000E+00     2.004104E-02     1.000000E+00           
[2024/01/07 07:20:07]         2823  alphaPorosity_2823      c     0.000000E+00     2.970752E-02     1.000000E+00           
[2024/01/07 07:20:07]         2824  alphaPorosity_2824      c     0.000000E+00     3.404951E-02     1.000000E+00           
[2024/01/07 07:20:07]         2825  alphaPorosity_2825      c     0.000000E+00     3.488144E-02     1.000000E+00           
[2024/01/07 07:20:07]         2826  alphaPorosity_2826      c     0.000000E+00     3.471287E-02     1.000000E+00           
[2024/01/07 07:20:07]         2827  alphaPorosity_2827      c     0.000000E+00     3.440102E-02     1.000000E+00           
[2024/01/07 07:20:07]         2828  alphaPorosity_2828      c     0.000000E+00     7.930259E-04     1.000000E+00           
[2024/01/07 07:20:07]         2829  alphaPorosity_2829      c     0.000000E+00     9.500863E-04     1.000000E+00           
[2024/01/07 07:20:07]         2830  alphaPorosity_2830      c     0.000000E+00     1.203298E-03     1.000000E+00           
[2024/01/07 07:20:07]         2831  alphaPorosity_2831      c     0.000000E+00     1.641461E-03     1.000000E+00           
[2024/01/07 07:20:07]         2832  alphaPorosity_2832      c     0.000000E+00     2.445453E-03     1.000000E+00           
[2024/01/07 07:20:07]         2833  alphaPorosity_2833      c     0.000000E+00     3.946435E-03     1.000000E+00           
[2024/01/07 07:20:07]         2834  alphaPorosity_2834      c     0.000000E+00     6.580622E-03     1.000000E+00           
[2024/01/07 07:20:07]         2835  alphaPorosity_2835      c     0.000000E+00     1.321881E-02     1.000000E+00           
[2024/01/07 07:20:07]         2836  alphaPorosity_2836      c     0.000000E+00     2.450164E-02     1.000000E+00           
[2024/01/07 07:20:07]         2837  alphaPorosity_2837      c     0.000000E+00     3.200894E-02     1.000000E+00           
[2024/01/07 07:20:07]         2838  alphaPorosity_2838      c     0.000000E+00     3.429375E-02     1.000000E+00           
[2024/01/07 07:20:07]         2839  alphaPorosity_2839      c     0.000000E+00     3.445820E-02     1.000000E+00           
[2024/01/07 07:20:07]         2840  alphaPorosity_2840      c     0.000000E+00     3.430311E-02     1.000000E+00           
[2024/01/07 07:20:07]         2841  alphaPorosity_2841      c     0.000000E+00     3.418886E-02     1.000000E+00           
[2024/01/07 07:20:07]         2842  alphaPorosity_2842      c     0.000000E+00     3.411143E-02     1.000000E+00           
[2024/01/07 07:20:07]         2843  alphaPorosity_2843      c     0.000000E+00     3.404295E-02     1.000000E+00           
[2024/01/07 07:20:07]         2844  alphaPorosity_2844      c     0.000000E+00     1.304106E-03     1.000000E+00           
[2024/01/07 07:20:07]         2845  alphaPorosity_2845      c     0.000000E+00     1.753268E-03     1.000000E+00           
[2024/01/07 07:20:07]         2846  alphaPorosity_2846      c     0.000000E+00     2.567274E-03     1.000000E+00           
[2024/01/07 07:20:07]         2847  alphaPorosity_2847      c     0.000000E+00     4.064173E-03     1.000000E+00           
[2024/01/07 07:20:07]         2848  alphaPorosity_2848      c     0.000000E+00     6.942038E-03     1.000000E+00           
[2024/01/07 07:20:07]         2849  alphaPorosity_2849      c     0.000000E+00     1.309730E-02     1.000000E+00           
[2024/01/07 07:20:07]         2850  alphaPorosity_2850      c     0.000000E+00     2.416742E-02     1.000000E+00           
[2024/01/07 07:20:07]         2851  alphaPorosity_2851      c     0.000000E+00     3.131585E-02     1.000000E+00           
[2024/01/07 07:20:07]         2852  alphaPorosity_2852      c     0.000000E+00     3.358272E-02     1.000000E+00           
[2024/01/07 07:20:07]         2853  alphaPorosity_2853      c     0.000000E+00     3.386896E-02     1.000000E+00           
[2024/01/07 07:20:07]         2854  alphaPorosity_2854      c     0.000000E+00     3.389615E-02     1.000000E+00           
[2024/01/07 07:20:07]         2855  alphaPorosity_2855      c     0.000000E+00     3.390019E-02     1.000000E+00           
[2024/01/07 07:20:07]         2856  alphaPorosity_2856      c     0.000000E+00     3.391381E-02     1.000000E+00           
[2024/01/07 07:20:07]         2857  alphaPorosity_2857      c     0.000000E+00     3.392229E-02     1.000000E+00           
[2024/01/07 07:20:07]         2858  alphaPorosity_2858      c     0.000000E+00     3.391542E-02     1.000000E+00           
[2024/01/07 07:20:07]         2859  alphaPorosity_2859      c     0.000000E+00     3.389328E-02     1.000000E+00           
[2024/01/07 07:20:07]         2860  alphaPorosity_2860      c     0.000000E+00     2.501795E-03     1.000000E+00           
[2024/01/07 07:20:07]         2861  alphaPorosity_2861      c     0.000000E+00     3.785090E-03     1.000000E+00           
[2024/01/07 07:20:07]         2862  alphaPorosity_2862      c     0.000000E+00     6.212177E-03     1.000000E+00           
[2024/01/07 07:20:07]         2863  alphaPorosity_2863      c     0.000000E+00     1.132191E-02     1.000000E+00           
[2024/01/07 07:20:07]         2864  alphaPorosity_2864      c     0.000000E+00     2.119679E-02     1.000000E+00           
[2024/01/07 07:20:07]         2865  alphaPorosity_2865      c     0.000000E+00     2.892292E-02     1.000000E+00           
[2024/01/07 07:20:07]         2866  alphaPorosity_2866      c     0.000000E+00     3.228480E-02     1.000000E+00           
[2024/01/07 07:20:07]         2867  alphaPorosity_2867      c     0.000000E+00     3.309192E-02     1.000000E+00           
[2024/01/07 07:20:07]         2868  alphaPorosity_2868      c     0.000000E+00     3.336053E-02     1.000000E+00           
[2024/01/07 07:20:07]         2869  alphaPorosity_2869      c     0.000000E+00     3.348621E-02     1.000000E+00           
[2024/01/07 07:20:07]         2870  alphaPorosity_2870      c     0.000000E+00     3.358798E-02     1.000000E+00           
[2024/01/07 07:20:07]         2871  alphaPorosity_2871      c     0.000000E+00     3.366640E-02     1.000000E+00           
[2024/01/07 07:20:07]         2872  alphaPorosity_2872      c     0.000000E+00     3.372247E-02     1.000000E+00           
[2024/01/07 07:20:07]         2873  alphaPorosity_2873      c     0.000000E+00     3.375696E-02     1.000000E+00           
[2024/01/07 07:20:07]         2874  alphaPorosity_2874      c     0.000000E+00     3.377139E-02     1.000000E+00           
[2024/01/07 07:20:07]         2875  alphaPorosity_2875      c     0.000000E+00     3.376838E-02     1.000000E+00           
[2024/01/07 07:20:07]         2876  alphaPorosity_2876      c     0.000000E+00     5.199886E-03     1.000000E+00           
[2024/01/07 07:20:07]         2877  alphaPorosity_2877      c     0.000000E+00     8.880822E-03     1.000000E+00           
[2024/01/07 07:20:07]         2878  alphaPorosity_2878      c     0.000000E+00     1.674443E-02     1.000000E+00           
[2024/01/07 07:20:07]         2879  alphaPorosity_2879      c     0.000000E+00     2.516374E-02     1.000000E+00           
[2024/01/07 07:20:07]         2880  alphaPorosity_2880      c     0.000000E+00     3.008331E-02     1.000000E+00           
[2024/01/07 07:20:07]         2881  alphaPorosity_2881      c     0.000000E+00     3.178186E-02     1.000000E+00           
[2024/01/07 07:20:07]         2882  alphaPorosity_2882      c     0.000000E+00     3.248426E-02     1.000000E+00           
[2024/01/07 07:20:07]         2883  alphaPorosity_2883      c     0.000000E+00     3.282113E-02     1.000000E+00           
[2024/01/07 07:20:07]         2884  alphaPorosity_2884      c     0.000000E+00     3.305378E-02     1.000000E+00           
[2024/01/07 07:20:07]         2885  alphaPorosity_2885      c     0.000000E+00     3.322932E-02     1.000000E+00           
[2024/01/07 07:20:07]         2886  alphaPorosity_2886      c     0.000000E+00     3.336822E-02     1.000000E+00           
[2024/01/07 07:20:07]         2887  alphaPorosity_2887      c     0.000000E+00     3.347544E-02     1.000000E+00           
[2024/01/07 07:20:07]         2888  alphaPorosity_2888      c     0.000000E+00     3.355470E-02     1.000000E+00           
[2024/01/07 07:20:07]         2889  alphaPorosity_2889      c     0.000000E+00     3.360882E-02     1.000000E+00           
[2024/01/07 07:20:07]         2890  alphaPorosity_2890      c     0.000000E+00     3.364056E-02     1.000000E+00           
[2024/01/07 07:20:07]         2891  alphaPorosity_2891      c     0.000000E+00     3.365286E-02     1.000000E+00           
[2024/01/07 07:20:07]         2892  alphaPorosity_2892      c     0.000000E+00     4.441521E-03     1.000000E+00           
[2024/01/07 07:20:07]         2893  alphaPorosity_2893      c     0.000000E+00     7.055012E-03     1.000000E+00           
[2024/01/07 07:20:07]         2894  alphaPorosity_2894      c     0.000000E+00     1.223595E-02     1.000000E+00           
[2024/01/07 07:20:07]         2895  alphaPorosity_2895      c     0.000000E+00     2.020788E-02     1.000000E+00           
[2024/01/07 07:20:07]         2896  alphaPorosity_2896      c     0.000000E+00     2.668855E-02     1.000000E+00           
[2024/01/07 07:20:07]         2897  alphaPorosity_2897      c     0.000000E+00     2.975179E-02     1.000000E+00           
[2024/01/07 07:20:07]         2898  alphaPorosity_2898      c     0.000000E+00     3.111826E-02     1.000000E+00           
[2024/01/07 07:20:07]         2899  alphaPorosity_2899      c     0.000000E+00     3.178398E-02     1.000000E+00           
[2024/01/07 07:20:07]         2900  alphaPorosity_2900      c     0.000000E+00     3.221845E-02     1.000000E+00           
[2024/01/07 07:20:07]         2901  alphaPorosity_2901      c     0.000000E+00     3.253863E-02     1.000000E+00           
[2024/01/07 07:20:07]         2902  alphaPorosity_2902      c     0.000000E+00     3.279458E-02     1.000000E+00           
[2024/01/07 07:20:07]         2903  alphaPorosity_2903      c     0.000000E+00     3.300183E-02     1.000000E+00           
[2024/01/07 07:20:07]         2904  alphaPorosity_2904      c     0.000000E+00     3.316894E-02     1.000000E+00           
[2024/01/07 07:20:07]         2905  alphaPorosity_2905      c     0.000000E+00     3.330059E-02     1.000000E+00           
[2024/01/07 07:20:07]         2906  alphaPorosity_2906      c     0.000000E+00     3.340072E-02     1.000000E+00           
[2024/01/07 07:20:07]         2907  alphaPorosity_2907      c     0.000000E+00     3.347288E-02     1.000000E+00           
[2024/01/07 07:20:07]         2908  alphaPorosity_2908      c     0.000000E+00     3.352046E-02     1.000000E+00           
[2024/01/07 07:20:07]         2909  alphaPorosity_2909      c     0.000000E+00     3.354668E-02     1.000000E+00           
[2024/01/07 07:20:07]         2910  alphaPorosity_2910      c     0.000000E+00     8.926560E-03     1.000000E+00           
[2024/01/07 07:20:07]         2911  alphaPorosity_2911      c     0.000000E+00     1.507625E-02     1.000000E+00           
[2024/01/07 07:20:07]         2912  alphaPorosity_2912      c     0.000000E+00     2.185834E-02     1.000000E+00           
[2024/01/07 07:20:07]         2913  alphaPorosity_2913      c     0.000000E+00     2.664704E-02     1.000000E+00           
[2024/01/07 07:20:07]         2914  alphaPorosity_2914      c     0.000000E+00     2.904640E-02     1.000000E+00           
[2024/01/07 07:20:07]         2915  alphaPorosity_2915      c     0.000000E+00     3.025393E-02     1.000000E+00           
[2024/01/07 07:20:07]         2916  alphaPorosity_2916      c     0.000000E+00     3.099054E-02     1.000000E+00           
[2024/01/07 07:20:07]         2917  alphaPorosity_2917      c     0.000000E+00     3.151471E-02     1.000000E+00           
[2024/01/07 07:20:07]         2918  alphaPorosity_2918      c     0.000000E+00     3.193152E-02     1.000000E+00           
[2024/01/07 07:20:07]         2919  alphaPorosity_2919      c     0.000000E+00     3.227481E-02     1.000000E+00           
[2024/01/07 07:20:07]         2920  alphaPorosity_2920      c     0.000000E+00     3.256068E-02     1.000000E+00           
[2024/01/07 07:20:07]         2921  alphaPorosity_2921      c     0.000000E+00     3.279709E-02     1.000000E+00           
[2024/01/07 07:20:07]         2922  alphaPorosity_2922      c     0.000000E+00     3.298983E-02     1.000000E+00           
[2024/01/07 07:20:07]         2923  alphaPorosity_2923      c     0.000000E+00     3.314362E-02     1.000000E+00           
[2024/01/07 07:20:07]         2924  alphaPorosity_2924      c     0.000000E+00     3.326282E-02     1.000000E+00           
[2024/01/07 07:20:07]         2925  alphaPorosity_2925      c     0.000000E+00     3.335152E-02     1.000000E+00           
[2024/01/07 07:20:07]         2926  alphaPorosity_2926      c     0.000000E+00     3.341350E-02     1.000000E+00           
[2024/01/07 07:20:07]         2927  alphaPorosity_2927      c     0.000000E+00     3.345230E-02     1.000000E+00           
[2024/01/07 07:20:07]         2928  alphaPorosity_2928      c     0.000000E+00     1.739144E-02     1.000000E+00           
[2024/01/07 07:20:07]         2929  alphaPorosity_2929      c     0.000000E+00     2.288817E-02     1.000000E+00           
[2024/01/07 07:20:07]         2930  alphaPorosity_2930      c     0.000000E+00     2.627707E-02     1.000000E+00           
[2024/01/07 07:20:07]         2931  alphaPorosity_2931      c     0.000000E+00     2.819330E-02     1.000000E+00           
[2024/01/07 07:20:07]         2932  alphaPorosity_2932      c     0.000000E+00     2.932875E-02     1.000000E+00           
[2024/01/07 07:20:07]         2933  alphaPorosity_2933      c     0.000000E+00     3.011464E-02     1.000000E+00           
[2024/01/07 07:20:07]         2934  alphaPorosity_2934      c     0.000000E+00     3.073041E-02     1.000000E+00           
[2024/01/07 07:20:07]         2935  alphaPorosity_2935      c     0.000000E+00     3.124204E-02     1.000000E+00           
[2024/01/07 07:20:07]         2936  alphaPorosity_2936      c     0.000000E+00     3.167737E-02     1.000000E+00           
[2024/01/07 07:20:07]         2937  alphaPorosity_2937      c     0.000000E+00     3.204790E-02     1.000000E+00           
[2024/01/07 07:20:07]         2938  alphaPorosity_2938      c     0.000000E+00     3.236092E-02     1.000000E+00           
[2024/01/07 07:20:07]         2939  alphaPorosity_2939      c     0.000000E+00     3.262207E-02     1.000000E+00           
[2024/01/07 07:20:07]         2940  alphaPorosity_2940      c     0.000000E+00     3.283649E-02     1.000000E+00           
[2024/01/07 07:20:07]         2941  alphaPorosity_2941      c     0.000000E+00     3.300907E-02     1.000000E+00           
[2024/01/07 07:20:07]         2942  alphaPorosity_2942      c     0.000000E+00     3.314458E-02     1.000000E+00           
[2024/01/07 07:20:07]         2943  alphaPorosity_2943      c     0.000000E+00     3.324745E-02     1.000000E+00           
[2024/01/07 07:20:07]         2944  alphaPorosity_2944      c     0.000000E+00     3.332179E-02     1.000000E+00           
[2024/01/07 07:20:07]         2945  alphaPorosity_2945      c     0.000000E+00     3.337135E-02     1.000000E+00           
[2024/01/07 07:20:07]         2946  alphaPorosity_2946      c     0.000000E+00     2.320924E-02     1.000000E+00           
[2024/01/07 07:20:07]         2947  alphaPorosity_2947      c     0.000000E+00     2.572244E-02     1.000000E+00           
[2024/01/07 07:20:07]         2948  alphaPorosity_2948      c     0.000000E+00     2.727731E-02     1.000000E+00           
[2024/01/07 07:20:07]         2949  alphaPorosity_2949      c     0.000000E+00     2.835813E-02     1.000000E+00           
[2024/01/07 07:20:07]         2950  alphaPorosity_2950      c     0.000000E+00     2.919411E-02     1.000000E+00           
[2024/01/07 07:20:07]         2951  alphaPorosity_2951      c     0.000000E+00     2.989121E-02     1.000000E+00           
[2024/01/07 07:20:07]         2952  alphaPorosity_2952      c     0.000000E+00     3.049432E-02     1.000000E+00           
[2024/01/07 07:20:07]         2953  alphaPorosity_2953      c     0.000000E+00     3.101937E-02     1.000000E+00           
[2024/01/07 07:20:07]         2954  alphaPorosity_2954      c     0.000000E+00     3.147480E-02     1.000000E+00           
[2024/01/07 07:20:07]         2955  alphaPorosity_2955      c     0.000000E+00     3.186610E-02     1.000000E+00           
[2024/01/07 07:20:07]         2956  alphaPorosity_2956      c     0.000000E+00     3.219850E-02     1.000000E+00           
[2024/01/07 07:20:07]         2957  alphaPorosity_2957      c     0.000000E+00     3.247710E-02     1.000000E+00           
[2024/01/07 07:20:07]         2958  alphaPorosity_2958      c     0.000000E+00     3.270696E-02     1.000000E+00           
[2024/01/07 07:20:07]         2959  alphaPorosity_2959      c     0.000000E+00     3.289318E-02     1.000000E+00           
[2024/01/07 07:20:07]         2960  alphaPorosity_2960      c     0.000000E+00     3.304067E-02     1.000000E+00           
[2024/01/07 07:20:07]         2961  alphaPorosity_2961      c     0.000000E+00     3.315415E-02     1.000000E+00           
[2024/01/07 07:20:07]         2962  alphaPorosity_2962      c     0.000000E+00     3.323781E-02     1.000000E+00           
[2024/01/07 07:20:07]         2963  alphaPorosity_2963      c     0.000000E+00     3.329558E-02     1.000000E+00           
[2024/01/07 07:20:07]         2964  alphaPorosity_2964      c     0.000000E+00     2.563351E-02     1.000000E+00           
[2024/01/07 07:20:07]         2965  alphaPorosity_2965      c     0.000000E+00     2.678724E-02     1.000000E+00           
[2024/01/07 07:20:07]         2966  alphaPorosity_2966      c     0.000000E+00     2.769909E-02     1.000000E+00           
[2024/01/07 07:20:07]         2967  alphaPorosity_2967      c     0.000000E+00     2.847726E-02     1.000000E+00           
[2024/01/07 07:20:07]         2968  alphaPorosity_2968      c     0.000000E+00     2.918186E-02     1.000000E+00           
[2024/01/07 07:20:07]         2969  alphaPorosity_2969      c     0.000000E+00     2.980965E-02     1.000000E+00           
[2024/01/07 07:20:07]         2970  alphaPorosity_2970      c     0.000000E+00     3.037737E-02     1.000000E+00           
[2024/01/07 07:20:07]         2971  alphaPorosity_2971      c     0.000000E+00     3.088133E-02     1.000000E+00           
[2024/01/07 07:20:07]         2972  alphaPorosity_2972      c     0.000000E+00     3.132383E-02     1.000000E+00           
[2024/01/07 07:20:07]         2973  alphaPorosity_2973      c     0.000000E+00     3.170718E-02     1.000000E+00           
[2024/01/07 07:20:07]         2974  alphaPorosity_2974      c     0.000000E+00     3.203579E-02     1.000000E+00           
[2024/01/07 07:20:07]         2975  alphaPorosity_2975      c     0.000000E+00     3.231134E-02     1.000000E+00           
[2024/01/07 07:20:07]         2976  alphaPorosity_2976      c     0.000000E+00     3.253991E-02     1.000000E+00           
[2024/01/07 07:20:07]         2977  alphaPorosity_2977      c     0.000000E+00     3.272791E-02     1.000000E+00           
[2024/01/07 07:20:07]         2978  alphaPorosity_2978      c     0.000000E+00     3.287711E-02     1.000000E+00           
[2024/01/07 07:20:07]         2979  alphaPorosity_2979      c     0.000000E+00     3.299306E-02     1.000000E+00           
[2024/01/07 07:20:07]         2980  alphaPorosity_2980      c     0.000000E+00     3.307971E-02     1.000000E+00           
[2024/01/07 07:20:07]         2981  alphaPorosity_2981      c     0.000000E+00     3.314075E-02     1.000000E+00           
[2024/01/07 07:20:07]         2982  alphaPorosity_2982      c     0.000000E+00     2.830503E-02     1.000000E+00           
[2024/01/07 07:20:07]         2983  alphaPorosity_2983      c     0.000000E+00     2.871126E-02     1.000000E+00           
[2024/01/07 07:20:07]         2984  alphaPorosity_2984      c     0.000000E+00     2.911083E-02     1.000000E+00           
[2024/01/07 07:20:07]         2985  alphaPorosity_2985      c     0.000000E+00     2.950545E-02     1.000000E+00           
[2024/01/07 07:20:07]         2986  alphaPorosity_2986      c     0.000000E+00     2.989031E-02     1.000000E+00           
[2024/01/07 07:20:07]         2987  alphaPorosity_2987      c     0.000000E+00     3.025199E-02     1.000000E+00           
[2024/01/07 07:20:07]         2988  alphaPorosity_2988      c     0.000000E+00     3.058893E-02     1.000000E+00           
[2024/01/07 07:20:07]         2989  alphaPorosity_2989      c     0.000000E+00     3.089432E-02     1.000000E+00           
[2024/01/07 07:20:07]         2990  alphaPorosity_2990      c     0.000000E+00     3.116705E-02     1.000000E+00           
[2024/01/07 07:20:07]         2991  alphaPorosity_2991      c     0.000000E+00     3.140662E-02     1.000000E+00           
[2024/01/07 07:20:07]         2992  alphaPorosity_2992      c     0.000000E+00     3.161394E-02     1.000000E+00           
[2024/01/07 07:20:07]         2993  alphaPorosity_2993      c     0.000000E+00     3.179058E-02     1.000000E+00           
[2024/01/07 07:20:07]         2994  alphaPorosity_2994      c     0.000000E+00     3.193856E-02     1.000000E+00           
[2024/01/07 07:20:07]         2995  alphaPorosity_2995      c     0.000000E+00     3.206017E-02     1.000000E+00           
[2024/01/07 07:20:07]         2996  alphaPorosity_2996      c     0.000000E+00     3.215859E-02     1.000000E+00           
[2024/01/07 07:20:07]         2997  alphaPorosity_2997      c     0.000000E+00     3.223440E-02     1.000000E+00           
[2024/01/07 07:20:08]         2998  alphaPorosity_2998      c     0.000000E+00     3.229299E-02     1.000000E+00           
[2024/01/07 07:20:08]         2999  alphaPorosity_2999      c     0.000000E+00     3.233442E-02     1.000000E+00           
[2024/01/07 07:20:08]  
[2024/01/07 07:20:08]     Constraints (i - inequality, e - equality)
[2024/01/07 07:20:08]        Index  Name   Type          Lower           Value           Upper    Status  Lagrange Multiplier (N/A)
[2024/01/07 07:20:08]            0  VOLUME    i   0.000000E+00    1.000199E-05    1.000000E-05         u    9.00000E+100
[2024/01/07 07:20:08]  
[2024/01/07 07:20:08]  
[2024/01/07 07:20:08]     Exit Status
[2024/01/07 07:20:08]        Inform  Description
[2024/01/07 07:20:08]            -1  Maximum Iterations Exceeded
[2024/01/07 07:20:08]  --------------------------------------------------------------------------------
[2024/01/07 07:20:08]  
[2024/01/07 07:20:08]  /home/dafoamuser/dafoam/packages/miniconda3/lib/python3.8/site-packages/dafoam/pyDAFoam.py:3711: ComplexWarning: Casting complex values to real discards the imaginary part
[2024/01/07 07:20:08]    self.solver.setFieldValue4GlobalCellI(fieldName, val, globalCellI, compI)
[2024/01/07 07:20:08]  /home/dafoamuser/dafoam/packages/miniconda3/lib/python3.8/site-packages/dafoam/pyDAFoam.py:3711: ComplexWarning: Casting complex values to real discards the imaginary part
[2024/01/07 07:20:08]    self.solver.setFieldValue4GlobalCellI(fieldName, val, globalCellI, compI)
[2024/01/07 07:20:08]  /home/dafoamuser/dafoam/packages/miniconda3/lib/python3.8/site-packages/dafoam/pyDAFoam.py:3711: ComplexWarning: Casting complex values to real discards the imaginary part
[2024/01/07 07:20:08]    self.solver.setFieldValue4GlobalCellI(fieldName, val, globalCellI, compI)
[2024/01/07 07:20:08]  /home/dafoamuser/dafoam/packages/miniconda3/lib/python3.8/site-packages/dafoam/pyDAFoam.py:3711: ComplexWarning: Casting complex values to real discards the imaginary part
[2024/01/07 07:20:08]    self.solver.setFieldValue4GlobalCellI(fieldName, val, globalCellI, compI)
[2024/01/07 07:20:08]  /home/dafoamuser/dafoam/packages/miniconda3/lib/python3.8/site-packages/dafoam/pyDAFoam.py:3711: ComplexWarning: Casting complex values to real discards the imaginary part
[2024/01/07 07:20:08]    self.solver.setFieldValue4GlobalCellI(fieldName, val, globalCellI, compI)
[2024/01/07 07:20:08]  /home/dafoamuser/dafoam/packages/miniconda3/lib/python3.8/site-packages/dafoam/pyDAFoam.py:3711: ComplexWarning: Casting complex values to real discards the imaginary part
[2024/01/07 07:20:08]    self.solver.setFieldValue4GlobalCellI(fieldName, val, globalCellI, compI)
[2024/01/07 07:20:08]  Finalising parallel run
[2024/01/07 07:20:08]  Finalising parallel run
[2024/01/07 07:20:08]  [E]----------------------------------------------
[2024/01/07 07:20:08]  Sun Jan 7 07:20:08 EST 2024
[2024/01/07 07:20:08]  [E]----------------------------------------------
